[2026-04-03T06:50:27.492+0000] {local_task_job_runner.py:120} INFO - ::group::Pre task execution logs
[2026-04-03T06:50:27.506+0000] {taskinstance.py:2076} INFO - Dependencies all met for dep_context=non-requeueable deps ti=<TaskInstance: banking_01_bronze_layer.build_bronze_cust manual__2026-04-03T06:50:04.576923+00:00 [queued]>
[2026-04-03T06:50:27.509+0000] {taskinstance.py:2076} INFO - Dependencies all met for dep_context=requeueable deps ti=<TaskInstance: banking_01_bronze_layer.build_bronze_cust manual__2026-04-03T06:50:04.576923+00:00 [queued]>
[2026-04-03T06:50:27.510+0000] {taskinstance.py:2306} INFO - Starting attempt 1 of 2
[2026-04-03T06:50:27.515+0000] {taskinstance.py:2330} INFO - Executing <Task(BashOperator): build_bronze_cust> on 2026-04-03 06:50:04.576923+00:00
[2026-04-03T06:50:27.517+0000] {standard_task_runner.py:64} INFO - Started process 1380 to run task
[2026-04-03T06:50:27.519+0000] {standard_task_runner.py:90} INFO - Running: ['***', 'tasks', 'run', 'banking_01_bronze_layer', 'build_bronze_cust', 'manual__2026-04-03T06:50:04.576923+00:00', '--job-id', '9608', '--raw', '--subdir', 'DAGS_FOLDER/dbt.py', '--cfg-path', '/tmp/tmpges1r2rj']
[2026-04-03T06:50:27.520+0000] {standard_task_runner.py:91} INFO - Job 9608: Subtask build_bronze_cust
[2026-04-03T06:50:27.545+0000] {task_command.py:426} INFO - Running <TaskInstance: banking_01_bronze_layer.build_bronze_cust manual__2026-04-03T06:50:04.576923+00:00 [running]> on host c990dffe13ae
[2026-04-03T06:50:27.587+0000] {taskinstance.py:2648} INFO - Exporting env vars: AIRFLOW_CTX_DAG_OWNER='risheek' AIRFLOW_CTX_DAG_ID='banking_01_bronze_layer' AIRFLOW_CTX_TASK_ID='build_bronze_cust' AIRFLOW_CTX_EXECUTION_DATE='2026-04-03T06:50:04.576923+00:00' AIRFLOW_CTX_TRY_NUMBER='1' AIRFLOW_CTX_DAG_RUN_ID='manual__2026-04-03T06:50:04.576923+00:00'
[2026-04-03T06:50:27.588+0000] {taskinstance.py:430} INFO - ::endgroup::
[2026-04-03T06:50:27.588+0000] {subprocess.py:78} INFO - Tmp dir root location: /tmp
[2026-04-03T06:50:27.589+0000] {subprocess.py:88} INFO - Running command: ['/usr/bin/bash', '-c', 'dbt build --select bronze_cust']
[2026-04-03T06:50:27.592+0000] {subprocess.py:99} INFO - Output:
[2026-04-03T06:50:28.850+0000] {subprocess.py:106} INFO - [0m06:50:28  Running with dbt=1.11.7
[2026-04-03T06:50:29.361+0000] {subprocess.py:106} INFO - [0m06:50:29  Registered adapter: snowflake=1.11.3
[2026-04-03T06:50:29.582+0000] {subprocess.py:106} INFO - [0m06:50:29  Encountered an error:
[2026-04-03T06:50:29.582+0000] {subprocess.py:106} INFO - Compilation Error in model bronze_trans (models/staging/bronze_trans.sql)
[2026-04-03T06:50:29.582+0000] {subprocess.py:106} INFO -   expected token ',', got ':'
[2026-04-03T06:50:29.582+0000] {subprocess.py:106} INFO -     line 24
[2026-04-03T06:50:29.583+0000] {subprocess.py:106} INFO -       {{decode_base64_safe(raw_json:"payload":"after":"amount"::STRING, 2) }} as amount_raw,
[2026-04-03T06:50:35.824+0000] {subprocess.py:110} INFO - Command exited with return code 2
[2026-04-03T06:50:35.829+0000] {taskinstance.py:441} INFO - ::group::Post task execution logs
[2026-04-03T06:50:35.853+0000] {taskinstance.py:2905} ERROR - Task failed with exception
Traceback (most recent call last):
  File "/home/airflow/.local/lib/python3.12/site-packages/airflow/models/taskinstance.py", line 465, in _execute_task
    result = _execute_callable(context=context, **execute_callable_kwargs)
             ^^^^^^^^^^^^^^^^^^^^^^^^^^^^^^^^^^^^^^^^^^^^^^^^^^^^^^^^^^^^^
  File "/home/airflow/.local/lib/python3.12/site-packages/airflow/models/taskinstance.py", line 432, in _execute_callable
    return execute_callable(context=context, **execute_callable_kwargs)
           ^^^^^^^^^^^^^^^^^^^^^^^^^^^^^^^^^^^^^^^^^^^^^^^^^^^^^^^^^^^^
  File "/home/airflow/.local/lib/python3.12/site-packages/airflow/models/baseoperator.py", line 401, in wrapper
    return func(self, *args, **kwargs)
           ^^^^^^^^^^^^^^^^^^^^^^^^^^^
  File "/home/airflow/.local/lib/python3.12/site-packages/airflow/providers/standard/operators/bash.py", line 233, in execute
    raise AirflowException(
airflow.exceptions.AirflowException: Bash command failed. The command returned a non-zero exit code 2.
[2026-04-03T06:50:35.863+0000] {taskinstance.py:1206} INFO - Marking task as UP_FOR_RETRY. dag_id=banking_01_bronze_layer, task_id=build_bronze_cust, run_id=manual__2026-04-03T06:50:04.576923+00:00, execution_date=20260403T065004, start_date=20260403T065027, end_date=20260403T065035
[2026-04-03T06:50:35.877+0000] {standard_task_runner.py:110} ERROR - Failed to execute job 9608 for task build_bronze_cust (Bash command failed. The command returned a non-zero exit code 2.; 1380)
[2026-04-03T06:50:35.915+0000] {local_task_job_runner.py:243} INFO - Task exited with return code 1
[2026-04-03T06:50:35.936+0000] {taskinstance.py:3503} INFO - 0 downstream tasks scheduled from follow-on schedule check
[2026-04-03T06:50:35.937+0000] {local_task_job_runner.py:222} INFO - ::endgroup::
