[2026-03-28T04:03:25.584+0000] {local_task_job_runner.py:120} INFO - ::group::Pre task execution logs
[2026-03-28T04:03:25.606+0000] {taskinstance.py:2076} INFO - Dependencies all met for dep_context=non-requeueable deps ti=<TaskInstance: transfer_from_minio_to_snowflake_customers.create_stage scheduled__2026-03-28T04:02:00+00:00 [queued]>
[2026-03-28T04:03:25.609+0000] {taskinstance.py:2076} INFO - Dependencies all met for dep_context=requeueable deps ti=<TaskInstance: transfer_from_minio_to_snowflake_customers.create_stage scheduled__2026-03-28T04:02:00+00:00 [queued]>
[2026-03-28T04:03:25.609+0000] {taskinstance.py:2306} INFO - Starting attempt 1 of 3
[2026-03-28T04:03:25.615+0000] {taskinstance.py:2330} INFO - Executing <Task(SQLExecuteQueryOperator): create_stage> on 2026-03-28 04:02:00+00:00
[2026-03-28T04:03:25.624+0000] {logging_mixin.py:188} WARNING - /home/***/.local/lib/python3.12/site-packages/***/task/task_runner/standard_task_runner.py:62 DeprecationWarning: This process (pid=50265) is multi-threaded, use of fork() may lead to deadlocks in the child.
[2026-03-28T04:03:25.622+0000] {standard_task_runner.py:90} INFO - Running: ['***', 'tasks', 'run', 'transfer_from_minio_to_snowflake_customers', 'create_stage', 'scheduled__2026-03-28T04:02:00+00:00', '--job-id', '6030', '--raw', '--subdir', 'DAGS_FOLDER/transfer.py', '--cfg-path', '/tmp/tmpmxmn2_9_']
[2026-03-28T04:03:25.624+0000] {standard_task_runner.py:91} INFO - Job 6030: Subtask create_stage
[2026-03-28T04:03:25.624+0000] {standard_task_runner.py:64} INFO - Started process 50277 to run task
[2026-03-28T04:03:25.671+0000] {task_command.py:426} INFO - Running <TaskInstance: transfer_from_minio_to_snowflake_customers.create_stage scheduled__2026-03-28T04:02:00+00:00 [running]> on host c990dffe13ae
[2026-03-28T04:03:25.891+0000] {taskinstance.py:2648} INFO - Exporting env vars: AIRFLOW_CTX_DAG_OWNER='***' AIRFLOW_CTX_DAG_ID='transfer_from_minio_to_snowflake_customers' AIRFLOW_CTX_TASK_ID='create_stage' AIRFLOW_CTX_EXECUTION_DATE='2026-03-28T04:02:00+00:00' AIRFLOW_CTX_TRY_NUMBER='1' AIRFLOW_CTX_DAG_RUN_ID='scheduled__2026-03-28T04:02:00+00:00'
[2026-03-28T04:03:25.892+0000] {taskinstance.py:430} INFO - ::endgroup::
[2026-03-28T04:03:25.892+0000] {sql.py:282} INFO - Executing:  CREATE STAGE IF NOT EXISTS incoming  
                 URL = 's3://de-project-banking-pipeline-dev-2/customers'
                 STORAGE_INTEGRATION = my_s3_integration
                 FILE_FORMAT = (TYPE = 'JSON'); 
[2026-03-28T04:03:25.898+0000] {base.py:84} INFO - Using connection ID 'warehouse_id' for task execution.
[2026-03-28T04:03:25.937+0000] {base.py:84} INFO - Using connection ID 'warehouse_id' for task execution.
[2026-03-28T04:03:25.978+0000] {connection.py:613} INFO - Snowflake Connector for Python Version: 4.3.0, Python Version: 3.12.4, Platform: Linux-6.12.76-linuxkit-aarch64-with-glibc2.36
[2026-03-28T04:03:25.979+0000] {connection.py:1709} INFO - Connecting to GLOBAL Snowflake domain
[2026-03-28T04:03:27.107+0000] {sql.py:495} INFO - Running statement: CREATE STAGE IF NOT EXISTS incoming  
                 URL = 's3://de-project-banking-pipeline-dev-2/customers'
                 STORAGE_INTEGRATION = my_s3_integration
                 FILE_FORMAT = (TYPE = 'JSON');, parameters: None
[2026-03-28T04:03:27.286+0000] {sql.py:504} INFO - Rows affected: 1
[2026-03-28T04:03:27.288+0000] {snowflake.py:422} INFO - Rows affected: 1
[2026-03-28T04:03:27.288+0000] {snowflake.py:423} INFO - Snowflake query id: 01c35273-3202-839d-0014-90e600051076
[2026-03-28T04:03:27.728+0000] {taskinstance.py:441} INFO - ::group::Post task execution logs
[2026-03-28T04:03:27.774+0000] {taskinstance.py:1206} INFO - Marking task as SUCCESS. dag_id=transfer_from_minio_to_snowflake_customers, task_id=create_stage, run_id=scheduled__2026-03-28T04:02:00+00:00, execution_date=20260328T040200, start_date=20260328T040325, end_date=20260328T040327
[2026-03-28T04:03:27.806+0000] {local_task_job_runner.py:243} INFO - Task exited with return code 0
[2026-03-28T04:03:27.849+0000] {taskinstance.py:3503} INFO - 1 downstream tasks scheduled from follow-on schedule check
[2026-03-28T04:03:27.851+0000] {local_task_job_runner.py:222} INFO - ::endgroup::
