[2026-03-27T09:05:27.227+0000] {local_task_job_runner.py:120} INFO - ::group::Pre task execution logs
[2026-03-27T09:05:27.241+0000] {taskinstance.py:2076} INFO - Dependencies all met for dep_context=non-requeueable deps ti=<TaskInstance: banking_01_bronze_layer.debug scheduled__2026-03-27T08:30:00+00:00 [queued]>
[2026-03-27T09:05:27.244+0000] {taskinstance.py:2076} INFO - Dependencies all met for dep_context=requeueable deps ti=<TaskInstance: banking_01_bronze_layer.debug scheduled__2026-03-27T08:30:00+00:00 [queued]>
[2026-03-27T09:05:27.244+0000] {taskinstance.py:2306} INFO - Starting attempt 2 of 2
[2026-03-27T09:05:27.250+0000] {taskinstance.py:2330} INFO - Executing <Task(BashOperator): debug> on 2026-03-27 08:30:00+00:00
[2026-03-27T09:05:27.251+0000] {standard_task_runner.py:64} INFO - Started process 9729 to run task
[2026-03-27T09:05:27.253+0000] {standard_task_runner.py:90} INFO - Running: ['***', 'tasks', 'run', 'banking_01_bronze_layer', 'debug', 'scheduled__2026-03-27T08:30:00+00:00', '--job-id', '3952', '--raw', '--subdir', 'DAGS_FOLDER/dbt.py', '--cfg-path', '/tmp/tmposn8g6vz']
[2026-03-27T09:05:27.254+0000] {standard_task_runner.py:91} INFO - Job 3952: Subtask debug
[2026-03-27T09:05:27.279+0000] {task_command.py:426} INFO - Running <TaskInstance: banking_01_bronze_layer.debug scheduled__2026-03-27T08:30:00+00:00 [running]> on host c990dffe13ae
[2026-03-27T09:05:27.316+0000] {taskinstance.py:2648} INFO - Exporting env vars: AIRFLOW_CTX_DAG_OWNER='risheek' AIRFLOW_CTX_DAG_ID='banking_01_bronze_layer' AIRFLOW_CTX_TASK_ID='debug' AIRFLOW_CTX_EXECUTION_DATE='2026-03-27T08:30:00+00:00' AIRFLOW_CTX_TRY_NUMBER='2' AIRFLOW_CTX_DAG_RUN_ID='scheduled__2026-03-27T08:30:00+00:00'
[2026-03-27T09:05:27.317+0000] {taskinstance.py:430} INFO - ::endgroup::
[2026-03-27T09:05:27.317+0000] {subprocess.py:78} INFO - Tmp dir root location: /tmp
[2026-03-27T09:05:27.318+0000] {subprocess.py:88} INFO - Running command: ['/usr/bin/bash', '-c', 'dbt debug --profiles-dir /opt/***/dbt/trans_snowf']
[2026-03-27T09:05:27.321+0000] {subprocess.py:99} INFO - Output:
[2026-03-27T09:05:28.475+0000] {subprocess.py:106} INFO - [0m09:05:28  Running with dbt=1.11.7
[2026-03-27T09:05:28.480+0000] {subprocess.py:106} INFO - [0m09:05:28  dbt version: 1.11.7
[2026-03-27T09:05:28.481+0000] {subprocess.py:106} INFO - [0m09:05:28  python version: 3.12.4
[2026-03-27T09:05:28.481+0000] {subprocess.py:106} INFO - [0m09:05:28  python path: /home/***/.local/bin/python
[2026-03-27T09:05:28.481+0000] {subprocess.py:106} INFO - [0m09:05:28  os info: Linux-6.12.76-linuxkit-aarch64-with-glibc2.36
[2026-03-27T09:05:28.834+0000] {subprocess.py:106} INFO - [0m09:05:28  Using profiles dir at /opt/***/dbt/trans_snowf
[2026-03-27T09:05:28.834+0000] {subprocess.py:106} INFO - [0m09:05:28  Using profiles.yml file at /opt/***/dbt/trans_snowf/profiles.yml
[2026-03-27T09:05:28.835+0000] {subprocess.py:106} INFO - [0m09:05:28  Using dbt_project.yml file at /opt/***/dbt/trans_snowf/dbt_project.yml
[2026-03-27T09:05:28.835+0000] {subprocess.py:106} INFO - [0m09:05:28  adapter type: snowflake
[2026-03-27T09:05:28.835+0000] {subprocess.py:106} INFO - [0m09:05:28  adapter version: 1.11.3
[2026-03-27T09:05:28.889+0000] {subprocess.py:106} INFO - [0m09:05:28  Configuration:
[2026-03-27T09:05:28.890+0000] {subprocess.py:106} INFO - [0m09:05:28    profiles.yml file [[32mOK found and valid[0m]
[2026-03-27T09:05:28.890+0000] {subprocess.py:106} INFO - [0m09:05:28    dbt_project.yml file [[32mOK found and valid[0m]
[2026-03-27T09:05:28.891+0000] {subprocess.py:106} INFO - [0m09:05:28  Required dependencies:
[2026-03-27T09:05:28.892+0000] {subprocess.py:106} INFO - [0m09:05:28   - git [[31mERROR[0m]
[2026-03-27T09:05:28.892+0000] {subprocess.py:106} INFO - 
[2026-03-27T09:05:28.892+0000] {subprocess.py:106} INFO - [0m09:05:28  Connection:
[2026-03-27T09:05:28.892+0000] {subprocess.py:106} INFO - [0m09:05:28    account: BBMCDSP-CT02489
[2026-03-27T09:05:28.893+0000] {subprocess.py:106} INFO - [0m09:05:28    user: user123
[2026-03-27T09:05:28.893+0000] {subprocess.py:106} INFO - [0m09:05:28    database: BANKING
[2026-03-27T09:05:28.893+0000] {subprocess.py:106} INFO - [0m09:05:28    warehouse: COMPUTE_WH
[2026-03-27T09:05:28.894+0000] {subprocess.py:106} INFO - [0m09:05:28    role: dbtadmin
[2026-03-27T09:05:28.894+0000] {subprocess.py:106} INFO - [0m09:05:28    schema: PUBLIC
[2026-03-27T09:05:28.894+0000] {subprocess.py:106} INFO - [0m09:05:28    authenticator: None
[2026-03-27T09:05:28.895+0000] {subprocess.py:106} INFO - [0m09:05:28    oauth_client_id: None
[2026-03-27T09:05:28.895+0000] {subprocess.py:106} INFO - [0m09:05:28    query_tag: None
[2026-03-27T09:05:28.895+0000] {subprocess.py:106} INFO - [0m09:05:28    client_session_keep_alive: False
[2026-03-27T09:05:28.896+0000] {subprocess.py:106} INFO - [0m09:05:28    host: None
[2026-03-27T09:05:28.896+0000] {subprocess.py:106} INFO - [0m09:05:28    port: None
[2026-03-27T09:05:28.896+0000] {subprocess.py:106} INFO - [0m09:05:28    proxy_host: None
[2026-03-27T09:05:28.896+0000] {subprocess.py:106} INFO - [0m09:05:28    proxy_port: None
[2026-03-27T09:05:28.897+0000] {subprocess.py:106} INFO - [0m09:05:28    protocol: None
[2026-03-27T09:05:28.897+0000] {subprocess.py:106} INFO - [0m09:05:28    connect_retries: 1
[2026-03-27T09:05:28.897+0000] {subprocess.py:106} INFO - [0m09:05:28    connect_timeout: None
[2026-03-27T09:05:28.898+0000] {subprocess.py:106} INFO - [0m09:05:28    retry_on_database_errors: False
[2026-03-27T09:05:28.898+0000] {subprocess.py:106} INFO - [0m09:05:28    retry_all: False
[2026-03-27T09:05:28.898+0000] {subprocess.py:106} INFO - [0m09:05:28    insecure_mode: False
[2026-03-27T09:05:28.898+0000] {subprocess.py:106} INFO - [0m09:05:28    reuse_connections: True
[2026-03-27T09:05:28.899+0000] {subprocess.py:106} INFO - [0m09:05:28    s3_stage_vpce_dns_name: None
[2026-03-27T09:05:28.899+0000] {subprocess.py:106} INFO - [0m09:05:28    platform_detection_timeout_seconds: 0.0
[2026-03-27T09:05:28.899+0000] {subprocess.py:106} INFO - [0m09:05:28  Registered adapter: snowflake=1.11.3
[2026-03-27T09:05:29.678+0000] {subprocess.py:106} INFO - [0m09:05:29    Connection test: [[32mOK connection ok[0m]
[2026-03-27T09:05:29.680+0000] {subprocess.py:106} INFO - 
[2026-03-27T09:05:29.681+0000] {subprocess.py:106} INFO - [0m09:05:29  [31m1 check failed:[0m
[2026-03-27T09:05:29.682+0000] {subprocess.py:106} INFO - [0m09:05:29  Error from git --help: Could not find command, ensure it is in the user's PATH: "git"
[2026-03-27T09:05:29.682+0000] {subprocess.py:106} INFO - 
[2026-03-27T09:05:31.338+0000] {subprocess.py:110} INFO - Command exited with return code 1
[2026-03-27T09:05:31.339+0000] {taskinstance.py:441} INFO - ::group::Post task execution logs
[2026-03-27T09:05:31.348+0000] {taskinstance.py:2905} ERROR - Task failed with exception
Traceback (most recent call last):
  File "/home/airflow/.local/lib/python3.12/site-packages/airflow/models/taskinstance.py", line 465, in _execute_task
    result = _execute_callable(context=context, **execute_callable_kwargs)
             ^^^^^^^^^^^^^^^^^^^^^^^^^^^^^^^^^^^^^^^^^^^^^^^^^^^^^^^^^^^^^
  File "/home/airflow/.local/lib/python3.12/site-packages/airflow/models/taskinstance.py", line 432, in _execute_callable
    return execute_callable(context=context, **execute_callable_kwargs)
           ^^^^^^^^^^^^^^^^^^^^^^^^^^^^^^^^^^^^^^^^^^^^^^^^^^^^^^^^^^^^
  File "/home/airflow/.local/lib/python3.12/site-packages/airflow/models/baseoperator.py", line 401, in wrapper
    return func(self, *args, **kwargs)
           ^^^^^^^^^^^^^^^^^^^^^^^^^^^
  File "/home/airflow/.local/lib/python3.12/site-packages/airflow/providers/standard/operators/bash.py", line 233, in execute
    raise AirflowException(
airflow.exceptions.AirflowException: Bash command failed. The command returned a non-zero exit code 1.
[2026-03-27T09:05:31.351+0000] {taskinstance.py:1206} INFO - Marking task as FAILED. dag_id=banking_01_bronze_layer, task_id=debug, run_id=scheduled__2026-03-27T08:30:00+00:00, execution_date=20260327T083000, start_date=20260327T090527, end_date=20260327T090531
[2026-03-27T09:05:31.359+0000] {standard_task_runner.py:110} ERROR - Failed to execute job 3952 for task debug (Bash command failed. The command returned a non-zero exit code 1.; 9729)
[2026-03-27T09:05:31.407+0000] {local_task_job_runner.py:243} INFO - Task exited with return code 1
[2026-03-27T09:05:31.423+0000] {taskinstance.py:3503} INFO - 0 downstream tasks scheduled from follow-on schedule check
[2026-03-27T09:05:31.425+0000] {local_task_job_runner.py:222} INFO - ::endgroup::
