[2026-03-30T12:02:14.223+0000] {local_task_job_runner.py:120} INFO - ::group::Pre task execution logs
[2026-03-30T12:02:14.242+0000] {taskinstance.py:2076} INFO - Dependencies all met for dep_context=non-requeueable deps ti=<TaskInstance: banking_01_bronze_layer.debug scheduled__2026-03-30T07:30:00+00:00 [queued]>
[2026-03-30T12:02:14.246+0000] {taskinstance.py:2076} INFO - Dependencies all met for dep_context=requeueable deps ti=<TaskInstance: banking_01_bronze_layer.debug scheduled__2026-03-30T07:30:00+00:00 [queued]>
[2026-03-30T12:02:14.246+0000] {taskinstance.py:2306} INFO - Starting attempt 2 of 2
[2026-03-30T12:02:14.253+0000] {taskinstance.py:2330} INFO - Executing <Task(BashOperator): debug> on 2026-03-30 07:30:00+00:00
[2026-03-30T12:02:14.255+0000] {standard_task_runner.py:64} INFO - Started process 9764 to run task
[2026-03-30T12:02:14.257+0000] {standard_task_runner.py:90} INFO - Running: ['***', 'tasks', 'run', 'banking_01_bronze_layer', 'debug', 'scheduled__2026-03-30T07:30:00+00:00', '--job-id', '7967', '--raw', '--subdir', 'DAGS_FOLDER/dbt.py', '--cfg-path', '/tmp/tmp46luxk4r']
[2026-03-30T12:02:14.259+0000] {standard_task_runner.py:91} INFO - Job 7967: Subtask debug
[2026-03-30T12:02:14.302+0000] {task_command.py:426} INFO - Running <TaskInstance: banking_01_bronze_layer.debug scheduled__2026-03-30T07:30:00+00:00 [running]> on host c990dffe13ae
[2026-03-30T12:02:14.355+0000] {taskinstance.py:2648} INFO - Exporting env vars: AIRFLOW_CTX_DAG_OWNER='risheek' AIRFLOW_CTX_DAG_ID='banking_01_bronze_layer' AIRFLOW_CTX_TASK_ID='debug' AIRFLOW_CTX_EXECUTION_DATE='2026-03-30T07:30:00+00:00' AIRFLOW_CTX_TRY_NUMBER='2' AIRFLOW_CTX_DAG_RUN_ID='scheduled__2026-03-30T07:30:00+00:00'
[2026-03-30T12:02:14.356+0000] {taskinstance.py:430} INFO - ::endgroup::
[2026-03-30T12:02:14.356+0000] {subprocess.py:78} INFO - Tmp dir root location: /tmp
[2026-03-30T12:02:14.358+0000] {subprocess.py:88} INFO - Running command: ['/usr/bin/bash', '-c', 'dbt debug --profiles-dir /opt/***/dbt/trans_snowf']
[2026-03-30T12:02:14.366+0000] {subprocess.py:99} INFO - Output:
[2026-03-30T12:02:15.961+0000] {subprocess.py:106} INFO - [0m12:02:15  Running with dbt=1.11.7
[2026-03-30T12:02:15.968+0000] {subprocess.py:106} INFO - [0m12:02:15  dbt version: 1.11.7
[2026-03-30T12:02:15.969+0000] {subprocess.py:106} INFO - [0m12:02:15  python version: 3.12.4
[2026-03-30T12:02:15.969+0000] {subprocess.py:106} INFO - [0m12:02:15  python path: /home/***/.local/bin/python
[2026-03-30T12:02:15.970+0000] {subprocess.py:106} INFO - [0m12:02:15  os info: Linux-6.12.76-linuxkit-aarch64-with-glibc2.36
[2026-03-30T12:02:16.473+0000] {subprocess.py:106} INFO - [0m12:02:16  Using profiles dir at /opt/***/dbt/trans_snowf
[2026-03-30T12:02:16.474+0000] {subprocess.py:106} INFO - [0m12:02:16  Using profiles.yml file at /opt/***/dbt/trans_snowf/profiles.yml
[2026-03-30T12:02:16.474+0000] {subprocess.py:106} INFO - [0m12:02:16  Using dbt_project.yml file at /opt/***/dbt/trans_snowf/dbt_project.yml
[2026-03-30T12:02:16.475+0000] {subprocess.py:106} INFO - [0m12:02:16  adapter type: snowflake
[2026-03-30T12:02:16.475+0000] {subprocess.py:106} INFO - [0m12:02:16  adapter version: 1.11.3
[2026-03-30T12:02:16.538+0000] {subprocess.py:106} INFO - [0m12:02:16  Configuration:
[2026-03-30T12:02:16.539+0000] {subprocess.py:106} INFO - [0m12:02:16    profiles.yml file [[32mOK found and valid[0m]
[2026-03-30T12:02:16.539+0000] {subprocess.py:106} INFO - [0m12:02:16    dbt_project.yml file [[32mOK found and valid[0m]
[2026-03-30T12:02:16.540+0000] {subprocess.py:106} INFO - [0m12:02:16  Required dependencies:
[2026-03-30T12:02:16.541+0000] {subprocess.py:106} INFO - [0m12:02:16   - git [[31mERROR[0m]
[2026-03-30T12:02:16.541+0000] {subprocess.py:106} INFO - 
[2026-03-30T12:02:16.542+0000] {subprocess.py:106} INFO - [0m12:02:16  Connection:
[2026-03-30T12:02:16.542+0000] {subprocess.py:106} INFO - [0m12:02:16    account: BBMCDSP-CT02489
[2026-03-30T12:02:16.542+0000] {subprocess.py:106} INFO - [0m12:02:16    user: user123
[2026-03-30T12:02:16.543+0000] {subprocess.py:106} INFO - [0m12:02:16    database: BANKING
[2026-03-30T12:02:16.543+0000] {subprocess.py:106} INFO - [0m12:02:16    warehouse: COMPUTE_WH
[2026-03-30T12:02:16.544+0000] {subprocess.py:106} INFO - [0m12:02:16    role: dbtadmin
[2026-03-30T12:02:16.544+0000] {subprocess.py:106} INFO - [0m12:02:16    schema: PUBLIC
[2026-03-30T12:02:16.545+0000] {subprocess.py:106} INFO - [0m12:02:16    authenticator: None
[2026-03-30T12:02:16.545+0000] {subprocess.py:106} INFO - [0m12:02:16    oauth_client_id: None
[2026-03-30T12:02:16.545+0000] {subprocess.py:106} INFO - [0m12:02:16    query_tag: None
[2026-03-30T12:02:16.546+0000] {subprocess.py:106} INFO - [0m12:02:16    client_session_keep_alive: False
[2026-03-30T12:02:16.546+0000] {subprocess.py:106} INFO - [0m12:02:16    host: None
[2026-03-30T12:02:16.546+0000] {subprocess.py:106} INFO - [0m12:02:16    port: None
[2026-03-30T12:02:16.546+0000] {subprocess.py:106} INFO - [0m12:02:16    proxy_host: None
[2026-03-30T12:02:16.547+0000] {subprocess.py:106} INFO - [0m12:02:16    proxy_port: None
[2026-03-30T12:02:16.547+0000] {subprocess.py:106} INFO - [0m12:02:16    protocol: None
[2026-03-30T12:02:16.547+0000] {subprocess.py:106} INFO - [0m12:02:16    connect_retries: 1
[2026-03-30T12:02:16.548+0000] {subprocess.py:106} INFO - [0m12:02:16    connect_timeout: None
[2026-03-30T12:02:16.548+0000] {subprocess.py:106} INFO - [0m12:02:16    retry_on_database_errors: False
[2026-03-30T12:02:16.548+0000] {subprocess.py:106} INFO - [0m12:02:16    retry_all: False
[2026-03-30T12:02:16.548+0000] {subprocess.py:106} INFO - [0m12:02:16    insecure_mode: False
[2026-03-30T12:02:16.549+0000] {subprocess.py:106} INFO - [0m12:02:16    reuse_connections: True
[2026-03-30T12:02:16.549+0000] {subprocess.py:106} INFO - [0m12:02:16    s3_stage_vpce_dns_name: None
[2026-03-30T12:02:16.549+0000] {subprocess.py:106} INFO - [0m12:02:16    platform_detection_timeout_seconds: 0.0
[2026-03-30T12:02:16.550+0000] {subprocess.py:106} INFO - [0m12:02:16  Registered adapter: snowflake=1.11.3
[2026-03-30T12:02:17.271+0000] {subprocess.py:106} INFO - [0m12:02:17    Connection test: [[31mERROR[0m]
[2026-03-30T12:02:17.272+0000] {subprocess.py:106} INFO - 
[2026-03-30T12:02:17.274+0000] {subprocess.py:106} INFO - [0m12:02:17  [31m2 checks failed:[0m
[2026-03-30T12:02:17.275+0000] {subprocess.py:106} INFO - [0m12:02:17  Error from git --help: Could not find command, ensure it is in the user's PATH: "git"
[2026-03-30T12:02:17.275+0000] {subprocess.py:106} INFO - 
[2026-03-30T12:02:17.276+0000] {subprocess.py:106} INFO - [0m12:02:17  dbt was unable to connect to the specified database.
[2026-03-30T12:02:17.279+0000] {subprocess.py:106} INFO - The database returned the following error:
[2026-03-30T12:02:17.279+0000] {subprocess.py:106} INFO - 
[2026-03-30T12:02:17.280+0000] {subprocess.py:106} INFO -   >Database Error
[2026-03-30T12:02:17.280+0000] {subprocess.py:106} INFO -   250001 (08001): Failed to connect to DB: BBMCDSP-CT02489.snowflakecomputing.com:443. JWT token is invalid. [85459572-c087-4bb1-b4be-b660c800219a]
[2026-03-30T12:02:17.281+0000] {subprocess.py:106} INFO - 
[2026-03-30T12:02:17.281+0000] {subprocess.py:106} INFO - Check your database credentials and try again. For more information, visit:
[2026-03-30T12:02:17.281+0000] {subprocess.py:106} INFO - https://docs.getdbt.com/docs/configure-your-profile
[2026-03-30T12:02:17.282+0000] {subprocess.py:106} INFO - 
[2026-03-30T12:02:17.282+0000] {subprocess.py:106} INFO - 
[2026-03-30T12:02:18.820+0000] {subprocess.py:110} INFO - Command exited with return code 1
[2026-03-30T12:02:18.822+0000] {taskinstance.py:441} INFO - ::group::Post task execution logs
[2026-03-30T12:02:18.847+0000] {taskinstance.py:2905} ERROR - Task failed with exception
Traceback (most recent call last):
  File "/home/airflow/.local/lib/python3.12/site-packages/airflow/models/taskinstance.py", line 465, in _execute_task
    result = _execute_callable(context=context, **execute_callable_kwargs)
             ^^^^^^^^^^^^^^^^^^^^^^^^^^^^^^^^^^^^^^^^^^^^^^^^^^^^^^^^^^^^^
  File "/home/airflow/.local/lib/python3.12/site-packages/airflow/models/taskinstance.py", line 432, in _execute_callable
    return execute_callable(context=context, **execute_callable_kwargs)
           ^^^^^^^^^^^^^^^^^^^^^^^^^^^^^^^^^^^^^^^^^^^^^^^^^^^^^^^^^^^^
  File "/home/airflow/.local/lib/python3.12/site-packages/airflow/models/baseoperator.py", line 401, in wrapper
    return func(self, *args, **kwargs)
           ^^^^^^^^^^^^^^^^^^^^^^^^^^^
  File "/home/airflow/.local/lib/python3.12/site-packages/airflow/providers/standard/operators/bash.py", line 233, in execute
    raise AirflowException(
airflow.exceptions.AirflowException: Bash command failed. The command returned a non-zero exit code 1.
[2026-03-30T12:02:18.853+0000] {taskinstance.py:1206} INFO - Marking task as FAILED. dag_id=banking_01_bronze_layer, task_id=debug, run_id=scheduled__2026-03-30T07:30:00+00:00, execution_date=20260330T073000, start_date=20260330T120214, end_date=20260330T120218
[2026-03-30T12:02:18.872+0000] {standard_task_runner.py:110} ERROR - Failed to execute job 7967 for task debug (Bash command failed. The command returned a non-zero exit code 1.; 9764)
[2026-03-30T12:02:18.896+0000] {local_task_job_runner.py:243} INFO - Task exited with return code 1
[2026-03-30T12:02:18.917+0000] {taskinstance.py:3503} INFO - 0 downstream tasks scheduled from follow-on schedule check
[2026-03-30T12:02:18.919+0000] {local_task_job_runner.py:222} INFO - ::endgroup::
