[2026-03-28T13:53:59.829+0000] {local_task_job_runner.py:120} INFO - ::group::Pre task execution logs
[2026-03-28T13:53:59.875+0000] {taskinstance.py:2076} INFO - Dependencies all met for dep_context=non-requeueable deps ti=<TaskInstance: banking_01_bronze_layer.build_bronze_trans scheduled__2026-03-28T13:00:00+00:00 [queued]>
[2026-03-28T13:53:59.886+0000] {taskinstance.py:2076} INFO - Dependencies all met for dep_context=requeueable deps ti=<TaskInstance: banking_01_bronze_layer.build_bronze_trans scheduled__2026-03-28T13:00:00+00:00 [queued]>
[2026-03-28T13:53:59.887+0000] {taskinstance.py:2306} INFO - Starting attempt 2 of 2
[2026-03-28T13:53:59.902+0000] {taskinstance.py:2330} INFO - Executing <Task(BashOperator): build_bronze_trans> on 2026-03-28 13:00:00+00:00
[2026-03-28T13:53:59.919+0000] {standard_task_runner.py:64} INFO - Started process 9619 to run task
[2026-03-28T13:53:59.922+0000] {standard_task_runner.py:90} INFO - Running: ['***', 'tasks', 'run', 'banking_01_bronze_layer', 'build_bronze_trans', 'scheduled__2026-03-28T13:00:00+00:00', '--job-id', '6865', '--raw', '--subdir', 'DAGS_FOLDER/dbt.py', '--cfg-path', '/tmp/tmpfdwge7dw']
[2026-03-28T13:53:59.926+0000] {standard_task_runner.py:91} INFO - Job 6865: Subtask build_bronze_trans
[2026-03-28T13:54:00.020+0000] {task_command.py:426} INFO - Running <TaskInstance: banking_01_bronze_layer.build_bronze_trans scheduled__2026-03-28T13:00:00+00:00 [running]> on host c990dffe13ae
[2026-03-28T13:54:00.197+0000] {taskinstance.py:2648} INFO - Exporting env vars: AIRFLOW_CTX_DAG_OWNER='risheek' AIRFLOW_CTX_DAG_ID='banking_01_bronze_layer' AIRFLOW_CTX_TASK_ID='build_bronze_trans' AIRFLOW_CTX_EXECUTION_DATE='2026-03-28T13:00:00+00:00' AIRFLOW_CTX_TRY_NUMBER='2' AIRFLOW_CTX_DAG_RUN_ID='scheduled__2026-03-28T13:00:00+00:00'
[2026-03-28T13:54:00.201+0000] {taskinstance.py:430} INFO - ::endgroup::
[2026-03-28T13:54:00.205+0000] {subprocess.py:78} INFO - Tmp dir root location: /tmp
[2026-03-28T13:54:00.208+0000] {subprocess.py:88} INFO - Running command: ['/usr/bin/bash', '-c', 'dbt build --select bronze_trans']
[2026-03-28T13:54:00.224+0000] {subprocess.py:99} INFO - Output:
[2026-03-28T13:54:03.946+0000] {subprocess.py:106} INFO - [0m13:54:03  Running with dbt=1.11.7
[2026-03-28T13:54:05.058+0000] {subprocess.py:106} INFO - [0m13:54:05  Registered adapter: snowflake=1.11.3
[2026-03-28T13:54:05.412+0000] {subprocess.py:106} INFO - [0m13:54:05  [[33mWARNING[0m]: Configuration paths exist in your dbt_project.yml file which do not apply to any resources.
[2026-03-28T13:54:05.413+0000] {subprocess.py:106} INFO - There are 1 unused configuration paths:
[2026-03-28T13:54:05.413+0000] {subprocess.py:106} INFO - - models.trans_snowf.example
[2026-03-28T13:54:05.678+0000] {subprocess.py:106} INFO - [0m13:54:05  Found 14 models, 3 sources, 522 macros
[2026-03-28T13:54:05.682+0000] {subprocess.py:106} INFO - [0m13:54:05
[2026-03-28T13:54:05.683+0000] {subprocess.py:106} INFO - [0m13:54:05  Concurrency: 1 threads (target='dev')
[2026-03-28T13:54:05.684+0000] {subprocess.py:106} INFO - [0m13:54:05
[2026-03-28T13:54:07.817+0000] {subprocess.py:106} INFO - [0m13:54:07  1 of 1 START sql incremental model PUBLIC_BRONZE.bronze_trans .................. [RUN]
[2026-03-28T13:54:11.124+0000] {subprocess.py:106} INFO - [0m13:54:11  1 of 1 OK created sql incremental model PUBLIC_BRONZE.bronze_trans ............. [[32mSUCCESS 0[0m in 3.30s]
[2026-03-28T13:54:11.617+0000] {subprocess.py:106} INFO - [0m13:54:11
[2026-03-28T13:54:11.619+0000] {subprocess.py:106} INFO - [0m13:54:11  Finished running 1 incremental model in 0 hours 0 minutes and 5.93 seconds (5.93s).
[2026-03-28T13:54:11.674+0000] {subprocess.py:106} INFO - [0m13:54:11
[2026-03-28T13:54:11.675+0000] {subprocess.py:106} INFO - [0m13:54:11  [32mCompleted successfully[0m
[2026-03-28T13:54:11.675+0000] {subprocess.py:106} INFO - [0m13:54:11
[2026-03-28T13:54:11.676+0000] {subprocess.py:106} INFO - [0m13:54:11  Done. PASS=1 WARN=0 ERROR=0 SKIP=0 NO-OP=0 TOTAL=1
[2026-03-28T13:54:14.119+0000] {subprocess.py:110} INFO - Command exited with return code 0
[2026-03-28T13:54:14.124+0000] {taskinstance.py:441} INFO - ::group::Post task execution logs
[2026-03-28T13:54:14.189+0000] {taskinstance.py:1206} INFO - Marking task as SUCCESS. dag_id=banking_01_bronze_layer, task_id=build_bronze_trans, run_id=scheduled__2026-03-28T13:00:00+00:00, execution_date=20260328T130000, start_date=20260328T135359, end_date=20260328T135414
[2026-03-28T13:54:14.239+0000] {local_task_job_runner.py:243} INFO - Task exited with return code 0
[2026-03-28T13:54:14.258+0000] {taskinstance.py:3503} INFO - 0 downstream tasks scheduled from follow-on schedule check
[2026-03-28T13:54:14.260+0000] {local_task_job_runner.py:222} INFO - ::endgroup::
