[2026-03-30T12:02:20.782+0000] {local_task_job_runner.py:120} INFO - ::group::Pre task execution logs
[2026-03-30T12:02:20.800+0000] {taskinstance.py:2076} INFO - Dependencies all met for dep_context=non-requeueable deps ti=<TaskInstance: banking_01_bronze_layer.build_bronze_acc scheduled__2026-03-30T07:30:00+00:00 [queued]>
[2026-03-30T12:02:20.805+0000] {taskinstance.py:2076} INFO - Dependencies all met for dep_context=requeueable deps ti=<TaskInstance: banking_01_bronze_layer.build_bronze_acc scheduled__2026-03-30T07:30:00+00:00 [queued]>
[2026-03-30T12:02:20.805+0000] {taskinstance.py:2306} INFO - Starting attempt 2 of 2
[2026-03-30T12:02:20.811+0000] {taskinstance.py:2330} INFO - Executing <Task(BashOperator): build_bronze_acc> on 2026-03-30 07:30:00+00:00
[2026-03-30T12:02:20.814+0000] {standard_task_runner.py:64} INFO - Started process 9787 to run task
[2026-03-30T12:02:20.817+0000] {standard_task_runner.py:90} INFO - Running: ['***', 'tasks', 'run', 'banking_01_bronze_layer', 'build_bronze_acc', 'scheduled__2026-03-30T07:30:00+00:00', '--job-id', '7968', '--raw', '--subdir', 'DAGS_FOLDER/dbt.py', '--cfg-path', '/tmp/tmp5o25cfdr']
[2026-03-30T12:02:20.823+0000] {standard_task_runner.py:91} INFO - Job 7968: Subtask build_bronze_acc
[2026-03-30T12:02:20.869+0000] {task_command.py:426} INFO - Running <TaskInstance: banking_01_bronze_layer.build_bronze_acc scheduled__2026-03-30T07:30:00+00:00 [running]> on host c990dffe13ae
[2026-03-30T12:02:20.929+0000] {taskinstance.py:2648} INFO - Exporting env vars: AIRFLOW_CTX_DAG_OWNER='risheek' AIRFLOW_CTX_DAG_ID='banking_01_bronze_layer' AIRFLOW_CTX_TASK_ID='build_bronze_acc' AIRFLOW_CTX_EXECUTION_DATE='2026-03-30T07:30:00+00:00' AIRFLOW_CTX_TRY_NUMBER='2' AIRFLOW_CTX_DAG_RUN_ID='scheduled__2026-03-30T07:30:00+00:00'
[2026-03-30T12:02:20.930+0000] {taskinstance.py:430} INFO - ::endgroup::
[2026-03-30T12:02:20.931+0000] {subprocess.py:78} INFO - Tmp dir root location: /tmp
[2026-03-30T12:02:20.932+0000] {subprocess.py:88} INFO - Running command: ['/usr/bin/bash', '-c', 'dbt build --select bronze_acc']
[2026-03-30T12:02:20.936+0000] {subprocess.py:99} INFO - Output:
[2026-03-30T12:02:22.436+0000] {subprocess.py:106} INFO - [0m12:02:22  Running with dbt=1.11.7
[2026-03-30T12:02:23.018+0000] {subprocess.py:106} INFO - [0m12:02:23  Registered adapter: snowflake=1.11.3
[2026-03-30T12:02:23.189+0000] {subprocess.py:106} INFO - [0m12:02:23  [[33mWARNING[0m]: Configuration paths exist in your dbt_project.yml file which do not apply to any resources.
[2026-03-30T12:02:23.189+0000] {subprocess.py:106} INFO - There are 1 unused configuration paths:
[2026-03-30T12:02:23.189+0000] {subprocess.py:106} INFO - - models.trans_snowf.example
[2026-03-30T12:02:23.316+0000] {subprocess.py:106} INFO - [0m12:02:23  Found 14 models, 3 sources, 522 macros
[2026-03-30T12:02:23.318+0000] {subprocess.py:106} INFO - [0m12:02:23
[2026-03-30T12:02:23.319+0000] {subprocess.py:106} INFO - [0m12:02:23  Concurrency: 1 threads (target='dev')
[2026-03-30T12:02:23.319+0000] {subprocess.py:106} INFO - [0m12:02:23
[2026-03-30T12:02:24.044+0000] {subprocess.py:106} INFO - [0m12:02:24
[2026-03-30T12:02:24.046+0000] {subprocess.py:106} INFO - [0m12:02:24  Finished running  in 0 hours 0 minutes and 0.72 seconds (0.72s).
[2026-03-30T12:02:24.048+0000] {subprocess.py:106} INFO - [0m12:02:24  Encountered an error:
[2026-03-30T12:02:24.048+0000] {subprocess.py:106} INFO - Runtime Error
[2026-03-30T12:02:24.049+0000] {subprocess.py:106} INFO -   Database error while listing schemas in database "BANKING"
[2026-03-30T12:02:24.049+0000] {subprocess.py:106} INFO -   Database Error
[2026-03-30T12:02:24.050+0000] {subprocess.py:106} INFO -     250001 (08001): Failed to connect to DB: BBMCDSP-CT02489.snowflakecomputing.com:443. JWT token is invalid. [a692f613-d127-4a49-b0eb-b690549ac11f]
[2026-03-30T12:02:25.508+0000] {subprocess.py:110} INFO - Command exited with return code 2
[2026-03-30T12:02:25.510+0000] {taskinstance.py:441} INFO - ::group::Post task execution logs
[2026-03-30T12:02:25.543+0000] {taskinstance.py:2905} ERROR - Task failed with exception
Traceback (most recent call last):
  File "/home/airflow/.local/lib/python3.12/site-packages/airflow/models/taskinstance.py", line 465, in _execute_task
    result = _execute_callable(context=context, **execute_callable_kwargs)
             ^^^^^^^^^^^^^^^^^^^^^^^^^^^^^^^^^^^^^^^^^^^^^^^^^^^^^^^^^^^^^
  File "/home/airflow/.local/lib/python3.12/site-packages/airflow/models/taskinstance.py", line 432, in _execute_callable
    return execute_callable(context=context, **execute_callable_kwargs)
           ^^^^^^^^^^^^^^^^^^^^^^^^^^^^^^^^^^^^^^^^^^^^^^^^^^^^^^^^^^^^
  File "/home/airflow/.local/lib/python3.12/site-packages/airflow/models/baseoperator.py", line 401, in wrapper
    return func(self, *args, **kwargs)
           ^^^^^^^^^^^^^^^^^^^^^^^^^^^
  File "/home/airflow/.local/lib/python3.12/site-packages/airflow/providers/standard/operators/bash.py", line 233, in execute
    raise AirflowException(
airflow.exceptions.AirflowException: Bash command failed. The command returned a non-zero exit code 2.
[2026-03-30T12:02:25.549+0000] {taskinstance.py:1206} INFO - Marking task as FAILED. dag_id=banking_01_bronze_layer, task_id=build_bronze_acc, run_id=scheduled__2026-03-30T07:30:00+00:00, execution_date=20260330T073000, start_date=20260330T120220, end_date=20260330T120225
[2026-03-30T12:02:25.572+0000] {standard_task_runner.py:110} ERROR - Failed to execute job 7968 for task build_bronze_acc (Bash command failed. The command returned a non-zero exit code 2.; 9787)
[2026-03-30T12:02:25.584+0000] {local_task_job_runner.py:243} INFO - Task exited with return code 1
[2026-03-30T12:02:25.613+0000] {taskinstance.py:3503} INFO - 0 downstream tasks scheduled from follow-on schedule check
[2026-03-30T12:02:25.614+0000] {local_task_job_runner.py:222} INFO - ::endgroup::
