[2026-03-28T23:56:06.096+0000] {local_task_job_runner.py:120} INFO - ::group::Pre task execution logs
[2026-03-28T23:56:06.111+0000] {taskinstance.py:2076} INFO - Dependencies all met for dep_context=non-requeueable deps ti=<TaskInstance: banking_01_bronze_layer.build_bronze_cust scheduled__2026-03-28T23:00:00+00:00 [queued]>
[2026-03-28T23:56:06.114+0000] {taskinstance.py:2076} INFO - Dependencies all met for dep_context=requeueable deps ti=<TaskInstance: banking_01_bronze_layer.build_bronze_cust scheduled__2026-03-28T23:00:00+00:00 [queued]>
[2026-03-28T23:56:06.114+0000] {taskinstance.py:2306} INFO - Starting attempt 2 of 2
[2026-03-28T23:56:06.119+0000] {taskinstance.py:2330} INFO - Executing <Task(BashOperator): build_bronze_cust> on 2026-03-28 23:00:00+00:00
[2026-03-28T23:56:06.122+0000] {standard_task_runner.py:64} INFO - Started process 14502 to run task
[2026-03-28T23:56:06.123+0000] {standard_task_runner.py:90} INFO - Running: ['***', 'tasks', 'run', 'banking_01_bronze_layer', 'build_bronze_cust', 'scheduled__2026-03-28T23:00:00+00:00', '--job-id', '7021', '--raw', '--subdir', 'DAGS_FOLDER/dbt.py', '--cfg-path', '/tmp/tmp8pgclfrk']
[2026-03-28T23:56:06.124+0000] {standard_task_runner.py:91} INFO - Job 7021: Subtask build_bronze_cust
[2026-03-28T23:56:06.150+0000] {task_command.py:426} INFO - Running <TaskInstance: banking_01_bronze_layer.build_bronze_cust scheduled__2026-03-28T23:00:00+00:00 [running]> on host c990dffe13ae
[2026-03-28T23:56:06.189+0000] {taskinstance.py:2648} INFO - Exporting env vars: AIRFLOW_CTX_DAG_OWNER='risheek' AIRFLOW_CTX_DAG_ID='banking_01_bronze_layer' AIRFLOW_CTX_TASK_ID='build_bronze_cust' AIRFLOW_CTX_EXECUTION_DATE='2026-03-28T23:00:00+00:00' AIRFLOW_CTX_TRY_NUMBER='2' AIRFLOW_CTX_DAG_RUN_ID='scheduled__2026-03-28T23:00:00+00:00'
[2026-03-28T23:56:06.190+0000] {taskinstance.py:430} INFO - ::endgroup::
[2026-03-28T23:56:06.190+0000] {subprocess.py:78} INFO - Tmp dir root location: /tmp
[2026-03-28T23:56:06.191+0000] {subprocess.py:88} INFO - Running command: ['/usr/bin/bash', '-c', 'dbt build --select bronze_cust']
[2026-03-28T23:56:06.194+0000] {subprocess.py:99} INFO - Output:
[2026-03-28T23:56:07.337+0000] {subprocess.py:106} INFO - [0m23:56:07  Running with dbt=1.11.7
[2026-03-28T23:56:07.787+0000] {subprocess.py:106} INFO - [0m23:56:07  Registered adapter: snowflake=1.11.3
[2026-03-28T23:56:07.913+0000] {subprocess.py:106} INFO - [0m23:56:07  [[33mWARNING[0m]: Configuration paths exist in your dbt_project.yml file which do not apply to any resources.
[2026-03-28T23:56:07.913+0000] {subprocess.py:106} INFO - There are 1 unused configuration paths:
[2026-03-28T23:56:07.913+0000] {subprocess.py:106} INFO - - models.trans_snowf.example
[2026-03-28T23:56:08.009+0000] {subprocess.py:106} INFO - [0m23:56:08  Found 14 models, 3 sources, 522 macros
[2026-03-28T23:56:08.010+0000] {subprocess.py:106} INFO - [0m23:56:08
[2026-03-28T23:56:08.010+0000] {subprocess.py:106} INFO - [0m23:56:08  Concurrency: 1 threads (target='dev')
[2026-03-28T23:56:08.011+0000] {subprocess.py:106} INFO - [0m23:56:08
[2026-03-28T23:56:10.288+0000] {subprocess.py:106} INFO - [0m23:56:10  1 of 1 START sql incremental model PUBLIC_BRONZE.bronze_cust ................... [RUN]
[2026-03-28T23:56:10.655+0000] {subprocess.py:106} INFO - [0m23:56:10  1 of 1 ERROR creating sql incremental model PUBLIC_BRONZE.bronze_cust .......... [[31mERROR[0m in 0.36s]
[2026-03-28T23:56:10.894+0000] {subprocess.py:106} INFO - [0m23:56:10
[2026-03-28T23:56:10.896+0000] {subprocess.py:106} INFO - [0m23:56:10  Finished running 1 incremental model in 0 hours 0 minutes and 2.88 seconds (2.88s).
[2026-03-28T23:56:10.960+0000] {subprocess.py:106} INFO - [0m23:56:10
[2026-03-28T23:56:10.960+0000] {subprocess.py:106} INFO - [0m23:56:10  [31mCompleted with 1 error, 0 partial successes, and 0 warnings:[0m
[2026-03-28T23:56:10.961+0000] {subprocess.py:106} INFO - [0m23:56:10
[2026-03-28T23:56:10.961+0000] {subprocess.py:106} INFO - [0m23:56:10  [31mFailure in model bronze_cust (models/staging/bronze_cust.sql)[0m
[2026-03-28T23:56:10.962+0000] {subprocess.py:106} INFO - [0m23:56:10    Database Error in model bronze_cust (models/staging/bronze_cust.sql)
[2026-03-28T23:56:10.962+0000] {subprocess.py:106} INFO -   000904 (42000): SQL compilation error: error line 14 at position 8
[2026-03-28T23:56:10.962+0000] {subprocess.py:106} INFO -   invalid identifier 'PAYLOAD'
[2026-03-28T23:56:10.962+0000] {subprocess.py:106} INFO -   compiled code at target/run/trans_snowf/models/staging/bronze_cust.sql
[2026-03-28T23:56:10.963+0000] {subprocess.py:106} INFO - [0m23:56:10
[2026-03-28T23:56:10.963+0000] {subprocess.py:106} INFO - [0m23:56:10    compiled code at target/compiled/trans_snowf/models/staging/bronze_cust.sql
[2026-03-28T23:56:10.963+0000] {subprocess.py:106} INFO - [0m23:56:10
[2026-03-28T23:56:10.963+0000] {subprocess.py:106} INFO - [0m23:56:10  Done. PASS=0 WARN=0 ERROR=1 SKIP=0 NO-OP=0 TOTAL=1
[2026-03-28T23:56:11.866+0000] {subprocess.py:110} INFO - Command exited with return code 1
[2026-03-28T23:56:11.867+0000] {taskinstance.py:441} INFO - ::group::Post task execution logs
[2026-03-28T23:56:11.874+0000] {taskinstance.py:2905} ERROR - Task failed with exception
Traceback (most recent call last):
  File "/home/airflow/.local/lib/python3.12/site-packages/airflow/models/taskinstance.py", line 465, in _execute_task
    result = _execute_callable(context=context, **execute_callable_kwargs)
             ^^^^^^^^^^^^^^^^^^^^^^^^^^^^^^^^^^^^^^^^^^^^^^^^^^^^^^^^^^^^^
  File "/home/airflow/.local/lib/python3.12/site-packages/airflow/models/taskinstance.py", line 432, in _execute_callable
    return execute_callable(context=context, **execute_callable_kwargs)
           ^^^^^^^^^^^^^^^^^^^^^^^^^^^^^^^^^^^^^^^^^^^^^^^^^^^^^^^^^^^^
  File "/home/airflow/.local/lib/python3.12/site-packages/airflow/models/baseoperator.py", line 401, in wrapper
    return func(self, *args, **kwargs)
           ^^^^^^^^^^^^^^^^^^^^^^^^^^^
  File "/home/airflow/.local/lib/python3.12/site-packages/airflow/providers/standard/operators/bash.py", line 233, in execute
    raise AirflowException(
airflow.exceptions.AirflowException: Bash command failed. The command returned a non-zero exit code 1.
[2026-03-28T23:56:11.876+0000] {taskinstance.py:1206} INFO - Marking task as FAILED. dag_id=banking_01_bronze_layer, task_id=build_bronze_cust, run_id=scheduled__2026-03-28T23:00:00+00:00, execution_date=20260328T230000, start_date=20260328T235606, end_date=20260328T235611
[2026-03-28T23:56:11.882+0000] {standard_task_runner.py:110} ERROR - Failed to execute job 7021 for task build_bronze_cust (Bash command failed. The command returned a non-zero exit code 1.; 14502)
[2026-03-28T23:56:11.921+0000] {local_task_job_runner.py:243} INFO - Task exited with return code 1
[2026-03-28T23:56:11.931+0000] {taskinstance.py:3503} INFO - 0 downstream tasks scheduled from follow-on schedule check
[2026-03-28T23:56:11.932+0000] {local_task_job_runner.py:222} INFO - ::endgroup::
