[2026-03-30T22:01:38.095+0000] {local_task_job_runner.py:120} INFO - ::group::Pre task execution logs
[2026-03-30T22:01:38.113+0000] {taskinstance.py:2076} INFO - Dependencies all met for dep_context=non-requeueable deps ti=<TaskInstance: banking_01_bronze_layer.build_bronze_acc scheduled__2026-03-30T21:30:00+00:00 [queued]>
[2026-03-30T22:01:38.117+0000] {taskinstance.py:2076} INFO - Dependencies all met for dep_context=requeueable deps ti=<TaskInstance: banking_01_bronze_layer.build_bronze_acc scheduled__2026-03-30T21:30:00+00:00 [queued]>
[2026-03-30T22:01:38.117+0000] {taskinstance.py:2306} INFO - Starting attempt 1 of 2
[2026-03-30T22:01:38.123+0000] {taskinstance.py:2330} INFO - Executing <Task(BashOperator): build_bronze_acc> on 2026-03-30 21:30:00+00:00
[2026-03-30T22:01:38.127+0000] {standard_task_runner.py:64} INFO - Started process 28310 to run task
[2026-03-30T22:01:38.129+0000] {standard_task_runner.py:90} INFO - Running: ['***', 'tasks', 'run', 'banking_01_bronze_layer', 'build_bronze_acc', 'scheduled__2026-03-30T21:30:00+00:00', '--job-id', '8881', '--raw', '--subdir', 'DAGS_FOLDER/dbt.py', '--cfg-path', '/tmp/tmpd5ezn6ct']
[2026-03-30T22:01:38.132+0000] {standard_task_runner.py:91} INFO - Job 8881: Subtask build_bronze_acc
[2026-03-30T22:01:38.181+0000] {task_command.py:426} INFO - Running <TaskInstance: banking_01_bronze_layer.build_bronze_acc scheduled__2026-03-30T21:30:00+00:00 [running]> on host c990dffe13ae
[2026-03-30T22:01:38.247+0000] {taskinstance.py:2648} INFO - Exporting env vars: AIRFLOW_CTX_DAG_OWNER='risheek' AIRFLOW_CTX_DAG_ID='banking_01_bronze_layer' AIRFLOW_CTX_TASK_ID='build_bronze_acc' AIRFLOW_CTX_EXECUTION_DATE='2026-03-30T21:30:00+00:00' AIRFLOW_CTX_TRY_NUMBER='1' AIRFLOW_CTX_DAG_RUN_ID='scheduled__2026-03-30T21:30:00+00:00'
[2026-03-30T22:01:38.248+0000] {taskinstance.py:430} INFO - ::endgroup::
[2026-03-30T22:01:38.248+0000] {subprocess.py:78} INFO - Tmp dir root location: /tmp
[2026-03-30T22:01:38.249+0000] {subprocess.py:88} INFO - Running command: ['/usr/bin/bash', '-c', 'dbt build --select bronze_acc']
[2026-03-30T22:01:38.256+0000] {subprocess.py:99} INFO - Output:
[2026-03-30T22:01:39.600+0000] {subprocess.py:106} INFO - [0m22:01:39  Running with dbt=1.11.7
[2026-03-30T22:01:40.226+0000] {subprocess.py:106} INFO - [0m22:01:40  Registered adapter: snowflake=1.11.3
[2026-03-30T22:01:40.399+0000] {subprocess.py:106} INFO - [0m22:01:40  [[33mWARNING[0m]: Configuration paths exist in your dbt_project.yml file which do not apply to any resources.
[2026-03-30T22:01:40.400+0000] {subprocess.py:106} INFO - There are 1 unused configuration paths:
[2026-03-30T22:01:40.400+0000] {subprocess.py:106} INFO - - models.trans_snowf.example
[2026-03-30T22:01:40.507+0000] {subprocess.py:106} INFO - [0m22:01:40  Found 14 models, 3 sources, 522 macros
[2026-03-30T22:01:40.509+0000] {subprocess.py:106} INFO - [0m22:01:40
[2026-03-30T22:01:40.509+0000] {subprocess.py:106} INFO - [0m22:01:40  Concurrency: 1 threads (target='dev')
[2026-03-30T22:01:40.509+0000] {subprocess.py:106} INFO - [0m22:01:40
[2026-03-30T22:01:42.971+0000] {subprocess.py:106} INFO - [0m22:01:42  1 of 1 START sql incremental model PUBLIC_BRONZE.bronze_acc .................... [RUN]
[2026-03-30T22:01:45.078+0000] {subprocess.py:106} INFO - [0m22:01:45  1 of 1 ERROR creating sql incremental model PUBLIC_BRONZE.bronze_acc ........... [[31mERROR[0m in 2.10s]
[2026-03-30T22:01:45.620+0000] {subprocess.py:106} INFO - [0m22:01:45
[2026-03-30T22:01:45.622+0000] {subprocess.py:106} INFO - [0m22:01:45  Finished running 1 incremental model in 0 hours 0 minutes and 5.11 seconds (5.11s).
[2026-03-30T22:01:45.698+0000] {subprocess.py:106} INFO - [0m22:01:45
[2026-03-30T22:01:45.699+0000] {subprocess.py:106} INFO - [0m22:01:45  [31mCompleted with 1 error, 0 partial successes, and 0 warnings:[0m
[2026-03-30T22:01:45.699+0000] {subprocess.py:106} INFO - [0m22:01:45
[2026-03-30T22:01:45.700+0000] {subprocess.py:106} INFO - [0m22:01:45  [31mFailure in model bronze_acc (models/staging/bronze_acc.sql)[0m
[2026-03-30T22:01:45.700+0000] {subprocess.py:106} INFO - [0m22:01:45    Database Error in model bronze_acc (models/staging/bronze_acc.sql)
[2026-03-30T22:01:45.701+0000] {subprocess.py:106} INFO -   100038 (22018): Numeric value 'DYmd' is not recognized
[2026-03-30T22:01:45.701+0000] {subprocess.py:106} INFO -   compiled code at target/run/trans_snowf/models/staging/bronze_acc.sql
[2026-03-30T22:01:45.702+0000] {subprocess.py:106} INFO - [0m22:01:45
[2026-03-30T22:01:45.702+0000] {subprocess.py:106} INFO - [0m22:01:45    compiled code at target/compiled/trans_snowf/models/staging/bronze_acc.sql
[2026-03-30T22:01:45.703+0000] {subprocess.py:106} INFO - [0m22:01:45
[2026-03-30T22:01:45.703+0000] {subprocess.py:106} INFO - [0m22:01:45  Done. PASS=0 WARN=0 ERROR=1 SKIP=0 NO-OP=0 TOTAL=1
[2026-03-30T22:01:48.372+0000] {subprocess.py:110} INFO - Command exited with return code 1
[2026-03-30T22:01:48.375+0000] {taskinstance.py:441} INFO - ::group::Post task execution logs
[2026-03-30T22:01:48.394+0000] {taskinstance.py:2905} ERROR - Task failed with exception
Traceback (most recent call last):
  File "/home/airflow/.local/lib/python3.12/site-packages/airflow/models/taskinstance.py", line 465, in _execute_task
    result = _execute_callable(context=context, **execute_callable_kwargs)
             ^^^^^^^^^^^^^^^^^^^^^^^^^^^^^^^^^^^^^^^^^^^^^^^^^^^^^^^^^^^^^
  File "/home/airflow/.local/lib/python3.12/site-packages/airflow/models/taskinstance.py", line 432, in _execute_callable
    return execute_callable(context=context, **execute_callable_kwargs)
           ^^^^^^^^^^^^^^^^^^^^^^^^^^^^^^^^^^^^^^^^^^^^^^^^^^^^^^^^^^^^
  File "/home/airflow/.local/lib/python3.12/site-packages/airflow/models/baseoperator.py", line 401, in wrapper
    return func(self, *args, **kwargs)
           ^^^^^^^^^^^^^^^^^^^^^^^^^^^
  File "/home/airflow/.local/lib/python3.12/site-packages/airflow/providers/standard/operators/bash.py", line 233, in execute
    raise AirflowException(
airflow.exceptions.AirflowException: Bash command failed. The command returned a non-zero exit code 1.
[2026-03-30T22:01:48.402+0000] {taskinstance.py:1206} INFO - Marking task as UP_FOR_RETRY. dag_id=banking_01_bronze_layer, task_id=build_bronze_acc, run_id=scheduled__2026-03-30T21:30:00+00:00, execution_date=20260330T213000, start_date=20260330T220138, end_date=20260330T220148
[2026-03-30T22:01:48.422+0000] {standard_task_runner.py:110} ERROR - Failed to execute job 8881 for task build_bronze_acc (Bash command failed. The command returned a non-zero exit code 1.; 28310)
[2026-03-30T22:01:48.456+0000] {local_task_job_runner.py:243} INFO - Task exited with return code 1
[2026-03-30T22:01:48.475+0000] {taskinstance.py:3503} INFO - 0 downstream tasks scheduled from follow-on schedule check
[2026-03-30T22:01:48.476+0000] {local_task_job_runner.py:222} INFO - ::endgroup::
