[2026-02-08T18:41:02.547+0000] {local_task_job_runner.py:120} INFO - ::group::Pre task execution logs
[2026-02-08T18:41:02.563+0000] {taskinstance.py:2076} INFO - Dependencies all met for dep_context=non-requeueable deps ti=<TaskInstance: transfer_from_minio_to_snowflake.create_bronze scheduled__2026-02-08T18:40:00+00:00 [queued]>
[2026-02-08T18:41:02.566+0000] {taskinstance.py:2076} INFO - Dependencies all met for dep_context=requeueable deps ti=<TaskInstance: transfer_from_minio_to_snowflake.create_bronze scheduled__2026-02-08T18:40:00+00:00 [queued]>
[2026-02-08T18:41:02.566+0000] {taskinstance.py:2306} INFO - Starting attempt 1 of 3
[2026-02-08T18:41:02.572+0000] {taskinstance.py:2330} INFO - Executing <Task(SQLExecuteQueryOperator): create_bronze> on 2026-02-08 18:40:00+00:00
[2026-02-08T18:41:02.577+0000] {logging_mixin.py:188} WARNING - /home/***/.local/lib/python3.12/site-packages/***/task/task_runner/standard_task_runner.py:62 DeprecationWarning: This process (pid=10008) is multi-threaded, use of fork() may lead to deadlocks in the child.
[2026-02-08T18:41:02.578+0000] {standard_task_runner.py:64} INFO - Started process 10021 to run task
[2026-02-08T18:41:02.577+0000] {standard_task_runner.py:90} INFO - Running: ['***', 'tasks', 'run', 'transfer_from_minio_to_snowflake', 'create_bronze', 'scheduled__2026-02-08T18:40:00+00:00', '--job-id', '661', '--raw', '--subdir', 'DAGS_FOLDER/transfer.py', '--cfg-path', '/tmp/tmp5qsehf8j']
[2026-02-08T18:41:02.579+0000] {standard_task_runner.py:91} INFO - Job 661: Subtask create_bronze
[2026-02-08T18:41:02.625+0000] {task_command.py:426} INFO - Running <TaskInstance: transfer_from_minio_to_snowflake.create_bronze scheduled__2026-02-08T18:40:00+00:00 [running]> on host 83f212180a9d
[2026-02-08T18:41:02.808+0000] {taskinstance.py:2648} INFO - Exporting env vars: AIRFLOW_CTX_DAG_OWNER='***' AIRFLOW_CTX_DAG_ID='transfer_from_minio_to_snowflake' AIRFLOW_CTX_TASK_ID='create_bronze' AIRFLOW_CTX_EXECUTION_DATE='2026-02-08T18:40:00+00:00' AIRFLOW_CTX_TRY_NUMBER='1' AIRFLOW_CTX_DAG_RUN_ID='scheduled__2026-02-08T18:40:00+00:00'
[2026-02-08T18:41:02.809+0000] {taskinstance.py:430} INFO - ::endgroup::
[2026-02-08T18:41:02.810+0000] {sql.py:282} INFO - Executing:  CREATE TABLE IF NOT EXISTS BRONZE (
                    raw_json VARIANT,
                    inserted_at TIMESTAMP_NTZ DEFAULT CURRENT_TIMESTAMP());
                  
[2026-02-08T18:41:02.820+0000] {base.py:84} INFO - Using connection ID 'warehouse_id' for task execution.
[2026-02-08T18:41:02.858+0000] {base.py:84} INFO - Using connection ID 'warehouse_id' for task execution.
[2026-02-08T18:41:02.898+0000] {connection.py:611} INFO - Snowflake Connector for Python Version: 4.2.0, Python Version: 3.12.4, Platform: Linux-6.12.67-linuxkit-aarch64-with-glibc2.36
[2026-02-08T18:41:02.899+0000] {connection.py:1695} INFO - Connecting to GLOBAL Snowflake domain
[2026-02-08T18:41:05.420+0000] {sql.py:495} INFO - Running statement: CREATE TABLE IF NOT EXISTS BRONZE (
                    raw_json VARIANT,
                    inserted_at TIMESTAMP_NTZ DEFAULT CURRENT_TIMESTAMP());, parameters: None
[2026-02-08T18:41:05.501+0000] {sql.py:504} INFO - Rows affected: 1
[2026-02-08T18:41:05.502+0000] {snowflake.py:422} INFO - Rows affected: 1
[2026-02-08T18:41:05.502+0000] {snowflake.py:423} INFO - Snowflake query id: 01c247e1-0001-8dc2-000c-390200026526
[2026-02-08T18:41:05.664+0000] {taskinstance.py:441} INFO - ::group::Post task execution logs
[2026-02-08T18:41:05.700+0000] {taskinstance.py:1206} INFO - Marking task as SUCCESS. dag_id=transfer_from_minio_to_snowflake, task_id=create_bronze, run_id=scheduled__2026-02-08T18:40:00+00:00, execution_date=20260208T184000, start_date=20260208T184102, end_date=20260208T184105
[2026-02-08T18:41:05.725+0000] {local_task_job_runner.py:243} INFO - Task exited with return code 0
[2026-02-08T18:41:05.750+0000] {taskinstance.py:3503} INFO - 1 downstream tasks scheduled from follow-on schedule check
[2026-02-08T18:41:05.751+0000] {local_task_job_runner.py:222} INFO - ::endgroup::
