[2026-04-03T07:03:11.419+0000] {local_task_job_runner.py:120} INFO - ::group::Pre task execution logs
[2026-04-03T07:03:11.433+0000] {taskinstance.py:2076} INFO - Dependencies all met for dep_context=non-requeueable deps ti=<TaskInstance: banking_01_bronze_layer.build_bronze_trans manual__2026-04-03T07:02:29.730438+00:00 [queued]>
[2026-04-03T07:03:11.437+0000] {taskinstance.py:2076} INFO - Dependencies all met for dep_context=requeueable deps ti=<TaskInstance: banking_01_bronze_layer.build_bronze_trans manual__2026-04-03T07:02:29.730438+00:00 [queued]>
[2026-04-03T07:03:11.437+0000] {taskinstance.py:2306} INFO - Starting attempt 1 of 2
[2026-04-03T07:03:11.442+0000] {taskinstance.py:2330} INFO - Executing <Task(BashOperator): build_bronze_trans> on 2026-04-03 07:02:29.730438+00:00
[2026-04-03T07:03:11.445+0000] {standard_task_runner.py:64} INFO - Started process 2162 to run task
[2026-04-03T07:03:11.446+0000] {standard_task_runner.py:90} INFO - Running: ['***', 'tasks', 'run', 'banking_01_bronze_layer', 'build_bronze_trans', 'manual__2026-04-03T07:02:29.730438+00:00', '--job-id', '9636', '--raw', '--subdir', 'DAGS_FOLDER/dbt.py', '--cfg-path', '/tmp/tmp9eju9iur']
[2026-04-03T07:03:11.447+0000] {standard_task_runner.py:91} INFO - Job 9636: Subtask build_bronze_trans
[2026-04-03T07:03:11.472+0000] {task_command.py:426} INFO - Running <TaskInstance: banking_01_bronze_layer.build_bronze_trans manual__2026-04-03T07:02:29.730438+00:00 [running]> on host c990dffe13ae
[2026-04-03T07:03:11.514+0000] {taskinstance.py:2648} INFO - Exporting env vars: AIRFLOW_CTX_DAG_OWNER='risheek' AIRFLOW_CTX_DAG_ID='banking_01_bronze_layer' AIRFLOW_CTX_TASK_ID='build_bronze_trans' AIRFLOW_CTX_EXECUTION_DATE='2026-04-03T07:02:29.730438+00:00' AIRFLOW_CTX_TRY_NUMBER='1' AIRFLOW_CTX_DAG_RUN_ID='manual__2026-04-03T07:02:29.730438+00:00'
[2026-04-03T07:03:11.514+0000] {taskinstance.py:430} INFO - ::endgroup::
[2026-04-03T07:03:11.515+0000] {subprocess.py:78} INFO - Tmp dir root location: /tmp
[2026-04-03T07:03:11.515+0000] {subprocess.py:88} INFO - Running command: ['/usr/bin/bash', '-c', 'dbt build --select bronze_trans']
[2026-04-03T07:03:11.519+0000] {subprocess.py:99} INFO - Output:
[2026-04-03T07:03:12.821+0000] {subprocess.py:106} INFO - [0m07:03:12  Running with dbt=1.11.7
[2026-04-03T07:03:13.330+0000] {subprocess.py:106} INFO - [0m07:03:13  Registered adapter: snowflake=1.11.3
[2026-04-03T07:03:13.463+0000] {subprocess.py:106} INFO - [0m07:03:13  [[33mWARNING[0m]: Configuration paths exist in your dbt_project.yml file which do not apply to any resources.
[2026-04-03T07:03:13.464+0000] {subprocess.py:106} INFO - There are 1 unused configuration paths:
[2026-04-03T07:03:13.464+0000] {subprocess.py:106} INFO - - models.trans_snowf.example
[2026-04-03T07:03:13.558+0000] {subprocess.py:106} INFO - [0m07:03:13  Found 14 models, 3 sources, 524 macros
[2026-04-03T07:03:13.559+0000] {subprocess.py:106} INFO - [0m07:03:13
[2026-04-03T07:03:13.560+0000] {subprocess.py:106} INFO - [0m07:03:13  Concurrency: 1 threads (target='dev')
[2026-04-03T07:03:13.560+0000] {subprocess.py:106} INFO - [0m07:03:13
[2026-04-03T07:03:15.342+0000] {subprocess.py:106} INFO - [0m07:03:15  1 of 1 START sql incremental model PUBLIC_BRONZE.bronze_trans .................. [RUN]
[2026-04-03T07:03:16.310+0000] {subprocess.py:106} INFO - [0m07:03:16  1 of 1 OK created sql incremental model PUBLIC_BRONZE.bronze_trans ............. [[32mSUCCESS 74[0m in 0.96s]
[2026-04-03T07:03:16.535+0000] {subprocess.py:106} INFO - [0m07:03:16
[2026-04-03T07:03:16.536+0000] {subprocess.py:106} INFO - [0m07:03:16  Finished running 1 incremental model in 0 hours 0 minutes and 2.97 seconds (2.97s).
[2026-04-03T07:03:16.578+0000] {subprocess.py:106} INFO - [0m07:03:16
[2026-04-03T07:03:16.579+0000] {subprocess.py:106} INFO - [0m07:03:16  [32mCompleted successfully[0m
[2026-04-03T07:03:16.579+0000] {subprocess.py:106} INFO - [0m07:03:16
[2026-04-03T07:03:16.579+0000] {subprocess.py:106} INFO - [0m07:03:16  Done. PASS=1 WARN=0 ERROR=0 SKIP=0 NO-OP=0 TOTAL=1
[2026-04-03T07:03:22.450+0000] {subprocess.py:110} INFO - Command exited with return code 0
[2026-04-03T07:03:22.451+0000] {taskinstance.py:441} INFO - ::group::Post task execution logs
[2026-04-03T07:03:22.475+0000] {taskinstance.py:1206} INFO - Marking task as SUCCESS. dag_id=banking_01_bronze_layer, task_id=build_bronze_trans, run_id=manual__2026-04-03T07:02:29.730438+00:00, execution_date=20260403T070229, start_date=20260403T070311, end_date=20260403T070322
[2026-04-03T07:03:22.521+0000] {local_task_job_runner.py:243} INFO - Task exited with return code 0
[2026-04-03T07:03:22.534+0000] {taskinstance.py:3503} INFO - 0 downstream tasks scheduled from follow-on schedule check
[2026-04-03T07:03:22.535+0000] {local_task_job_runner.py:222} INFO - ::endgroup::
