[2026-03-30T18:09:23.787+0000] {local_task_job_runner.py:120} INFO - ::group::Pre task execution logs
[2026-03-30T18:09:23.808+0000] {taskinstance.py:2076} INFO - Dependencies all met for dep_context=non-requeueable deps ti=<TaskInstance: banking_01_bronze_layer.build_bronze_cust scheduled__2026-03-30T17:30:00+00:00 [queued]>
[2026-03-30T18:09:23.815+0000] {taskinstance.py:2076} INFO - Dependencies all met for dep_context=requeueable deps ti=<TaskInstance: banking_01_bronze_layer.build_bronze_cust scheduled__2026-03-30T17:30:00+00:00 [queued]>
[2026-03-30T18:09:23.815+0000] {taskinstance.py:2306} INFO - Starting attempt 1 of 2
[2026-03-30T18:09:23.830+0000] {taskinstance.py:2330} INFO - Executing <Task(BashOperator): build_bronze_cust> on 2026-03-30 17:30:00+00:00
[2026-03-30T18:09:23.835+0000] {standard_task_runner.py:64} INFO - Started process 22183 to run task
[2026-03-30T18:09:23.837+0000] {standard_task_runner.py:90} INFO - Running: ['***', 'tasks', 'run', 'banking_01_bronze_layer', 'build_bronze_cust', 'scheduled__2026-03-30T17:30:00+00:00', '--job-id', '8588', '--raw', '--subdir', 'DAGS_FOLDER/dbt.py', '--cfg-path', '/tmp/tmp2yihsytt']
[2026-03-30T18:09:23.842+0000] {standard_task_runner.py:91} INFO - Job 8588: Subtask build_bronze_cust
[2026-03-30T18:09:23.949+0000] {task_command.py:426} INFO - Running <TaskInstance: banking_01_bronze_layer.build_bronze_cust scheduled__2026-03-30T17:30:00+00:00 [running]> on host c990dffe13ae
[2026-03-30T18:09:24.045+0000] {taskinstance.py:2648} INFO - Exporting env vars: AIRFLOW_CTX_DAG_OWNER='risheek' AIRFLOW_CTX_DAG_ID='banking_01_bronze_layer' AIRFLOW_CTX_TASK_ID='build_bronze_cust' AIRFLOW_CTX_EXECUTION_DATE='2026-03-30T17:30:00+00:00' AIRFLOW_CTX_TRY_NUMBER='1' AIRFLOW_CTX_DAG_RUN_ID='scheduled__2026-03-30T17:30:00+00:00'
[2026-03-30T18:09:24.045+0000] {taskinstance.py:430} INFO - ::endgroup::
[2026-03-30T18:09:24.046+0000] {subprocess.py:78} INFO - Tmp dir root location: /tmp
[2026-03-30T18:09:24.047+0000] {subprocess.py:88} INFO - Running command: ['/usr/bin/bash', '-c', 'dbt build --select bronze_cust']
[2026-03-30T18:09:24.053+0000] {subprocess.py:99} INFO - Output:
[2026-03-30T18:09:25.571+0000] {subprocess.py:106} INFO - [0m18:09:25  Running with dbt=1.11.7
[2026-03-30T18:09:26.351+0000] {subprocess.py:106} INFO - [0m18:09:26  Registered adapter: snowflake=1.11.3
[2026-03-30T18:09:26.559+0000] {subprocess.py:106} INFO - [0m18:09:26  [[33mWARNING[0m]: Configuration paths exist in your dbt_project.yml file which do not apply to any resources.
[2026-03-30T18:09:26.559+0000] {subprocess.py:106} INFO - There are 1 unused configuration paths:
[2026-03-30T18:09:26.560+0000] {subprocess.py:106} INFO - - models.trans_snowf.example
[2026-03-30T18:09:26.734+0000] {subprocess.py:106} INFO - [0m18:09:26  Found 14 models, 3 sources, 522 macros
[2026-03-30T18:09:26.737+0000] {subprocess.py:106} INFO - [0m18:09:26
[2026-03-30T18:09:26.737+0000] {subprocess.py:106} INFO - [0m18:09:26  Concurrency: 1 threads (target='dev')
[2026-03-30T18:09:26.738+0000] {subprocess.py:106} INFO - [0m18:09:26
[2026-03-30T18:09:29.300+0000] {subprocess.py:106} INFO - [0m18:09:29  1 of 1 START sql incremental model PUBLIC_BRONZE.bronze_cust ................... [RUN]
[2026-03-30T18:09:32.150+0000] {subprocess.py:106} INFO - [0m18:09:32  1 of 1 OK created sql incremental model PUBLIC_BRONZE.bronze_cust .............. [[32mSUCCESS 0[0m in 2.84s]
[2026-03-30T18:09:32.511+0000] {subprocess.py:106} INFO - [0m18:09:32
[2026-03-30T18:09:32.513+0000] {subprocess.py:106} INFO - [0m18:09:32  Finished running 1 incremental model in 0 hours 0 minutes and 5.77 seconds (5.77s).
[2026-03-30T18:09:32.578+0000] {subprocess.py:106} INFO - [0m18:09:32
[2026-03-30T18:09:32.578+0000] {subprocess.py:106} INFO - [0m18:09:32  [32mCompleted successfully[0m
[2026-03-30T18:09:32.579+0000] {subprocess.py:106} INFO - [0m18:09:32
[2026-03-30T18:09:32.579+0000] {subprocess.py:106} INFO - [0m18:09:32  Done. PASS=1 WARN=0 ERROR=0 SKIP=0 NO-OP=0 TOTAL=1
[2026-03-30T18:09:34.162+0000] {subprocess.py:110} INFO - Command exited with return code 0
[2026-03-30T18:09:34.165+0000] {taskinstance.py:441} INFO - ::group::Post task execution logs
[2026-03-30T18:09:34.213+0000] {taskinstance.py:1206} INFO - Marking task as SUCCESS. dag_id=banking_01_bronze_layer, task_id=build_bronze_cust, run_id=scheduled__2026-03-30T17:30:00+00:00, execution_date=20260330T173000, start_date=20260330T180923, end_date=20260330T180934
[2026-03-30T18:09:34.257+0000] {local_task_job_runner.py:243} INFO - Task exited with return code 0
[2026-03-30T18:09:34.273+0000] {taskinstance.py:3503} INFO - 0 downstream tasks scheduled from follow-on schedule check
[2026-03-30T18:09:34.274+0000] {local_task_job_runner.py:222} INFO - ::endgroup::
