[2026-04-03T06:20:38.177+0000] {local_task_job_runner.py:120} INFO - ::group::Pre task execution logs
[2026-04-03T06:20:38.193+0000] {taskinstance.py:2076} INFO - Dependencies all met for dep_context=non-requeueable deps ti=<TaskInstance: banking_01_bronze_layer.build_bronze_acc manual__2026-04-03T06:14:40.696679+00:00 [queued]>
[2026-04-03T06:20:38.197+0000] {taskinstance.py:2076} INFO - Dependencies all met for dep_context=requeueable deps ti=<TaskInstance: banking_01_bronze_layer.build_bronze_acc manual__2026-04-03T06:14:40.696679+00:00 [queued]>
[2026-04-03T06:20:38.197+0000] {taskinstance.py:2306} INFO - Starting attempt 2 of 2
[2026-04-03T06:20:38.203+0000] {taskinstance.py:2330} INFO - Executing <Task(BashOperator): build_bronze_acc> on 2026-04-03 06:14:40.696679+00:00
[2026-04-03T06:20:38.206+0000] {standard_task_runner.py:64} INFO - Started process 798 to run task
[2026-04-03T06:20:38.208+0000] {standard_task_runner.py:90} INFO - Running: ['***', 'tasks', 'run', 'banking_01_bronze_layer', 'build_bronze_acc', 'manual__2026-04-03T06:14:40.696679+00:00', '--job-id', '9590', '--raw', '--subdir', 'DAGS_FOLDER/dbt.py', '--cfg-path', '/tmp/tmpvwmyrdwm']
[2026-04-03T06:20:38.209+0000] {standard_task_runner.py:91} INFO - Job 9590: Subtask build_bronze_acc
[2026-04-03T06:20:38.241+0000] {task_command.py:426} INFO - Running <TaskInstance: banking_01_bronze_layer.build_bronze_acc manual__2026-04-03T06:14:40.696679+00:00 [running]> on host c990dffe13ae
[2026-04-03T06:20:38.287+0000] {taskinstance.py:2648} INFO - Exporting env vars: AIRFLOW_CTX_DAG_OWNER='risheek' AIRFLOW_CTX_DAG_ID='banking_01_bronze_layer' AIRFLOW_CTX_TASK_ID='build_bronze_acc' AIRFLOW_CTX_EXECUTION_DATE='2026-04-03T06:14:40.696679+00:00' AIRFLOW_CTX_TRY_NUMBER='2' AIRFLOW_CTX_DAG_RUN_ID='manual__2026-04-03T06:14:40.696679+00:00'
[2026-04-03T06:20:38.288+0000] {taskinstance.py:430} INFO - ::endgroup::
[2026-04-03T06:20:38.288+0000] {subprocess.py:78} INFO - Tmp dir root location: /tmp
[2026-04-03T06:20:38.289+0000] {subprocess.py:88} INFO - Running command: ['/usr/bin/bash', '-c', 'dbt build --select bronze_acc']
[2026-04-03T06:20:38.296+0000] {subprocess.py:99} INFO - Output:
[2026-04-03T06:20:39.492+0000] {subprocess.py:106} INFO - [0m06:20:39  Running with dbt=1.11.7
[2026-04-03T06:20:40.121+0000] {subprocess.py:106} INFO - [0m06:20:40  Registered adapter: snowflake=1.11.3
[2026-04-03T06:20:40.338+0000] {subprocess.py:106} INFO - [0m06:20:40  [[33mWARNING[0m]: Configuration paths exist in your dbt_project.yml file which do not apply to any resources.
[2026-04-03T06:20:40.339+0000] {subprocess.py:106} INFO - There are 1 unused configuration paths:
[2026-04-03T06:20:40.339+0000] {subprocess.py:106} INFO - - models.trans_snowf.example
[2026-04-03T06:20:40.452+0000] {subprocess.py:106} INFO - [0m06:20:40  Found 14 models, 3 sources, 522 macros
[2026-04-03T06:20:40.453+0000] {subprocess.py:106} INFO - [0m06:20:40
[2026-04-03T06:20:40.454+0000] {subprocess.py:106} INFO - [0m06:20:40  Concurrency: 1 threads (target='dev')
[2026-04-03T06:20:40.454+0000] {subprocess.py:106} INFO - [0m06:20:40
[2026-04-03T06:20:43.176+0000] {subprocess.py:106} INFO - [0m06:20:43  1 of 1 START sql incremental model PUBLIC_BRONZE.bronze_acc .................... [RUN]
[2026-04-03T06:20:43.528+0000] {subprocess.py:106} INFO - [0m06:20:43  1 of 1 ERROR creating sql incremental model PUBLIC_BRONZE.bronze_acc ........... [[31mERROR[0m in 0.35s]
[2026-04-03T06:20:43.948+0000] {subprocess.py:106} INFO - [0m06:20:43
[2026-04-03T06:20:43.949+0000] {subprocess.py:106} INFO - [0m06:20:43  Finished running 1 incremental model in 0 hours 0 minutes and 3.49 seconds (3.49s).
[2026-04-03T06:20:44.011+0000] {subprocess.py:106} INFO - [0m06:20:44
[2026-04-03T06:20:44.011+0000] {subprocess.py:106} INFO - [0m06:20:44  [31mCompleted with 1 error, 0 partial successes, and 0 warnings:[0m
[2026-04-03T06:20:44.012+0000] {subprocess.py:106} INFO - [0m06:20:44
[2026-04-03T06:20:44.012+0000] {subprocess.py:106} INFO - [0m06:20:44  [31mFailure in model bronze_acc (models/staging/bronze_acc.sql)[0m
[2026-04-03T06:20:44.013+0000] {subprocess.py:106} INFO - [0m06:20:44    Database Error in model bronze_acc (models/staging/bronze_acc.sql)
[2026-04-03T06:20:44.013+0000] {subprocess.py:106} INFO -   002140 (42601): SQL compilation error:
[2026-04-03T06:20:44.013+0000] {subprocess.py:106} INFO -   Unknown function UNPACK
[2026-04-03T06:20:44.014+0000] {subprocess.py:106} INFO -   compiled code at target/run/trans_snowf/models/staging/bronze_acc.sql
[2026-04-03T06:20:44.014+0000] {subprocess.py:106} INFO - [0m06:20:44
[2026-04-03T06:20:44.014+0000] {subprocess.py:106} INFO - [0m06:20:44    compiled code at target/compiled/trans_snowf/models/staging/bronze_acc.sql
[2026-04-03T06:20:44.014+0000] {subprocess.py:106} INFO - [0m06:20:44
[2026-04-03T06:20:44.015+0000] {subprocess.py:106} INFO - [0m06:20:44  Done. PASS=0 WARN=0 ERROR=1 SKIP=0 NO-OP=0 TOTAL=1
[2026-04-03T06:20:49.995+0000] {subprocess.py:110} INFO - Command exited with return code 1
[2026-04-03T06:20:49.997+0000] {taskinstance.py:441} INFO - ::group::Post task execution logs
[2026-04-03T06:20:50.016+0000] {taskinstance.py:2905} ERROR - Task failed with exception
Traceback (most recent call last):
  File "/home/airflow/.local/lib/python3.12/site-packages/airflow/models/taskinstance.py", line 465, in _execute_task
    result = _execute_callable(context=context, **execute_callable_kwargs)
             ^^^^^^^^^^^^^^^^^^^^^^^^^^^^^^^^^^^^^^^^^^^^^^^^^^^^^^^^^^^^^
  File "/home/airflow/.local/lib/python3.12/site-packages/airflow/models/taskinstance.py", line 432, in _execute_callable
    return execute_callable(context=context, **execute_callable_kwargs)
           ^^^^^^^^^^^^^^^^^^^^^^^^^^^^^^^^^^^^^^^^^^^^^^^^^^^^^^^^^^^^
  File "/home/airflow/.local/lib/python3.12/site-packages/airflow/models/baseoperator.py", line 401, in wrapper
    return func(self, *args, **kwargs)
           ^^^^^^^^^^^^^^^^^^^^^^^^^^^
  File "/home/airflow/.local/lib/python3.12/site-packages/airflow/providers/standard/operators/bash.py", line 233, in execute
    raise AirflowException(
airflow.exceptions.AirflowException: Bash command failed. The command returned a non-zero exit code 1.
[2026-04-03T06:20:50.026+0000] {taskinstance.py:1206} INFO - Marking task as FAILED. dag_id=banking_01_bronze_layer, task_id=build_bronze_acc, run_id=manual__2026-04-03T06:14:40.696679+00:00, execution_date=20260403T061440, start_date=20260403T062038, end_date=20260403T062050
[2026-04-03T06:20:50.045+0000] {standard_task_runner.py:110} ERROR - Failed to execute job 9590 for task build_bronze_acc (Bash command failed. The command returned a non-zero exit code 1.; 798)
[2026-04-03T06:20:50.092+0000] {local_task_job_runner.py:243} INFO - Task exited with return code 1
[2026-04-03T06:20:50.131+0000] {taskinstance.py:3503} INFO - 0 downstream tasks scheduled from follow-on schedule check
[2026-04-03T06:20:50.134+0000] {local_task_job_runner.py:222} INFO - ::endgroup::
