[2026-03-28T11:53:56.716+0000] {local_task_job_runner.py:120} INFO - ::group::Pre task execution logs
[2026-03-28T11:53:56.732+0000] {taskinstance.py:2076} INFO - Dependencies all met for dep_context=non-requeueable deps ti=<TaskInstance: banking_01_bronze_layer.build_bronze_cust manual__2026-03-28T11:53:30.680905+00:00 [queued]>
[2026-03-28T11:53:56.735+0000] {taskinstance.py:2076} INFO - Dependencies all met for dep_context=requeueable deps ti=<TaskInstance: banking_01_bronze_layer.build_bronze_cust manual__2026-03-28T11:53:30.680905+00:00 [queued]>
[2026-03-28T11:53:56.735+0000] {taskinstance.py:2306} INFO - Starting attempt 1 of 2
[2026-03-28T11:53:56.741+0000] {taskinstance.py:2330} INFO - Executing <Task(BashOperator): build_bronze_cust> on 2026-03-28 11:53:30.680905+00:00
[2026-03-28T11:53:56.745+0000] {standard_task_runner.py:64} INFO - Started process 7782 to run task
[2026-03-28T11:53:56.747+0000] {standard_task_runner.py:90} INFO - Running: ['***', 'tasks', 'run', 'banking_01_bronze_layer', 'build_bronze_cust', 'manual__2026-03-28T11:53:30.680905+00:00', '--job-id', '6794', '--raw', '--subdir', 'DAGS_FOLDER/dbt.py', '--cfg-path', '/tmp/tmptco5j447']
[2026-03-28T11:53:56.748+0000] {standard_task_runner.py:91} INFO - Job 6794: Subtask build_bronze_cust
[2026-03-28T11:53:56.774+0000] {task_command.py:426} INFO - Running <TaskInstance: banking_01_bronze_layer.build_bronze_cust manual__2026-03-28T11:53:30.680905+00:00 [running]> on host c990dffe13ae
[2026-03-28T11:53:56.815+0000] {taskinstance.py:2648} INFO - Exporting env vars: AIRFLOW_CTX_DAG_OWNER='risheek' AIRFLOW_CTX_DAG_ID='banking_01_bronze_layer' AIRFLOW_CTX_TASK_ID='build_bronze_cust' AIRFLOW_CTX_EXECUTION_DATE='2026-03-28T11:53:30.680905+00:00' AIRFLOW_CTX_TRY_NUMBER='1' AIRFLOW_CTX_DAG_RUN_ID='manual__2026-03-28T11:53:30.680905+00:00'
[2026-03-28T11:53:56.816+0000] {taskinstance.py:430} INFO - ::endgroup::
[2026-03-28T11:53:56.816+0000] {subprocess.py:78} INFO - Tmp dir root location: /tmp
[2026-03-28T11:53:56.817+0000] {subprocess.py:88} INFO - Running command: ['/usr/bin/bash', '-c', 'dbt build --select bronze_cust']
[2026-03-28T11:53:56.820+0000] {subprocess.py:99} INFO - Output:
[2026-03-28T11:53:58.034+0000] {subprocess.py:106} INFO - [0m11:53:58  Running with dbt=1.11.7
[2026-03-28T11:53:58.558+0000] {subprocess.py:106} INFO - [0m11:53:58  Registered adapter: snowflake=1.11.3
[2026-03-28T11:53:58.713+0000] {subprocess.py:106} INFO - [0m11:53:58  [[33mWARNING[0m]: Configuration paths exist in your dbt_project.yml file which do not apply to any resources.
[2026-03-28T11:53:58.713+0000] {subprocess.py:106} INFO - There are 1 unused configuration paths:
[2026-03-28T11:53:58.713+0000] {subprocess.py:106} INFO - - models.trans_snowf.example
[2026-03-28T11:53:58.821+0000] {subprocess.py:106} INFO - [0m11:53:58  Found 14 models, 3 sources, 522 macros
[2026-03-28T11:53:58.825+0000] {subprocess.py:106} INFO - [0m11:53:58
[2026-03-28T11:53:58.825+0000] {subprocess.py:106} INFO - [0m11:53:58  Concurrency: 1 threads (target='dev')
[2026-03-28T11:53:58.826+0000] {subprocess.py:106} INFO - [0m11:53:58
[2026-03-28T11:54:01.164+0000] {subprocess.py:106} INFO - [0m11:54:01  1 of 1 START sql incremental model PUBLIC_BRONZE.bronze_cust ................... [RUN]
[2026-03-28T11:54:01.444+0000] {subprocess.py:106} INFO - [0m11:54:01  1 of 1 ERROR creating sql incremental model PUBLIC_BRONZE.bronze_cust .......... [[31mERROR[0m in 0.27s]
[2026-03-28T11:54:01.693+0000] {subprocess.py:106} INFO - [0m11:54:01
[2026-03-28T11:54:01.694+0000] {subprocess.py:106} INFO - [0m11:54:01  Finished running 1 incremental model in 0 hours 0 minutes and 2.87 seconds (2.87s).
[2026-03-28T11:54:01.769+0000] {subprocess.py:106} INFO - [0m11:54:01
[2026-03-28T11:54:01.771+0000] {subprocess.py:106} INFO - [0m11:54:01  [31mCompleted with 1 error, 0 partial successes, and 0 warnings:[0m
[2026-03-28T11:54:01.771+0000] {subprocess.py:106} INFO - [0m11:54:01
[2026-03-28T11:54:01.773+0000] {subprocess.py:106} INFO - [0m11:54:01  [31mFailure in model bronze_cust (models/staging/bronze_cust.sql)[0m
[2026-03-28T11:54:01.776+0000] {subprocess.py:106} INFO - [0m11:54:01    Database Error in model bronze_cust (models/staging/bronze_cust.sql)
[2026-03-28T11:54:01.777+0000] {subprocess.py:106} INFO -   000904 (42000): SQL compilation error: error line 14 at position 8
[2026-03-28T11:54:01.777+0000] {subprocess.py:106} INFO -   invalid identifier 'PAYLOAD'
[2026-03-28T11:54:01.780+0000] {subprocess.py:106} INFO -   compiled code at target/run/trans_snowf/models/staging/bronze_cust.sql
[2026-03-28T11:54:01.782+0000] {subprocess.py:106} INFO - [0m11:54:01
[2026-03-28T11:54:01.783+0000] {subprocess.py:106} INFO - [0m11:54:01    compiled code at target/compiled/trans_snowf/models/staging/bronze_cust.sql
[2026-03-28T11:54:01.783+0000] {subprocess.py:106} INFO - [0m11:54:01
[2026-03-28T11:54:01.783+0000] {subprocess.py:106} INFO - [0m11:54:01  Done. PASS=0 WARN=0 ERROR=1 SKIP=0 NO-OP=0 TOTAL=1
[2026-03-28T11:54:05.822+0000] {subprocess.py:110} INFO - Command exited with return code 1
[2026-03-28T11:54:05.825+0000] {taskinstance.py:441} INFO - ::group::Post task execution logs
[2026-03-28T11:54:05.848+0000] {taskinstance.py:2905} ERROR - Task failed with exception
Traceback (most recent call last):
  File "/home/airflow/.local/lib/python3.12/site-packages/airflow/models/taskinstance.py", line 465, in _execute_task
    result = _execute_callable(context=context, **execute_callable_kwargs)
             ^^^^^^^^^^^^^^^^^^^^^^^^^^^^^^^^^^^^^^^^^^^^^^^^^^^^^^^^^^^^^
  File "/home/airflow/.local/lib/python3.12/site-packages/airflow/models/taskinstance.py", line 432, in _execute_callable
    return execute_callable(context=context, **execute_callable_kwargs)
           ^^^^^^^^^^^^^^^^^^^^^^^^^^^^^^^^^^^^^^^^^^^^^^^^^^^^^^^^^^^^
  File "/home/airflow/.local/lib/python3.12/site-packages/airflow/models/baseoperator.py", line 401, in wrapper
    return func(self, *args, **kwargs)
           ^^^^^^^^^^^^^^^^^^^^^^^^^^^
  File "/home/airflow/.local/lib/python3.12/site-packages/airflow/providers/standard/operators/bash.py", line 233, in execute
    raise AirflowException(
airflow.exceptions.AirflowException: Bash command failed. The command returned a non-zero exit code 1.
[2026-03-28T11:54:05.853+0000] {taskinstance.py:1206} INFO - Marking task as UP_FOR_RETRY. dag_id=banking_01_bronze_layer, task_id=build_bronze_cust, run_id=manual__2026-03-28T11:53:30.680905+00:00, execution_date=20260328T115330, start_date=20260328T115356, end_date=20260328T115405
[2026-03-28T11:54:05.871+0000] {standard_task_runner.py:110} ERROR - Failed to execute job 6794 for task build_bronze_cust (Bash command failed. The command returned a non-zero exit code 1.; 7782)
[2026-03-28T11:54:05.906+0000] {local_task_job_runner.py:243} INFO - Task exited with return code 1
[2026-03-28T11:54:05.930+0000] {taskinstance.py:3503} INFO - 0 downstream tasks scheduled from follow-on schedule check
[2026-03-28T11:54:05.931+0000] {local_task_job_runner.py:222} INFO - ::endgroup::
