[2026-03-28T06:39:10.666+0000] {local_task_job_runner.py:120} INFO - ::group::Pre task execution logs
[2026-03-28T06:39:10.681+0000] {taskinstance.py:2076} INFO - Dependencies all met for dep_context=non-requeueable deps ti=<TaskInstance: banking_01_bronze_layer.build_bronze_acc scheduled__2026-03-28T05:00:00+00:00 [queued]>
[2026-03-28T06:39:10.685+0000] {taskinstance.py:2076} INFO - Dependencies all met for dep_context=requeueable deps ti=<TaskInstance: banking_01_bronze_layer.build_bronze_acc scheduled__2026-03-28T05:00:00+00:00 [queued]>
[2026-03-28T06:39:10.685+0000] {taskinstance.py:2306} INFO - Starting attempt 1 of 2
[2026-03-28T06:39:10.696+0000] {taskinstance.py:2330} INFO - Executing <Task(BashOperator): build_bronze_acc> on 2026-03-28 05:00:00+00:00
[2026-03-28T06:39:10.703+0000] {standard_task_runner.py:64} INFO - Started process 55255 to run task
[2026-03-28T06:39:10.706+0000] {standard_task_runner.py:90} INFO - Running: ['***', 'tasks', 'run', 'banking_01_bronze_layer', 'build_bronze_acc', 'scheduled__2026-03-28T05:00:00+00:00', '--job-id', '6283', '--raw', '--subdir', 'DAGS_FOLDER/dbt.py', '--cfg-path', '/tmp/tmpgl69hw80']
[2026-03-28T06:39:10.708+0000] {standard_task_runner.py:91} INFO - Job 6283: Subtask build_bronze_acc
[2026-03-28T06:39:10.746+0000] {task_command.py:426} INFO - Running <TaskInstance: banking_01_bronze_layer.build_bronze_acc scheduled__2026-03-28T05:00:00+00:00 [running]> on host c990dffe13ae
[2026-03-28T06:39:10.797+0000] {taskinstance.py:2648} INFO - Exporting env vars: AIRFLOW_CTX_DAG_OWNER='risheek' AIRFLOW_CTX_DAG_ID='banking_01_bronze_layer' AIRFLOW_CTX_TASK_ID='build_bronze_acc' AIRFLOW_CTX_EXECUTION_DATE='2026-03-28T05:00:00+00:00' AIRFLOW_CTX_TRY_NUMBER='1' AIRFLOW_CTX_DAG_RUN_ID='scheduled__2026-03-28T05:00:00+00:00'
[2026-03-28T06:39:10.798+0000] {taskinstance.py:430} INFO - ::endgroup::
[2026-03-28T06:39:10.798+0000] {subprocess.py:78} INFO - Tmp dir root location: /tmp
[2026-03-28T06:39:10.799+0000] {subprocess.py:88} INFO - Running command: ['/usr/bin/bash', '-c', 'dbt build --select bronze_acc']
[2026-03-28T06:39:10.802+0000] {subprocess.py:99} INFO - Output:
[2026-03-28T06:39:12.228+0000] {subprocess.py:106} INFO - [0m06:39:12  Running with dbt=1.11.7
[2026-03-28T06:39:12.796+0000] {subprocess.py:106} INFO - [0m06:39:12  Registered adapter: snowflake=1.11.3
[2026-03-28T06:39:12.955+0000] {subprocess.py:106} INFO - [0m06:39:12  [[33mWARNING[0m]: Configuration paths exist in your dbt_project.yml file which do not apply to any resources.
[2026-03-28T06:39:12.955+0000] {subprocess.py:106} INFO - There are 1 unused configuration paths:
[2026-03-28T06:39:12.956+0000] {subprocess.py:106} INFO - - models.trans_snowf.example
[2026-03-28T06:39:13.064+0000] {subprocess.py:106} INFO - [0m06:39:13  Found 14 models, 3 sources, 522 macros
[2026-03-28T06:39:13.065+0000] {subprocess.py:106} INFO - [0m06:39:13
[2026-03-28T06:39:13.066+0000] {subprocess.py:106} INFO - [0m06:39:13  Concurrency: 1 threads (target='dev')
[2026-03-28T06:39:13.066+0000] {subprocess.py:106} INFO - [0m06:39:13
[2026-03-28T06:39:15.507+0000] {subprocess.py:106} INFO - [0m06:39:15
[2026-03-28T06:39:15.512+0000] {subprocess.py:106} INFO - [0m06:39:15  Finished running  in 0 hours 0 minutes and 2.44 seconds (2.44s).
[2026-03-28T06:39:15.513+0000] {subprocess.py:106} INFO - [0m06:39:15  Encountered an error:
[2026-03-28T06:39:15.513+0000] {subprocess.py:106} INFO - Runtime Error
[2026-03-28T06:39:15.513+0000] {subprocess.py:106} INFO -   Database error while listing schemas in database "BANKING"
[2026-03-28T06:39:15.514+0000] {subprocess.py:106} INFO -   Database Error
[2026-03-28T06:39:15.514+0000] {subprocess.py:106} INFO -     250001 (08001): Failed to connect to DB: BBMCDSP-CT02489.snowflakecomputing.com:443. JWT token is invalid. [1a52ee02-1ed7-4a95-ae9e-6f391f37f12a]
[2026-03-28T06:39:18.032+0000] {subprocess.py:110} INFO - Command exited with return code 2
[2026-03-28T06:39:18.035+0000] {taskinstance.py:441} INFO - ::group::Post task execution logs
[2026-03-28T06:39:18.055+0000] {taskinstance.py:2905} ERROR - Task failed with exception
Traceback (most recent call last):
  File "/home/airflow/.local/lib/python3.12/site-packages/airflow/models/taskinstance.py", line 465, in _execute_task
    result = _execute_callable(context=context, **execute_callable_kwargs)
             ^^^^^^^^^^^^^^^^^^^^^^^^^^^^^^^^^^^^^^^^^^^^^^^^^^^^^^^^^^^^^
  File "/home/airflow/.local/lib/python3.12/site-packages/airflow/models/taskinstance.py", line 432, in _execute_callable
    return execute_callable(context=context, **execute_callable_kwargs)
           ^^^^^^^^^^^^^^^^^^^^^^^^^^^^^^^^^^^^^^^^^^^^^^^^^^^^^^^^^^^^
  File "/home/airflow/.local/lib/python3.12/site-packages/airflow/models/baseoperator.py", line 401, in wrapper
    return func(self, *args, **kwargs)
           ^^^^^^^^^^^^^^^^^^^^^^^^^^^
  File "/home/airflow/.local/lib/python3.12/site-packages/airflow/providers/standard/operators/bash.py", line 233, in execute
    raise AirflowException(
airflow.exceptions.AirflowException: Bash command failed. The command returned a non-zero exit code 2.
[2026-03-28T06:39:18.063+0000] {taskinstance.py:1206} INFO - Marking task as UP_FOR_RETRY. dag_id=banking_01_bronze_layer, task_id=build_bronze_acc, run_id=scheduled__2026-03-28T05:00:00+00:00, execution_date=20260328T050000, start_date=20260328T063910, end_date=20260328T063918
[2026-03-28T06:39:18.075+0000] {standard_task_runner.py:110} ERROR - Failed to execute job 6283 for task build_bronze_acc (Bash command failed. The command returned a non-zero exit code 2.; 55255)
[2026-03-28T06:39:18.103+0000] {local_task_job_runner.py:243} INFO - Task exited with return code 1
[2026-03-28T06:39:18.122+0000] {taskinstance.py:3503} INFO - 0 downstream tasks scheduled from follow-on schedule check
[2026-03-28T06:39:18.123+0000] {local_task_job_runner.py:222} INFO - ::endgroup::
