[2026-04-04T05:25:27.182+0000] {local_task_job_runner.py:120} INFO - ::group::Pre task execution logs
[2026-04-04T05:25:27.198+0000] {taskinstance.py:2076} INFO - Dependencies all met for dep_context=non-requeueable deps ti=<TaskInstance: banking_01_gold_layer.build_gold_cust manual__2026-04-04T05:25:04.443649+00:00 [queued]>
[2026-04-04T05:25:27.201+0000] {taskinstance.py:2076} INFO - Dependencies all met for dep_context=requeueable deps ti=<TaskInstance: banking_01_gold_layer.build_gold_cust manual__2026-04-04T05:25:04.443649+00:00 [queued]>
[2026-04-04T05:25:27.201+0000] {taskinstance.py:2306} INFO - Starting attempt 1 of 2
[2026-04-04T05:25:27.207+0000] {taskinstance.py:2330} INFO - Executing <Task(BashOperator): build_gold_cust> on 2026-04-04 05:25:04.443649+00:00
[2026-04-04T05:25:27.210+0000] {standard_task_runner.py:64} INFO - Started process 104 to run task
[2026-04-04T05:25:27.212+0000] {standard_task_runner.py:90} INFO - Running: ['***', 'tasks', 'run', 'banking_01_gold_layer', 'build_gold_cust', 'manual__2026-04-04T05:25:04.443649+00:00', '--job-id', '9662', '--raw', '--subdir', 'DAGS_FOLDER/dbt.py', '--cfg-path', '/tmp/tmpc41n0l9e']
[2026-04-04T05:25:27.213+0000] {standard_task_runner.py:91} INFO - Job 9662: Subtask build_gold_cust
[2026-04-04T05:25:27.239+0000] {task_command.py:426} INFO - Running <TaskInstance: banking_01_gold_layer.build_gold_cust manual__2026-04-04T05:25:04.443649+00:00 [running]> on host c990dffe13ae
[2026-04-04T05:25:27.281+0000] {taskinstance.py:2648} INFO - Exporting env vars: AIRFLOW_CTX_DAG_OWNER='risheek' AIRFLOW_CTX_DAG_ID='banking_01_gold_layer' AIRFLOW_CTX_TASK_ID='build_gold_cust' AIRFLOW_CTX_EXECUTION_DATE='2026-04-04T05:25:04.443649+00:00' AIRFLOW_CTX_TRY_NUMBER='1' AIRFLOW_CTX_DAG_RUN_ID='manual__2026-04-04T05:25:04.443649+00:00'
[2026-04-04T05:25:27.282+0000] {taskinstance.py:430} INFO - ::endgroup::
[2026-04-04T05:25:27.283+0000] {subprocess.py:78} INFO - Tmp dir root location: /tmp
[2026-04-04T05:25:27.283+0000] {subprocess.py:88} INFO - Running command: ['/usr/bin/bash', '-c', 'dbt build --select gold_cust']
[2026-04-04T05:25:27.287+0000] {subprocess.py:99} INFO - Output:
[2026-04-04T05:25:28.668+0000] {subprocess.py:106} INFO - [0m05:25:28  Running with dbt=1.11.7
[2026-04-04T05:25:29.166+0000] {subprocess.py:106} INFO - [0m05:25:29  Registered adapter: snowflake=1.11.3
[2026-04-04T05:25:29.314+0000] {subprocess.py:106} INFO - [0m05:25:29  [[33mWARNING[0m]: Configuration paths exist in your dbt_project.yml file which do not apply to any resources.
[2026-04-04T05:25:29.315+0000] {subprocess.py:106} INFO - There are 1 unused configuration paths:
[2026-04-04T05:25:29.315+0000] {subprocess.py:106} INFO - - models.trans_snowf.example
[2026-04-04T05:25:29.428+0000] {subprocess.py:106} INFO - [0m05:25:29  Found 14 models, 9 sources, 524 macros
[2026-04-04T05:25:29.429+0000] {subprocess.py:106} INFO - [0m05:25:29
[2026-04-04T05:25:29.430+0000] {subprocess.py:106} INFO - [0m05:25:29  Concurrency: 1 threads (target='dev')
[2026-04-04T05:25:29.430+0000] {subprocess.py:106} INFO - [0m05:25:29
[2026-04-04T05:25:31.146+0000] {subprocess.py:106} INFO - [0m05:25:31  1 of 1 START sql view model PUBLIC_GOLD.gold_cust .............................. [RUN]
[2026-04-04T05:25:31.639+0000] {subprocess.py:106} INFO - [0m05:25:31  1 of 1 ERROR creating sql view model PUBLIC_GOLD.gold_cust ..................... [[31mERROR[0m in 0.49s]
[2026-04-04T05:25:32.068+0000] {subprocess.py:106} INFO - [0m05:25:32
[2026-04-04T05:25:32.071+0000] {subprocess.py:106} INFO - [0m05:25:32  Finished running 1 view model in 0 hours 0 minutes and 2.64 seconds (2.64s).
[2026-04-04T05:25:32.158+0000] {subprocess.py:106} INFO - [0m05:25:32
[2026-04-04T05:25:32.159+0000] {subprocess.py:106} INFO - [0m05:25:32  [31mCompleted with 1 error, 0 partial successes, and 0 warnings:[0m
[2026-04-04T05:25:32.160+0000] {subprocess.py:106} INFO - [0m05:25:32
[2026-04-04T05:25:32.160+0000] {subprocess.py:106} INFO - [0m05:25:32  [31mFailure in model gold_cust (models/marts/gold_cust.sql)[0m
[2026-04-04T05:25:32.161+0000] {subprocess.py:106} INFO - [0m05:25:32    Database Error in model gold_cust (models/marts/gold_cust.sql)
[2026-04-04T05:25:32.161+0000] {subprocess.py:106} INFO -   002003 (02000): SQL compilation error:
[2026-04-04T05:25:32.161+0000] {subprocess.py:106} INFO -   Schema 'BANKING.PUBLIC_SILVER' does not exist or not authorized.
[2026-04-04T05:25:32.161+0000] {subprocess.py:106} INFO -   compiled code at target/run/trans_snowf/models/marts/gold_cust.sql
[2026-04-04T05:25:32.162+0000] {subprocess.py:106} INFO - [0m05:25:32
[2026-04-04T05:25:32.162+0000] {subprocess.py:106} INFO - [0m05:25:32    compiled code at target/compiled/trans_snowf/models/marts/gold_cust.sql
[2026-04-04T05:25:32.162+0000] {subprocess.py:106} INFO - [0m05:25:32
[2026-04-04T05:25:32.162+0000] {subprocess.py:106} INFO - [0m05:25:32  Done. PASS=0 WARN=0 ERROR=1 SKIP=0 NO-OP=0 TOTAL=1
[2026-04-04T05:25:33.589+0000] {subprocess.py:110} INFO - Command exited with return code 1
[2026-04-04T05:25:33.590+0000] {taskinstance.py:441} INFO - ::group::Post task execution logs
[2026-04-04T05:25:33.609+0000] {taskinstance.py:2905} ERROR - Task failed with exception
Traceback (most recent call last):
  File "/home/airflow/.local/lib/python3.12/site-packages/airflow/models/taskinstance.py", line 465, in _execute_task
    result = _execute_callable(context=context, **execute_callable_kwargs)
             ^^^^^^^^^^^^^^^^^^^^^^^^^^^^^^^^^^^^^^^^^^^^^^^^^^^^^^^^^^^^^
  File "/home/airflow/.local/lib/python3.12/site-packages/airflow/models/taskinstance.py", line 432, in _execute_callable
    return execute_callable(context=context, **execute_callable_kwargs)
           ^^^^^^^^^^^^^^^^^^^^^^^^^^^^^^^^^^^^^^^^^^^^^^^^^^^^^^^^^^^^
  File "/home/airflow/.local/lib/python3.12/site-packages/airflow/models/baseoperator.py", line 401, in wrapper
    return func(self, *args, **kwargs)
           ^^^^^^^^^^^^^^^^^^^^^^^^^^^
  File "/home/airflow/.local/lib/python3.12/site-packages/airflow/providers/standard/operators/bash.py", line 233, in execute
    raise AirflowException(
airflow.exceptions.AirflowException: Bash command failed. The command returned a non-zero exit code 1.
[2026-04-04T05:25:33.614+0000] {taskinstance.py:1206} INFO - Marking task as UP_FOR_RETRY. dag_id=banking_01_gold_layer, task_id=build_gold_cust, run_id=manual__2026-04-04T05:25:04.443649+00:00, execution_date=20260404T052504, start_date=20260404T052527, end_date=20260404T052533
[2026-04-04T05:25:33.623+0000] {standard_task_runner.py:110} ERROR - Failed to execute job 9662 for task build_gold_cust (Bash command failed. The command returned a non-zero exit code 1.; 104)
[2026-04-04T05:25:33.647+0000] {local_task_job_runner.py:243} INFO - Task exited with return code 1
[2026-04-04T05:25:33.660+0000] {taskinstance.py:3503} INFO - 0 downstream tasks scheduled from follow-on schedule check
[2026-04-04T05:25:33.660+0000] {local_task_job_runner.py:222} INFO - ::endgroup::
