[2026-03-30T21:50:51.414+0000] {local_task_job_runner.py:120} INFO - ::group::Pre task execution logs
[2026-03-30T21:50:51.433+0000] {taskinstance.py:2076} INFO - Dependencies all met for dep_context=non-requeueable deps ti=<TaskInstance: banking_01_bronze_layer.debug scheduled__2026-03-30T21:00:00+00:00 [queued]>
[2026-03-30T21:50:51.438+0000] {taskinstance.py:2076} INFO - Dependencies all met for dep_context=requeueable deps ti=<TaskInstance: banking_01_bronze_layer.debug scheduled__2026-03-30T21:00:00+00:00 [queued]>
[2026-03-30T21:50:51.438+0000] {taskinstance.py:2306} INFO - Starting attempt 1 of 2
[2026-03-30T21:50:51.446+0000] {taskinstance.py:2330} INFO - Executing <Task(BashOperator): debug> on 2026-03-30 21:00:00+00:00
[2026-03-30T21:50:51.450+0000] {standard_task_runner.py:64} INFO - Started process 26705 to run task
[2026-03-30T21:50:51.452+0000] {standard_task_runner.py:90} INFO - Running: ['***', 'tasks', 'run', 'banking_01_bronze_layer', 'debug', 'scheduled__2026-03-30T21:00:00+00:00', '--job-id', '8802', '--raw', '--subdir', 'DAGS_FOLDER/dbt.py', '--cfg-path', '/tmp/tmp9oedri0o']
[2026-03-30T21:50:51.453+0000] {standard_task_runner.py:91} INFO - Job 8802: Subtask debug
[2026-03-30T21:50:51.486+0000] {task_command.py:426} INFO - Running <TaskInstance: banking_01_bronze_layer.debug scheduled__2026-03-30T21:00:00+00:00 [running]> on host c990dffe13ae
[2026-03-30T21:50:51.548+0000] {taskinstance.py:2648} INFO - Exporting env vars: AIRFLOW_CTX_DAG_OWNER='risheek' AIRFLOW_CTX_DAG_ID='banking_01_bronze_layer' AIRFLOW_CTX_TASK_ID='debug' AIRFLOW_CTX_EXECUTION_DATE='2026-03-30T21:00:00+00:00' AIRFLOW_CTX_TRY_NUMBER='1' AIRFLOW_CTX_DAG_RUN_ID='scheduled__2026-03-30T21:00:00+00:00'
[2026-03-30T21:50:51.549+0000] {taskinstance.py:430} INFO - ::endgroup::
[2026-03-30T21:50:51.550+0000] {subprocess.py:78} INFO - Tmp dir root location: /tmp
[2026-03-30T21:50:51.550+0000] {subprocess.py:88} INFO - Running command: ['/usr/bin/bash', '-c', 'dbt debug --profiles-dir /opt/***/dbt/trans_snowf']
[2026-03-30T21:50:51.555+0000] {subprocess.py:99} INFO - Output:
[2026-03-30T21:50:52.905+0000] {subprocess.py:106} INFO - [0m21:50:52  Running with dbt=1.11.7
[2026-03-30T21:50:52.911+0000] {subprocess.py:106} INFO - [0m21:50:52  dbt version: 1.11.7
[2026-03-30T21:50:52.912+0000] {subprocess.py:106} INFO - [0m21:50:52  python version: 3.12.4
[2026-03-30T21:50:52.912+0000] {subprocess.py:106} INFO - [0m21:50:52  python path: /home/***/.local/bin/python
[2026-03-30T21:50:52.912+0000] {subprocess.py:106} INFO - [0m21:50:52  os info: Linux-6.12.76-linuxkit-aarch64-with-glibc2.36
[2026-03-30T21:50:53.393+0000] {subprocess.py:106} INFO - [0m21:50:53  Using profiles dir at /opt/***/dbt/trans_snowf
[2026-03-30T21:50:53.394+0000] {subprocess.py:106} INFO - [0m21:50:53  Using profiles.yml file at /opt/***/dbt/trans_snowf/profiles.yml
[2026-03-30T21:50:53.394+0000] {subprocess.py:106} INFO - [0m21:50:53  Using dbt_project.yml file at /opt/***/dbt/trans_snowf/dbt_project.yml
[2026-03-30T21:50:53.394+0000] {subprocess.py:106} INFO - [0m21:50:53  adapter type: snowflake
[2026-03-30T21:50:53.395+0000] {subprocess.py:106} INFO - [0m21:50:53  adapter version: 1.11.3
[2026-03-30T21:50:53.447+0000] {subprocess.py:106} INFO - [0m21:50:53  Configuration:
[2026-03-30T21:50:53.447+0000] {subprocess.py:106} INFO - [0m21:50:53    profiles.yml file [[32mOK found and valid[0m]
[2026-03-30T21:50:53.448+0000] {subprocess.py:106} INFO - [0m21:50:53    dbt_project.yml file [[32mOK found and valid[0m]
[2026-03-30T21:50:53.448+0000] {subprocess.py:106} INFO - [0m21:50:53  Required dependencies:
[2026-03-30T21:50:53.450+0000] {subprocess.py:106} INFO - [0m21:50:53   - git [[31mERROR[0m]
[2026-03-30T21:50:53.450+0000] {subprocess.py:106} INFO - 
[2026-03-30T21:50:53.450+0000] {subprocess.py:106} INFO - [0m21:50:53  Connection:
[2026-03-30T21:50:53.451+0000] {subprocess.py:106} INFO - [0m21:50:53    account: BBMCDSP-CT02489
[2026-03-30T21:50:53.451+0000] {subprocess.py:106} INFO - [0m21:50:53    user: user123
[2026-03-30T21:50:53.452+0000] {subprocess.py:106} INFO - [0m21:50:53    database: BANKING
[2026-03-30T21:50:53.452+0000] {subprocess.py:106} INFO - [0m21:50:53    warehouse: COMPUTE_WH
[2026-03-30T21:50:53.452+0000] {subprocess.py:106} INFO - [0m21:50:53    role: dbtadmin
[2026-03-30T21:50:53.453+0000] {subprocess.py:106} INFO - [0m21:50:53    schema: PUBLIC
[2026-03-30T21:50:53.453+0000] {subprocess.py:106} INFO - [0m21:50:53    authenticator: None
[2026-03-30T21:50:53.453+0000] {subprocess.py:106} INFO - [0m21:50:53    oauth_client_id: None
[2026-03-30T21:50:53.454+0000] {subprocess.py:106} INFO - [0m21:50:53    query_tag: None
[2026-03-30T21:50:53.454+0000] {subprocess.py:106} INFO - [0m21:50:53    client_session_keep_alive: False
[2026-03-30T21:50:53.454+0000] {subprocess.py:106} INFO - [0m21:50:53    host: None
[2026-03-30T21:50:53.455+0000] {subprocess.py:106} INFO - [0m21:50:53    port: None
[2026-03-30T21:50:53.455+0000] {subprocess.py:106} INFO - [0m21:50:53    proxy_host: None
[2026-03-30T21:50:53.456+0000] {subprocess.py:106} INFO - [0m21:50:53    proxy_port: None
[2026-03-30T21:50:53.456+0000] {subprocess.py:106} INFO - [0m21:50:53    protocol: None
[2026-03-30T21:50:53.456+0000] {subprocess.py:106} INFO - [0m21:50:53    connect_retries: 1
[2026-03-30T21:50:53.457+0000] {subprocess.py:106} INFO - [0m21:50:53    connect_timeout: None
[2026-03-30T21:50:53.457+0000] {subprocess.py:106} INFO - [0m21:50:53    retry_on_database_errors: False
[2026-03-30T21:50:53.457+0000] {subprocess.py:106} INFO - [0m21:50:53    retry_all: False
[2026-03-30T21:50:53.458+0000] {subprocess.py:106} INFO - [0m21:50:53    insecure_mode: False
[2026-03-30T21:50:53.458+0000] {subprocess.py:106} INFO - [0m21:50:53    reuse_connections: True
[2026-03-30T21:50:53.458+0000] {subprocess.py:106} INFO - [0m21:50:53    s3_stage_vpce_dns_name: None
[2026-03-30T21:50:53.459+0000] {subprocess.py:106} INFO - [0m21:50:53    platform_detection_timeout_seconds: 0.0
[2026-03-30T21:50:53.460+0000] {subprocess.py:106} INFO - [0m21:50:53  Registered adapter: snowflake=1.11.3
[2026-03-30T21:50:56.349+0000] {subprocess.py:106} INFO - [0m21:50:56    Connection test: [[32mOK connection ok[0m]
[2026-03-30T21:50:56.351+0000] {subprocess.py:106} INFO - 
[2026-03-30T21:50:56.352+0000] {subprocess.py:106} INFO - [0m21:50:56  [31m1 check failed:[0m
[2026-03-30T21:50:56.353+0000] {subprocess.py:106} INFO - [0m21:50:56  Error from git --help: Could not find command, ensure it is in the user's PATH: "git"
[2026-03-30T21:50:56.353+0000] {subprocess.py:106} INFO - 
[2026-03-30T21:50:58.616+0000] {subprocess.py:110} INFO - Command exited with return code 1
[2026-03-30T21:50:58.619+0000] {taskinstance.py:441} INFO - ::group::Post task execution logs
[2026-03-30T21:50:58.635+0000] {taskinstance.py:2905} ERROR - Task failed with exception
Traceback (most recent call last):
  File "/home/airflow/.local/lib/python3.12/site-packages/airflow/models/taskinstance.py", line 465, in _execute_task
    result = _execute_callable(context=context, **execute_callable_kwargs)
             ^^^^^^^^^^^^^^^^^^^^^^^^^^^^^^^^^^^^^^^^^^^^^^^^^^^^^^^^^^^^^
  File "/home/airflow/.local/lib/python3.12/site-packages/airflow/models/taskinstance.py", line 432, in _execute_callable
    return execute_callable(context=context, **execute_callable_kwargs)
           ^^^^^^^^^^^^^^^^^^^^^^^^^^^^^^^^^^^^^^^^^^^^^^^^^^^^^^^^^^^^
  File "/home/airflow/.local/lib/python3.12/site-packages/airflow/models/baseoperator.py", line 401, in wrapper
    return func(self, *args, **kwargs)
           ^^^^^^^^^^^^^^^^^^^^^^^^^^^
  File "/home/airflow/.local/lib/python3.12/site-packages/airflow/providers/standard/operators/bash.py", line 233, in execute
    raise AirflowException(
airflow.exceptions.AirflowException: Bash command failed. The command returned a non-zero exit code 1.
[2026-03-30T21:50:58.639+0000] {taskinstance.py:1206} INFO - Marking task as UP_FOR_RETRY. dag_id=banking_01_bronze_layer, task_id=debug, run_id=scheduled__2026-03-30T21:00:00+00:00, execution_date=20260330T210000, start_date=20260330T215051, end_date=20260330T215058
[2026-03-30T21:50:58.655+0000] {standard_task_runner.py:110} ERROR - Failed to execute job 8802 for task debug (Bash command failed. The command returned a non-zero exit code 1.; 26705)
[2026-03-30T21:50:58.668+0000] {local_task_job_runner.py:243} INFO - Task exited with return code 1
[2026-03-30T21:50:58.685+0000] {taskinstance.py:3503} INFO - 0 downstream tasks scheduled from follow-on schedule check
[2026-03-30T21:50:58.686+0000] {local_task_job_runner.py:222} INFO - ::endgroup::
