[2026-03-30T17:06:42.461+0000] {local_task_job_runner.py:120} INFO - ::group::Pre task execution logs
[2026-03-30T17:06:42.484+0000] {taskinstance.py:2076} INFO - Dependencies all met for dep_context=non-requeueable deps ti=<TaskInstance: transfer_from_minio_to_snowflake_transactions.create_stage scheduled__2026-03-30T17:05:00+00:00 [queued]>
[2026-03-30T17:06:42.488+0000] {taskinstance.py:2076} INFO - Dependencies all met for dep_context=requeueable deps ti=<TaskInstance: transfer_from_minio_to_snowflake_transactions.create_stage scheduled__2026-03-30T17:05:00+00:00 [queued]>
[2026-03-30T17:06:42.488+0000] {taskinstance.py:2306} INFO - Starting attempt 1 of 3
[2026-03-30T17:06:42.494+0000] {taskinstance.py:2330} INFO - Executing <Task(SQLExecuteQueryOperator): create_stage> on 2026-03-30 17:05:00+00:00
[2026-03-30T17:06:42.501+0000] {standard_task_runner.py:90} INFO - Running: ['***', 'tasks', 'run', 'transfer_from_minio_to_snowflake_transactions', 'create_stage', 'scheduled__2026-03-30T17:05:00+00:00', '--job-id', '8391', '--raw', '--subdir', 'DAGS_FOLDER/transfer.py', '--cfg-path', '/tmp/tmpdhzdgytk']
[2026-03-30T17:06:42.506+0000] {standard_task_runner.py:91} INFO - Job 8391: Subtask create_stage
[2026-03-30T17:06:42.505+0000] {logging_mixin.py:188} WARNING - /home/***/.local/lib/python3.12/site-packages/***/task/task_runner/standard_task_runner.py:62 DeprecationWarning: This process (pid=18342) is multi-threaded, use of fork() may lead to deadlocks in the child.
[2026-03-30T17:06:42.507+0000] {standard_task_runner.py:64} INFO - Started process 18354 to run task
[2026-03-30T17:06:42.557+0000] {task_command.py:426} INFO - Running <TaskInstance: transfer_from_minio_to_snowflake_transactions.create_stage scheduled__2026-03-30T17:05:00+00:00 [running]> on host c990dffe13ae
[2026-03-30T17:06:42.860+0000] {taskinstance.py:2648} INFO - Exporting env vars: AIRFLOW_CTX_DAG_OWNER='***' AIRFLOW_CTX_DAG_ID='transfer_from_minio_to_snowflake_transactions' AIRFLOW_CTX_TASK_ID='create_stage' AIRFLOW_CTX_EXECUTION_DATE='2026-03-30T17:05:00+00:00' AIRFLOW_CTX_TRY_NUMBER='1' AIRFLOW_CTX_DAG_RUN_ID='scheduled__2026-03-30T17:05:00+00:00'
[2026-03-30T17:06:42.861+0000] {taskinstance.py:430} INFO - ::endgroup::
[2026-03-30T17:06:42.861+0000] {sql.py:282} INFO - Executing:  CREATE STAGE IF NOT EXISTS incoming  
                 URL = 's3://de-project-banking-pipeline-dev-2/'
                 STORAGE_INTEGRATION = my_s3_integration
                 FILE_FORMAT = (TYPE = 'JSON'); 
[2026-03-30T17:06:42.867+0000] {base.py:84} INFO - Using connection ID 'warehouse_id' for task execution.
[2026-03-30T17:06:42.917+0000] {base.py:84} INFO - Using connection ID 'warehouse_id' for task execution.
[2026-03-30T17:06:42.959+0000] {connection.py:613} INFO - Snowflake Connector for Python Version: 4.3.0, Python Version: 3.12.4, Platform: Linux-6.12.76-linuxkit-aarch64-with-glibc2.36
[2026-03-30T17:06:42.959+0000] {connection.py:1709} INFO - Connecting to GLOBAL Snowflake domain
[2026-03-30T17:06:44.782+0000] {sql.py:495} INFO - Running statement: CREATE STAGE IF NOT EXISTS incoming  
                 URL = 's3://de-project-banking-pipeline-dev-2/'
                 STORAGE_INTEGRATION = my_s3_integration
                 FILE_FORMAT = (TYPE = 'JSON');, parameters: None
[2026-03-30T17:06:44.972+0000] {sql.py:504} INFO - Rows affected: 1
[2026-03-30T17:06:44.973+0000] {snowflake.py:422} INFO - Rows affected: 1
[2026-03-30T17:06:44.974+0000] {snowflake.py:423} INFO - Snowflake query id: 01c360c2-3202-85e0-0014-90e60006a326
[2026-03-30T17:06:45.915+0000] {taskinstance.py:441} INFO - ::group::Post task execution logs
[2026-03-30T17:06:45.988+0000] {taskinstance.py:1206} INFO - Marking task as SUCCESS. dag_id=transfer_from_minio_to_snowflake_transactions, task_id=create_stage, run_id=scheduled__2026-03-30T17:05:00+00:00, execution_date=20260330T170500, start_date=20260330T170642, end_date=20260330T170645
[2026-03-30T17:06:46.043+0000] {local_task_job_runner.py:243} INFO - Task exited with return code 0
[2026-03-30T17:06:46.119+0000] {taskinstance.py:3503} INFO - 1 downstream tasks scheduled from follow-on schedule check
[2026-03-30T17:06:46.121+0000] {local_task_job_runner.py:222} INFO - ::endgroup::
