[2026-03-28T11:16:51.261+0000] {local_task_job_runner.py:120} INFO - ::group::Pre task execution logs
[2026-03-28T11:16:51.275+0000] {taskinstance.py:2076} INFO - Dependencies all met for dep_context=non-requeueable deps ti=<TaskInstance: banking_01_bronze_layer.build_bronze_acc scheduled__2026-03-28T09:30:00+00:00 [queued]>
[2026-03-28T11:16:51.278+0000] {taskinstance.py:2076} INFO - Dependencies all met for dep_context=requeueable deps ti=<TaskInstance: banking_01_bronze_layer.build_bronze_acc scheduled__2026-03-28T09:30:00+00:00 [queued]>
[2026-03-28T11:16:51.279+0000] {taskinstance.py:2306} INFO - Starting attempt 1 of 2
[2026-03-28T11:16:51.284+0000] {taskinstance.py:2330} INFO - Executing <Task(BashOperator): build_bronze_acc> on 2026-03-28 09:30:00+00:00
[2026-03-28T11:16:51.286+0000] {standard_task_runner.py:64} INFO - Started process 546 to run task
[2026-03-28T11:16:51.288+0000] {standard_task_runner.py:90} INFO - Running: ['***', 'tasks', 'run', 'banking_01_bronze_layer', 'build_bronze_acc', 'scheduled__2026-03-28T09:30:00+00:00', '--job-id', '6420', '--raw', '--subdir', 'DAGS_FOLDER/dbt.py', '--cfg-path', '/tmp/tmpk0rz698y']
[2026-03-28T11:16:51.289+0000] {standard_task_runner.py:91} INFO - Job 6420: Subtask build_bronze_acc
[2026-03-28T11:16:51.315+0000] {task_command.py:426} INFO - Running <TaskInstance: banking_01_bronze_layer.build_bronze_acc scheduled__2026-03-28T09:30:00+00:00 [running]> on host c990dffe13ae
[2026-03-28T11:16:51.357+0000] {taskinstance.py:2648} INFO - Exporting env vars: AIRFLOW_CTX_DAG_OWNER='risheek' AIRFLOW_CTX_DAG_ID='banking_01_bronze_layer' AIRFLOW_CTX_TASK_ID='build_bronze_acc' AIRFLOW_CTX_EXECUTION_DATE='2026-03-28T09:30:00+00:00' AIRFLOW_CTX_TRY_NUMBER='1' AIRFLOW_CTX_DAG_RUN_ID='scheduled__2026-03-28T09:30:00+00:00'
[2026-03-28T11:16:51.358+0000] {taskinstance.py:430} INFO - ::endgroup::
[2026-03-28T11:16:51.358+0000] {subprocess.py:78} INFO - Tmp dir root location: /tmp
[2026-03-28T11:16:51.358+0000] {subprocess.py:88} INFO - Running command: ['/usr/bin/bash', '-c', 'dbt build --select bronze_acc']
[2026-03-28T11:16:51.361+0000] {subprocess.py:99} INFO - Output:
[2026-03-28T11:16:52.515+0000] {subprocess.py:106} INFO - [0m11:16:52  Running with dbt=1.11.7
[2026-03-28T11:16:52.973+0000] {subprocess.py:106} INFO - [0m11:16:52  Registered adapter: snowflake=1.11.3
[2026-03-28T11:16:53.099+0000] {subprocess.py:106} INFO - [0m11:16:53  [[33mWARNING[0m]: Configuration paths exist in your dbt_project.yml file which do not apply to any resources.
[2026-03-28T11:16:53.102+0000] {subprocess.py:106} INFO - There are 1 unused configuration paths:
[2026-03-28T11:16:53.102+0000] {subprocess.py:106} INFO - - models.trans_snowf.example
[2026-03-28T11:16:53.189+0000] {subprocess.py:106} INFO - [0m11:16:53  Found 14 models, 3 sources, 522 macros
[2026-03-28T11:16:53.190+0000] {subprocess.py:106} INFO - [0m11:16:53
[2026-03-28T11:16:53.191+0000] {subprocess.py:106} INFO - [0m11:16:53  Concurrency: 1 threads (target='dev')
[2026-03-28T11:16:53.191+0000] {subprocess.py:106} INFO - [0m11:16:53
[2026-03-28T11:16:54.223+0000] {subprocess.py:106} INFO - [0m11:16:54
[2026-03-28T11:16:54.225+0000] {subprocess.py:106} INFO - [0m11:16:54  Finished running  in 0 hours 0 minutes and 1.03 seconds (1.03s).
[2026-03-28T11:16:54.227+0000] {subprocess.py:106} INFO - [0m11:16:54  Encountered an error:
[2026-03-28T11:16:54.229+0000] {subprocess.py:106} INFO - Database Error
[2026-03-28T11:16:54.230+0000] {subprocess.py:106} INFO -   003001 (42501): SQL access control error:
[2026-03-28T11:16:54.230+0000] {subprocess.py:106} INFO -   Insufficient privileges to operate on database 'BANKING'.
[2026-03-28T11:16:55.953+0000] {subprocess.py:110} INFO - Command exited with return code 2
[2026-03-28T11:16:55.955+0000] {taskinstance.py:441} INFO - ::group::Post task execution logs
[2026-03-28T11:16:55.969+0000] {taskinstance.py:2905} ERROR - Task failed with exception
Traceback (most recent call last):
  File "/home/airflow/.local/lib/python3.12/site-packages/airflow/models/taskinstance.py", line 465, in _execute_task
    result = _execute_callable(context=context, **execute_callable_kwargs)
             ^^^^^^^^^^^^^^^^^^^^^^^^^^^^^^^^^^^^^^^^^^^^^^^^^^^^^^^^^^^^^
  File "/home/airflow/.local/lib/python3.12/site-packages/airflow/models/taskinstance.py", line 432, in _execute_callable
    return execute_callable(context=context, **execute_callable_kwargs)
           ^^^^^^^^^^^^^^^^^^^^^^^^^^^^^^^^^^^^^^^^^^^^^^^^^^^^^^^^^^^^
  File "/home/airflow/.local/lib/python3.12/site-packages/airflow/models/baseoperator.py", line 401, in wrapper
    return func(self, *args, **kwargs)
           ^^^^^^^^^^^^^^^^^^^^^^^^^^^
  File "/home/airflow/.local/lib/python3.12/site-packages/airflow/providers/standard/operators/bash.py", line 233, in execute
    raise AirflowException(
airflow.exceptions.AirflowException: Bash command failed. The command returned a non-zero exit code 2.
[2026-03-28T11:16:55.973+0000] {taskinstance.py:1206} INFO - Marking task as UP_FOR_RETRY. dag_id=banking_01_bronze_layer, task_id=build_bronze_acc, run_id=scheduled__2026-03-28T09:30:00+00:00, execution_date=20260328T093000, start_date=20260328T111651, end_date=20260328T111655
[2026-03-28T11:16:55.983+0000] {standard_task_runner.py:110} ERROR - Failed to execute job 6420 for task build_bronze_acc (Bash command failed. The command returned a non-zero exit code 2.; 546)
[2026-03-28T11:16:56.002+0000] {local_task_job_runner.py:243} INFO - Task exited with return code 1
[2026-03-28T11:16:56.018+0000] {taskinstance.py:3503} INFO - 0 downstream tasks scheduled from follow-on schedule check
[2026-03-28T11:16:56.019+0000] {local_task_job_runner.py:222} INFO - ::endgroup::
