[2026-03-29T22:01:46.250+0000] {local_task_job_runner.py:120} INFO - ::group::Pre task execution logs
[2026-03-29T22:01:46.414+0000] {taskinstance.py:2076} INFO - Dependencies all met for dep_context=non-requeueable deps ti=<TaskInstance: banking_01_bronze_layer.build_bronze_cust scheduled__2026-03-29T21:30:00+00:00 [queued]>
[2026-03-29T22:01:46.421+0000] {taskinstance.py:2076} INFO - Dependencies all met for dep_context=requeueable deps ti=<TaskInstance: banking_01_bronze_layer.build_bronze_cust scheduled__2026-03-29T21:30:00+00:00 [queued]>
[2026-03-29T22:01:46.421+0000] {taskinstance.py:2306} INFO - Starting attempt 1 of 2
[2026-03-29T22:01:46.440+0000] {taskinstance.py:2330} INFO - Executing <Task(BashOperator): build_bronze_cust> on 2026-03-29 21:30:00+00:00
[2026-03-29T22:01:46.451+0000] {standard_task_runner.py:64} INFO - Started process 5494 to run task
[2026-03-29T22:01:46.453+0000] {standard_task_runner.py:90} INFO - Running: ['***', 'tasks', 'run', 'banking_01_bronze_layer', 'build_bronze_cust', 'scheduled__2026-03-29T21:30:00+00:00', '--job-id', '7347', '--raw', '--subdir', 'DAGS_FOLDER/dbt.py', '--cfg-path', '/tmp/tmpst8pybvn']
[2026-03-29T22:01:46.456+0000] {standard_task_runner.py:91} INFO - Job 7347: Subtask build_bronze_cust
[2026-03-29T22:01:46.505+0000] {task_command.py:426} INFO - Running <TaskInstance: banking_01_bronze_layer.build_bronze_cust scheduled__2026-03-29T21:30:00+00:00 [running]> on host c990dffe13ae
[2026-03-29T22:01:46.562+0000] {taskinstance.py:2648} INFO - Exporting env vars: AIRFLOW_CTX_DAG_OWNER='risheek' AIRFLOW_CTX_DAG_ID='banking_01_bronze_layer' AIRFLOW_CTX_TASK_ID='build_bronze_cust' AIRFLOW_CTX_EXECUTION_DATE='2026-03-29T21:30:00+00:00' AIRFLOW_CTX_TRY_NUMBER='1' AIRFLOW_CTX_DAG_RUN_ID='scheduled__2026-03-29T21:30:00+00:00'
[2026-03-29T22:01:46.563+0000] {taskinstance.py:430} INFO - ::endgroup::
[2026-03-29T22:01:46.564+0000] {subprocess.py:78} INFO - Tmp dir root location: /tmp
[2026-03-29T22:01:46.564+0000] {subprocess.py:88} INFO - Running command: ['/usr/bin/bash', '-c', 'dbt build --select bronze_cust']
[2026-03-29T22:01:46.569+0000] {subprocess.py:99} INFO - Output:
[2026-03-29T22:01:48.111+0000] {subprocess.py:106} INFO - [0m22:01:48  Running with dbt=1.11.7
[2026-03-29T22:01:48.718+0000] {subprocess.py:106} INFO - [0m22:01:48  Registered adapter: snowflake=1.11.3
[2026-03-29T22:01:48.869+0000] {subprocess.py:106} INFO - [0m22:01:48  [[33mWARNING[0m]: Configuration paths exist in your dbt_project.yml file which do not apply to any resources.
[2026-03-29T22:01:48.870+0000] {subprocess.py:106} INFO - There are 1 unused configuration paths:
[2026-03-29T22:01:48.870+0000] {subprocess.py:106} INFO - - models.trans_snowf.example
[2026-03-29T22:01:48.975+0000] {subprocess.py:106} INFO - [0m22:01:48  Found 14 models, 3 sources, 522 macros
[2026-03-29T22:01:48.976+0000] {subprocess.py:106} INFO - [0m22:01:48
[2026-03-29T22:01:48.977+0000] {subprocess.py:106} INFO - [0m22:01:48  Concurrency: 1 threads (target='dev')
[2026-03-29T22:01:48.977+0000] {subprocess.py:106} INFO - [0m22:01:48
[2026-03-29T22:01:49.904+0000] {subprocess.py:106} INFO - [0m22:01:49
[2026-03-29T22:01:49.906+0000] {subprocess.py:106} INFO - [0m22:01:49  Finished running  in 0 hours 0 minutes and 0.93 seconds (0.93s).
[2026-03-29T22:01:49.908+0000] {subprocess.py:106} INFO - [0m22:01:49  Encountered an error:
[2026-03-29T22:01:49.909+0000] {subprocess.py:106} INFO - Runtime Error
[2026-03-29T22:01:49.909+0000] {subprocess.py:106} INFO -   Database error while listing schemas in database "BANKING"
[2026-03-29T22:01:49.910+0000] {subprocess.py:106} INFO -   Database Error
[2026-03-29T22:01:49.910+0000] {subprocess.py:106} INFO -     250001 (08001): Failed to connect to DB: BBMCDSP-CT02489.snowflakecomputing.com:443. JWT token is invalid. [b1631961-ad0e-4ec0-a2f3-aae4688ee407]
[2026-03-29T22:01:53.401+0000] {subprocess.py:110} INFO - Command exited with return code 2
[2026-03-29T22:01:53.403+0000] {taskinstance.py:441} INFO - ::group::Post task execution logs
[2026-03-29T22:01:53.437+0000] {taskinstance.py:2905} ERROR - Task failed with exception
Traceback (most recent call last):
  File "/home/airflow/.local/lib/python3.12/site-packages/airflow/models/taskinstance.py", line 465, in _execute_task
    result = _execute_callable(context=context, **execute_callable_kwargs)
             ^^^^^^^^^^^^^^^^^^^^^^^^^^^^^^^^^^^^^^^^^^^^^^^^^^^^^^^^^^^^^
  File "/home/airflow/.local/lib/python3.12/site-packages/airflow/models/taskinstance.py", line 432, in _execute_callable
    return execute_callable(context=context, **execute_callable_kwargs)
           ^^^^^^^^^^^^^^^^^^^^^^^^^^^^^^^^^^^^^^^^^^^^^^^^^^^^^^^^^^^^
  File "/home/airflow/.local/lib/python3.12/site-packages/airflow/models/baseoperator.py", line 401, in wrapper
    return func(self, *args, **kwargs)
           ^^^^^^^^^^^^^^^^^^^^^^^^^^^
  File "/home/airflow/.local/lib/python3.12/site-packages/airflow/providers/standard/operators/bash.py", line 233, in execute
    raise AirflowException(
airflow.exceptions.AirflowException: Bash command failed. The command returned a non-zero exit code 2.
[2026-03-29T22:01:53.442+0000] {taskinstance.py:1206} INFO - Marking task as UP_FOR_RETRY. dag_id=banking_01_bronze_layer, task_id=build_bronze_cust, run_id=scheduled__2026-03-29T21:30:00+00:00, execution_date=20260329T213000, start_date=20260329T220146, end_date=20260329T220153
[2026-03-29T22:01:53.461+0000] {standard_task_runner.py:110} ERROR - Failed to execute job 7347 for task build_bronze_cust (Bash command failed. The command returned a non-zero exit code 2.; 5494)
[2026-03-29T22:01:53.471+0000] {local_task_job_runner.py:243} INFO - Task exited with return code 1
[2026-03-29T22:01:53.489+0000] {taskinstance.py:3503} INFO - 0 downstream tasks scheduled from follow-on schedule check
[2026-03-29T22:01:53.490+0000] {local_task_job_runner.py:222} INFO - ::endgroup::
