[2026-03-30T16:36:04.148+0000] {local_task_job_runner.py:120} INFO - ::group::Pre task execution logs
[2026-03-30T16:36:04.171+0000] {taskinstance.py:2076} INFO - Dependencies all met for dep_context=non-requeueable deps ti=<TaskInstance: banking_01_bronze_layer.compile scheduled__2026-03-30T14:00:00+00:00 [queued]>
[2026-03-30T16:36:04.175+0000] {taskinstance.py:2076} INFO - Dependencies all met for dep_context=requeueable deps ti=<TaskInstance: banking_01_bronze_layer.compile scheduled__2026-03-30T14:00:00+00:00 [queued]>
[2026-03-30T16:36:04.175+0000] {taskinstance.py:2306} INFO - Starting attempt 2 of 2
[2026-03-30T16:36:04.182+0000] {taskinstance.py:2330} INFO - Executing <Task(BashOperator): compile> on 2026-03-30 14:00:00+00:00
[2026-03-30T16:36:04.187+0000] {standard_task_runner.py:64} INFO - Started process 12842 to run task
[2026-03-30T16:36:04.189+0000] {standard_task_runner.py:90} INFO - Running: ['***', 'tasks', 'run', 'banking_01_bronze_layer', 'compile', 'scheduled__2026-03-30T14:00:00+00:00', '--job-id', '8112', '--raw', '--subdir', 'DAGS_FOLDER/dbt.py', '--cfg-path', '/tmp/tmp91z370v2']
[2026-03-30T16:36:04.192+0000] {standard_task_runner.py:91} INFO - Job 8112: Subtask compile
[2026-03-30T16:36:04.261+0000] {task_command.py:426} INFO - Running <TaskInstance: banking_01_bronze_layer.compile scheduled__2026-03-30T14:00:00+00:00 [running]> on host c990dffe13ae
[2026-03-30T16:36:04.349+0000] {taskinstance.py:2648} INFO - Exporting env vars: AIRFLOW_CTX_DAG_OWNER='risheek' AIRFLOW_CTX_DAG_ID='banking_01_bronze_layer' AIRFLOW_CTX_TASK_ID='compile' AIRFLOW_CTX_EXECUTION_DATE='2026-03-30T14:00:00+00:00' AIRFLOW_CTX_TRY_NUMBER='2' AIRFLOW_CTX_DAG_RUN_ID='scheduled__2026-03-30T14:00:00+00:00'
[2026-03-30T16:36:04.350+0000] {taskinstance.py:430} INFO - ::endgroup::
[2026-03-30T16:36:04.351+0000] {subprocess.py:78} INFO - Tmp dir root location: /tmp
[2026-03-30T16:36:04.352+0000] {subprocess.py:88} INFO - Running command: ['/usr/bin/bash', '-c', 'dbt compile --profiles-dir /opt/***/dbt/trans_snowf']
[2026-03-30T16:36:04.360+0000] {subprocess.py:99} INFO - Output:
[2026-03-30T16:36:06.052+0000] {subprocess.py:106} INFO - [0m16:36:06  Running with dbt=1.11.7
[2026-03-30T16:36:06.715+0000] {subprocess.py:106} INFO - [0m16:36:06  Registered adapter: snowflake=1.11.3
[2026-03-30T16:36:06.888+0000] {subprocess.py:106} INFO - [0m16:36:06  [[33mWARNING[0m]: Configuration paths exist in your dbt_project.yml file which do not apply to any resources.
[2026-03-30T16:36:06.888+0000] {subprocess.py:106} INFO - There are 1 unused configuration paths:
[2026-03-30T16:36:06.889+0000] {subprocess.py:106} INFO - - models.trans_snowf.example
[2026-03-30T16:36:06.983+0000] {subprocess.py:106} INFO - [0m16:36:06  Found 14 models, 3 sources, 522 macros
[2026-03-30T16:36:06.985+0000] {subprocess.py:106} INFO - [0m16:36:06
[2026-03-30T16:36:06.986+0000] {subprocess.py:106} INFO - [0m16:36:06  Concurrency: 1 threads (target='dev')
[2026-03-30T16:36:06.986+0000] {subprocess.py:106} INFO - [0m16:36:06
[2026-03-30T16:36:11.877+0000] {subprocess.py:110} INFO - Command exited with return code 0
[2026-03-30T16:36:11.883+0000] {taskinstance.py:441} INFO - ::group::Post task execution logs
[2026-03-30T16:36:11.962+0000] {taskinstance.py:1206} INFO - Marking task as SUCCESS. dag_id=banking_01_bronze_layer, task_id=compile, run_id=scheduled__2026-03-30T14:00:00+00:00, execution_date=20260330T140000, start_date=20260330T163604, end_date=20260330T163611
[2026-03-30T16:36:12.024+0000] {local_task_job_runner.py:243} INFO - Task exited with return code 0
[2026-03-30T16:36:12.059+0000] {taskinstance.py:3503} INFO - 0 downstream tasks scheduled from follow-on schedule check
[2026-03-30T16:36:12.060+0000] {local_task_job_runner.py:222} INFO - ::endgroup::
