[2026-03-10T08:19:09.888+0000] {local_task_job_runner.py:120} INFO - ::group::Pre task execution logs
[2026-03-10T08:19:09.904+0000] {taskinstance.py:2076} INFO - Dependencies all met for dep_context=non-requeueable deps ti=<TaskInstance: transfer_from_minio_to_snowflake.create_stage scheduled__2026-03-10T08:18:00+00:00 [queued]>
[2026-03-10T08:19:09.908+0000] {taskinstance.py:2076} INFO - Dependencies all met for dep_context=requeueable deps ti=<TaskInstance: transfer_from_minio_to_snowflake.create_stage scheduled__2026-03-10T08:18:00+00:00 [queued]>
[2026-03-10T08:19:09.908+0000] {taskinstance.py:2306} INFO - Starting attempt 1 of 3
[2026-03-10T08:19:09.913+0000] {taskinstance.py:2330} INFO - Executing <Task(SQLExecuteQueryOperator): create_stage> on 2026-03-10 08:18:00+00:00
[2026-03-10T08:19:09.917+0000] {logging_mixin.py:188} WARNING - /home/***/.local/lib/python3.12/site-packages/***/task/task_runner/standard_task_runner.py:62 DeprecationWarning: This process (pid=778) is multi-threaded, use of fork() may lead to deadlocks in the child.
[2026-03-10T08:19:09.918+0000] {standard_task_runner.py:64} INFO - Started process 790 to run task
[2026-03-10T08:19:09.917+0000] {standard_task_runner.py:90} INFO - Running: ['***', 'tasks', 'run', 'transfer_from_minio_to_snowflake', 'create_stage', 'scheduled__2026-03-10T08:18:00+00:00', '--job-id', '131', '--raw', '--subdir', 'DAGS_FOLDER/transfer.py', '--cfg-path', '/tmp/tmpf06q0zri']
[2026-03-10T08:19:09.919+0000] {standard_task_runner.py:91} INFO - Job 131: Subtask create_stage
[2026-03-10T08:19:09.950+0000] {task_command.py:426} INFO - Running <TaskInstance: transfer_from_minio_to_snowflake.create_stage scheduled__2026-03-10T08:18:00+00:00 [running]> on host dd9947467187
[2026-03-10T08:19:10.123+0000] {taskinstance.py:2648} INFO - Exporting env vars: AIRFLOW_CTX_DAG_OWNER='***' AIRFLOW_CTX_DAG_ID='transfer_from_minio_to_snowflake' AIRFLOW_CTX_TASK_ID='create_stage' AIRFLOW_CTX_EXECUTION_DATE='2026-03-10T08:18:00+00:00' AIRFLOW_CTX_TRY_NUMBER='1' AIRFLOW_CTX_DAG_RUN_ID='scheduled__2026-03-10T08:18:00+00:00'
[2026-03-10T08:19:10.124+0000] {taskinstance.py:430} INFO - ::endgroup::
[2026-03-10T08:19:10.124+0000] {sql.py:282} INFO - Executing:  CREATE STAGE IF NOT EXISTS incoming  
                 URL = 's3://de-project-banking-pipeline-dev-1/transactions'
                 STORAGE_INTEGRATION = my_s3_integration
                 FILE_FORMAT = (TYPE = 'JSON'); 
[2026-03-10T08:19:10.130+0000] {base.py:84} INFO - Using connection ID 'warehouse_id' for task execution.
[2026-03-10T08:19:10.161+0000] {base.py:84} INFO - Using connection ID 'warehouse_id' for task execution.
[2026-03-10T08:19:10.201+0000] {connection.py:613} INFO - Snowflake Connector for Python Version: 4.3.0, Python Version: 3.12.4, Platform: Linux-6.12.72-linuxkit-aarch64-with-glibc2.36
[2026-03-10T08:19:10.202+0000] {connection.py:1709} INFO - Connecting to GLOBAL Snowflake domain
[2026-03-10T08:19:11.018+0000] {sql.py:495} INFO - Running statement: CREATE STAGE IF NOT EXISTS incoming  
                 URL = 's3://de-project-banking-pipeline-dev-1/transactions'
                 STORAGE_INTEGRATION = my_s3_integration
                 FILE_FORMAT = (TYPE = 'JSON');, parameters: None
[2026-03-10T08:19:11.702+0000] {taskinstance.py:441} INFO - ::group::Post task execution logs
[2026-03-10T08:19:11.705+0000] {taskinstance.py:2905} ERROR - Task failed with exception
Traceback (most recent call last):
  File "/home/airflow/.local/lib/python3.12/site-packages/airflow/models/taskinstance.py", line 465, in _execute_task
    result = _execute_callable(context=context, **execute_callable_kwargs)
             ^^^^^^^^^^^^^^^^^^^^^^^^^^^^^^^^^^^^^^^^^^^^^^^^^^^^^^^^^^^^^
  File "/home/airflow/.local/lib/python3.12/site-packages/airflow/models/taskinstance.py", line 432, in _execute_callable
    return execute_callable(context=context, **execute_callable_kwargs)
           ^^^^^^^^^^^^^^^^^^^^^^^^^^^^^^^^^^^^^^^^^^^^^^^^^^^^^^^^^^^^
  File "/home/airflow/.local/lib/python3.12/site-packages/airflow/models/baseoperator.py", line 401, in wrapper
    return func(self, *args, **kwargs)
           ^^^^^^^^^^^^^^^^^^^^^^^^^^^
  File "/home/airflow/.local/lib/python3.12/site-packages/airflow/providers/common/sql/operators/sql.py", line 288, in execute
    output = hook.run(
             ^^^^^^^^^
  File "/home/airflow/.local/lib/python3.12/site-packages/airflow/providers/snowflake/hooks/snowflake.py", line 410, in run
    self._run_command(cur, sql_statement, parameters)  # type: ignore[attr-defined]
    ^^^^^^^^^^^^^^^^^^^^^^^^^^^^^^^^^^^^^^^^^^^^^^^^^
  File "/home/airflow/.local/lib/python3.12/site-packages/airflow/providers/common/sql/hooks/sql.py", line 500, in _run_command
    cur.execute(sql_statement)
  File "/home/airflow/.local/lib/python3.12/site-packages/snowflake/connector/cursor.py", line 1144, in execute
    Error.errorhandler_wrapper(self.connection, self, error_class, errvalue)
  File "/home/airflow/.local/lib/python3.12/site-packages/snowflake/connector/errors.py", line 298, in errorhandler_wrapper
    handed_over = Error.hand_to_other_handler(
                  ^^^^^^^^^^^^^^^^^^^^^^^^^^^^
  File "/home/airflow/.local/lib/python3.12/site-packages/snowflake/connector/errors.py", line 354, in hand_to_other_handler
    cursor.errorhandler(connection, cursor, error_class, error_value)
  File "/home/airflow/.local/lib/python3.12/site-packages/snowflake/connector/errors.py", line 229, in default_errorhandler
    raise error_class(
snowflake.connector.errors.ProgrammingError: 003127 (42601): 01c2ee33-3202-6bcd-0000-001490e6bfbd: SQL compilation error:
Location 's3://de-project-banking-pipeline-dev-1/transactions' is not allowed by integration MY_S3_INTEGRATION. Please use DESC INTEGRATION to check out allowed and blocked locations.
[2026-03-10T08:19:11.732+0000] {taskinstance.py:1206} INFO - Marking task as UP_FOR_RETRY. dag_id=transfer_from_minio_to_snowflake, task_id=create_stage, run_id=scheduled__2026-03-10T08:18:00+00:00, execution_date=20260310T081800, start_date=20260310T081909, end_date=20260310T081911
[2026-03-10T08:19:11.746+0000] {standard_task_runner.py:110} ERROR - Failed to execute job 131 for task create_stage (003127 (42601): 01c2ee33-3202-6bcd-0000-001490e6bfbd: SQL compilation error:
Location 's3://de-project-banking-pipeline-dev-1/transactions' is not allowed by integration MY_S3_INTEGRATION. Please use DESC INTEGRATION to check out allowed and blocked locations.; 790)
[2026-03-10T08:19:11.800+0000] {local_task_job_runner.py:243} INFO - Task exited with return code 1
[2026-03-10T08:19:11.829+0000] {taskinstance.py:3503} INFO - 0 downstream tasks scheduled from follow-on schedule check
[2026-03-10T08:19:11.830+0000] {local_task_job_runner.py:222} INFO - ::endgroup::
