[2026-03-29T10:52:33.977+0000] {local_task_job_runner.py:120} INFO - ::group::Pre task execution logs
[2026-03-29T10:52:33.992+0000] {taskinstance.py:2076} INFO - Dependencies all met for dep_context=non-requeueable deps ti=<TaskInstance: banking_01_bronze_layer.build_bronze_cust scheduled__2026-03-29T10:00:00+00:00 [queued]>
[2026-03-29T10:52:33.995+0000] {taskinstance.py:2076} INFO - Dependencies all met for dep_context=requeueable deps ti=<TaskInstance: banking_01_bronze_layer.build_bronze_cust scheduled__2026-03-29T10:00:00+00:00 [queued]>
[2026-03-29T10:52:33.996+0000] {taskinstance.py:2306} INFO - Starting attempt 1 of 2
[2026-03-29T10:52:34.003+0000] {taskinstance.py:2330} INFO - Executing <Task(BashOperator): build_bronze_cust> on 2026-03-29 10:00:00+00:00
[2026-03-29T10:52:34.005+0000] {standard_task_runner.py:64} INFO - Started process 971 to run task
[2026-03-29T10:52:34.007+0000] {standard_task_runner.py:90} INFO - Running: ['***', 'tasks', 'run', 'banking_01_bronze_layer', 'build_bronze_cust', 'scheduled__2026-03-29T10:00:00+00:00', '--job-id', '7208', '--raw', '--subdir', 'DAGS_FOLDER/dbt.py', '--cfg-path', '/tmp/tmpahoi0u_q']
[2026-03-29T10:52:34.008+0000] {standard_task_runner.py:91} INFO - Job 7208: Subtask build_bronze_cust
[2026-03-29T10:52:34.033+0000] {task_command.py:426} INFO - Running <TaskInstance: banking_01_bronze_layer.build_bronze_cust scheduled__2026-03-29T10:00:00+00:00 [running]> on host c990dffe13ae
[2026-03-29T10:52:34.077+0000] {taskinstance.py:2648} INFO - Exporting env vars: AIRFLOW_CTX_DAG_OWNER='risheek' AIRFLOW_CTX_DAG_ID='banking_01_bronze_layer' AIRFLOW_CTX_TASK_ID='build_bronze_cust' AIRFLOW_CTX_EXECUTION_DATE='2026-03-29T10:00:00+00:00' AIRFLOW_CTX_TRY_NUMBER='1' AIRFLOW_CTX_DAG_RUN_ID='scheduled__2026-03-29T10:00:00+00:00'
[2026-03-29T10:52:34.077+0000] {taskinstance.py:430} INFO - ::endgroup::
[2026-03-29T10:52:34.078+0000] {subprocess.py:78} INFO - Tmp dir root location: /tmp
[2026-03-29T10:52:34.078+0000] {subprocess.py:88} INFO - Running command: ['/usr/bin/bash', '-c', 'dbt build --select bronze_cust']
[2026-03-29T10:52:34.082+0000] {subprocess.py:99} INFO - Output:
[2026-03-29T10:52:38.008+0000] {subprocess.py:106} INFO - [0m10:52:38  Running with dbt=1.11.7
[2026-03-29T10:52:38.496+0000] {subprocess.py:106} INFO - [0m10:52:38  Registered adapter: snowflake=1.11.3
[2026-03-29T10:52:38.634+0000] {subprocess.py:106} INFO - [0m10:52:38  [[33mWARNING[0m]: Configuration paths exist in your dbt_project.yml file which do not apply to any resources.
[2026-03-29T10:52:38.634+0000] {subprocess.py:106} INFO - There are 1 unused configuration paths:
[2026-03-29T10:52:38.634+0000] {subprocess.py:106} INFO - - models.trans_snowf.example
[2026-03-29T10:52:38.732+0000] {subprocess.py:106} INFO - [0m10:52:38  Found 14 models, 3 sources, 522 macros
[2026-03-29T10:52:38.733+0000] {subprocess.py:106} INFO - [0m10:52:38
[2026-03-29T10:52:38.734+0000] {subprocess.py:106} INFO - [0m10:52:38  Concurrency: 1 threads (target='dev')
[2026-03-29T10:52:38.734+0000] {subprocess.py:106} INFO - [0m10:52:38
[2026-03-29T10:52:40.109+0000] {subprocess.py:106} INFO - [0m10:52:40  1 of 1 START sql incremental model PUBLIC_BRONZE.bronze_cust ................... [RUN]
[2026-03-29T10:52:41.999+0000] {subprocess.py:106} INFO - [0m10:52:41  1 of 1 OK created sql incremental model PUBLIC_BRONZE.bronze_cust .............. [[32mSUCCESS 0[0m in 1.88s]
[2026-03-29T10:52:42.195+0000] {subprocess.py:106} INFO - [0m10:52:42
[2026-03-29T10:52:42.196+0000] {subprocess.py:106} INFO - [0m10:52:42  Finished running 1 incremental model in 0 hours 0 minutes and 3.46 seconds (3.46s).
[2026-03-29T10:52:42.258+0000] {subprocess.py:106} INFO - [0m10:52:42
[2026-03-29T10:52:42.259+0000] {subprocess.py:106} INFO - [0m10:52:42  [32mCompleted successfully[0m
[2026-03-29T10:52:42.259+0000] {subprocess.py:106} INFO - [0m10:52:42
[2026-03-29T10:52:42.260+0000] {subprocess.py:106} INFO - [0m10:52:42  Done. PASS=1 WARN=0 ERROR=0 SKIP=0 NO-OP=0 TOTAL=1
[2026-03-29T10:52:44.018+0000] {subprocess.py:110} INFO - Command exited with return code 0
[2026-03-29T10:52:44.027+0000] {taskinstance.py:441} INFO - ::group::Post task execution logs
[2026-03-29T10:52:44.062+0000] {taskinstance.py:1206} INFO - Marking task as SUCCESS. dag_id=banking_01_bronze_layer, task_id=build_bronze_cust, run_id=scheduled__2026-03-29T10:00:00+00:00, execution_date=20260329T100000, start_date=20260329T105233, end_date=20260329T105244
[2026-03-29T10:52:44.104+0000] {local_task_job_runner.py:243} INFO - Task exited with return code 0
[2026-03-29T10:52:44.119+0000] {taskinstance.py:3503} INFO - 0 downstream tasks scheduled from follow-on schedule check
[2026-03-29T10:52:44.120+0000] {local_task_job_runner.py:222} INFO - ::endgroup::
