[2026-03-31T00:24:22.619+0000] {local_task_job_runner.py:120} INFO - ::group::Pre task execution logs
[2026-03-31T00:24:22.639+0000] {taskinstance.py:2076} INFO - Dependencies all met for dep_context=non-requeueable deps ti=<TaskInstance: banking_01_bronze_layer.build_bronze_cust manual__2026-03-31T00:23:48.187527+00:00 [queued]>
[2026-03-31T00:24:22.643+0000] {taskinstance.py:2076} INFO - Dependencies all met for dep_context=requeueable deps ti=<TaskInstance: banking_01_bronze_layer.build_bronze_cust manual__2026-03-31T00:23:48.187527+00:00 [queued]>
[2026-03-31T00:24:22.643+0000] {taskinstance.py:2306} INFO - Starting attempt 1 of 2
[2026-03-31T00:24:22.650+0000] {taskinstance.py:2330} INFO - Executing <Task(BashOperator): build_bronze_cust> on 2026-03-31 00:23:48.187527+00:00
[2026-03-31T00:24:22.653+0000] {standard_task_runner.py:64} INFO - Started process 41497 to run task
[2026-03-31T00:24:22.654+0000] {standard_task_runner.py:90} INFO - Running: ['***', 'tasks', 'run', 'banking_01_bronze_layer', 'build_bronze_cust', 'manual__2026-03-31T00:23:48.187527+00:00', '--job-id', '9538', '--raw', '--subdir', 'DAGS_FOLDER/dbt.py', '--cfg-path', '/tmp/tmperk3av6j']
[2026-03-31T00:24:22.656+0000] {standard_task_runner.py:91} INFO - Job 9538: Subtask build_bronze_cust
[2026-03-31T00:24:22.690+0000] {task_command.py:426} INFO - Running <TaskInstance: banking_01_bronze_layer.build_bronze_cust manual__2026-03-31T00:23:48.187527+00:00 [running]> on host c990dffe13ae
[2026-03-31T00:24:22.742+0000] {taskinstance.py:2648} INFO - Exporting env vars: AIRFLOW_CTX_DAG_OWNER='risheek' AIRFLOW_CTX_DAG_ID='banking_01_bronze_layer' AIRFLOW_CTX_TASK_ID='build_bronze_cust' AIRFLOW_CTX_EXECUTION_DATE='2026-03-31T00:23:48.187527+00:00' AIRFLOW_CTX_TRY_NUMBER='1' AIRFLOW_CTX_DAG_RUN_ID='manual__2026-03-31T00:23:48.187527+00:00'
[2026-03-31T00:24:22.742+0000] {taskinstance.py:430} INFO - ::endgroup::
[2026-03-31T00:24:22.743+0000] {subprocess.py:78} INFO - Tmp dir root location: /tmp
[2026-03-31T00:24:22.744+0000] {subprocess.py:88} INFO - Running command: ['/usr/bin/bash', '-c', 'dbt build --select bronze_cust']
[2026-03-31T00:24:22.748+0000] {subprocess.py:99} INFO - Output:
[2026-03-31T00:24:24.019+0000] {subprocess.py:106} INFO - [0m00:24:24  Running with dbt=1.11.7
[2026-03-31T00:24:24.635+0000] {subprocess.py:106} INFO - [0m00:24:24  Registered adapter: snowflake=1.11.3
[2026-03-31T00:24:24.829+0000] {subprocess.py:106} INFO - [0m00:24:24  [[33mWARNING[0m]: Configuration paths exist in your dbt_project.yml file which do not apply to any resources.
[2026-03-31T00:24:24.829+0000] {subprocess.py:106} INFO - There are 1 unused configuration paths:
[2026-03-31T00:24:24.829+0000] {subprocess.py:106} INFO - - models.trans_snowf.example
[2026-03-31T00:24:24.953+0000] {subprocess.py:106} INFO - [0m00:24:24  Found 14 models, 3 sources, 522 macros
[2026-03-31T00:24:24.954+0000] {subprocess.py:106} INFO - [0m00:24:24
[2026-03-31T00:24:24.955+0000] {subprocess.py:106} INFO - [0m00:24:24  Concurrency: 1 threads (target='dev')
[2026-03-31T00:24:24.955+0000] {subprocess.py:106} INFO - [0m00:24:24
[2026-03-31T00:24:26.630+0000] {subprocess.py:106} INFO - [0m00:24:26  1 of 1 START sql incremental model PUBLIC_BRONZE.bronze_cust ................... [RUN]
[2026-03-31T00:24:29.125+0000] {subprocess.py:106} INFO - [0m00:24:29  1 of 1 OK created sql incremental model PUBLIC_BRONZE.bronze_cust .............. [[32mSUCCESS 0[0m in 2.49s]
[2026-03-31T00:24:29.403+0000] {subprocess.py:106} INFO - [0m00:24:29
[2026-03-31T00:24:29.405+0000] {subprocess.py:106} INFO - [0m00:24:29  Finished running 1 incremental model in 0 hours 0 minutes and 4.45 seconds (4.45s).
[2026-03-31T00:24:29.472+0000] {subprocess.py:106} INFO - [0m00:24:29
[2026-03-31T00:24:29.473+0000] {subprocess.py:106} INFO - [0m00:24:29  [32mCompleted successfully[0m
[2026-03-31T00:24:29.473+0000] {subprocess.py:106} INFO - [0m00:24:29
[2026-03-31T00:24:29.474+0000] {subprocess.py:106} INFO - [0m00:24:29  Done. PASS=1 WARN=0 ERROR=0 SKIP=0 NO-OP=0 TOTAL=1
[2026-03-31T00:24:31.240+0000] {subprocess.py:110} INFO - Command exited with return code 0
[2026-03-31T00:24:31.242+0000] {taskinstance.py:441} INFO - ::group::Post task execution logs
[2026-03-31T00:24:31.288+0000] {taskinstance.py:1206} INFO - Marking task as SUCCESS. dag_id=banking_01_bronze_layer, task_id=build_bronze_cust, run_id=manual__2026-03-31T00:23:48.187527+00:00, execution_date=20260331T002348, start_date=20260331T002422, end_date=20260331T002431
[2026-03-31T00:24:31.325+0000] {local_task_job_runner.py:243} INFO - Task exited with return code 0
[2026-03-31T00:24:31.343+0000] {taskinstance.py:3503} INFO - 0 downstream tasks scheduled from follow-on schedule check
[2026-03-31T00:24:31.345+0000] {local_task_job_runner.py:222} INFO - ::endgroup::
