[2026-03-30T14:47:01.251+0000] {local_task_job_runner.py:120} INFO - ::group::Pre task execution logs
[2026-03-30T14:47:01.268+0000] {taskinstance.py:2076} INFO - Dependencies all met for dep_context=non-requeueable deps ti=<TaskInstance: banking_01_bronze_layer.debug scheduled__2026-03-30T12:30:00+00:00 [queued]>
[2026-03-30T14:47:01.272+0000] {taskinstance.py:2076} INFO - Dependencies all met for dep_context=requeueable deps ti=<TaskInstance: banking_01_bronze_layer.debug scheduled__2026-03-30T12:30:00+00:00 [queued]>
[2026-03-30T14:47:01.272+0000] {taskinstance.py:2306} INFO - Starting attempt 2 of 2
[2026-03-30T14:47:01.278+0000] {taskinstance.py:2330} INFO - Executing <Task(BashOperator): debug> on 2026-03-30 12:30:00+00:00
[2026-03-30T14:47:01.281+0000] {standard_task_runner.py:64} INFO - Started process 11542 to run task
[2026-03-30T14:47:01.283+0000] {standard_task_runner.py:90} INFO - Running: ['***', 'tasks', 'run', 'banking_01_bronze_layer', 'debug', 'scheduled__2026-03-30T12:30:00+00:00', '--job-id', '8051', '--raw', '--subdir', 'DAGS_FOLDER/dbt.py', '--cfg-path', '/tmp/tmpsu2ns885']
[2026-03-30T14:47:01.285+0000] {standard_task_runner.py:91} INFO - Job 8051: Subtask debug
[2026-03-30T14:47:01.323+0000] {task_command.py:426} INFO - Running <TaskInstance: banking_01_bronze_layer.debug scheduled__2026-03-30T12:30:00+00:00 [running]> on host c990dffe13ae
[2026-03-30T14:47:01.371+0000] {taskinstance.py:2648} INFO - Exporting env vars: AIRFLOW_CTX_DAG_OWNER='risheek' AIRFLOW_CTX_DAG_ID='banking_01_bronze_layer' AIRFLOW_CTX_TASK_ID='debug' AIRFLOW_CTX_EXECUTION_DATE='2026-03-30T12:30:00+00:00' AIRFLOW_CTX_TRY_NUMBER='2' AIRFLOW_CTX_DAG_RUN_ID='scheduled__2026-03-30T12:30:00+00:00'
[2026-03-30T14:47:01.372+0000] {taskinstance.py:430} INFO - ::endgroup::
[2026-03-30T14:47:01.372+0000] {subprocess.py:78} INFO - Tmp dir root location: /tmp
[2026-03-30T14:47:01.373+0000] {subprocess.py:88} INFO - Running command: ['/usr/bin/bash', '-c', 'dbt debug --profiles-dir /opt/***/dbt/trans_snowf']
[2026-03-30T14:47:01.377+0000] {subprocess.py:99} INFO - Output:
[2026-03-30T14:47:02.637+0000] {subprocess.py:106} INFO - [0m14:47:02  Running with dbt=1.11.7
[2026-03-30T14:47:02.644+0000] {subprocess.py:106} INFO - [0m14:47:02  dbt version: 1.11.7
[2026-03-30T14:47:02.644+0000] {subprocess.py:106} INFO - [0m14:47:02  python version: 3.12.4
[2026-03-30T14:47:02.645+0000] {subprocess.py:106} INFO - [0m14:47:02  python path: /home/***/.local/bin/python
[2026-03-30T14:47:02.645+0000] {subprocess.py:106} INFO - [0m14:47:02  os info: Linux-6.12.76-linuxkit-aarch64-with-glibc2.36
[2026-03-30T14:47:03.202+0000] {subprocess.py:106} INFO - [0m14:47:03  Using profiles dir at /opt/***/dbt/trans_snowf
[2026-03-30T14:47:03.203+0000] {subprocess.py:106} INFO - [0m14:47:03  Using profiles.yml file at /opt/***/dbt/trans_snowf/profiles.yml
[2026-03-30T14:47:03.203+0000] {subprocess.py:106} INFO - [0m14:47:03  Using dbt_project.yml file at /opt/***/dbt/trans_snowf/dbt_project.yml
[2026-03-30T14:47:03.204+0000] {subprocess.py:106} INFO - [0m14:47:03  adapter type: snowflake
[2026-03-30T14:47:03.204+0000] {subprocess.py:106} INFO - [0m14:47:03  adapter version: 1.11.3
[2026-03-30T14:47:03.268+0000] {subprocess.py:106} INFO - [0m14:47:03  Configuration:
[2026-03-30T14:47:03.268+0000] {subprocess.py:106} INFO - [0m14:47:03    profiles.yml file [[32mOK found and valid[0m]
[2026-03-30T14:47:03.269+0000] {subprocess.py:106} INFO - [0m14:47:03    dbt_project.yml file [[32mOK found and valid[0m]
[2026-03-30T14:47:03.269+0000] {subprocess.py:106} INFO - [0m14:47:03  Required dependencies:
[2026-03-30T14:47:03.270+0000] {subprocess.py:106} INFO - [0m14:47:03   - git [[31mERROR[0m]
[2026-03-30T14:47:03.270+0000] {subprocess.py:106} INFO - 
[2026-03-30T14:47:03.271+0000] {subprocess.py:106} INFO - [0m14:47:03  Connection:
[2026-03-30T14:47:03.271+0000] {subprocess.py:106} INFO - [0m14:47:03    account: BBMCDSP-CT02489
[2026-03-30T14:47:03.271+0000] {subprocess.py:106} INFO - [0m14:47:03    user: user123
[2026-03-30T14:47:03.272+0000] {subprocess.py:106} INFO - [0m14:47:03    database: BANKING
[2026-03-30T14:47:03.272+0000] {subprocess.py:106} INFO - [0m14:47:03    warehouse: COMPUTE_WH
[2026-03-30T14:47:03.273+0000] {subprocess.py:106} INFO - [0m14:47:03    role: dbtadmin
[2026-03-30T14:47:03.273+0000] {subprocess.py:106} INFO - [0m14:47:03    schema: PUBLIC
[2026-03-30T14:47:03.273+0000] {subprocess.py:106} INFO - [0m14:47:03    authenticator: None
[2026-03-30T14:47:03.274+0000] {subprocess.py:106} INFO - [0m14:47:03    oauth_client_id: None
[2026-03-30T14:47:03.274+0000] {subprocess.py:106} INFO - [0m14:47:03    query_tag: None
[2026-03-30T14:47:03.274+0000] {subprocess.py:106} INFO - [0m14:47:03    client_session_keep_alive: False
[2026-03-30T14:47:03.275+0000] {subprocess.py:106} INFO - [0m14:47:03    host: None
[2026-03-30T14:47:03.275+0000] {subprocess.py:106} INFO - [0m14:47:03    port: None
[2026-03-30T14:47:03.275+0000] {subprocess.py:106} INFO - [0m14:47:03    proxy_host: None
[2026-03-30T14:47:03.276+0000] {subprocess.py:106} INFO - [0m14:47:03    proxy_port: None
[2026-03-30T14:47:03.276+0000] {subprocess.py:106} INFO - [0m14:47:03    protocol: None
[2026-03-30T14:47:03.276+0000] {subprocess.py:106} INFO - [0m14:47:03    connect_retries: 1
[2026-03-30T14:47:03.277+0000] {subprocess.py:106} INFO - [0m14:47:03    connect_timeout: None
[2026-03-30T14:47:03.277+0000] {subprocess.py:106} INFO - [0m14:47:03    retry_on_database_errors: False
[2026-03-30T14:47:03.277+0000] {subprocess.py:106} INFO - [0m14:47:03    retry_all: False
[2026-03-30T14:47:03.278+0000] {subprocess.py:106} INFO - [0m14:47:03    insecure_mode: False
[2026-03-30T14:47:03.278+0000] {subprocess.py:106} INFO - [0m14:47:03    reuse_connections: True
[2026-03-30T14:47:03.278+0000] {subprocess.py:106} INFO - [0m14:47:03    s3_stage_vpce_dns_name: None
[2026-03-30T14:47:03.279+0000] {subprocess.py:106} INFO - [0m14:47:03    platform_detection_timeout_seconds: 0.0
[2026-03-30T14:47:03.279+0000] {subprocess.py:106} INFO - [0m14:47:03  Registered adapter: snowflake=1.11.3
[2026-03-30T14:47:04.723+0000] {subprocess.py:106} INFO - [0m14:47:04    Connection test: [[32mOK connection ok[0m]
[2026-03-30T14:47:04.725+0000] {subprocess.py:106} INFO - 
[2026-03-30T14:47:04.725+0000] {subprocess.py:106} INFO - [0m14:47:04  [31m1 check failed:[0m
[2026-03-30T14:47:04.726+0000] {subprocess.py:106} INFO - [0m14:47:04  Error from git --help: Could not find command, ensure it is in the user's PATH: "git"
[2026-03-30T14:47:04.727+0000] {subprocess.py:106} INFO - 
[2026-03-30T14:47:07.043+0000] {subprocess.py:110} INFO - Command exited with return code 1
[2026-03-30T14:47:07.045+0000] {taskinstance.py:441} INFO - ::group::Post task execution logs
[2026-03-30T14:47:07.064+0000] {taskinstance.py:2905} ERROR - Task failed with exception
Traceback (most recent call last):
  File "/home/airflow/.local/lib/python3.12/site-packages/airflow/models/taskinstance.py", line 465, in _execute_task
    result = _execute_callable(context=context, **execute_callable_kwargs)
             ^^^^^^^^^^^^^^^^^^^^^^^^^^^^^^^^^^^^^^^^^^^^^^^^^^^^^^^^^^^^^
  File "/home/airflow/.local/lib/python3.12/site-packages/airflow/models/taskinstance.py", line 432, in _execute_callable
    return execute_callable(context=context, **execute_callable_kwargs)
           ^^^^^^^^^^^^^^^^^^^^^^^^^^^^^^^^^^^^^^^^^^^^^^^^^^^^^^^^^^^^
  File "/home/airflow/.local/lib/python3.12/site-packages/airflow/models/baseoperator.py", line 401, in wrapper
    return func(self, *args, **kwargs)
           ^^^^^^^^^^^^^^^^^^^^^^^^^^^
  File "/home/airflow/.local/lib/python3.12/site-packages/airflow/providers/standard/operators/bash.py", line 233, in execute
    raise AirflowException(
airflow.exceptions.AirflowException: Bash command failed. The command returned a non-zero exit code 1.
[2026-03-30T14:47:07.074+0000] {taskinstance.py:1206} INFO - Marking task as FAILED. dag_id=banking_01_bronze_layer, task_id=debug, run_id=scheduled__2026-03-30T12:30:00+00:00, execution_date=20260330T123000, start_date=20260330T144701, end_date=20260330T144707
[2026-03-30T14:47:07.087+0000] {standard_task_runner.py:110} ERROR - Failed to execute job 8051 for task debug (Bash command failed. The command returned a non-zero exit code 1.; 11542)
[2026-03-30T14:47:07.114+0000] {local_task_job_runner.py:243} INFO - Task exited with return code 1
[2026-03-30T14:47:07.132+0000] {taskinstance.py:3503} INFO - 0 downstream tasks scheduled from follow-on schedule check
[2026-03-30T14:47:07.133+0000] {local_task_job_runner.py:222} INFO - ::endgroup::
