[2026-03-30T14:04:37.854+0000] {local_task_job_runner.py:120} INFO - ::group::Pre task execution logs
[2026-03-30T14:04:37.869+0000] {taskinstance.py:2076} INFO - Dependencies all met for dep_context=non-requeueable deps ti=<TaskInstance: banking_01_bronze_layer.debug scheduled__2026-03-30T12:30:00+00:00 [queued]>
[2026-03-30T14:04:37.872+0000] {taskinstance.py:2076} INFO - Dependencies all met for dep_context=requeueable deps ti=<TaskInstance: banking_01_bronze_layer.debug scheduled__2026-03-30T12:30:00+00:00 [queued]>
[2026-03-30T14:04:37.872+0000] {taskinstance.py:2306} INFO - Starting attempt 1 of 2
[2026-03-30T14:04:37.878+0000] {taskinstance.py:2330} INFO - Executing <Task(BashOperator): debug> on 2026-03-30 12:30:00+00:00
[2026-03-30T14:04:37.880+0000] {standard_task_runner.py:64} INFO - Started process 10893 to run task
[2026-03-30T14:04:37.883+0000] {standard_task_runner.py:90} INFO - Running: ['***', 'tasks', 'run', 'banking_01_bronze_layer', 'debug', 'scheduled__2026-03-30T12:30:00+00:00', '--job-id', '8020', '--raw', '--subdir', 'DAGS_FOLDER/dbt.py', '--cfg-path', '/tmp/tmppoj3f255']
[2026-03-30T14:04:37.884+0000] {standard_task_runner.py:91} INFO - Job 8020: Subtask debug
[2026-03-30T14:04:37.911+0000] {task_command.py:426} INFO - Running <TaskInstance: banking_01_bronze_layer.debug scheduled__2026-03-30T12:30:00+00:00 [running]> on host c990dffe13ae
[2026-03-30T14:04:37.957+0000] {taskinstance.py:2648} INFO - Exporting env vars: AIRFLOW_CTX_DAG_OWNER='risheek' AIRFLOW_CTX_DAG_ID='banking_01_bronze_layer' AIRFLOW_CTX_TASK_ID='debug' AIRFLOW_CTX_EXECUTION_DATE='2026-03-30T12:30:00+00:00' AIRFLOW_CTX_TRY_NUMBER='1' AIRFLOW_CTX_DAG_RUN_ID='scheduled__2026-03-30T12:30:00+00:00'
[2026-03-30T14:04:37.958+0000] {taskinstance.py:430} INFO - ::endgroup::
[2026-03-30T14:04:37.958+0000] {subprocess.py:78} INFO - Tmp dir root location: /tmp
[2026-03-30T14:04:37.959+0000] {subprocess.py:88} INFO - Running command: ['/usr/bin/bash', '-c', 'dbt debug --profiles-dir /opt/***/dbt/trans_snowf']
[2026-03-30T14:04:37.964+0000] {subprocess.py:99} INFO - Output:
[2026-03-30T14:04:39.171+0000] {subprocess.py:106} INFO - [0m14:04:39  Running with dbt=1.11.7
[2026-03-30T14:04:39.176+0000] {subprocess.py:106} INFO - [0m14:04:39  dbt version: 1.11.7
[2026-03-30T14:04:39.177+0000] {subprocess.py:106} INFO - [0m14:04:39  python version: 3.12.4
[2026-03-30T14:04:39.177+0000] {subprocess.py:106} INFO - [0m14:04:39  python path: /home/***/.local/bin/python
[2026-03-30T14:04:39.177+0000] {subprocess.py:106} INFO - [0m14:04:39  os info: Linux-6.12.76-linuxkit-aarch64-with-glibc2.36
[2026-03-30T14:04:39.686+0000] {subprocess.py:106} INFO - [0m14:04:39  Using profiles dir at /opt/***/dbt/trans_snowf
[2026-03-30T14:04:39.687+0000] {subprocess.py:106} INFO - [0m14:04:39  Using profiles.yml file at /opt/***/dbt/trans_snowf/profiles.yml
[2026-03-30T14:04:39.687+0000] {subprocess.py:106} INFO - [0m14:04:39  Using dbt_project.yml file at /opt/***/dbt/trans_snowf/dbt_project.yml
[2026-03-30T14:04:39.688+0000] {subprocess.py:106} INFO - [0m14:04:39  adapter type: snowflake
[2026-03-30T14:04:39.688+0000] {subprocess.py:106} INFO - [0m14:04:39  adapter version: 1.11.3
[2026-03-30T14:04:39.740+0000] {subprocess.py:106} INFO - [0m14:04:39  Configuration:
[2026-03-30T14:04:39.741+0000] {subprocess.py:106} INFO - [0m14:04:39    profiles.yml file [[32mOK found and valid[0m]
[2026-03-30T14:04:39.741+0000] {subprocess.py:106} INFO - [0m14:04:39    dbt_project.yml file [[32mOK found and valid[0m]
[2026-03-30T14:04:39.741+0000] {subprocess.py:106} INFO - [0m14:04:39  Required dependencies:
[2026-03-30T14:04:39.742+0000] {subprocess.py:106} INFO - [0m14:04:39   - git [[31mERROR[0m]
[2026-03-30T14:04:39.743+0000] {subprocess.py:106} INFO - 
[2026-03-30T14:04:39.743+0000] {subprocess.py:106} INFO - [0m14:04:39  Connection:
[2026-03-30T14:04:39.743+0000] {subprocess.py:106} INFO - [0m14:04:39    account: BBMCDSP-CT02489
[2026-03-30T14:04:39.744+0000] {subprocess.py:106} INFO - [0m14:04:39    user: user123
[2026-03-30T14:04:39.744+0000] {subprocess.py:106} INFO - [0m14:04:39    database: BANKING
[2026-03-30T14:04:39.744+0000] {subprocess.py:106} INFO - [0m14:04:39    warehouse: COMPUTE_WH
[2026-03-30T14:04:39.744+0000] {subprocess.py:106} INFO - [0m14:04:39    role: dbtadmin
[2026-03-30T14:04:39.745+0000] {subprocess.py:106} INFO - [0m14:04:39    schema: PUBLIC
[2026-03-30T14:04:39.745+0000] {subprocess.py:106} INFO - [0m14:04:39    authenticator: None
[2026-03-30T14:04:39.745+0000] {subprocess.py:106} INFO - [0m14:04:39    oauth_client_id: None
[2026-03-30T14:04:39.746+0000] {subprocess.py:106} INFO - [0m14:04:39    query_tag: None
[2026-03-30T14:04:39.746+0000] {subprocess.py:106} INFO - [0m14:04:39    client_session_keep_alive: False
[2026-03-30T14:04:39.746+0000] {subprocess.py:106} INFO - [0m14:04:39    host: None
[2026-03-30T14:04:39.747+0000] {subprocess.py:106} INFO - [0m14:04:39    port: None
[2026-03-30T14:04:39.747+0000] {subprocess.py:106} INFO - [0m14:04:39    proxy_host: None
[2026-03-30T14:04:39.748+0000] {subprocess.py:106} INFO - [0m14:04:39    proxy_port: None
[2026-03-30T14:04:39.748+0000] {subprocess.py:106} INFO - [0m14:04:39    protocol: None
[2026-03-30T14:04:39.748+0000] {subprocess.py:106} INFO - [0m14:04:39    connect_retries: 1
[2026-03-30T14:04:39.749+0000] {subprocess.py:106} INFO - [0m14:04:39    connect_timeout: None
[2026-03-30T14:04:39.749+0000] {subprocess.py:106} INFO - [0m14:04:39    retry_on_database_errors: False
[2026-03-30T14:04:39.749+0000] {subprocess.py:106} INFO - [0m14:04:39    retry_all: False
[2026-03-30T14:04:39.750+0000] {subprocess.py:106} INFO - [0m14:04:39    insecure_mode: False
[2026-03-30T14:04:39.750+0000] {subprocess.py:106} INFO - [0m14:04:39    reuse_connections: True
[2026-03-30T14:04:39.750+0000] {subprocess.py:106} INFO - [0m14:04:39    s3_stage_vpce_dns_name: None
[2026-03-30T14:04:39.751+0000] {subprocess.py:106} INFO - [0m14:04:39    platform_detection_timeout_seconds: 0.0
[2026-03-30T14:04:39.752+0000] {subprocess.py:106} INFO - [0m14:04:39  Registered adapter: snowflake=1.11.3
[2026-03-30T14:04:41.482+0000] {subprocess.py:106} INFO - [0m14:04:41    Connection test: [[32mOK connection ok[0m]
[2026-03-30T14:04:41.483+0000] {subprocess.py:106} INFO - 
[2026-03-30T14:04:41.483+0000] {subprocess.py:106} INFO - [0m14:04:41  [31m1 check failed:[0m
[2026-03-30T14:04:41.485+0000] {subprocess.py:106} INFO - [0m14:04:41  Error from git --help: Could not find command, ensure it is in the user's PATH: "git"
[2026-03-30T14:04:41.485+0000] {subprocess.py:106} INFO - 
[2026-03-30T14:04:44.261+0000] {subprocess.py:110} INFO - Command exited with return code 1
[2026-03-30T14:04:44.263+0000] {taskinstance.py:441} INFO - ::group::Post task execution logs
[2026-03-30T14:04:44.286+0000] {taskinstance.py:2905} ERROR - Task failed with exception
Traceback (most recent call last):
  File "/home/airflow/.local/lib/python3.12/site-packages/airflow/models/taskinstance.py", line 465, in _execute_task
    result = _execute_callable(context=context, **execute_callable_kwargs)
             ^^^^^^^^^^^^^^^^^^^^^^^^^^^^^^^^^^^^^^^^^^^^^^^^^^^^^^^^^^^^^
  File "/home/airflow/.local/lib/python3.12/site-packages/airflow/models/taskinstance.py", line 432, in _execute_callable
    return execute_callable(context=context, **execute_callable_kwargs)
           ^^^^^^^^^^^^^^^^^^^^^^^^^^^^^^^^^^^^^^^^^^^^^^^^^^^^^^^^^^^^
  File "/home/airflow/.local/lib/python3.12/site-packages/airflow/models/baseoperator.py", line 401, in wrapper
    return func(self, *args, **kwargs)
           ^^^^^^^^^^^^^^^^^^^^^^^^^^^
  File "/home/airflow/.local/lib/python3.12/site-packages/airflow/providers/standard/operators/bash.py", line 233, in execute
    raise AirflowException(
airflow.exceptions.AirflowException: Bash command failed. The command returned a non-zero exit code 1.
[2026-03-30T14:04:44.290+0000] {taskinstance.py:1206} INFO - Marking task as UP_FOR_RETRY. dag_id=banking_01_bronze_layer, task_id=debug, run_id=scheduled__2026-03-30T12:30:00+00:00, execution_date=20260330T123000, start_date=20260330T140437, end_date=20260330T140444
[2026-03-30T14:04:44.305+0000] {standard_task_runner.py:110} ERROR - Failed to execute job 8020 for task debug (Bash command failed. The command returned a non-zero exit code 1.; 10893)
[2026-03-30T14:04:44.347+0000] {local_task_job_runner.py:243} INFO - Task exited with return code 1
[2026-03-30T14:04:44.362+0000] {taskinstance.py:3503} INFO - 0 downstream tasks scheduled from follow-on schedule check
[2026-03-30T14:04:44.364+0000] {local_task_job_runner.py:222} INFO - ::endgroup::
