[2026-03-30T23:03:59.823+0000] {local_task_job_runner.py:120} INFO - ::group::Pre task execution logs
[2026-03-30T23:03:59.844+0000] {taskinstance.py:2076} INFO - Dependencies all met for dep_context=non-requeueable deps ti=<TaskInstance: transfer_from_minio_to_snowflake_accounts.create_stage scheduled__2026-03-30T22:53:00+00:00 [queued]>
[2026-03-30T23:03:59.848+0000] {taskinstance.py:2076} INFO - Dependencies all met for dep_context=requeueable deps ti=<TaskInstance: transfer_from_minio_to_snowflake_accounts.create_stage scheduled__2026-03-30T22:53:00+00:00 [queued]>
[2026-03-30T23:03:59.848+0000] {taskinstance.py:2306} INFO - Starting attempt 1 of 3
[2026-03-30T23:03:59.854+0000] {taskinstance.py:2330} INFO - Executing <Task(SQLExecuteQueryOperator): create_stage> on 2026-03-30 22:53:00+00:00
[2026-03-30T23:03:59.861+0000] {standard_task_runner.py:90} INFO - Running: ['***', 'tasks', 'run', 'transfer_from_minio_to_snowflake_accounts', 'create_stage', 'scheduled__2026-03-30T22:53:00+00:00', '--job-id', '9400', '--raw', '--subdir', 'DAGS_FOLDER/transfer.py', '--cfg-path', '/tmp/tmp9w6oavit']
[2026-03-30T23:03:59.866+0000] {standard_task_runner.py:91} INFO - Job 9400: Subtask create_stage
[2026-03-30T23:03:59.865+0000] {logging_mixin.py:188} WARNING - /home/***/.local/lib/python3.12/site-packages/***/task/task_runner/standard_task_runner.py:62 DeprecationWarning: This process (pid=38390) is multi-threaded, use of fork() may lead to deadlocks in the child.
[2026-03-30T23:03:59.868+0000] {standard_task_runner.py:64} INFO - Started process 38402 to run task
[2026-03-30T23:03:59.915+0000] {task_command.py:426} INFO - Running <TaskInstance: transfer_from_minio_to_snowflake_accounts.create_stage scheduled__2026-03-30T22:53:00+00:00 [running]> on host c990dffe13ae
[2026-03-30T23:04:00.301+0000] {taskinstance.py:2648} INFO - Exporting env vars: AIRFLOW_CTX_DAG_OWNER='***' AIRFLOW_CTX_DAG_ID='transfer_from_minio_to_snowflake_accounts' AIRFLOW_CTX_TASK_ID='create_stage' AIRFLOW_CTX_EXECUTION_DATE='2026-03-30T22:53:00+00:00' AIRFLOW_CTX_TRY_NUMBER='1' AIRFLOW_CTX_DAG_RUN_ID='scheduled__2026-03-30T22:53:00+00:00'
[2026-03-30T23:04:00.302+0000] {taskinstance.py:430} INFO - ::endgroup::
[2026-03-30T23:04:00.302+0000] {sql.py:282} INFO - Executing:  CREATE STAGE IF NOT EXISTS incoming  
                 URL = 's3://de-project-banking-pipeline-dev-2/'
                 STORAGE_INTEGRATION = my_s3_integration
                 FILE_FORMAT = (TYPE = 'JSON'); 
[2026-03-30T23:04:00.309+0000] {base.py:84} INFO - Using connection ID 'warehouse_id' for task execution.
[2026-03-30T23:04:00.357+0000] {base.py:84} INFO - Using connection ID 'warehouse_id' for task execution.
[2026-03-30T23:04:00.400+0000] {connection.py:613} INFO - Snowflake Connector for Python Version: 4.3.0, Python Version: 3.12.4, Platform: Linux-6.12.76-linuxkit-aarch64-with-glibc2.36
[2026-03-30T23:04:00.400+0000] {connection.py:1709} INFO - Connecting to GLOBAL Snowflake domain
[2026-03-30T23:04:04.344+0000] {sql.py:495} INFO - Running statement: CREATE STAGE IF NOT EXISTS incoming  
                 URL = 's3://de-project-banking-pipeline-dev-2/'
                 STORAGE_INTEGRATION = my_s3_integration
                 FILE_FORMAT = (TYPE = 'JSON');, parameters: None
[2026-03-30T23:04:04.524+0000] {sql.py:504} INFO - Rows affected: 1
[2026-03-30T23:04:04.527+0000] {snowflake.py:422} INFO - Rows affected: 1
[2026-03-30T23:04:04.527+0000] {snowflake.py:423} INFO - Snowflake query id: 01c36228-3202-85e0-0014-90e60006d5f6
[2026-03-30T23:04:04.878+0000] {taskinstance.py:441} INFO - ::group::Post task execution logs
[2026-03-30T23:04:04.980+0000] {taskinstance.py:1206} INFO - Marking task as SUCCESS. dag_id=transfer_from_minio_to_snowflake_accounts, task_id=create_stage, run_id=scheduled__2026-03-30T22:53:00+00:00, execution_date=20260330T225300, start_date=20260330T230359, end_date=20260330T230404
[2026-03-30T23:04:05.017+0000] {local_task_job_runner.py:243} INFO - Task exited with return code 0
[2026-03-30T23:04:05.041+0000] {taskinstance.py:3503} INFO - 1 downstream tasks scheduled from follow-on schedule check
[2026-03-30T23:04:05.042+0000] {local_task_job_runner.py:222} INFO - ::endgroup::
