[2026-04-03T07:03:24.235+0000] {local_task_job_runner.py:120} INFO - ::group::Pre task execution logs
[2026-04-03T07:03:24.249+0000] {taskinstance.py:2076} INFO - Dependencies all met for dep_context=non-requeueable deps ti=<TaskInstance: banking_01_bronze_layer.debug manual__2026-04-03T07:02:29.730438+00:00 [queued]>
[2026-04-03T07:03:24.253+0000] {taskinstance.py:2076} INFO - Dependencies all met for dep_context=requeueable deps ti=<TaskInstance: banking_01_bronze_layer.debug manual__2026-04-03T07:02:29.730438+00:00 [queued]>
[2026-04-03T07:03:24.253+0000] {taskinstance.py:2306} INFO - Starting attempt 1 of 2
[2026-04-03T07:03:24.258+0000] {taskinstance.py:2330} INFO - Executing <Task(BashOperator): debug> on 2026-04-03 07:02:29.730438+00:00
[2026-04-03T07:03:24.260+0000] {standard_task_runner.py:64} INFO - Started process 2191 to run task
[2026-04-03T07:03:24.262+0000] {standard_task_runner.py:90} INFO - Running: ['***', 'tasks', 'run', 'banking_01_bronze_layer', 'debug', 'manual__2026-04-03T07:02:29.730438+00:00', '--job-id', '9637', '--raw', '--subdir', 'DAGS_FOLDER/dbt.py', '--cfg-path', '/tmp/tmp52sx421r']
[2026-04-03T07:03:24.263+0000] {standard_task_runner.py:91} INFO - Job 9637: Subtask debug
[2026-04-03T07:03:24.288+0000] {task_command.py:426} INFO - Running <TaskInstance: banking_01_bronze_layer.debug manual__2026-04-03T07:02:29.730438+00:00 [running]> on host c990dffe13ae
[2026-04-03T07:03:24.329+0000] {taskinstance.py:2648} INFO - Exporting env vars: AIRFLOW_CTX_DAG_OWNER='risheek' AIRFLOW_CTX_DAG_ID='banking_01_bronze_layer' AIRFLOW_CTX_TASK_ID='debug' AIRFLOW_CTX_EXECUTION_DATE='2026-04-03T07:02:29.730438+00:00' AIRFLOW_CTX_TRY_NUMBER='1' AIRFLOW_CTX_DAG_RUN_ID='manual__2026-04-03T07:02:29.730438+00:00'
[2026-04-03T07:03:24.329+0000] {taskinstance.py:430} INFO - ::endgroup::
[2026-04-03T07:03:24.330+0000] {subprocess.py:78} INFO - Tmp dir root location: /tmp
[2026-04-03T07:03:24.330+0000] {subprocess.py:88} INFO - Running command: ['/usr/bin/bash', '-c', 'dbt debug --profiles-dir /opt/***/dbt/trans_snowf']
[2026-04-03T07:03:24.334+0000] {subprocess.py:99} INFO - Output:
[2026-04-03T07:03:25.565+0000] {subprocess.py:106} INFO - [0m07:03:25  Running with dbt=1.11.7
[2026-04-03T07:03:25.570+0000] {subprocess.py:106} INFO - [0m07:03:25  dbt version: 1.11.7
[2026-04-03T07:03:25.571+0000] {subprocess.py:106} INFO - [0m07:03:25  python version: 3.12.4
[2026-04-03T07:03:25.571+0000] {subprocess.py:106} INFO - [0m07:03:25  python path: /home/***/.local/bin/python
[2026-04-03T07:03:25.572+0000] {subprocess.py:106} INFO - [0m07:03:25  os info: Linux-6.12.76-linuxkit-aarch64-with-glibc2.36
[2026-04-03T07:03:25.949+0000] {subprocess.py:106} INFO - [0m07:03:25  Using profiles dir at /opt/***/dbt/trans_snowf
[2026-04-03T07:03:25.949+0000] {subprocess.py:106} INFO - [0m07:03:25  Using profiles.yml file at /opt/***/dbt/trans_snowf/profiles.yml
[2026-04-03T07:03:25.950+0000] {subprocess.py:106} INFO - [0m07:03:25  Using dbt_project.yml file at /opt/***/dbt/trans_snowf/dbt_project.yml
[2026-04-03T07:03:25.950+0000] {subprocess.py:106} INFO - [0m07:03:25  adapter type: snowflake
[2026-04-03T07:03:25.951+0000] {subprocess.py:106} INFO - [0m07:03:25  adapter version: 1.11.3
[2026-04-03T07:03:26.002+0000] {subprocess.py:106} INFO - [0m07:03:26  Configuration:
[2026-04-03T07:03:26.002+0000] {subprocess.py:106} INFO - [0m07:03:26    profiles.yml file [[32mOK found and valid[0m]
[2026-04-03T07:03:26.003+0000] {subprocess.py:106} INFO - [0m07:03:26    dbt_project.yml file [[32mOK found and valid[0m]
[2026-04-03T07:03:26.003+0000] {subprocess.py:106} INFO - [0m07:03:26  Required dependencies:
[2026-04-03T07:03:26.004+0000] {subprocess.py:106} INFO - [0m07:03:26   - git [[31mERROR[0m]
[2026-04-03T07:03:26.004+0000] {subprocess.py:106} INFO - 
[2026-04-03T07:03:26.004+0000] {subprocess.py:106} INFO - [0m07:03:26  Connection:
[2026-04-03T07:03:26.005+0000] {subprocess.py:106} INFO - [0m07:03:26    account: BBMCDSP-CT02489
[2026-04-03T07:03:26.005+0000] {subprocess.py:106} INFO - [0m07:03:26    user: user123
[2026-04-03T07:03:26.005+0000] {subprocess.py:106} INFO - [0m07:03:26    database: BANKING
[2026-04-03T07:03:26.006+0000] {subprocess.py:106} INFO - [0m07:03:26    warehouse: COMPUTE_WH
[2026-04-03T07:03:26.006+0000] {subprocess.py:106} INFO - [0m07:03:26    role: dbtadmin
[2026-04-03T07:03:26.006+0000] {subprocess.py:106} INFO - [0m07:03:26    schema: PUBLIC
[2026-04-03T07:03:26.007+0000] {subprocess.py:106} INFO - [0m07:03:26    authenticator: None
[2026-04-03T07:03:26.007+0000] {subprocess.py:106} INFO - [0m07:03:26    oauth_client_id: None
[2026-04-03T07:03:26.007+0000] {subprocess.py:106} INFO - [0m07:03:26    query_tag: None
[2026-04-03T07:03:26.007+0000] {subprocess.py:106} INFO - [0m07:03:26    client_session_keep_alive: False
[2026-04-03T07:03:26.008+0000] {subprocess.py:106} INFO - [0m07:03:26    host: None
[2026-04-03T07:03:26.008+0000] {subprocess.py:106} INFO - [0m07:03:26    port: None
[2026-04-03T07:03:26.008+0000] {subprocess.py:106} INFO - [0m07:03:26    proxy_host: None
[2026-04-03T07:03:26.009+0000] {subprocess.py:106} INFO - [0m07:03:26    proxy_port: None
[2026-04-03T07:03:26.009+0000] {subprocess.py:106} INFO - [0m07:03:26    protocol: None
[2026-04-03T07:03:26.009+0000] {subprocess.py:106} INFO - [0m07:03:26    connect_retries: 1
[2026-04-03T07:03:26.010+0000] {subprocess.py:106} INFO - [0m07:03:26    connect_timeout: None
[2026-04-03T07:03:26.010+0000] {subprocess.py:106} INFO - [0m07:03:26    retry_on_database_errors: False
[2026-04-03T07:03:26.010+0000] {subprocess.py:106} INFO - [0m07:03:26    retry_all: False
[2026-04-03T07:03:26.010+0000] {subprocess.py:106} INFO - [0m07:03:26    insecure_mode: False
[2026-04-03T07:03:26.011+0000] {subprocess.py:106} INFO - [0m07:03:26    reuse_connections: True
[2026-04-03T07:03:26.011+0000] {subprocess.py:106} INFO - [0m07:03:26    s3_stage_vpce_dns_name: None
[2026-04-03T07:03:26.011+0000] {subprocess.py:106} INFO - [0m07:03:26    platform_detection_timeout_seconds: 0.0
[2026-04-03T07:03:26.012+0000] {subprocess.py:106} INFO - [0m07:03:26  Registered adapter: snowflake=1.11.3
[2026-04-03T07:03:26.776+0000] {subprocess.py:106} INFO - [0m07:03:26    Connection test: [[32mOK connection ok[0m]
[2026-04-03T07:03:26.777+0000] {subprocess.py:106} INFO - 
[2026-04-03T07:03:26.778+0000] {subprocess.py:106} INFO - [0m07:03:26  [31m1 check failed:[0m
[2026-04-03T07:03:26.779+0000] {subprocess.py:106} INFO - [0m07:03:26  Error from git --help: Could not find command, ensure it is in the user's PATH: "git"
[2026-04-03T07:03:26.779+0000] {subprocess.py:106} INFO - 
[2026-04-03T07:03:33.572+0000] {subprocess.py:110} INFO - Command exited with return code 1
[2026-04-03T07:03:33.582+0000] {taskinstance.py:441} INFO - ::group::Post task execution logs
[2026-04-03T07:03:33.627+0000] {taskinstance.py:2905} ERROR - Task failed with exception
Traceback (most recent call last):
  File "/home/airflow/.local/lib/python3.12/site-packages/airflow/models/taskinstance.py", line 465, in _execute_task
    result = _execute_callable(context=context, **execute_callable_kwargs)
             ^^^^^^^^^^^^^^^^^^^^^^^^^^^^^^^^^^^^^^^^^^^^^^^^^^^^^^^^^^^^^
  File "/home/airflow/.local/lib/python3.12/site-packages/airflow/models/taskinstance.py", line 432, in _execute_callable
    return execute_callable(context=context, **execute_callable_kwargs)
           ^^^^^^^^^^^^^^^^^^^^^^^^^^^^^^^^^^^^^^^^^^^^^^^^^^^^^^^^^^^^
  File "/home/airflow/.local/lib/python3.12/site-packages/airflow/models/baseoperator.py", line 401, in wrapper
    return func(self, *args, **kwargs)
           ^^^^^^^^^^^^^^^^^^^^^^^^^^^
  File "/home/airflow/.local/lib/python3.12/site-packages/airflow/providers/standard/operators/bash.py", line 233, in execute
    raise AirflowException(
airflow.exceptions.AirflowException: Bash command failed. The command returned a non-zero exit code 1.
[2026-04-03T07:03:33.636+0000] {taskinstance.py:1206} INFO - Marking task as UP_FOR_RETRY. dag_id=banking_01_bronze_layer, task_id=debug, run_id=manual__2026-04-03T07:02:29.730438+00:00, execution_date=20260403T070229, start_date=20260403T070324, end_date=20260403T070333
[2026-04-03T07:03:33.660+0000] {standard_task_runner.py:110} ERROR - Failed to execute job 9637 for task debug (Bash command failed. The command returned a non-zero exit code 1.; 2191)
[2026-04-03T07:03:33.698+0000] {local_task_job_runner.py:243} INFO - Task exited with return code 1
[2026-04-03T07:03:33.730+0000] {taskinstance.py:3503} INFO - 0 downstream tasks scheduled from follow-on schedule check
[2026-04-03T07:03:33.731+0000] {local_task_job_runner.py:222} INFO - ::endgroup::
