[2026-04-03T07:29:18.501+0000] {local_task_job_runner.py:120} INFO - ::group::Pre task execution logs
[2026-04-03T07:29:18.518+0000] {taskinstance.py:2076} INFO - Dependencies all met for dep_context=non-requeueable deps ti=<TaskInstance: banking_01_bronze_layer.debug manual__2026-04-03T07:02:29.730438+00:00 [queued]>
[2026-04-03T07:29:18.521+0000] {taskinstance.py:2076} INFO - Dependencies all met for dep_context=requeueable deps ti=<TaskInstance: banking_01_bronze_layer.debug manual__2026-04-03T07:02:29.730438+00:00 [queued]>
[2026-04-03T07:29:18.522+0000] {taskinstance.py:2306} INFO - Starting attempt 2 of 2
[2026-04-03T07:29:18.527+0000] {taskinstance.py:2330} INFO - Executing <Task(BashOperator): debug> on 2026-04-03 07:02:29.730438+00:00
[2026-04-03T07:29:18.530+0000] {standard_task_runner.py:64} INFO - Started process 2255 to run task
[2026-04-03T07:29:18.532+0000] {standard_task_runner.py:90} INFO - Running: ['***', 'tasks', 'run', 'banking_01_bronze_layer', 'debug', 'manual__2026-04-03T07:02:29.730438+00:00', '--job-id', '9639', '--raw', '--subdir', 'DAGS_FOLDER/dbt.py', '--cfg-path', '/tmp/tmpykrg4c6f']
[2026-04-03T07:29:18.534+0000] {standard_task_runner.py:91} INFO - Job 9639: Subtask debug
[2026-04-03T07:29:18.571+0000] {task_command.py:426} INFO - Running <TaskInstance: banking_01_bronze_layer.debug manual__2026-04-03T07:02:29.730438+00:00 [running]> on host c990dffe13ae
[2026-04-03T07:29:18.615+0000] {taskinstance.py:2648} INFO - Exporting env vars: AIRFLOW_CTX_DAG_OWNER='risheek' AIRFLOW_CTX_DAG_ID='banking_01_bronze_layer' AIRFLOW_CTX_TASK_ID='debug' AIRFLOW_CTX_EXECUTION_DATE='2026-04-03T07:02:29.730438+00:00' AIRFLOW_CTX_TRY_NUMBER='2' AIRFLOW_CTX_DAG_RUN_ID='manual__2026-04-03T07:02:29.730438+00:00'
[2026-04-03T07:29:18.616+0000] {taskinstance.py:430} INFO - ::endgroup::
[2026-04-03T07:29:18.616+0000] {subprocess.py:78} INFO - Tmp dir root location: /tmp
[2026-04-03T07:29:18.617+0000] {subprocess.py:88} INFO - Running command: ['/usr/bin/bash', '-c', 'dbt debug --profiles-dir /opt/***/dbt/trans_snowf']
[2026-04-03T07:29:18.621+0000] {subprocess.py:99} INFO - Output:
[2026-04-03T07:29:19.931+0000] {subprocess.py:106} INFO - [0m07:29:19  Running with dbt=1.11.7
[2026-04-03T07:29:19.937+0000] {subprocess.py:106} INFO - [0m07:29:19  dbt version: 1.11.7
[2026-04-03T07:29:19.937+0000] {subprocess.py:106} INFO - [0m07:29:19  python version: 3.12.4
[2026-04-03T07:29:19.938+0000] {subprocess.py:106} INFO - [0m07:29:19  python path: /home/***/.local/bin/python
[2026-04-03T07:29:19.938+0000] {subprocess.py:106} INFO - [0m07:29:19  os info: Linux-6.12.76-linuxkit-aarch64-with-glibc2.36
[2026-04-03T07:29:20.512+0000] {subprocess.py:106} INFO - [0m07:29:20  Using profiles dir at /opt/***/dbt/trans_snowf
[2026-04-03T07:29:20.513+0000] {subprocess.py:106} INFO - [0m07:29:20  Using profiles.yml file at /opt/***/dbt/trans_snowf/profiles.yml
[2026-04-03T07:29:20.513+0000] {subprocess.py:106} INFO - [0m07:29:20  Using dbt_project.yml file at /opt/***/dbt/trans_snowf/dbt_project.yml
[2026-04-03T07:29:20.514+0000] {subprocess.py:106} INFO - [0m07:29:20  adapter type: snowflake
[2026-04-03T07:29:20.514+0000] {subprocess.py:106} INFO - [0m07:29:20  adapter version: 1.11.3
[2026-04-03T07:29:20.565+0000] {subprocess.py:106} INFO - [0m07:29:20  Configuration:
[2026-04-03T07:29:20.566+0000] {subprocess.py:106} INFO - [0m07:29:20    profiles.yml file [[32mOK found and valid[0m]
[2026-04-03T07:29:20.566+0000] {subprocess.py:106} INFO - [0m07:29:20    dbt_project.yml file [[32mOK found and valid[0m]
[2026-04-03T07:29:20.567+0000] {subprocess.py:106} INFO - [0m07:29:20  Required dependencies:
[2026-04-03T07:29:20.568+0000] {subprocess.py:106} INFO - [0m07:29:20   - git [[31mERROR[0m]
[2026-04-03T07:29:20.568+0000] {subprocess.py:106} INFO - 
[2026-04-03T07:29:20.568+0000] {subprocess.py:106} INFO - [0m07:29:20  Connection:
[2026-04-03T07:29:20.568+0000] {subprocess.py:106} INFO - [0m07:29:20    account: BBMCDSP-CT02489
[2026-04-03T07:29:20.569+0000] {subprocess.py:106} INFO - [0m07:29:20    user: user123
[2026-04-03T07:29:20.569+0000] {subprocess.py:106} INFO - [0m07:29:20    database: BANKING
[2026-04-03T07:29:20.569+0000] {subprocess.py:106} INFO - [0m07:29:20    warehouse: COMPUTE_WH
[2026-04-03T07:29:20.570+0000] {subprocess.py:106} INFO - [0m07:29:20    role: dbtadmin
[2026-04-03T07:29:20.570+0000] {subprocess.py:106} INFO - [0m07:29:20    schema: PUBLIC
[2026-04-03T07:29:20.571+0000] {subprocess.py:106} INFO - [0m07:29:20    authenticator: None
[2026-04-03T07:29:20.571+0000] {subprocess.py:106} INFO - [0m07:29:20    oauth_client_id: None
[2026-04-03T07:29:20.571+0000] {subprocess.py:106} INFO - [0m07:29:20    query_tag: None
[2026-04-03T07:29:20.572+0000] {subprocess.py:106} INFO - [0m07:29:20    client_session_keep_alive: False
[2026-04-03T07:29:20.572+0000] {subprocess.py:106} INFO - [0m07:29:20    host: None
[2026-04-03T07:29:20.572+0000] {subprocess.py:106} INFO - [0m07:29:20    port: None
[2026-04-03T07:29:20.573+0000] {subprocess.py:106} INFO - [0m07:29:20    proxy_host: None
[2026-04-03T07:29:20.573+0000] {subprocess.py:106} INFO - [0m07:29:20    proxy_port: None
[2026-04-03T07:29:20.573+0000] {subprocess.py:106} INFO - [0m07:29:20    protocol: None
[2026-04-03T07:29:20.574+0000] {subprocess.py:106} INFO - [0m07:29:20    connect_retries: 1
[2026-04-03T07:29:20.574+0000] {subprocess.py:106} INFO - [0m07:29:20    connect_timeout: None
[2026-04-03T07:29:20.574+0000] {subprocess.py:106} INFO - [0m07:29:20    retry_on_database_errors: False
[2026-04-03T07:29:20.574+0000] {subprocess.py:106} INFO - [0m07:29:20    retry_all: False
[2026-04-03T07:29:20.575+0000] {subprocess.py:106} INFO - [0m07:29:20    insecure_mode: False
[2026-04-03T07:29:20.575+0000] {subprocess.py:106} INFO - [0m07:29:20    reuse_connections: True
[2026-04-03T07:29:20.575+0000] {subprocess.py:106} INFO - [0m07:29:20    s3_stage_vpce_dns_name: None
[2026-04-03T07:29:20.576+0000] {subprocess.py:106} INFO - [0m07:29:20    platform_detection_timeout_seconds: 0.0
[2026-04-03T07:29:20.576+0000] {subprocess.py:106} INFO - [0m07:29:20  Registered adapter: snowflake=1.11.3
[2026-04-03T07:29:21.477+0000] {subprocess.py:106} INFO - [0m07:29:21    Connection test: [[32mOK connection ok[0m]
[2026-04-03T07:29:21.478+0000] {subprocess.py:106} INFO - 
[2026-04-03T07:29:21.478+0000] {subprocess.py:106} INFO - [0m07:29:21  [31m1 check failed:[0m
[2026-04-03T07:29:21.480+0000] {subprocess.py:106} INFO - [0m07:29:21  Error from git --help: Could not find command, ensure it is in the user's PATH: "git"
[2026-04-03T07:29:21.480+0000] {subprocess.py:106} INFO - 
[2026-04-03T07:29:27.918+0000] {subprocess.py:110} INFO - Command exited with return code 1
[2026-04-03T07:29:27.971+0000] {taskinstance.py:441} INFO - ::group::Post task execution logs
[2026-04-03T07:29:28.031+0000] {taskinstance.py:2905} ERROR - Task failed with exception
Traceback (most recent call last):
  File "/home/airflow/.local/lib/python3.12/site-packages/airflow/models/taskinstance.py", line 465, in _execute_task
    result = _execute_callable(context=context, **execute_callable_kwargs)
             ^^^^^^^^^^^^^^^^^^^^^^^^^^^^^^^^^^^^^^^^^^^^^^^^^^^^^^^^^^^^^
  File "/home/airflow/.local/lib/python3.12/site-packages/airflow/models/taskinstance.py", line 432, in _execute_callable
    return execute_callable(context=context, **execute_callable_kwargs)
           ^^^^^^^^^^^^^^^^^^^^^^^^^^^^^^^^^^^^^^^^^^^^^^^^^^^^^^^^^^^^
  File "/home/airflow/.local/lib/python3.12/site-packages/airflow/models/baseoperator.py", line 401, in wrapper
    return func(self, *args, **kwargs)
           ^^^^^^^^^^^^^^^^^^^^^^^^^^^
  File "/home/airflow/.local/lib/python3.12/site-packages/airflow/providers/standard/operators/bash.py", line 233, in execute
    raise AirflowException(
airflow.exceptions.AirflowException: Bash command failed. The command returned a non-zero exit code 1.
[2026-04-03T07:29:28.038+0000] {taskinstance.py:1206} INFO - Marking task as FAILED. dag_id=banking_01_bronze_layer, task_id=debug, run_id=manual__2026-04-03T07:02:29.730438+00:00, execution_date=20260403T070229, start_date=20260403T072918, end_date=20260403T072928
[2026-04-03T07:29:28.079+0000] {standard_task_runner.py:110} ERROR - Failed to execute job 9639 for task debug (Bash command failed. The command returned a non-zero exit code 1.; 2255)
[2026-04-03T07:29:28.125+0000] {local_task_job_runner.py:243} INFO - Task exited with return code 1
[2026-04-03T07:29:28.155+0000] {taskinstance.py:3503} INFO - 0 downstream tasks scheduled from follow-on schedule check
[2026-04-03T07:29:28.155+0000] {local_task_job_runner.py:222} INFO - ::endgroup::
