[2026-03-30T17:01:15.594+0000] {local_task_job_runner.py:120} INFO - ::group::Pre task execution logs
[2026-03-30T17:01:15.611+0000] {taskinstance.py:2076} INFO - Dependencies all met for dep_context=non-requeueable deps ti=<TaskInstance: banking_01_bronze_layer.build_bronze_acc scheduled__2026-03-30T16:30:00+00:00 [queued]>
[2026-03-30T17:01:15.614+0000] {taskinstance.py:2076} INFO - Dependencies all met for dep_context=requeueable deps ti=<TaskInstance: banking_01_bronze_layer.build_bronze_acc scheduled__2026-03-30T16:30:00+00:00 [queued]>
[2026-03-30T17:01:15.614+0000] {taskinstance.py:2306} INFO - Starting attempt 1 of 2
[2026-03-30T17:01:15.620+0000] {taskinstance.py:2330} INFO - Executing <Task(BashOperator): build_bronze_acc> on 2026-03-30 16:30:00+00:00
[2026-03-30T17:01:15.624+0000] {standard_task_runner.py:64} INFO - Started process 17284 to run task
[2026-03-30T17:01:15.625+0000] {standard_task_runner.py:90} INFO - Running: ['***', 'tasks', 'run', 'banking_01_bronze_layer', 'build_bronze_acc', 'scheduled__2026-03-30T16:30:00+00:00', '--job-id', '8336', '--raw', '--subdir', 'DAGS_FOLDER/dbt.py', '--cfg-path', '/tmp/tmpxa7zd6mg']
[2026-03-30T17:01:15.627+0000] {standard_task_runner.py:91} INFO - Job 8336: Subtask build_bronze_acc
[2026-03-30T17:01:15.665+0000] {task_command.py:426} INFO - Running <TaskInstance: banking_01_bronze_layer.build_bronze_acc scheduled__2026-03-30T16:30:00+00:00 [running]> on host c990dffe13ae
[2026-03-30T17:01:15.731+0000] {taskinstance.py:2648} INFO - Exporting env vars: AIRFLOW_CTX_DAG_OWNER='risheek' AIRFLOW_CTX_DAG_ID='banking_01_bronze_layer' AIRFLOW_CTX_TASK_ID='build_bronze_acc' AIRFLOW_CTX_EXECUTION_DATE='2026-03-30T16:30:00+00:00' AIRFLOW_CTX_TRY_NUMBER='1' AIRFLOW_CTX_DAG_RUN_ID='scheduled__2026-03-30T16:30:00+00:00'
[2026-03-30T17:01:15.732+0000] {taskinstance.py:430} INFO - ::endgroup::
[2026-03-30T17:01:15.732+0000] {subprocess.py:78} INFO - Tmp dir root location: /tmp
[2026-03-30T17:01:15.733+0000] {subprocess.py:88} INFO - Running command: ['/usr/bin/bash', '-c', 'dbt build --select bronze_acc']
[2026-03-30T17:01:15.742+0000] {subprocess.py:99} INFO - Output:
[2026-03-30T17:01:17.146+0000] {subprocess.py:106} INFO - [0m17:01:17  Running with dbt=1.11.7
[2026-03-30T17:01:17.756+0000] {subprocess.py:106} INFO - [0m17:01:17  Registered adapter: snowflake=1.11.3
[2026-03-30T17:01:17.923+0000] {subprocess.py:106} INFO - [0m17:01:17  [[33mWARNING[0m]: Configuration paths exist in your dbt_project.yml file which do not apply to any resources.
[2026-03-30T17:01:17.924+0000] {subprocess.py:106} INFO - There are 1 unused configuration paths:
[2026-03-30T17:01:17.924+0000] {subprocess.py:106} INFO - - models.trans_snowf.example
[2026-03-30T17:01:18.027+0000] {subprocess.py:106} INFO - [0m17:01:18  Found 14 models, 3 sources, 522 macros
[2026-03-30T17:01:18.028+0000] {subprocess.py:106} INFO - [0m17:01:18
[2026-03-30T17:01:18.028+0000] {subprocess.py:106} INFO - [0m17:01:18  Concurrency: 1 threads (target='dev')
[2026-03-30T17:01:18.029+0000] {subprocess.py:106} INFO - [0m17:01:18
[2026-03-30T17:01:19.674+0000] {subprocess.py:106} INFO - [0m17:01:19  1 of 1 START sql incremental model PUBLIC_BRONZE.bronze_acc .................... [RUN]
[2026-03-30T17:01:21.362+0000] {subprocess.py:106} INFO - [0m17:01:21  1 of 1 ERROR creating sql incremental model PUBLIC_BRONZE.bronze_acc ........... [[31mERROR[0m in 1.67s]
[2026-03-30T17:01:21.593+0000] {subprocess.py:106} INFO - [0m17:01:21
[2026-03-30T17:01:21.597+0000] {subprocess.py:106} INFO - [0m17:01:21  Finished running 1 incremental model in 0 hours 0 minutes and 3.56 seconds (3.56s).
[2026-03-30T17:01:21.671+0000] {subprocess.py:106} INFO - [0m17:01:21
[2026-03-30T17:01:21.672+0000] {subprocess.py:106} INFO - [0m17:01:21  [31mCompleted with 1 error, 0 partial successes, and 0 warnings:[0m
[2026-03-30T17:01:21.672+0000] {subprocess.py:106} INFO - [0m17:01:21
[2026-03-30T17:01:21.673+0000] {subprocess.py:106} INFO - [0m17:01:21  [31mFailure in model bronze_acc (models/staging/bronze_acc.sql)[0m
[2026-03-30T17:01:21.673+0000] {subprocess.py:106} INFO - [0m17:01:21    Database Error in model bronze_acc (models/staging/bronze_acc.sql)
[2026-03-30T17:01:21.673+0000] {subprocess.py:106} INFO -   100038 (22018): Numeric value 'DYmd' is not recognized
[2026-03-30T17:01:21.673+0000] {subprocess.py:106} INFO -   compiled code at target/run/trans_snowf/models/staging/bronze_acc.sql
[2026-03-30T17:01:21.674+0000] {subprocess.py:106} INFO - [0m17:01:21
[2026-03-30T17:01:21.674+0000] {subprocess.py:106} INFO - [0m17:01:21    compiled code at target/compiled/trans_snowf/models/staging/bronze_acc.sql
[2026-03-30T17:01:21.674+0000] {subprocess.py:106} INFO - [0m17:01:21
[2026-03-30T17:01:21.674+0000] {subprocess.py:106} INFO - [0m17:01:21  Done. PASS=0 WARN=0 ERROR=1 SKIP=0 NO-OP=0 TOTAL=1
[2026-03-30T17:01:23.550+0000] {subprocess.py:110} INFO - Command exited with return code 1
[2026-03-30T17:01:23.552+0000] {taskinstance.py:441} INFO - ::group::Post task execution logs
[2026-03-30T17:01:23.571+0000] {taskinstance.py:2905} ERROR - Task failed with exception
Traceback (most recent call last):
  File "/home/airflow/.local/lib/python3.12/site-packages/airflow/models/taskinstance.py", line 465, in _execute_task
    result = _execute_callable(context=context, **execute_callable_kwargs)
             ^^^^^^^^^^^^^^^^^^^^^^^^^^^^^^^^^^^^^^^^^^^^^^^^^^^^^^^^^^^^^
  File "/home/airflow/.local/lib/python3.12/site-packages/airflow/models/taskinstance.py", line 432, in _execute_callable
    return execute_callable(context=context, **execute_callable_kwargs)
           ^^^^^^^^^^^^^^^^^^^^^^^^^^^^^^^^^^^^^^^^^^^^^^^^^^^^^^^^^^^^
  File "/home/airflow/.local/lib/python3.12/site-packages/airflow/models/baseoperator.py", line 401, in wrapper
    return func(self, *args, **kwargs)
           ^^^^^^^^^^^^^^^^^^^^^^^^^^^
  File "/home/airflow/.local/lib/python3.12/site-packages/airflow/providers/standard/operators/bash.py", line 233, in execute
    raise AirflowException(
airflow.exceptions.AirflowException: Bash command failed. The command returned a non-zero exit code 1.
[2026-03-30T17:01:23.581+0000] {taskinstance.py:1206} INFO - Marking task as UP_FOR_RETRY. dag_id=banking_01_bronze_layer, task_id=build_bronze_acc, run_id=scheduled__2026-03-30T16:30:00+00:00, execution_date=20260330T163000, start_date=20260330T170115, end_date=20260330T170123
[2026-03-30T17:01:23.599+0000] {standard_task_runner.py:110} ERROR - Failed to execute job 8336 for task build_bronze_acc (Bash command failed. The command returned a non-zero exit code 1.; 17284)
[2026-03-30T17:01:23.625+0000] {local_task_job_runner.py:243} INFO - Task exited with return code 1
[2026-03-30T17:01:23.647+0000] {taskinstance.py:3503} INFO - 0 downstream tasks scheduled from follow-on schedule check
[2026-03-30T17:01:23.648+0000] {local_task_job_runner.py:222} INFO - ::endgroup::
