[2026-04-03T07:07:02.522+0000] {local_task_job_runner.py:120} INFO - ::group::Pre task execution logs
[2026-04-03T07:07:02.541+0000] {taskinstance.py:2076} INFO - Dependencies all met for dep_context=non-requeueable deps ti=<TaskInstance: banking_01_bronze_layer.debug manual__2026-04-03T07:00:50.124303+00:00 [queued]>
[2026-04-03T07:07:02.545+0000] {taskinstance.py:2076} INFO - Dependencies all met for dep_context=requeueable deps ti=<TaskInstance: banking_01_bronze_layer.debug manual__2026-04-03T07:00:50.124303+00:00 [queued]>
[2026-04-03T07:07:02.545+0000] {taskinstance.py:2306} INFO - Starting attempt 2 of 2
[2026-04-03T07:07:02.551+0000] {taskinstance.py:2330} INFO - Executing <Task(BashOperator): debug> on 2026-04-03 07:00:50.124303+00:00
[2026-04-03T07:07:02.554+0000] {standard_task_runner.py:64} INFO - Started process 2228 to run task
[2026-04-03T07:07:02.556+0000] {standard_task_runner.py:90} INFO - Running: ['***', 'tasks', 'run', 'banking_01_bronze_layer', 'debug', 'manual__2026-04-03T07:00:50.124303+00:00', '--job-id', '9638', '--raw', '--subdir', 'DAGS_FOLDER/dbt.py', '--cfg-path', '/tmp/tmpzpuwn5b7']
[2026-04-03T07:07:02.557+0000] {standard_task_runner.py:91} INFO - Job 9638: Subtask debug
[2026-04-03T07:07:02.597+0000] {task_command.py:426} INFO - Running <TaskInstance: banking_01_bronze_layer.debug manual__2026-04-03T07:00:50.124303+00:00 [running]> on host c990dffe13ae
[2026-04-03T07:07:02.647+0000] {taskinstance.py:2648} INFO - Exporting env vars: AIRFLOW_CTX_DAG_OWNER='risheek' AIRFLOW_CTX_DAG_ID='banking_01_bronze_layer' AIRFLOW_CTX_TASK_ID='debug' AIRFLOW_CTX_EXECUTION_DATE='2026-04-03T07:00:50.124303+00:00' AIRFLOW_CTX_TRY_NUMBER='2' AIRFLOW_CTX_DAG_RUN_ID='manual__2026-04-03T07:00:50.124303+00:00'
[2026-04-03T07:07:02.648+0000] {taskinstance.py:430} INFO - ::endgroup::
[2026-04-03T07:07:02.648+0000] {subprocess.py:78} INFO - Tmp dir root location: /tmp
[2026-04-03T07:07:02.649+0000] {subprocess.py:88} INFO - Running command: ['/usr/bin/bash', '-c', 'dbt debug --profiles-dir /opt/***/dbt/trans_snowf']
[2026-04-03T07:07:02.653+0000] {subprocess.py:99} INFO - Output:
[2026-04-03T07:07:04.112+0000] {subprocess.py:106} INFO - [0m07:07:04  Running with dbt=1.11.7
[2026-04-03T07:07:04.118+0000] {subprocess.py:106} INFO - [0m07:07:04  dbt version: 1.11.7
[2026-04-03T07:07:04.118+0000] {subprocess.py:106} INFO - [0m07:07:04  python version: 3.12.4
[2026-04-03T07:07:04.119+0000] {subprocess.py:106} INFO - [0m07:07:04  python path: /home/***/.local/bin/python
[2026-04-03T07:07:04.119+0000] {subprocess.py:106} INFO - [0m07:07:04  os info: Linux-6.12.76-linuxkit-aarch64-with-glibc2.36
[2026-04-03T07:07:04.579+0000] {subprocess.py:106} INFO - [0m07:07:04  Using profiles dir at /opt/***/dbt/trans_snowf
[2026-04-03T07:07:04.579+0000] {subprocess.py:106} INFO - [0m07:07:04  Using profiles.yml file at /opt/***/dbt/trans_snowf/profiles.yml
[2026-04-03T07:07:04.580+0000] {subprocess.py:106} INFO - [0m07:07:04  Using dbt_project.yml file at /opt/***/dbt/trans_snowf/dbt_project.yml
[2026-04-03T07:07:04.580+0000] {subprocess.py:106} INFO - [0m07:07:04  adapter type: snowflake
[2026-04-03T07:07:04.580+0000] {subprocess.py:106} INFO - [0m07:07:04  adapter version: 1.11.3
[2026-04-03T07:07:04.633+0000] {subprocess.py:106} INFO - [0m07:07:04  Configuration:
[2026-04-03T07:07:04.633+0000] {subprocess.py:106} INFO - [0m07:07:04    profiles.yml file [[32mOK found and valid[0m]
[2026-04-03T07:07:04.634+0000] {subprocess.py:106} INFO - [0m07:07:04    dbt_project.yml file [[32mOK found and valid[0m]
[2026-04-03T07:07:04.634+0000] {subprocess.py:106} INFO - [0m07:07:04  Required dependencies:
[2026-04-03T07:07:04.635+0000] {subprocess.py:106} INFO - [0m07:07:04   - git [[31mERROR[0m]
[2026-04-03T07:07:04.635+0000] {subprocess.py:106} INFO - 
[2026-04-03T07:07:04.636+0000] {subprocess.py:106} INFO - [0m07:07:04  Connection:
[2026-04-03T07:07:04.636+0000] {subprocess.py:106} INFO - [0m07:07:04    account: BBMCDSP-CT02489
[2026-04-03T07:07:04.636+0000] {subprocess.py:106} INFO - [0m07:07:04    user: user123
[2026-04-03T07:07:04.636+0000] {subprocess.py:106} INFO - [0m07:07:04    database: BANKING
[2026-04-03T07:07:04.637+0000] {subprocess.py:106} INFO - [0m07:07:04    warehouse: COMPUTE_WH
[2026-04-03T07:07:04.637+0000] {subprocess.py:106} INFO - [0m07:07:04    role: dbtadmin
[2026-04-03T07:07:04.637+0000] {subprocess.py:106} INFO - [0m07:07:04    schema: PUBLIC
[2026-04-03T07:07:04.637+0000] {subprocess.py:106} INFO - [0m07:07:04    authenticator: None
[2026-04-03T07:07:04.638+0000] {subprocess.py:106} INFO - [0m07:07:04    oauth_client_id: None
[2026-04-03T07:07:04.638+0000] {subprocess.py:106} INFO - [0m07:07:04    query_tag: None
[2026-04-03T07:07:04.638+0000] {subprocess.py:106} INFO - [0m07:07:04    client_session_keep_alive: False
[2026-04-03T07:07:04.639+0000] {subprocess.py:106} INFO - [0m07:07:04    host: None
[2026-04-03T07:07:04.639+0000] {subprocess.py:106} INFO - [0m07:07:04    port: None
[2026-04-03T07:07:04.639+0000] {subprocess.py:106} INFO - [0m07:07:04    proxy_host: None
[2026-04-03T07:07:04.639+0000] {subprocess.py:106} INFO - [0m07:07:04    proxy_port: None
[2026-04-03T07:07:04.640+0000] {subprocess.py:106} INFO - [0m07:07:04    protocol: None
[2026-04-03T07:07:04.640+0000] {subprocess.py:106} INFO - [0m07:07:04    connect_retries: 1
[2026-04-03T07:07:04.640+0000] {subprocess.py:106} INFO - [0m07:07:04    connect_timeout: None
[2026-04-03T07:07:04.641+0000] {subprocess.py:106} INFO - [0m07:07:04    retry_on_database_errors: False
[2026-04-03T07:07:04.641+0000] {subprocess.py:106} INFO - [0m07:07:04    retry_all: False
[2026-04-03T07:07:04.641+0000] {subprocess.py:106} INFO - [0m07:07:04    insecure_mode: False
[2026-04-03T07:07:04.641+0000] {subprocess.py:106} INFO - [0m07:07:04    reuse_connections: True
[2026-04-03T07:07:04.642+0000] {subprocess.py:106} INFO - [0m07:07:04    s3_stage_vpce_dns_name: None
[2026-04-03T07:07:04.642+0000] {subprocess.py:106} INFO - [0m07:07:04    platform_detection_timeout_seconds: 0.0
[2026-04-03T07:07:04.642+0000] {subprocess.py:106} INFO - [0m07:07:04  Registered adapter: snowflake=1.11.3
[2026-04-03T07:07:15.225+0000] {subprocess.py:106} INFO - [0m07:07:15    Connection test: [[31mERROR[0m]
[2026-04-03T07:07:15.238+0000] {subprocess.py:106} INFO - 
[2026-04-03T07:07:15.239+0000] {subprocess.py:106} INFO - [0m07:07:15  [31m2 checks failed:[0m
[2026-04-03T07:07:15.240+0000] {subprocess.py:106} INFO - [0m07:07:15  Error from git --help: Could not find command, ensure it is in the user's PATH: "git"
[2026-04-03T07:07:15.241+0000] {subprocess.py:106} INFO - 
[2026-04-03T07:07:15.242+0000] {subprocess.py:106} INFO - [0m07:07:15  dbt was unable to connect to the specified database.
[2026-04-03T07:07:15.242+0000] {subprocess.py:106} INFO - The database returned the following error:
[2026-04-03T07:07:15.242+0000] {subprocess.py:106} INFO - 
[2026-04-03T07:07:15.242+0000] {subprocess.py:106} INFO -   >Database Error
[2026-04-03T07:07:15.243+0000] {subprocess.py:106} INFO -   250001 (08001): Failed to connect to DB: BBMCDSP-CT02489.snowflakecomputing.com:443. JWT token is invalid. [e8e92fea-c857-4736-b24e-ffea170c4d49]
[2026-04-03T07:07:15.243+0000] {subprocess.py:106} INFO - 
[2026-04-03T07:07:15.243+0000] {subprocess.py:106} INFO - Check your database credentials and try again. For more information, visit:
[2026-04-03T07:07:15.244+0000] {subprocess.py:106} INFO - https://docs.getdbt.com/docs/configure-your-profile
[2026-04-03T07:07:15.245+0000] {subprocess.py:106} INFO - 
[2026-04-03T07:07:15.245+0000] {subprocess.py:106} INFO - 
[2026-04-03T07:07:21.379+0000] {subprocess.py:110} INFO - Command exited with return code 1
[2026-04-03T07:07:21.384+0000] {taskinstance.py:441} INFO - ::group::Post task execution logs
[2026-04-03T07:07:21.415+0000] {taskinstance.py:2905} ERROR - Task failed with exception
Traceback (most recent call last):
  File "/home/airflow/.local/lib/python3.12/site-packages/airflow/models/taskinstance.py", line 465, in _execute_task
    result = _execute_callable(context=context, **execute_callable_kwargs)
             ^^^^^^^^^^^^^^^^^^^^^^^^^^^^^^^^^^^^^^^^^^^^^^^^^^^^^^^^^^^^^
  File "/home/airflow/.local/lib/python3.12/site-packages/airflow/models/taskinstance.py", line 432, in _execute_callable
    return execute_callable(context=context, **execute_callable_kwargs)
           ^^^^^^^^^^^^^^^^^^^^^^^^^^^^^^^^^^^^^^^^^^^^^^^^^^^^^^^^^^^^
  File "/home/airflow/.local/lib/python3.12/site-packages/airflow/models/baseoperator.py", line 401, in wrapper
    return func(self, *args, **kwargs)
           ^^^^^^^^^^^^^^^^^^^^^^^^^^^
  File "/home/airflow/.local/lib/python3.12/site-packages/airflow/providers/standard/operators/bash.py", line 233, in execute
    raise AirflowException(
airflow.exceptions.AirflowException: Bash command failed. The command returned a non-zero exit code 1.
[2026-04-03T07:07:21.421+0000] {taskinstance.py:1206} INFO - Marking task as FAILED. dag_id=banking_01_bronze_layer, task_id=debug, run_id=manual__2026-04-03T07:00:50.124303+00:00, execution_date=20260403T070050, start_date=20260403T070702, end_date=20260403T070721
[2026-04-03T07:07:21.441+0000] {standard_task_runner.py:110} ERROR - Failed to execute job 9638 for task debug (Bash command failed. The command returned a non-zero exit code 1.; 2228)
[2026-04-03T07:07:21.482+0000] {local_task_job_runner.py:243} INFO - Task exited with return code 1
[2026-04-03T07:07:21.505+0000] {taskinstance.py:3503} INFO - 0 downstream tasks scheduled from follow-on schedule check
[2026-04-03T07:07:21.506+0000] {local_task_job_runner.py:222} INFO - ::endgroup::
