[2026-04-03T07:01:50.282+0000] {local_task_job_runner.py:120} INFO - ::group::Pre task execution logs
[2026-04-03T07:01:50.298+0000] {taskinstance.py:2076} INFO - Dependencies all met for dep_context=non-requeueable deps ti=<TaskInstance: banking_01_bronze_layer.debug manual__2026-04-03T07:00:50.124303+00:00 [queued]>
[2026-04-03T07:01:50.302+0000] {taskinstance.py:2076} INFO - Dependencies all met for dep_context=requeueable deps ti=<TaskInstance: banking_01_bronze_layer.debug manual__2026-04-03T07:00:50.124303+00:00 [queued]>
[2026-04-03T07:01:50.302+0000] {taskinstance.py:2306} INFO - Starting attempt 1 of 2
[2026-04-03T07:01:50.308+0000] {taskinstance.py:2330} INFO - Executing <Task(BashOperator): debug> on 2026-04-03 07:00:50.124303+00:00
[2026-04-03T07:01:50.310+0000] {standard_task_runner.py:64} INFO - Started process 2051 to run task
[2026-04-03T07:01:50.312+0000] {standard_task_runner.py:90} INFO - Running: ['***', 'tasks', 'run', 'banking_01_bronze_layer', 'debug', 'manual__2026-04-03T07:00:50.124303+00:00', '--job-id', '9632', '--raw', '--subdir', 'DAGS_FOLDER/dbt.py', '--cfg-path', '/tmp/tmpzxca_rei']
[2026-04-03T07:01:50.313+0000] {standard_task_runner.py:91} INFO - Job 9632: Subtask debug
[2026-04-03T07:01:50.339+0000] {task_command.py:426} INFO - Running <TaskInstance: banking_01_bronze_layer.debug manual__2026-04-03T07:00:50.124303+00:00 [running]> on host c990dffe13ae
[2026-04-03T07:01:50.384+0000] {taskinstance.py:2648} INFO - Exporting env vars: AIRFLOW_CTX_DAG_OWNER='risheek' AIRFLOW_CTX_DAG_ID='banking_01_bronze_layer' AIRFLOW_CTX_TASK_ID='debug' AIRFLOW_CTX_EXECUTION_DATE='2026-04-03T07:00:50.124303+00:00' AIRFLOW_CTX_TRY_NUMBER='1' AIRFLOW_CTX_DAG_RUN_ID='manual__2026-04-03T07:00:50.124303+00:00'
[2026-04-03T07:01:50.384+0000] {taskinstance.py:430} INFO - ::endgroup::
[2026-04-03T07:01:50.385+0000] {subprocess.py:78} INFO - Tmp dir root location: /tmp
[2026-04-03T07:01:50.385+0000] {subprocess.py:88} INFO - Running command: ['/usr/bin/bash', '-c', 'dbt debug --profiles-dir /opt/***/dbt/trans_snowf']
[2026-04-03T07:01:50.389+0000] {subprocess.py:99} INFO - Output:
[2026-04-03T07:01:51.687+0000] {subprocess.py:106} INFO - [0m07:01:51  Running with dbt=1.11.7
[2026-04-03T07:01:51.693+0000] {subprocess.py:106} INFO - [0m07:01:51  dbt version: 1.11.7
[2026-04-03T07:01:51.694+0000] {subprocess.py:106} INFO - [0m07:01:51  python version: 3.12.4
[2026-04-03T07:01:51.694+0000] {subprocess.py:106} INFO - [0m07:01:51  python path: /home/***/.local/bin/python
[2026-04-03T07:01:51.694+0000] {subprocess.py:106} INFO - [0m07:01:51  os info: Linux-6.12.76-linuxkit-aarch64-with-glibc2.36
[2026-04-03T07:01:52.141+0000] {subprocess.py:106} INFO - [0m07:01:52  Using profiles dir at /opt/***/dbt/trans_snowf
[2026-04-03T07:01:52.142+0000] {subprocess.py:106} INFO - [0m07:01:52  Using profiles.yml file at /opt/***/dbt/trans_snowf/profiles.yml
[2026-04-03T07:01:52.143+0000] {subprocess.py:106} INFO - [0m07:01:52  Using dbt_project.yml file at /opt/***/dbt/trans_snowf/dbt_project.yml
[2026-04-03T07:01:52.144+0000] {subprocess.py:106} INFO - [0m07:01:52  adapter type: snowflake
[2026-04-03T07:01:52.145+0000] {subprocess.py:106} INFO - [0m07:01:52  adapter version: 1.11.3
[2026-04-03T07:01:52.221+0000] {subprocess.py:106} INFO - [0m07:01:52  Configuration:
[2026-04-03T07:01:52.221+0000] {subprocess.py:106} INFO - [0m07:01:52    profiles.yml file [[32mOK found and valid[0m]
[2026-04-03T07:01:52.222+0000] {subprocess.py:106} INFO - [0m07:01:52    dbt_project.yml file [[32mOK found and valid[0m]
[2026-04-03T07:01:52.223+0000] {subprocess.py:106} INFO - [0m07:01:52  Required dependencies:
[2026-04-03T07:01:52.224+0000] {subprocess.py:106} INFO - [0m07:01:52   - git [[31mERROR[0m]
[2026-04-03T07:01:52.224+0000] {subprocess.py:106} INFO - 
[2026-04-03T07:01:52.225+0000] {subprocess.py:106} INFO - [0m07:01:52  Connection:
[2026-04-03T07:01:52.225+0000] {subprocess.py:106} INFO - [0m07:01:52    account: BBMCDSP-CT02489
[2026-04-03T07:01:52.225+0000] {subprocess.py:106} INFO - [0m07:01:52    user: user123
[2026-04-03T07:01:52.226+0000] {subprocess.py:106} INFO - [0m07:01:52    database: BANKING
[2026-04-03T07:01:52.226+0000] {subprocess.py:106} INFO - [0m07:01:52    warehouse: COMPUTE_WH
[2026-04-03T07:01:52.227+0000] {subprocess.py:106} INFO - [0m07:01:52    role: dbtadmin
[2026-04-03T07:01:52.227+0000] {subprocess.py:106} INFO - [0m07:01:52    schema: PUBLIC
[2026-04-03T07:01:52.228+0000] {subprocess.py:106} INFO - [0m07:01:52    authenticator: None
[2026-04-03T07:01:52.228+0000] {subprocess.py:106} INFO - [0m07:01:52    oauth_client_id: None
[2026-04-03T07:01:52.228+0000] {subprocess.py:106} INFO - [0m07:01:52    query_tag: None
[2026-04-03T07:01:52.229+0000] {subprocess.py:106} INFO - [0m07:01:52    client_session_keep_alive: False
[2026-04-03T07:01:52.229+0000] {subprocess.py:106} INFO - [0m07:01:52    host: None
[2026-04-03T07:01:52.230+0000] {subprocess.py:106} INFO - [0m07:01:52    port: None
[2026-04-03T07:01:52.230+0000] {subprocess.py:106} INFO - [0m07:01:52    proxy_host: None
[2026-04-03T07:01:52.232+0000] {subprocess.py:106} INFO - [0m07:01:52    proxy_port: None
[2026-04-03T07:01:52.233+0000] {subprocess.py:106} INFO - [0m07:01:52    protocol: None
[2026-04-03T07:01:52.234+0000] {subprocess.py:106} INFO - [0m07:01:52    connect_retries: 1
[2026-04-03T07:01:52.234+0000] {subprocess.py:106} INFO - [0m07:01:52    connect_timeout: None
[2026-04-03T07:01:52.234+0000] {subprocess.py:106} INFO - [0m07:01:52    retry_on_database_errors: False
[2026-04-03T07:01:52.235+0000] {subprocess.py:106} INFO - [0m07:01:52    retry_all: False
[2026-04-03T07:01:52.235+0000] {subprocess.py:106} INFO - [0m07:01:52    insecure_mode: False
[2026-04-03T07:01:52.235+0000] {subprocess.py:106} INFO - [0m07:01:52    reuse_connections: True
[2026-04-03T07:01:52.236+0000] {subprocess.py:106} INFO - [0m07:01:52    s3_stage_vpce_dns_name: None
[2026-04-03T07:01:52.237+0000] {subprocess.py:106} INFO - [0m07:01:52    platform_detection_timeout_seconds: 0.0
[2026-04-03T07:01:52.237+0000] {subprocess.py:106} INFO - [0m07:01:52  Registered adapter: snowflake=1.11.3
[2026-04-03T07:01:53.642+0000] {subprocess.py:106} INFO - [0m07:01:53    Connection test: [[32mOK connection ok[0m]
[2026-04-03T07:01:53.643+0000] {subprocess.py:106} INFO - 
[2026-04-03T07:01:53.644+0000] {subprocess.py:106} INFO - [0m07:01:53  [31m1 check failed:[0m
[2026-04-03T07:01:53.645+0000] {subprocess.py:106} INFO - [0m07:01:53  Error from git --help: Could not find command, ensure it is in the user's PATH: "git"
[2026-04-03T07:01:53.645+0000] {subprocess.py:106} INFO - 
[2026-04-03T07:02:00.640+0000] {subprocess.py:110} INFO - Command exited with return code 1
[2026-04-03T07:02:00.645+0000] {taskinstance.py:441} INFO - ::group::Post task execution logs
[2026-04-03T07:02:00.667+0000] {taskinstance.py:2905} ERROR - Task failed with exception
Traceback (most recent call last):
  File "/home/airflow/.local/lib/python3.12/site-packages/airflow/models/taskinstance.py", line 465, in _execute_task
    result = _execute_callable(context=context, **execute_callable_kwargs)
             ^^^^^^^^^^^^^^^^^^^^^^^^^^^^^^^^^^^^^^^^^^^^^^^^^^^^^^^^^^^^^
  File "/home/airflow/.local/lib/python3.12/site-packages/airflow/models/taskinstance.py", line 432, in _execute_callable
    return execute_callable(context=context, **execute_callable_kwargs)
           ^^^^^^^^^^^^^^^^^^^^^^^^^^^^^^^^^^^^^^^^^^^^^^^^^^^^^^^^^^^^
  File "/home/airflow/.local/lib/python3.12/site-packages/airflow/models/baseoperator.py", line 401, in wrapper
    return func(self, *args, **kwargs)
           ^^^^^^^^^^^^^^^^^^^^^^^^^^^
  File "/home/airflow/.local/lib/python3.12/site-packages/airflow/providers/standard/operators/bash.py", line 233, in execute
    raise AirflowException(
airflow.exceptions.AirflowException: Bash command failed. The command returned a non-zero exit code 1.
[2026-04-03T07:02:00.671+0000] {taskinstance.py:1206} INFO - Marking task as UP_FOR_RETRY. dag_id=banking_01_bronze_layer, task_id=debug, run_id=manual__2026-04-03T07:00:50.124303+00:00, execution_date=20260403T070050, start_date=20260403T070150, end_date=20260403T070200
[2026-04-03T07:02:00.687+0000] {standard_task_runner.py:110} ERROR - Failed to execute job 9632 for task debug (Bash command failed. The command returned a non-zero exit code 1.; 2051)
[2026-04-03T07:02:00.713+0000] {local_task_job_runner.py:243} INFO - Task exited with return code 1
[2026-04-03T07:02:00.731+0000] {taskinstance.py:3503} INFO - 0 downstream tasks scheduled from follow-on schedule check
[2026-04-03T07:02:00.732+0000] {local_task_job_runner.py:222} INFO - ::endgroup::
