[2026-03-30T11:13:12.591+0000] {local_task_job_runner.py:120} INFO - ::group::Pre task execution logs
[2026-03-30T11:13:12.609+0000] {taskinstance.py:2076} INFO - Dependencies all met for dep_context=non-requeueable deps ti=<TaskInstance: banking_01_bronze_layer.compile scheduled__2026-03-30T07:30:00+00:00 [queued]>
[2026-03-30T11:13:12.613+0000] {taskinstance.py:2076} INFO - Dependencies all met for dep_context=requeueable deps ti=<TaskInstance: banking_01_bronze_layer.compile scheduled__2026-03-30T07:30:00+00:00 [queued]>
[2026-03-30T11:13:12.613+0000] {taskinstance.py:2306} INFO - Starting attempt 1 of 2
[2026-03-30T11:13:12.620+0000] {taskinstance.py:2330} INFO - Executing <Task(BashOperator): compile> on 2026-03-30 07:30:00+00:00
[2026-03-30T11:13:12.622+0000] {standard_task_runner.py:64} INFO - Started process 9292 to run task
[2026-03-30T11:13:12.624+0000] {standard_task_runner.py:90} INFO - Running: ['***', 'tasks', 'run', 'banking_01_bronze_layer', 'compile', 'scheduled__2026-03-30T07:30:00+00:00', '--job-id', '7945', '--raw', '--subdir', 'DAGS_FOLDER/dbt.py', '--cfg-path', '/tmp/tmpsq701dnz']
[2026-03-30T11:13:12.625+0000] {standard_task_runner.py:91} INFO - Job 7945: Subtask compile
[2026-03-30T11:13:12.659+0000] {task_command.py:426} INFO - Running <TaskInstance: banking_01_bronze_layer.compile scheduled__2026-03-30T07:30:00+00:00 [running]> on host c990dffe13ae
[2026-03-30T11:13:12.704+0000] {taskinstance.py:2648} INFO - Exporting env vars: AIRFLOW_CTX_DAG_OWNER='risheek' AIRFLOW_CTX_DAG_ID='banking_01_bronze_layer' AIRFLOW_CTX_TASK_ID='compile' AIRFLOW_CTX_EXECUTION_DATE='2026-03-30T07:30:00+00:00' AIRFLOW_CTX_TRY_NUMBER='1' AIRFLOW_CTX_DAG_RUN_ID='scheduled__2026-03-30T07:30:00+00:00'
[2026-03-30T11:13:12.705+0000] {taskinstance.py:430} INFO - ::endgroup::
[2026-03-30T11:13:12.705+0000] {subprocess.py:78} INFO - Tmp dir root location: /tmp
[2026-03-30T11:13:12.706+0000] {subprocess.py:88} INFO - Running command: ['/usr/bin/bash', '-c', 'dbt compile --profiles-dir /opt/***/dbt/trans_snowf']
[2026-03-30T11:13:12.710+0000] {subprocess.py:99} INFO - Output:
[2026-03-30T11:13:14.059+0000] {subprocess.py:106} INFO - [0m11:13:14  Running with dbt=1.11.7
[2026-03-30T11:13:14.621+0000] {subprocess.py:106} INFO - [0m11:13:14  Registered adapter: snowflake=1.11.3
[2026-03-30T11:13:14.763+0000] {subprocess.py:106} INFO - [0m11:13:14  [[33mWARNING[0m]: Configuration paths exist in your dbt_project.yml file which do not apply to any resources.
[2026-03-30T11:13:14.763+0000] {subprocess.py:106} INFO - There are 1 unused configuration paths:
[2026-03-30T11:13:14.764+0000] {subprocess.py:106} INFO - - models.trans_snowf.example
[2026-03-30T11:13:14.857+0000] {subprocess.py:106} INFO - [0m11:13:14  Found 14 models, 3 sources, 522 macros
[2026-03-30T11:13:14.858+0000] {subprocess.py:106} INFO - [0m11:13:14
[2026-03-30T11:13:14.859+0000] {subprocess.py:106} INFO - [0m11:13:14  Concurrency: 1 threads (target='dev')
[2026-03-30T11:13:14.859+0000] {subprocess.py:106} INFO - [0m11:13:14
[2026-03-30T11:13:19.720+0000] {subprocess.py:110} INFO - Command exited with return code 0
[2026-03-30T11:13:19.730+0000] {taskinstance.py:441} INFO - ::group::Post task execution logs
[2026-03-30T11:13:19.772+0000] {taskinstance.py:1206} INFO - Marking task as SUCCESS. dag_id=banking_01_bronze_layer, task_id=compile, run_id=scheduled__2026-03-30T07:30:00+00:00, execution_date=20260330T073000, start_date=20260330T111312, end_date=20260330T111319
[2026-03-30T11:13:19.806+0000] {local_task_job_runner.py:243} INFO - Task exited with return code 0
[2026-03-30T11:13:19.821+0000] {taskinstance.py:3503} INFO - 0 downstream tasks scheduled from follow-on schedule check
[2026-03-30T11:13:19.822+0000] {local_task_job_runner.py:222} INFO - ::endgroup::
