[2026-03-29T23:28:43.254+0000] {local_task_job_runner.py:120} INFO - ::group::Pre task execution logs
[2026-03-29T23:28:43.268+0000] {taskinstance.py:2076} INFO - Dependencies all met for dep_context=non-requeueable deps ti=<TaskInstance: banking_01_bronze_layer.build_bronze_trans scheduled__2026-03-29T22:00:00+00:00 [queued]>
[2026-03-29T23:28:43.272+0000] {taskinstance.py:2076} INFO - Dependencies all met for dep_context=requeueable deps ti=<TaskInstance: banking_01_bronze_layer.build_bronze_trans scheduled__2026-03-29T22:00:00+00:00 [queued]>
[2026-03-29T23:28:43.272+0000] {taskinstance.py:2306} INFO - Starting attempt 2 of 2
[2026-03-29T23:28:43.277+0000] {taskinstance.py:2330} INFO - Executing <Task(BashOperator): build_bronze_trans> on 2026-03-29 22:00:00+00:00
[2026-03-29T23:28:43.279+0000] {standard_task_runner.py:64} INFO - Started process 5923 to run task
[2026-03-29T23:28:43.282+0000] {standard_task_runner.py:90} INFO - Running: ['***', 'tasks', 'run', 'banking_01_bronze_layer', 'build_bronze_trans', 'scheduled__2026-03-29T22:00:00+00:00', '--job-id', '7363', '--raw', '--subdir', 'DAGS_FOLDER/dbt.py', '--cfg-path', '/tmp/tmpmw9j9grb']
[2026-03-29T23:28:43.283+0000] {standard_task_runner.py:91} INFO - Job 7363: Subtask build_bronze_trans
[2026-03-29T23:28:43.308+0000] {task_command.py:426} INFO - Running <TaskInstance: banking_01_bronze_layer.build_bronze_trans scheduled__2026-03-29T22:00:00+00:00 [running]> on host c990dffe13ae
[2026-03-29T23:28:43.352+0000] {taskinstance.py:2648} INFO - Exporting env vars: AIRFLOW_CTX_DAG_OWNER='risheek' AIRFLOW_CTX_DAG_ID='banking_01_bronze_layer' AIRFLOW_CTX_TASK_ID='build_bronze_trans' AIRFLOW_CTX_EXECUTION_DATE='2026-03-29T22:00:00+00:00' AIRFLOW_CTX_TRY_NUMBER='2' AIRFLOW_CTX_DAG_RUN_ID='scheduled__2026-03-29T22:00:00+00:00'
[2026-03-29T23:28:43.353+0000] {taskinstance.py:430} INFO - ::endgroup::
[2026-03-29T23:28:43.353+0000] {subprocess.py:78} INFO - Tmp dir root location: /tmp
[2026-03-29T23:28:43.354+0000] {subprocess.py:88} INFO - Running command: ['/usr/bin/bash', '-c', 'dbt build --select bronze_trans']
[2026-03-29T23:28:43.357+0000] {subprocess.py:99} INFO - Output:
[2026-03-29T23:28:44.490+0000] {subprocess.py:106} INFO - [0m23:28:44  Running with dbt=1.11.7
[2026-03-29T23:28:44.926+0000] {subprocess.py:106} INFO - [0m23:28:44  Registered adapter: snowflake=1.11.3
[2026-03-29T23:28:45.055+0000] {subprocess.py:106} INFO - [0m23:28:45  [[33mWARNING[0m]: Configuration paths exist in your dbt_project.yml file which do not apply to any resources.
[2026-03-29T23:28:45.055+0000] {subprocess.py:106} INFO - There are 1 unused configuration paths:
[2026-03-29T23:28:45.055+0000] {subprocess.py:106} INFO - - models.trans_snowf.example
[2026-03-29T23:28:45.147+0000] {subprocess.py:106} INFO - [0m23:28:45  Found 14 models, 3 sources, 522 macros
[2026-03-29T23:28:45.148+0000] {subprocess.py:106} INFO - [0m23:28:45
[2026-03-29T23:28:45.149+0000] {subprocess.py:106} INFO - [0m23:28:45  Concurrency: 1 threads (target='dev')
[2026-03-29T23:28:45.149+0000] {subprocess.py:106} INFO - [0m23:28:45
[2026-03-29T23:28:46.610+0000] {subprocess.py:106} INFO - [0m23:28:46  1 of 1 START sql incremental model PUBLIC_BRONZE.bronze_trans .................. [RUN]
[2026-03-29T23:28:49.236+0000] {subprocess.py:106} INFO - [0m23:28:49  1 of 1 OK created sql incremental model PUBLIC_BRONZE.bronze_trans ............. [[32mSUCCESS 0[0m in 2.62s]
[2026-03-29T23:28:49.755+0000] {subprocess.py:106} INFO - [0m23:28:49
[2026-03-29T23:28:49.756+0000] {subprocess.py:106} INFO - [0m23:28:49  Finished running 1 incremental model in 0 hours 0 minutes and 4.60 seconds (4.60s).
[2026-03-29T23:28:49.817+0000] {subprocess.py:106} INFO - [0m23:28:49
[2026-03-29T23:28:49.817+0000] {subprocess.py:106} INFO - [0m23:28:49  [32mCompleted successfully[0m
[2026-03-29T23:28:49.818+0000] {subprocess.py:106} INFO - [0m23:28:49
[2026-03-29T23:28:49.818+0000] {subprocess.py:106} INFO - [0m23:28:49  Done. PASS=1 WARN=0 ERROR=0 SKIP=0 NO-OP=0 TOTAL=1
[2026-03-29T23:28:51.929+0000] {subprocess.py:110} INFO - Command exited with return code 0
[2026-03-29T23:28:51.929+0000] {taskinstance.py:441} INFO - ::group::Post task execution logs
[2026-03-29T23:28:51.945+0000] {taskinstance.py:1206} INFO - Marking task as SUCCESS. dag_id=banking_01_bronze_layer, task_id=build_bronze_trans, run_id=scheduled__2026-03-29T22:00:00+00:00, execution_date=20260329T220000, start_date=20260329T232843, end_date=20260329T232851
[2026-03-29T23:28:51.964+0000] {local_task_job_runner.py:243} INFO - Task exited with return code 0
[2026-03-29T23:28:51.972+0000] {taskinstance.py:3503} INFO - 0 downstream tasks scheduled from follow-on schedule check
[2026-03-29T23:28:51.973+0000] {local_task_job_runner.py:222} INFO - ::endgroup::
