[2026-04-03T06:18:05.028+0000] {local_task_job_runner.py:120} INFO - ::group::Pre task execution logs
[2026-04-03T06:18:05.147+0000] {taskinstance.py:2076} INFO - Dependencies all met for dep_context=non-requeueable deps ti=<TaskInstance: banking_01_bronze_layer.build_bronze_trans manual__2026-04-03T06:17:09.590480+00:00 [queued]>
[2026-04-03T06:18:05.154+0000] {taskinstance.py:2076} INFO - Dependencies all met for dep_context=requeueable deps ti=<TaskInstance: banking_01_bronze_layer.build_bronze_trans manual__2026-04-03T06:17:09.590480+00:00 [queued]>
[2026-04-03T06:18:05.154+0000] {taskinstance.py:2306} INFO - Starting attempt 1 of 2
[2026-04-03T06:18:05.166+0000] {taskinstance.py:2330} INFO - Executing <Task(BashOperator): build_bronze_trans> on 2026-04-03 06:17:09.590480+00:00
[2026-04-03T06:18:05.175+0000] {standard_task_runner.py:64} INFO - Started process 737 to run task
[2026-04-03T06:18:05.178+0000] {standard_task_runner.py:90} INFO - Running: ['***', 'tasks', 'run', 'banking_01_bronze_layer', 'build_bronze_trans', 'manual__2026-04-03T06:17:09.590480+00:00', '--job-id', '9588', '--raw', '--subdir', 'DAGS_FOLDER/dbt.py', '--cfg-path', '/tmp/tmp35u2mj8f']
[2026-04-03T06:18:05.181+0000] {standard_task_runner.py:91} INFO - Job 9588: Subtask build_bronze_trans
[2026-04-03T06:18:05.241+0000] {task_command.py:426} INFO - Running <TaskInstance: banking_01_bronze_layer.build_bronze_trans manual__2026-04-03T06:17:09.590480+00:00 [running]> on host c990dffe13ae
[2026-04-03T06:18:05.307+0000] {taskinstance.py:2648} INFO - Exporting env vars: AIRFLOW_CTX_DAG_OWNER='risheek' AIRFLOW_CTX_DAG_ID='banking_01_bronze_layer' AIRFLOW_CTX_TASK_ID='build_bronze_trans' AIRFLOW_CTX_EXECUTION_DATE='2026-04-03T06:17:09.590480+00:00' AIRFLOW_CTX_TRY_NUMBER='1' AIRFLOW_CTX_DAG_RUN_ID='manual__2026-04-03T06:17:09.590480+00:00'
[2026-04-03T06:18:05.309+0000] {taskinstance.py:430} INFO - ::endgroup::
[2026-04-03T06:18:05.310+0000] {subprocess.py:78} INFO - Tmp dir root location: /tmp
[2026-04-03T06:18:05.311+0000] {subprocess.py:88} INFO - Running command: ['/usr/bin/bash', '-c', 'dbt build --select bronze_trans']
[2026-04-03T06:18:05.316+0000] {subprocess.py:99} INFO - Output:
[2026-04-03T06:18:06.680+0000] {subprocess.py:106} INFO - [0m06:18:06  Running with dbt=1.11.7
[2026-04-03T06:18:07.217+0000] {subprocess.py:106} INFO - [0m06:18:07  Registered adapter: snowflake=1.11.3
[2026-04-03T06:18:07.368+0000] {subprocess.py:106} INFO - [0m06:18:07  [[33mWARNING[0m]: Configuration paths exist in your dbt_project.yml file which do not apply to any resources.
[2026-04-03T06:18:07.369+0000] {subprocess.py:106} INFO - There are 1 unused configuration paths:
[2026-04-03T06:18:07.369+0000] {subprocess.py:106} INFO - - models.trans_snowf.example
[2026-04-03T06:18:07.504+0000] {subprocess.py:106} INFO - [0m06:18:07  Found 14 models, 3 sources, 522 macros
[2026-04-03T06:18:07.505+0000] {subprocess.py:106} INFO - [0m06:18:07
[2026-04-03T06:18:07.506+0000] {subprocess.py:106} INFO - [0m06:18:07  Concurrency: 1 threads (target='dev')
[2026-04-03T06:18:07.506+0000] {subprocess.py:106} INFO - [0m06:18:07
[2026-04-03T06:18:10.253+0000] {subprocess.py:106} INFO - [0m06:18:10  1 of 1 START sql incremental model PUBLIC_BRONZE.bronze_trans .................. [RUN]
[2026-04-03T06:18:13.555+0000] {subprocess.py:106} INFO - [0m06:18:13  1 of 1 OK created sql incremental model PUBLIC_BRONZE.bronze_trans ............. [[32mSUCCESS 0[0m in 3.30s]
[2026-04-03T06:18:14.560+0000] {subprocess.py:106} INFO - [0m06:18:14
[2026-04-03T06:18:14.561+0000] {subprocess.py:106} INFO - [0m06:18:14  Finished running 1 incremental model in 0 hours 0 minutes and 7.05 seconds (7.05s).
[2026-04-03T06:18:14.597+0000] {subprocess.py:106} INFO - [0m06:18:14
[2026-04-03T06:18:14.598+0000] {subprocess.py:106} INFO - [0m06:18:14  [32mCompleted successfully[0m
[2026-04-03T06:18:14.598+0000] {subprocess.py:106} INFO - [0m06:18:14
[2026-04-03T06:18:14.598+0000] {subprocess.py:106} INFO - [0m06:18:14  Done. PASS=1 WARN=0 ERROR=0 SKIP=0 NO-OP=0 TOTAL=1
[2026-04-03T06:18:20.544+0000] {subprocess.py:110} INFO - Command exited with return code 0
[2026-04-03T06:18:20.546+0000] {taskinstance.py:441} INFO - ::group::Post task execution logs
[2026-04-03T06:18:20.567+0000] {taskinstance.py:1206} INFO - Marking task as SUCCESS. dag_id=banking_01_bronze_layer, task_id=build_bronze_trans, run_id=manual__2026-04-03T06:17:09.590480+00:00, execution_date=20260403T061709, start_date=20260403T061805, end_date=20260403T061820
[2026-04-03T06:18:20.607+0000] {local_task_job_runner.py:243} INFO - Task exited with return code 0
[2026-04-03T06:18:20.620+0000] {taskinstance.py:3503} INFO - 0 downstream tasks scheduled from follow-on schedule check
[2026-04-03T06:18:20.621+0000] {local_task_job_runner.py:222} INFO - ::endgroup::
