[2026-03-29T00:02:11.997+0000] {local_task_job_runner.py:120} INFO - ::group::Pre task execution logs
[2026-03-29T00:02:12.017+0000] {taskinstance.py:2076} INFO - Dependencies all met for dep_context=non-requeueable deps ti=<TaskInstance: banking_01_bronze_layer.build_bronze_trans scheduled__2026-03-28T23:30:00+00:00 [queued]>
[2026-03-29T00:02:12.021+0000] {taskinstance.py:2076} INFO - Dependencies all met for dep_context=requeueable deps ti=<TaskInstance: banking_01_bronze_layer.build_bronze_trans scheduled__2026-03-28T23:30:00+00:00 [queued]>
[2026-03-29T00:02:12.022+0000] {taskinstance.py:2306} INFO - Starting attempt 1 of 2
[2026-03-29T00:02:12.029+0000] {taskinstance.py:2330} INFO - Executing <Task(BashOperator): build_bronze_trans> on 2026-03-28 23:30:00+00:00
[2026-03-29T00:02:12.032+0000] {standard_task_runner.py:64} INFO - Started process 14668 to run task
[2026-03-29T00:02:12.035+0000] {standard_task_runner.py:90} INFO - Running: ['***', 'tasks', 'run', 'banking_01_bronze_layer', 'build_bronze_trans', 'scheduled__2026-03-28T23:30:00+00:00', '--job-id', '7027', '--raw', '--subdir', 'DAGS_FOLDER/dbt.py', '--cfg-path', '/tmp/tmpvf4r3rdn']
[2026-03-29T00:02:12.037+0000] {standard_task_runner.py:91} INFO - Job 7027: Subtask build_bronze_trans
[2026-03-29T00:02:12.072+0000] {task_command.py:426} INFO - Running <TaskInstance: banking_01_bronze_layer.build_bronze_trans scheduled__2026-03-28T23:30:00+00:00 [running]> on host c990dffe13ae
[2026-03-29T00:02:12.130+0000] {taskinstance.py:2648} INFO - Exporting env vars: AIRFLOW_CTX_DAG_OWNER='risheek' AIRFLOW_CTX_DAG_ID='banking_01_bronze_layer' AIRFLOW_CTX_TASK_ID='build_bronze_trans' AIRFLOW_CTX_EXECUTION_DATE='2026-03-28T23:30:00+00:00' AIRFLOW_CTX_TRY_NUMBER='1' AIRFLOW_CTX_DAG_RUN_ID='scheduled__2026-03-28T23:30:00+00:00'
[2026-03-29T00:02:12.131+0000] {taskinstance.py:430} INFO - ::endgroup::
[2026-03-29T00:02:12.132+0000] {subprocess.py:78} INFO - Tmp dir root location: /tmp
[2026-03-29T00:02:12.132+0000] {subprocess.py:88} INFO - Running command: ['/usr/bin/bash', '-c', 'dbt build --select bronze_trans']
[2026-03-29T00:02:12.136+0000] {subprocess.py:99} INFO - Output:
[2026-03-29T00:02:13.651+0000] {subprocess.py:106} INFO - [0m00:02:13  Running with dbt=1.11.7
[2026-03-29T00:02:14.211+0000] {subprocess.py:106} INFO - [0m00:02:14  Registered adapter: snowflake=1.11.3
[2026-03-29T00:02:14.384+0000] {subprocess.py:106} INFO - [0m00:02:14  [[33mWARNING[0m]: Configuration paths exist in your dbt_project.yml file which do not apply to any resources.
[2026-03-29T00:02:14.385+0000] {subprocess.py:106} INFO - There are 1 unused configuration paths:
[2026-03-29T00:02:14.385+0000] {subprocess.py:106} INFO - - models.trans_snowf.example
[2026-03-29T00:02:14.526+0000] {subprocess.py:106} INFO - [0m00:02:14  Found 14 models, 3 sources, 522 macros
[2026-03-29T00:02:14.528+0000] {subprocess.py:106} INFO - [0m00:02:14
[2026-03-29T00:02:14.529+0000] {subprocess.py:106} INFO - [0m00:02:14  Concurrency: 1 threads (target='dev')
[2026-03-29T00:02:14.529+0000] {subprocess.py:106} INFO - [0m00:02:14
[2026-03-29T00:16:46.034+0000] {subprocess.py:106} INFO - [0m00:16:46
[2026-03-29T00:16:46.040+0000] {subprocess.py:106} INFO - [0m00:16:46  Finished running  in 0 hours 14 minutes and 31.50 seconds (871.50s).
[2026-03-29T00:16:46.040+0000] {subprocess.py:106} INFO - [0m00:16:46  Encountered an error:
[2026-03-29T00:16:46.040+0000] {subprocess.py:106} INFO - Runtime Error
[2026-03-29T00:16:46.040+0000] {subprocess.py:106} INFO -   Database error while listing schemas in database "BANKING"
[2026-03-29T00:16:46.041+0000] {subprocess.py:106} INFO -   Database Error
[2026-03-29T00:16:46.041+0000] {subprocess.py:106} INFO -     250001: Could not connect to Snowflake backend after 6 attempt(s).Aborting
[2026-03-29T00:16:52.361+0000] {subprocess.py:110} INFO - Command exited with return code 2
[2026-03-29T00:16:52.366+0000] {taskinstance.py:441} INFO - ::group::Post task execution logs
[2026-03-29T00:16:52.390+0000] {taskinstance.py:2905} ERROR - Task failed with exception
Traceback (most recent call last):
  File "/home/airflow/.local/lib/python3.12/site-packages/airflow/models/taskinstance.py", line 465, in _execute_task
    result = _execute_callable(context=context, **execute_callable_kwargs)
             ^^^^^^^^^^^^^^^^^^^^^^^^^^^^^^^^^^^^^^^^^^^^^^^^^^^^^^^^^^^^^
  File "/home/airflow/.local/lib/python3.12/site-packages/airflow/models/taskinstance.py", line 432, in _execute_callable
    return execute_callable(context=context, **execute_callable_kwargs)
           ^^^^^^^^^^^^^^^^^^^^^^^^^^^^^^^^^^^^^^^^^^^^^^^^^^^^^^^^^^^^
  File "/home/airflow/.local/lib/python3.12/site-packages/airflow/models/baseoperator.py", line 401, in wrapper
    return func(self, *args, **kwargs)
           ^^^^^^^^^^^^^^^^^^^^^^^^^^^
  File "/home/airflow/.local/lib/python3.12/site-packages/airflow/providers/standard/operators/bash.py", line 233, in execute
    raise AirflowException(
airflow.exceptions.AirflowException: Bash command failed. The command returned a non-zero exit code 2.
[2026-03-29T00:16:52.398+0000] {taskinstance.py:1206} INFO - Marking task as UP_FOR_RETRY. dag_id=banking_01_bronze_layer, task_id=build_bronze_trans, run_id=scheduled__2026-03-28T23:30:00+00:00, execution_date=20260328T233000, start_date=20260329T000212, end_date=20260329T001652
[2026-03-29T00:16:52.420+0000] {standard_task_runner.py:110} ERROR - Failed to execute job 7027 for task build_bronze_trans (Bash command failed. The command returned a non-zero exit code 2.; 14668)
[2026-03-29T00:16:52.442+0000] {local_task_job_runner.py:243} INFO - Task exited with return code 1
[2026-03-29T00:16:52.461+0000] {taskinstance.py:3503} INFO - 0 downstream tasks scheduled from follow-on schedule check
[2026-03-29T00:16:52.462+0000] {local_task_job_runner.py:222} INFO - ::endgroup::
