[2026-03-29T00:23:43.827+0000] {local_task_job_runner.py:120} INFO - ::group::Pre task execution logs
[2026-03-29T00:23:43.842+0000] {taskinstance.py:2076} INFO - Dependencies all met for dep_context=non-requeueable deps ti=<TaskInstance: banking_01_bronze_layer.build_bronze_trans scheduled__2026-03-28T23:30:00+00:00 [queued]>
[2026-03-29T00:23:43.846+0000] {taskinstance.py:2076} INFO - Dependencies all met for dep_context=requeueable deps ti=<TaskInstance: banking_01_bronze_layer.build_bronze_trans scheduled__2026-03-28T23:30:00+00:00 [queued]>
[2026-03-29T00:23:43.846+0000] {taskinstance.py:2306} INFO - Starting attempt 2 of 2
[2026-03-29T00:23:43.852+0000] {taskinstance.py:2330} INFO - Executing <Task(BashOperator): build_bronze_trans> on 2026-03-28 23:30:00+00:00
[2026-03-29T00:23:43.854+0000] {standard_task_runner.py:64} INFO - Started process 14782 to run task
[2026-03-29T00:23:43.856+0000] {standard_task_runner.py:90} INFO - Running: ['***', 'tasks', 'run', 'banking_01_bronze_layer', 'build_bronze_trans', 'scheduled__2026-03-28T23:30:00+00:00', '--job-id', '7031', '--raw', '--subdir', 'DAGS_FOLDER/dbt.py', '--cfg-path', '/tmp/tmpokkegmw5']
[2026-03-29T00:23:43.858+0000] {standard_task_runner.py:91} INFO - Job 7031: Subtask build_bronze_trans
[2026-03-29T00:23:43.884+0000] {task_command.py:426} INFO - Running <TaskInstance: banking_01_bronze_layer.build_bronze_trans scheduled__2026-03-28T23:30:00+00:00 [running]> on host c990dffe13ae
[2026-03-29T00:23:43.932+0000] {taskinstance.py:2648} INFO - Exporting env vars: AIRFLOW_CTX_DAG_OWNER='risheek' AIRFLOW_CTX_DAG_ID='banking_01_bronze_layer' AIRFLOW_CTX_TASK_ID='build_bronze_trans' AIRFLOW_CTX_EXECUTION_DATE='2026-03-28T23:30:00+00:00' AIRFLOW_CTX_TRY_NUMBER='2' AIRFLOW_CTX_DAG_RUN_ID='scheduled__2026-03-28T23:30:00+00:00'
[2026-03-29T00:23:43.932+0000] {taskinstance.py:430} INFO - ::endgroup::
[2026-03-29T00:23:43.933+0000] {subprocess.py:78} INFO - Tmp dir root location: /tmp
[2026-03-29T00:23:43.933+0000] {subprocess.py:88} INFO - Running command: ['/usr/bin/bash', '-c', 'dbt build --select bronze_trans']
[2026-03-29T00:23:43.937+0000] {subprocess.py:99} INFO - Output:
[2026-03-29T00:23:45.209+0000] {subprocess.py:106} INFO - [0m00:23:45  Running with dbt=1.11.7
[2026-03-29T00:23:45.719+0000] {subprocess.py:106} INFO - [0m00:23:45  Registered adapter: snowflake=1.11.3
[2026-03-29T00:23:45.879+0000] {subprocess.py:106} INFO - [0m00:23:45  [[33mWARNING[0m]: Configuration paths exist in your dbt_project.yml file which do not apply to any resources.
[2026-03-29T00:23:45.879+0000] {subprocess.py:106} INFO - There are 1 unused configuration paths:
[2026-03-29T00:23:45.879+0000] {subprocess.py:106} INFO - - models.trans_snowf.example
[2026-03-29T00:23:46.008+0000] {subprocess.py:106} INFO - [0m00:23:46  Found 14 models, 3 sources, 522 macros
[2026-03-29T00:23:46.009+0000] {subprocess.py:106} INFO - [0m00:23:46
[2026-03-29T00:23:46.009+0000] {subprocess.py:106} INFO - [0m00:23:46  Concurrency: 1 threads (target='dev')
[2026-03-29T00:23:46.010+0000] {subprocess.py:106} INFO - [0m00:23:46
[2026-03-29T00:24:41.220+0000] {subprocess.py:106} INFO - [0m00:24:41  1 of 1 START sql incremental model PUBLIC_BRONZE.bronze_trans .................. [RUN]
[2026-03-29T00:24:49.336+0000] {subprocess.py:106} INFO - [0m00:24:49  1 of 1 OK created sql incremental model PUBLIC_BRONZE.bronze_trans ............. [[32mSUCCESS 0[0m in 8.11s]
[2026-03-29T00:24:49.757+0000] {subprocess.py:106} INFO - [0m00:24:49
[2026-03-29T00:24:49.759+0000] {subprocess.py:106} INFO - [0m00:24:49  Finished running 1 incremental model in 0 hours 1 minutes and 3.74 seconds (63.74s).
[2026-03-29T00:24:49.827+0000] {subprocess.py:106} INFO - [0m00:24:49
[2026-03-29T00:24:49.828+0000] {subprocess.py:106} INFO - [0m00:24:49  [32mCompleted successfully[0m
[2026-03-29T00:24:49.829+0000] {subprocess.py:106} INFO - [0m00:24:49
[2026-03-29T00:24:49.829+0000] {subprocess.py:106} INFO - [0m00:24:49  Done. PASS=1 WARN=0 ERROR=0 SKIP=0 NO-OP=0 TOTAL=1
[2026-03-29T00:24:52.785+0000] {subprocess.py:110} INFO - Command exited with return code 0
[2026-03-29T00:24:52.786+0000] {taskinstance.py:441} INFO - ::group::Post task execution logs
[2026-03-29T00:24:52.822+0000] {taskinstance.py:1206} INFO - Marking task as SUCCESS. dag_id=banking_01_bronze_layer, task_id=build_bronze_trans, run_id=scheduled__2026-03-28T23:30:00+00:00, execution_date=20260328T233000, start_date=20260329T002343, end_date=20260329T002452
[2026-03-29T00:24:52.847+0000] {local_task_job_runner.py:243} INFO - Task exited with return code 0
[2026-03-29T00:24:52.861+0000] {taskinstance.py:3503} INFO - 0 downstream tasks scheduled from follow-on schedule check
[2026-03-29T00:24:52.862+0000] {local_task_job_runner.py:222} INFO - ::endgroup::
