[2026-03-30T00:48:53.781+0000] {local_task_job_runner.py:120} INFO - ::group::Pre task execution logs
[2026-03-30T00:48:53.798+0000] {taskinstance.py:2076} INFO - Dependencies all met for dep_context=non-requeueable deps ti=<TaskInstance: banking_01_bronze_layer.build_bronze_acc scheduled__2026-03-30T00:00:00+00:00 [queued]>
[2026-03-30T00:48:53.801+0000] {taskinstance.py:2076} INFO - Dependencies all met for dep_context=requeueable deps ti=<TaskInstance: banking_01_bronze_layer.build_bronze_acc scheduled__2026-03-30T00:00:00+00:00 [queued]>
[2026-03-30T00:48:53.802+0000] {taskinstance.py:2306} INFO - Starting attempt 1 of 2
[2026-03-30T00:48:53.808+0000] {taskinstance.py:2330} INFO - Executing <Task(BashOperator): build_bronze_acc> on 2026-03-30 00:00:00+00:00
[2026-03-30T00:48:53.812+0000] {standard_task_runner.py:64} INFO - Started process 6395 to run task
[2026-03-30T00:48:53.813+0000] {standard_task_runner.py:90} INFO - Running: ['***', 'tasks', 'run', 'banking_01_bronze_layer', 'build_bronze_acc', 'scheduled__2026-03-30T00:00:00+00:00', '--job-id', '7381', '--raw', '--subdir', 'DAGS_FOLDER/dbt.py', '--cfg-path', '/tmp/tmpw6u3_toi']
[2026-03-30T00:48:53.814+0000] {standard_task_runner.py:91} INFO - Job 7381: Subtask build_bronze_acc
[2026-03-30T00:48:53.842+0000] {task_command.py:426} INFO - Running <TaskInstance: banking_01_bronze_layer.build_bronze_acc scheduled__2026-03-30T00:00:00+00:00 [running]> on host c990dffe13ae
[2026-03-30T00:48:53.888+0000] {taskinstance.py:2648} INFO - Exporting env vars: AIRFLOW_CTX_DAG_OWNER='risheek' AIRFLOW_CTX_DAG_ID='banking_01_bronze_layer' AIRFLOW_CTX_TASK_ID='build_bronze_acc' AIRFLOW_CTX_EXECUTION_DATE='2026-03-30T00:00:00+00:00' AIRFLOW_CTX_TRY_NUMBER='1' AIRFLOW_CTX_DAG_RUN_ID='scheduled__2026-03-30T00:00:00+00:00'
[2026-03-30T00:48:53.888+0000] {taskinstance.py:430} INFO - ::endgroup::
[2026-03-30T00:48:53.889+0000] {subprocess.py:78} INFO - Tmp dir root location: /tmp
[2026-03-30T00:48:53.889+0000] {subprocess.py:88} INFO - Running command: ['/usr/bin/bash', '-c', 'dbt build --select bronze_acc']
[2026-03-30T00:48:53.893+0000] {subprocess.py:99} INFO - Output:
[2026-03-30T00:48:55.237+0000] {subprocess.py:106} INFO - [0m00:48:55  Running with dbt=1.11.7
[2026-03-30T00:48:55.794+0000] {subprocess.py:106} INFO - [0m00:48:55  Registered adapter: snowflake=1.11.3
[2026-03-30T00:48:56.015+0000] {subprocess.py:106} INFO - [0m00:48:56  [[33mWARNING[0m]: Configuration paths exist in your dbt_project.yml file which do not apply to any resources.
[2026-03-30T00:48:56.015+0000] {subprocess.py:106} INFO - There are 1 unused configuration paths:
[2026-03-30T00:48:56.016+0000] {subprocess.py:106} INFO - - models.trans_snowf.example
[2026-03-30T00:48:56.155+0000] {subprocess.py:106} INFO - [0m00:48:56  Found 14 models, 3 sources, 522 macros
[2026-03-30T00:48:56.157+0000] {subprocess.py:106} INFO - [0m00:48:56
[2026-03-30T00:48:56.158+0000] {subprocess.py:106} INFO - [0m00:48:56  Concurrency: 1 threads (target='dev')
[2026-03-30T00:48:56.158+0000] {subprocess.py:106} INFO - [0m00:48:56
[2026-03-30T00:49:00.592+0000] {subprocess.py:106} INFO - [0m00:49:00  1 of 1 START sql incremental model PUBLIC_BRONZE.bronze_acc .................... [RUN]
[2026-03-30T00:49:03.873+0000] {subprocess.py:106} INFO - [0m00:49:03  1 of 1 OK created sql incremental model PUBLIC_BRONZE.bronze_acc ............... [[32mSUCCESS 0[0m in 3.28s]
[2026-03-30T00:49:04.109+0000] {subprocess.py:106} INFO - [0m00:49:04
[2026-03-30T00:49:04.111+0000] {subprocess.py:106} INFO - [0m00:49:04  Finished running 1 incremental model in 0 hours 0 minutes and 7.95 seconds (7.95s).
[2026-03-30T00:49:04.180+0000] {subprocess.py:106} INFO - [0m00:49:04
[2026-03-30T00:49:04.181+0000] {subprocess.py:106} INFO - [0m00:49:04  [32mCompleted successfully[0m
[2026-03-30T00:49:04.181+0000] {subprocess.py:106} INFO - [0m00:49:04
[2026-03-30T00:49:04.182+0000] {subprocess.py:106} INFO - [0m00:49:04  Done. PASS=1 WARN=0 ERROR=0 SKIP=0 NO-OP=0 TOTAL=1
[2026-03-30T00:49:05.990+0000] {subprocess.py:110} INFO - Command exited with return code 0
[2026-03-30T00:49:05.992+0000] {taskinstance.py:441} INFO - ::group::Post task execution logs
[2026-03-30T00:49:06.021+0000] {taskinstance.py:1206} INFO - Marking task as SUCCESS. dag_id=banking_01_bronze_layer, task_id=build_bronze_acc, run_id=scheduled__2026-03-30T00:00:00+00:00, execution_date=20260330T000000, start_date=20260330T004853, end_date=20260330T004906
[2026-03-30T00:49:06.068+0000] {local_task_job_runner.py:243} INFO - Task exited with return code 0
[2026-03-30T00:49:06.082+0000] {taskinstance.py:3503} INFO - 0 downstream tasks scheduled from follow-on schedule check
[2026-03-30T00:49:06.084+0000] {local_task_job_runner.py:222} INFO - ::endgroup::
