[2026-03-29T12:19:40.168+0000] {local_task_job_runner.py:120} INFO - ::group::Pre task execution logs
[2026-03-29T12:19:40.182+0000] {taskinstance.py:2076} INFO - Dependencies all met for dep_context=non-requeueable deps ti=<TaskInstance: banking_01_bronze_layer.build_bronze_acc scheduled__2026-03-29T11:30:00+00:00 [queued]>
[2026-03-29T12:19:40.185+0000] {taskinstance.py:2076} INFO - Dependencies all met for dep_context=requeueable deps ti=<TaskInstance: banking_01_bronze_layer.build_bronze_acc scheduled__2026-03-29T11:30:00+00:00 [queued]>
[2026-03-29T12:19:40.185+0000] {taskinstance.py:2306} INFO - Starting attempt 2 of 2
[2026-03-29T12:19:40.191+0000] {taskinstance.py:2330} INFO - Executing <Task(BashOperator): build_bronze_acc> on 2026-03-29 11:30:00+00:00
[2026-03-29T12:19:40.193+0000] {standard_task_runner.py:64} INFO - Started process 1654 to run task
[2026-03-29T12:19:40.194+0000] {standard_task_runner.py:90} INFO - Running: ['***', 'tasks', 'run', 'banking_01_bronze_layer', 'build_bronze_acc', 'scheduled__2026-03-29T11:30:00+00:00', '--job-id', '7232', '--raw', '--subdir', 'DAGS_FOLDER/dbt.py', '--cfg-path', '/tmp/tmp3m4walez']
[2026-03-29T12:19:40.195+0000] {standard_task_runner.py:91} INFO - Job 7232: Subtask build_bronze_acc
[2026-03-29T12:19:40.221+0000] {task_command.py:426} INFO - Running <TaskInstance: banking_01_bronze_layer.build_bronze_acc scheduled__2026-03-29T11:30:00+00:00 [running]> on host c990dffe13ae
[2026-03-29T12:19:40.260+0000] {taskinstance.py:2648} INFO - Exporting env vars: AIRFLOW_CTX_DAG_OWNER='risheek' AIRFLOW_CTX_DAG_ID='banking_01_bronze_layer' AIRFLOW_CTX_TASK_ID='build_bronze_acc' AIRFLOW_CTX_EXECUTION_DATE='2026-03-29T11:30:00+00:00' AIRFLOW_CTX_TRY_NUMBER='2' AIRFLOW_CTX_DAG_RUN_ID='scheduled__2026-03-29T11:30:00+00:00'
[2026-03-29T12:19:40.260+0000] {taskinstance.py:430} INFO - ::endgroup::
[2026-03-29T12:19:40.261+0000] {subprocess.py:78} INFO - Tmp dir root location: /tmp
[2026-03-29T12:19:40.262+0000] {subprocess.py:88} INFO - Running command: ['/usr/bin/bash', '-c', 'dbt build --select bronze_acc']
[2026-03-29T12:19:40.266+0000] {subprocess.py:99} INFO - Output:
[2026-03-29T12:19:41.397+0000] {subprocess.py:106} INFO - [0m12:19:41  Running with dbt=1.11.7
[2026-03-29T12:19:41.848+0000] {subprocess.py:106} INFO - [0m12:19:41  Registered adapter: snowflake=1.11.3
[2026-03-29T12:19:41.972+0000] {subprocess.py:106} INFO - [0m12:19:41  [[33mWARNING[0m]: Configuration paths exist in your dbt_project.yml file which do not apply to any resources.
[2026-03-29T12:19:41.972+0000] {subprocess.py:106} INFO - There are 1 unused configuration paths:
[2026-03-29T12:19:41.976+0000] {subprocess.py:106} INFO - - models.trans_snowf.example
[2026-03-29T12:19:42.062+0000] {subprocess.py:106} INFO - [0m12:19:42  Found 14 models, 3 sources, 522 macros
[2026-03-29T12:19:42.063+0000] {subprocess.py:106} INFO - [0m12:19:42
[2026-03-29T12:19:42.063+0000] {subprocess.py:106} INFO - [0m12:19:42  Concurrency: 1 threads (target='dev')
[2026-03-29T12:19:42.064+0000] {subprocess.py:106} INFO - [0m12:19:42
[2026-03-29T12:19:43.392+0000] {subprocess.py:106} INFO - [0m12:19:43  1 of 1 START sql incremental model PUBLIC_BRONZE.bronze_acc .................... [RUN]
[2026-03-29T12:19:45.485+0000] {subprocess.py:106} INFO - [0m12:19:45  1 of 1 OK created sql incremental model PUBLIC_BRONZE.bronze_acc ............... [[32mSUCCESS 0[0m in 2.09s]
[2026-03-29T12:19:45.677+0000] {subprocess.py:106} INFO - [0m12:19:45
[2026-03-29T12:19:45.679+0000] {subprocess.py:106} INFO - [0m12:19:45  Finished running 1 incremental model in 0 hours 0 minutes and 3.61 seconds (3.61s).
[2026-03-29T12:19:45.735+0000] {subprocess.py:106} INFO - [0m12:19:45
[2026-03-29T12:19:45.736+0000] {subprocess.py:106} INFO - [0m12:19:45  [32mCompleted successfully[0m
[2026-03-29T12:19:45.736+0000] {subprocess.py:106} INFO - [0m12:19:45
[2026-03-29T12:19:45.737+0000] {subprocess.py:106} INFO - [0m12:19:45  Done. PASS=1 WARN=0 ERROR=0 SKIP=0 NO-OP=0 TOTAL=1
[2026-03-29T12:19:47.393+0000] {subprocess.py:110} INFO - Command exited with return code 0
[2026-03-29T12:19:47.394+0000] {taskinstance.py:441} INFO - ::group::Post task execution logs
[2026-03-29T12:19:47.411+0000] {taskinstance.py:1206} INFO - Marking task as SUCCESS. dag_id=banking_01_bronze_layer, task_id=build_bronze_acc, run_id=scheduled__2026-03-29T11:30:00+00:00, execution_date=20260329T113000, start_date=20260329T121940, end_date=20260329T121947
[2026-03-29T12:19:47.438+0000] {local_task_job_runner.py:243} INFO - Task exited with return code 0
[2026-03-29T12:19:47.447+0000] {taskinstance.py:3503} INFO - 0 downstream tasks scheduled from follow-on schedule check
[2026-03-29T12:19:47.448+0000] {local_task_job_runner.py:222} INFO - ::endgroup::
