[2026-03-30T22:20:00.002+0000] {local_task_job_runner.py:120} INFO - ::group::Pre task execution logs
[2026-03-30T22:20:00.023+0000] {taskinstance.py:2076} INFO - Dependencies all met for dep_context=non-requeueable deps ti=<TaskInstance: transfer_from_minio_to_snowflake_accounts.create_stage scheduled__2026-03-30T22:17:00+00:00 [queued]>
[2026-03-30T22:20:00.027+0000] {taskinstance.py:2076} INFO - Dependencies all met for dep_context=requeueable deps ti=<TaskInstance: transfer_from_minio_to_snowflake_accounts.create_stage scheduled__2026-03-30T22:17:00+00:00 [queued]>
[2026-03-30T22:20:00.027+0000] {taskinstance.py:2306} INFO - Starting attempt 1 of 3
[2026-03-30T22:20:00.035+0000] {taskinstance.py:2330} INFO - Executing <Task(SQLExecuteQueryOperator): create_stage> on 2026-03-30 22:17:00+00:00
[2026-03-30T22:20:00.053+0000] {logging_mixin.py:188} WARNING - /home/***/.local/lib/python3.12/site-packages/***/task/task_runner/standard_task_runner.py:62 DeprecationWarning: This process (pid=31397) is multi-threaded, use of fork() may lead to deadlocks in the child.
[2026-03-30T22:20:00.056+0000] {standard_task_runner.py:64} INFO - Started process 31409 to run task
[2026-03-30T22:20:00.045+0000] {standard_task_runner.py:90} INFO - Running: ['***', 'tasks', 'run', 'transfer_from_minio_to_snowflake_accounts', 'create_stage', 'scheduled__2026-03-30T22:17:00+00:00', '--job-id', '9040', '--raw', '--subdir', 'DAGS_FOLDER/transfer.py', '--cfg-path', '/tmp/tmpx_v3gv_h']
[2026-03-30T22:20:00.058+0000] {standard_task_runner.py:91} INFO - Job 9040: Subtask create_stage
[2026-03-30T22:20:00.135+0000] {task_command.py:426} INFO - Running <TaskInstance: transfer_from_minio_to_snowflake_accounts.create_stage scheduled__2026-03-30T22:17:00+00:00 [running]> on host c990dffe13ae
[2026-03-30T22:20:00.441+0000] {taskinstance.py:2648} INFO - Exporting env vars: AIRFLOW_CTX_DAG_OWNER='***' AIRFLOW_CTX_DAG_ID='transfer_from_minio_to_snowflake_accounts' AIRFLOW_CTX_TASK_ID='create_stage' AIRFLOW_CTX_EXECUTION_DATE='2026-03-30T22:17:00+00:00' AIRFLOW_CTX_TRY_NUMBER='1' AIRFLOW_CTX_DAG_RUN_ID='scheduled__2026-03-30T22:17:00+00:00'
[2026-03-30T22:20:00.442+0000] {taskinstance.py:430} INFO - ::endgroup::
[2026-03-30T22:20:00.442+0000] {sql.py:282} INFO - Executing:  CREATE STAGE IF NOT EXISTS incoming  
                 URL = 's3://de-project-banking-pipeline-dev-2/'
                 STORAGE_INTEGRATION = my_s3_integration
                 FILE_FORMAT = (TYPE = 'JSON'); 
[2026-03-30T22:20:00.450+0000] {base.py:84} INFO - Using connection ID 'warehouse_id' for task execution.
[2026-03-30T22:20:00.499+0000] {base.py:84} INFO - Using connection ID 'warehouse_id' for task execution.
[2026-03-30T22:20:00.539+0000] {connection.py:613} INFO - Snowflake Connector for Python Version: 4.3.0, Python Version: 3.12.4, Platform: Linux-6.12.76-linuxkit-aarch64-with-glibc2.36
[2026-03-30T22:20:00.540+0000] {connection.py:1709} INFO - Connecting to GLOBAL Snowflake domain
[2026-03-30T22:20:03.571+0000] {sql.py:495} INFO - Running statement: CREATE STAGE IF NOT EXISTS incoming  
                 URL = 's3://de-project-banking-pipeline-dev-2/'
                 STORAGE_INTEGRATION = my_s3_integration
                 FILE_FORMAT = (TYPE = 'JSON');, parameters: None
[2026-03-30T22:20:03.754+0000] {sql.py:504} INFO - Rows affected: 1
[2026-03-30T22:20:03.756+0000] {snowflake.py:422} INFO - Rows affected: 1
[2026-03-30T22:20:03.757+0000] {snowflake.py:423} INFO - Snowflake query id: 01c361fc-3202-85e0-0014-90e60006c36a
[2026-03-30T22:20:06.260+0000] {taskinstance.py:441} INFO - ::group::Post task execution logs
[2026-03-30T22:20:06.282+0000] {taskinstance.py:1206} INFO - Marking task as SUCCESS. dag_id=transfer_from_minio_to_snowflake_accounts, task_id=create_stage, run_id=scheduled__2026-03-30T22:17:00+00:00, execution_date=20260330T221700, start_date=20260330T222000, end_date=20260330T222006
[2026-03-30T22:20:06.333+0000] {local_task_job_runner.py:243} INFO - Task exited with return code 0
[2026-03-30T22:20:06.359+0000] {taskinstance.py:3503} INFO - 1 downstream tasks scheduled from follow-on schedule check
[2026-03-30T22:20:06.360+0000] {local_task_job_runner.py:222} INFO - ::endgroup::
