[2026-03-10T10:50:15.434+0000] {local_task_job_runner.py:120} INFO - ::group::Pre task execution logs
[2026-03-10T10:50:15.455+0000] {taskinstance.py:2076} INFO - Dependencies all met for dep_context=non-requeueable deps ti=<TaskInstance: transfer_from_minio_to_snowflake.copy_json_to_variant scheduled__2026-03-10T10:49:00+00:00 [queued]>
[2026-03-10T10:50:15.459+0000] {taskinstance.py:2076} INFO - Dependencies all met for dep_context=requeueable deps ti=<TaskInstance: transfer_from_minio_to_snowflake.copy_json_to_variant scheduled__2026-03-10T10:49:00+00:00 [queued]>
[2026-03-10T10:50:15.459+0000] {taskinstance.py:2306} INFO - Starting attempt 1 of 3
[2026-03-10T10:50:15.466+0000] {taskinstance.py:2330} INFO - Executing <Task(SQLExecuteQueryOperator): copy_json_to_variant> on 2026-03-10 10:49:00+00:00
[2026-03-10T10:50:15.472+0000] {logging_mixin.py:188} WARNING - /home/***/.local/lib/python3.12/site-packages/***/task/task_runner/standard_task_runner.py:62 DeprecationWarning: This process (pid=4081) is multi-threaded, use of fork() may lead to deadlocks in the child.
[2026-03-10T10:50:15.473+0000] {standard_task_runner.py:64} INFO - Started process 4094 to run task
[2026-03-10T10:50:15.472+0000] {standard_task_runner.py:90} INFO - Running: ['***', 'tasks', 'run', 'transfer_from_minio_to_snowflake', 'copy_json_to_variant', 'scheduled__2026-03-10T10:49:00+00:00', '--job-id', '449', '--raw', '--subdir', 'DAGS_FOLDER/transfer.py', '--cfg-path', '/tmp/tmpj9dx4zj_']
[2026-03-10T10:50:15.474+0000] {standard_task_runner.py:91} INFO - Job 449: Subtask copy_json_to_variant
[2026-03-10T10:50:15.525+0000] {task_command.py:426} INFO - Running <TaskInstance: transfer_from_minio_to_snowflake.copy_json_to_variant scheduled__2026-03-10T10:49:00+00:00 [running]> on host a070a8ebc37d
[2026-03-10T10:50:15.764+0000] {taskinstance.py:2648} INFO - Exporting env vars: AIRFLOW_CTX_DAG_OWNER='***' AIRFLOW_CTX_DAG_ID='transfer_from_minio_to_snowflake' AIRFLOW_CTX_TASK_ID='copy_json_to_variant' AIRFLOW_CTX_EXECUTION_DATE='2026-03-10T10:49:00+00:00' AIRFLOW_CTX_TRY_NUMBER='1' AIRFLOW_CTX_DAG_RUN_ID='scheduled__2026-03-10T10:49:00+00:00'
[2026-03-10T10:50:15.765+0000] {taskinstance.py:430} INFO - ::endgroup::
[2026-03-10T10:50:15.765+0000] {sql.py:282} INFO - Executing: 
            COPY INTO RAW (raw_json)
            FROM @incoming
            FILE_FORMAT = (TYPE = 'JSON')
            ON_ERROR = 'CONTINUE';
        
[2026-03-10T10:50:15.772+0000] {base.py:84} INFO - Using connection ID 'warehouse_id' for task execution.
[2026-03-10T10:50:15.818+0000] {base.py:84} INFO - Using connection ID 'warehouse_id' for task execution.
[2026-03-10T10:50:15.863+0000] {connection.py:613} INFO - Snowflake Connector for Python Version: 4.3.0, Python Version: 3.12.4, Platform: Linux-6.12.72-linuxkit-aarch64-with-glibc2.36
[2026-03-10T10:50:15.865+0000] {connection.py:1709} INFO - Connecting to GLOBAL Snowflake domain
[2026-03-10T10:50:16.751+0000] {sql.py:495} INFO - Running statement: COPY INTO RAW (raw_json)
            FROM @incoming
            FILE_FORMAT = (TYPE = 'JSON')
            ON_ERROR = 'CONTINUE';, parameters: None
[2026-03-10T10:50:18.782+0000] {sql.py:504} INFO - Rows affected: 1
[2026-03-10T10:50:18.784+0000] {snowflake.py:422} INFO - Rows affected: 1
[2026-03-10T10:50:18.785+0000] {snowflake.py:423} INFO - Snowflake query id: 01c2eeca-3202-6bcd-0000-001490e6d9f9
[2026-03-10T10:50:19.196+0000] {taskinstance.py:441} INFO - ::group::Post task execution logs
[2026-03-10T10:50:19.261+0000] {taskinstance.py:1206} INFO - Marking task as SUCCESS. dag_id=transfer_from_minio_to_snowflake, task_id=copy_json_to_variant, run_id=scheduled__2026-03-10T10:49:00+00:00, execution_date=20260310T104900, start_date=20260310T105015, end_date=20260310T105019
[2026-03-10T10:50:19.300+0000] {local_task_job_runner.py:243} INFO - Task exited with return code 0
[2026-03-10T10:50:19.328+0000] {taskinstance.py:3503} INFO - 0 downstream tasks scheduled from follow-on schedule check
[2026-03-10T10:50:19.329+0000] {local_task_job_runner.py:222} INFO - ::endgroup::
