[2026-03-28T03:42:40.839+0000] {local_task_job_runner.py:120} INFO - ::group::Pre task execution logs
[2026-03-28T03:42:40.853+0000] {taskinstance.py:2076} INFO - Dependencies all met for dep_context=non-requeueable deps ti=<TaskInstance: banking_01_bronze_layer.debug scheduled__2026-03-28T02:00:00+00:00 [queued]>
[2026-03-28T03:42:40.857+0000] {taskinstance.py:2076} INFO - Dependencies all met for dep_context=requeueable deps ti=<TaskInstance: banking_01_bronze_layer.debug scheduled__2026-03-28T02:00:00+00:00 [queued]>
[2026-03-28T03:42:40.857+0000] {taskinstance.py:2306} INFO - Starting attempt 2 of 2
[2026-03-28T03:42:40.862+0000] {taskinstance.py:2330} INFO - Executing <Task(BashOperator): debug> on 2026-03-28 02:00:00+00:00
[2026-03-28T03:42:40.864+0000] {standard_task_runner.py:64} INFO - Started process 46120 to run task
[2026-03-28T03:42:40.866+0000] {standard_task_runner.py:90} INFO - Running: ['***', 'tasks', 'run', 'banking_01_bronze_layer', 'debug', 'scheduled__2026-03-28T02:00:00+00:00', '--job-id', '5817', '--raw', '--subdir', 'DAGS_FOLDER/dbt.py', '--cfg-path', '/tmp/tmpkxtqknv5']
[2026-03-28T03:42:40.867+0000] {standard_task_runner.py:91} INFO - Job 5817: Subtask debug
[2026-03-28T03:42:40.892+0000] {task_command.py:426} INFO - Running <TaskInstance: banking_01_bronze_layer.debug scheduled__2026-03-28T02:00:00+00:00 [running]> on host c990dffe13ae
[2026-03-28T03:42:40.935+0000] {taskinstance.py:2648} INFO - Exporting env vars: AIRFLOW_CTX_DAG_OWNER='risheek' AIRFLOW_CTX_DAG_ID='banking_01_bronze_layer' AIRFLOW_CTX_TASK_ID='debug' AIRFLOW_CTX_EXECUTION_DATE='2026-03-28T02:00:00+00:00' AIRFLOW_CTX_TRY_NUMBER='2' AIRFLOW_CTX_DAG_RUN_ID='scheduled__2026-03-28T02:00:00+00:00'
[2026-03-28T03:42:40.936+0000] {taskinstance.py:430} INFO - ::endgroup::
[2026-03-28T03:42:40.936+0000] {subprocess.py:78} INFO - Tmp dir root location: /tmp
[2026-03-28T03:42:40.936+0000] {subprocess.py:88} INFO - Running command: ['/usr/bin/bash', '-c', 'dbt debug --profiles-dir /opt/***/dbt/trans_snowf']
[2026-03-28T03:42:40.940+0000] {subprocess.py:99} INFO - Output:
[2026-03-28T03:42:42.135+0000] {subprocess.py:106} INFO - [0m03:42:42  Running with dbt=1.11.7
[2026-03-28T03:42:42.141+0000] {subprocess.py:106} INFO - [0m03:42:42  dbt version: 1.11.7
[2026-03-28T03:42:42.141+0000] {subprocess.py:106} INFO - [0m03:42:42  python version: 3.12.4
[2026-03-28T03:42:42.142+0000] {subprocess.py:106} INFO - [0m03:42:42  python path: /home/***/.local/bin/python
[2026-03-28T03:42:42.142+0000] {subprocess.py:106} INFO - [0m03:42:42  os info: Linux-6.12.76-linuxkit-aarch64-with-glibc2.36
[2026-03-28T03:42:42.524+0000] {subprocess.py:106} INFO - [0m03:42:42  Using profiles dir at /opt/***/dbt/trans_snowf
[2026-03-28T03:42:42.525+0000] {subprocess.py:106} INFO - [0m03:42:42  Using profiles.yml file at /opt/***/dbt/trans_snowf/profiles.yml
[2026-03-28T03:42:42.525+0000] {subprocess.py:106} INFO - [0m03:42:42  Using dbt_project.yml file at /opt/***/dbt/trans_snowf/dbt_project.yml
[2026-03-28T03:42:42.526+0000] {subprocess.py:106} INFO - [0m03:42:42  adapter type: snowflake
[2026-03-28T03:42:42.526+0000] {subprocess.py:106} INFO - [0m03:42:42  adapter version: 1.11.3
[2026-03-28T03:42:42.579+0000] {subprocess.py:106} INFO - [0m03:42:42  Configuration:
[2026-03-28T03:42:42.580+0000] {subprocess.py:106} INFO - [0m03:42:42    profiles.yml file [[32mOK found and valid[0m]
[2026-03-28T03:42:42.580+0000] {subprocess.py:106} INFO - [0m03:42:42    dbt_project.yml file [[32mOK found and valid[0m]
[2026-03-28T03:42:42.580+0000] {subprocess.py:106} INFO - [0m03:42:42  Required dependencies:
[2026-03-28T03:42:42.581+0000] {subprocess.py:106} INFO - [0m03:42:42   - git [[31mERROR[0m]
[2026-03-28T03:42:42.582+0000] {subprocess.py:106} INFO - 
[2026-03-28T03:42:42.582+0000] {subprocess.py:106} INFO - [0m03:42:42  Connection:
[2026-03-28T03:42:42.582+0000] {subprocess.py:106} INFO - [0m03:42:42    account: BBMCDSP-CT02489
[2026-03-28T03:42:42.582+0000] {subprocess.py:106} INFO - [0m03:42:42    user: user123
[2026-03-28T03:42:42.583+0000] {subprocess.py:106} INFO - [0m03:42:42    database: BANKING
[2026-03-28T03:42:42.583+0000] {subprocess.py:106} INFO - [0m03:42:42    warehouse: COMPUTE_WH
[2026-03-28T03:42:42.584+0000] {subprocess.py:106} INFO - [0m03:42:42    role: dbtadmin
[2026-03-28T03:42:42.584+0000] {subprocess.py:106} INFO - [0m03:42:42    schema: PUBLIC
[2026-03-28T03:42:42.584+0000] {subprocess.py:106} INFO - [0m03:42:42    authenticator: None
[2026-03-28T03:42:42.585+0000] {subprocess.py:106} INFO - [0m03:42:42    oauth_client_id: None
[2026-03-28T03:42:42.585+0000] {subprocess.py:106} INFO - [0m03:42:42    query_tag: None
[2026-03-28T03:42:42.585+0000] {subprocess.py:106} INFO - [0m03:42:42    client_session_keep_alive: False
[2026-03-28T03:42:42.586+0000] {subprocess.py:106} INFO - [0m03:42:42    host: None
[2026-03-28T03:42:42.586+0000] {subprocess.py:106} INFO - [0m03:42:42    port: None
[2026-03-28T03:42:42.586+0000] {subprocess.py:106} INFO - [0m03:42:42    proxy_host: None
[2026-03-28T03:42:42.586+0000] {subprocess.py:106} INFO - [0m03:42:42    proxy_port: None
[2026-03-28T03:42:42.587+0000] {subprocess.py:106} INFO - [0m03:42:42    protocol: None
[2026-03-28T03:42:42.587+0000] {subprocess.py:106} INFO - [0m03:42:42    connect_retries: 1
[2026-03-28T03:42:42.587+0000] {subprocess.py:106} INFO - [0m03:42:42    connect_timeout: None
[2026-03-28T03:42:42.588+0000] {subprocess.py:106} INFO - [0m03:42:42    retry_on_database_errors: False
[2026-03-28T03:42:42.588+0000] {subprocess.py:106} INFO - [0m03:42:42    retry_all: False
[2026-03-28T03:42:42.588+0000] {subprocess.py:106} INFO - [0m03:42:42    insecure_mode: False
[2026-03-28T03:42:42.589+0000] {subprocess.py:106} INFO - [0m03:42:42    reuse_connections: True
[2026-03-28T03:42:42.589+0000] {subprocess.py:106} INFO - [0m03:42:42    s3_stage_vpce_dns_name: None
[2026-03-28T03:42:42.589+0000] {subprocess.py:106} INFO - [0m03:42:42    platform_detection_timeout_seconds: 0.0
[2026-03-28T03:42:42.590+0000] {subprocess.py:106} INFO - [0m03:42:42  Registered adapter: snowflake=1.11.3
[2026-03-28T03:42:43.351+0000] {subprocess.py:106} INFO - [0m03:42:43    Connection test: [[32mOK connection ok[0m]
[2026-03-28T03:42:43.352+0000] {subprocess.py:106} INFO - 
[2026-03-28T03:42:43.353+0000] {subprocess.py:106} INFO - [0m03:42:43  [31m1 check failed:[0m
[2026-03-28T03:42:43.354+0000] {subprocess.py:106} INFO - [0m03:42:43  Error from git --help: Could not find command, ensure it is in the user's PATH: "git"
[2026-03-28T03:42:43.354+0000] {subprocess.py:106} INFO - 
[2026-03-28T03:42:45.432+0000] {subprocess.py:110} INFO - Command exited with return code 1
[2026-03-28T03:42:45.433+0000] {taskinstance.py:441} INFO - ::group::Post task execution logs
[2026-03-28T03:42:45.442+0000] {taskinstance.py:2905} ERROR - Task failed with exception
Traceback (most recent call last):
  File "/home/airflow/.local/lib/python3.12/site-packages/airflow/models/taskinstance.py", line 465, in _execute_task
    result = _execute_callable(context=context, **execute_callable_kwargs)
             ^^^^^^^^^^^^^^^^^^^^^^^^^^^^^^^^^^^^^^^^^^^^^^^^^^^^^^^^^^^^^
  File "/home/airflow/.local/lib/python3.12/site-packages/airflow/models/taskinstance.py", line 432, in _execute_callable
    return execute_callable(context=context, **execute_callable_kwargs)
           ^^^^^^^^^^^^^^^^^^^^^^^^^^^^^^^^^^^^^^^^^^^^^^^^^^^^^^^^^^^^
  File "/home/airflow/.local/lib/python3.12/site-packages/airflow/models/baseoperator.py", line 401, in wrapper
    return func(self, *args, **kwargs)
           ^^^^^^^^^^^^^^^^^^^^^^^^^^^
  File "/home/airflow/.local/lib/python3.12/site-packages/airflow/providers/standard/operators/bash.py", line 233, in execute
    raise AirflowException(
airflow.exceptions.AirflowException: Bash command failed. The command returned a non-zero exit code 1.
[2026-03-28T03:42:45.445+0000] {taskinstance.py:1206} INFO - Marking task as FAILED. dag_id=banking_01_bronze_layer, task_id=debug, run_id=scheduled__2026-03-28T02:00:00+00:00, execution_date=20260328T020000, start_date=20260328T034240, end_date=20260328T034245
[2026-03-28T03:42:45.452+0000] {standard_task_runner.py:110} ERROR - Failed to execute job 5817 for task debug (Bash command failed. The command returned a non-zero exit code 1.; 46120)
[2026-03-28T03:42:45.494+0000] {local_task_job_runner.py:243} INFO - Task exited with return code 1
[2026-03-28T03:42:45.511+0000] {taskinstance.py:3503} INFO - 0 downstream tasks scheduled from follow-on schedule check
[2026-03-28T03:42:45.512+0000] {local_task_job_runner.py:222} INFO - ::endgroup::
