[2026-04-04T05:31:05.254+0000] {local_task_job_runner.py:120} INFO - ::group::Pre task execution logs
[2026-04-04T05:31:05.271+0000] {taskinstance.py:2076} INFO - Dependencies all met for dep_context=non-requeueable deps ti=<TaskInstance: banking_01_gold_layer.debug manual__2026-04-04T05:25:04.443649+00:00 [queued]>
[2026-04-04T05:31:05.274+0000] {taskinstance.py:2076} INFO - Dependencies all met for dep_context=requeueable deps ti=<TaskInstance: banking_01_gold_layer.debug manual__2026-04-04T05:25:04.443649+00:00 [queued]>
[2026-04-04T05:31:05.274+0000] {taskinstance.py:2306} INFO - Starting attempt 2 of 2
[2026-04-04T05:31:05.281+0000] {taskinstance.py:2330} INFO - Executing <Task(BashOperator): debug> on 2026-04-04 05:25:04.443649+00:00
[2026-04-04T05:31:05.284+0000] {standard_task_runner.py:64} INFO - Started process 429 to run task
[2026-04-04T05:31:05.287+0000] {standard_task_runner.py:90} INFO - Running: ['***', 'tasks', 'run', 'banking_01_gold_layer', 'debug', 'manual__2026-04-04T05:25:04.443649+00:00', '--job-id', '9673', '--raw', '--subdir', 'DAGS_FOLDER/dbt.py', '--cfg-path', '/tmp/tmp6sqh66i2']
[2026-04-04T05:31:05.289+0000] {standard_task_runner.py:91} INFO - Job 9673: Subtask debug
[2026-04-04T05:31:05.323+0000] {task_command.py:426} INFO - Running <TaskInstance: banking_01_gold_layer.debug manual__2026-04-04T05:25:04.443649+00:00 [running]> on host c990dffe13ae
[2026-04-04T05:31:05.371+0000] {taskinstance.py:2648} INFO - Exporting env vars: AIRFLOW_CTX_DAG_OWNER='risheek' AIRFLOW_CTX_DAG_ID='banking_01_gold_layer' AIRFLOW_CTX_TASK_ID='debug' AIRFLOW_CTX_EXECUTION_DATE='2026-04-04T05:25:04.443649+00:00' AIRFLOW_CTX_TRY_NUMBER='2' AIRFLOW_CTX_DAG_RUN_ID='manual__2026-04-04T05:25:04.443649+00:00'
[2026-04-04T05:31:05.372+0000] {taskinstance.py:430} INFO - ::endgroup::
[2026-04-04T05:31:05.372+0000] {subprocess.py:78} INFO - Tmp dir root location: /tmp
[2026-04-04T05:31:05.373+0000] {subprocess.py:88} INFO - Running command: ['/usr/bin/bash', '-c', 'dbt debug --profiles-dir /opt/***/dbt/trans_snowf']
[2026-04-04T05:31:05.377+0000] {subprocess.py:99} INFO - Output:
[2026-04-04T05:31:06.658+0000] {subprocess.py:106} INFO - [0m05:31:06  Running with dbt=1.11.7
[2026-04-04T05:31:06.665+0000] {subprocess.py:106} INFO - [0m05:31:06  dbt version: 1.11.7
[2026-04-04T05:31:06.666+0000] {subprocess.py:106} INFO - [0m05:31:06  python version: 3.12.4
[2026-04-04T05:31:06.666+0000] {subprocess.py:106} INFO - [0m05:31:06  python path: /home/***/.local/bin/python
[2026-04-04T05:31:06.666+0000] {subprocess.py:106} INFO - [0m05:31:06  os info: Linux-6.12.76-linuxkit-aarch64-with-glibc2.36
[2026-04-04T05:31:07.080+0000] {subprocess.py:106} INFO - [0m05:31:07  Using profiles dir at /opt/***/dbt/trans_snowf
[2026-04-04T05:31:07.080+0000] {subprocess.py:106} INFO - [0m05:31:07  Using profiles.yml file at /opt/***/dbt/trans_snowf/profiles.yml
[2026-04-04T05:31:07.081+0000] {subprocess.py:106} INFO - [0m05:31:07  Using dbt_project.yml file at /opt/***/dbt/trans_snowf/dbt_project.yml
[2026-04-04T05:31:07.081+0000] {subprocess.py:106} INFO - [0m05:31:07  adapter type: snowflake
[2026-04-04T05:31:07.081+0000] {subprocess.py:106} INFO - [0m05:31:07  adapter version: 1.11.3
[2026-04-04T05:31:07.134+0000] {subprocess.py:106} INFO - [0m05:31:07  Configuration:
[2026-04-04T05:31:07.134+0000] {subprocess.py:106} INFO - [0m05:31:07    profiles.yml file [[32mOK found and valid[0m]
[2026-04-04T05:31:07.135+0000] {subprocess.py:106} INFO - [0m05:31:07    dbt_project.yml file [[32mOK found and valid[0m]
[2026-04-04T05:31:07.135+0000] {subprocess.py:106} INFO - [0m05:31:07  Required dependencies:
[2026-04-04T05:31:07.136+0000] {subprocess.py:106} INFO - [0m05:31:07   - git [[31mERROR[0m]
[2026-04-04T05:31:07.136+0000] {subprocess.py:106} INFO - 
[2026-04-04T05:31:07.136+0000] {subprocess.py:106} INFO - [0m05:31:07  Connection:
[2026-04-04T05:31:07.137+0000] {subprocess.py:106} INFO - [0m05:31:07    account: BBMCDSP-CT02489
[2026-04-04T05:31:07.137+0000] {subprocess.py:106} INFO - [0m05:31:07    user: user123
[2026-04-04T05:31:07.138+0000] {subprocess.py:106} INFO - [0m05:31:07    database: BANKING
[2026-04-04T05:31:07.138+0000] {subprocess.py:106} INFO - [0m05:31:07    warehouse: COMPUTE_WH
[2026-04-04T05:31:07.138+0000] {subprocess.py:106} INFO - [0m05:31:07    role: dbtadmin
[2026-04-04T05:31:07.138+0000] {subprocess.py:106} INFO - [0m05:31:07    schema: PUBLIC
[2026-04-04T05:31:07.139+0000] {subprocess.py:106} INFO - [0m05:31:07    authenticator: None
[2026-04-04T05:31:07.139+0000] {subprocess.py:106} INFO - [0m05:31:07    oauth_client_id: None
[2026-04-04T05:31:07.139+0000] {subprocess.py:106} INFO - [0m05:31:07    query_tag: None
[2026-04-04T05:31:07.140+0000] {subprocess.py:106} INFO - [0m05:31:07    client_session_keep_alive: False
[2026-04-04T05:31:07.140+0000] {subprocess.py:106} INFO - [0m05:31:07    host: None
[2026-04-04T05:31:07.140+0000] {subprocess.py:106} INFO - [0m05:31:07    port: None
[2026-04-04T05:31:07.141+0000] {subprocess.py:106} INFO - [0m05:31:07    proxy_host: None
[2026-04-04T05:31:07.141+0000] {subprocess.py:106} INFO - [0m05:31:07    proxy_port: None
[2026-04-04T05:31:07.141+0000] {subprocess.py:106} INFO - [0m05:31:07    protocol: None
[2026-04-04T05:31:07.142+0000] {subprocess.py:106} INFO - [0m05:31:07    connect_retries: 1
[2026-04-04T05:31:07.142+0000] {subprocess.py:106} INFO - [0m05:31:07    connect_timeout: None
[2026-04-04T05:31:07.142+0000] {subprocess.py:106} INFO - [0m05:31:07    retry_on_database_errors: False
[2026-04-04T05:31:07.143+0000] {subprocess.py:106} INFO - [0m05:31:07    retry_all: False
[2026-04-04T05:31:07.143+0000] {subprocess.py:106} INFO - [0m05:31:07    insecure_mode: False
[2026-04-04T05:31:07.143+0000] {subprocess.py:106} INFO - [0m05:31:07    reuse_connections: True
[2026-04-04T05:31:07.143+0000] {subprocess.py:106} INFO - [0m05:31:07    s3_stage_vpce_dns_name: None
[2026-04-04T05:31:07.144+0000] {subprocess.py:106} INFO - [0m05:31:07    platform_detection_timeout_seconds: 0.0
[2026-04-04T05:31:07.144+0000] {subprocess.py:106} INFO - [0m05:31:07  Registered adapter: snowflake=1.11.3
[2026-04-04T05:31:08.080+0000] {subprocess.py:106} INFO - [0m05:31:08    Connection test: [[32mOK connection ok[0m]
[2026-04-04T05:31:08.081+0000] {subprocess.py:106} INFO - 
[2026-04-04T05:31:08.082+0000] {subprocess.py:106} INFO - [0m05:31:08  [31m1 check failed:[0m
[2026-04-04T05:31:08.083+0000] {subprocess.py:106} INFO - [0m05:31:08  Error from git --help: Could not find command, ensure it is in the user's PATH: "git"
[2026-04-04T05:31:08.083+0000] {subprocess.py:106} INFO - 
[2026-04-04T05:31:09.650+0000] {subprocess.py:110} INFO - Command exited with return code 1
[2026-04-04T05:31:09.652+0000] {taskinstance.py:441} INFO - ::group::Post task execution logs
[2026-04-04T05:31:09.665+0000] {taskinstance.py:2905} ERROR - Task failed with exception
Traceback (most recent call last):
  File "/home/airflow/.local/lib/python3.12/site-packages/airflow/models/taskinstance.py", line 465, in _execute_task
    result = _execute_callable(context=context, **execute_callable_kwargs)
             ^^^^^^^^^^^^^^^^^^^^^^^^^^^^^^^^^^^^^^^^^^^^^^^^^^^^^^^^^^^^^
  File "/home/airflow/.local/lib/python3.12/site-packages/airflow/models/taskinstance.py", line 432, in _execute_callable
    return execute_callable(context=context, **execute_callable_kwargs)
           ^^^^^^^^^^^^^^^^^^^^^^^^^^^^^^^^^^^^^^^^^^^^^^^^^^^^^^^^^^^^
  File "/home/airflow/.local/lib/python3.12/site-packages/airflow/models/baseoperator.py", line 401, in wrapper
    return func(self, *args, **kwargs)
           ^^^^^^^^^^^^^^^^^^^^^^^^^^^
  File "/home/airflow/.local/lib/python3.12/site-packages/airflow/providers/standard/operators/bash.py", line 233, in execute
    raise AirflowException(
airflow.exceptions.AirflowException: Bash command failed. The command returned a non-zero exit code 1.
[2026-04-04T05:31:09.669+0000] {taskinstance.py:1206} INFO - Marking task as FAILED. dag_id=banking_01_gold_layer, task_id=debug, run_id=manual__2026-04-04T05:25:04.443649+00:00, execution_date=20260404T052504, start_date=20260404T053105, end_date=20260404T053109
[2026-04-04T05:31:09.681+0000] {standard_task_runner.py:110} ERROR - Failed to execute job 9673 for task debug (Bash command failed. The command returned a non-zero exit code 1.; 429)
[2026-04-04T05:31:09.720+0000] {local_task_job_runner.py:243} INFO - Task exited with return code 1
[2026-04-04T05:31:09.739+0000] {taskinstance.py:3503} INFO - 0 downstream tasks scheduled from follow-on schedule check
[2026-04-04T05:31:09.740+0000] {local_task_job_runner.py:222} INFO - ::endgroup::
