[2026-03-28T19:00:26.526+0000] {local_task_job_runner.py:120} INFO - ::group::Pre task execution logs
[2026-03-28T19:00:26.540+0000] {taskinstance.py:2076} INFO - Dependencies all met for dep_context=non-requeueable deps ti=<TaskInstance: banking_01_bronze_layer.build_bronze_cust scheduled__2026-03-28T18:30:00+00:00 [queued]>
[2026-03-28T19:00:26.544+0000] {taskinstance.py:2076} INFO - Dependencies all met for dep_context=requeueable deps ti=<TaskInstance: banking_01_bronze_layer.build_bronze_cust scheduled__2026-03-28T18:30:00+00:00 [queued]>
[2026-03-28T19:00:26.544+0000] {taskinstance.py:2306} INFO - Starting attempt 1 of 2
[2026-03-28T19:00:26.550+0000] {taskinstance.py:2330} INFO - Executing <Task(BashOperator): build_bronze_cust> on 2026-03-28 18:30:00+00:00
[2026-03-28T19:00:26.553+0000] {standard_task_runner.py:64} INFO - Started process 12077 to run task
[2026-03-28T19:00:26.555+0000] {standard_task_runner.py:90} INFO - Running: ['***', 'tasks', 'run', 'banking_01_bronze_layer', 'build_bronze_cust', 'scheduled__2026-03-28T18:30:00+00:00', '--job-id', '6944', '--raw', '--subdir', 'DAGS_FOLDER/dbt.py', '--cfg-path', '/tmp/tmpy9yclrsl']
[2026-03-28T19:00:26.556+0000] {standard_task_runner.py:91} INFO - Job 6944: Subtask build_bronze_cust
[2026-03-28T19:00:26.580+0000] {task_command.py:426} INFO - Running <TaskInstance: banking_01_bronze_layer.build_bronze_cust scheduled__2026-03-28T18:30:00+00:00 [running]> on host c990dffe13ae
[2026-03-28T19:00:26.622+0000] {taskinstance.py:2648} INFO - Exporting env vars: AIRFLOW_CTX_DAG_OWNER='risheek' AIRFLOW_CTX_DAG_ID='banking_01_bronze_layer' AIRFLOW_CTX_TASK_ID='build_bronze_cust' AIRFLOW_CTX_EXECUTION_DATE='2026-03-28T18:30:00+00:00' AIRFLOW_CTX_TRY_NUMBER='1' AIRFLOW_CTX_DAG_RUN_ID='scheduled__2026-03-28T18:30:00+00:00'
[2026-03-28T19:00:26.623+0000] {taskinstance.py:430} INFO - ::endgroup::
[2026-03-28T19:00:26.623+0000] {subprocess.py:78} INFO - Tmp dir root location: /tmp
[2026-03-28T19:00:26.623+0000] {subprocess.py:88} INFO - Running command: ['/usr/bin/bash', '-c', 'dbt build --select bronze_cust']
[2026-03-28T19:00:26.627+0000] {subprocess.py:99} INFO - Output:
[2026-03-28T19:00:27.795+0000] {subprocess.py:106} INFO - [0m19:00:27  Running with dbt=1.11.7
[2026-03-28T19:00:28.247+0000] {subprocess.py:106} INFO - [0m19:00:28  Registered adapter: snowflake=1.11.3
[2026-03-28T19:00:28.378+0000] {subprocess.py:106} INFO - [0m19:00:28  [[33mWARNING[0m]: Configuration paths exist in your dbt_project.yml file which do not apply to any resources.
[2026-03-28T19:00:28.379+0000] {subprocess.py:106} INFO - There are 1 unused configuration paths:
[2026-03-28T19:00:28.379+0000] {subprocess.py:106} INFO - - models.trans_snowf.example
[2026-03-28T19:00:28.477+0000] {subprocess.py:106} INFO - [0m19:00:28  Found 14 models, 3 sources, 522 macros
[2026-03-28T19:00:28.478+0000] {subprocess.py:106} INFO - [0m19:00:28
[2026-03-28T19:00:28.478+0000] {subprocess.py:106} INFO - [0m19:00:28  Concurrency: 1 threads (target='dev')
[2026-03-28T19:00:28.479+0000] {subprocess.py:106} INFO - [0m19:00:28
[2026-03-28T19:00:34.906+0000] {subprocess.py:106} INFO - [0m19:00:34  1 of 1 START sql incremental model PUBLIC_BRONZE.bronze_cust ................... [RUN]
[2026-03-28T19:00:35.236+0000] {subprocess.py:106} INFO - [0m19:00:35  1 of 1 ERROR creating sql incremental model PUBLIC_BRONZE.bronze_cust .......... [[31mERROR[0m in 0.33s]
[2026-03-28T19:00:35.570+0000] {subprocess.py:106} INFO - [0m19:00:35
[2026-03-28T19:00:35.572+0000] {subprocess.py:106} INFO - [0m19:00:35  Finished running 1 incremental model in 0 hours 0 minutes and 7.09 seconds (7.09s).
[2026-03-28T19:00:35.653+0000] {subprocess.py:106} INFO - [0m19:00:35
[2026-03-28T19:00:35.653+0000] {subprocess.py:106} INFO - [0m19:00:35  [31mCompleted with 1 error, 0 partial successes, and 0 warnings:[0m
[2026-03-28T19:00:35.654+0000] {subprocess.py:106} INFO - [0m19:00:35
[2026-03-28T19:00:35.654+0000] {subprocess.py:106} INFO - [0m19:00:35  [31mFailure in model bronze_cust (models/staging/bronze_cust.sql)[0m
[2026-03-28T19:00:35.655+0000] {subprocess.py:106} INFO - [0m19:00:35    Database Error in model bronze_cust (models/staging/bronze_cust.sql)
[2026-03-28T19:00:35.655+0000] {subprocess.py:106} INFO -   000904 (42000): SQL compilation error: error line 14 at position 8
[2026-03-28T19:00:35.655+0000] {subprocess.py:106} INFO -   invalid identifier 'PAYLOAD'
[2026-03-28T19:00:35.655+0000] {subprocess.py:106} INFO -   compiled code at target/run/trans_snowf/models/staging/bronze_cust.sql
[2026-03-28T19:00:35.655+0000] {subprocess.py:106} INFO - [0m19:00:35
[2026-03-28T19:00:35.655+0000] {subprocess.py:106} INFO - [0m19:00:35    compiled code at target/compiled/trans_snowf/models/staging/bronze_cust.sql
[2026-03-28T19:00:35.655+0000] {subprocess.py:106} INFO - [0m19:00:35
[2026-03-28T19:00:35.656+0000] {subprocess.py:106} INFO - [0m19:00:35  Done. PASS=0 WARN=0 ERROR=1 SKIP=0 NO-OP=0 TOTAL=1
[2026-03-28T19:00:36.625+0000] {subprocess.py:110} INFO - Command exited with return code 1
[2026-03-28T19:00:36.626+0000] {taskinstance.py:441} INFO - ::group::Post task execution logs
[2026-03-28T19:00:36.643+0000] {taskinstance.py:2905} ERROR - Task failed with exception
Traceback (most recent call last):
  File "/home/airflow/.local/lib/python3.12/site-packages/airflow/models/taskinstance.py", line 465, in _execute_task
    result = _execute_callable(context=context, **execute_callable_kwargs)
             ^^^^^^^^^^^^^^^^^^^^^^^^^^^^^^^^^^^^^^^^^^^^^^^^^^^^^^^^^^^^^
  File "/home/airflow/.local/lib/python3.12/site-packages/airflow/models/taskinstance.py", line 432, in _execute_callable
    return execute_callable(context=context, **execute_callable_kwargs)
           ^^^^^^^^^^^^^^^^^^^^^^^^^^^^^^^^^^^^^^^^^^^^^^^^^^^^^^^^^^^^
  File "/home/airflow/.local/lib/python3.12/site-packages/airflow/models/baseoperator.py", line 401, in wrapper
    return func(self, *args, **kwargs)
           ^^^^^^^^^^^^^^^^^^^^^^^^^^^
  File "/home/airflow/.local/lib/python3.12/site-packages/airflow/providers/standard/operators/bash.py", line 233, in execute
    raise AirflowException(
airflow.exceptions.AirflowException: Bash command failed. The command returned a non-zero exit code 1.
[2026-03-28T19:00:36.647+0000] {taskinstance.py:1206} INFO - Marking task as UP_FOR_RETRY. dag_id=banking_01_bronze_layer, task_id=build_bronze_cust, run_id=scheduled__2026-03-28T18:30:00+00:00, execution_date=20260328T183000, start_date=20260328T190026, end_date=20260328T190036
[2026-03-28T19:00:36.661+0000] {standard_task_runner.py:110} ERROR - Failed to execute job 6944 for task build_bronze_cust (Bash command failed. The command returned a non-zero exit code 1.; 12077)
[2026-03-28T19:00:36.670+0000] {local_task_job_runner.py:243} INFO - Task exited with return code 1
[2026-03-28T19:00:36.681+0000] {taskinstance.py:3503} INFO - 0 downstream tasks scheduled from follow-on schedule check
[2026-03-28T19:00:36.682+0000] {local_task_job_runner.py:222} INFO - ::endgroup::
