[2026-04-03T07:01:05.353+0000] {local_task_job_runner.py:120} INFO - ::group::Pre task execution logs
[2026-04-03T07:01:05.368+0000] {taskinstance.py:2076} INFO - Dependencies all met for dep_context=non-requeueable deps ti=<TaskInstance: banking_01_bronze_layer.build_bronze_acc manual__2026-04-03T07:00:50.124303+00:00 [queued]>
[2026-04-03T07:01:05.371+0000] {taskinstance.py:2076} INFO - Dependencies all met for dep_context=requeueable deps ti=<TaskInstance: banking_01_bronze_layer.build_bronze_acc manual__2026-04-03T07:00:50.124303+00:00 [queued]>
[2026-04-03T07:01:05.371+0000] {taskinstance.py:2306} INFO - Starting attempt 1 of 2
[2026-04-03T07:01:05.377+0000] {taskinstance.py:2330} INFO - Executing <Task(BashOperator): build_bronze_acc> on 2026-04-03 07:00:50.124303+00:00
[2026-04-03T07:01:05.378+0000] {standard_task_runner.py:64} INFO - Started process 1964 to run task
[2026-04-03T07:01:05.380+0000] {standard_task_runner.py:90} INFO - Running: ['***', 'tasks', 'run', 'banking_01_bronze_layer', 'build_bronze_acc', 'manual__2026-04-03T07:00:50.124303+00:00', '--job-id', '9629', '--raw', '--subdir', 'DAGS_FOLDER/dbt.py', '--cfg-path', '/tmp/tmp9td7ioew']
[2026-04-03T07:01:05.381+0000] {standard_task_runner.py:91} INFO - Job 9629: Subtask build_bronze_acc
[2026-04-03T07:01:05.407+0000] {task_command.py:426} INFO - Running <TaskInstance: banking_01_bronze_layer.build_bronze_acc manual__2026-04-03T07:00:50.124303+00:00 [running]> on host c990dffe13ae
[2026-04-03T07:01:05.452+0000] {taskinstance.py:2648} INFO - Exporting env vars: AIRFLOW_CTX_DAG_OWNER='risheek' AIRFLOW_CTX_DAG_ID='banking_01_bronze_layer' AIRFLOW_CTX_TASK_ID='build_bronze_acc' AIRFLOW_CTX_EXECUTION_DATE='2026-04-03T07:00:50.124303+00:00' AIRFLOW_CTX_TRY_NUMBER='1' AIRFLOW_CTX_DAG_RUN_ID='manual__2026-04-03T07:00:50.124303+00:00'
[2026-04-03T07:01:05.452+0000] {taskinstance.py:430} INFO - ::endgroup::
[2026-04-03T07:01:05.453+0000] {subprocess.py:78} INFO - Tmp dir root location: /tmp
[2026-04-03T07:01:05.453+0000] {subprocess.py:88} INFO - Running command: ['/usr/bin/bash', '-c', 'dbt build --select bronze_acc']
[2026-04-03T07:01:05.457+0000] {subprocess.py:99} INFO - Output:
[2026-04-03T07:01:06.736+0000] {subprocess.py:106} INFO - [0m07:01:06  Running with dbt=1.11.7
[2026-04-03T07:01:07.250+0000] {subprocess.py:106} INFO - [0m07:01:07  Registered adapter: snowflake=1.11.3
[2026-04-03T07:01:07.385+0000] {subprocess.py:106} INFO - [0m07:01:07  [[33mWARNING[0m]: Configuration paths exist in your dbt_project.yml file which do not apply to any resources.
[2026-04-03T07:01:07.385+0000] {subprocess.py:106} INFO - There are 1 unused configuration paths:
[2026-04-03T07:01:07.386+0000] {subprocess.py:106} INFO - - models.trans_snowf.example
[2026-04-03T07:01:07.482+0000] {subprocess.py:106} INFO - [0m07:01:07  Found 14 models, 3 sources, 524 macros
[2026-04-03T07:01:07.483+0000] {subprocess.py:106} INFO - [0m07:01:07
[2026-04-03T07:01:07.484+0000] {subprocess.py:106} INFO - [0m07:01:07  Concurrency: 1 threads (target='dev')
[2026-04-03T07:01:07.484+0000] {subprocess.py:106} INFO - [0m07:01:07
[2026-04-03T07:01:09.879+0000] {subprocess.py:106} INFO - [0m07:01:09  1 of 1 START sql incremental model PUBLIC_BRONZE.bronze_acc .................... [RUN]
[2026-04-03T07:01:12.342+0000] {subprocess.py:106} INFO - [0m07:01:12  1 of 1 OK created sql incremental model PUBLIC_BRONZE.bronze_acc ............... [[32mSUCCESS 0[0m in 2.46s]
[2026-04-03T07:01:12.582+0000] {subprocess.py:106} INFO - [0m07:01:12
[2026-04-03T07:01:12.583+0000] {subprocess.py:106} INFO - [0m07:01:12  Finished running 1 incremental model in 0 hours 0 minutes and 5.10 seconds (5.10s).
[2026-04-03T07:01:12.645+0000] {subprocess.py:106} INFO - [0m07:01:12
[2026-04-03T07:01:12.645+0000] {subprocess.py:106} INFO - [0m07:01:12  [32mCompleted successfully[0m
[2026-04-03T07:01:12.646+0000] {subprocess.py:106} INFO - [0m07:01:12
[2026-04-03T07:01:12.646+0000] {subprocess.py:106} INFO - [0m07:01:12  Done. PASS=1 WARN=0 ERROR=0 SKIP=0 NO-OP=0 TOTAL=1
[2026-04-03T07:01:18.563+0000] {subprocess.py:110} INFO - Command exited with return code 0
[2026-04-03T07:01:18.565+0000] {taskinstance.py:441} INFO - ::group::Post task execution logs
[2026-04-03T07:01:18.599+0000] {taskinstance.py:1206} INFO - Marking task as SUCCESS. dag_id=banking_01_bronze_layer, task_id=build_bronze_acc, run_id=manual__2026-04-03T07:00:50.124303+00:00, execution_date=20260403T070050, start_date=20260403T070105, end_date=20260403T070118
[2026-04-03T07:01:18.631+0000] {local_task_job_runner.py:243} INFO - Task exited with return code 0
[2026-04-03T07:01:18.648+0000] {taskinstance.py:3503} INFO - 0 downstream tasks scheduled from follow-on schedule check
[2026-04-03T07:01:18.649+0000] {local_task_job_runner.py:222} INFO - ::endgroup::
