[2026-03-28T04:52:42.936+0000] {local_task_job_runner.py:120} INFO - ::group::Pre task execution logs
[2026-03-28T04:52:42.953+0000] {taskinstance.py:2076} INFO - Dependencies all met for dep_context=non-requeueable deps ti=<TaskInstance: transfer_from_minio_to_snowflake_transactions.create_raw scheduled__2026-03-28T04:26:00+00:00 [queued]>
[2026-03-28T04:52:42.956+0000] {taskinstance.py:2076} INFO - Dependencies all met for dep_context=requeueable deps ti=<TaskInstance: transfer_from_minio_to_snowflake_transactions.create_raw scheduled__2026-03-28T04:26:00+00:00 [queued]>
[2026-03-28T04:52:42.956+0000] {taskinstance.py:2306} INFO - Starting attempt 1 of 3
[2026-03-28T04:52:42.961+0000] {taskinstance.py:2330} INFO - Executing <Task(SQLExecuteQueryOperator): create_raw> on 2026-03-28 04:26:00+00:00
[2026-03-28T04:52:42.968+0000] {standard_task_runner.py:90} INFO - Running: ['***', 'tasks', 'run', 'transfer_from_minio_to_snowflake_transactions', 'create_raw', 'scheduled__2026-03-28T04:26:00+00:00', '--job-id', '6247', '--raw', '--subdir', 'DAGS_FOLDER/transfer.py', '--cfg-path', '/tmp/tmpw_7sphbz']
[2026-03-28T04:52:42.971+0000] {standard_task_runner.py:91} INFO - Job 6247: Subtask create_raw
[2026-03-28T04:52:42.971+0000] {logging_mixin.py:188} WARNING - /home/***/.local/lib/python3.12/site-packages/***/task/task_runner/standard_task_runner.py:62 DeprecationWarning: This process (pid=54484) is multi-threaded, use of fork() may lead to deadlocks in the child.
[2026-03-28T04:52:42.973+0000] {standard_task_runner.py:64} INFO - Started process 54496 to run task
[2026-03-28T04:52:43.005+0000] {task_command.py:426} INFO - Running <TaskInstance: transfer_from_minio_to_snowflake_transactions.create_raw scheduled__2026-03-28T04:26:00+00:00 [running]> on host c990dffe13ae
[2026-03-28T04:52:43.154+0000] {taskinstance.py:2648} INFO - Exporting env vars: AIRFLOW_CTX_DAG_OWNER='***' AIRFLOW_CTX_DAG_ID='transfer_from_minio_to_snowflake_transactions' AIRFLOW_CTX_TASK_ID='create_raw' AIRFLOW_CTX_EXECUTION_DATE='2026-03-28T04:26:00+00:00' AIRFLOW_CTX_TRY_NUMBER='1' AIRFLOW_CTX_DAG_RUN_ID='scheduled__2026-03-28T04:26:00+00:00'
[2026-03-28T04:52:43.155+0000] {taskinstance.py:430} INFO - ::endgroup::
[2026-03-28T04:52:43.155+0000] {sql.py:282} INFO - Executing:  CREATE TABLE IF NOT EXISTS RAW_TRANSACTIONS (
                    raw_json VARIANT,
                    inserted_at TIMESTAMP_NTZ DEFAULT CURRENT_TIMESTAMP());
                  
[2026-03-28T04:52:43.161+0000] {base.py:84} INFO - Using connection ID 'warehouse_id' for task execution.
[2026-03-28T04:52:43.194+0000] {base.py:84} INFO - Using connection ID 'warehouse_id' for task execution.
[2026-03-28T04:52:43.231+0000] {connection.py:613} INFO - Snowflake Connector for Python Version: 4.3.0, Python Version: 3.12.4, Platform: Linux-6.12.76-linuxkit-aarch64-with-glibc2.36
[2026-03-28T04:52:43.232+0000] {connection.py:1709} INFO - Connecting to GLOBAL Snowflake domain
[2026-03-28T04:52:43.395+0000] {connectionpool.py:868} WARNING - Retrying (Retry(total=0, connect=None, read=None, redirect=None, status=None)) after connection broken by 'NameResolutionError("HTTPSConnection(host='bbmcdsp-ct02489.snowflakecomputing.com', port=443): Failed to resolve 'bbmcdsp-ct02489.snowflakecomputing.com' ([Errno -2] Name or service not known)")': /session/v1/login-request?request_id=044ba4ac-6441-46f7-8645-8fa610c00c19&databaseName=BANKING&schemaName=PUBLIC&warehouse=COMPUTE_WH&roleName=***&request_guid=7d0ecea7-423e-4314-9d6f-cc14c83ff36c
[2026-03-28T04:52:44.495+0000] {connectionpool.py:868} WARNING - Retrying (Retry(total=0, connect=None, read=None, redirect=None, status=None)) after connection broken by 'NameResolutionError("HTTPSConnection(host='bbmcdsp-ct02489.snowflakecomputing.com', port=443): Failed to resolve 'bbmcdsp-ct02489.snowflakecomputing.com' ([Errno -2] Name or service not known)")': /session/v1/login-request?request_id=a90bc7ee-e37d-46aa-826b-8eaa68310d69&databaseName=BANKING&schemaName=PUBLIC&warehouse=COMPUTE_WH&roleName=***&request_guid=62c17f5e-d226-4ddd-9c7f-9e690165c29c
[2026-03-28T04:52:46.592+0000] {connectionpool.py:868} WARNING - Retrying (Retry(total=0, connect=None, read=None, redirect=None, status=None)) after connection broken by 'NameResolutionError("HTTPSConnection(host='bbmcdsp-ct02489.snowflakecomputing.com', port=443): Failed to resolve 'bbmcdsp-ct02489.snowflakecomputing.com' ([Errno -2] Name or service not known)")': /session/v1/login-request?request_id=4996719a-23db-4ebb-85a2-5d43fd4cbc4e&databaseName=BANKING&schemaName=PUBLIC&warehouse=COMPUTE_WH&roleName=***&request_guid=9b854356-b8a0-4866-b5da-17211feae35d
[2026-03-28T04:52:47.686+0000] {connectionpool.py:868} WARNING - Retrying (Retry(total=0, connect=None, read=None, redirect=None, status=None)) after connection broken by 'NameResolutionError("HTTPSConnection(host='bbmcdsp-ct02489.snowflakecomputing.com', port=443): Failed to resolve 'bbmcdsp-ct02489.snowflakecomputing.com' ([Errno -2] Name or service not known)")': /session/v1/login-request?request_id=a2c5b5f8-768c-400f-a4d6-cdf7249152c2&databaseName=BANKING&schemaName=PUBLIC&warehouse=COMPUTE_WH&roleName=***&request_guid=15323f32-f7d3-4fa3-82d2-33a275f5f149
[2026-03-28T04:52:50.792+0000] {connectionpool.py:868} WARNING - Retrying (Retry(total=0, connect=None, read=None, redirect=None, status=None)) after connection broken by 'NameResolutionError("HTTPSConnection(host='bbmcdsp-ct02489.snowflakecomputing.com', port=443): Failed to resolve 'bbmcdsp-ct02489.snowflakecomputing.com' ([Errno -2] Name or service not known)")': /session/v1/login-request?request_id=5f7dade0-8f1e-443a-ba0e-1e4affa63bb8&databaseName=BANKING&schemaName=PUBLIC&warehouse=COMPUTE_WH&roleName=***&request_guid=4afa086e-2ca3-4f06-adf2-6e9964b1a288
[2026-03-28T05:00:58.664+0000] {connectionpool.py:868} WARNING - Retrying (Retry(total=0, connect=None, read=None, redirect=None, status=None)) after connection broken by 'NameResolutionError("HTTPSConnection(host='bbmcdsp-ct02489.snowflakecomputing.com', port=443): Failed to resolve 'bbmcdsp-ct02489.snowflakecomputing.com' ([Errno -2] Name or service not known)")': /session/v1/login-request?request_id=f115e37e-da06-48a2-8bc5-056dacf7e7e8&databaseName=BANKING&schemaName=PUBLIC&warehouse=COMPUTE_WH&roleName=***&request_guid=c4092183-66a0-4464-8691-45e70ad73f9a
[2026-03-28T05:00:58.671+0000] {taskinstance.py:441} INFO - ::group::Post task execution logs
[2026-03-28T05:00:58.672+0000] {taskinstance.py:2905} ERROR - Task failed with exception
Traceback (most recent call last):
  File "/home/airflow/.local/lib/python3.12/site-packages/snowflake/connector/vendored/urllib3/connection.py", line 204, in _new_conn
    sock = connection.create_connection(
           ^^^^^^^^^^^^^^^^^^^^^^^^^^^^^
  File "/home/airflow/.local/lib/python3.12/site-packages/snowflake/connector/vendored/urllib3/util/connection.py", line 60, in create_connection
    for res in socket.getaddrinfo(host, port, family, socket.SOCK_STREAM):
               ^^^^^^^^^^^^^^^^^^^^^^^^^^^^^^^^^^^^^^^^^^^^^^^^^^^^^^^^^^
  File "/usr/local/lib/python3.12/socket.py", line 964, in getaddrinfo
    for res in _socket.getaddrinfo(host, port, family, type, proto, flags):
               ^^^^^^^^^^^^^^^^^^^^^^^^^^^^^^^^^^^^^^^^^^^^^^^^^^^^^^^^^^^
socket.gaierror: [Errno -2] Name or service not known

The above exception was the direct cause of the following exception:

Traceback (most recent call last):
  File "/home/airflow/.local/lib/python3.12/site-packages/snowflake/connector/vendored/urllib3/connectionpool.py", line 787, in urlopen
    response = self._make_request(
               ^^^^^^^^^^^^^^^^^^^
  File "/home/airflow/.local/lib/python3.12/site-packages/snowflake/connector/vendored/urllib3/connectionpool.py", line 488, in _make_request
    raise new_e
  File "/home/airflow/.local/lib/python3.12/site-packages/snowflake/connector/vendored/urllib3/connectionpool.py", line 464, in _make_request
    self._validate_conn(conn)
  File "/home/airflow/.local/lib/python3.12/site-packages/snowflake/connector/vendored/urllib3/connectionpool.py", line 1093, in _validate_conn
    conn.connect()
  File "/home/airflow/.local/lib/python3.12/site-packages/snowflake/connector/vendored/urllib3/connection.py", line 768, in connect
    self.sock = sock = self._new_conn()
                       ^^^^^^^^^^^^^^^^
  File "/home/airflow/.local/lib/python3.12/site-packages/snowflake/connector/vendored/urllib3/connection.py", line 211, in _new_conn
    raise NameResolutionError(self.host, self, e) from e
snowflake.connector.vendored.urllib3.exceptions.NameResolutionError: HTTPSConnection(host='bbmcdsp-ct02489.snowflakecomputing.com', port=443): Failed to resolve 'bbmcdsp-ct02489.snowflakecomputing.com' ([Errno -2] Name or service not known)

The above exception was the direct cause of the following exception:

Traceback (most recent call last):
  File "/home/airflow/.local/lib/python3.12/site-packages/snowflake/connector/vendored/requests/adapters.py", line 644, in send
    resp = conn.urlopen(
           ^^^^^^^^^^^^^
  File "/home/airflow/.local/lib/python3.12/site-packages/snowflake/connector/vendored/urllib3/connectionpool.py", line 871, in urlopen
    return self.urlopen(
           ^^^^^^^^^^^^^
  File "/home/airflow/.local/lib/python3.12/site-packages/snowflake/connector/vendored/urllib3/connectionpool.py", line 841, in urlopen
    retries = retries.increment(
              ^^^^^^^^^^^^^^^^^^
  File "/home/airflow/.local/lib/python3.12/site-packages/snowflake/connector/vendored/urllib3/util/retry.py", line 535, in increment
    raise MaxRetryError(_pool, url, reason) from reason  # type: ignore[arg-type]
    ^^^^^^^^^^^^^^^^^^^^^^^^^^^^^^^^^^^^^^^^^^^^^^^^^^^
snowflake.connector.vendored.urllib3.exceptions.MaxRetryError: HTTPSConnectionPool(host='bbmcdsp-ct02489.snowflakecomputing.com', port=443): Max retries exceeded with url: /session/v1/login-request?request_id=044ba4ac-6441-46f7-8645-8fa610c00c19&databaseName=BANKING&schemaName=PUBLIC&warehouse=COMPUTE_WH&roleName=***&request_guid=7d0ecea7-423e-4314-9d6f-cc14c83ff36c (Caused by NameResolutionError("HTTPSConnection(host='bbmcdsp-ct02489.snowflakecomputing.com', port=443): Failed to resolve 'bbmcdsp-ct02489.snowflakecomputing.com' ([Errno -2] Name or service not known)"))

During handling of the above exception, another exception occurred:

Traceback (most recent call last):
  File "/home/airflow/.local/lib/python3.12/site-packages/snowflake/connector/network.py", line 1109, in _request_exec
    raw_ret = session.request(
              ^^^^^^^^^^^^^^^^
  File "/home/airflow/.local/lib/python3.12/site-packages/snowflake/connector/vendored/requests/sessions.py", line 589, in request
    resp = self.send(prep, **send_kwargs)
           ^^^^^^^^^^^^^^^^^^^^^^^^^^^^^^
  File "/home/airflow/.local/lib/python3.12/site-packages/snowflake/connector/vendored/requests/sessions.py", line 703, in send
    r = adapter.send(request, **kwargs)
        ^^^^^^^^^^^^^^^^^^^^^^^^^^^^^^^
  File "/home/airflow/.local/lib/python3.12/site-packages/snowflake/connector/vendored/requests/adapters.py", line 677, in send
    raise ConnectionError(e, request=request)
snowflake.connector.vendored.requests.exceptions.ConnectionError: HTTPSConnectionPool(host='bbmcdsp-ct02489.snowflakecomputing.com', port=443): Max retries exceeded with url: /session/v1/login-request?request_id=044ba4ac-6441-46f7-8645-8fa610c00c19&databaseName=BANKING&schemaName=PUBLIC&warehouse=COMPUTE_WH&roleName=***&request_guid=7d0ecea7-423e-4314-9d6f-cc14c83ff36c (Caused by NameResolutionError("HTTPSConnection(host='bbmcdsp-ct02489.snowflakecomputing.com', port=443): Failed to resolve 'bbmcdsp-ct02489.snowflakecomputing.com' ([Errno -2] Name or service not known)"))

During handling of the above exception, another exception occurred:

Traceback (most recent call last):
  File "/home/airflow/.local/lib/python3.12/site-packages/snowflake/connector/connection.py", line 1984, in _authenticate
    auth.authenticate(
  File "/home/airflow/.local/lib/python3.12/site-packages/snowflake/connector/auth/_auth.py", line 273, in authenticate
    ret = self._rest._post_request(
          ^^^^^^^^^^^^^^^^^^^^^^^^^
  File "/home/airflow/.local/lib/python3.12/site-packages/snowflake/connector/network.py", line 754, in _post_request
    ret = self.fetch(
          ^^^^^^^^^^^
  File "/home/airflow/.local/lib/python3.12/site-packages/snowflake/connector/network.py", line 873, in fetch
    ret = self._request_exec_wrapper(
          ^^^^^^^^^^^^^^^^^^^^^^^^^^^
  File "/home/airflow/.local/lib/python3.12/site-packages/snowflake/connector/network.py", line 1014, in _request_exec_wrapper
    raise e
  File "/home/airflow/.local/lib/python3.12/site-packages/snowflake/connector/network.py", line 924, in _request_exec_wrapper
    return_object = self._request_exec(
                    ^^^^^^^^^^^^^^^^^^^
  File "/home/airflow/.local/lib/python3.12/site-packages/snowflake/connector/network.py", line 1209, in _request_exec
    raise OperationalError(
snowflake.connector.errors.OperationalError: 251011: 251011: ConnectionTimeout occurred during login. Will be handled by authenticator

The above exception was the direct cause of the following exception:

Traceback (most recent call last):
  File "/home/airflow/.local/lib/python3.12/site-packages/airflow/models/taskinstance.py", line 465, in _execute_task
    result = _execute_callable(context=context, **execute_callable_kwargs)
             ^^^^^^^^^^^^^^^^^^^^^^^^^^^^^^^^^^^^^^^^^^^^^^^^^^^^^^^^^^^^^
  File "/home/airflow/.local/lib/python3.12/site-packages/airflow/models/taskinstance.py", line 432, in _execute_callable
    return execute_callable(context=context, **execute_callable_kwargs)
           ^^^^^^^^^^^^^^^^^^^^^^^^^^^^^^^^^^^^^^^^^^^^^^^^^^^^^^^^^^^^
  File "/home/airflow/.local/lib/python3.12/site-packages/airflow/models/baseoperator.py", line 401, in wrapper
    return func(self, *args, **kwargs)
           ^^^^^^^^^^^^^^^^^^^^^^^^^^^
  File "/home/airflow/.local/lib/python3.12/site-packages/airflow/providers/common/sql/operators/sql.py", line 288, in execute
    output = hook.run(
             ^^^^^^^^^
  File "/home/airflow/.local/lib/python3.12/site-packages/airflow/providers/snowflake/hooks/snowflake.py", line 404, in run
    with closing(self.get_conn()) as conn:
                 ^^^^^^^^^^^^^^^
  File "/home/airflow/.local/lib/python3.12/site-packages/airflow/providers/snowflake/hooks/snowflake.py", line 300, in get_conn
    conn = connector.connect(**conn_config)
           ^^^^^^^^^^^^^^^^^^^^^^^^^^^^^^^^
  File "/home/airflow/.local/lib/python3.12/site-packages/snowflake/connector/__init__.py", line 64, in Connect
    return SnowflakeConnection(**kwargs)
           ^^^^^^^^^^^^^^^^^^^^^^^^^^^^^
  File "/home/airflow/.local/lib/python3.12/site-packages/snowflake/connector/connection.py", line 681, in __init__
    self.connect(**kwargs)
  File "/home/airflow/.local/lib/python3.12/site-packages/snowflake/connector/connection.py", line 1177, in connect
    self.__open_connection()
  File "/home/airflow/.local/lib/python3.12/site-packages/snowflake/connector/connection.py", line 1616, in __open_connection
    self.authenticate_with_retry(self.auth_class)
  File "/home/airflow/.local/lib/python3.12/site-packages/snowflake/connector/connection.py", line 1952, in authenticate_with_retry
    self._authenticate(auth_instance)
  File "/home/airflow/.local/lib/python3.12/site-packages/snowflake/connector/connection.py", line 2030, in _authenticate
    raise auth_op from e
  File "/home/airflow/.local/lib/python3.12/site-packages/snowflake/connector/connection.py", line 2005, in _authenticate
    auth_instance.handle_timeout(
  File "/home/airflow/.local/lib/python3.12/site-packages/snowflake/connector/auth/keypair.py", line 209, in handle_timeout
    super().handle_timeout(
  File "/home/airflow/.local/lib/python3.12/site-packages/snowflake/connector/auth/by_plugin.py", line 212, in handle_timeout
    raise error
snowflake.connector.errors.OperationalError: 250001: 250001: Could not connect to Snowflake backend after 6 attempt(s).Aborting
[2026-03-28T05:00:58.692+0000] {taskinstance.py:1206} INFO - Marking task as UP_FOR_RETRY. dag_id=transfer_from_minio_to_snowflake_transactions, task_id=create_raw, run_id=scheduled__2026-03-28T04:26:00+00:00, execution_date=20260328T042600, start_date=20260328T045242, end_date=20260328T050058
[2026-03-28T05:00:58.708+0000] {standard_task_runner.py:110} ERROR - Failed to execute job 6247 for task create_raw (250001: 250001: Could not connect to Snowflake backend after 6 attempt(s).Aborting; 54496)
[2026-03-28T05:00:58.722+0000] {local_task_job_runner.py:243} INFO - Task exited with return code 1
[2026-03-28T05:00:58.747+0000] {taskinstance.py:3503} INFO - 0 downstream tasks scheduled from follow-on schedule check
[2026-03-28T05:00:58.748+0000] {local_task_job_runner.py:222} INFO - ::endgroup::
