[2026-03-27T17:35:31.758+0000] {local_task_job_runner.py:120} INFO - ::group::Pre task execution logs
[2026-03-27T17:35:31.777+0000] {taskinstance.py:2076} INFO - Dependencies all met for dep_context=non-requeueable deps ti=<TaskInstance: banking_01_bronze_layer.build_bronze_acc scheduled__2026-03-27T12:30:00+00:00 [queued]>
[2026-03-27T17:35:31.781+0000] {taskinstance.py:2076} INFO - Dependencies all met for dep_context=requeueable deps ti=<TaskInstance: banking_01_bronze_layer.build_bronze_acc scheduled__2026-03-27T12:30:00+00:00 [queued]>
[2026-03-27T17:35:31.781+0000] {taskinstance.py:2306} INFO - Starting attempt 2 of 2
[2026-03-27T17:35:31.788+0000] {taskinstance.py:2330} INFO - Executing <Task(BashOperator): build_bronze_acc> on 2026-03-27 12:30:00+00:00
[2026-03-27T17:35:31.791+0000] {standard_task_runner.py:64} INFO - Started process 39267 to run task
[2026-03-27T17:35:31.794+0000] {standard_task_runner.py:90} INFO - Running: ['***', 'tasks', 'run', 'banking_01_bronze_layer', 'build_bronze_acc', 'scheduled__2026-03-27T12:30:00+00:00', '--job-id', '5485', '--raw', '--subdir', 'DAGS_FOLDER/dbt.py', '--cfg-path', '/tmp/tmp7yixeuw9']
[2026-03-27T17:35:31.796+0000] {standard_task_runner.py:91} INFO - Job 5485: Subtask build_bronze_acc
[2026-03-27T17:35:31.831+0000] {task_command.py:426} INFO - Running <TaskInstance: banking_01_bronze_layer.build_bronze_acc scheduled__2026-03-27T12:30:00+00:00 [running]> on host c990dffe13ae
[2026-03-27T17:35:31.883+0000] {taskinstance.py:2648} INFO - Exporting env vars: AIRFLOW_CTX_DAG_OWNER='risheek' AIRFLOW_CTX_DAG_ID='banking_01_bronze_layer' AIRFLOW_CTX_TASK_ID='build_bronze_acc' AIRFLOW_CTX_EXECUTION_DATE='2026-03-27T12:30:00+00:00' AIRFLOW_CTX_TRY_NUMBER='2' AIRFLOW_CTX_DAG_RUN_ID='scheduled__2026-03-27T12:30:00+00:00'
[2026-03-27T17:35:31.884+0000] {taskinstance.py:430} INFO - ::endgroup::
[2026-03-27T17:35:31.885+0000] {subprocess.py:78} INFO - Tmp dir root location: /tmp
[2026-03-27T17:35:31.886+0000] {subprocess.py:88} INFO - Running command: ['/usr/bin/bash', '-c', 'dbt build --select bronze_acc']
[2026-03-27T17:35:31.890+0000] {subprocess.py:99} INFO - Output:
[2026-03-27T17:35:33.234+0000] {subprocess.py:106} INFO - [0m17:35:33  Running with dbt=1.11.7
[2026-03-27T17:35:33.768+0000] {subprocess.py:106} INFO - [0m17:35:33  Registered adapter: snowflake=1.11.3
[2026-03-27T17:35:33.916+0000] {subprocess.py:106} INFO - [0m17:35:33  [[33mWARNING[0m]: Configuration paths exist in your dbt_project.yml file which do not apply to any resources.
[2026-03-27T17:35:33.916+0000] {subprocess.py:106} INFO - There are 1 unused configuration paths:
[2026-03-27T17:35:33.916+0000] {subprocess.py:106} INFO - - models.trans_snowf.example
[2026-03-27T17:35:34.028+0000] {subprocess.py:106} INFO - [0m17:35:34  Found 14 models, 3 sources, 522 macros
[2026-03-27T17:35:34.030+0000] {subprocess.py:106} INFO - [0m17:35:34
[2026-03-27T17:35:34.030+0000] {subprocess.py:106} INFO - [0m17:35:34  Concurrency: 1 threads (target='dev')
[2026-03-27T17:35:34.031+0000] {subprocess.py:106} INFO - [0m17:35:34
[2026-03-27T17:51:01.156+0000] {subprocess.py:106} INFO - [0m17:51:01
[2026-03-27T17:51:01.159+0000] {subprocess.py:106} INFO - [0m17:51:01  Finished running  in 0 hours 15 minutes and 27.12 seconds (927.12s).
[2026-03-27T17:51:01.160+0000] {subprocess.py:106} INFO - [0m17:51:01  Encountered an error:
[2026-03-27T17:51:01.161+0000] {subprocess.py:106} INFO - Runtime Error
[2026-03-27T17:51:01.161+0000] {subprocess.py:106} INFO -   Database error while listing schemas in database "BANKING"
[2026-03-27T17:51:01.162+0000] {subprocess.py:106} INFO -   Database Error
[2026-03-27T17:51:01.163+0000] {subprocess.py:106} INFO -     250001 (08001): Failed to connect to DB: BBMCDSP-CT02489.snowflakecomputing.com:443. JWT token is invalid. [f7f2ce23-6c1f-47e9-93fc-dbb8b6b05bf8]
[2026-03-27T17:51:02.910+0000] {subprocess.py:110} INFO - Command exited with return code 2
[2026-03-27T17:51:02.911+0000] {taskinstance.py:441} INFO - ::group::Post task execution logs
[2026-03-27T17:51:02.925+0000] {taskinstance.py:2905} ERROR - Task failed with exception
Traceback (most recent call last):
  File "/home/airflow/.local/lib/python3.12/site-packages/airflow/models/taskinstance.py", line 465, in _execute_task
    result = _execute_callable(context=context, **execute_callable_kwargs)
             ^^^^^^^^^^^^^^^^^^^^^^^^^^^^^^^^^^^^^^^^^^^^^^^^^^^^^^^^^^^^^
  File "/home/airflow/.local/lib/python3.12/site-packages/airflow/models/taskinstance.py", line 432, in _execute_callable
    return execute_callable(context=context, **execute_callable_kwargs)
           ^^^^^^^^^^^^^^^^^^^^^^^^^^^^^^^^^^^^^^^^^^^^^^^^^^^^^^^^^^^^
  File "/home/airflow/.local/lib/python3.12/site-packages/airflow/models/baseoperator.py", line 401, in wrapper
    return func(self, *args, **kwargs)
           ^^^^^^^^^^^^^^^^^^^^^^^^^^^
  File "/home/airflow/.local/lib/python3.12/site-packages/airflow/providers/standard/operators/bash.py", line 233, in execute
    raise AirflowException(
airflow.exceptions.AirflowException: Bash command failed. The command returned a non-zero exit code 2.
[2026-03-27T17:51:02.929+0000] {taskinstance.py:1206} INFO - Marking task as FAILED. dag_id=banking_01_bronze_layer, task_id=build_bronze_acc, run_id=scheduled__2026-03-27T12:30:00+00:00, execution_date=20260327T123000, start_date=20260327T173531, end_date=20260327T175102
[2026-03-27T17:51:02.942+0000] {standard_task_runner.py:110} ERROR - Failed to execute job 5485 for task build_bronze_acc (Bash command failed. The command returned a non-zero exit code 2.; 39267)
[2026-03-27T17:51:02.974+0000] {local_task_job_runner.py:243} INFO - Task exited with return code 1
[2026-03-27T17:51:02.987+0000] {taskinstance.py:3503} INFO - 0 downstream tasks scheduled from follow-on schedule check
[2026-03-27T17:51:02.988+0000] {local_task_job_runner.py:222} INFO - ::endgroup::
