[2026-03-27T11:42:08.900+0000] {local_task_job_runner.py:120} INFO - ::group::Pre task execution logs
[2026-03-27T11:42:08.914+0000] {taskinstance.py:2076} INFO - Dependencies all met for dep_context=non-requeueable deps ti=<TaskInstance: transfer_from_minio_to_snowflake_accounts.create_raw scheduled__2026-03-27T11:41:00+00:00 [queued]>
[2026-03-27T11:42:08.917+0000] {taskinstance.py:2076} INFO - Dependencies all met for dep_context=requeueable deps ti=<TaskInstance: transfer_from_minio_to_snowflake_accounts.create_raw scheduled__2026-03-27T11:41:00+00:00 [queued]>
[2026-03-27T11:42:08.917+0000] {taskinstance.py:2306} INFO - Starting attempt 1 of 3
[2026-03-27T11:42:08.922+0000] {taskinstance.py:2330} INFO - Executing <Task(SQLExecuteQueryOperator): create_raw> on 2026-03-27 11:41:00+00:00
[2026-03-27T11:42:08.926+0000] {standard_task_runner.py:90} INFO - Running: ['***', 'tasks', 'run', 'transfer_from_minio_to_snowflake_accounts', 'create_raw', 'scheduled__2026-03-27T11:41:00+00:00', '--job-id', '5276', '--raw', '--subdir', 'DAGS_FOLDER/transfer.py', '--cfg-path', '/tmp/tmp731rj2on']
[2026-03-27T11:42:08.928+0000] {standard_task_runner.py:91} INFO - Job 5276: Subtask create_raw
[2026-03-27T11:42:08.928+0000] {logging_mixin.py:188} WARNING - /home/***/.local/lib/python3.12/site-packages/***/task/task_runner/standard_task_runner.py:62 DeprecationWarning: This process (pid=34947) is multi-threaded, use of fork() may lead to deadlocks in the child.
[2026-03-27T11:42:08.930+0000] {standard_task_runner.py:64} INFO - Started process 34959 to run task
[2026-03-27T11:42:08.956+0000] {task_command.py:426} INFO - Running <TaskInstance: transfer_from_minio_to_snowflake_accounts.create_raw scheduled__2026-03-27T11:41:00+00:00 [running]> on host c990dffe13ae
[2026-03-27T11:42:09.081+0000] {taskinstance.py:2648} INFO - Exporting env vars: AIRFLOW_CTX_DAG_OWNER='***' AIRFLOW_CTX_DAG_ID='transfer_from_minio_to_snowflake_accounts' AIRFLOW_CTX_TASK_ID='create_raw' AIRFLOW_CTX_EXECUTION_DATE='2026-03-27T11:41:00+00:00' AIRFLOW_CTX_TRY_NUMBER='1' AIRFLOW_CTX_DAG_RUN_ID='scheduled__2026-03-27T11:41:00+00:00'
[2026-03-27T11:42:09.081+0000] {taskinstance.py:430} INFO - ::endgroup::
[2026-03-27T11:42:09.081+0000] {sql.py:282} INFO - Executing:  CREATE TABLE IF NOT EXISTS RAW_ACCOUNTS (
                    raw_json VARIANT,
                    inserted_at TIMESTAMP_NTZ DEFAULT CURRENT_TIMESTAMP());
                  
[2026-03-27T11:42:09.086+0000] {base.py:84} INFO - Using connection ID 'warehouse_id' for task execution.
[2026-03-27T11:42:09.113+0000] {base.py:84} INFO - Using connection ID 'warehouse_id' for task execution.
[2026-03-27T11:42:09.149+0000] {connection.py:613} INFO - Snowflake Connector for Python Version: 4.3.0, Python Version: 3.12.4, Platform: Linux-6.12.76-linuxkit-aarch64-with-glibc2.36
[2026-03-27T11:42:09.150+0000] {connection.py:1709} INFO - Connecting to GLOBAL Snowflake domain
[2026-03-27T11:42:09.961+0000] {sql.py:495} INFO - Running statement: CREATE TABLE IF NOT EXISTS RAW_ACCOUNTS (
                    raw_json VARIANT,
                    inserted_at TIMESTAMP_NTZ DEFAULT CURRENT_TIMESTAMP());, parameters: None
[2026-03-27T11:42:10.130+0000] {sql.py:504} INFO - Rows affected: 1
[2026-03-27T11:42:10.132+0000] {snowflake.py:422} INFO - Rows affected: 1
[2026-03-27T11:42:10.132+0000] {snowflake.py:423} INFO - Snowflake query id: 01c34e9e-3202-7c30-0014-90e600049532
[2026-03-27T11:42:11.114+0000] {taskinstance.py:441} INFO - ::group::Post task execution logs
[2026-03-27T11:42:11.156+0000] {taskinstance.py:1206} INFO - Marking task as SUCCESS. dag_id=transfer_from_minio_to_snowflake_accounts, task_id=create_raw, run_id=scheduled__2026-03-27T11:41:00+00:00, execution_date=20260327T114100, start_date=20260327T114208, end_date=20260327T114211
[2026-03-27T11:42:11.184+0000] {local_task_job_runner.py:243} INFO - Task exited with return code 0
[2026-03-27T11:42:11.205+0000] {taskinstance.py:3503} INFO - 1 downstream tasks scheduled from follow-on schedule check
[2026-03-27T11:42:11.206+0000] {local_task_job_runner.py:222} INFO - ::endgroup::
