[2026-03-30T07:00:48.714+0000] {local_task_job_runner.py:120} INFO - ::group::Pre task execution logs
[2026-03-30T07:00:48.730+0000] {taskinstance.py:2076} INFO - Dependencies all met for dep_context=non-requeueable deps ti=<TaskInstance: banking_01_bronze_layer.build_bronze_acc scheduled__2026-03-30T06:30:00+00:00 [queued]>
[2026-03-30T07:00:48.734+0000] {taskinstance.py:2076} INFO - Dependencies all met for dep_context=requeueable deps ti=<TaskInstance: banking_01_bronze_layer.build_bronze_acc scheduled__2026-03-30T06:30:00+00:00 [queued]>
[2026-03-30T07:00:48.734+0000] {taskinstance.py:2306} INFO - Starting attempt 1 of 2
[2026-03-30T07:00:48.740+0000] {taskinstance.py:2330} INFO - Executing <Task(BashOperator): build_bronze_acc> on 2026-03-30 06:30:00+00:00
[2026-03-30T07:00:48.743+0000] {standard_task_runner.py:64} INFO - Started process 1519 to run task
[2026-03-30T07:00:48.745+0000] {standard_task_runner.py:90} INFO - Running: ['***', 'tasks', 'run', 'banking_01_bronze_layer', 'build_bronze_acc', 'scheduled__2026-03-30T06:30:00+00:00', '--job-id', '7544', '--raw', '--subdir', 'DAGS_FOLDER/dbt.py', '--cfg-path', '/tmp/tmpzhxkaqi4']
[2026-03-30T07:00:48.746+0000] {standard_task_runner.py:91} INFO - Job 7544: Subtask build_bronze_acc
[2026-03-30T07:00:48.780+0000] {task_command.py:426} INFO - Running <TaskInstance: banking_01_bronze_layer.build_bronze_acc scheduled__2026-03-30T06:30:00+00:00 [running]> on host c990dffe13ae
[2026-03-30T07:00:48.829+0000] {taskinstance.py:2648} INFO - Exporting env vars: AIRFLOW_CTX_DAG_OWNER='risheek' AIRFLOW_CTX_DAG_ID='banking_01_bronze_layer' AIRFLOW_CTX_TASK_ID='build_bronze_acc' AIRFLOW_CTX_EXECUTION_DATE='2026-03-30T06:30:00+00:00' AIRFLOW_CTX_TRY_NUMBER='1' AIRFLOW_CTX_DAG_RUN_ID='scheduled__2026-03-30T06:30:00+00:00'
[2026-03-30T07:00:48.830+0000] {taskinstance.py:430} INFO - ::endgroup::
[2026-03-30T07:00:48.830+0000] {subprocess.py:78} INFO - Tmp dir root location: /tmp
[2026-03-30T07:00:48.831+0000] {subprocess.py:88} INFO - Running command: ['/usr/bin/bash', '-c', 'dbt build --select bronze_acc']
[2026-03-30T07:00:48.835+0000] {subprocess.py:99} INFO - Output:
[2026-03-30T07:00:50.584+0000] {subprocess.py:106} INFO - [0m07:00:50  Running with dbt=1.11.7
[2026-03-30T07:00:51.187+0000] {subprocess.py:106} INFO - [0m07:00:51  Registered adapter: snowflake=1.11.3
[2026-03-30T07:00:51.414+0000] {subprocess.py:106} INFO - [0m07:00:51  [[33mWARNING[0m]: Configuration paths exist in your dbt_project.yml file which do not apply to any resources.
[2026-03-30T07:00:51.415+0000] {subprocess.py:106} INFO - There are 1 unused configuration paths:
[2026-03-30T07:00:51.418+0000] {subprocess.py:106} INFO - - models.trans_snowf.example
[2026-03-30T07:00:51.529+0000] {subprocess.py:106} INFO - [0m07:00:51  Found 14 models, 3 sources, 522 macros
[2026-03-30T07:00:51.532+0000] {subprocess.py:106} INFO - [0m07:00:51
[2026-03-30T07:00:51.533+0000] {subprocess.py:106} INFO - [0m07:00:51  Concurrency: 1 threads (target='dev')
[2026-03-30T07:00:51.533+0000] {subprocess.py:106} INFO - [0m07:00:51
[2026-03-30T07:00:53.324+0000] {subprocess.py:106} INFO - [0m07:00:53  1 of 1 START sql incremental model PUBLIC_BRONZE.bronze_acc .................... [RUN]
[2026-03-30T07:00:57.552+0000] {subprocess.py:106} INFO - [0m07:00:57  1 of 1 OK created sql incremental model PUBLIC_BRONZE.bronze_acc ............... [[32mSUCCESS 0[0m in 4.22s]
[2026-03-30T07:00:57.945+0000] {subprocess.py:106} INFO - [0m07:00:57
[2026-03-30T07:00:57.947+0000] {subprocess.py:106} INFO - [0m07:00:57  Finished running 1 incremental model in 0 hours 0 minutes and 6.41 seconds (6.41s).
[2026-03-30T07:00:58.007+0000] {subprocess.py:106} INFO - [0m07:00:58
[2026-03-30T07:00:58.008+0000] {subprocess.py:106} INFO - [0m07:00:58  [32mCompleted successfully[0m
[2026-03-30T07:00:58.008+0000] {subprocess.py:106} INFO - [0m07:00:58
[2026-03-30T07:00:58.008+0000] {subprocess.py:106} INFO - [0m07:00:58  Done. PASS=1 WARN=0 ERROR=0 SKIP=0 NO-OP=0 TOTAL=1
[2026-03-30T07:01:01.866+0000] {subprocess.py:110} INFO - Command exited with return code 0
[2026-03-30T07:01:01.869+0000] {taskinstance.py:441} INFO - ::group::Post task execution logs
[2026-03-30T07:01:01.914+0000] {taskinstance.py:1206} INFO - Marking task as SUCCESS. dag_id=banking_01_bronze_layer, task_id=build_bronze_acc, run_id=scheduled__2026-03-30T06:30:00+00:00, execution_date=20260330T063000, start_date=20260330T070048, end_date=20260330T070101
[2026-03-30T07:01:01.939+0000] {local_task_job_runner.py:243} INFO - Task exited with return code 0
[2026-03-30T07:01:01.956+0000] {taskinstance.py:3503} INFO - 0 downstream tasks scheduled from follow-on schedule check
[2026-03-30T07:01:01.957+0000] {local_task_job_runner.py:222} INFO - ::endgroup::
