[2026-03-10T08:05:18.094+0000] {local_task_job_runner.py:120} INFO - ::group::Pre task execution logs
[2026-03-10T08:05:18.111+0000] {taskinstance.py:2076} INFO - Dependencies all met for dep_context=non-requeueable deps ti=<TaskInstance: transfer_from_minio_to_snowflake.create_raw scheduled__2026-03-10T07:54:00+00:00 [queued]>
[2026-03-10T08:05:18.115+0000] {taskinstance.py:2076} INFO - Dependencies all met for dep_context=requeueable deps ti=<TaskInstance: transfer_from_minio_to_snowflake.create_raw scheduled__2026-03-10T07:54:00+00:00 [queued]>
[2026-03-10T08:05:18.116+0000] {taskinstance.py:2306} INFO - Starting attempt 3 of 3
[2026-03-10T08:05:18.122+0000] {taskinstance.py:2330} INFO - Executing <Task(SQLExecuteQueryOperator): create_raw> on 2026-03-10 07:54:00+00:00
[2026-03-10T08:05:18.128+0000] {logging_mixin.py:188} WARNING - /home/***/.local/lib/python3.12/site-packages/***/task/task_runner/standard_task_runner.py:62 DeprecationWarning: This process (pid=1605) is multi-threaded, use of fork() may lead to deadlocks in the child.
[2026-03-10T08:05:18.129+0000] {standard_task_runner.py:64} INFO - Started process 1617 to run task
[2026-03-10T08:05:18.128+0000] {standard_task_runner.py:90} INFO - Running: ['***', 'tasks', 'run', 'transfer_from_minio_to_snowflake', 'create_raw', 'scheduled__2026-03-10T07:54:00+00:00', '--job-id', '78', '--raw', '--subdir', 'DAGS_FOLDER/transfer.py', '--cfg-path', '/tmp/tmpldhdkryl']
[2026-03-10T08:05:18.130+0000] {standard_task_runner.py:91} INFO - Job 78: Subtask create_raw
[2026-03-10T08:05:18.170+0000] {task_command.py:426} INFO - Running <TaskInstance: transfer_from_minio_to_snowflake.create_raw scheduled__2026-03-10T07:54:00+00:00 [running]> on host 2f61e461b291
[2026-03-10T08:05:18.390+0000] {taskinstance.py:2648} INFO - Exporting env vars: AIRFLOW_CTX_DAG_OWNER='***' AIRFLOW_CTX_DAG_ID='transfer_from_minio_to_snowflake' AIRFLOW_CTX_TASK_ID='create_raw' AIRFLOW_CTX_EXECUTION_DATE='2026-03-10T07:54:00+00:00' AIRFLOW_CTX_TRY_NUMBER='3' AIRFLOW_CTX_DAG_RUN_ID='scheduled__2026-03-10T07:54:00+00:00'
[2026-03-10T08:05:18.391+0000] {taskinstance.py:430} INFO - ::endgroup::
[2026-03-10T08:05:18.391+0000] {sql.py:282} INFO - Executing:  CREATE TABLE IF NOT EXISTS RAW (
                    raw_json VARIANT,
                    inserted_at TIMESTAMP_NTZ DEFAULT CURRENT_TIMESTAMP());
                  
[2026-03-10T08:05:18.397+0000] {base.py:84} INFO - Using connection ID 'warehouse_id' for task execution.
[2026-03-10T08:05:18.450+0000] {base.py:84} INFO - Using connection ID 'warehouse_id' for task execution.
[2026-03-10T08:05:18.493+0000] {connection.py:613} INFO - Snowflake Connector for Python Version: 4.3.0, Python Version: 3.12.4, Platform: Linux-6.12.72-linuxkit-aarch64-with-glibc2.36
[2026-03-10T08:05:18.494+0000] {connection.py:1709} INFO - Connecting to GLOBAL Snowflake domain
[2026-03-10T08:05:19.651+0000] {sql.py:495} INFO - Running statement: CREATE TABLE IF NOT EXISTS RAW (
                    raw_json VARIANT,
                    inserted_at TIMESTAMP_NTZ DEFAULT CURRENT_TIMESTAMP());, parameters: None
[2026-03-10T08:05:20.105+0000] {sql.py:504} INFO - Rows affected: 1
[2026-03-10T08:05:20.107+0000] {snowflake.py:422} INFO - Rows affected: 1
[2026-03-10T08:05:20.107+0000] {snowflake.py:423} INFO - Snowflake query id: 01c2ee25-3202-6cb7-0000-001490e69435
[2026-03-10T08:05:20.461+0000] {taskinstance.py:441} INFO - ::group::Post task execution logs
[2026-03-10T08:05:20.513+0000] {taskinstance.py:1206} INFO - Marking task as SUCCESS. dag_id=transfer_from_minio_to_snowflake, task_id=create_raw, run_id=scheduled__2026-03-10T07:54:00+00:00, execution_date=20260310T075400, start_date=20260310T080518, end_date=20260310T080520
[2026-03-10T08:05:20.552+0000] {local_task_job_runner.py:243} INFO - Task exited with return code 0
[2026-03-10T08:05:20.714+0000] {taskinstance.py:3503} INFO - 1 downstream tasks scheduled from follow-on schedule check
[2026-03-10T08:05:20.716+0000] {local_task_job_runner.py:222} INFO - ::endgroup::
