[2026-03-25T15:20:00.846+0000] {local_task_job_runner.py:120} INFO - ::group::Pre task execution logs
[2026-03-25T15:20:00.864+0000] {taskinstance.py:2076} INFO - Dependencies all met for dep_context=non-requeueable deps ti=<TaskInstance: banking_01_bronze_layer.build_bronze_acc manual__2026-03-25T15:19:58.104677+00:00 [queued]>
[2026-03-25T15:20:00.868+0000] {taskinstance.py:2076} INFO - Dependencies all met for dep_context=requeueable deps ti=<TaskInstance: banking_01_bronze_layer.build_bronze_acc manual__2026-03-25T15:19:58.104677+00:00 [queued]>
[2026-03-25T15:20:00.868+0000] {taskinstance.py:2306} INFO - Starting attempt 1 of 2
[2026-03-25T15:20:00.874+0000] {taskinstance.py:2330} INFO - Executing <Task(BashOperator): build_bronze_acc> on 2026-03-25 15:19:58.104677+00:00
[2026-03-25T15:20:00.879+0000] {standard_task_runner.py:64} INFO - Started process 6329 to run task
[2026-03-25T15:20:00.882+0000] {standard_task_runner.py:90} INFO - Running: ['***', 'tasks', 'run', 'banking_01_bronze_layer', 'build_bronze_acc', 'manual__2026-03-25T15:19:58.104677+00:00', '--job-id', '1675', '--raw', '--subdir', 'DAGS_FOLDER/dbt.py', '--cfg-path', '/tmp/tmpcae4a5ck']
[2026-03-25T15:20:00.885+0000] {standard_task_runner.py:91} INFO - Job 1675: Subtask build_bronze_acc
[2026-03-25T15:20:00.930+0000] {task_command.py:426} INFO - Running <TaskInstance: banking_01_bronze_layer.build_bronze_acc manual__2026-03-25T15:19:58.104677+00:00 [running]> on host c990dffe13ae
[2026-03-25T15:20:00.983+0000] {taskinstance.py:2648} INFO - Exporting env vars: AIRFLOW_CTX_DAG_OWNER='risheek' AIRFLOW_CTX_DAG_ID='banking_01_bronze_layer' AIRFLOW_CTX_TASK_ID='build_bronze_acc' AIRFLOW_CTX_EXECUTION_DATE='2026-03-25T15:19:58.104677+00:00' AIRFLOW_CTX_TRY_NUMBER='1' AIRFLOW_CTX_DAG_RUN_ID='manual__2026-03-25T15:19:58.104677+00:00'
[2026-03-25T15:20:00.985+0000] {taskinstance.py:430} INFO - ::endgroup::
[2026-03-25T15:20:00.985+0000] {subprocess.py:78} INFO - Tmp dir root location: /tmp
[2026-03-25T15:20:00.987+0000] {subprocess.py:88} INFO - Running command: ['/usr/bin/bash', '-c', 'dbt build --select bronze_acc']
[2026-03-25T15:20:00.992+0000] {subprocess.py:99} INFO - Output:
[2026-03-25T15:20:02.566+0000] {subprocess.py:106} INFO - [0m15:20:02  Running with dbt=1.11.7
[2026-03-25T15:20:03.402+0000] {subprocess.py:106} INFO - [0m15:20:03  Registered adapter: snowflake=1.11.3
[2026-03-25T15:20:03.538+0000] {subprocess.py:106} INFO - [0m15:20:03  Unable to do partial parsing because profile has changed
[2026-03-25T15:20:04.183+0000] {subprocess.py:106} INFO - [0m15:20:04  [[33mWARNING[0m]: Did not find matching node for patch with name 'my_first_dbt_model' in the 'models' section of file 'models/staging/schema.yml'
[2026-03-25T15:20:04.184+0000] {subprocess.py:106} INFO - [0m15:20:04  [[33mWARNING[0m]: Did not find matching node for patch with name 'my_second_dbt_model' in the 'models' section of file 'models/staging/schema.yml'
[2026-03-25T15:20:04.333+0000] {subprocess.py:106} INFO - [0m15:20:04  [[33mWARNING[0m]: Test 'test.trans_snowf.unique_my_first_dbt_model_id.16e066b321' (models/staging/schema.yml) depends on a node named 'my_first_dbt_model' in package '' which was not found
[2026-03-25T15:20:04.334+0000] {subprocess.py:106} INFO - [0m15:20:04  [[33mWARNING[0m]: Test 'test.trans_snowf.not_null_my_first_dbt_model_id.5fb22c2710' (models/staging/schema.yml) depends on a node named 'my_first_dbt_model' in package '' which was not found
[2026-03-25T15:20:04.335+0000] {subprocess.py:106} INFO - [0m15:20:04  [[33mWARNING[0m]: Test 'test.trans_snowf.unique_my_second_dbt_model_id.57a0f8c493' (models/staging/schema.yml) depends on a node named 'my_second_dbt_model' in package '' which was not found
[2026-03-25T15:20:04.335+0000] {subprocess.py:106} INFO - [0m15:20:04  [[33mWARNING[0m]: Test 'test.trans_snowf.not_null_my_second_dbt_model_id.151b76d778' (models/staging/schema.yml) depends on a node named 'my_second_dbt_model' in package '' which was not found
[2026-03-25T15:20:04.428+0000] {subprocess.py:106} INFO - [0m15:20:04  [[33mWARNING[0m]: Configuration paths exist in your dbt_project.yml file which do not apply to any resources.
[2026-03-25T15:20:04.428+0000] {subprocess.py:106} INFO - There are 1 unused configuration paths:
[2026-03-25T15:20:04.429+0000] {subprocess.py:106} INFO - - models.trans_snowf.example
[2026-03-25T15:20:04.555+0000] {subprocess.py:106} INFO - [0m15:20:04  Found 14 models, 3 sources, 522 macros
[2026-03-25T15:20:04.558+0000] {subprocess.py:106} INFO - [0m15:20:04
[2026-03-25T15:20:04.558+0000] {subprocess.py:106} INFO - [0m15:20:04  Concurrency: 1 threads (target='dev')
[2026-03-25T15:20:04.559+0000] {subprocess.py:106} INFO - [0m15:20:04
[2026-03-25T15:20:06.026+0000] {subprocess.py:106} INFO - [0m15:20:06
[2026-03-25T15:20:06.038+0000] {subprocess.py:106} INFO - [0m15:20:06  Finished running  in 0 hours 0 minutes and 1.46 seconds (1.46s).
[2026-03-25T15:20:06.039+0000] {subprocess.py:106} INFO - [0m15:20:06  Encountered an error:
[2026-03-25T15:20:06.039+0000] {subprocess.py:106} INFO - Database Error
[2026-03-25T15:20:06.040+0000] {subprocess.py:106} INFO -   003001 (42501): SQL access control error:
[2026-03-25T15:20:06.041+0000] {subprocess.py:106} INFO -   Insufficient privileges to operate on database 'BANKING'.
[2026-03-25T15:20:08.027+0000] {subprocess.py:110} INFO - Command exited with return code 2
[2026-03-25T15:20:08.038+0000] {taskinstance.py:441} INFO - ::group::Post task execution logs
[2026-03-25T15:20:08.079+0000] {taskinstance.py:2905} ERROR - Task failed with exception
Traceback (most recent call last):
  File "/home/airflow/.local/lib/python3.12/site-packages/airflow/models/taskinstance.py", line 465, in _execute_task
    result = _execute_callable(context=context, **execute_callable_kwargs)
             ^^^^^^^^^^^^^^^^^^^^^^^^^^^^^^^^^^^^^^^^^^^^^^^^^^^^^^^^^^^^^
  File "/home/airflow/.local/lib/python3.12/site-packages/airflow/models/taskinstance.py", line 432, in _execute_callable
    return execute_callable(context=context, **execute_callable_kwargs)
           ^^^^^^^^^^^^^^^^^^^^^^^^^^^^^^^^^^^^^^^^^^^^^^^^^^^^^^^^^^^^
  File "/home/airflow/.local/lib/python3.12/site-packages/airflow/models/baseoperator.py", line 401, in wrapper
    return func(self, *args, **kwargs)
           ^^^^^^^^^^^^^^^^^^^^^^^^^^^
  File "/home/airflow/.local/lib/python3.12/site-packages/airflow/providers/standard/operators/bash.py", line 233, in execute
    raise AirflowException(
airflow.exceptions.AirflowException: Bash command failed. The command returned a non-zero exit code 2.
[2026-03-25T15:20:08.086+0000] {taskinstance.py:1206} INFO - Marking task as UP_FOR_RETRY. dag_id=banking_01_bronze_layer, task_id=build_bronze_acc, run_id=manual__2026-03-25T15:19:58.104677+00:00, execution_date=20260325T151958, start_date=20260325T152000, end_date=20260325T152008
[2026-03-25T15:20:08.118+0000] {standard_task_runner.py:110} ERROR - Failed to execute job 1675 for task build_bronze_acc (Bash command failed. The command returned a non-zero exit code 2.; 6329)
[2026-03-25T15:20:08.154+0000] {local_task_job_runner.py:243} INFO - Task exited with return code 1
[2026-03-25T15:20:08.184+0000] {taskinstance.py:3503} INFO - 0 downstream tasks scheduled from follow-on schedule check
[2026-03-25T15:20:08.186+0000] {local_task_job_runner.py:222} INFO - ::endgroup::
