[2026-03-25T14:15:33.300+0000] {local_task_job_runner.py:120} INFO - ::group::Pre task execution logs
[2026-03-25T14:15:33.315+0000] {taskinstance.py:2076} INFO - Dependencies all met for dep_context=non-requeueable deps ti=<TaskInstance: transfer_from_minio_to_snowflake_customers.copy_json_to_variant scheduled__2026-03-25T14:14:00+00:00 [queued]>
[2026-03-25T14:15:33.319+0000] {taskinstance.py:2076} INFO - Dependencies all met for dep_context=requeueable deps ti=<TaskInstance: transfer_from_minio_to_snowflake_customers.copy_json_to_variant scheduled__2026-03-25T14:14:00+00:00 [queued]>
[2026-03-25T14:15:33.319+0000] {taskinstance.py:2306} INFO - Starting attempt 1 of 3
[2026-03-25T14:15:33.325+0000] {taskinstance.py:2330} INFO - Executing <Task(SQLExecuteQueryOperator): copy_json_to_variant> on 2026-03-25 14:14:00+00:00
[2026-03-25T14:15:33.330+0000] {logging_mixin.py:188} WARNING - /home/***/.local/lib/python3.12/site-packages/***/task/task_runner/standard_task_runner.py:62 DeprecationWarning: This process (pid=3829) is multi-threaded, use of fork() may lead to deadlocks in the child.
[2026-03-25T14:15:33.330+0000] {standard_task_runner.py:64} INFO - Started process 3839 to run task
[2026-03-25T14:15:33.330+0000] {standard_task_runner.py:90} INFO - Running: ['***', 'tasks', 'run', 'transfer_from_minio_to_snowflake_customers', 'copy_json_to_variant', 'scheduled__2026-03-25T14:14:00+00:00', '--job-id', '1282', '--raw', '--subdir', 'DAGS_FOLDER/transfer.py', '--cfg-path', '/tmp/tmpkv0m_4f2']
[2026-03-25T14:15:33.331+0000] {standard_task_runner.py:91} INFO - Job 1282: Subtask copy_json_to_variant
[2026-03-25T14:15:33.360+0000] {task_command.py:426} INFO - Running <TaskInstance: transfer_from_minio_to_snowflake_customers.copy_json_to_variant scheduled__2026-03-25T14:14:00+00:00 [running]> on host 6fdc51cbadaf
[2026-03-25T14:15:33.410+0000] {taskinstance.py:2648} INFO - Exporting env vars: AIRFLOW_CTX_DAG_OWNER='***' AIRFLOW_CTX_DAG_ID='transfer_from_minio_to_snowflake_customers' AIRFLOW_CTX_TASK_ID='copy_json_to_variant' AIRFLOW_CTX_EXECUTION_DATE='2026-03-25T14:14:00+00:00' AIRFLOW_CTX_TRY_NUMBER='1' AIRFLOW_CTX_DAG_RUN_ID='scheduled__2026-03-25T14:14:00+00:00'
[2026-03-25T14:15:33.410+0000] {taskinstance.py:430} INFO - ::endgroup::
[2026-03-25T14:15:33.411+0000] {sql.py:282} INFO - Executing: 
            COPY INTO RAW_CUSTOMERS (raw_json)
            FROM @incoming
            FILE_FORMAT = (TYPE = 'JSON')
            ON_ERROR = 'CONTINUE';
        
[2026-03-25T14:15:33.418+0000] {base.py:84} INFO - Using connection ID 'warehouse_id' for task execution.
[2026-03-25T14:15:33.449+0000] {base.py:84} INFO - Using connection ID 'warehouse_id' for task execution.
[2026-03-25T14:15:33.490+0000] {connection.py:408} INFO - Snowflake Connector for Python Version: 3.11.0, Python Version: 3.12.4, Platform: Linux-6.12.76-linuxkit-aarch64-with-glibc2.36
[2026-03-25T14:15:33.491+0000] {connection.py:1258} INFO - This connection is in OCSP Fail Open Mode. TLS Certificates would be checked for validity and revocation status. Any other Certificate Revocation related exceptions or OCSP Responder failures would be disregarded in favor of connectivity.
[2026-03-25T14:15:34.763+0000] {cursor.py:1149} INFO - Number of results in first chunk: 1
[2026-03-25T14:15:34.765+0000] {sql.py:495} INFO - Running statement: COPY INTO RAW_CUSTOMERS (raw_json)
            FROM @incoming
            FILE_FORMAT = (TYPE = 'JSON')
            ON_ERROR = 'CONTINUE';, parameters: None
[2026-03-25T14:15:35.432+0000] {cursor.py:1149} INFO - Number of results in first chunk: 1
[2026-03-25T14:15:35.433+0000] {sql.py:504} INFO - Rows affected: 1
[2026-03-25T14:15:35.435+0000] {snowflake.py:422} INFO - Rows affected: 1
[2026-03-25T14:15:35.435+0000] {snowflake.py:423} INFO - Snowflake query id: 01c343f7-3202-7c30-0014-90e60003ae16
[2026-03-25T14:15:35.915+0000] {cursor.py:1149} INFO - Number of results in first chunk: 1
[2026-03-25T14:15:35.917+0000] {connection.py:773} INFO - closed
[2026-03-25T14:15:36.222+0000] {connection.py:779} INFO - No async queries seem to be running, deleting session
[2026-03-25T14:15:36.345+0000] {taskinstance.py:441} INFO - ::group::Post task execution logs
[2026-03-25T14:15:36.385+0000] {taskinstance.py:1206} INFO - Marking task as SUCCESS. dag_id=transfer_from_minio_to_snowflake_customers, task_id=copy_json_to_variant, run_id=scheduled__2026-03-25T14:14:00+00:00, execution_date=20260325T141400, start_date=20260325T141533, end_date=20260325T141536
[2026-03-25T14:15:36.432+0000] {local_task_job_runner.py:243} INFO - Task exited with return code 0
[2026-03-25T14:15:36.450+0000] {taskinstance.py:3503} INFO - 0 downstream tasks scheduled from follow-on schedule check
[2026-03-25T14:15:36.451+0000] {local_task_job_runner.py:222} INFO - ::endgroup::
