[2026-03-25T17:05:39.002+0000] {local_task_job_runner.py:120} INFO - ::group::Pre task execution logs
[2026-03-25T17:05:39.029+0000] {taskinstance.py:2076} INFO - Dependencies all met for dep_context=non-requeueable deps ti=<TaskInstance: banking_01_bronze_layer.debug scheduled__2026-03-25T16:30:00+00:00 [queued]>
[2026-03-25T17:05:39.034+0000] {taskinstance.py:2076} INFO - Dependencies all met for dep_context=requeueable deps ti=<TaskInstance: banking_01_bronze_layer.debug scheduled__2026-03-25T16:30:00+00:00 [queued]>
[2026-03-25T17:05:39.035+0000] {taskinstance.py:2306} INFO - Starting attempt 2 of 2
[2026-03-25T17:05:39.041+0000] {taskinstance.py:2330} INFO - Executing <Task(BashOperator): debug> on 2026-03-25 16:30:00+00:00
[2026-03-25T17:05:39.044+0000] {standard_task_runner.py:64} INFO - Started process 25689 to run task
[2026-03-25T17:05:39.048+0000] {standard_task_runner.py:90} INFO - Running: ['***', 'tasks', 'run', 'banking_01_bronze_layer', 'debug', 'scheduled__2026-03-25T16:30:00+00:00', '--job-id', '2676', '--raw', '--subdir', 'DAGS_FOLDER/dbt.py', '--cfg-path', '/tmp/tmpq5u0wy4i']
[2026-03-25T17:05:39.049+0000] {standard_task_runner.py:91} INFO - Job 2676: Subtask debug
[2026-03-25T17:05:39.081+0000] {task_command.py:426} INFO - Running <TaskInstance: banking_01_bronze_layer.debug scheduled__2026-03-25T16:30:00+00:00 [running]> on host c990dffe13ae
[2026-03-25T17:05:39.124+0000] {taskinstance.py:2648} INFO - Exporting env vars: AIRFLOW_CTX_DAG_OWNER='risheek' AIRFLOW_CTX_DAG_ID='banking_01_bronze_layer' AIRFLOW_CTX_TASK_ID='debug' AIRFLOW_CTX_EXECUTION_DATE='2026-03-25T16:30:00+00:00' AIRFLOW_CTX_TRY_NUMBER='2' AIRFLOW_CTX_DAG_RUN_ID='scheduled__2026-03-25T16:30:00+00:00'
[2026-03-25T17:05:39.125+0000] {taskinstance.py:430} INFO - ::endgroup::
[2026-03-25T17:05:39.126+0000] {subprocess.py:78} INFO - Tmp dir root location: /tmp
[2026-03-25T17:05:39.127+0000] {subprocess.py:88} INFO - Running command: ['/usr/bin/bash', '-c', 'dbt debug --profiles-dir /opt/***/dbt/trans_snowf']
[2026-03-25T17:05:39.132+0000] {subprocess.py:99} INFO - Output:
[2026-03-25T17:05:40.774+0000] {subprocess.py:106} INFO - [0m17:05:40  Running with dbt=1.11.7
[2026-03-25T17:05:40.786+0000] {subprocess.py:106} INFO - [0m17:05:40  dbt version: 1.11.7
[2026-03-25T17:05:40.787+0000] {subprocess.py:106} INFO - [0m17:05:40  python version: 3.12.4
[2026-03-25T17:05:40.787+0000] {subprocess.py:106} INFO - [0m17:05:40  python path: /home/***/.local/bin/python
[2026-03-25T17:05:40.787+0000] {subprocess.py:106} INFO - [0m17:05:40  os info: Linux-6.12.76-linuxkit-aarch64-with-glibc2.36
[2026-03-25T17:05:41.315+0000] {subprocess.py:106} INFO - [0m17:05:41  Using profiles dir at /opt/***/dbt/trans_snowf
[2026-03-25T17:05:41.316+0000] {subprocess.py:106} INFO - [0m17:05:41  Using profiles.yml file at /opt/***/dbt/trans_snowf/profiles.yml
[2026-03-25T17:05:41.317+0000] {subprocess.py:106} INFO - [0m17:05:41  Using dbt_project.yml file at /opt/***/dbt/trans_snowf/dbt_project.yml
[2026-03-25T17:05:41.318+0000] {subprocess.py:106} INFO - [0m17:05:41  adapter type: snowflake
[2026-03-25T17:05:41.318+0000] {subprocess.py:106} INFO - [0m17:05:41  adapter version: 1.11.3
[2026-03-25T17:05:41.376+0000] {subprocess.py:106} INFO - [0m17:05:41  Configuration:
[2026-03-25T17:05:41.377+0000] {subprocess.py:106} INFO - [0m17:05:41    profiles.yml file [[32mOK found and valid[0m]
[2026-03-25T17:05:41.377+0000] {subprocess.py:106} INFO - [0m17:05:41    dbt_project.yml file [[32mOK found and valid[0m]
[2026-03-25T17:05:41.378+0000] {subprocess.py:106} INFO - [0m17:05:41  Required dependencies:
[2026-03-25T17:05:41.379+0000] {subprocess.py:106} INFO - [0m17:05:41   - git [[31mERROR[0m]
[2026-03-25T17:05:41.379+0000] {subprocess.py:106} INFO - 
[2026-03-25T17:05:41.379+0000] {subprocess.py:106} INFO - [0m17:05:41  Connection:
[2026-03-25T17:05:41.379+0000] {subprocess.py:106} INFO - [0m17:05:41    account: BBMCDSP-CT02489
[2026-03-25T17:05:41.380+0000] {subprocess.py:106} INFO - [0m17:05:41    user: user123
[2026-03-25T17:05:41.380+0000] {subprocess.py:106} INFO - [0m17:05:41    database: BANKING
[2026-03-25T17:05:41.381+0000] {subprocess.py:106} INFO - [0m17:05:41    warehouse: COMPUTE_WH
[2026-03-25T17:05:41.381+0000] {subprocess.py:106} INFO - [0m17:05:41    role: dbtadmin
[2026-03-25T17:05:41.381+0000] {subprocess.py:106} INFO - [0m17:05:41    schema: PUBLIC
[2026-03-25T17:05:41.382+0000] {subprocess.py:106} INFO - [0m17:05:41    authenticator: None
[2026-03-25T17:05:41.382+0000] {subprocess.py:106} INFO - [0m17:05:41    oauth_client_id: None
[2026-03-25T17:05:41.382+0000] {subprocess.py:106} INFO - [0m17:05:41    query_tag: None
[2026-03-25T17:05:41.382+0000] {subprocess.py:106} INFO - [0m17:05:41    client_session_keep_alive: False
[2026-03-25T17:05:41.383+0000] {subprocess.py:106} INFO - [0m17:05:41    host: None
[2026-03-25T17:05:41.383+0000] {subprocess.py:106} INFO - [0m17:05:41    port: None
[2026-03-25T17:05:41.384+0000] {subprocess.py:106} INFO - [0m17:05:41    proxy_host: None
[2026-03-25T17:05:41.384+0000] {subprocess.py:106} INFO - [0m17:05:41    proxy_port: None
[2026-03-25T17:05:41.384+0000] {subprocess.py:106} INFO - [0m17:05:41    protocol: None
[2026-03-25T17:05:41.385+0000] {subprocess.py:106} INFO - [0m17:05:41    connect_retries: 1
[2026-03-25T17:05:41.385+0000] {subprocess.py:106} INFO - [0m17:05:41    connect_timeout: None
[2026-03-25T17:05:41.385+0000] {subprocess.py:106} INFO - [0m17:05:41    retry_on_database_errors: False
[2026-03-25T17:05:41.386+0000] {subprocess.py:106} INFO - [0m17:05:41    retry_all: False
[2026-03-25T17:05:41.386+0000] {subprocess.py:106} INFO - [0m17:05:41    insecure_mode: False
[2026-03-25T17:05:41.386+0000] {subprocess.py:106} INFO - [0m17:05:41    reuse_connections: True
[2026-03-25T17:05:41.387+0000] {subprocess.py:106} INFO - [0m17:05:41    s3_stage_vpce_dns_name: None
[2026-03-25T17:05:41.387+0000] {subprocess.py:106} INFO - [0m17:05:41    platform_detection_timeout_seconds: 0.0
[2026-03-25T17:05:41.387+0000] {subprocess.py:106} INFO - [0m17:05:41  Registered adapter: snowflake=1.11.3
[2026-03-25T17:05:42.213+0000] {subprocess.py:106} INFO - [0m17:05:42    Connection test: [[32mOK connection ok[0m]
[2026-03-25T17:05:42.214+0000] {subprocess.py:106} INFO - 
[2026-03-25T17:05:42.215+0000] {subprocess.py:106} INFO - [0m17:05:42  [31m1 check failed:[0m
[2026-03-25T17:05:42.216+0000] {subprocess.py:106} INFO - [0m17:05:42  Error from git --help: Could not find command, ensure it is in the user's PATH: "git"
[2026-03-25T17:05:42.216+0000] {subprocess.py:106} INFO - 
[2026-03-25T17:05:44.415+0000] {subprocess.py:110} INFO - Command exited with return code 1
[2026-03-25T17:05:44.416+0000] {taskinstance.py:441} INFO - ::group::Post task execution logs
[2026-03-25T17:05:44.432+0000] {taskinstance.py:2905} ERROR - Task failed with exception
Traceback (most recent call last):
  File "/home/airflow/.local/lib/python3.12/site-packages/airflow/models/taskinstance.py", line 465, in _execute_task
    result = _execute_callable(context=context, **execute_callable_kwargs)
             ^^^^^^^^^^^^^^^^^^^^^^^^^^^^^^^^^^^^^^^^^^^^^^^^^^^^^^^^^^^^^
  File "/home/airflow/.local/lib/python3.12/site-packages/airflow/models/taskinstance.py", line 432, in _execute_callable
    return execute_callable(context=context, **execute_callable_kwargs)
           ^^^^^^^^^^^^^^^^^^^^^^^^^^^^^^^^^^^^^^^^^^^^^^^^^^^^^^^^^^^^
  File "/home/airflow/.local/lib/python3.12/site-packages/airflow/models/baseoperator.py", line 401, in wrapper
    return func(self, *args, **kwargs)
           ^^^^^^^^^^^^^^^^^^^^^^^^^^^
  File "/home/airflow/.local/lib/python3.12/site-packages/airflow/providers/standard/operators/bash.py", line 233, in execute
    raise AirflowException(
airflow.exceptions.AirflowException: Bash command failed. The command returned a non-zero exit code 1.
[2026-03-25T17:05:44.436+0000] {taskinstance.py:1206} INFO - Marking task as FAILED. dag_id=banking_01_bronze_layer, task_id=debug, run_id=scheduled__2026-03-25T16:30:00+00:00, execution_date=20260325T163000, start_date=20260325T170539, end_date=20260325T170544
[2026-03-25T17:05:44.448+0000] {standard_task_runner.py:110} ERROR - Failed to execute job 2676 for task debug (Bash command failed. The command returned a non-zero exit code 1.; 25689)
[2026-03-25T17:05:44.458+0000] {local_task_job_runner.py:243} INFO - Task exited with return code 1
[2026-03-25T17:05:44.477+0000] {taskinstance.py:3503} INFO - 0 downstream tasks scheduled from follow-on schedule check
[2026-03-25T17:05:44.478+0000] {local_task_job_runner.py:222} INFO - ::endgroup::
