[2026-03-29T18:03:46.437+0000] {local_task_job_runner.py:120} INFO - ::group::Pre task execution logs
[2026-03-29T18:03:46.457+0000] {taskinstance.py:2076} INFO - Dependencies all met for dep_context=non-requeueable deps ti=<TaskInstance: banking_01_bronze_layer.debug scheduled__2026-03-29T17:30:00+00:00 [queued]>
[2026-03-29T18:03:46.461+0000] {taskinstance.py:2076} INFO - Dependencies all met for dep_context=requeueable deps ti=<TaskInstance: banking_01_bronze_layer.debug scheduled__2026-03-29T17:30:00+00:00 [queued]>
[2026-03-29T18:03:46.462+0000] {taskinstance.py:2306} INFO - Starting attempt 1 of 2
[2026-03-29T18:03:46.468+0000] {taskinstance.py:2330} INFO - Executing <Task(BashOperator): debug> on 2026-03-29 17:30:00+00:00
[2026-03-29T18:03:46.472+0000] {standard_task_runner.py:64} INFO - Started process 3537 to run task
[2026-03-29T18:03:46.474+0000] {standard_task_runner.py:90} INFO - Running: ['***', 'tasks', 'run', 'banking_01_bronze_layer', 'debug', 'scheduled__2026-03-29T17:30:00+00:00', '--job-id', '7295', '--raw', '--subdir', 'DAGS_FOLDER/dbt.py', '--cfg-path', '/tmp/tmpg7t79reh']
[2026-03-29T18:03:46.475+0000] {standard_task_runner.py:91} INFO - Job 7295: Subtask debug
[2026-03-29T18:03:46.515+0000] {task_command.py:426} INFO - Running <TaskInstance: banking_01_bronze_layer.debug scheduled__2026-03-29T17:30:00+00:00 [running]> on host c990dffe13ae
[2026-03-29T18:03:46.583+0000] {taskinstance.py:2648} INFO - Exporting env vars: AIRFLOW_CTX_DAG_OWNER='risheek' AIRFLOW_CTX_DAG_ID='banking_01_bronze_layer' AIRFLOW_CTX_TASK_ID='debug' AIRFLOW_CTX_EXECUTION_DATE='2026-03-29T17:30:00+00:00' AIRFLOW_CTX_TRY_NUMBER='1' AIRFLOW_CTX_DAG_RUN_ID='scheduled__2026-03-29T17:30:00+00:00'
[2026-03-29T18:03:46.584+0000] {taskinstance.py:430} INFO - ::endgroup::
[2026-03-29T18:03:46.584+0000] {subprocess.py:78} INFO - Tmp dir root location: /tmp
[2026-03-29T18:03:46.585+0000] {subprocess.py:88} INFO - Running command: ['/usr/bin/bash', '-c', 'dbt debug --profiles-dir /opt/***/dbt/trans_snowf']
[2026-03-29T18:03:46.595+0000] {subprocess.py:99} INFO - Output:
[2026-03-29T18:03:48.265+0000] {subprocess.py:106} INFO - [0m18:03:48  Running with dbt=1.11.7
[2026-03-29T18:03:48.270+0000] {subprocess.py:106} INFO - [0m18:03:48  dbt version: 1.11.7
[2026-03-29T18:03:48.271+0000] {subprocess.py:106} INFO - [0m18:03:48  python version: 3.12.4
[2026-03-29T18:03:48.271+0000] {subprocess.py:106} INFO - [0m18:03:48  python path: /home/***/.local/bin/python
[2026-03-29T18:03:48.271+0000] {subprocess.py:106} INFO - [0m18:03:48  os info: Linux-6.12.76-linuxkit-aarch64-with-glibc2.36
[2026-03-29T18:03:48.743+0000] {subprocess.py:106} INFO - [0m18:03:48  Using profiles dir at /opt/***/dbt/trans_snowf
[2026-03-29T18:03:48.743+0000] {subprocess.py:106} INFO - [0m18:03:48  Using profiles.yml file at /opt/***/dbt/trans_snowf/profiles.yml
[2026-03-29T18:03:48.743+0000] {subprocess.py:106} INFO - [0m18:03:48  Using dbt_project.yml file at /opt/***/dbt/trans_snowf/dbt_project.yml
[2026-03-29T18:03:48.744+0000] {subprocess.py:106} INFO - [0m18:03:48  adapter type: snowflake
[2026-03-29T18:03:48.744+0000] {subprocess.py:106} INFO - [0m18:03:48  adapter version: 1.11.3
[2026-03-29T18:03:48.850+0000] {subprocess.py:106} INFO - [0m18:03:48  Configuration:
[2026-03-29T18:03:48.850+0000] {subprocess.py:106} INFO - [0m18:03:48    profiles.yml file [[32mOK found and valid[0m]
[2026-03-29T18:03:48.851+0000] {subprocess.py:106} INFO - [0m18:03:48    dbt_project.yml file [[32mOK found and valid[0m]
[2026-03-29T18:03:48.851+0000] {subprocess.py:106} INFO - [0m18:03:48  Required dependencies:
[2026-03-29T18:03:48.852+0000] {subprocess.py:106} INFO - [0m18:03:48   - git [[31mERROR[0m]
[2026-03-29T18:03:48.852+0000] {subprocess.py:106} INFO - 
[2026-03-29T18:03:48.853+0000] {subprocess.py:106} INFO - [0m18:03:48  Connection:
[2026-03-29T18:03:48.853+0000] {subprocess.py:106} INFO - [0m18:03:48    account: BBMCDSP-CT02489
[2026-03-29T18:03:48.853+0000] {subprocess.py:106} INFO - [0m18:03:48    user: user123
[2026-03-29T18:03:48.854+0000] {subprocess.py:106} INFO - [0m18:03:48    database: BANKING
[2026-03-29T18:03:48.854+0000] {subprocess.py:106} INFO - [0m18:03:48    warehouse: COMPUTE_WH
[2026-03-29T18:03:48.854+0000] {subprocess.py:106} INFO - [0m18:03:48    role: dbtadmin
[2026-03-29T18:03:48.855+0000] {subprocess.py:106} INFO - [0m18:03:48    schema: PUBLIC
[2026-03-29T18:03:48.855+0000] {subprocess.py:106} INFO - [0m18:03:48    authenticator: None
[2026-03-29T18:03:48.855+0000] {subprocess.py:106} INFO - [0m18:03:48    oauth_client_id: None
[2026-03-29T18:03:48.859+0000] {subprocess.py:106} INFO - [0m18:03:48    query_tag: None
[2026-03-29T18:03:48.860+0000] {subprocess.py:106} INFO - [0m18:03:48    client_session_keep_alive: False
[2026-03-29T18:03:48.860+0000] {subprocess.py:106} INFO - [0m18:03:48    host: None
[2026-03-29T18:03:48.860+0000] {subprocess.py:106} INFO - [0m18:03:48    port: None
[2026-03-29T18:03:48.861+0000] {subprocess.py:106} INFO - [0m18:03:48    proxy_host: None
[2026-03-29T18:03:48.861+0000] {subprocess.py:106} INFO - [0m18:03:48    proxy_port: None
[2026-03-29T18:03:48.861+0000] {subprocess.py:106} INFO - [0m18:03:48    protocol: None
[2026-03-29T18:03:48.862+0000] {subprocess.py:106} INFO - [0m18:03:48    connect_retries: 1
[2026-03-29T18:03:48.862+0000] {subprocess.py:106} INFO - [0m18:03:48    connect_timeout: None
[2026-03-29T18:03:48.862+0000] {subprocess.py:106} INFO - [0m18:03:48    retry_on_database_errors: False
[2026-03-29T18:03:48.863+0000] {subprocess.py:106} INFO - [0m18:03:48    retry_all: False
[2026-03-29T18:03:48.863+0000] {subprocess.py:106} INFO - [0m18:03:48    insecure_mode: False
[2026-03-29T18:03:48.863+0000] {subprocess.py:106} INFO - [0m18:03:48    reuse_connections: True
[2026-03-29T18:03:48.864+0000] {subprocess.py:106} INFO - [0m18:03:48    s3_stage_vpce_dns_name: None
[2026-03-29T18:03:48.864+0000] {subprocess.py:106} INFO - [0m18:03:48    platform_detection_timeout_seconds: 0.0
[2026-03-29T18:03:48.865+0000] {subprocess.py:106} INFO - [0m18:03:48  Registered adapter: snowflake=1.11.3
[2026-03-29T18:04:37.230+0000] {subprocess.py:106} INFO - [0m18:04:37    Connection test: [[32mOK connection ok[0m]
[2026-03-29T18:04:37.237+0000] {subprocess.py:106} INFO - 
[2026-03-29T18:04:37.239+0000] {subprocess.py:106} INFO - [0m18:04:37  [31m1 check failed:[0m
[2026-03-29T18:04:37.239+0000] {subprocess.py:106} INFO - [0m18:04:37  Error from git --help: Could not find command, ensure it is in the user's PATH: "git"
[2026-03-29T18:04:37.239+0000] {subprocess.py:106} INFO - 
[2026-03-29T18:04:49.146+0000] {subprocess.py:110} INFO - Command exited with return code 1
[2026-03-29T18:04:49.149+0000] {taskinstance.py:441} INFO - ::group::Post task execution logs
[2026-03-29T18:04:49.164+0000] {taskinstance.py:2905} ERROR - Task failed with exception
Traceback (most recent call last):
  File "/home/airflow/.local/lib/python3.12/site-packages/airflow/models/taskinstance.py", line 465, in _execute_task
    result = _execute_callable(context=context, **execute_callable_kwargs)
             ^^^^^^^^^^^^^^^^^^^^^^^^^^^^^^^^^^^^^^^^^^^^^^^^^^^^^^^^^^^^^
  File "/home/airflow/.local/lib/python3.12/site-packages/airflow/models/taskinstance.py", line 432, in _execute_callable
    return execute_callable(context=context, **execute_callable_kwargs)
           ^^^^^^^^^^^^^^^^^^^^^^^^^^^^^^^^^^^^^^^^^^^^^^^^^^^^^^^^^^^^
  File "/home/airflow/.local/lib/python3.12/site-packages/airflow/models/baseoperator.py", line 401, in wrapper
    return func(self, *args, **kwargs)
           ^^^^^^^^^^^^^^^^^^^^^^^^^^^
  File "/home/airflow/.local/lib/python3.12/site-packages/airflow/providers/standard/operators/bash.py", line 233, in execute
    raise AirflowException(
airflow.exceptions.AirflowException: Bash command failed. The command returned a non-zero exit code 1.
[2026-03-29T18:04:49.169+0000] {taskinstance.py:1206} INFO - Marking task as UP_FOR_RETRY. dag_id=banking_01_bronze_layer, task_id=debug, run_id=scheduled__2026-03-29T17:30:00+00:00, execution_date=20260329T173000, start_date=20260329T180346, end_date=20260329T180449
[2026-03-29T18:04:49.185+0000] {standard_task_runner.py:110} ERROR - Failed to execute job 7295 for task debug (Bash command failed. The command returned a non-zero exit code 1.; 3537)
[2026-03-29T18:04:49.197+0000] {local_task_job_runner.py:243} INFO - Task exited with return code 1
[2026-03-29T18:04:49.211+0000] {taskinstance.py:3503} INFO - 0 downstream tasks scheduled from follow-on schedule check
[2026-03-29T18:04:49.211+0000] {local_task_job_runner.py:222} INFO - ::endgroup::
