[2026-03-30T21:02:23.168+0000] {local_task_job_runner.py:120} INFO - ::group::Pre task execution logs
[2026-03-30T21:02:23.184+0000] {taskinstance.py:2076} INFO - Dependencies all met for dep_context=non-requeueable deps ti=<TaskInstance: banking_01_bronze_layer.compile scheduled__2026-03-30T19:00:00+00:00 [queued]>
[2026-03-30T21:02:23.187+0000] {taskinstance.py:2076} INFO - Dependencies all met for dep_context=requeueable deps ti=<TaskInstance: banking_01_bronze_layer.compile scheduled__2026-03-30T19:00:00+00:00 [queued]>
[2026-03-30T21:02:23.187+0000] {taskinstance.py:2306} INFO - Starting attempt 1 of 2
[2026-03-30T21:02:23.193+0000] {taskinstance.py:2330} INFO - Executing <Task(BashOperator): compile> on 2026-03-30 19:00:00+00:00
[2026-03-30T21:02:23.197+0000] {standard_task_runner.py:64} INFO - Started process 25046 to run task
[2026-03-30T21:02:23.199+0000] {standard_task_runner.py:90} INFO - Running: ['***', 'tasks', 'run', 'banking_01_bronze_layer', 'compile', 'scheduled__2026-03-30T19:00:00+00:00', '--job-id', '8727', '--raw', '--subdir', 'DAGS_FOLDER/dbt.py', '--cfg-path', '/tmp/tmp8gfpsukk']
[2026-03-30T21:02:23.201+0000] {standard_task_runner.py:91} INFO - Job 8727: Subtask compile
[2026-03-30T21:02:23.245+0000] {task_command.py:426} INFO - Running <TaskInstance: banking_01_bronze_layer.compile scheduled__2026-03-30T19:00:00+00:00 [running]> on host c990dffe13ae
[2026-03-30T21:02:23.307+0000] {taskinstance.py:2648} INFO - Exporting env vars: AIRFLOW_CTX_DAG_OWNER='risheek' AIRFLOW_CTX_DAG_ID='banking_01_bronze_layer' AIRFLOW_CTX_TASK_ID='compile' AIRFLOW_CTX_EXECUTION_DATE='2026-03-30T19:00:00+00:00' AIRFLOW_CTX_TRY_NUMBER='1' AIRFLOW_CTX_DAG_RUN_ID='scheduled__2026-03-30T19:00:00+00:00'
[2026-03-30T21:02:23.308+0000] {taskinstance.py:430} INFO - ::endgroup::
[2026-03-30T21:02:23.308+0000] {subprocess.py:78} INFO - Tmp dir root location: /tmp
[2026-03-30T21:02:23.309+0000] {subprocess.py:88} INFO - Running command: ['/usr/bin/bash', '-c', 'dbt compile --profiles-dir /opt/***/dbt/trans_snowf']
[2026-03-30T21:02:23.313+0000] {subprocess.py:99} INFO - Output:
[2026-03-30T21:02:24.714+0000] {subprocess.py:106} INFO - [0m21:02:24  Running with dbt=1.11.7
[2026-03-30T21:02:25.254+0000] {subprocess.py:106} INFO - [0m21:02:25  Registered adapter: snowflake=1.11.3
[2026-03-30T21:02:25.409+0000] {subprocess.py:106} INFO - [0m21:02:25  [[33mWARNING[0m]: Configuration paths exist in your dbt_project.yml file which do not apply to any resources.
[2026-03-30T21:02:25.409+0000] {subprocess.py:106} INFO - There are 1 unused configuration paths:
[2026-03-30T21:02:25.409+0000] {subprocess.py:106} INFO - - models.trans_snowf.example
[2026-03-30T21:02:25.501+0000] {subprocess.py:106} INFO - [0m21:02:25  Found 14 models, 3 sources, 522 macros
[2026-03-30T21:02:25.503+0000] {subprocess.py:106} INFO - [0m21:02:25
[2026-03-30T21:02:25.503+0000] {subprocess.py:106} INFO - [0m21:02:25  Concurrency: 1 threads (target='dev')
[2026-03-30T21:02:25.504+0000] {subprocess.py:106} INFO - [0m21:02:25
[2026-03-30T21:02:27.756+0000] {subprocess.py:106} INFO - [0m21:02:27  Encountered an error:
[2026-03-30T21:02:27.758+0000] {subprocess.py:106} INFO - Database Error
[2026-03-30T21:02:27.759+0000] {subprocess.py:106} INFO -   250001 (08001): Failed to connect to DB: BBMCDSP-CT02489.snowflakecomputing.com:443. JWT token is invalid. [18f65db9-ab32-42a0-9843-161c6226f42e]
[2026-03-30T21:02:32.728+0000] {subprocess.py:110} INFO - Command exited with return code 2
[2026-03-30T21:02:32.731+0000] {taskinstance.py:441} INFO - ::group::Post task execution logs
[2026-03-30T21:02:32.750+0000] {taskinstance.py:2905} ERROR - Task failed with exception
Traceback (most recent call last):
  File "/home/airflow/.local/lib/python3.12/site-packages/airflow/models/taskinstance.py", line 465, in _execute_task
    result = _execute_callable(context=context, **execute_callable_kwargs)
             ^^^^^^^^^^^^^^^^^^^^^^^^^^^^^^^^^^^^^^^^^^^^^^^^^^^^^^^^^^^^^
  File "/home/airflow/.local/lib/python3.12/site-packages/airflow/models/taskinstance.py", line 432, in _execute_callable
    return execute_callable(context=context, **execute_callable_kwargs)
           ^^^^^^^^^^^^^^^^^^^^^^^^^^^^^^^^^^^^^^^^^^^^^^^^^^^^^^^^^^^^
  File "/home/airflow/.local/lib/python3.12/site-packages/airflow/models/baseoperator.py", line 401, in wrapper
    return func(self, *args, **kwargs)
           ^^^^^^^^^^^^^^^^^^^^^^^^^^^
  File "/home/airflow/.local/lib/python3.12/site-packages/airflow/providers/standard/operators/bash.py", line 233, in execute
    raise AirflowException(
airflow.exceptions.AirflowException: Bash command failed. The command returned a non-zero exit code 2.
[2026-03-30T21:02:32.756+0000] {taskinstance.py:1206} INFO - Marking task as UP_FOR_RETRY. dag_id=banking_01_bronze_layer, task_id=compile, run_id=scheduled__2026-03-30T19:00:00+00:00, execution_date=20260330T190000, start_date=20260330T210223, end_date=20260330T210232
[2026-03-30T21:02:32.772+0000] {standard_task_runner.py:110} ERROR - Failed to execute job 8727 for task compile (Bash command failed. The command returned a non-zero exit code 2.; 25046)
[2026-03-30T21:02:32.780+0000] {local_task_job_runner.py:243} INFO - Task exited with return code 1
[2026-03-30T21:02:32.802+0000] {taskinstance.py:3503} INFO - 0 downstream tasks scheduled from follow-on schedule check
[2026-03-30T21:02:32.803+0000] {local_task_job_runner.py:222} INFO - ::endgroup::
