[2026-03-30T12:47:21.089+0000] {local_task_job_runner.py:120} INFO - ::group::Pre task execution logs
[2026-03-30T12:47:21.104+0000] {taskinstance.py:2076} INFO - Dependencies all met for dep_context=non-requeueable deps ti=<TaskInstance: banking_01_bronze_layer.compile scheduled__2026-03-30T11:30:00+00:00 [queued]>
[2026-03-30T12:47:21.108+0000] {taskinstance.py:2076} INFO - Dependencies all met for dep_context=requeueable deps ti=<TaskInstance: banking_01_bronze_layer.compile scheduled__2026-03-30T11:30:00+00:00 [queued]>
[2026-03-30T12:47:21.108+0000] {taskinstance.py:2306} INFO - Starting attempt 1 of 2
[2026-03-30T12:47:21.114+0000] {taskinstance.py:2330} INFO - Executing <Task(BashOperator): compile> on 2026-03-30 11:30:00+00:00
[2026-03-30T12:47:21.116+0000] {standard_task_runner.py:64} INFO - Started process 10230 to run task
[2026-03-30T12:47:21.119+0000] {standard_task_runner.py:90} INFO - Running: ['***', 'tasks', 'run', 'banking_01_bronze_layer', 'compile', 'scheduled__2026-03-30T11:30:00+00:00', '--job-id', '7989', '--raw', '--subdir', 'DAGS_FOLDER/dbt.py', '--cfg-path', '/tmp/tmpejnujulp']
[2026-03-30T12:47:21.120+0000] {standard_task_runner.py:91} INFO - Job 7989: Subtask compile
[2026-03-30T12:47:21.147+0000] {task_command.py:426} INFO - Running <TaskInstance: banking_01_bronze_layer.compile scheduled__2026-03-30T11:30:00+00:00 [running]> on host c990dffe13ae
[2026-03-30T12:47:21.193+0000] {taskinstance.py:2648} INFO - Exporting env vars: AIRFLOW_CTX_DAG_OWNER='risheek' AIRFLOW_CTX_DAG_ID='banking_01_bronze_layer' AIRFLOW_CTX_TASK_ID='compile' AIRFLOW_CTX_EXECUTION_DATE='2026-03-30T11:30:00+00:00' AIRFLOW_CTX_TRY_NUMBER='1' AIRFLOW_CTX_DAG_RUN_ID='scheduled__2026-03-30T11:30:00+00:00'
[2026-03-30T12:47:21.194+0000] {taskinstance.py:430} INFO - ::endgroup::
[2026-03-30T12:47:21.194+0000] {subprocess.py:78} INFO - Tmp dir root location: /tmp
[2026-03-30T12:47:21.195+0000] {subprocess.py:88} INFO - Running command: ['/usr/bin/bash', '-c', 'dbt compile --profiles-dir /opt/***/dbt/trans_snowf']
[2026-03-30T12:47:21.199+0000] {subprocess.py:99} INFO - Output:
[2026-03-30T12:47:22.536+0000] {subprocess.py:106} INFO - [0m12:47:22  Running with dbt=1.11.7
[2026-03-30T12:47:23.052+0000] {subprocess.py:106} INFO - [0m12:47:23  Registered adapter: snowflake=1.11.3
[2026-03-30T12:47:23.193+0000] {subprocess.py:106} INFO - [0m12:47:23  [[33mWARNING[0m]: Configuration paths exist in your dbt_project.yml file which do not apply to any resources.
[2026-03-30T12:47:23.193+0000] {subprocess.py:106} INFO - There are 1 unused configuration paths:
[2026-03-30T12:47:23.193+0000] {subprocess.py:106} INFO - - models.trans_snowf.example
[2026-03-30T12:47:23.284+0000] {subprocess.py:106} INFO - [0m12:47:23  Found 14 models, 3 sources, 522 macros
[2026-03-30T12:47:23.286+0000] {subprocess.py:106} INFO - [0m12:47:23
[2026-03-30T12:47:23.286+0000] {subprocess.py:106} INFO - [0m12:47:23  Concurrency: 1 threads (target='dev')
[2026-03-30T12:47:23.287+0000] {subprocess.py:106} INFO - [0m12:47:23
[2026-03-30T12:47:27.897+0000] {subprocess.py:110} INFO - Command exited with return code 0
[2026-03-30T12:47:27.903+0000] {taskinstance.py:441} INFO - ::group::Post task execution logs
[2026-03-30T12:47:27.943+0000] {taskinstance.py:1206} INFO - Marking task as SUCCESS. dag_id=banking_01_bronze_layer, task_id=compile, run_id=scheduled__2026-03-30T11:30:00+00:00, execution_date=20260330T113000, start_date=20260330T124721, end_date=20260330T124727
[2026-03-30T12:47:27.980+0000] {local_task_job_runner.py:243} INFO - Task exited with return code 0
[2026-03-30T12:47:27.995+0000] {taskinstance.py:3503} INFO - 0 downstream tasks scheduled from follow-on schedule check
[2026-03-30T12:47:27.996+0000] {local_task_job_runner.py:222} INFO - ::endgroup::
