[2026-03-29T08:27:44.807+0000] {local_task_job_runner.py:120} INFO - ::group::Pre task execution logs
[2026-03-29T08:27:44.841+0000] {taskinstance.py:2076} INFO - Dependencies all met for dep_context=non-requeueable deps ti=<TaskInstance: banking_01_bronze_layer.debug manual__2026-03-29T08:27:41.971099+00:00 [queued]>
[2026-03-29T08:27:44.847+0000] {taskinstance.py:2076} INFO - Dependencies all met for dep_context=requeueable deps ti=<TaskInstance: banking_01_bronze_layer.debug manual__2026-03-29T08:27:41.971099+00:00 [queued]>
[2026-03-29T08:27:44.847+0000] {taskinstance.py:2306} INFO - Starting attempt 1 of 2
[2026-03-29T08:27:44.860+0000] {taskinstance.py:2330} INFO - Executing <Task(BashOperator): debug> on 2026-03-29 08:27:41.971099+00:00
[2026-03-29T08:27:44.866+0000] {standard_task_runner.py:64} INFO - Started process 40 to run task
[2026-03-29T08:27:44.867+0000] {standard_task_runner.py:90} INFO - Running: ['***', 'tasks', 'run', 'banking_01_bronze_layer', 'debug', 'manual__2026-03-29T08:27:41.971099+00:00', '--job-id', '7169', '--raw', '--subdir', 'DAGS_FOLDER/dbt.py', '--cfg-path', '/tmp/tmpcot0h146']
[2026-03-29T08:27:44.884+0000] {standard_task_runner.py:91} INFO - Job 7169: Subtask debug
[2026-03-29T08:27:44.957+0000] {task_command.py:426} INFO - Running <TaskInstance: banking_01_bronze_layer.debug manual__2026-03-29T08:27:41.971099+00:00 [running]> on host c990dffe13ae
[2026-03-29T08:27:45.037+0000] {taskinstance.py:2648} INFO - Exporting env vars: AIRFLOW_CTX_DAG_OWNER='risheek' AIRFLOW_CTX_DAG_ID='banking_01_bronze_layer' AIRFLOW_CTX_TASK_ID='debug' AIRFLOW_CTX_EXECUTION_DATE='2026-03-29T08:27:41.971099+00:00' AIRFLOW_CTX_TRY_NUMBER='1' AIRFLOW_CTX_DAG_RUN_ID='manual__2026-03-29T08:27:41.971099+00:00'
[2026-03-29T08:27:45.038+0000] {taskinstance.py:430} INFO - ::endgroup::
[2026-03-29T08:27:45.038+0000] {subprocess.py:78} INFO - Tmp dir root location: /tmp
[2026-03-29T08:27:45.039+0000] {subprocess.py:88} INFO - Running command: ['/usr/bin/bash', '-c', 'dbt debug --profiles-dir /opt/***/dbt/trans_snowf']
[2026-03-29T08:27:45.042+0000] {subprocess.py:99} INFO - Output:
[2026-03-29T08:27:46.957+0000] {subprocess.py:106} INFO - [0m08:27:46  Running with dbt=1.11.7
[2026-03-29T08:27:46.966+0000] {subprocess.py:106} INFO - [0m08:27:46  dbt version: 1.11.7
[2026-03-29T08:27:46.966+0000] {subprocess.py:106} INFO - [0m08:27:46  python version: 3.12.4
[2026-03-29T08:27:46.967+0000] {subprocess.py:106} INFO - [0m08:27:46  python path: /home/***/.local/bin/python
[2026-03-29T08:27:46.967+0000] {subprocess.py:106} INFO - [0m08:27:46  os info: Linux-6.12.76-linuxkit-aarch64-with-glibc2.36
[2026-03-29T08:27:47.694+0000] {subprocess.py:106} INFO - [0m08:27:47  Using profiles dir at /opt/***/dbt/trans_snowf
[2026-03-29T08:27:47.696+0000] {subprocess.py:106} INFO - [0m08:27:47  Using profiles.yml file at /opt/***/dbt/trans_snowf/profiles.yml
[2026-03-29T08:27:47.696+0000] {subprocess.py:106} INFO - [0m08:27:47  Using dbt_project.yml file at /opt/***/dbt/trans_snowf/dbt_project.yml
[2026-03-29T08:27:47.697+0000] {subprocess.py:106} INFO - [0m08:27:47  adapter type: snowflake
[2026-03-29T08:27:47.697+0000] {subprocess.py:106} INFO - [0m08:27:47  adapter version: 1.11.3
[2026-03-29T08:27:47.766+0000] {subprocess.py:106} INFO - [0m08:27:47  Configuration:
[2026-03-29T08:27:47.766+0000] {subprocess.py:106} INFO - [0m08:27:47    profiles.yml file [[32mOK found and valid[0m]
[2026-03-29T08:27:47.767+0000] {subprocess.py:106} INFO - [0m08:27:47    dbt_project.yml file [[32mOK found and valid[0m]
[2026-03-29T08:27:47.767+0000] {subprocess.py:106} INFO - [0m08:27:47  Required dependencies:
[2026-03-29T08:27:47.768+0000] {subprocess.py:106} INFO - [0m08:27:47   - git [[31mERROR[0m]
[2026-03-29T08:27:47.768+0000] {subprocess.py:106} INFO - 
[2026-03-29T08:27:47.769+0000] {subprocess.py:106} INFO - [0m08:27:47  Connection:
[2026-03-29T08:27:47.769+0000] {subprocess.py:106} INFO - [0m08:27:47    account: BBMCDSP-CT02489
[2026-03-29T08:27:47.769+0000] {subprocess.py:106} INFO - [0m08:27:47    user: user123
[2026-03-29T08:27:47.770+0000] {subprocess.py:106} INFO - [0m08:27:47    database: BANKING
[2026-03-29T08:27:47.770+0000] {subprocess.py:106} INFO - [0m08:27:47    warehouse: COMPUTE_WH
[2026-03-29T08:27:47.770+0000] {subprocess.py:106} INFO - [0m08:27:47    role: dbtadmin
[2026-03-29T08:27:47.771+0000] {subprocess.py:106} INFO - [0m08:27:47    schema: PUBLIC
[2026-03-29T08:27:47.771+0000] {subprocess.py:106} INFO - [0m08:27:47    authenticator: None
[2026-03-29T08:27:47.771+0000] {subprocess.py:106} INFO - [0m08:27:47    oauth_client_id: None
[2026-03-29T08:27:47.772+0000] {subprocess.py:106} INFO - [0m08:27:47    query_tag: None
[2026-03-29T08:27:47.772+0000] {subprocess.py:106} INFO - [0m08:27:47    client_session_keep_alive: False
[2026-03-29T08:27:47.772+0000] {subprocess.py:106} INFO - [0m08:27:47    host: None
[2026-03-29T08:27:47.773+0000] {subprocess.py:106} INFO - [0m08:27:47    port: None
[2026-03-29T08:27:47.773+0000] {subprocess.py:106} INFO - [0m08:27:47    proxy_host: None
[2026-03-29T08:27:47.773+0000] {subprocess.py:106} INFO - [0m08:27:47    proxy_port: None
[2026-03-29T08:27:47.774+0000] {subprocess.py:106} INFO - [0m08:27:47    protocol: None
[2026-03-29T08:27:47.774+0000] {subprocess.py:106} INFO - [0m08:27:47    connect_retries: 1
[2026-03-29T08:27:47.774+0000] {subprocess.py:106} INFO - [0m08:27:47    connect_timeout: None
[2026-03-29T08:27:47.775+0000] {subprocess.py:106} INFO - [0m08:27:47    retry_on_database_errors: False
[2026-03-29T08:27:47.775+0000] {subprocess.py:106} INFO - [0m08:27:47    retry_all: False
[2026-03-29T08:27:47.775+0000] {subprocess.py:106} INFO - [0m08:27:47    insecure_mode: False
[2026-03-29T08:27:47.775+0000] {subprocess.py:106} INFO - [0m08:27:47    reuse_connections: True
[2026-03-29T08:27:47.776+0000] {subprocess.py:106} INFO - [0m08:27:47    s3_stage_vpce_dns_name: None
[2026-03-29T08:27:47.777+0000] {subprocess.py:106} INFO - [0m08:27:47    platform_detection_timeout_seconds: 0.0
[2026-03-29T08:27:47.777+0000] {subprocess.py:106} INFO - [0m08:27:47  Registered adapter: snowflake=1.11.3
[2026-03-29T08:27:48.937+0000] {subprocess.py:106} INFO - [0m08:27:48    Connection test: [[32mOK connection ok[0m]
[2026-03-29T08:27:48.940+0000] {subprocess.py:106} INFO - 
[2026-03-29T08:27:48.940+0000] {subprocess.py:106} INFO - [0m08:27:48  [31m1 check failed:[0m
[2026-03-29T08:27:48.941+0000] {subprocess.py:106} INFO - [0m08:27:48  Error from git --help: Could not find command, ensure it is in the user's PATH: "git"
[2026-03-29T08:27:48.941+0000] {subprocess.py:106} INFO - 
[2026-03-29T08:27:51.166+0000] {subprocess.py:110} INFO - Command exited with return code 1
[2026-03-29T08:27:51.168+0000] {taskinstance.py:441} INFO - ::group::Post task execution logs
[2026-03-29T08:27:51.188+0000] {taskinstance.py:2905} ERROR - Task failed with exception
Traceback (most recent call last):
  File "/home/airflow/.local/lib/python3.12/site-packages/airflow/models/taskinstance.py", line 465, in _execute_task
    result = _execute_callable(context=context, **execute_callable_kwargs)
             ^^^^^^^^^^^^^^^^^^^^^^^^^^^^^^^^^^^^^^^^^^^^^^^^^^^^^^^^^^^^^
  File "/home/airflow/.local/lib/python3.12/site-packages/airflow/models/taskinstance.py", line 432, in _execute_callable
    return execute_callable(context=context, **execute_callable_kwargs)
           ^^^^^^^^^^^^^^^^^^^^^^^^^^^^^^^^^^^^^^^^^^^^^^^^^^^^^^^^^^^^
  File "/home/airflow/.local/lib/python3.12/site-packages/airflow/models/baseoperator.py", line 401, in wrapper
    return func(self, *args, **kwargs)
           ^^^^^^^^^^^^^^^^^^^^^^^^^^^
  File "/home/airflow/.local/lib/python3.12/site-packages/airflow/providers/standard/operators/bash.py", line 233, in execute
    raise AirflowException(
airflow.exceptions.AirflowException: Bash command failed. The command returned a non-zero exit code 1.
[2026-03-29T08:27:51.193+0000] {taskinstance.py:1206} INFO - Marking task as UP_FOR_RETRY. dag_id=banking_01_bronze_layer, task_id=debug, run_id=manual__2026-03-29T08:27:41.971099+00:00, execution_date=20260329T082741, start_date=20260329T082744, end_date=20260329T082751
[2026-03-29T08:27:51.206+0000] {standard_task_runner.py:110} ERROR - Failed to execute job 7169 for task debug (Bash command failed. The command returned a non-zero exit code 1.; 40)
[2026-03-29T08:27:51.227+0000] {local_task_job_runner.py:243} INFO - Task exited with return code 1
[2026-03-29T08:27:51.239+0000] {taskinstance.py:3503} INFO - 0 downstream tasks scheduled from follow-on schedule check
[2026-03-29T08:27:51.240+0000] {local_task_job_runner.py:222} INFO - ::endgroup::
