[2026-04-03T07:00:53.046+0000] {local_task_job_runner.py:120} INFO - ::group::Pre task execution logs
[2026-04-03T07:00:53.061+0000] {taskinstance.py:2076} INFO - Dependencies all met for dep_context=non-requeueable deps ti=<TaskInstance: banking_01_bronze_layer.compile manual__2026-04-03T07:00:50.124303+00:00 [queued]>
[2026-04-03T07:00:53.065+0000] {taskinstance.py:2076} INFO - Dependencies all met for dep_context=requeueable deps ti=<TaskInstance: banking_01_bronze_layer.compile manual__2026-04-03T07:00:50.124303+00:00 [queued]>
[2026-04-03T07:00:53.065+0000] {taskinstance.py:2306} INFO - Starting attempt 1 of 2
[2026-04-03T07:00:53.074+0000] {taskinstance.py:2330} INFO - Executing <Task(BashOperator): compile> on 2026-04-03 07:00:50.124303+00:00
[2026-04-03T07:00:53.076+0000] {standard_task_runner.py:64} INFO - Started process 1936 to run task
[2026-04-03T07:00:53.078+0000] {standard_task_runner.py:90} INFO - Running: ['***', 'tasks', 'run', 'banking_01_bronze_layer', 'compile', 'manual__2026-04-03T07:00:50.124303+00:00', '--job-id', '9628', '--raw', '--subdir', 'DAGS_FOLDER/dbt.py', '--cfg-path', '/tmp/tmp5hqppdxk']
[2026-04-03T07:00:53.079+0000] {standard_task_runner.py:91} INFO - Job 9628: Subtask compile
[2026-04-03T07:00:53.105+0000] {task_command.py:426} INFO - Running <TaskInstance: banking_01_bronze_layer.compile manual__2026-04-03T07:00:50.124303+00:00 [running]> on host c990dffe13ae
[2026-04-03T07:00:53.147+0000] {taskinstance.py:2648} INFO - Exporting env vars: AIRFLOW_CTX_DAG_OWNER='risheek' AIRFLOW_CTX_DAG_ID='banking_01_bronze_layer' AIRFLOW_CTX_TASK_ID='compile' AIRFLOW_CTX_EXECUTION_DATE='2026-04-03T07:00:50.124303+00:00' AIRFLOW_CTX_TRY_NUMBER='1' AIRFLOW_CTX_DAG_RUN_ID='manual__2026-04-03T07:00:50.124303+00:00'
[2026-04-03T07:00:53.148+0000] {taskinstance.py:430} INFO - ::endgroup::
[2026-04-03T07:00:53.148+0000] {subprocess.py:78} INFO - Tmp dir root location: /tmp
[2026-04-03T07:00:53.149+0000] {subprocess.py:88} INFO - Running command: ['/usr/bin/bash', '-c', 'dbt compile --profiles-dir /opt/***/dbt/trans_snowf']
[2026-04-03T07:00:53.156+0000] {subprocess.py:99} INFO - Output:
[2026-04-03T07:00:54.505+0000] {subprocess.py:106} INFO - [0m07:00:54  Running with dbt=1.11.7
[2026-04-03T07:00:55.053+0000] {subprocess.py:106} INFO - [0m07:00:55  Registered adapter: snowflake=1.11.3
[2026-04-03T07:00:55.327+0000] {subprocess.py:106} INFO - [0m07:00:55  [[33mWARNING[0m]: Configuration paths exist in your dbt_project.yml file which do not apply to any resources.
[2026-04-03T07:00:55.327+0000] {subprocess.py:106} INFO - There are 1 unused configuration paths:
[2026-04-03T07:00:55.330+0000] {subprocess.py:106} INFO - - models.trans_snowf.example
[2026-04-03T07:00:55.470+0000] {subprocess.py:106} INFO - [0m07:00:55  Found 14 models, 3 sources, 524 macros
[2026-04-03T07:00:55.472+0000] {subprocess.py:106} INFO - [0m07:00:55
[2026-04-03T07:00:55.472+0000] {subprocess.py:106} INFO - [0m07:00:55  Concurrency: 1 threads (target='dev')
[2026-04-03T07:00:55.473+0000] {subprocess.py:106} INFO - [0m07:00:55
[2026-04-03T07:01:03.522+0000] {subprocess.py:110} INFO - Command exited with return code 0
[2026-04-03T07:01:03.528+0000] {taskinstance.py:441} INFO - ::group::Post task execution logs
[2026-04-03T07:01:03.561+0000] {taskinstance.py:1206} INFO - Marking task as SUCCESS. dag_id=banking_01_bronze_layer, task_id=compile, run_id=manual__2026-04-03T07:00:50.124303+00:00, execution_date=20260403T070050, start_date=20260403T070053, end_date=20260403T070103
[2026-04-03T07:01:03.605+0000] {local_task_job_runner.py:243} INFO - Task exited with return code 0
[2026-04-03T07:01:03.625+0000] {taskinstance.py:3503} INFO - 1 downstream tasks scheduled from follow-on schedule check
[2026-04-03T07:01:03.626+0000] {local_task_job_runner.py:222} INFO - ::endgroup::
