[2026-03-29T11:30:02.252+0000] {local_task_job_runner.py:120} INFO - ::group::Pre task execution logs
[2026-03-29T11:30:02.268+0000] {taskinstance.py:2076} INFO - Dependencies all met for dep_context=non-requeueable deps ti=<TaskInstance: banking_01_bronze_layer.debug scheduled__2026-03-29T11:00:00+00:00 [queued]>
[2026-03-29T11:30:02.271+0000] {taskinstance.py:2076} INFO - Dependencies all met for dep_context=requeueable deps ti=<TaskInstance: banking_01_bronze_layer.debug scheduled__2026-03-29T11:00:00+00:00 [queued]>
[2026-03-29T11:30:02.271+0000] {taskinstance.py:2306} INFO - Starting attempt 1 of 2
[2026-03-29T11:30:02.277+0000] {taskinstance.py:2330} INFO - Executing <Task(BashOperator): debug> on 2026-03-29 11:00:00+00:00
[2026-03-29T11:30:02.279+0000] {standard_task_runner.py:64} INFO - Started process 1275 to run task
[2026-03-29T11:30:02.281+0000] {standard_task_runner.py:90} INFO - Running: ['***', 'tasks', 'run', 'banking_01_bronze_layer', 'debug', 'scheduled__2026-03-29T11:00:00+00:00', '--job-id', '7219', '--raw', '--subdir', 'DAGS_FOLDER/dbt.py', '--cfg-path', '/tmp/tmpk4x8so57']
[2026-03-29T11:30:02.283+0000] {standard_task_runner.py:91} INFO - Job 7219: Subtask debug
[2026-03-29T11:30:02.314+0000] {task_command.py:426} INFO - Running <TaskInstance: banking_01_bronze_layer.debug scheduled__2026-03-29T11:00:00+00:00 [running]> on host c990dffe13ae
[2026-03-29T11:30:02.359+0000] {taskinstance.py:2648} INFO - Exporting env vars: AIRFLOW_CTX_DAG_OWNER='risheek' AIRFLOW_CTX_DAG_ID='banking_01_bronze_layer' AIRFLOW_CTX_TASK_ID='debug' AIRFLOW_CTX_EXECUTION_DATE='2026-03-29T11:00:00+00:00' AIRFLOW_CTX_TRY_NUMBER='1' AIRFLOW_CTX_DAG_RUN_ID='scheduled__2026-03-29T11:00:00+00:00'
[2026-03-29T11:30:02.360+0000] {taskinstance.py:430} INFO - ::endgroup::
[2026-03-29T11:30:02.360+0000] {subprocess.py:78} INFO - Tmp dir root location: /tmp
[2026-03-29T11:30:02.361+0000] {subprocess.py:88} INFO - Running command: ['/usr/bin/bash', '-c', 'dbt debug --profiles-dir /opt/***/dbt/trans_snowf']
[2026-03-29T11:30:02.367+0000] {subprocess.py:99} INFO - Output:
[2026-03-29T11:30:03.589+0000] {subprocess.py:106} INFO - [0m11:30:03  Running with dbt=1.11.7
[2026-03-29T11:30:03.595+0000] {subprocess.py:106} INFO - [0m11:30:03  dbt version: 1.11.7
[2026-03-29T11:30:03.596+0000] {subprocess.py:106} INFO - [0m11:30:03  python version: 3.12.4
[2026-03-29T11:30:03.596+0000] {subprocess.py:106} INFO - [0m11:30:03  python path: /home/***/.local/bin/python
[2026-03-29T11:30:03.596+0000] {subprocess.py:106} INFO - [0m11:30:03  os info: Linux-6.12.76-linuxkit-aarch64-with-glibc2.36
[2026-03-29T11:30:04.019+0000] {subprocess.py:106} INFO - [0m11:30:04  Using profiles dir at /opt/***/dbt/trans_snowf
[2026-03-29T11:30:04.019+0000] {subprocess.py:106} INFO - [0m11:30:04  Using profiles.yml file at /opt/***/dbt/trans_snowf/profiles.yml
[2026-03-29T11:30:04.020+0000] {subprocess.py:106} INFO - [0m11:30:04  Using dbt_project.yml file at /opt/***/dbt/trans_snowf/dbt_project.yml
[2026-03-29T11:30:04.020+0000] {subprocess.py:106} INFO - [0m11:30:04  adapter type: snowflake
[2026-03-29T11:30:04.020+0000] {subprocess.py:106} INFO - [0m11:30:04  adapter version: 1.11.3
[2026-03-29T11:30:04.071+0000] {subprocess.py:106} INFO - [0m11:30:04  Configuration:
[2026-03-29T11:30:04.072+0000] {subprocess.py:106} INFO - [0m11:30:04    profiles.yml file [[32mOK found and valid[0m]
[2026-03-29T11:30:04.072+0000] {subprocess.py:106} INFO - [0m11:30:04    dbt_project.yml file [[32mOK found and valid[0m]
[2026-03-29T11:30:04.072+0000] {subprocess.py:106} INFO - [0m11:30:04  Required dependencies:
[2026-03-29T11:30:04.073+0000] {subprocess.py:106} INFO - [0m11:30:04   - git [[31mERROR[0m]
[2026-03-29T11:30:04.073+0000] {subprocess.py:106} INFO - 
[2026-03-29T11:30:04.074+0000] {subprocess.py:106} INFO - [0m11:30:04  Connection:
[2026-03-29T11:30:04.074+0000] {subprocess.py:106} INFO - [0m11:30:04    account: BBMCDSP-CT02489
[2026-03-29T11:30:04.074+0000] {subprocess.py:106} INFO - [0m11:30:04    user: user123
[2026-03-29T11:30:04.075+0000] {subprocess.py:106} INFO - [0m11:30:04    database: BANKING
[2026-03-29T11:30:04.075+0000] {subprocess.py:106} INFO - [0m11:30:04    warehouse: COMPUTE_WH
[2026-03-29T11:30:04.075+0000] {subprocess.py:106} INFO - [0m11:30:04    role: dbtadmin
[2026-03-29T11:30:04.076+0000] {subprocess.py:106} INFO - [0m11:30:04    schema: PUBLIC
[2026-03-29T11:30:04.076+0000] {subprocess.py:106} INFO - [0m11:30:04    authenticator: None
[2026-03-29T11:30:04.076+0000] {subprocess.py:106} INFO - [0m11:30:04    oauth_client_id: None
[2026-03-29T11:30:04.077+0000] {subprocess.py:106} INFO - [0m11:30:04    query_tag: None
[2026-03-29T11:30:04.077+0000] {subprocess.py:106} INFO - [0m11:30:04    client_session_keep_alive: False
[2026-03-29T11:30:04.077+0000] {subprocess.py:106} INFO - [0m11:30:04    host: None
[2026-03-29T11:30:04.077+0000] {subprocess.py:106} INFO - [0m11:30:04    port: None
[2026-03-29T11:30:04.078+0000] {subprocess.py:106} INFO - [0m11:30:04    proxy_host: None
[2026-03-29T11:30:04.078+0000] {subprocess.py:106} INFO - [0m11:30:04    proxy_port: None
[2026-03-29T11:30:04.078+0000] {subprocess.py:106} INFO - [0m11:30:04    protocol: None
[2026-03-29T11:30:04.079+0000] {subprocess.py:106} INFO - [0m11:30:04    connect_retries: 1
[2026-03-29T11:30:04.079+0000] {subprocess.py:106} INFO - [0m11:30:04    connect_timeout: None
[2026-03-29T11:30:04.079+0000] {subprocess.py:106} INFO - [0m11:30:04    retry_on_database_errors: False
[2026-03-29T11:30:04.079+0000] {subprocess.py:106} INFO - [0m11:30:04    retry_all: False
[2026-03-29T11:30:04.080+0000] {subprocess.py:106} INFO - [0m11:30:04    insecure_mode: False
[2026-03-29T11:30:04.080+0000] {subprocess.py:106} INFO - [0m11:30:04    reuse_connections: True
[2026-03-29T11:30:04.080+0000] {subprocess.py:106} INFO - [0m11:30:04    s3_stage_vpce_dns_name: None
[2026-03-29T11:30:04.081+0000] {subprocess.py:106} INFO - [0m11:30:04    platform_detection_timeout_seconds: 0.0
[2026-03-29T11:30:04.081+0000] {subprocess.py:106} INFO - [0m11:30:04  Registered adapter: snowflake=1.11.3
[2026-03-29T11:30:05.637+0000] {subprocess.py:106} INFO - [0m11:30:05    Connection test: [[32mOK connection ok[0m]
[2026-03-29T11:30:05.638+0000] {subprocess.py:106} INFO - 
[2026-03-29T11:30:05.639+0000] {subprocess.py:106} INFO - [0m11:30:05  [31m1 check failed:[0m
[2026-03-29T11:30:05.639+0000] {subprocess.py:106} INFO - [0m11:30:05  Error from git --help: Could not find command, ensure it is in the user's PATH: "git"
[2026-03-29T11:30:05.640+0000] {subprocess.py:106} INFO - 
[2026-03-29T11:30:07.998+0000] {subprocess.py:110} INFO - Command exited with return code 1
[2026-03-29T11:30:07.999+0000] {taskinstance.py:441} INFO - ::group::Post task execution logs
[2026-03-29T11:30:08.006+0000] {taskinstance.py:2905} ERROR - Task failed with exception
Traceback (most recent call last):
  File "/home/airflow/.local/lib/python3.12/site-packages/airflow/models/taskinstance.py", line 465, in _execute_task
    result = _execute_callable(context=context, **execute_callable_kwargs)
             ^^^^^^^^^^^^^^^^^^^^^^^^^^^^^^^^^^^^^^^^^^^^^^^^^^^^^^^^^^^^^
  File "/home/airflow/.local/lib/python3.12/site-packages/airflow/models/taskinstance.py", line 432, in _execute_callable
    return execute_callable(context=context, **execute_callable_kwargs)
           ^^^^^^^^^^^^^^^^^^^^^^^^^^^^^^^^^^^^^^^^^^^^^^^^^^^^^^^^^^^^
  File "/home/airflow/.local/lib/python3.12/site-packages/airflow/models/baseoperator.py", line 401, in wrapper
    return func(self, *args, **kwargs)
           ^^^^^^^^^^^^^^^^^^^^^^^^^^^
  File "/home/airflow/.local/lib/python3.12/site-packages/airflow/providers/standard/operators/bash.py", line 233, in execute
    raise AirflowException(
airflow.exceptions.AirflowException: Bash command failed. The command returned a non-zero exit code 1.
[2026-03-29T11:30:08.009+0000] {taskinstance.py:1206} INFO - Marking task as UP_FOR_RETRY. dag_id=banking_01_bronze_layer, task_id=debug, run_id=scheduled__2026-03-29T11:00:00+00:00, execution_date=20260329T110000, start_date=20260329T113002, end_date=20260329T113008
[2026-03-29T11:30:08.016+0000] {standard_task_runner.py:110} ERROR - Failed to execute job 7219 for task debug (Bash command failed. The command returned a non-zero exit code 1.; 1275)
[2026-03-29T11:30:08.058+0000] {local_task_job_runner.py:243} INFO - Task exited with return code 1
[2026-03-29T11:30:08.068+0000] {taskinstance.py:3503} INFO - 0 downstream tasks scheduled from follow-on schedule check
[2026-03-29T11:30:08.069+0000] {local_task_job_runner.py:222} INFO - ::endgroup::
