[2026-03-27T13:29:22.721+0000] {local_task_job_runner.py:120} INFO - ::group::Pre task execution logs
[2026-03-27T13:29:22.739+0000] {taskinstance.py:2076} INFO - Dependencies all met for dep_context=non-requeueable deps ti=<TaskInstance: banking_01_bronze_layer.build_bronze_cust scheduled__2026-03-27T12:00:00+00:00 [queued]>
[2026-03-27T13:29:22.743+0000] {taskinstance.py:2076} INFO - Dependencies all met for dep_context=requeueable deps ti=<TaskInstance: banking_01_bronze_layer.build_bronze_cust scheduled__2026-03-27T12:00:00+00:00 [queued]>
[2026-03-27T13:29:22.743+0000] {taskinstance.py:2306} INFO - Starting attempt 2 of 2
[2026-03-27T13:29:22.750+0000] {taskinstance.py:2330} INFO - Executing <Task(BashOperator): build_bronze_cust> on 2026-03-27 12:00:00+00:00
[2026-03-27T13:29:22.752+0000] {standard_task_runner.py:64} INFO - Started process 38180 to run task
[2026-03-27T13:29:22.754+0000] {standard_task_runner.py:90} INFO - Running: ['***', 'tasks', 'run', 'banking_01_bronze_layer', 'build_bronze_cust', 'scheduled__2026-03-27T12:00:00+00:00', '--job-id', '5441', '--raw', '--subdir', 'DAGS_FOLDER/dbt.py', '--cfg-path', '/tmp/tmpg3f3l_sa']
[2026-03-27T13:29:22.756+0000] {standard_task_runner.py:91} INFO - Job 5441: Subtask build_bronze_cust
[2026-03-27T13:29:22.786+0000] {task_command.py:426} INFO - Running <TaskInstance: banking_01_bronze_layer.build_bronze_cust scheduled__2026-03-27T12:00:00+00:00 [running]> on host c990dffe13ae
[2026-03-27T13:29:22.834+0000] {taskinstance.py:2648} INFO - Exporting env vars: AIRFLOW_CTX_DAG_OWNER='risheek' AIRFLOW_CTX_DAG_ID='banking_01_bronze_layer' AIRFLOW_CTX_TASK_ID='build_bronze_cust' AIRFLOW_CTX_EXECUTION_DATE='2026-03-27T12:00:00+00:00' AIRFLOW_CTX_TRY_NUMBER='2' AIRFLOW_CTX_DAG_RUN_ID='scheduled__2026-03-27T12:00:00+00:00'
[2026-03-27T13:29:22.835+0000] {taskinstance.py:430} INFO - ::endgroup::
[2026-03-27T13:29:22.836+0000] {subprocess.py:78} INFO - Tmp dir root location: /tmp
[2026-03-27T13:29:22.836+0000] {subprocess.py:88} INFO - Running command: ['/usr/bin/bash', '-c', 'dbt build --select bronze_cust']
[2026-03-27T13:29:22.840+0000] {subprocess.py:99} INFO - Output:
[2026-03-27T13:29:24.336+0000] {subprocess.py:106} INFO - [0m13:29:24  Running with dbt=1.11.7
[2026-03-27T13:35:33.655+0000] {subprocess.py:106} INFO - [0m13:35:33  Registered adapter: snowflake=1.11.3
[2026-03-27T13:35:33.900+0000] {subprocess.py:106} INFO - [0m13:35:33  [[33mWARNING[0m]: Configuration paths exist in your dbt_project.yml file which do not apply to any resources.
[2026-03-27T13:35:33.901+0000] {subprocess.py:106} INFO - There are 1 unused configuration paths:
[2026-03-27T13:35:33.902+0000] {subprocess.py:106} INFO - - models.trans_snowf.example
[2026-03-27T13:35:34.055+0000] {subprocess.py:106} INFO - [0m13:35:34  Found 14 models, 3 sources, 522 macros
[2026-03-27T13:35:34.057+0000] {subprocess.py:106} INFO - [0m13:35:34
[2026-03-27T13:35:34.058+0000] {subprocess.py:106} INFO - [0m13:35:34  Concurrency: 1 threads (target='dev')
[2026-03-27T13:35:34.058+0000] {subprocess.py:106} INFO - [0m13:35:34
[2026-03-27T13:35:36.642+0000] {subprocess.py:106} INFO - [0m13:35:36
[2026-03-27T13:35:36.645+0000] {subprocess.py:106} INFO - [0m13:35:36  Finished running  in 0 hours 0 minutes and 2.58 seconds (2.58s).
[2026-03-27T13:35:36.647+0000] {subprocess.py:106} INFO - [0m13:35:36  Encountered an error:
[2026-03-27T13:35:36.647+0000] {subprocess.py:106} INFO - Database Error
[2026-03-27T13:35:36.650+0000] {subprocess.py:106} INFO -   003001 (42501): SQL access control error:
[2026-03-27T13:35:36.651+0000] {subprocess.py:106} INFO -   Insufficient privileges to operate on database 'BANKING'.
[2026-03-27T13:35:37.971+0000] {subprocess.py:110} INFO - Command exited with return code 2
[2026-03-27T13:35:37.972+0000] {taskinstance.py:441} INFO - ::group::Post task execution logs
[2026-03-27T13:35:37.984+0000] {taskinstance.py:2905} ERROR - Task failed with exception
Traceback (most recent call last):
  File "/home/airflow/.local/lib/python3.12/site-packages/airflow/models/taskinstance.py", line 465, in _execute_task
    result = _execute_callable(context=context, **execute_callable_kwargs)
             ^^^^^^^^^^^^^^^^^^^^^^^^^^^^^^^^^^^^^^^^^^^^^^^^^^^^^^^^^^^^^
  File "/home/airflow/.local/lib/python3.12/site-packages/airflow/models/taskinstance.py", line 432, in _execute_callable
    return execute_callable(context=context, **execute_callable_kwargs)
           ^^^^^^^^^^^^^^^^^^^^^^^^^^^^^^^^^^^^^^^^^^^^^^^^^^^^^^^^^^^^
  File "/home/airflow/.local/lib/python3.12/site-packages/airflow/models/baseoperator.py", line 401, in wrapper
    return func(self, *args, **kwargs)
           ^^^^^^^^^^^^^^^^^^^^^^^^^^^
  File "/home/airflow/.local/lib/python3.12/site-packages/airflow/providers/standard/operators/bash.py", line 233, in execute
    raise AirflowException(
airflow.exceptions.AirflowException: Bash command failed. The command returned a non-zero exit code 2.
[2026-03-27T13:35:37.988+0000] {taskinstance.py:1206} INFO - Marking task as FAILED. dag_id=banking_01_bronze_layer, task_id=build_bronze_cust, run_id=scheduled__2026-03-27T12:00:00+00:00, execution_date=20260327T120000, start_date=20260327T132922, end_date=20260327T133537
[2026-03-27T13:35:37.997+0000] {standard_task_runner.py:110} ERROR - Failed to execute job 5441 for task build_bronze_cust (Bash command failed. The command returned a non-zero exit code 2.; 38180)
[2026-03-27T13:35:38.040+0000] {local_task_job_runner.py:243} INFO - Task exited with return code 1
[2026-03-27T13:35:38.065+0000] {taskinstance.py:3503} INFO - 0 downstream tasks scheduled from follow-on schedule check
[2026-03-27T13:35:38.065+0000] {local_task_job_runner.py:222} INFO - ::endgroup::
