[2026-03-26T19:52:25.948+0000] {local_task_job_runner.py:120} INFO - ::group::Pre task execution logs
[2026-03-26T19:52:25.968+0000] {taskinstance.py:2076} INFO - Dependencies all met for dep_context=non-requeueable deps ti=<TaskInstance: banking_01_bronze_layer.debug scheduled__2026-03-26T18:30:00+00:00 [queued]>
[2026-03-26T19:52:25.972+0000] {taskinstance.py:2076} INFO - Dependencies all met for dep_context=requeueable deps ti=<TaskInstance: banking_01_bronze_layer.debug scheduled__2026-03-26T18:30:00+00:00 [queued]>
[2026-03-26T19:52:25.972+0000] {taskinstance.py:2306} INFO - Starting attempt 2 of 2
[2026-03-26T19:52:25.981+0000] {taskinstance.py:2330} INFO - Executing <Task(BashOperator): debug> on 2026-03-26 18:30:00+00:00
[2026-03-26T19:52:25.984+0000] {standard_task_runner.py:64} INFO - Started process 5270 to run task
[2026-03-26T19:52:25.985+0000] {standard_task_runner.py:90} INFO - Running: ['***', 'tasks', 'run', 'banking_01_bronze_layer', 'debug', 'scheduled__2026-03-26T18:30:00+00:00', '--job-id', '3351', '--raw', '--subdir', 'DAGS_FOLDER/dbt.py', '--cfg-path', '/tmp/tmpc_7y7g6h']
[2026-03-26T19:52:25.987+0000] {standard_task_runner.py:91} INFO - Job 3351: Subtask debug
[2026-03-26T19:52:26.019+0000] {task_command.py:426} INFO - Running <TaskInstance: banking_01_bronze_layer.debug scheduled__2026-03-26T18:30:00+00:00 [running]> on host c990dffe13ae
[2026-03-26T19:52:26.073+0000] {taskinstance.py:2648} INFO - Exporting env vars: AIRFLOW_CTX_DAG_OWNER='risheek' AIRFLOW_CTX_DAG_ID='banking_01_bronze_layer' AIRFLOW_CTX_TASK_ID='debug' AIRFLOW_CTX_EXECUTION_DATE='2026-03-26T18:30:00+00:00' AIRFLOW_CTX_TRY_NUMBER='2' AIRFLOW_CTX_DAG_RUN_ID='scheduled__2026-03-26T18:30:00+00:00'
[2026-03-26T19:52:26.074+0000] {taskinstance.py:430} INFO - ::endgroup::
[2026-03-26T19:52:26.075+0000] {subprocess.py:78} INFO - Tmp dir root location: /tmp
[2026-03-26T19:52:26.076+0000] {subprocess.py:88} INFO - Running command: ['/usr/bin/bash', '-c', 'dbt debug --profiles-dir /opt/***/dbt/trans_snowf']
[2026-03-26T19:52:26.082+0000] {subprocess.py:99} INFO - Output:
[2026-03-26T19:52:27.591+0000] {subprocess.py:106} INFO - [0m19:52:27  Running with dbt=1.11.7
[2026-03-26T19:52:27.598+0000] {subprocess.py:106} INFO - [0m19:52:27  dbt version: 1.11.7
[2026-03-26T19:52:27.599+0000] {subprocess.py:106} INFO - [0m19:52:27  python version: 3.12.4
[2026-03-26T19:52:27.599+0000] {subprocess.py:106} INFO - [0m19:52:27  python path: /home/***/.local/bin/python
[2026-03-26T19:52:27.600+0000] {subprocess.py:106} INFO - [0m19:52:27  os info: Linux-6.12.76-linuxkit-aarch64-with-glibc2.36
[2026-03-26T19:52:28.063+0000] {subprocess.py:106} INFO - [0m19:52:28  Using profiles dir at /opt/***/dbt/trans_snowf
[2026-03-26T19:52:28.064+0000] {subprocess.py:106} INFO - [0m19:52:28  Using profiles.yml file at /opt/***/dbt/trans_snowf/profiles.yml
[2026-03-26T19:52:28.064+0000] {subprocess.py:106} INFO - [0m19:52:28  Using dbt_project.yml file at /opt/***/dbt/trans_snowf/dbt_project.yml
[2026-03-26T19:52:28.065+0000] {subprocess.py:106} INFO - [0m19:52:28  adapter type: snowflake
[2026-03-26T19:52:28.065+0000] {subprocess.py:106} INFO - [0m19:52:28  adapter version: 1.11.3
[2026-03-26T19:52:28.128+0000] {subprocess.py:106} INFO - [0m19:52:28  Configuration:
[2026-03-26T19:52:28.128+0000] {subprocess.py:106} INFO - [0m19:52:28    profiles.yml file [[32mOK found and valid[0m]
[2026-03-26T19:52:28.128+0000] {subprocess.py:106} INFO - [0m19:52:28    dbt_project.yml file [[32mOK found and valid[0m]
[2026-03-26T19:52:28.129+0000] {subprocess.py:106} INFO - [0m19:52:28  Required dependencies:
[2026-03-26T19:52:28.130+0000] {subprocess.py:106} INFO - [0m19:52:28   - git [[31mERROR[0m]
[2026-03-26T19:52:28.130+0000] {subprocess.py:106} INFO - 
[2026-03-26T19:52:28.130+0000] {subprocess.py:106} INFO - [0m19:52:28  Connection:
[2026-03-26T19:52:28.131+0000] {subprocess.py:106} INFO - [0m19:52:28    account: BBMCDSP-CT02489
[2026-03-26T19:52:28.131+0000] {subprocess.py:106} INFO - [0m19:52:28    user: user123
[2026-03-26T19:52:28.131+0000] {subprocess.py:106} INFO - [0m19:52:28    database: BANKING
[2026-03-26T19:52:28.132+0000] {subprocess.py:106} INFO - [0m19:52:28    warehouse: COMPUTE_WH
[2026-03-26T19:52:28.132+0000] {subprocess.py:106} INFO - [0m19:52:28    role: dbtadmin
[2026-03-26T19:52:28.132+0000] {subprocess.py:106} INFO - [0m19:52:28    schema: PUBLIC
[2026-03-26T19:52:28.133+0000] {subprocess.py:106} INFO - [0m19:52:28    authenticator: None
[2026-03-26T19:52:28.133+0000] {subprocess.py:106} INFO - [0m19:52:28    oauth_client_id: None
[2026-03-26T19:52:28.133+0000] {subprocess.py:106} INFO - [0m19:52:28    query_tag: None
[2026-03-26T19:52:28.134+0000] {subprocess.py:106} INFO - [0m19:52:28    client_session_keep_alive: False
[2026-03-26T19:52:28.134+0000] {subprocess.py:106} INFO - [0m19:52:28    host: None
[2026-03-26T19:52:28.134+0000] {subprocess.py:106} INFO - [0m19:52:28    port: None
[2026-03-26T19:52:28.135+0000] {subprocess.py:106} INFO - [0m19:52:28    proxy_host: None
[2026-03-26T19:52:28.135+0000] {subprocess.py:106} INFO - [0m19:52:28    proxy_port: None
[2026-03-26T19:52:28.135+0000] {subprocess.py:106} INFO - [0m19:52:28    protocol: None
[2026-03-26T19:52:28.136+0000] {subprocess.py:106} INFO - [0m19:52:28    connect_retries: 1
[2026-03-26T19:52:28.136+0000] {subprocess.py:106} INFO - [0m19:52:28    connect_timeout: None
[2026-03-26T19:52:28.136+0000] {subprocess.py:106} INFO - [0m19:52:28    retry_on_database_errors: False
[2026-03-26T19:52:28.136+0000] {subprocess.py:106} INFO - [0m19:52:28    retry_all: False
[2026-03-26T19:52:28.137+0000] {subprocess.py:106} INFO - [0m19:52:28    insecure_mode: False
[2026-03-26T19:52:28.137+0000] {subprocess.py:106} INFO - [0m19:52:28    reuse_connections: True
[2026-03-26T19:52:28.137+0000] {subprocess.py:106} INFO - [0m19:52:28    s3_stage_vpce_dns_name: None
[2026-03-26T19:52:28.138+0000] {subprocess.py:106} INFO - [0m19:52:28    platform_detection_timeout_seconds: 0.0
[2026-03-26T19:52:28.138+0000] {subprocess.py:106} INFO - [0m19:52:28  Registered adapter: snowflake=1.11.3
[2026-03-26T19:52:30.295+0000] {subprocess.py:106} INFO - [0m19:52:30    Connection test: [[32mOK connection ok[0m]
[2026-03-26T19:52:30.298+0000] {subprocess.py:106} INFO - 
[2026-03-26T19:52:30.299+0000] {subprocess.py:106} INFO - [0m19:52:30  [31m1 check failed:[0m
[2026-03-26T19:52:30.300+0000] {subprocess.py:106} INFO - [0m19:52:30  Error from git --help: Could not find command, ensure it is in the user's PATH: "git"
[2026-03-26T19:52:30.300+0000] {subprocess.py:106} INFO - 
[2026-03-26T19:52:39.432+0000] {subprocess.py:110} INFO - Command exited with return code 1
[2026-03-26T19:52:39.434+0000] {taskinstance.py:441} INFO - ::group::Post task execution logs
[2026-03-26T19:52:39.448+0000] {taskinstance.py:2905} ERROR - Task failed with exception
Traceback (most recent call last):
  File "/home/airflow/.local/lib/python3.12/site-packages/airflow/models/taskinstance.py", line 465, in _execute_task
    result = _execute_callable(context=context, **execute_callable_kwargs)
             ^^^^^^^^^^^^^^^^^^^^^^^^^^^^^^^^^^^^^^^^^^^^^^^^^^^^^^^^^^^^^
  File "/home/airflow/.local/lib/python3.12/site-packages/airflow/models/taskinstance.py", line 432, in _execute_callable
    return execute_callable(context=context, **execute_callable_kwargs)
           ^^^^^^^^^^^^^^^^^^^^^^^^^^^^^^^^^^^^^^^^^^^^^^^^^^^^^^^^^^^^
  File "/home/airflow/.local/lib/python3.12/site-packages/airflow/models/baseoperator.py", line 401, in wrapper
    return func(self, *args, **kwargs)
           ^^^^^^^^^^^^^^^^^^^^^^^^^^^
  File "/home/airflow/.local/lib/python3.12/site-packages/airflow/providers/standard/operators/bash.py", line 233, in execute
    raise AirflowException(
airflow.exceptions.AirflowException: Bash command failed. The command returned a non-zero exit code 1.
[2026-03-26T19:52:39.453+0000] {taskinstance.py:1206} INFO - Marking task as FAILED. dag_id=banking_01_bronze_layer, task_id=debug, run_id=scheduled__2026-03-26T18:30:00+00:00, execution_date=20260326T183000, start_date=20260326T195225, end_date=20260326T195239
[2026-03-26T19:52:39.464+0000] {standard_task_runner.py:110} ERROR - Failed to execute job 3351 for task debug (Bash command failed. The command returned a non-zero exit code 1.; 5270)
[2026-03-26T19:52:39.511+0000] {local_task_job_runner.py:243} INFO - Task exited with return code 1
[2026-03-26T19:52:39.533+0000] {taskinstance.py:3503} INFO - 0 downstream tasks scheduled from follow-on schedule check
[2026-03-26T19:52:39.534+0000] {local_task_job_runner.py:222} INFO - ::endgroup::
