[2026-03-26T19:00:43.972+0000] {local_task_job_runner.py:120} INFO - ::group::Pre task execution logs
[2026-03-26T19:00:43.986+0000] {taskinstance.py:2076} INFO - Dependencies all met for dep_context=non-requeueable deps ti=<TaskInstance: banking_01_bronze_layer.debug scheduled__2026-03-26T18:30:00+00:00 [queued]>
[2026-03-26T19:00:43.990+0000] {taskinstance.py:2076} INFO - Dependencies all met for dep_context=requeueable deps ti=<TaskInstance: banking_01_bronze_layer.debug scheduled__2026-03-26T18:30:00+00:00 [queued]>
[2026-03-26T19:00:43.990+0000] {taskinstance.py:2306} INFO - Starting attempt 1 of 2
[2026-03-26T19:00:43.995+0000] {taskinstance.py:2330} INFO - Executing <Task(BashOperator): debug> on 2026-03-26 18:30:00+00:00
[2026-03-26T19:00:43.997+0000] {standard_task_runner.py:64} INFO - Started process 4425 to run task
[2026-03-26T19:00:43.999+0000] {standard_task_runner.py:90} INFO - Running: ['***', 'tasks', 'run', 'banking_01_bronze_layer', 'debug', 'scheduled__2026-03-26T18:30:00+00:00', '--job-id', '3307', '--raw', '--subdir', 'DAGS_FOLDER/dbt.py', '--cfg-path', '/tmp/tmpl0ep7qx7']
[2026-03-26T19:00:44.000+0000] {standard_task_runner.py:91} INFO - Job 3307: Subtask debug
[2026-03-26T19:00:44.025+0000] {task_command.py:426} INFO - Running <TaskInstance: banking_01_bronze_layer.debug scheduled__2026-03-26T18:30:00+00:00 [running]> on host c990dffe13ae
[2026-03-26T19:00:44.071+0000] {taskinstance.py:2648} INFO - Exporting env vars: AIRFLOW_CTX_DAG_OWNER='risheek' AIRFLOW_CTX_DAG_ID='banking_01_bronze_layer' AIRFLOW_CTX_TASK_ID='debug' AIRFLOW_CTX_EXECUTION_DATE='2026-03-26T18:30:00+00:00' AIRFLOW_CTX_TRY_NUMBER='1' AIRFLOW_CTX_DAG_RUN_ID='scheduled__2026-03-26T18:30:00+00:00'
[2026-03-26T19:00:44.071+0000] {taskinstance.py:430} INFO - ::endgroup::
[2026-03-26T19:00:44.072+0000] {subprocess.py:78} INFO - Tmp dir root location: /tmp
[2026-03-26T19:00:44.072+0000] {subprocess.py:88} INFO - Running command: ['/usr/bin/bash', '-c', 'dbt debug --profiles-dir /opt/***/dbt/trans_snowf']
[2026-03-26T19:00:44.075+0000] {subprocess.py:99} INFO - Output:
[2026-03-26T19:00:45.304+0000] {subprocess.py:106} INFO - [0m19:00:45  Running with dbt=1.11.7
[2026-03-26T19:00:45.310+0000] {subprocess.py:106} INFO - [0m19:00:45  dbt version: 1.11.7
[2026-03-26T19:00:45.310+0000] {subprocess.py:106} INFO - [0m19:00:45  python version: 3.12.4
[2026-03-26T19:00:45.310+0000] {subprocess.py:106} INFO - [0m19:00:45  python path: /home/***/.local/bin/python
[2026-03-26T19:00:45.311+0000] {subprocess.py:106} INFO - [0m19:00:45  os info: Linux-6.12.76-linuxkit-aarch64-with-glibc2.36
[2026-03-26T19:00:45.709+0000] {subprocess.py:106} INFO - [0m19:00:45  Using profiles dir at /opt/***/dbt/trans_snowf
[2026-03-26T19:00:45.709+0000] {subprocess.py:106} INFO - [0m19:00:45  Using profiles.yml file at /opt/***/dbt/trans_snowf/profiles.yml
[2026-03-26T19:00:45.710+0000] {subprocess.py:106} INFO - [0m19:00:45  Using dbt_project.yml file at /opt/***/dbt/trans_snowf/dbt_project.yml
[2026-03-26T19:00:45.710+0000] {subprocess.py:106} INFO - [0m19:00:45  adapter type: snowflake
[2026-03-26T19:00:45.711+0000] {subprocess.py:106} INFO - [0m19:00:45  adapter version: 1.11.3
[2026-03-26T19:00:45.763+0000] {subprocess.py:106} INFO - [0m19:00:45  Configuration:
[2026-03-26T19:00:45.764+0000] {subprocess.py:106} INFO - [0m19:00:45    profiles.yml file [[32mOK found and valid[0m]
[2026-03-26T19:00:45.764+0000] {subprocess.py:106} INFO - [0m19:00:45    dbt_project.yml file [[32mOK found and valid[0m]
[2026-03-26T19:00:45.765+0000] {subprocess.py:106} INFO - [0m19:00:45  Required dependencies:
[2026-03-26T19:00:45.766+0000] {subprocess.py:106} INFO - [0m19:00:45   - git [[31mERROR[0m]
[2026-03-26T19:00:45.767+0000] {subprocess.py:106} INFO - 
[2026-03-26T19:00:45.767+0000] {subprocess.py:106} INFO - [0m19:00:45  Connection:
[2026-03-26T19:00:45.767+0000] {subprocess.py:106} INFO - [0m19:00:45    account: BBMCDSP-CT02489
[2026-03-26T19:00:45.767+0000] {subprocess.py:106} INFO - [0m19:00:45    user: user123
[2026-03-26T19:00:45.768+0000] {subprocess.py:106} INFO - [0m19:00:45    database: BANKING
[2026-03-26T19:00:45.768+0000] {subprocess.py:106} INFO - [0m19:00:45    warehouse: COMPUTE_WH
[2026-03-26T19:00:45.768+0000] {subprocess.py:106} INFO - [0m19:00:45    role: dbtadmin
[2026-03-26T19:00:45.769+0000] {subprocess.py:106} INFO - [0m19:00:45    schema: PUBLIC
[2026-03-26T19:00:45.769+0000] {subprocess.py:106} INFO - [0m19:00:45    authenticator: None
[2026-03-26T19:00:45.769+0000] {subprocess.py:106} INFO - [0m19:00:45    oauth_client_id: None
[2026-03-26T19:00:45.770+0000] {subprocess.py:106} INFO - [0m19:00:45    query_tag: None
[2026-03-26T19:00:45.770+0000] {subprocess.py:106} INFO - [0m19:00:45    client_session_keep_alive: False
[2026-03-26T19:00:45.770+0000] {subprocess.py:106} INFO - [0m19:00:45    host: None
[2026-03-26T19:00:45.771+0000] {subprocess.py:106} INFO - [0m19:00:45    port: None
[2026-03-26T19:00:45.771+0000] {subprocess.py:106} INFO - [0m19:00:45    proxy_host: None
[2026-03-26T19:00:45.771+0000] {subprocess.py:106} INFO - [0m19:00:45    proxy_port: None
[2026-03-26T19:00:45.772+0000] {subprocess.py:106} INFO - [0m19:00:45    protocol: None
[2026-03-26T19:00:45.772+0000] {subprocess.py:106} INFO - [0m19:00:45    connect_retries: 1
[2026-03-26T19:00:45.772+0000] {subprocess.py:106} INFO - [0m19:00:45    connect_timeout: None
[2026-03-26T19:00:45.772+0000] {subprocess.py:106} INFO - [0m19:00:45    retry_on_database_errors: False
[2026-03-26T19:00:45.773+0000] {subprocess.py:106} INFO - [0m19:00:45    retry_all: False
[2026-03-26T19:00:45.773+0000] {subprocess.py:106} INFO - [0m19:00:45    insecure_mode: False
[2026-03-26T19:00:45.773+0000] {subprocess.py:106} INFO - [0m19:00:45    reuse_connections: True
[2026-03-26T19:00:45.774+0000] {subprocess.py:106} INFO - [0m19:00:45    s3_stage_vpce_dns_name: None
[2026-03-26T19:00:45.774+0000] {subprocess.py:106} INFO - [0m19:00:45    platform_detection_timeout_seconds: 0.0
[2026-03-26T19:00:45.775+0000] {subprocess.py:106} INFO - [0m19:00:45  Registered adapter: snowflake=1.11.3
[2026-03-26T19:00:48.582+0000] {subprocess.py:106} INFO - [0m19:00:48    Connection test: [[32mOK connection ok[0m]
[2026-03-26T19:00:48.586+0000] {subprocess.py:106} INFO - 
[2026-03-26T19:00:48.587+0000] {subprocess.py:106} INFO - [0m19:00:48  [31m1 check failed:[0m
[2026-03-26T19:00:48.587+0000] {subprocess.py:106} INFO - [0m19:00:48  Error from git --help: Could not find command, ensure it is in the user's PATH: "git"
[2026-03-26T19:00:48.588+0000] {subprocess.py:106} INFO - 
[2026-03-26T19:00:55.763+0000] {subprocess.py:110} INFO - Command exited with return code 1
[2026-03-26T19:00:55.765+0000] {taskinstance.py:441} INFO - ::group::Post task execution logs
[2026-03-26T19:00:55.784+0000] {taskinstance.py:2905} ERROR - Task failed with exception
Traceback (most recent call last):
  File "/home/airflow/.local/lib/python3.12/site-packages/airflow/models/taskinstance.py", line 465, in _execute_task
    result = _execute_callable(context=context, **execute_callable_kwargs)
             ^^^^^^^^^^^^^^^^^^^^^^^^^^^^^^^^^^^^^^^^^^^^^^^^^^^^^^^^^^^^^
  File "/home/airflow/.local/lib/python3.12/site-packages/airflow/models/taskinstance.py", line 432, in _execute_callable
    return execute_callable(context=context, **execute_callable_kwargs)
           ^^^^^^^^^^^^^^^^^^^^^^^^^^^^^^^^^^^^^^^^^^^^^^^^^^^^^^^^^^^^
  File "/home/airflow/.local/lib/python3.12/site-packages/airflow/models/baseoperator.py", line 401, in wrapper
    return func(self, *args, **kwargs)
           ^^^^^^^^^^^^^^^^^^^^^^^^^^^
  File "/home/airflow/.local/lib/python3.12/site-packages/airflow/providers/standard/operators/bash.py", line 233, in execute
    raise AirflowException(
airflow.exceptions.AirflowException: Bash command failed. The command returned a non-zero exit code 1.
[2026-03-26T19:00:55.788+0000] {taskinstance.py:1206} INFO - Marking task as UP_FOR_RETRY. dag_id=banking_01_bronze_layer, task_id=debug, run_id=scheduled__2026-03-26T18:30:00+00:00, execution_date=20260326T183000, start_date=20260326T190043, end_date=20260326T190055
[2026-03-26T19:00:55.800+0000] {standard_task_runner.py:110} ERROR - Failed to execute job 3307 for task debug (Bash command failed. The command returned a non-zero exit code 1.; 4425)
[2026-03-26T19:00:55.847+0000] {local_task_job_runner.py:243} INFO - Task exited with return code 1
[2026-03-26T19:00:55.861+0000] {taskinstance.py:3503} INFO - 0 downstream tasks scheduled from follow-on schedule check
[2026-03-26T19:00:55.862+0000] {local_task_job_runner.py:222} INFO - ::endgroup::
