[2026-03-28T16:39:48.060+0000] {local_task_job_runner.py:120} INFO - ::group::Pre task execution logs
[2026-03-28T16:39:48.075+0000] {taskinstance.py:2076} INFO - Dependencies all met for dep_context=non-requeueable deps ti=<TaskInstance: banking_01_bronze_layer.debug scheduled__2026-03-28T15:00:00+00:00 [queued]>
[2026-03-28T16:39:48.079+0000] {taskinstance.py:2076} INFO - Dependencies all met for dep_context=requeueable deps ti=<TaskInstance: banking_01_bronze_layer.debug scheduled__2026-03-28T15:00:00+00:00 [queued]>
[2026-03-28T16:39:48.079+0000] {taskinstance.py:2306} INFO - Starting attempt 1 of 2
[2026-03-28T16:39:48.086+0000] {taskinstance.py:2330} INFO - Executing <Task(BashOperator): debug> on 2026-03-28 15:00:00+00:00
[2026-03-28T16:39:48.088+0000] {standard_task_runner.py:64} INFO - Started process 10355 to run task
[2026-03-28T16:39:48.090+0000] {standard_task_runner.py:90} INFO - Running: ['***', 'tasks', 'run', 'banking_01_bronze_layer', 'debug', 'scheduled__2026-03-28T15:00:00+00:00', '--job-id', '6892', '--raw', '--subdir', 'DAGS_FOLDER/dbt.py', '--cfg-path', '/tmp/tmptlay98l2']
[2026-03-28T16:39:48.091+0000] {standard_task_runner.py:91} INFO - Job 6892: Subtask debug
[2026-03-28T16:39:48.118+0000] {task_command.py:426} INFO - Running <TaskInstance: banking_01_bronze_layer.debug scheduled__2026-03-28T15:00:00+00:00 [running]> on host c990dffe13ae
[2026-03-28T16:39:48.162+0000] {taskinstance.py:2648} INFO - Exporting env vars: AIRFLOW_CTX_DAG_OWNER='risheek' AIRFLOW_CTX_DAG_ID='banking_01_bronze_layer' AIRFLOW_CTX_TASK_ID='debug' AIRFLOW_CTX_EXECUTION_DATE='2026-03-28T15:00:00+00:00' AIRFLOW_CTX_TRY_NUMBER='1' AIRFLOW_CTX_DAG_RUN_ID='scheduled__2026-03-28T15:00:00+00:00'
[2026-03-28T16:39:48.163+0000] {taskinstance.py:430} INFO - ::endgroup::
[2026-03-28T16:39:48.163+0000] {subprocess.py:78} INFO - Tmp dir root location: /tmp
[2026-03-28T16:39:48.164+0000] {subprocess.py:88} INFO - Running command: ['/usr/bin/bash', '-c', 'dbt debug --profiles-dir /opt/***/dbt/trans_snowf']
[2026-03-28T16:39:48.167+0000] {subprocess.py:99} INFO - Output:
[2026-03-28T16:39:49.524+0000] {subprocess.py:106} INFO - [0m16:39:49  Running with dbt=1.11.7
[2026-03-28T16:39:49.531+0000] {subprocess.py:106} INFO - [0m16:39:49  dbt version: 1.11.7
[2026-03-28T16:39:49.531+0000] {subprocess.py:106} INFO - [0m16:39:49  python version: 3.12.4
[2026-03-28T16:39:49.531+0000] {subprocess.py:106} INFO - [0m16:39:49  python path: /home/***/.local/bin/python
[2026-03-28T16:39:49.532+0000] {subprocess.py:106} INFO - [0m16:39:49  os info: Linux-6.12.76-linuxkit-aarch64-with-glibc2.36
[2026-03-28T16:39:49.958+0000] {subprocess.py:106} INFO - [0m16:39:49  Using profiles dir at /opt/***/dbt/trans_snowf
[2026-03-28T16:39:49.958+0000] {subprocess.py:106} INFO - [0m16:39:49  Using profiles.yml file at /opt/***/dbt/trans_snowf/profiles.yml
[2026-03-28T16:39:49.959+0000] {subprocess.py:106} INFO - [0m16:39:49  Using dbt_project.yml file at /opt/***/dbt/trans_snowf/dbt_project.yml
[2026-03-28T16:39:49.959+0000] {subprocess.py:106} INFO - [0m16:39:49  adapter type: snowflake
[2026-03-28T16:39:49.960+0000] {subprocess.py:106} INFO - [0m16:39:49  adapter version: 1.11.3
[2026-03-28T16:39:50.022+0000] {subprocess.py:106} INFO - [0m16:39:50  Configuration:
[2026-03-28T16:39:50.023+0000] {subprocess.py:106} INFO - [0m16:39:50    profiles.yml file [[32mOK found and valid[0m]
[2026-03-28T16:39:50.023+0000] {subprocess.py:106} INFO - [0m16:39:50    dbt_project.yml file [[32mOK found and valid[0m]
[2026-03-28T16:39:50.024+0000] {subprocess.py:106} INFO - [0m16:39:50  Required dependencies:
[2026-03-28T16:39:50.025+0000] {subprocess.py:106} INFO - [0m16:39:50   - git [[31mERROR[0m]
[2026-03-28T16:39:50.025+0000] {subprocess.py:106} INFO - 
[2026-03-28T16:39:50.025+0000] {subprocess.py:106} INFO - [0m16:39:50  Connection:
[2026-03-28T16:39:50.025+0000] {subprocess.py:106} INFO - [0m16:39:50    account: BBMCDSP-CT02489
[2026-03-28T16:39:50.026+0000] {subprocess.py:106} INFO - [0m16:39:50    user: user123
[2026-03-28T16:39:50.026+0000] {subprocess.py:106} INFO - [0m16:39:50    database: BANKING
[2026-03-28T16:39:50.026+0000] {subprocess.py:106} INFO - [0m16:39:50    warehouse: COMPUTE_WH
[2026-03-28T16:39:50.027+0000] {subprocess.py:106} INFO - [0m16:39:50    role: dbtadmin
[2026-03-28T16:39:50.027+0000] {subprocess.py:106} INFO - [0m16:39:50    schema: PUBLIC
[2026-03-28T16:39:50.027+0000] {subprocess.py:106} INFO - [0m16:39:50    authenticator: None
[2026-03-28T16:39:50.028+0000] {subprocess.py:106} INFO - [0m16:39:50    oauth_client_id: None
[2026-03-28T16:39:50.028+0000] {subprocess.py:106} INFO - [0m16:39:50    query_tag: None
[2026-03-28T16:39:50.028+0000] {subprocess.py:106} INFO - [0m16:39:50    client_session_keep_alive: False
[2026-03-28T16:39:50.029+0000] {subprocess.py:106} INFO - [0m16:39:50    host: None
[2026-03-28T16:39:50.029+0000] {subprocess.py:106} INFO - [0m16:39:50    port: None
[2026-03-28T16:39:50.029+0000] {subprocess.py:106} INFO - [0m16:39:50    proxy_host: None
[2026-03-28T16:39:50.030+0000] {subprocess.py:106} INFO - [0m16:39:50    proxy_port: None
[2026-03-28T16:39:50.030+0000] {subprocess.py:106} INFO - [0m16:39:50    protocol: None
[2026-03-28T16:39:50.030+0000] {subprocess.py:106} INFO - [0m16:39:50    connect_retries: 1
[2026-03-28T16:39:50.031+0000] {subprocess.py:106} INFO - [0m16:39:50    connect_timeout: None
[2026-03-28T16:39:50.031+0000] {subprocess.py:106} INFO - [0m16:39:50    retry_on_database_errors: False
[2026-03-28T16:39:50.031+0000] {subprocess.py:106} INFO - [0m16:39:50    retry_all: False
[2026-03-28T16:39:50.032+0000] {subprocess.py:106} INFO - [0m16:39:50    insecure_mode: False
[2026-03-28T16:39:50.032+0000] {subprocess.py:106} INFO - [0m16:39:50    reuse_connections: True
[2026-03-28T16:39:50.032+0000] {subprocess.py:106} INFO - [0m16:39:50    s3_stage_vpce_dns_name: None
[2026-03-28T16:39:50.033+0000] {subprocess.py:106} INFO - [0m16:39:50    platform_detection_timeout_seconds: 0.0
[2026-03-28T16:39:50.033+0000] {subprocess.py:106} INFO - [0m16:39:50  Registered adapter: snowflake=1.11.3
[2026-03-28T16:39:50.797+0000] {subprocess.py:106} INFO - [0m16:39:50    Connection test: [[32mOK connection ok[0m]
[2026-03-28T16:39:50.798+0000] {subprocess.py:106} INFO - 
[2026-03-28T16:39:50.799+0000] {subprocess.py:106} INFO - [0m16:39:50  [31m1 check failed:[0m
[2026-03-28T16:39:50.800+0000] {subprocess.py:106} INFO - [0m16:39:50  Error from git --help: Could not find command, ensure it is in the user's PATH: "git"
[2026-03-28T16:39:50.800+0000] {subprocess.py:106} INFO - 
[2026-03-28T16:39:52.796+0000] {subprocess.py:110} INFO - Command exited with return code 1
[2026-03-28T16:39:52.797+0000] {taskinstance.py:441} INFO - ::group::Post task execution logs
[2026-03-28T16:39:52.804+0000] {taskinstance.py:2905} ERROR - Task failed with exception
Traceback (most recent call last):
  File "/home/airflow/.local/lib/python3.12/site-packages/airflow/models/taskinstance.py", line 465, in _execute_task
    result = _execute_callable(context=context, **execute_callable_kwargs)
             ^^^^^^^^^^^^^^^^^^^^^^^^^^^^^^^^^^^^^^^^^^^^^^^^^^^^^^^^^^^^^
  File "/home/airflow/.local/lib/python3.12/site-packages/airflow/models/taskinstance.py", line 432, in _execute_callable
    return execute_callable(context=context, **execute_callable_kwargs)
           ^^^^^^^^^^^^^^^^^^^^^^^^^^^^^^^^^^^^^^^^^^^^^^^^^^^^^^^^^^^^
  File "/home/airflow/.local/lib/python3.12/site-packages/airflow/models/baseoperator.py", line 401, in wrapper
    return func(self, *args, **kwargs)
           ^^^^^^^^^^^^^^^^^^^^^^^^^^^
  File "/home/airflow/.local/lib/python3.12/site-packages/airflow/providers/standard/operators/bash.py", line 233, in execute
    raise AirflowException(
airflow.exceptions.AirflowException: Bash command failed. The command returned a non-zero exit code 1.
[2026-03-28T16:39:52.806+0000] {taskinstance.py:1206} INFO - Marking task as UP_FOR_RETRY. dag_id=banking_01_bronze_layer, task_id=debug, run_id=scheduled__2026-03-28T15:00:00+00:00, execution_date=20260328T150000, start_date=20260328T163948, end_date=20260328T163952
[2026-03-28T16:39:52.812+0000] {standard_task_runner.py:110} ERROR - Failed to execute job 6892 for task debug (Bash command failed. The command returned a non-zero exit code 1.; 10355)
[2026-03-28T16:39:52.825+0000] {local_task_job_runner.py:243} INFO - Task exited with return code 1
[2026-03-28T16:39:52.835+0000] {taskinstance.py:3503} INFO - 0 downstream tasks scheduled from follow-on schedule check
[2026-03-28T16:39:52.836+0000] {local_task_job_runner.py:222} INFO - ::endgroup::
