[2026-03-25T14:47:16.172+0000] {local_task_job_runner.py:120} INFO - ::group::Pre task execution logs
[2026-03-25T14:47:16.191+0000] {taskinstance.py:2076} INFO - Dependencies all met for dep_context=non-requeueable deps ti=<TaskInstance: transfer_from_minio_to_snowflake_accounts.create_raw scheduled__2026-03-25T14:45:00+00:00 [queued]>
[2026-03-25T14:47:16.195+0000] {taskinstance.py:2076} INFO - Dependencies all met for dep_context=requeueable deps ti=<TaskInstance: transfer_from_minio_to_snowflake_accounts.create_raw scheduled__2026-03-25T14:45:00+00:00 [queued]>
[2026-03-25T14:47:16.195+0000] {taskinstance.py:2306} INFO - Starting attempt 1 of 3
[2026-03-25T14:47:16.201+0000] {taskinstance.py:2330} INFO - Executing <Task(SQLExecuteQueryOperator): create_raw> on 2026-03-25 14:45:00+00:00
[2026-03-25T14:47:16.206+0000] {standard_task_runner.py:90} INFO - Running: ['***', 'tasks', 'run', 'transfer_from_minio_to_snowflake_accounts', 'create_raw', 'scheduled__2026-03-25T14:45:00+00:00', '--job-id', '1356', '--raw', '--subdir', 'DAGS_FOLDER/transfer.py', '--cfg-path', '/tmp/tmpor0zwoxd']
[2026-03-25T14:47:16.209+0000] {standard_task_runner.py:91} INFO - Job 1356: Subtask create_raw
[2026-03-25T14:47:16.208+0000] {logging_mixin.py:188} WARNING - /home/***/.local/lib/python3.12/site-packages/***/task/task_runner/standard_task_runner.py:62 DeprecationWarning: This process (pid=202) is multi-threaded, use of fork() may lead to deadlocks in the child.
[2026-03-25T14:47:16.209+0000] {standard_task_runner.py:64} INFO - Started process 214 to run task
[2026-03-25T14:47:16.240+0000] {task_command.py:426} INFO - Running <TaskInstance: transfer_from_minio_to_snowflake_accounts.create_raw scheduled__2026-03-25T14:45:00+00:00 [running]> on host c990dffe13ae
[2026-03-25T14:47:16.428+0000] {taskinstance.py:2648} INFO - Exporting env vars: AIRFLOW_CTX_DAG_OWNER='***' AIRFLOW_CTX_DAG_ID='transfer_from_minio_to_snowflake_accounts' AIRFLOW_CTX_TASK_ID='create_raw' AIRFLOW_CTX_EXECUTION_DATE='2026-03-25T14:45:00+00:00' AIRFLOW_CTX_TRY_NUMBER='1' AIRFLOW_CTX_DAG_RUN_ID='scheduled__2026-03-25T14:45:00+00:00'
[2026-03-25T14:47:16.429+0000] {taskinstance.py:430} INFO - ::endgroup::
[2026-03-25T14:47:16.429+0000] {sql.py:282} INFO - Executing:  CREATE TABLE IF NOT EXISTS RAW_ACCOUNTS (
                    raw_json VARIANT,
                    inserted_at TIMESTAMP_NTZ DEFAULT CURRENT_TIMESTAMP());
                  
[2026-03-25T14:47:16.434+0000] {base.py:84} INFO - Using connection ID 'warehouse_id' for task execution.
[2026-03-25T14:47:16.467+0000] {base.py:84} INFO - Using connection ID 'warehouse_id' for task execution.
[2026-03-25T14:47:16.505+0000] {connection.py:613} INFO - Snowflake Connector for Python Version: 4.3.0, Python Version: 3.12.4, Platform: Linux-6.12.76-linuxkit-aarch64-with-glibc2.36
[2026-03-25T14:47:16.506+0000] {connection.py:1709} INFO - Connecting to GLOBAL Snowflake domain
[2026-03-25T14:47:17.298+0000] {sql.py:495} INFO - Running statement: CREATE TABLE IF NOT EXISTS RAW_ACCOUNTS (
                    raw_json VARIANT,
                    inserted_at TIMESTAMP_NTZ DEFAULT CURRENT_TIMESTAMP());, parameters: None
[2026-03-25T14:47:17.444+0000] {sql.py:504} INFO - Rows affected: 1
[2026-03-25T14:47:17.445+0000] {snowflake.py:422} INFO - Rows affected: 1
[2026-03-25T14:47:17.445+0000] {snowflake.py:423} INFO - Snowflake query id: 01c34417-3202-7c30-0014-90e60003afbe
[2026-03-25T14:47:17.809+0000] {taskinstance.py:441} INFO - ::group::Post task execution logs
[2026-03-25T14:47:17.846+0000] {taskinstance.py:1206} INFO - Marking task as SUCCESS. dag_id=transfer_from_minio_to_snowflake_accounts, task_id=create_raw, run_id=scheduled__2026-03-25T14:45:00+00:00, execution_date=20260325T144500, start_date=20260325T144716, end_date=20260325T144717
[2026-03-25T14:47:17.887+0000] {local_task_job_runner.py:243} INFO - Task exited with return code 0
[2026-03-25T14:47:17.915+0000] {taskinstance.py:3503} INFO - 1 downstream tasks scheduled from follow-on schedule check
[2026-03-25T14:47:17.916+0000] {local_task_job_runner.py:222} INFO - ::endgroup::
