[2026-03-28T19:33:08.856+0000] {local_task_job_runner.py:120} INFO - ::group::Pre task execution logs
[2026-03-28T19:33:08.871+0000] {taskinstance.py:2076} INFO - Dependencies all met for dep_context=non-requeueable deps ti=<TaskInstance: banking_01_bronze_layer.debug scheduled__2026-03-28T19:00:00+00:00 [queued]>
[2026-03-28T19:33:08.874+0000] {taskinstance.py:2076} INFO - Dependencies all met for dep_context=requeueable deps ti=<TaskInstance: banking_01_bronze_layer.debug scheduled__2026-03-28T19:00:00+00:00 [queued]>
[2026-03-28T19:33:08.874+0000] {taskinstance.py:2306} INFO - Starting attempt 1 of 2
[2026-03-28T19:33:08.880+0000] {taskinstance.py:2330} INFO - Executing <Task(BashOperator): debug> on 2026-03-28 19:00:00+00:00
[2026-03-28T19:33:08.884+0000] {standard_task_runner.py:64} INFO - Started process 12263 to run task
[2026-03-28T19:33:08.886+0000] {standard_task_runner.py:90} INFO - Running: ['***', 'tasks', 'run', 'banking_01_bronze_layer', 'debug', 'scheduled__2026-03-28T19:00:00+00:00', '--job-id', '6949', '--raw', '--subdir', 'DAGS_FOLDER/dbt.py', '--cfg-path', '/tmp/tmp7j750_6b']
[2026-03-28T19:33:08.887+0000] {standard_task_runner.py:91} INFO - Job 6949: Subtask debug
[2026-03-28T19:33:08.914+0000] {task_command.py:426} INFO - Running <TaskInstance: banking_01_bronze_layer.debug scheduled__2026-03-28T19:00:00+00:00 [running]> on host c990dffe13ae
[2026-03-28T19:33:08.957+0000] {taskinstance.py:2648} INFO - Exporting env vars: AIRFLOW_CTX_DAG_OWNER='risheek' AIRFLOW_CTX_DAG_ID='banking_01_bronze_layer' AIRFLOW_CTX_TASK_ID='debug' AIRFLOW_CTX_EXECUTION_DATE='2026-03-28T19:00:00+00:00' AIRFLOW_CTX_TRY_NUMBER='1' AIRFLOW_CTX_DAG_RUN_ID='scheduled__2026-03-28T19:00:00+00:00'
[2026-03-28T19:33:08.958+0000] {taskinstance.py:430} INFO - ::endgroup::
[2026-03-28T19:33:08.958+0000] {subprocess.py:78} INFO - Tmp dir root location: /tmp
[2026-03-28T19:33:08.959+0000] {subprocess.py:88} INFO - Running command: ['/usr/bin/bash', '-c', 'dbt debug --profiles-dir /opt/***/dbt/trans_snowf']
[2026-03-28T19:33:08.963+0000] {subprocess.py:99} INFO - Output:
[2026-03-28T19:33:10.184+0000] {subprocess.py:106} INFO - [0m19:33:10  Running with dbt=1.11.7
[2026-03-28T19:33:10.190+0000] {subprocess.py:106} INFO - [0m19:33:10  dbt version: 1.11.7
[2026-03-28T19:33:10.190+0000] {subprocess.py:106} INFO - [0m19:33:10  python version: 3.12.4
[2026-03-28T19:33:10.190+0000] {subprocess.py:106} INFO - [0m19:33:10  python path: /home/***/.local/bin/python
[2026-03-28T19:33:10.191+0000] {subprocess.py:106} INFO - [0m19:33:10  os info: Linux-6.12.76-linuxkit-aarch64-with-glibc2.36
[2026-03-28T19:33:10.587+0000] {subprocess.py:106} INFO - [0m19:33:10  Using profiles dir at /opt/***/dbt/trans_snowf
[2026-03-28T19:33:10.587+0000] {subprocess.py:106} INFO - [0m19:33:10  Using profiles.yml file at /opt/***/dbt/trans_snowf/profiles.yml
[2026-03-28T19:33:10.587+0000] {subprocess.py:106} INFO - [0m19:33:10  Using dbt_project.yml file at /opt/***/dbt/trans_snowf/dbt_project.yml
[2026-03-28T19:33:10.588+0000] {subprocess.py:106} INFO - [0m19:33:10  adapter type: snowflake
[2026-03-28T19:33:10.588+0000] {subprocess.py:106} INFO - [0m19:33:10  adapter version: 1.11.3
[2026-03-28T19:33:10.639+0000] {subprocess.py:106} INFO - [0m19:33:10  Configuration:
[2026-03-28T19:33:10.639+0000] {subprocess.py:106} INFO - [0m19:33:10    profiles.yml file [[32mOK found and valid[0m]
[2026-03-28T19:33:10.640+0000] {subprocess.py:106} INFO - [0m19:33:10    dbt_project.yml file [[32mOK found and valid[0m]
[2026-03-28T19:33:10.640+0000] {subprocess.py:106} INFO - [0m19:33:10  Required dependencies:
[2026-03-28T19:33:10.641+0000] {subprocess.py:106} INFO - [0m19:33:10   - git [[31mERROR[0m]
[2026-03-28T19:33:10.641+0000] {subprocess.py:106} INFO - 
[2026-03-28T19:33:10.641+0000] {subprocess.py:106} INFO - [0m19:33:10  Connection:
[2026-03-28T19:33:10.642+0000] {subprocess.py:106} INFO - [0m19:33:10    account: BBMCDSP-CT02489
[2026-03-28T19:33:10.642+0000] {subprocess.py:106} INFO - [0m19:33:10    user: user123
[2026-03-28T19:33:10.642+0000] {subprocess.py:106} INFO - [0m19:33:10    database: BANKING
[2026-03-28T19:33:10.643+0000] {subprocess.py:106} INFO - [0m19:33:10    warehouse: COMPUTE_WH
[2026-03-28T19:33:10.643+0000] {subprocess.py:106} INFO - [0m19:33:10    role: dbtadmin
[2026-03-28T19:33:10.643+0000] {subprocess.py:106} INFO - [0m19:33:10    schema: PUBLIC
[2026-03-28T19:33:10.644+0000] {subprocess.py:106} INFO - [0m19:33:10    authenticator: None
[2026-03-28T19:33:10.644+0000] {subprocess.py:106} INFO - [0m19:33:10    oauth_client_id: None
[2026-03-28T19:33:10.644+0000] {subprocess.py:106} INFO - [0m19:33:10    query_tag: None
[2026-03-28T19:33:10.645+0000] {subprocess.py:106} INFO - [0m19:33:10    client_session_keep_alive: False
[2026-03-28T19:33:10.645+0000] {subprocess.py:106} INFO - [0m19:33:10    host: None
[2026-03-28T19:33:10.645+0000] {subprocess.py:106} INFO - [0m19:33:10    port: None
[2026-03-28T19:33:10.646+0000] {subprocess.py:106} INFO - [0m19:33:10    proxy_host: None
[2026-03-28T19:33:10.646+0000] {subprocess.py:106} INFO - [0m19:33:10    proxy_port: None
[2026-03-28T19:33:10.647+0000] {subprocess.py:106} INFO - [0m19:33:10    protocol: None
[2026-03-28T19:33:10.647+0000] {subprocess.py:106} INFO - [0m19:33:10    connect_retries: 1
[2026-03-28T19:33:10.648+0000] {subprocess.py:106} INFO - [0m19:33:10    connect_timeout: None
[2026-03-28T19:33:10.648+0000] {subprocess.py:106} INFO - [0m19:33:10    retry_on_database_errors: False
[2026-03-28T19:33:10.648+0000] {subprocess.py:106} INFO - [0m19:33:10    retry_all: False
[2026-03-28T19:33:10.649+0000] {subprocess.py:106} INFO - [0m19:33:10    insecure_mode: False
[2026-03-28T19:33:10.649+0000] {subprocess.py:106} INFO - [0m19:33:10    reuse_connections: True
[2026-03-28T19:33:10.649+0000] {subprocess.py:106} INFO - [0m19:33:10    s3_stage_vpce_dns_name: None
[2026-03-28T19:33:10.650+0000] {subprocess.py:106} INFO - [0m19:33:10    platform_detection_timeout_seconds: 0.0
[2026-03-28T19:33:10.650+0000] {subprocess.py:106} INFO - [0m19:33:10  Registered adapter: snowflake=1.11.3
[2026-03-28T19:33:11.534+0000] {subprocess.py:106} INFO - [0m19:33:11    Connection test: [[32mOK connection ok[0m]
[2026-03-28T19:33:11.535+0000] {subprocess.py:106} INFO - 
[2026-03-28T19:33:11.536+0000] {subprocess.py:106} INFO - [0m19:33:11  [31m1 check failed:[0m
[2026-03-28T19:33:11.537+0000] {subprocess.py:106} INFO - [0m19:33:11  Error from git --help: Could not find command, ensure it is in the user's PATH: "git"
[2026-03-28T19:33:11.537+0000] {subprocess.py:106} INFO - 
[2026-03-28T19:33:12.985+0000] {subprocess.py:110} INFO - Command exited with return code 1
[2026-03-28T19:33:12.985+0000] {taskinstance.py:441} INFO - ::group::Post task execution logs
[2026-03-28T19:33:12.993+0000] {taskinstance.py:2905} ERROR - Task failed with exception
Traceback (most recent call last):
  File "/home/airflow/.local/lib/python3.12/site-packages/airflow/models/taskinstance.py", line 465, in _execute_task
    result = _execute_callable(context=context, **execute_callable_kwargs)
             ^^^^^^^^^^^^^^^^^^^^^^^^^^^^^^^^^^^^^^^^^^^^^^^^^^^^^^^^^^^^^
  File "/home/airflow/.local/lib/python3.12/site-packages/airflow/models/taskinstance.py", line 432, in _execute_callable
    return execute_callable(context=context, **execute_callable_kwargs)
           ^^^^^^^^^^^^^^^^^^^^^^^^^^^^^^^^^^^^^^^^^^^^^^^^^^^^^^^^^^^^
  File "/home/airflow/.local/lib/python3.12/site-packages/airflow/models/baseoperator.py", line 401, in wrapper
    return func(self, *args, **kwargs)
           ^^^^^^^^^^^^^^^^^^^^^^^^^^^
  File "/home/airflow/.local/lib/python3.12/site-packages/airflow/providers/standard/operators/bash.py", line 233, in execute
    raise AirflowException(
airflow.exceptions.AirflowException: Bash command failed. The command returned a non-zero exit code 1.
[2026-03-28T19:33:12.995+0000] {taskinstance.py:1206} INFO - Marking task as UP_FOR_RETRY. dag_id=banking_01_bronze_layer, task_id=debug, run_id=scheduled__2026-03-28T19:00:00+00:00, execution_date=20260328T190000, start_date=20260328T193308, end_date=20260328T193312
[2026-03-28T19:33:13.002+0000] {standard_task_runner.py:110} ERROR - Failed to execute job 6949 for task debug (Bash command failed. The command returned a non-zero exit code 1.; 12263)
[2026-03-28T19:33:13.017+0000] {local_task_job_runner.py:243} INFO - Task exited with return code 1
[2026-03-28T19:33:13.027+0000] {taskinstance.py:3503} INFO - 0 downstream tasks scheduled from follow-on schedule check
[2026-03-28T19:33:13.028+0000] {local_task_job_runner.py:222} INFO - ::endgroup::
