[2026-03-31T00:41:39.900+0000] {local_task_job_runner.py:120} INFO - ::group::Pre task execution logs
[2026-03-31T00:41:39.916+0000] {taskinstance.py:2076} INFO - Dependencies all met for dep_context=non-requeueable deps ti=<TaskInstance: banking_01_bronze_layer.build_bronze_cust manual__2026-03-31T00:41:05.696779+00:00 [queued]>
[2026-03-31T00:41:39.920+0000] {taskinstance.py:2076} INFO - Dependencies all met for dep_context=requeueable deps ti=<TaskInstance: banking_01_bronze_layer.build_bronze_cust manual__2026-03-31T00:41:05.696779+00:00 [queued]>
[2026-03-31T00:41:39.920+0000] {taskinstance.py:2306} INFO - Starting attempt 1 of 2
[2026-03-31T00:41:39.926+0000] {taskinstance.py:2330} INFO - Executing <Task(BashOperator): build_bronze_cust> on 2026-03-31 00:41:05.696779+00:00
[2026-03-31T00:41:39.928+0000] {standard_task_runner.py:64} INFO - Started process 41750 to run task
[2026-03-31T00:41:39.931+0000] {standard_task_runner.py:90} INFO - Running: ['***', 'tasks', 'run', 'banking_01_bronze_layer', 'build_bronze_cust', 'manual__2026-03-31T00:41:05.696779+00:00', '--job-id', '9545', '--raw', '--subdir', 'DAGS_FOLDER/dbt.py', '--cfg-path', '/tmp/tmpxwtu5nh3']
[2026-03-31T00:41:39.933+0000] {standard_task_runner.py:91} INFO - Job 9545: Subtask build_bronze_cust
[2026-03-31T00:41:39.962+0000] {task_command.py:426} INFO - Running <TaskInstance: banking_01_bronze_layer.build_bronze_cust manual__2026-03-31T00:41:05.696779+00:00 [running]> on host c990dffe13ae
[2026-03-31T00:41:40.016+0000] {taskinstance.py:2648} INFO - Exporting env vars: AIRFLOW_CTX_DAG_OWNER='risheek' AIRFLOW_CTX_DAG_ID='banking_01_bronze_layer' AIRFLOW_CTX_TASK_ID='build_bronze_cust' AIRFLOW_CTX_EXECUTION_DATE='2026-03-31T00:41:05.696779+00:00' AIRFLOW_CTX_TRY_NUMBER='1' AIRFLOW_CTX_DAG_RUN_ID='manual__2026-03-31T00:41:05.696779+00:00'
[2026-03-31T00:41:40.017+0000] {taskinstance.py:430} INFO - ::endgroup::
[2026-03-31T00:41:40.018+0000] {subprocess.py:78} INFO - Tmp dir root location: /tmp
[2026-03-31T00:41:40.022+0000] {subprocess.py:88} INFO - Running command: ['/usr/bin/bash', '-c', 'dbt build --select bronze_cust']
[2026-03-31T00:41:40.026+0000] {subprocess.py:99} INFO - Output:
[2026-03-31T00:41:41.337+0000] {subprocess.py:106} INFO - [0m00:41:41  Running with dbt=1.11.7
[2026-03-31T00:41:41.921+0000] {subprocess.py:106} INFO - [0m00:41:41  Registered adapter: snowflake=1.11.3
[2026-03-31T00:41:42.105+0000] {subprocess.py:106} INFO - [0m00:41:42  [[33mWARNING[0m]: Configuration paths exist in your dbt_project.yml file which do not apply to any resources.
[2026-03-31T00:41:42.105+0000] {subprocess.py:106} INFO - There are 1 unused configuration paths:
[2026-03-31T00:41:42.106+0000] {subprocess.py:106} INFO - - models.trans_snowf.example
[2026-03-31T00:41:42.216+0000] {subprocess.py:106} INFO - [0m00:41:42  Found 14 models, 3 sources, 522 macros
[2026-03-31T00:41:42.217+0000] {subprocess.py:106} INFO - [0m00:41:42
[2026-03-31T00:41:42.218+0000] {subprocess.py:106} INFO - [0m00:41:42  Concurrency: 1 threads (target='dev')
[2026-03-31T00:41:42.218+0000] {subprocess.py:106} INFO - [0m00:41:42
[2026-03-31T00:41:44.307+0000] {subprocess.py:106} INFO - [0m00:41:44  1 of 1 START sql incremental model PUBLIC_BRONZE.bronze_cust ................... [RUN]
[2026-03-31T00:41:47.256+0000] {subprocess.py:106} INFO - [0m00:41:47  1 of 1 OK created sql incremental model PUBLIC_BRONZE.bronze_cust .............. [[32mSUCCESS 0[0m in 2.94s]
[2026-03-31T00:41:47.614+0000] {subprocess.py:106} INFO - [0m00:41:47
[2026-03-31T00:41:47.616+0000] {subprocess.py:106} INFO - [0m00:41:47  Finished running 1 incremental model in 0 hours 0 minutes and 5.39 seconds (5.39s).
[2026-03-31T00:41:47.686+0000] {subprocess.py:106} INFO - [0m00:41:47
[2026-03-31T00:41:47.686+0000] {subprocess.py:106} INFO - [0m00:41:47  [32mCompleted successfully[0m
[2026-03-31T00:41:47.687+0000] {subprocess.py:106} INFO - [0m00:41:47
[2026-03-31T00:41:47.687+0000] {subprocess.py:106} INFO - [0m00:41:47  Done. PASS=1 WARN=0 ERROR=0 SKIP=0 NO-OP=0 TOTAL=1
[2026-03-31T00:41:50.495+0000] {subprocess.py:110} INFO - Command exited with return code 0
[2026-03-31T00:41:50.498+0000] {taskinstance.py:441} INFO - ::group::Post task execution logs
[2026-03-31T00:41:50.541+0000] {taskinstance.py:1206} INFO - Marking task as SUCCESS. dag_id=banking_01_bronze_layer, task_id=build_bronze_cust, run_id=manual__2026-03-31T00:41:05.696779+00:00, execution_date=20260331T004105, start_date=20260331T004139, end_date=20260331T004150
[2026-03-31T00:41:50.568+0000] {local_task_job_runner.py:243} INFO - Task exited with return code 0
[2026-03-31T00:41:50.584+0000] {taskinstance.py:3503} INFO - 0 downstream tasks scheduled from follow-on schedule check
[2026-03-31T00:41:50.585+0000] {local_task_job_runner.py:222} INFO - ::endgroup::
