[2026-03-30T20:15:12.527+0000] {local_task_job_runner.py:120} INFO - ::group::Pre task execution logs
[2026-03-30T20:15:12.543+0000] {taskinstance.py:2076} INFO - Dependencies all met for dep_context=non-requeueable deps ti=<TaskInstance: banking_01_bronze_layer.build_bronze_cust scheduled__2026-03-30T18:30:00+00:00 [queued]>
[2026-03-30T20:15:12.546+0000] {taskinstance.py:2076} INFO - Dependencies all met for dep_context=requeueable deps ti=<TaskInstance: banking_01_bronze_layer.build_bronze_cust scheduled__2026-03-30T18:30:00+00:00 [queued]>
[2026-03-30T20:15:12.546+0000] {taskinstance.py:2306} INFO - Starting attempt 1 of 2
[2026-03-30T20:15:12.552+0000] {taskinstance.py:2330} INFO - Executing <Task(BashOperator): build_bronze_cust> on 2026-03-30 18:30:00+00:00
[2026-03-30T20:15:12.555+0000] {standard_task_runner.py:64} INFO - Started process 24285 to run task
[2026-03-30T20:15:12.559+0000] {standard_task_runner.py:90} INFO - Running: ['***', 'tasks', 'run', 'banking_01_bronze_layer', 'build_bronze_cust', 'scheduled__2026-03-30T18:30:00+00:00', '--job-id', '8691', '--raw', '--subdir', 'DAGS_FOLDER/dbt.py', '--cfg-path', '/tmp/tmprx516r5r']
[2026-03-30T20:15:12.561+0000] {standard_task_runner.py:91} INFO - Job 8691: Subtask build_bronze_cust
[2026-03-30T20:15:12.590+0000] {task_command.py:426} INFO - Running <TaskInstance: banking_01_bronze_layer.build_bronze_cust scheduled__2026-03-30T18:30:00+00:00 [running]> on host c990dffe13ae
[2026-03-30T20:15:12.634+0000] {taskinstance.py:2648} INFO - Exporting env vars: AIRFLOW_CTX_DAG_OWNER='risheek' AIRFLOW_CTX_DAG_ID='banking_01_bronze_layer' AIRFLOW_CTX_TASK_ID='build_bronze_cust' AIRFLOW_CTX_EXECUTION_DATE='2026-03-30T18:30:00+00:00' AIRFLOW_CTX_TRY_NUMBER='1' AIRFLOW_CTX_DAG_RUN_ID='scheduled__2026-03-30T18:30:00+00:00'
[2026-03-30T20:15:12.634+0000] {taskinstance.py:430} INFO - ::endgroup::
[2026-03-30T20:15:12.635+0000] {subprocess.py:78} INFO - Tmp dir root location: /tmp
[2026-03-30T20:15:12.635+0000] {subprocess.py:88} INFO - Running command: ['/usr/bin/bash', '-c', 'dbt build --select bronze_cust']
[2026-03-30T20:15:12.639+0000] {subprocess.py:99} INFO - Output:
[2026-03-30T20:15:14.006+0000] {subprocess.py:106} INFO - [0m20:15:14  Running with dbt=1.11.7
[2026-03-30T20:15:14.590+0000] {subprocess.py:106} INFO - [0m20:15:14  Registered adapter: snowflake=1.11.3
[2026-03-30T20:15:14.741+0000] {subprocess.py:106} INFO - [0m20:15:14  [[33mWARNING[0m]: Configuration paths exist in your dbt_project.yml file which do not apply to any resources.
[2026-03-30T20:15:14.741+0000] {subprocess.py:106} INFO - There are 1 unused configuration paths:
[2026-03-30T20:15:14.742+0000] {subprocess.py:106} INFO - - models.trans_snowf.example
[2026-03-30T20:15:14.848+0000] {subprocess.py:106} INFO - [0m20:15:14  Found 14 models, 3 sources, 522 macros
[2026-03-30T20:15:14.849+0000] {subprocess.py:106} INFO - [0m20:15:14
[2026-03-30T20:15:14.850+0000] {subprocess.py:106} INFO - [0m20:15:14  Concurrency: 1 threads (target='dev')
[2026-03-30T20:15:14.850+0000] {subprocess.py:106} INFO - [0m20:15:14
[2026-03-30T20:15:17.039+0000] {subprocess.py:106} INFO - [0m20:15:17  1 of 1 START sql incremental model PUBLIC_BRONZE.bronze_cust ................... [RUN]
[2026-03-30T20:15:19.582+0000] {subprocess.py:106} INFO - [0m20:15:19  1 of 1 OK created sql incremental model PUBLIC_BRONZE.bronze_cust .............. [[32mSUCCESS 0[0m in 2.54s]
[2026-03-30T20:15:19.811+0000] {subprocess.py:106} INFO - [0m20:15:19
[2026-03-30T20:15:19.814+0000] {subprocess.py:106} INFO - [0m20:15:19  Finished running 1 incremental model in 0 hours 0 minutes and 4.96 seconds (4.96s).
[2026-03-30T20:15:19.881+0000] {subprocess.py:106} INFO - [0m20:15:19
[2026-03-30T20:15:19.882+0000] {subprocess.py:106} INFO - [0m20:15:19  [32mCompleted successfully[0m
[2026-03-30T20:15:19.882+0000] {subprocess.py:106} INFO - [0m20:15:19
[2026-03-30T20:15:19.883+0000] {subprocess.py:106} INFO - [0m20:15:19  Done. PASS=1 WARN=0 ERROR=0 SKIP=0 NO-OP=0 TOTAL=1
[2026-03-30T20:15:21.388+0000] {subprocess.py:110} INFO - Command exited with return code 0
[2026-03-30T20:15:21.390+0000] {taskinstance.py:441} INFO - ::group::Post task execution logs
[2026-03-30T20:15:21.436+0000] {taskinstance.py:1206} INFO - Marking task as SUCCESS. dag_id=banking_01_bronze_layer, task_id=build_bronze_cust, run_id=scheduled__2026-03-30T18:30:00+00:00, execution_date=20260330T183000, start_date=20260330T201512, end_date=20260330T201521
[2026-03-30T20:15:21.484+0000] {local_task_job_runner.py:243} INFO - Task exited with return code 0
[2026-03-30T20:15:21.506+0000] {taskinstance.py:3503} INFO - 0 downstream tasks scheduled from follow-on schedule check
[2026-03-30T20:15:21.507+0000] {local_task_job_runner.py:222} INFO - ::endgroup::
