[2026-03-25T14:07:02.331+0000] {local_task_job_runner.py:120} INFO - ::group::Pre task execution logs
[2026-03-25T14:07:02.354+0000] {taskinstance.py:2076} INFO - Dependencies all met for dep_context=non-requeueable deps ti=<TaskInstance: transfer_from_minio_to_snowflake_accounts.create_raw scheduled__2026-03-25T14:06:00+00:00 [queued]>
[2026-03-25T14:07:02.360+0000] {taskinstance.py:2076} INFO - Dependencies all met for dep_context=requeueable deps ti=<TaskInstance: transfer_from_minio_to_snowflake_accounts.create_raw scheduled__2026-03-25T14:06:00+00:00 [queued]>
[2026-03-25T14:07:02.361+0000] {taskinstance.py:2306} INFO - Starting attempt 1 of 3
[2026-03-25T14:07:02.370+0000] {taskinstance.py:2330} INFO - Executing <Task(SQLExecuteQueryOperator): create_raw> on 2026-03-25 14:06:00+00:00
[2026-03-25T14:07:02.376+0000] {standard_task_runner.py:90} INFO - Running: ['***', 'tasks', 'run', 'transfer_from_minio_to_snowflake_accounts', 'create_raw', 'scheduled__2026-03-25T14:06:00+00:00', '--job-id', '1203', '--raw', '--subdir', 'DAGS_FOLDER/transfer.py', '--cfg-path', '/tmp/tmpz625az72']
[2026-03-25T14:07:02.380+0000] {standard_task_runner.py:91} INFO - Job 1203: Subtask create_raw
[2026-03-25T14:07:02.382+0000] {logging_mixin.py:188} WARNING - /home/***/.local/lib/python3.12/site-packages/***/task/task_runner/standard_task_runner.py:62 DeprecationWarning: This process (pid=2926) is multi-threaded, use of fork() may lead to deadlocks in the child.
[2026-03-25T14:07:02.382+0000] {standard_task_runner.py:64} INFO - Started process 2936 to run task
[2026-03-25T14:07:02.431+0000] {task_command.py:426} INFO - Running <TaskInstance: transfer_from_minio_to_snowflake_accounts.create_raw scheduled__2026-03-25T14:06:00+00:00 [running]> on host 6fdc51cbadaf
[2026-03-25T14:07:02.492+0000] {taskinstance.py:2648} INFO - Exporting env vars: AIRFLOW_CTX_DAG_OWNER='***' AIRFLOW_CTX_DAG_ID='transfer_from_minio_to_snowflake_accounts' AIRFLOW_CTX_TASK_ID='create_raw' AIRFLOW_CTX_EXECUTION_DATE='2026-03-25T14:06:00+00:00' AIRFLOW_CTX_TRY_NUMBER='1' AIRFLOW_CTX_DAG_RUN_ID='scheduled__2026-03-25T14:06:00+00:00'
[2026-03-25T14:07:02.493+0000] {taskinstance.py:430} INFO - ::endgroup::
[2026-03-25T14:07:02.493+0000] {sql.py:282} INFO - Executing:  CREATE TABLE IF NOT EXISTS RAW_ACCOUNTS (
                    raw_json VARIANT,
                    inserted_at TIMESTAMP_NTZ DEFAULT CURRENT_TIMESTAMP());
                  
[2026-03-25T14:07:02.500+0000] {base.py:84} INFO - Using connection ID 'warehouse_id' for task execution.
[2026-03-25T14:07:02.545+0000] {base.py:84} INFO - Using connection ID 'warehouse_id' for task execution.
[2026-03-25T14:07:02.605+0000] {connection.py:408} INFO - Snowflake Connector for Python Version: 3.11.0, Python Version: 3.12.4, Platform: Linux-6.12.76-linuxkit-aarch64-with-glibc2.36
[2026-03-25T14:07:02.610+0000] {connection.py:1258} INFO - This connection is in OCSP Fail Open Mode. TLS Certificates would be checked for validity and revocation status. Any other Certificate Revocation related exceptions or OCSP Responder failures would be disregarded in favor of connectivity.
[2026-03-25T14:07:03.783+0000] {cursor.py:1149} INFO - Number of results in first chunk: 1
[2026-03-25T14:07:03.786+0000] {sql.py:495} INFO - Running statement: CREATE TABLE IF NOT EXISTS RAW_ACCOUNTS (
                    raw_json VARIANT,
                    inserted_at TIMESTAMP_NTZ DEFAULT CURRENT_TIMESTAMP());, parameters: None
[2026-03-25T14:07:03.944+0000] {cursor.py:1149} INFO - Number of results in first chunk: 1
[2026-03-25T14:07:03.945+0000] {sql.py:504} INFO - Rows affected: 1
[2026-03-25T14:07:03.948+0000] {snowflake.py:422} INFO - Rows affected: 1
[2026-03-25T14:07:03.948+0000] {snowflake.py:423} INFO - Snowflake query id: 01c343ef-3202-7c30-0014-90e60003ac42
[2026-03-25T14:07:04.085+0000] {cursor.py:1149} INFO - Number of results in first chunk: 1
[2026-03-25T14:07:04.086+0000] {connection.py:773} INFO - closed
[2026-03-25T14:07:04.203+0000] {connection.py:779} INFO - No async queries seem to be running, deleting session
[2026-03-25T14:07:04.327+0000] {taskinstance.py:441} INFO - ::group::Post task execution logs
[2026-03-25T14:07:04.374+0000] {taskinstance.py:1206} INFO - Marking task as SUCCESS. dag_id=transfer_from_minio_to_snowflake_accounts, task_id=create_raw, run_id=scheduled__2026-03-25T14:06:00+00:00, execution_date=20260325T140600, start_date=20260325T140702, end_date=20260325T140704
[2026-03-25T14:07:04.406+0000] {local_task_job_runner.py:243} INFO - Task exited with return code 0
[2026-03-25T14:07:04.438+0000] {taskinstance.py:3503} INFO - 1 downstream tasks scheduled from follow-on schedule check
[2026-03-25T14:07:04.439+0000] {local_task_job_runner.py:222} INFO - ::endgroup::
