[2026-03-25T13:45:52.630+0000] {local_task_job_runner.py:120} INFO - ::group::Pre task execution logs
[2026-03-25T13:45:52.645+0000] {taskinstance.py:2076} INFO - Dependencies all met for dep_context=non-requeueable deps ti=<TaskInstance: transfer_from_minio_to_snowflake_customers.create_stage scheduled__2026-03-25T13:44:00+00:00 [queued]>
[2026-03-25T13:45:52.648+0000] {taskinstance.py:2076} INFO - Dependencies all met for dep_context=requeueable deps ti=<TaskInstance: transfer_from_minio_to_snowflake_customers.create_stage scheduled__2026-03-25T13:44:00+00:00 [queued]>
[2026-03-25T13:45:52.648+0000] {taskinstance.py:2306} INFO - Starting attempt 1 of 3
[2026-03-25T13:45:52.653+0000] {taskinstance.py:2330} INFO - Executing <Task(SQLExecuteQueryOperator): create_stage> on 2026-03-25 13:44:00+00:00
[2026-03-25T13:45:52.657+0000] {logging_mixin.py:188} WARNING - /home/***/.local/lib/python3.12/site-packages/***/task/task_runner/standard_task_runner.py:62 DeprecationWarning: This process (pid=541) is multi-threaded, use of fork() may lead to deadlocks in the child.
[2026-03-25T13:45:52.658+0000] {standard_task_runner.py:64} INFO - Started process 551 to run task
[2026-03-25T13:45:52.658+0000] {standard_task_runner.py:90} INFO - Running: ['***', 'tasks', 'run', 'transfer_from_minio_to_snowflake_customers', 'create_stage', 'scheduled__2026-03-25T13:44:00+00:00', '--job-id', '992', '--raw', '--subdir', 'DAGS_FOLDER/transfer.py', '--cfg-path', '/tmp/tmp3br_w6ue']
[2026-03-25T13:45:52.659+0000] {standard_task_runner.py:91} INFO - Job 992: Subtask create_stage
[2026-03-25T13:45:52.690+0000] {task_command.py:426} INFO - Running <TaskInstance: transfer_from_minio_to_snowflake_customers.create_stage scheduled__2026-03-25T13:44:00+00:00 [running]> on host 6fdc51cbadaf
[2026-03-25T13:45:52.733+0000] {taskinstance.py:2648} INFO - Exporting env vars: AIRFLOW_CTX_DAG_OWNER='***' AIRFLOW_CTX_DAG_ID='transfer_from_minio_to_snowflake_customers' AIRFLOW_CTX_TASK_ID='create_stage' AIRFLOW_CTX_EXECUTION_DATE='2026-03-25T13:44:00+00:00' AIRFLOW_CTX_TRY_NUMBER='1' AIRFLOW_CTX_DAG_RUN_ID='scheduled__2026-03-25T13:44:00+00:00'
[2026-03-25T13:45:52.734+0000] {taskinstance.py:430} INFO - ::endgroup::
[2026-03-25T13:45:52.734+0000] {sql.py:282} INFO - Executing:  CREATE STAGE IF NOT EXISTS incoming  
                 URL = 's3://de-project-banking-pipeline-dev-2/customers'
                 STORAGE_INTEGRATION = my_s3_integration
                 FILE_FORMAT = (TYPE = 'JSON'); 
[2026-03-25T13:45:52.740+0000] {base.py:84} INFO - Using connection ID 'warehouse_id' for task execution.
[2026-03-25T13:45:52.768+0000] {base.py:84} INFO - Using connection ID 'warehouse_id' for task execution.
[2026-03-25T13:45:52.806+0000] {connection.py:408} INFO - Snowflake Connector for Python Version: 3.11.0, Python Version: 3.12.4, Platform: Linux-6.12.76-linuxkit-aarch64-with-glibc2.36
[2026-03-25T13:45:52.807+0000] {connection.py:1258} INFO - This connection is in OCSP Fail Open Mode. TLS Certificates would be checked for validity and revocation status. Any other Certificate Revocation related exceptions or OCSP Responder failures would be disregarded in favor of connectivity.
[2026-03-25T13:45:53.416+0000] {cursor.py:1149} INFO - Number of results in first chunk: 1
[2026-03-25T13:45:53.417+0000] {sql.py:495} INFO - Running statement: CREATE STAGE IF NOT EXISTS incoming  
                 URL = 's3://de-project-banking-pipeline-dev-2/customers'
                 STORAGE_INTEGRATION = my_s3_integration
                 FILE_FORMAT = (TYPE = 'JSON');, parameters: None
[2026-03-25T13:45:53.594+0000] {cursor.py:1149} INFO - Number of results in first chunk: 1
[2026-03-25T13:45:53.594+0000] {sql.py:504} INFO - Rows affected: 1
[2026-03-25T13:45:53.595+0000] {snowflake.py:422} INFO - Rows affected: 1
[2026-03-25T13:45:53.596+0000] {snowflake.py:423} INFO - Snowflake query id: 01c343d9-3202-7c30-0014-90e60003a786
[2026-03-25T13:45:53.727+0000] {cursor.py:1149} INFO - Number of results in first chunk: 1
[2026-03-25T13:45:53.727+0000] {connection.py:773} INFO - closed
[2026-03-25T13:45:53.932+0000] {connection.py:779} INFO - No async queries seem to be running, deleting session
[2026-03-25T13:45:54.051+0000] {taskinstance.py:441} INFO - ::group::Post task execution logs
[2026-03-25T13:45:54.085+0000] {taskinstance.py:1206} INFO - Marking task as SUCCESS. dag_id=transfer_from_minio_to_snowflake_customers, task_id=create_stage, run_id=scheduled__2026-03-25T13:44:00+00:00, execution_date=20260325T134400, start_date=20260325T134552, end_date=20260325T134554
[2026-03-25T13:45:54.118+0000] {local_task_job_runner.py:243} INFO - Task exited with return code 0
[2026-03-25T13:45:54.142+0000] {taskinstance.py:3503} INFO - 1 downstream tasks scheduled from follow-on schedule check
[2026-03-25T13:45:54.143+0000] {local_task_job_runner.py:222} INFO - ::endgroup::
