[2026-03-28T11:15:09.895+0000] {local_task_job_runner.py:120} INFO - ::group::Pre task execution logs
[2026-03-28T11:15:09.910+0000] {taskinstance.py:2076} INFO - Dependencies all met for dep_context=non-requeueable deps ti=<TaskInstance: banking_01_bronze_layer.debug scheduled__2026-03-28T08:30:00+00:00 [queued]>
[2026-03-28T11:15:09.913+0000] {taskinstance.py:2076} INFO - Dependencies all met for dep_context=requeueable deps ti=<TaskInstance: banking_01_bronze_layer.debug scheduled__2026-03-28T08:30:00+00:00 [queued]>
[2026-03-28T11:15:09.913+0000] {taskinstance.py:2306} INFO - Starting attempt 2 of 2
[2026-03-28T11:15:09.919+0000] {taskinstance.py:2330} INFO - Executing <Task(BashOperator): debug> on 2026-03-28 08:30:00+00:00
[2026-03-28T11:15:09.921+0000] {standard_task_runner.py:64} INFO - Started process 196 to run task
[2026-03-28T11:15:09.922+0000] {standard_task_runner.py:90} INFO - Running: ['***', 'tasks', 'run', 'banking_01_bronze_layer', 'debug', 'scheduled__2026-03-28T08:30:00+00:00', '--job-id', '6403', '--raw', '--subdir', 'DAGS_FOLDER/dbt.py', '--cfg-path', '/tmp/tmpheqdho2m']
[2026-03-28T11:15:09.923+0000] {standard_task_runner.py:91} INFO - Job 6403: Subtask debug
[2026-03-28T11:15:09.949+0000] {task_command.py:426} INFO - Running <TaskInstance: banking_01_bronze_layer.debug scheduled__2026-03-28T08:30:00+00:00 [running]> on host c990dffe13ae
[2026-03-28T11:15:09.990+0000] {taskinstance.py:2648} INFO - Exporting env vars: AIRFLOW_CTX_DAG_OWNER='risheek' AIRFLOW_CTX_DAG_ID='banking_01_bronze_layer' AIRFLOW_CTX_TASK_ID='debug' AIRFLOW_CTX_EXECUTION_DATE='2026-03-28T08:30:00+00:00' AIRFLOW_CTX_TRY_NUMBER='2' AIRFLOW_CTX_DAG_RUN_ID='scheduled__2026-03-28T08:30:00+00:00'
[2026-03-28T11:15:09.990+0000] {taskinstance.py:430} INFO - ::endgroup::
[2026-03-28T11:15:09.991+0000] {subprocess.py:78} INFO - Tmp dir root location: /tmp
[2026-03-28T11:15:09.991+0000] {subprocess.py:88} INFO - Running command: ['/usr/bin/bash', '-c', 'dbt debug --profiles-dir /opt/***/dbt/trans_snowf']
[2026-03-28T11:15:09.994+0000] {subprocess.py:99} INFO - Output:
[2026-03-28T11:15:11.236+0000] {subprocess.py:106} INFO - [0m11:15:11  Running with dbt=1.11.7
[2026-03-28T11:15:11.243+0000] {subprocess.py:106} INFO - [0m11:15:11  dbt version: 1.11.7
[2026-03-28T11:15:11.243+0000] {subprocess.py:106} INFO - [0m11:15:11  python version: 3.12.4
[2026-03-28T11:15:11.244+0000] {subprocess.py:106} INFO - [0m11:15:11  python path: /home/***/.local/bin/python
[2026-03-28T11:15:11.244+0000] {subprocess.py:106} INFO - [0m11:15:11  os info: Linux-6.12.76-linuxkit-aarch64-with-glibc2.36
[2026-03-28T11:15:11.645+0000] {subprocess.py:106} INFO - [0m11:15:11  Using profiles dir at /opt/***/dbt/trans_snowf
[2026-03-28T11:15:11.646+0000] {subprocess.py:106} INFO - [0m11:15:11  Using profiles.yml file at /opt/***/dbt/trans_snowf/profiles.yml
[2026-03-28T11:15:11.646+0000] {subprocess.py:106} INFO - [0m11:15:11  Using dbt_project.yml file at /opt/***/dbt/trans_snowf/dbt_project.yml
[2026-03-28T11:15:11.647+0000] {subprocess.py:106} INFO - [0m11:15:11  adapter type: snowflake
[2026-03-28T11:15:11.647+0000] {subprocess.py:106} INFO - [0m11:15:11  adapter version: 1.11.3
[2026-03-28T11:15:11.700+0000] {subprocess.py:106} INFO - [0m11:15:11  Configuration:
[2026-03-28T11:15:11.701+0000] {subprocess.py:106} INFO - [0m11:15:11    profiles.yml file [[32mOK found and valid[0m]
[2026-03-28T11:15:11.701+0000] {subprocess.py:106} INFO - [0m11:15:11    dbt_project.yml file [[32mOK found and valid[0m]
[2026-03-28T11:15:11.701+0000] {subprocess.py:106} INFO - [0m11:15:11  Required dependencies:
[2026-03-28T11:15:11.702+0000] {subprocess.py:106} INFO - [0m11:15:11   - git [[31mERROR[0m]
[2026-03-28T11:15:11.702+0000] {subprocess.py:106} INFO - 
[2026-03-28T11:15:11.703+0000] {subprocess.py:106} INFO - [0m11:15:11  Connection:
[2026-03-28T11:15:11.703+0000] {subprocess.py:106} INFO - [0m11:15:11    account: BBMCDSP-CT02489
[2026-03-28T11:15:11.703+0000] {subprocess.py:106} INFO - [0m11:15:11    user: user123
[2026-03-28T11:15:11.704+0000] {subprocess.py:106} INFO - [0m11:15:11    database: BANKING
[2026-03-28T11:15:11.704+0000] {subprocess.py:106} INFO - [0m11:15:11    warehouse: COMPUTE_WH
[2026-03-28T11:15:11.704+0000] {subprocess.py:106} INFO - [0m11:15:11    role: dbtadmin
[2026-03-28T11:15:11.705+0000] {subprocess.py:106} INFO - [0m11:15:11    schema: PUBLIC
[2026-03-28T11:15:11.705+0000] {subprocess.py:106} INFO - [0m11:15:11    authenticator: None
[2026-03-28T11:15:11.705+0000] {subprocess.py:106} INFO - [0m11:15:11    oauth_client_id: None
[2026-03-28T11:15:11.706+0000] {subprocess.py:106} INFO - [0m11:15:11    query_tag: None
[2026-03-28T11:15:11.706+0000] {subprocess.py:106} INFO - [0m11:15:11    client_session_keep_alive: False
[2026-03-28T11:15:11.706+0000] {subprocess.py:106} INFO - [0m11:15:11    host: None
[2026-03-28T11:15:11.707+0000] {subprocess.py:106} INFO - [0m11:15:11    port: None
[2026-03-28T11:15:11.707+0000] {subprocess.py:106} INFO - [0m11:15:11    proxy_host: None
[2026-03-28T11:15:11.707+0000] {subprocess.py:106} INFO - [0m11:15:11    proxy_port: None
[2026-03-28T11:15:11.708+0000] {subprocess.py:106} INFO - [0m11:15:11    protocol: None
[2026-03-28T11:15:11.708+0000] {subprocess.py:106} INFO - [0m11:15:11    connect_retries: 1
[2026-03-28T11:15:11.709+0000] {subprocess.py:106} INFO - [0m11:15:11    connect_timeout: None
[2026-03-28T11:15:11.709+0000] {subprocess.py:106} INFO - [0m11:15:11    retry_on_database_errors: False
[2026-03-28T11:15:11.709+0000] {subprocess.py:106} INFO - [0m11:15:11    retry_all: False
[2026-03-28T11:15:11.709+0000] {subprocess.py:106} INFO - [0m11:15:11    insecure_mode: False
[2026-03-28T11:15:11.710+0000] {subprocess.py:106} INFO - [0m11:15:11    reuse_connections: True
[2026-03-28T11:15:11.710+0000] {subprocess.py:106} INFO - [0m11:15:11    s3_stage_vpce_dns_name: None
[2026-03-28T11:15:11.710+0000] {subprocess.py:106} INFO - [0m11:15:11    platform_detection_timeout_seconds: 0.0
[2026-03-28T11:15:11.711+0000] {subprocess.py:106} INFO - [0m11:15:11  Registered adapter: snowflake=1.11.3
[2026-03-28T11:15:12.381+0000] {subprocess.py:106} INFO - [0m11:15:12    Connection test: [[32mOK connection ok[0m]
[2026-03-28T11:15:12.382+0000] {subprocess.py:106} INFO - 
[2026-03-28T11:15:12.383+0000] {subprocess.py:106} INFO - [0m11:15:12  [31m1 check failed:[0m
[2026-03-28T11:15:12.384+0000] {subprocess.py:106} INFO - [0m11:15:12  Error from git --help: Could not find command, ensure it is in the user's PATH: "git"
[2026-03-28T11:15:12.384+0000] {subprocess.py:106} INFO - 
[2026-03-28T11:15:14.163+0000] {subprocess.py:110} INFO - Command exited with return code 1
[2026-03-28T11:15:14.164+0000] {taskinstance.py:441} INFO - ::group::Post task execution logs
[2026-03-28T11:15:14.176+0000] {taskinstance.py:2905} ERROR - Task failed with exception
Traceback (most recent call last):
  File "/home/airflow/.local/lib/python3.12/site-packages/airflow/models/taskinstance.py", line 465, in _execute_task
    result = _execute_callable(context=context, **execute_callable_kwargs)
             ^^^^^^^^^^^^^^^^^^^^^^^^^^^^^^^^^^^^^^^^^^^^^^^^^^^^^^^^^^^^^
  File "/home/airflow/.local/lib/python3.12/site-packages/airflow/models/taskinstance.py", line 432, in _execute_callable
    return execute_callable(context=context, **execute_callable_kwargs)
           ^^^^^^^^^^^^^^^^^^^^^^^^^^^^^^^^^^^^^^^^^^^^^^^^^^^^^^^^^^^^
  File "/home/airflow/.local/lib/python3.12/site-packages/airflow/models/baseoperator.py", line 401, in wrapper
    return func(self, *args, **kwargs)
           ^^^^^^^^^^^^^^^^^^^^^^^^^^^
  File "/home/airflow/.local/lib/python3.12/site-packages/airflow/providers/standard/operators/bash.py", line 233, in execute
    raise AirflowException(
airflow.exceptions.AirflowException: Bash command failed. The command returned a non-zero exit code 1.
[2026-03-28T11:15:14.179+0000] {taskinstance.py:1206} INFO - Marking task as FAILED. dag_id=banking_01_bronze_layer, task_id=debug, run_id=scheduled__2026-03-28T08:30:00+00:00, execution_date=20260328T083000, start_date=20260328T111509, end_date=20260328T111514
[2026-03-28T11:15:14.188+0000] {standard_task_runner.py:110} ERROR - Failed to execute job 6403 for task debug (Bash command failed. The command returned a non-zero exit code 1.; 196)
[2026-03-28T11:15:14.193+0000] {local_task_job_runner.py:243} INFO - Task exited with return code 1
[2026-03-28T11:15:14.205+0000] {taskinstance.py:3503} INFO - 0 downstream tasks scheduled from follow-on schedule check
[2026-03-28T11:15:14.206+0000] {local_task_job_runner.py:222} INFO - ::endgroup::
