[2026-03-30T21:01:50.413+0000] {local_task_job_runner.py:120} INFO - ::group::Pre task execution logs
[2026-03-30T21:01:50.429+0000] {taskinstance.py:2076} INFO - Dependencies all met for dep_context=non-requeueable deps ti=<TaskInstance: transfer_from_minio_to_snowflake_customers.copy_json_to_variant scheduled__2026-03-30T18:44:00+00:00 [queued]>
[2026-03-30T21:01:50.433+0000] {taskinstance.py:2076} INFO - Dependencies all met for dep_context=requeueable deps ti=<TaskInstance: transfer_from_minio_to_snowflake_customers.copy_json_to_variant scheduled__2026-03-30T18:44:00+00:00 [queued]>
[2026-03-30T21:01:50.433+0000] {taskinstance.py:2306} INFO - Starting attempt 2 of 3
[2026-03-30T21:01:50.438+0000] {taskinstance.py:2330} INFO - Executing <Task(SQLExecuteQueryOperator): copy_json_to_variant> on 2026-03-30 18:44:00+00:00
[2026-03-30T21:01:50.443+0000] {standard_task_runner.py:90} INFO - Running: ['***', 'tasks', 'run', 'transfer_from_minio_to_snowflake_customers', 'copy_json_to_variant', 'scheduled__2026-03-30T18:44:00+00:00', '--job-id', '8722', '--raw', '--subdir', 'DAGS_FOLDER/transfer.py', '--cfg-path', '/tmp/tmp3hkwzt2q']
[2026-03-30T21:01:50.446+0000] {standard_task_runner.py:91} INFO - Job 8722: Subtask copy_json_to_variant
[2026-03-30T21:01:50.445+0000] {logging_mixin.py:188} WARNING - /home/***/.local/lib/python3.12/site-packages/***/task/task_runner/standard_task_runner.py:62 DeprecationWarning: This process (pid=24935) is multi-threaded, use of fork() may lead to deadlocks in the child.
[2026-03-30T21:01:50.447+0000] {standard_task_runner.py:64} INFO - Started process 24947 to run task
[2026-03-30T21:01:50.480+0000] {task_command.py:426} INFO - Running <TaskInstance: transfer_from_minio_to_snowflake_customers.copy_json_to_variant scheduled__2026-03-30T18:44:00+00:00 [running]> on host c990dffe13ae
[2026-03-30T21:01:50.630+0000] {taskinstance.py:2648} INFO - Exporting env vars: AIRFLOW_CTX_DAG_OWNER='***' AIRFLOW_CTX_DAG_ID='transfer_from_minio_to_snowflake_customers' AIRFLOW_CTX_TASK_ID='copy_json_to_variant' AIRFLOW_CTX_EXECUTION_DATE='2026-03-30T18:44:00+00:00' AIRFLOW_CTX_TRY_NUMBER='2' AIRFLOW_CTX_DAG_RUN_ID='scheduled__2026-03-30T18:44:00+00:00'
[2026-03-30T21:01:50.630+0000] {taskinstance.py:430} INFO - ::endgroup::
[2026-03-30T21:01:50.631+0000] {sql.py:282} INFO - Executing: 
            COPY INTO RAW_CUSTOMERS (raw_json)
            FROM @incoming/customers/
            FILE_FORMAT = (TYPE = 'JSON')
            ON_ERROR = 'CONTINUE';
        
[2026-03-30T21:01:50.636+0000] {base.py:84} INFO - Using connection ID 'warehouse_id' for task execution.
[2026-03-30T21:01:50.666+0000] {base.py:84} INFO - Using connection ID 'warehouse_id' for task execution.
[2026-03-30T21:01:50.703+0000] {connection.py:613} INFO - Snowflake Connector for Python Version: 4.3.0, Python Version: 3.12.4, Platform: Linux-6.12.76-linuxkit-aarch64-with-glibc2.36
[2026-03-30T21:01:50.704+0000] {connection.py:1709} INFO - Connecting to GLOBAL Snowflake domain
[2026-03-30T21:01:51.523+0000] {sql.py:495} INFO - Running statement: COPY INTO RAW_CUSTOMERS (raw_json)
            FROM @incoming/customers/
            FILE_FORMAT = (TYPE = 'JSON')
            ON_ERROR = 'CONTINUE';, parameters: None
[2026-03-30T21:01:52.024+0000] {sql.py:504} INFO - Rows affected: 1
[2026-03-30T21:01:52.025+0000] {snowflake.py:422} INFO - Rows affected: 1
[2026-03-30T21:01:52.026+0000] {snowflake.py:423} INFO - Snowflake query id: 01c361ad-3202-85e0-0014-90e60006b236
[2026-03-30T21:01:52.689+0000] {taskinstance.py:441} INFO - ::group::Post task execution logs
[2026-03-30T21:01:52.727+0000] {taskinstance.py:1206} INFO - Marking task as SUCCESS. dag_id=transfer_from_minio_to_snowflake_customers, task_id=copy_json_to_variant, run_id=scheduled__2026-03-30T18:44:00+00:00, execution_date=20260330T184400, start_date=20260330T210150, end_date=20260330T210152
[2026-03-30T21:01:52.771+0000] {local_task_job_runner.py:243} INFO - Task exited with return code 0
[2026-03-30T21:01:52.787+0000] {taskinstance.py:3503} INFO - 0 downstream tasks scheduled from follow-on schedule check
[2026-03-30T21:01:52.788+0000] {local_task_job_runner.py:222} INFO - ::endgroup::
