[2026-03-30T12:14:49.971+0000] {local_task_job_runner.py:120} INFO - ::group::Pre task execution logs
[2026-03-30T12:14:49.987+0000] {taskinstance.py:2076} INFO - Dependencies all met for dep_context=non-requeueable deps ti=<TaskInstance: banking_01_bronze_layer.debug scheduled__2026-03-30T11:30:00+00:00 [queued]>
[2026-03-30T12:14:49.991+0000] {taskinstance.py:2076} INFO - Dependencies all met for dep_context=requeueable deps ti=<TaskInstance: banking_01_bronze_layer.debug scheduled__2026-03-30T11:30:00+00:00 [queued]>
[2026-03-30T12:14:49.991+0000] {taskinstance.py:2306} INFO - Starting attempt 1 of 2
[2026-03-30T12:14:49.996+0000] {taskinstance.py:2330} INFO - Executing <Task(BashOperator): debug> on 2026-03-30 11:30:00+00:00
[2026-03-30T12:14:49.999+0000] {standard_task_runner.py:64} INFO - Started process 9946 to run task
[2026-03-30T12:14:50.000+0000] {standard_task_runner.py:90} INFO - Running: ['***', 'tasks', 'run', 'banking_01_bronze_layer', 'debug', 'scheduled__2026-03-30T11:30:00+00:00', '--job-id', '7976', '--raw', '--subdir', 'DAGS_FOLDER/dbt.py', '--cfg-path', '/tmp/tmplo9f333o']
[2026-03-30T12:14:50.001+0000] {standard_task_runner.py:91} INFO - Job 7976: Subtask debug
[2026-03-30T12:14:50.027+0000] {task_command.py:426} INFO - Running <TaskInstance: banking_01_bronze_layer.debug scheduled__2026-03-30T11:30:00+00:00 [running]> on host c990dffe13ae
[2026-03-30T12:14:50.073+0000] {taskinstance.py:2648} INFO - Exporting env vars: AIRFLOW_CTX_DAG_OWNER='risheek' AIRFLOW_CTX_DAG_ID='banking_01_bronze_layer' AIRFLOW_CTX_TASK_ID='debug' AIRFLOW_CTX_EXECUTION_DATE='2026-03-30T11:30:00+00:00' AIRFLOW_CTX_TRY_NUMBER='1' AIRFLOW_CTX_DAG_RUN_ID='scheduled__2026-03-30T11:30:00+00:00'
[2026-03-30T12:14:50.074+0000] {taskinstance.py:430} INFO - ::endgroup::
[2026-03-30T12:14:50.074+0000] {subprocess.py:78} INFO - Tmp dir root location: /tmp
[2026-03-30T12:14:50.074+0000] {subprocess.py:88} INFO - Running command: ['/usr/bin/bash', '-c', 'dbt debug --profiles-dir /opt/***/dbt/trans_snowf']
[2026-03-30T12:14:50.079+0000] {subprocess.py:99} INFO - Output:
[2026-03-30T12:14:51.312+0000] {subprocess.py:106} INFO - [0m12:14:51  Running with dbt=1.11.7
[2026-03-30T12:14:51.318+0000] {subprocess.py:106} INFO - [0m12:14:51  dbt version: 1.11.7
[2026-03-30T12:14:51.318+0000] {subprocess.py:106} INFO - [0m12:14:51  python version: 3.12.4
[2026-03-30T12:14:51.319+0000] {subprocess.py:106} INFO - [0m12:14:51  python path: /home/***/.local/bin/python
[2026-03-30T12:14:51.319+0000] {subprocess.py:106} INFO - [0m12:14:51  os info: Linux-6.12.76-linuxkit-aarch64-with-glibc2.36
[2026-03-30T12:14:51.705+0000] {subprocess.py:106} INFO - [0m12:14:51  Using profiles dir at /opt/***/dbt/trans_snowf
[2026-03-30T12:14:51.705+0000] {subprocess.py:106} INFO - [0m12:14:51  Using profiles.yml file at /opt/***/dbt/trans_snowf/profiles.yml
[2026-03-30T12:14:51.706+0000] {subprocess.py:106} INFO - [0m12:14:51  Using dbt_project.yml file at /opt/***/dbt/trans_snowf/dbt_project.yml
[2026-03-30T12:14:51.706+0000] {subprocess.py:106} INFO - [0m12:14:51  adapter type: snowflake
[2026-03-30T12:14:51.707+0000] {subprocess.py:106} INFO - [0m12:14:51  adapter version: 1.11.3
[2026-03-30T12:14:51.761+0000] {subprocess.py:106} INFO - [0m12:14:51  Configuration:
[2026-03-30T12:14:51.761+0000] {subprocess.py:106} INFO - [0m12:14:51    profiles.yml file [[32mOK found and valid[0m]
[2026-03-30T12:14:51.762+0000] {subprocess.py:106} INFO - [0m12:14:51    dbt_project.yml file [[32mOK found and valid[0m]
[2026-03-30T12:14:51.762+0000] {subprocess.py:106} INFO - [0m12:14:51  Required dependencies:
[2026-03-30T12:14:51.763+0000] {subprocess.py:106} INFO - [0m12:14:51   - git [[31mERROR[0m]
[2026-03-30T12:14:51.763+0000] {subprocess.py:106} INFO - 
[2026-03-30T12:14:51.763+0000] {subprocess.py:106} INFO - [0m12:14:51  Connection:
[2026-03-30T12:14:51.764+0000] {subprocess.py:106} INFO - [0m12:14:51    account: BBMCDSP-CT02489
[2026-03-30T12:14:51.764+0000] {subprocess.py:106} INFO - [0m12:14:51    user: user123
[2026-03-30T12:14:51.764+0000] {subprocess.py:106} INFO - [0m12:14:51    database: BANKING
[2026-03-30T12:14:51.765+0000] {subprocess.py:106} INFO - [0m12:14:51    warehouse: COMPUTE_WH
[2026-03-30T12:14:51.765+0000] {subprocess.py:106} INFO - [0m12:14:51    role: dbtadmin
[2026-03-30T12:14:51.766+0000] {subprocess.py:106} INFO - [0m12:14:51    schema: PUBLIC
[2026-03-30T12:14:51.766+0000] {subprocess.py:106} INFO - [0m12:14:51    authenticator: None
[2026-03-30T12:14:51.766+0000] {subprocess.py:106} INFO - [0m12:14:51    oauth_client_id: None
[2026-03-30T12:14:51.766+0000] {subprocess.py:106} INFO - [0m12:14:51    query_tag: None
[2026-03-30T12:14:51.767+0000] {subprocess.py:106} INFO - [0m12:14:51    client_session_keep_alive: False
[2026-03-30T12:14:51.767+0000] {subprocess.py:106} INFO - [0m12:14:51    host: None
[2026-03-30T12:14:51.767+0000] {subprocess.py:106} INFO - [0m12:14:51    port: None
[2026-03-30T12:14:51.768+0000] {subprocess.py:106} INFO - [0m12:14:51    proxy_host: None
[2026-03-30T12:14:51.768+0000] {subprocess.py:106} INFO - [0m12:14:51    proxy_port: None
[2026-03-30T12:14:51.768+0000] {subprocess.py:106} INFO - [0m12:14:51    protocol: None
[2026-03-30T12:14:51.769+0000] {subprocess.py:106} INFO - [0m12:14:51    connect_retries: 1
[2026-03-30T12:14:51.769+0000] {subprocess.py:106} INFO - [0m12:14:51    connect_timeout: None
[2026-03-30T12:14:51.769+0000] {subprocess.py:106} INFO - [0m12:14:51    retry_on_database_errors: False
[2026-03-30T12:14:51.769+0000] {subprocess.py:106} INFO - [0m12:14:51    retry_all: False
[2026-03-30T12:14:51.770+0000] {subprocess.py:106} INFO - [0m12:14:51    insecure_mode: False
[2026-03-30T12:14:51.770+0000] {subprocess.py:106} INFO - [0m12:14:51    reuse_connections: True
[2026-03-30T12:14:51.770+0000] {subprocess.py:106} INFO - [0m12:14:51    s3_stage_vpce_dns_name: None
[2026-03-30T12:14:51.771+0000] {subprocess.py:106} INFO - [0m12:14:51    platform_detection_timeout_seconds: 0.0
[2026-03-30T12:14:51.771+0000] {subprocess.py:106} INFO - [0m12:14:51  Registered adapter: snowflake=1.11.3
[2026-03-30T12:14:52.958+0000] {subprocess.py:106} INFO - [0m12:14:52    Connection test: [[32mOK connection ok[0m]
[2026-03-30T12:14:52.959+0000] {subprocess.py:106} INFO - 
[2026-03-30T12:14:52.960+0000] {subprocess.py:106} INFO - [0m12:14:52  [31m1 check failed:[0m
[2026-03-30T12:14:52.961+0000] {subprocess.py:106} INFO - [0m12:14:52  Error from git --help: Could not find command, ensure it is in the user's PATH: "git"
[2026-03-30T12:14:52.961+0000] {subprocess.py:106} INFO - 
[2026-03-30T12:14:54.772+0000] {subprocess.py:110} INFO - Command exited with return code 1
[2026-03-30T12:14:54.773+0000] {taskinstance.py:441} INFO - ::group::Post task execution logs
[2026-03-30T12:14:54.785+0000] {taskinstance.py:2905} ERROR - Task failed with exception
Traceback (most recent call last):
  File "/home/airflow/.local/lib/python3.12/site-packages/airflow/models/taskinstance.py", line 465, in _execute_task
    result = _execute_callable(context=context, **execute_callable_kwargs)
             ^^^^^^^^^^^^^^^^^^^^^^^^^^^^^^^^^^^^^^^^^^^^^^^^^^^^^^^^^^^^^
  File "/home/airflow/.local/lib/python3.12/site-packages/airflow/models/taskinstance.py", line 432, in _execute_callable
    return execute_callable(context=context, **execute_callable_kwargs)
           ^^^^^^^^^^^^^^^^^^^^^^^^^^^^^^^^^^^^^^^^^^^^^^^^^^^^^^^^^^^^
  File "/home/airflow/.local/lib/python3.12/site-packages/airflow/models/baseoperator.py", line 401, in wrapper
    return func(self, *args, **kwargs)
           ^^^^^^^^^^^^^^^^^^^^^^^^^^^
  File "/home/airflow/.local/lib/python3.12/site-packages/airflow/providers/standard/operators/bash.py", line 233, in execute
    raise AirflowException(
airflow.exceptions.AirflowException: Bash command failed. The command returned a non-zero exit code 1.
[2026-03-30T12:14:54.792+0000] {taskinstance.py:1206} INFO - Marking task as UP_FOR_RETRY. dag_id=banking_01_bronze_layer, task_id=debug, run_id=scheduled__2026-03-30T11:30:00+00:00, execution_date=20260330T113000, start_date=20260330T121449, end_date=20260330T121454
[2026-03-30T12:14:54.801+0000] {standard_task_runner.py:110} ERROR - Failed to execute job 7976 for task debug (Bash command failed. The command returned a non-zero exit code 1.; 9946)
[2026-03-30T12:14:54.818+0000] {local_task_job_runner.py:243} INFO - Task exited with return code 1
[2026-03-30T12:14:54.833+0000] {taskinstance.py:3503} INFO - 0 downstream tasks scheduled from follow-on schedule check
[2026-03-30T12:14:54.834+0000] {local_task_job_runner.py:222} INFO - ::endgroup::
