[2026-02-08T12:40:02.193+0000] {local_task_job_runner.py:120} INFO - ::group::Pre task execution logs
[2026-02-08T12:40:02.208+0000] {taskinstance.py:2076} INFO - Dependencies all met for dep_context=non-requeueable deps ti=<TaskInstance: transfer_from_minio_to_snowflake.create_bronze scheduled__2026-02-08T12:39:00+00:00 [queued]>
[2026-02-08T12:40:02.212+0000] {taskinstance.py:2076} INFO - Dependencies all met for dep_context=requeueable deps ti=<TaskInstance: transfer_from_minio_to_snowflake.create_bronze scheduled__2026-02-08T12:39:00+00:00 [queued]>
[2026-02-08T12:40:02.212+0000] {taskinstance.py:2306} INFO - Starting attempt 1 of 3
[2026-02-08T12:40:02.217+0000] {taskinstance.py:2330} INFO - Executing <Task(SQLExecuteQueryOperator): create_bronze> on 2026-02-08 12:39:00+00:00
[2026-02-08T12:40:02.223+0000] {logging_mixin.py:188} WARNING - /home/***/.local/lib/python3.12/site-packages/***/task/task_runner/standard_task_runner.py:62 DeprecationWarning: This process (pid=2016) is multi-threaded, use of fork() may lead to deadlocks in the child.
[2026-02-08T12:40:02.226+0000] {standard_task_runner.py:64} INFO - Started process 2028 to run task
[2026-02-08T12:40:02.224+0000] {standard_task_runner.py:90} INFO - Running: ['***', 'tasks', 'run', 'transfer_from_minio_to_snowflake', 'create_bronze', 'scheduled__2026-02-08T12:39:00+00:00', '--job-id', '244', '--raw', '--subdir', 'DAGS_FOLDER/transfer.py', '--cfg-path', '/tmp/tmpltjr5bqz']
[2026-02-08T12:40:02.231+0000] {standard_task_runner.py:91} INFO - Job 244: Subtask create_bronze
[2026-02-08T12:40:02.278+0000] {task_command.py:426} INFO - Running <TaskInstance: transfer_from_minio_to_snowflake.create_bronze scheduled__2026-02-08T12:39:00+00:00 [running]> on host 83f212180a9d
[2026-02-08T12:40:02.439+0000] {taskinstance.py:2648} INFO - Exporting env vars: AIRFLOW_CTX_DAG_OWNER='***' AIRFLOW_CTX_DAG_ID='transfer_from_minio_to_snowflake' AIRFLOW_CTX_TASK_ID='create_bronze' AIRFLOW_CTX_EXECUTION_DATE='2026-02-08T12:39:00+00:00' AIRFLOW_CTX_TRY_NUMBER='1' AIRFLOW_CTX_DAG_RUN_ID='scheduled__2026-02-08T12:39:00+00:00'
[2026-02-08T12:40:02.440+0000] {taskinstance.py:430} INFO - ::endgroup::
[2026-02-08T12:40:02.440+0000] {sql.py:282} INFO - Executing:  CREATE TABLE IF NOT EXISTS BRONZE (
                    raw_json VARIANT,
                    inserted_at TIMESTAMP_NTZ DEFAULT CURRENT_TIMESTAMP());
                  
[2026-02-08T12:40:02.446+0000] {base.py:84} INFO - Using connection ID 'warehouse_id' for task execution.
[2026-02-08T12:40:02.476+0000] {base.py:84} INFO - Using connection ID 'warehouse_id' for task execution.
[2026-02-08T12:40:02.515+0000] {connection.py:611} INFO - Snowflake Connector for Python Version: 4.2.0, Python Version: 3.12.4, Platform: Linux-6.12.67-linuxkit-aarch64-with-glibc2.36
[2026-02-08T12:40:02.516+0000] {connection.py:1695} INFO - Connecting to GLOBAL Snowflake domain
[2026-02-08T12:40:05.042+0000] {sql.py:495} INFO - Running statement: CREATE TABLE IF NOT EXISTS BRONZE (
                    raw_json VARIANT,
                    inserted_at TIMESTAMP_NTZ DEFAULT CURRENT_TIMESTAMP());, parameters: None
[2026-02-08T12:40:05.134+0000] {sql.py:504} INFO - Rows affected: 1
[2026-02-08T12:40:05.136+0000] {snowflake.py:422} INFO - Rows affected: 1
[2026-02-08T12:40:05.136+0000] {snowflake.py:423} INFO - Snowflake query id: 01c24678-0001-8de1-000c-39020002423a
[2026-02-08T12:40:05.338+0000] {taskinstance.py:441} INFO - ::group::Post task execution logs
[2026-02-08T12:40:05.363+0000] {taskinstance.py:1206} INFO - Marking task as SUCCESS. dag_id=transfer_from_minio_to_snowflake, task_id=create_bronze, run_id=scheduled__2026-02-08T12:39:00+00:00, execution_date=20260208T123900, start_date=20260208T124002, end_date=20260208T124005
[2026-02-08T12:40:05.421+0000] {local_task_job_runner.py:243} INFO - Task exited with return code 0
[2026-02-08T12:40:05.446+0000] {taskinstance.py:3503} INFO - 1 downstream tasks scheduled from follow-on schedule check
[2026-02-08T12:40:05.447+0000] {local_task_job_runner.py:222} INFO - ::endgroup::
