[2026-03-10T08:28:20.561+0000] {local_task_job_runner.py:120} INFO - ::group::Pre task execution logs
[2026-03-10T08:28:20.583+0000] {taskinstance.py:2076} INFO - Dependencies all met for dep_context=non-requeueable deps ti=<TaskInstance: transfer_from_minio_to_snowflake.copy scheduled__2026-03-10T08:22:00+00:00 [queued]>
[2026-03-10T08:28:20.588+0000] {taskinstance.py:2076} INFO - Dependencies all met for dep_context=requeueable deps ti=<TaskInstance: transfer_from_minio_to_snowflake.copy scheduled__2026-03-10T08:22:00+00:00 [queued]>
[2026-03-10T08:28:20.589+0000] {taskinstance.py:2306} INFO - Starting attempt 2 of 3
[2026-03-10T08:28:20.595+0000] {taskinstance.py:2330} INFO - Executing <Task(CopyFromExternalStageToSnowflakeOperator): copy> on 2026-03-10 08:22:00+00:00
[2026-03-10T08:28:20.605+0000] {logging_mixin.py:188} WARNING - /home/***/.local/lib/python3.12/site-packages/***/task/task_runner/standard_task_runner.py:62 DeprecationWarning: This process (pid=1508) is multi-threaded, use of fork() may lead to deadlocks in the child.
[2026-03-10T08:28:20.607+0000] {standard_task_runner.py:64} INFO - Started process 1521 to run task
[2026-03-10T08:28:20.604+0000] {standard_task_runner.py:90} INFO - Running: ['***', 'tasks', 'run', 'transfer_from_minio_to_snowflake', 'copy', 'scheduled__2026-03-10T08:22:00+00:00', '--job-id', '169', '--raw', '--subdir', 'DAGS_FOLDER/transfer.py', '--cfg-path', '/tmp/tmp86s7hk81']
[2026-03-10T08:28:20.608+0000] {standard_task_runner.py:91} INFO - Job 169: Subtask copy
[2026-03-10T08:28:20.651+0000] {task_command.py:426} INFO - Running <TaskInstance: transfer_from_minio_to_snowflake.copy scheduled__2026-03-10T08:22:00+00:00 [running]> on host dd9947467187
[2026-03-10T08:28:20.837+0000] {taskinstance.py:2648} INFO - Exporting env vars: AIRFLOW_CTX_DAG_OWNER='***' AIRFLOW_CTX_DAG_ID='transfer_from_minio_to_snowflake' AIRFLOW_CTX_TASK_ID='copy' AIRFLOW_CTX_EXECUTION_DATE='2026-03-10T08:22:00+00:00' AIRFLOW_CTX_TRY_NUMBER='2' AIRFLOW_CTX_DAG_RUN_ID='scheduled__2026-03-10T08:22:00+00:00'
[2026-03-10T08:28:20.838+0000] {taskinstance.py:430} INFO - ::endgroup::
[2026-03-10T08:28:20.838+0000] {copy_into_snowflake.py:142} INFO - Executing COPY command...
[2026-03-10T08:28:20.846+0000] {base.py:84} INFO - Using connection ID 'warehouse_id' for task execution.
[2026-03-10T08:28:20.886+0000] {connection.py:613} INFO - Snowflake Connector for Python Version: 4.3.0, Python Version: 3.12.4, Platform: Linux-6.12.72-linuxkit-aarch64-with-glibc2.36
[2026-03-10T08:28:20.887+0000] {connection.py:1709} INFO - Connecting to GLOBAL Snowflake domain
[2026-03-10T08:28:22.221+0000] {sql.py:495} INFO - Running statement: COPY INTO RAW
             FROM  @incoming/
        
        
        FILE_FORMAT=(TYPE= 'JSON')
        ON_ERROR= 'continue', parameters: None
[2026-03-10T08:28:23.920+0000] {taskinstance.py:441} INFO - ::group::Post task execution logs
[2026-03-10T08:28:23.923+0000] {taskinstance.py:2905} ERROR - Task failed with exception
Traceback (most recent call last):
  File "/home/airflow/.local/lib/python3.12/site-packages/airflow/models/taskinstance.py", line 465, in _execute_task
    result = _execute_callable(context=context, **execute_callable_kwargs)
             ^^^^^^^^^^^^^^^^^^^^^^^^^^^^^^^^^^^^^^^^^^^^^^^^^^^^^^^^^^^^^
  File "/home/airflow/.local/lib/python3.12/site-packages/airflow/models/taskinstance.py", line 432, in _execute_callable
    return execute_callable(context=context, **execute_callable_kwargs)
           ^^^^^^^^^^^^^^^^^^^^^^^^^^^^^^^^^^^^^^^^^^^^^^^^^^^^^^^^^^^^
  File "/home/airflow/.local/lib/python3.12/site-packages/airflow/models/baseoperator.py", line 401, in wrapper
    return func(self, *args, **kwargs)
           ^^^^^^^^^^^^^^^^^^^^^^^^^^^
  File "/home/airflow/.local/lib/python3.12/site-packages/airflow/providers/snowflake/transfers/copy_into_snowflake.py", line 143, in execute
    self._result = self.hook.run(  # type: ignore # mypy does not work well with return_dictionaries=True
                   ^^^^^^^^^^^^^^^^^^^^^^^^^^^^^^^^^^^^^^^^^^^^^^^^^^^^^^^^^^^^^^^^^^^^^^^^^^^^^^^^^^^^^^
  File "/home/airflow/.local/lib/python3.12/site-packages/airflow/providers/snowflake/hooks/snowflake.py", line 410, in run
    self._run_command(cur, sql_statement, parameters)  # type: ignore[attr-defined]
    ^^^^^^^^^^^^^^^^^^^^^^^^^^^^^^^^^^^^^^^^^^^^^^^^^
  File "/home/airflow/.local/lib/python3.12/site-packages/airflow/providers/common/sql/hooks/sql.py", line 500, in _run_command
    cur.execute(sql_statement)
  File "/home/airflow/.local/lib/python3.12/site-packages/snowflake/connector/cursor.py", line 1144, in execute
    Error.errorhandler_wrapper(self.connection, self, error_class, errvalue)
  File "/home/airflow/.local/lib/python3.12/site-packages/snowflake/connector/errors.py", line 298, in errorhandler_wrapper
    handed_over = Error.hand_to_other_handler(
                  ^^^^^^^^^^^^^^^^^^^^^^^^^^^^
  File "/home/airflow/.local/lib/python3.12/site-packages/snowflake/connector/errors.py", line 354, in hand_to_other_handler
    cursor.errorhandler(connection, cursor, error_class, error_value)
  File "/home/airflow/.local/lib/python3.12/site-packages/snowflake/connector/errors.py", line 229, in default_errorhandler
    raise error_class(
snowflake.connector.errors.ProgrammingError: 002019 (0A000): 01c2ee3c-3202-6cb7-0000-001490e696c5: SQL compilation error:
JSON file format can produce one and only one column of type variant, object, or array. Load data into separate columns using the MATCH_BY_COLUMN_NAME copy option or copy with transformation.
[2026-03-10T08:28:23.955+0000] {taskinstance.py:1206} INFO - Marking task as UP_FOR_RETRY. dag_id=transfer_from_minio_to_snowflake, task_id=copy, run_id=scheduled__2026-03-10T08:22:00+00:00, execution_date=20260310T082200, start_date=20260310T082820, end_date=20260310T082823
[2026-03-10T08:28:23.971+0000] {standard_task_runner.py:110} ERROR - Failed to execute job 169 for task copy (002019 (0A000): 01c2ee3c-3202-6cb7-0000-001490e696c5: SQL compilation error:
JSON file format can produce one and only one column of type variant, object, or array. Load data into separate columns using the MATCH_BY_COLUMN_NAME copy option or copy with transformation.; 1521)
[2026-03-10T08:28:24.015+0000] {local_task_job_runner.py:243} INFO - Task exited with return code 1
[2026-03-10T08:28:24.047+0000] {taskinstance.py:3503} INFO - 0 downstream tasks scheduled from follow-on schedule check
[2026-03-10T08:28:24.048+0000] {local_task_job_runner.py:222} INFO - ::endgroup::
