[2026-03-28T11:53:42.344+0000] {local_task_job_runner.py:120} INFO - ::group::Pre task execution logs
[2026-03-28T11:53:42.360+0000] {taskinstance.py:2076} INFO - Dependencies all met for dep_context=non-requeueable deps ti=<TaskInstance: banking_01_bronze_layer.debug manual__2026-03-28T11:53:30.680905+00:00 [queued]>
[2026-03-28T11:53:42.363+0000] {taskinstance.py:2076} INFO - Dependencies all met for dep_context=requeueable deps ti=<TaskInstance: banking_01_bronze_layer.debug manual__2026-03-28T11:53:30.680905+00:00 [queued]>
[2026-03-28T11:53:42.363+0000] {taskinstance.py:2306} INFO - Starting attempt 1 of 2
[2026-03-28T11:53:42.368+0000] {taskinstance.py:2330} INFO - Executing <Task(BashOperator): debug> on 2026-03-28 11:53:30.680905+00:00
[2026-03-28T11:53:42.371+0000] {standard_task_runner.py:64} INFO - Started process 7731 to run task
[2026-03-28T11:53:42.373+0000] {standard_task_runner.py:90} INFO - Running: ['***', 'tasks', 'run', 'banking_01_bronze_layer', 'debug', 'manual__2026-03-28T11:53:30.680905+00:00', '--job-id', '6792', '--raw', '--subdir', 'DAGS_FOLDER/dbt.py', '--cfg-path', '/tmp/tmpko4oczwh']
[2026-03-28T11:53:42.374+0000] {standard_task_runner.py:91} INFO - Job 6792: Subtask debug
[2026-03-28T11:53:42.401+0000] {task_command.py:426} INFO - Running <TaskInstance: banking_01_bronze_layer.debug manual__2026-03-28T11:53:30.680905+00:00 [running]> on host c990dffe13ae
[2026-03-28T11:53:42.444+0000] {taskinstance.py:2648} INFO - Exporting env vars: AIRFLOW_CTX_DAG_OWNER='risheek' AIRFLOW_CTX_DAG_ID='banking_01_bronze_layer' AIRFLOW_CTX_TASK_ID='debug' AIRFLOW_CTX_EXECUTION_DATE='2026-03-28T11:53:30.680905+00:00' AIRFLOW_CTX_TRY_NUMBER='1' AIRFLOW_CTX_DAG_RUN_ID='manual__2026-03-28T11:53:30.680905+00:00'
[2026-03-28T11:53:42.445+0000] {taskinstance.py:430} INFO - ::endgroup::
[2026-03-28T11:53:42.445+0000] {subprocess.py:78} INFO - Tmp dir root location: /tmp
[2026-03-28T11:53:42.446+0000] {subprocess.py:88} INFO - Running command: ['/usr/bin/bash', '-c', 'dbt debug --profiles-dir /opt/***/dbt/trans_snowf']
[2026-03-28T11:53:42.449+0000] {subprocess.py:99} INFO - Output:
[2026-03-28T11:53:43.744+0000] {subprocess.py:106} INFO - [0m11:53:43  Running with dbt=1.11.7
[2026-03-28T11:53:43.751+0000] {subprocess.py:106} INFO - [0m11:53:43  dbt version: 1.11.7
[2026-03-28T11:53:43.751+0000] {subprocess.py:106} INFO - [0m11:53:43  python version: 3.12.4
[2026-03-28T11:53:43.751+0000] {subprocess.py:106} INFO - [0m11:53:43  python path: /home/***/.local/bin/python
[2026-03-28T11:53:43.752+0000] {subprocess.py:106} INFO - [0m11:53:43  os info: Linux-6.12.76-linuxkit-aarch64-with-glibc2.36
[2026-03-28T11:53:44.157+0000] {subprocess.py:106} INFO - [0m11:53:44  Using profiles dir at /opt/***/dbt/trans_snowf
[2026-03-28T11:53:44.157+0000] {subprocess.py:106} INFO - [0m11:53:44  Using profiles.yml file at /opt/***/dbt/trans_snowf/profiles.yml
[2026-03-28T11:53:44.159+0000] {subprocess.py:106} INFO - [0m11:53:44  Using dbt_project.yml file at /opt/***/dbt/trans_snowf/dbt_project.yml
[2026-03-28T11:53:44.159+0000] {subprocess.py:106} INFO - [0m11:53:44  adapter type: snowflake
[2026-03-28T11:53:44.160+0000] {subprocess.py:106} INFO - [0m11:53:44  adapter version: 1.11.3
[2026-03-28T11:53:44.211+0000] {subprocess.py:106} INFO - [0m11:53:44  Configuration:
[2026-03-28T11:53:44.212+0000] {subprocess.py:106} INFO - [0m11:53:44    profiles.yml file [[32mOK found and valid[0m]
[2026-03-28T11:53:44.212+0000] {subprocess.py:106} INFO - [0m11:53:44    dbt_project.yml file [[32mOK found and valid[0m]
[2026-03-28T11:53:44.212+0000] {subprocess.py:106} INFO - [0m11:53:44  Required dependencies:
[2026-03-28T11:53:44.213+0000] {subprocess.py:106} INFO - [0m11:53:44   - git [[31mERROR[0m]
[2026-03-28T11:53:44.214+0000] {subprocess.py:106} INFO - 
[2026-03-28T11:53:44.214+0000] {subprocess.py:106} INFO - [0m11:53:44  Connection:
[2026-03-28T11:53:44.214+0000] {subprocess.py:106} INFO - [0m11:53:44    account: BBMCDSP-CT02489
[2026-03-28T11:53:44.214+0000] {subprocess.py:106} INFO - [0m11:53:44    user: user123
[2026-03-28T11:53:44.215+0000] {subprocess.py:106} INFO - [0m11:53:44    database: BANKING
[2026-03-28T11:53:44.215+0000] {subprocess.py:106} INFO - [0m11:53:44    warehouse: COMPUTE_WH
[2026-03-28T11:53:44.215+0000] {subprocess.py:106} INFO - [0m11:53:44    role: dbtadmin
[2026-03-28T11:53:44.216+0000] {subprocess.py:106} INFO - [0m11:53:44    schema: PUBLIC
[2026-03-28T11:53:44.216+0000] {subprocess.py:106} INFO - [0m11:53:44    authenticator: None
[2026-03-28T11:53:44.216+0000] {subprocess.py:106} INFO - [0m11:53:44    oauth_client_id: None
[2026-03-28T11:53:44.217+0000] {subprocess.py:106} INFO - [0m11:53:44    query_tag: None
[2026-03-28T11:53:44.217+0000] {subprocess.py:106} INFO - [0m11:53:44    client_session_keep_alive: False
[2026-03-28T11:53:44.217+0000] {subprocess.py:106} INFO - [0m11:53:44    host: None
[2026-03-28T11:53:44.218+0000] {subprocess.py:106} INFO - [0m11:53:44    port: None
[2026-03-28T11:53:44.218+0000] {subprocess.py:106} INFO - [0m11:53:44    proxy_host: None
[2026-03-28T11:53:44.218+0000] {subprocess.py:106} INFO - [0m11:53:44    proxy_port: None
[2026-03-28T11:53:44.219+0000] {subprocess.py:106} INFO - [0m11:53:44    protocol: None
[2026-03-28T11:53:44.219+0000] {subprocess.py:106} INFO - [0m11:53:44    connect_retries: 1
[2026-03-28T11:53:44.219+0000] {subprocess.py:106} INFO - [0m11:53:44    connect_timeout: None
[2026-03-28T11:53:44.220+0000] {subprocess.py:106} INFO - [0m11:53:44    retry_on_database_errors: False
[2026-03-28T11:53:44.220+0000] {subprocess.py:106} INFO - [0m11:53:44    retry_all: False
[2026-03-28T11:53:44.220+0000] {subprocess.py:106} INFO - [0m11:53:44    insecure_mode: False
[2026-03-28T11:53:44.221+0000] {subprocess.py:106} INFO - [0m11:53:44    reuse_connections: True
[2026-03-28T11:53:44.221+0000] {subprocess.py:106} INFO - [0m11:53:44    s3_stage_vpce_dns_name: None
[2026-03-28T11:53:44.222+0000] {subprocess.py:106} INFO - [0m11:53:44    platform_detection_timeout_seconds: 0.0
[2026-03-28T11:53:44.222+0000] {subprocess.py:106} INFO - [0m11:53:44  Registered adapter: snowflake=1.11.3
[2026-03-28T11:53:44.932+0000] {subprocess.py:106} INFO - [0m11:53:44    Connection test: [[32mOK connection ok[0m]
[2026-03-28T11:53:44.933+0000] {subprocess.py:106} INFO - 
[2026-03-28T11:53:44.933+0000] {subprocess.py:106} INFO - [0m11:53:44  [31m1 check failed:[0m
[2026-03-28T11:53:44.934+0000] {subprocess.py:106} INFO - [0m11:53:44  Error from git --help: Could not find command, ensure it is in the user's PATH: "git"
[2026-03-28T11:53:44.934+0000] {subprocess.py:106} INFO - 
[2026-03-28T11:53:47.094+0000] {subprocess.py:110} INFO - Command exited with return code 1
[2026-03-28T11:53:47.095+0000] {taskinstance.py:441} INFO - ::group::Post task execution logs
[2026-03-28T11:53:47.111+0000] {taskinstance.py:2905} ERROR - Task failed with exception
Traceback (most recent call last):
  File "/home/airflow/.local/lib/python3.12/site-packages/airflow/models/taskinstance.py", line 465, in _execute_task
    result = _execute_callable(context=context, **execute_callable_kwargs)
             ^^^^^^^^^^^^^^^^^^^^^^^^^^^^^^^^^^^^^^^^^^^^^^^^^^^^^^^^^^^^^
  File "/home/airflow/.local/lib/python3.12/site-packages/airflow/models/taskinstance.py", line 432, in _execute_callable
    return execute_callable(context=context, **execute_callable_kwargs)
           ^^^^^^^^^^^^^^^^^^^^^^^^^^^^^^^^^^^^^^^^^^^^^^^^^^^^^^^^^^^^
  File "/home/airflow/.local/lib/python3.12/site-packages/airflow/models/baseoperator.py", line 401, in wrapper
    return func(self, *args, **kwargs)
           ^^^^^^^^^^^^^^^^^^^^^^^^^^^
  File "/home/airflow/.local/lib/python3.12/site-packages/airflow/providers/standard/operators/bash.py", line 233, in execute
    raise AirflowException(
airflow.exceptions.AirflowException: Bash command failed. The command returned a non-zero exit code 1.
[2026-03-28T11:53:47.115+0000] {taskinstance.py:1206} INFO - Marking task as UP_FOR_RETRY. dag_id=banking_01_bronze_layer, task_id=debug, run_id=manual__2026-03-28T11:53:30.680905+00:00, execution_date=20260328T115330, start_date=20260328T115342, end_date=20260328T115347
[2026-03-28T11:53:47.124+0000] {standard_task_runner.py:110} ERROR - Failed to execute job 6792 for task debug (Bash command failed. The command returned a non-zero exit code 1.; 7731)
[2026-03-28T11:53:47.155+0000] {local_task_job_runner.py:243} INFO - Task exited with return code 1
[2026-03-28T11:53:47.179+0000] {taskinstance.py:3503} INFO - 0 downstream tasks scheduled from follow-on schedule check
[2026-03-28T11:53:47.180+0000] {local_task_job_runner.py:222} INFO - ::endgroup::
