[2026-03-30T23:46:59.408+0000] {local_task_job_runner.py:120} INFO - ::group::Pre task execution logs
[2026-03-30T23:46:59.432+0000] {taskinstance.py:2076} INFO - Dependencies all met for dep_context=non-requeueable deps ti=<TaskInstance: banking_01_bronze_layer.build_bronze_cust manual__2026-03-30T23:26:12.929644+00:00 [queued]>
[2026-03-30T23:46:59.438+0000] {taskinstance.py:2076} INFO - Dependencies all met for dep_context=requeueable deps ti=<TaskInstance: banking_01_bronze_layer.build_bronze_cust manual__2026-03-30T23:26:12.929644+00:00 [queued]>
[2026-03-30T23:46:59.438+0000] {taskinstance.py:2306} INFO - Starting attempt 2 of 2
[2026-03-30T23:46:59.447+0000] {taskinstance.py:2330} INFO - Executing <Task(BashOperator): build_bronze_cust> on 2026-03-30 23:26:12.929644+00:00
[2026-03-30T23:46:59.450+0000] {standard_task_runner.py:64} INFO - Started process 41054 to run task
[2026-03-30T23:46:59.453+0000] {standard_task_runner.py:90} INFO - Running: ['***', 'tasks', 'run', 'banking_01_bronze_layer', 'build_bronze_cust', 'manual__2026-03-30T23:26:12.929644+00:00', '--job-id', '9525', '--raw', '--subdir', 'DAGS_FOLDER/dbt.py', '--cfg-path', '/tmp/tmpgcf31was']
[2026-03-30T23:46:59.456+0000] {standard_task_runner.py:91} INFO - Job 9525: Subtask build_bronze_cust
[2026-03-30T23:46:59.503+0000] {task_command.py:426} INFO - Running <TaskInstance: banking_01_bronze_layer.build_bronze_cust manual__2026-03-30T23:26:12.929644+00:00 [running]> on host c990dffe13ae
[2026-03-30T23:46:59.572+0000] {taskinstance.py:2648} INFO - Exporting env vars: AIRFLOW_CTX_DAG_OWNER='risheek' AIRFLOW_CTX_DAG_ID='banking_01_bronze_layer' AIRFLOW_CTX_TASK_ID='build_bronze_cust' AIRFLOW_CTX_EXECUTION_DATE='2026-03-30T23:26:12.929644+00:00' AIRFLOW_CTX_TRY_NUMBER='2' AIRFLOW_CTX_DAG_RUN_ID='manual__2026-03-30T23:26:12.929644+00:00'
[2026-03-30T23:46:59.573+0000] {taskinstance.py:430} INFO - ::endgroup::
[2026-03-30T23:46:59.573+0000] {subprocess.py:78} INFO - Tmp dir root location: /tmp
[2026-03-30T23:46:59.575+0000] {subprocess.py:88} INFO - Running command: ['/usr/bin/bash', '-c', 'dbt build --select bronze_cust']
[2026-03-30T23:46:59.581+0000] {subprocess.py:99} INFO - Output:
[2026-03-30T23:47:01.223+0000] {subprocess.py:106} INFO - [0m23:47:01  Running with dbt=1.11.7
[2026-03-30T23:47:02.040+0000] {subprocess.py:106} INFO - [0m23:47:02  Registered adapter: snowflake=1.11.3
[2026-03-30T23:47:02.247+0000] {subprocess.py:106} INFO - [0m23:47:02  [[33mWARNING[0m]: Configuration paths exist in your dbt_project.yml file which do not apply to any resources.
[2026-03-30T23:47:02.248+0000] {subprocess.py:106} INFO - There are 1 unused configuration paths:
[2026-03-30T23:47:02.248+0000] {subprocess.py:106} INFO - - models.trans_snowf.example
[2026-03-30T23:47:02.381+0000] {subprocess.py:106} INFO - [0m23:47:02  Found 14 models, 3 sources, 522 macros
[2026-03-30T23:47:02.383+0000] {subprocess.py:106} INFO - [0m23:47:02
[2026-03-30T23:47:02.383+0000] {subprocess.py:106} INFO - [0m23:47:02  Concurrency: 1 threads (target='dev')
[2026-03-30T23:47:02.384+0000] {subprocess.py:106} INFO - [0m23:47:02
[2026-03-30T23:47:04.849+0000] {subprocess.py:106} INFO - [0m23:47:04  1 of 1 START sql incremental model PUBLIC_BRONZE.bronze_cust ................... [RUN]
[2026-03-30T23:47:08.320+0000] {subprocess.py:106} INFO - [0m23:47:08  1 of 1 OK created sql incremental model PUBLIC_BRONZE.bronze_cust .............. [[32mSUCCESS 0[0m in 3.46s]
[2026-03-30T23:47:08.594+0000] {subprocess.py:106} INFO - [0m23:47:08
[2026-03-30T23:47:08.595+0000] {subprocess.py:106} INFO - [0m23:47:08  Finished running 1 incremental model in 0 hours 0 minutes and 6.21 seconds (6.21s).
[2026-03-30T23:47:08.644+0000] {subprocess.py:106} INFO - [0m23:47:08
[2026-03-30T23:47:08.645+0000] {subprocess.py:106} INFO - [0m23:47:08  [32mCompleted successfully[0m
[2026-03-30T23:47:08.646+0000] {subprocess.py:106} INFO - [0m23:47:08
[2026-03-30T23:47:08.647+0000] {subprocess.py:106} INFO - [0m23:47:08  Done. PASS=1 WARN=0 ERROR=0 SKIP=0 NO-OP=0 TOTAL=1
[2026-03-30T23:47:10.782+0000] {subprocess.py:110} INFO - Command exited with return code 0
[2026-03-30T23:47:10.785+0000] {taskinstance.py:441} INFO - ::group::Post task execution logs
[2026-03-30T23:47:10.843+0000] {taskinstance.py:1206} INFO - Marking task as SUCCESS. dag_id=banking_01_bronze_layer, task_id=build_bronze_cust, run_id=manual__2026-03-30T23:26:12.929644+00:00, execution_date=20260330T232612, start_date=20260330T234659, end_date=20260330T234710
[2026-03-30T23:47:10.860+0000] {local_task_job_runner.py:243} INFO - Task exited with return code 0
[2026-03-30T23:47:10.890+0000] {taskinstance.py:3503} INFO - 0 downstream tasks scheduled from follow-on schedule check
[2026-03-30T23:47:10.892+0000] {local_task_job_runner.py:222} INFO - ::endgroup::
