[2026-03-10T11:06:09.878+0000] {local_task_job_runner.py:120} INFO - ::group::Pre task execution logs
[2026-03-10T11:06:09.901+0000] {taskinstance.py:2076} INFO - Dependencies all met for dep_context=non-requeueable deps ti=<TaskInstance: transfer_from_minio_to_snowflake.create_stage scheduled__2026-03-10T11:05:00+00:00 [queued]>
[2026-03-10T11:06:09.905+0000] {taskinstance.py:2076} INFO - Dependencies all met for dep_context=requeueable deps ti=<TaskInstance: transfer_from_minio_to_snowflake.create_stage scheduled__2026-03-10T11:05:00+00:00 [queued]>
[2026-03-10T11:06:09.905+0000] {taskinstance.py:2306} INFO - Starting attempt 1 of 3
[2026-03-10T11:06:09.912+0000] {taskinstance.py:2330} INFO - Executing <Task(SQLExecuteQueryOperator): create_stage> on 2026-03-10 11:05:00+00:00
[2026-03-10T11:06:09.920+0000] {logging_mixin.py:188} WARNING - /home/***/.local/lib/python3.12/site-packages/***/task/task_runner/standard_task_runner.py:62 DeprecationWarning: This process (pid=4992) is multi-threaded, use of fork() may lead to deadlocks in the child.
[2026-03-10T11:06:09.922+0000] {standard_task_runner.py:64} INFO - Started process 5004 to run task
[2026-03-10T11:06:09.920+0000] {standard_task_runner.py:90} INFO - Running: ['***', 'tasks', 'run', 'transfer_from_minio_to_snowflake', 'create_stage', 'scheduled__2026-03-10T11:05:00+00:00', '--job-id', '496', '--raw', '--subdir', 'DAGS_FOLDER/transfer.py', '--cfg-path', '/tmp/tmpjw7bln3x']
[2026-03-10T11:06:09.924+0000] {standard_task_runner.py:91} INFO - Job 496: Subtask create_stage
[2026-03-10T11:06:09.976+0000] {task_command.py:426} INFO - Running <TaskInstance: transfer_from_minio_to_snowflake.create_stage scheduled__2026-03-10T11:05:00+00:00 [running]> on host a070a8ebc37d
[2026-03-10T11:06:10.308+0000] {taskinstance.py:2648} INFO - Exporting env vars: AIRFLOW_CTX_DAG_OWNER='***' AIRFLOW_CTX_DAG_ID='transfer_from_minio_to_snowflake' AIRFLOW_CTX_TASK_ID='create_stage' AIRFLOW_CTX_EXECUTION_DATE='2026-03-10T11:05:00+00:00' AIRFLOW_CTX_TRY_NUMBER='1' AIRFLOW_CTX_DAG_RUN_ID='scheduled__2026-03-10T11:05:00+00:00'
[2026-03-10T11:06:10.309+0000] {taskinstance.py:430} INFO - ::endgroup::
[2026-03-10T11:06:10.310+0000] {sql.py:282} INFO - Executing:  CREATE STAGE IF NOT EXISTS incoming  
                 URL = 's3://de-project-banking-pipeline-dev-2/transactions'
                 STORAGE_INTEGRATION = my_s3_integration
                 FILE_FORMAT = (TYPE = 'JSON'); 
[2026-03-10T11:06:10.318+0000] {base.py:84} INFO - Using connection ID 'warehouse_id' for task execution.
[2026-03-10T11:06:10.363+0000] {base.py:84} INFO - Using connection ID 'warehouse_id' for task execution.
[2026-03-10T11:06:10.406+0000] {connection.py:613} INFO - Snowflake Connector for Python Version: 4.3.0, Python Version: 3.12.4, Platform: Linux-6.12.72-linuxkit-aarch64-with-glibc2.36
[2026-03-10T11:06:10.406+0000] {connection.py:1709} INFO - Connecting to GLOBAL Snowflake domain
[2026-03-10T11:06:11.430+0000] {sql.py:495} INFO - Running statement: CREATE STAGE IF NOT EXISTS incoming  
                 URL = 's3://de-project-banking-pipeline-dev-2/transactions'
                 STORAGE_INTEGRATION = my_s3_integration
                 FILE_FORMAT = (TYPE = 'JSON');, parameters: None
[2026-03-10T11:06:11.637+0000] {sql.py:504} INFO - Rows affected: 1
[2026-03-10T11:06:11.639+0000] {snowflake.py:422} INFO - Rows affected: 1
[2026-03-10T11:06:11.639+0000] {snowflake.py:423} INFO - Snowflake query id: 01c2eeda-3202-6cb7-0000-001490e6f7f5
[2026-03-10T11:06:12.005+0000] {taskinstance.py:441} INFO - ::group::Post task execution logs
[2026-03-10T11:06:12.072+0000] {taskinstance.py:1206} INFO - Marking task as SUCCESS. dag_id=transfer_from_minio_to_snowflake, task_id=create_stage, run_id=scheduled__2026-03-10T11:05:00+00:00, execution_date=20260310T110500, start_date=20260310T110609, end_date=20260310T110612
[2026-03-10T11:06:12.130+0000] {local_task_job_runner.py:243} INFO - Task exited with return code 0
[2026-03-10T11:06:12.184+0000] {taskinstance.py:3503} INFO - 1 downstream tasks scheduled from follow-on schedule check
[2026-03-10T11:06:12.187+0000] {local_task_job_runner.py:222} INFO - ::endgroup::
