[2026-03-31T00:48:04.151+0000] {local_task_job_runner.py:120} INFO - ::group::Pre task execution logs
[2026-03-31T00:48:04.169+0000] {taskinstance.py:2076} INFO - Dependencies all met for dep_context=non-requeueable deps ti=<TaskInstance: banking_01_bronze_layer.build_bronze_cust manual__2026-03-31T00:47:34.252602+00:00 [queued]>
[2026-03-31T00:48:04.172+0000] {taskinstance.py:2076} INFO - Dependencies all met for dep_context=requeueable deps ti=<TaskInstance: banking_01_bronze_layer.build_bronze_cust manual__2026-03-31T00:47:34.252602+00:00 [queued]>
[2026-03-31T00:48:04.173+0000] {taskinstance.py:2306} INFO - Starting attempt 1 of 2
[2026-03-31T00:48:04.182+0000] {taskinstance.py:2330} INFO - Executing <Task(BashOperator): build_bronze_cust> on 2026-03-31 00:47:34.252602+00:00
[2026-03-31T00:48:04.189+0000] {standard_task_runner.py:64} INFO - Started process 41959 to run task
[2026-03-31T00:48:04.193+0000] {standard_task_runner.py:90} INFO - Running: ['***', 'tasks', 'run', 'banking_01_bronze_layer', 'build_bronze_cust', 'manual__2026-03-31T00:47:34.252602+00:00', '--job-id', '9552', '--raw', '--subdir', 'DAGS_FOLDER/dbt.py', '--cfg-path', '/tmp/tmpqrt7urg_']
[2026-03-31T00:48:04.196+0000] {standard_task_runner.py:91} INFO - Job 9552: Subtask build_bronze_cust
[2026-03-31T00:48:04.253+0000] {task_command.py:426} INFO - Running <TaskInstance: banking_01_bronze_layer.build_bronze_cust manual__2026-03-31T00:47:34.252602+00:00 [running]> on host c990dffe13ae
[2026-03-31T00:48:04.317+0000] {taskinstance.py:2648} INFO - Exporting env vars: AIRFLOW_CTX_DAG_OWNER='risheek' AIRFLOW_CTX_DAG_ID='banking_01_bronze_layer' AIRFLOW_CTX_TASK_ID='build_bronze_cust' AIRFLOW_CTX_EXECUTION_DATE='2026-03-31T00:47:34.252602+00:00' AIRFLOW_CTX_TRY_NUMBER='1' AIRFLOW_CTX_DAG_RUN_ID='manual__2026-03-31T00:47:34.252602+00:00'
[2026-03-31T00:48:04.318+0000] {taskinstance.py:430} INFO - ::endgroup::
[2026-03-31T00:48:04.319+0000] {subprocess.py:78} INFO - Tmp dir root location: /tmp
[2026-03-31T00:48:04.320+0000] {subprocess.py:88} INFO - Running command: ['/usr/bin/bash', '-c', 'dbt build --select bronze_cust']
[2026-03-31T00:48:04.326+0000] {subprocess.py:99} INFO - Output:
[2026-03-31T00:48:05.978+0000] {subprocess.py:106} INFO - [0m00:48:05  Running with dbt=1.11.7
[2026-03-31T00:48:06.633+0000] {subprocess.py:106} INFO - [0m00:48:06  Registered adapter: snowflake=1.11.3
[2026-03-31T00:48:06.871+0000] {subprocess.py:106} INFO - [0m00:48:06  [[33mWARNING[0m]: Configuration paths exist in your dbt_project.yml file which do not apply to any resources.
[2026-03-31T00:48:06.872+0000] {subprocess.py:106} INFO - There are 1 unused configuration paths:
[2026-03-31T00:48:06.873+0000] {subprocess.py:106} INFO - - models.trans_snowf.example
[2026-03-31T00:48:07.022+0000] {subprocess.py:106} INFO - [0m00:48:07  Found 14 models, 3 sources, 522 macros
[2026-03-31T00:48:07.025+0000] {subprocess.py:106} INFO - [0m00:48:07
[2026-03-31T00:48:07.026+0000] {subprocess.py:106} INFO - [0m00:48:07  Concurrency: 1 threads (target='dev')
[2026-03-31T00:48:07.027+0000] {subprocess.py:106} INFO - [0m00:48:07
[2026-03-31T00:48:09.386+0000] {subprocess.py:106} INFO - [0m00:48:09  1 of 1 START sql incremental model PUBLIC_BRONZE.bronze_cust ................... [RUN]
[2026-03-31T00:48:12.612+0000] {subprocess.py:106} INFO - [0m00:48:12  1 of 1 OK created sql incremental model PUBLIC_BRONZE.bronze_cust .............. [[32mSUCCESS 0[0m in 3.22s]
[2026-03-31T00:48:12.928+0000] {subprocess.py:106} INFO - [0m00:48:12
[2026-03-31T00:48:12.929+0000] {subprocess.py:106} INFO - [0m00:48:12  Finished running 1 incremental model in 0 hours 0 minutes and 5.90 seconds (5.90s).
[2026-03-31T00:48:12.976+0000] {subprocess.py:106} INFO - [0m00:48:12
[2026-03-31T00:48:12.977+0000] {subprocess.py:106} INFO - [0m00:48:12  [32mCompleted successfully[0m
[2026-03-31T00:48:12.978+0000] {subprocess.py:106} INFO - [0m00:48:12
[2026-03-31T00:48:12.978+0000] {subprocess.py:106} INFO - [0m00:48:12  Done. PASS=1 WARN=0 ERROR=0 SKIP=0 NO-OP=0 TOTAL=1
[2026-03-31T00:48:14.922+0000] {subprocess.py:110} INFO - Command exited with return code 0
[2026-03-31T00:48:14.933+0000] {taskinstance.py:441} INFO - ::group::Post task execution logs
[2026-03-31T00:48:14.985+0000] {taskinstance.py:1206} INFO - Marking task as SUCCESS. dag_id=banking_01_bronze_layer, task_id=build_bronze_cust, run_id=manual__2026-03-31T00:47:34.252602+00:00, execution_date=20260331T004734, start_date=20260331T004804, end_date=20260331T004814
[2026-03-31T00:48:15.032+0000] {local_task_job_runner.py:243} INFO - Task exited with return code 0
[2026-03-31T00:48:15.052+0000] {taskinstance.py:3503} INFO - 0 downstream tasks scheduled from follow-on schedule check
[2026-03-31T00:48:15.053+0000] {local_task_job_runner.py:222} INFO - ::endgroup::
