[2026-03-29T05:34:16.803+0000] {local_task_job_runner.py:120} INFO - ::group::Pre task execution logs
[2026-03-29T05:34:16.824+0000] {taskinstance.py:2076} INFO - Dependencies all met for dep_context=non-requeueable deps ti=<TaskInstance: banking_01_bronze_layer.build_bronze_trans scheduled__2026-03-29T04:30:00+00:00 [queued]>
[2026-03-29T05:34:16.829+0000] {taskinstance.py:2076} INFO - Dependencies all met for dep_context=requeueable deps ti=<TaskInstance: banking_01_bronze_layer.build_bronze_trans scheduled__2026-03-29T04:30:00+00:00 [queued]>
[2026-03-29T05:34:16.829+0000] {taskinstance.py:2306} INFO - Starting attempt 1 of 2
[2026-03-29T05:34:16.837+0000] {taskinstance.py:2330} INFO - Executing <Task(BashOperator): build_bronze_trans> on 2026-03-29 04:30:00+00:00
[2026-03-29T05:34:16.841+0000] {standard_task_runner.py:64} INFO - Started process 16986 to run task
[2026-03-29T05:34:16.843+0000] {standard_task_runner.py:90} INFO - Running: ['***', 'tasks', 'run', 'banking_01_bronze_layer', 'build_bronze_trans', 'scheduled__2026-03-29T04:30:00+00:00', '--job-id', '7114', '--raw', '--subdir', 'DAGS_FOLDER/dbt.py', '--cfg-path', '/tmp/tmp1eqy_mjv']
[2026-03-29T05:34:16.844+0000] {standard_task_runner.py:91} INFO - Job 7114: Subtask build_bronze_trans
[2026-03-29T05:34:16.879+0000] {task_command.py:426} INFO - Running <TaskInstance: banking_01_bronze_layer.build_bronze_trans scheduled__2026-03-29T04:30:00+00:00 [running]> on host c990dffe13ae
[2026-03-29T05:34:16.937+0000] {taskinstance.py:2648} INFO - Exporting env vars: AIRFLOW_CTX_DAG_OWNER='risheek' AIRFLOW_CTX_DAG_ID='banking_01_bronze_layer' AIRFLOW_CTX_TASK_ID='build_bronze_trans' AIRFLOW_CTX_EXECUTION_DATE='2026-03-29T04:30:00+00:00' AIRFLOW_CTX_TRY_NUMBER='1' AIRFLOW_CTX_DAG_RUN_ID='scheduled__2026-03-29T04:30:00+00:00'
[2026-03-29T05:34:16.938+0000] {taskinstance.py:430} INFO - ::endgroup::
[2026-03-29T05:34:16.939+0000] {subprocess.py:78} INFO - Tmp dir root location: /tmp
[2026-03-29T05:34:16.939+0000] {subprocess.py:88} INFO - Running command: ['/usr/bin/bash', '-c', 'dbt build --select bronze_trans']
[2026-03-29T05:34:16.944+0000] {subprocess.py:99} INFO - Output:
[2026-03-29T05:34:18.581+0000] {subprocess.py:106} INFO - [0m05:34:18  Running with dbt=1.11.7
[2026-03-29T05:34:19.186+0000] {subprocess.py:106} INFO - [0m05:34:19  Registered adapter: snowflake=1.11.3
[2026-03-29T05:34:19.358+0000] {subprocess.py:106} INFO - [0m05:34:19  [[33mWARNING[0m]: Configuration paths exist in your dbt_project.yml file which do not apply to any resources.
[2026-03-29T05:34:19.358+0000] {subprocess.py:106} INFO - There are 1 unused configuration paths:
[2026-03-29T05:34:19.359+0000] {subprocess.py:106} INFO - - models.trans_snowf.example
[2026-03-29T05:34:19.497+0000] {subprocess.py:106} INFO - [0m05:34:19  Found 14 models, 3 sources, 522 macros
[2026-03-29T05:34:19.499+0000] {subprocess.py:106} INFO - [0m05:34:19
[2026-03-29T05:34:19.499+0000] {subprocess.py:106} INFO - [0m05:34:19  Concurrency: 1 threads (target='dev')
[2026-03-29T05:34:19.499+0000] {subprocess.py:106} INFO - [0m05:34:19
[2026-03-29T05:34:21.150+0000] {subprocess.py:106} INFO - [0m05:34:21  1 of 1 START sql incremental model PUBLIC_BRONZE.bronze_trans .................. [RUN]
[2026-03-29T05:34:23.575+0000] {subprocess.py:106} INFO - [0m05:34:23  1 of 1 OK created sql incremental model PUBLIC_BRONZE.bronze_trans ............. [[32mSUCCESS 0[0m in 2.42s]
[2026-03-29T05:34:23.801+0000] {subprocess.py:106} INFO - [0m05:34:23
[2026-03-29T05:34:23.803+0000] {subprocess.py:106} INFO - [0m05:34:23  Finished running 1 incremental model in 0 hours 0 minutes and 4.30 seconds (4.30s).
[2026-03-29T05:34:23.866+0000] {subprocess.py:106} INFO - [0m05:34:23
[2026-03-29T05:34:23.866+0000] {subprocess.py:106} INFO - [0m05:34:23  [32mCompleted successfully[0m
[2026-03-29T05:34:23.866+0000] {subprocess.py:106} INFO - [0m05:34:23
[2026-03-29T05:34:23.867+0000] {subprocess.py:106} INFO - [0m05:34:23  Done. PASS=1 WARN=0 ERROR=0 SKIP=0 NO-OP=0 TOTAL=1
[2026-03-29T05:34:26.219+0000] {subprocess.py:110} INFO - Command exited with return code 0
[2026-03-29T05:34:26.220+0000] {taskinstance.py:441} INFO - ::group::Post task execution logs
[2026-03-29T05:34:26.241+0000] {taskinstance.py:1206} INFO - Marking task as SUCCESS. dag_id=banking_01_bronze_layer, task_id=build_bronze_trans, run_id=scheduled__2026-03-29T04:30:00+00:00, execution_date=20260329T043000, start_date=20260329T053416, end_date=20260329T053426
[2026-03-29T05:34:26.272+0000] {local_task_job_runner.py:243} INFO - Task exited with return code 0
[2026-03-29T05:34:26.284+0000] {taskinstance.py:3503} INFO - 0 downstream tasks scheduled from follow-on schedule check
[2026-03-29T05:34:26.285+0000] {local_task_job_runner.py:222} INFO - ::endgroup::
