[2026-03-29T13:14:58.871+0000] {local_task_job_runner.py:120} INFO - ::group::Pre task execution logs
[2026-03-29T13:14:58.890+0000] {taskinstance.py:2076} INFO - Dependencies all met for dep_context=non-requeueable deps ti=<TaskInstance: banking_01_bronze_layer.build_bronze_trans scheduled__2026-03-29T12:30:00+00:00 [queued]>
[2026-03-29T13:14:58.894+0000] {taskinstance.py:2076} INFO - Dependencies all met for dep_context=requeueable deps ti=<TaskInstance: banking_01_bronze_layer.build_bronze_trans scheduled__2026-03-29T12:30:00+00:00 [queued]>
[2026-03-29T13:14:58.894+0000] {taskinstance.py:2306} INFO - Starting attempt 1 of 2
[2026-03-29T13:14:58.901+0000] {taskinstance.py:2330} INFO - Executing <Task(BashOperator): build_bronze_trans> on 2026-03-29 12:30:00+00:00
[2026-03-29T13:14:58.904+0000] {standard_task_runner.py:64} INFO - Started process 2106 to run task
[2026-03-29T13:14:58.907+0000] {standard_task_runner.py:90} INFO - Running: ['***', 'tasks', 'run', 'banking_01_bronze_layer', 'build_bronze_trans', 'scheduled__2026-03-29T12:30:00+00:00', '--job-id', '7244', '--raw', '--subdir', 'DAGS_FOLDER/dbt.py', '--cfg-path', '/tmp/tmpcb107pj5']
[2026-03-29T13:14:58.909+0000] {standard_task_runner.py:91} INFO - Job 7244: Subtask build_bronze_trans
[2026-03-29T13:14:58.938+0000] {task_command.py:426} INFO - Running <TaskInstance: banking_01_bronze_layer.build_bronze_trans scheduled__2026-03-29T12:30:00+00:00 [running]> on host c990dffe13ae
[2026-03-29T13:14:58.985+0000] {taskinstance.py:2648} INFO - Exporting env vars: AIRFLOW_CTX_DAG_OWNER='risheek' AIRFLOW_CTX_DAG_ID='banking_01_bronze_layer' AIRFLOW_CTX_TASK_ID='build_bronze_trans' AIRFLOW_CTX_EXECUTION_DATE='2026-03-29T12:30:00+00:00' AIRFLOW_CTX_TRY_NUMBER='1' AIRFLOW_CTX_DAG_RUN_ID='scheduled__2026-03-29T12:30:00+00:00'
[2026-03-29T13:14:58.986+0000] {taskinstance.py:430} INFO - ::endgroup::
[2026-03-29T13:14:58.986+0000] {subprocess.py:78} INFO - Tmp dir root location: /tmp
[2026-03-29T13:14:58.987+0000] {subprocess.py:88} INFO - Running command: ['/usr/bin/bash', '-c', 'dbt build --select bronze_trans']
[2026-03-29T13:14:58.991+0000] {subprocess.py:99} INFO - Output:
[2026-03-29T13:15:00.528+0000] {subprocess.py:106} INFO - [0m13:15:00  Running with dbt=1.11.7
[2026-03-29T13:15:01.107+0000] {subprocess.py:106} INFO - [0m13:15:01  Registered adapter: snowflake=1.11.3
[2026-03-29T13:15:01.283+0000] {subprocess.py:106} INFO - [0m13:15:01  [[33mWARNING[0m]: Configuration paths exist in your dbt_project.yml file which do not apply to any resources.
[2026-03-29T13:15:01.283+0000] {subprocess.py:106} INFO - There are 1 unused configuration paths:
[2026-03-29T13:15:01.284+0000] {subprocess.py:106} INFO - - models.trans_snowf.example
[2026-03-29T13:15:01.410+0000] {subprocess.py:106} INFO - [0m13:15:01  Found 14 models, 3 sources, 522 macros
[2026-03-29T13:15:01.411+0000] {subprocess.py:106} INFO - [0m13:15:01
[2026-03-29T13:15:01.412+0000] {subprocess.py:106} INFO - [0m13:15:01  Concurrency: 1 threads (target='dev')
[2026-03-29T13:15:01.412+0000] {subprocess.py:106} INFO - [0m13:15:01
[2026-03-29T13:15:02.959+0000] {subprocess.py:106} INFO - [0m13:15:02  1 of 1 START sql incremental model PUBLIC_BRONZE.bronze_trans .................. [RUN]
[2026-03-29T13:15:05.269+0000] {subprocess.py:106} INFO - [0m13:15:05  1 of 1 OK created sql incremental model PUBLIC_BRONZE.bronze_trans ............. [[32mSUCCESS 0[0m in 2.31s]
[2026-03-29T13:15:05.468+0000] {subprocess.py:106} INFO - [0m13:15:05
[2026-03-29T13:15:05.471+0000] {subprocess.py:106} INFO - [0m13:15:05  Finished running 1 incremental model in 0 hours 0 minutes and 4.05 seconds (4.05s).
[2026-03-29T13:15:05.535+0000] {subprocess.py:106} INFO - [0m13:15:05
[2026-03-29T13:15:05.535+0000] {subprocess.py:106} INFO - [0m13:15:05  [32mCompleted successfully[0m
[2026-03-29T13:15:05.536+0000] {subprocess.py:106} INFO - [0m13:15:05
[2026-03-29T13:15:05.536+0000] {subprocess.py:106} INFO - [0m13:15:05  Done. PASS=1 WARN=0 ERROR=0 SKIP=0 NO-OP=0 TOTAL=1
[2026-03-29T13:15:07.530+0000] {subprocess.py:110} INFO - Command exited with return code 0
[2026-03-29T13:15:07.531+0000] {taskinstance.py:441} INFO - ::group::Post task execution logs
[2026-03-29T13:15:07.568+0000] {taskinstance.py:1206} INFO - Marking task as SUCCESS. dag_id=banking_01_bronze_layer, task_id=build_bronze_trans, run_id=scheduled__2026-03-29T12:30:00+00:00, execution_date=20260329T123000, start_date=20260329T131458, end_date=20260329T131507
[2026-03-29T13:15:07.621+0000] {local_task_job_runner.py:243} INFO - Task exited with return code 0
[2026-03-29T13:15:07.640+0000] {taskinstance.py:3503} INFO - 0 downstream tasks scheduled from follow-on schedule check
[2026-03-29T13:15:07.641+0000] {local_task_job_runner.py:222} INFO - ::endgroup::
