[2026-03-30T03:30:35.195+0000] {local_task_job_runner.py:120} INFO - ::group::Pre task execution logs
[2026-03-30T03:30:35.210+0000] {taskinstance.py:2076} INFO - Dependencies all met for dep_context=non-requeueable deps ti=<TaskInstance: banking_01_bronze_layer.build_bronze_cust scheduled__2026-03-30T03:00:00+00:00 [queued]>
[2026-03-30T03:30:35.214+0000] {taskinstance.py:2076} INFO - Dependencies all met for dep_context=requeueable deps ti=<TaskInstance: banking_01_bronze_layer.build_bronze_cust scheduled__2026-03-30T03:00:00+00:00 [queued]>
[2026-03-30T03:30:35.214+0000] {taskinstance.py:2306} INFO - Starting attempt 1 of 2
[2026-03-30T03:30:35.219+0000] {taskinstance.py:2330} INFO - Executing <Task(BashOperator): build_bronze_cust> on 2026-03-30 03:00:00+00:00
[2026-03-30T03:30:35.222+0000] {standard_task_runner.py:64} INFO - Started process 7899 to run task
[2026-03-30T03:30:35.223+0000] {standard_task_runner.py:90} INFO - Running: ['***', 'tasks', 'run', 'banking_01_bronze_layer', 'build_bronze_cust', 'scheduled__2026-03-30T03:00:00+00:00', '--job-id', '7424', '--raw', '--subdir', 'DAGS_FOLDER/dbt.py', '--cfg-path', '/tmp/tmpx26lul37']
[2026-03-30T03:30:35.224+0000] {standard_task_runner.py:91} INFO - Job 7424: Subtask build_bronze_cust
[2026-03-30T03:30:35.250+0000] {task_command.py:426} INFO - Running <TaskInstance: banking_01_bronze_layer.build_bronze_cust scheduled__2026-03-30T03:00:00+00:00 [running]> on host c990dffe13ae
[2026-03-30T03:30:35.293+0000] {taskinstance.py:2648} INFO - Exporting env vars: AIRFLOW_CTX_DAG_OWNER='risheek' AIRFLOW_CTX_DAG_ID='banking_01_bronze_layer' AIRFLOW_CTX_TASK_ID='build_bronze_cust' AIRFLOW_CTX_EXECUTION_DATE='2026-03-30T03:00:00+00:00' AIRFLOW_CTX_TRY_NUMBER='1' AIRFLOW_CTX_DAG_RUN_ID='scheduled__2026-03-30T03:00:00+00:00'
[2026-03-30T03:30:35.294+0000] {taskinstance.py:430} INFO - ::endgroup::
[2026-03-30T03:30:35.294+0000] {subprocess.py:78} INFO - Tmp dir root location: /tmp
[2026-03-30T03:30:35.295+0000] {subprocess.py:88} INFO - Running command: ['/usr/bin/bash', '-c', 'dbt build --select bronze_cust']
[2026-03-30T03:30:35.298+0000] {subprocess.py:99} INFO - Output:
[2026-03-30T03:30:36.553+0000] {subprocess.py:106} INFO - [0m03:30:36  Running with dbt=1.11.7
[2026-03-30T03:30:37.053+0000] {subprocess.py:106} INFO - [0m03:30:37  Registered adapter: snowflake=1.11.3
[2026-03-30T03:30:37.190+0000] {subprocess.py:106} INFO - [0m03:30:37  [[33mWARNING[0m]: Configuration paths exist in your dbt_project.yml file which do not apply to any resources.
[2026-03-30T03:30:37.190+0000] {subprocess.py:106} INFO - There are 1 unused configuration paths:
[2026-03-30T03:30:37.190+0000] {subprocess.py:106} INFO - - models.trans_snowf.example
[2026-03-30T03:30:37.289+0000] {subprocess.py:106} INFO - [0m03:30:37  Found 14 models, 3 sources, 522 macros
[2026-03-30T03:30:37.291+0000] {subprocess.py:106} INFO - [0m03:30:37
[2026-03-30T03:30:37.291+0000] {subprocess.py:106} INFO - [0m03:30:37  Concurrency: 1 threads (target='dev')
[2026-03-30T03:30:37.291+0000] {subprocess.py:106} INFO - [0m03:30:37
[2026-03-30T03:30:39.272+0000] {subprocess.py:106} INFO - [0m03:30:39  1 of 1 START sql incremental model PUBLIC_BRONZE.bronze_cust ................... [RUN]
[2026-03-30T03:30:43.074+0000] {subprocess.py:106} INFO - [0m03:30:43  1 of 1 OK created sql incremental model PUBLIC_BRONZE.bronze_cust .............. [[32mSUCCESS 0[0m in 3.80s]
[2026-03-30T03:30:43.303+0000] {subprocess.py:106} INFO - [0m03:30:43
[2026-03-30T03:30:43.304+0000] {subprocess.py:106} INFO - [0m03:30:43  Finished running 1 incremental model in 0 hours 0 minutes and 6.01 seconds (6.01s).
[2026-03-30T03:30:43.374+0000] {subprocess.py:106} INFO - [0m03:30:43
[2026-03-30T03:30:43.375+0000] {subprocess.py:106} INFO - [0m03:30:43  [32mCompleted successfully[0m
[2026-03-30T03:30:43.376+0000] {subprocess.py:106} INFO - [0m03:30:43
[2026-03-30T03:30:43.376+0000] {subprocess.py:106} INFO - [0m03:30:43  Done. PASS=1 WARN=0 ERROR=0 SKIP=0 NO-OP=0 TOTAL=1
[2026-03-30T03:30:45.229+0000] {subprocess.py:110} INFO - Command exited with return code 0
[2026-03-30T03:30:45.232+0000] {taskinstance.py:441} INFO - ::group::Post task execution logs
[2026-03-30T03:30:45.278+0000] {taskinstance.py:1206} INFO - Marking task as SUCCESS. dag_id=banking_01_bronze_layer, task_id=build_bronze_cust, run_id=scheduled__2026-03-30T03:00:00+00:00, execution_date=20260330T030000, start_date=20260330T033035, end_date=20260330T033045
[2026-03-30T03:30:45.306+0000] {local_task_job_runner.py:243} INFO - Task exited with return code 0
[2026-03-30T03:30:45.323+0000] {taskinstance.py:3503} INFO - 0 downstream tasks scheduled from follow-on schedule check
[2026-03-30T03:30:45.324+0000] {local_task_job_runner.py:222} INFO - ::endgroup::
