[2026-03-29T21:28:08.517+0000] {local_task_job_runner.py:120} INFO - ::group::Pre task execution logs
[2026-03-29T21:28:08.532+0000] {taskinstance.py:2076} INFO - Dependencies all met for dep_context=non-requeueable deps ti=<TaskInstance: banking_01_bronze_layer.debug scheduled__2026-03-29T20:30:00+00:00 [queued]>
[2026-03-29T21:28:08.536+0000] {taskinstance.py:2076} INFO - Dependencies all met for dep_context=requeueable deps ti=<TaskInstance: banking_01_bronze_layer.debug scheduled__2026-03-29T20:30:00+00:00 [queued]>
[2026-03-29T21:28:08.536+0000] {taskinstance.py:2306} INFO - Starting attempt 2 of 2
[2026-03-29T21:28:08.541+0000] {taskinstance.py:2330} INFO - Executing <Task(BashOperator): debug> on 2026-03-29 20:30:00+00:00
[2026-03-29T21:28:08.544+0000] {standard_task_runner.py:64} INFO - Started process 5224 to run task
[2026-03-29T21:28:08.545+0000] {standard_task_runner.py:90} INFO - Running: ['***', 'tasks', 'run', 'banking_01_bronze_layer', 'debug', 'scheduled__2026-03-29T20:30:00+00:00', '--job-id', '7337', '--raw', '--subdir', 'DAGS_FOLDER/dbt.py', '--cfg-path', '/tmp/tmp74m9ytsw']
[2026-03-29T21:28:08.547+0000] {standard_task_runner.py:91} INFO - Job 7337: Subtask debug
[2026-03-29T21:28:08.572+0000] {task_command.py:426} INFO - Running <TaskInstance: banking_01_bronze_layer.debug scheduled__2026-03-29T20:30:00+00:00 [running]> on host c990dffe13ae
[2026-03-29T21:28:08.616+0000] {taskinstance.py:2648} INFO - Exporting env vars: AIRFLOW_CTX_DAG_OWNER='risheek' AIRFLOW_CTX_DAG_ID='banking_01_bronze_layer' AIRFLOW_CTX_TASK_ID='debug' AIRFLOW_CTX_EXECUTION_DATE='2026-03-29T20:30:00+00:00' AIRFLOW_CTX_TRY_NUMBER='2' AIRFLOW_CTX_DAG_RUN_ID='scheduled__2026-03-29T20:30:00+00:00'
[2026-03-29T21:28:08.616+0000] {taskinstance.py:430} INFO - ::endgroup::
[2026-03-29T21:28:08.617+0000] {subprocess.py:78} INFO - Tmp dir root location: /tmp
[2026-03-29T21:28:08.617+0000] {subprocess.py:88} INFO - Running command: ['/usr/bin/bash', '-c', 'dbt debug --profiles-dir /opt/***/dbt/trans_snowf']
[2026-03-29T21:28:08.621+0000] {subprocess.py:99} INFO - Output:
[2026-03-29T21:28:09.826+0000] {subprocess.py:106} INFO - [0m21:28:09  Running with dbt=1.11.7
[2026-03-29T21:28:09.832+0000] {subprocess.py:106} INFO - [0m21:28:09  dbt version: 1.11.7
[2026-03-29T21:28:09.832+0000] {subprocess.py:106} INFO - [0m21:28:09  python version: 3.12.4
[2026-03-29T21:28:09.832+0000] {subprocess.py:106} INFO - [0m21:28:09  python path: /home/***/.local/bin/python
[2026-03-29T21:28:09.833+0000] {subprocess.py:106} INFO - [0m21:28:09  os info: Linux-6.12.76-linuxkit-aarch64-with-glibc2.36
[2026-03-29T21:28:10.231+0000] {subprocess.py:106} INFO - [0m21:28:10  Using profiles dir at /opt/***/dbt/trans_snowf
[2026-03-29T21:28:10.232+0000] {subprocess.py:106} INFO - [0m21:28:10  Using profiles.yml file at /opt/***/dbt/trans_snowf/profiles.yml
[2026-03-29T21:28:10.232+0000] {subprocess.py:106} INFO - [0m21:28:10  Using dbt_project.yml file at /opt/***/dbt/trans_snowf/dbt_project.yml
[2026-03-29T21:28:10.233+0000] {subprocess.py:106} INFO - [0m21:28:10  adapter type: snowflake
[2026-03-29T21:28:10.233+0000] {subprocess.py:106} INFO - [0m21:28:10  adapter version: 1.11.3
[2026-03-29T21:28:10.283+0000] {subprocess.py:106} INFO - [0m21:28:10  Configuration:
[2026-03-29T21:28:10.284+0000] {subprocess.py:106} INFO - [0m21:28:10    profiles.yml file [[32mOK found and valid[0m]
[2026-03-29T21:28:10.284+0000] {subprocess.py:106} INFO - [0m21:28:10    dbt_project.yml file [[32mOK found and valid[0m]
[2026-03-29T21:28:10.284+0000] {subprocess.py:106} INFO - [0m21:28:10  Required dependencies:
[2026-03-29T21:28:10.285+0000] {subprocess.py:106} INFO - [0m21:28:10   - git [[31mERROR[0m]
[2026-03-29T21:28:10.285+0000] {subprocess.py:106} INFO - 
[2026-03-29T21:28:10.286+0000] {subprocess.py:106} INFO - [0m21:28:10  Connection:
[2026-03-29T21:28:10.286+0000] {subprocess.py:106} INFO - [0m21:28:10    account: BBMCDSP-CT02489
[2026-03-29T21:28:10.286+0000] {subprocess.py:106} INFO - [0m21:28:10    user: user123
[2026-03-29T21:28:10.287+0000] {subprocess.py:106} INFO - [0m21:28:10    database: BANKING
[2026-03-29T21:28:10.287+0000] {subprocess.py:106} INFO - [0m21:28:10    warehouse: COMPUTE_WH
[2026-03-29T21:28:10.287+0000] {subprocess.py:106} INFO - [0m21:28:10    role: dbtadmin
[2026-03-29T21:28:10.288+0000] {subprocess.py:106} INFO - [0m21:28:10    schema: PUBLIC
[2026-03-29T21:28:10.288+0000] {subprocess.py:106} INFO - [0m21:28:10    authenticator: None
[2026-03-29T21:28:10.288+0000] {subprocess.py:106} INFO - [0m21:28:10    oauth_client_id: None
[2026-03-29T21:28:10.289+0000] {subprocess.py:106} INFO - [0m21:28:10    query_tag: None
[2026-03-29T21:28:10.289+0000] {subprocess.py:106} INFO - [0m21:28:10    client_session_keep_alive: False
[2026-03-29T21:28:10.289+0000] {subprocess.py:106} INFO - [0m21:28:10    host: None
[2026-03-29T21:28:10.290+0000] {subprocess.py:106} INFO - [0m21:28:10    port: None
[2026-03-29T21:28:10.290+0000] {subprocess.py:106} INFO - [0m21:28:10    proxy_host: None
[2026-03-29T21:28:10.290+0000] {subprocess.py:106} INFO - [0m21:28:10    proxy_port: None
[2026-03-29T21:28:10.291+0000] {subprocess.py:106} INFO - [0m21:28:10    protocol: None
[2026-03-29T21:28:10.291+0000] {subprocess.py:106} INFO - [0m21:28:10    connect_retries: 1
[2026-03-29T21:28:10.291+0000] {subprocess.py:106} INFO - [0m21:28:10    connect_timeout: None
[2026-03-29T21:28:10.291+0000] {subprocess.py:106} INFO - [0m21:28:10    retry_on_database_errors: False
[2026-03-29T21:28:10.292+0000] {subprocess.py:106} INFO - [0m21:28:10    retry_all: False
[2026-03-29T21:28:10.292+0000] {subprocess.py:106} INFO - [0m21:28:10    insecure_mode: False
[2026-03-29T21:28:10.292+0000] {subprocess.py:106} INFO - [0m21:28:10    reuse_connections: True
[2026-03-29T21:28:10.293+0000] {subprocess.py:106} INFO - [0m21:28:10    s3_stage_vpce_dns_name: None
[2026-03-29T21:28:10.293+0000] {subprocess.py:106} INFO - [0m21:28:10    platform_detection_timeout_seconds: 0.0
[2026-03-29T21:28:10.293+0000] {subprocess.py:106} INFO - [0m21:28:10  Registered adapter: snowflake=1.11.3
[2026-03-29T21:28:12.286+0000] {subprocess.py:106} INFO - [0m21:28:12    Connection test: [[32mOK connection ok[0m]
[2026-03-29T21:28:12.287+0000] {subprocess.py:106} INFO - 
[2026-03-29T21:28:12.288+0000] {subprocess.py:106} INFO - [0m21:28:12  [31m1 check failed:[0m
[2026-03-29T21:28:12.289+0000] {subprocess.py:106} INFO - [0m21:28:12  Error from git --help: Could not find command, ensure it is in the user's PATH: "git"
[2026-03-29T21:28:12.289+0000] {subprocess.py:106} INFO - 
[2026-03-29T21:28:18.749+0000] {subprocess.py:110} INFO - Command exited with return code 1
[2026-03-29T21:28:18.750+0000] {taskinstance.py:441} INFO - ::group::Post task execution logs
[2026-03-29T21:28:18.758+0000] {taskinstance.py:2905} ERROR - Task failed with exception
Traceback (most recent call last):
  File "/home/airflow/.local/lib/python3.12/site-packages/airflow/models/taskinstance.py", line 465, in _execute_task
    result = _execute_callable(context=context, **execute_callable_kwargs)
             ^^^^^^^^^^^^^^^^^^^^^^^^^^^^^^^^^^^^^^^^^^^^^^^^^^^^^^^^^^^^^
  File "/home/airflow/.local/lib/python3.12/site-packages/airflow/models/taskinstance.py", line 432, in _execute_callable
    return execute_callable(context=context, **execute_callable_kwargs)
           ^^^^^^^^^^^^^^^^^^^^^^^^^^^^^^^^^^^^^^^^^^^^^^^^^^^^^^^^^^^^
  File "/home/airflow/.local/lib/python3.12/site-packages/airflow/models/baseoperator.py", line 401, in wrapper
    return func(self, *args, **kwargs)
           ^^^^^^^^^^^^^^^^^^^^^^^^^^^
  File "/home/airflow/.local/lib/python3.12/site-packages/airflow/providers/standard/operators/bash.py", line 233, in execute
    raise AirflowException(
airflow.exceptions.AirflowException: Bash command failed. The command returned a non-zero exit code 1.
[2026-03-29T21:28:18.761+0000] {taskinstance.py:1206} INFO - Marking task as FAILED. dag_id=banking_01_bronze_layer, task_id=debug, run_id=scheduled__2026-03-29T20:30:00+00:00, execution_date=20260329T203000, start_date=20260329T212808, end_date=20260329T212818
[2026-03-29T21:28:18.768+0000] {standard_task_runner.py:110} ERROR - Failed to execute job 7337 for task debug (Bash command failed. The command returned a non-zero exit code 1.; 5224)
[2026-03-29T21:28:18.791+0000] {local_task_job_runner.py:243} INFO - Task exited with return code 1
[2026-03-29T21:28:18.801+0000] {taskinstance.py:3503} INFO - 0 downstream tasks scheduled from follow-on schedule check
[2026-03-29T21:28:18.801+0000] {local_task_job_runner.py:222} INFO - ::endgroup::
