[2026-03-25T17:29:19.986+0000] {local_task_job_runner.py:120} INFO - ::group::Pre task execution logs
[2026-03-25T17:29:20.001+0000] {taskinstance.py:2076} INFO - Dependencies all met for dep_context=non-requeueable deps ti=<TaskInstance: transfer_from_minio_to_snowflake_accounts.create_stage scheduled__2026-03-25T17:28:00+00:00 [queued]>
[2026-03-25T17:29:20.005+0000] {taskinstance.py:2076} INFO - Dependencies all met for dep_context=requeueable deps ti=<TaskInstance: transfer_from_minio_to_snowflake_accounts.create_stage scheduled__2026-03-25T17:28:00+00:00 [queued]>
[2026-03-25T17:29:20.005+0000] {taskinstance.py:2306} INFO - Starting attempt 1 of 3
[2026-03-25T17:29:20.010+0000] {taskinstance.py:2330} INFO - Executing <Task(SQLExecuteQueryOperator): create_stage> on 2026-03-25 17:28:00+00:00
[2026-03-25T17:29:20.014+0000] {standard_task_runner.py:90} INFO - Running: ['***', 'tasks', 'run', 'transfer_from_minio_to_snowflake_accounts', 'create_stage', 'scheduled__2026-03-25T17:28:00+00:00', '--job-id', '2894', '--raw', '--subdir', 'DAGS_FOLDER/transfer.py', '--cfg-path', '/tmp/tmp_9la3lhd']
[2026-03-25T17:29:20.016+0000] {standard_task_runner.py:91} INFO - Job 2894: Subtask create_stage
[2026-03-25T17:29:20.016+0000] {logging_mixin.py:188} WARNING - /home/***/.local/lib/python3.12/site-packages/***/task/task_runner/standard_task_runner.py:62 DeprecationWarning: This process (pid=29846) is multi-threaded, use of fork() may lead to deadlocks in the child.
[2026-03-25T17:29:20.016+0000] {standard_task_runner.py:64} INFO - Started process 29858 to run task
[2026-03-25T17:29:20.043+0000] {task_command.py:426} INFO - Running <TaskInstance: transfer_from_minio_to_snowflake_accounts.create_stage scheduled__2026-03-25T17:28:00+00:00 [running]> on host c990dffe13ae
[2026-03-25T17:29:20.179+0000] {taskinstance.py:2648} INFO - Exporting env vars: AIRFLOW_CTX_DAG_OWNER='***' AIRFLOW_CTX_DAG_ID='transfer_from_minio_to_snowflake_accounts' AIRFLOW_CTX_TASK_ID='create_stage' AIRFLOW_CTX_EXECUTION_DATE='2026-03-25T17:28:00+00:00' AIRFLOW_CTX_TRY_NUMBER='1' AIRFLOW_CTX_DAG_RUN_ID='scheduled__2026-03-25T17:28:00+00:00'
[2026-03-25T17:29:20.179+0000] {taskinstance.py:430} INFO - ::endgroup::
[2026-03-25T17:29:20.180+0000] {sql.py:282} INFO - Executing:  CREATE STAGE IF NOT EXISTS incoming  
                 URL = 's3://de-project-banking-pipeline-dev-2/accounts'
                 STORAGE_INTEGRATION = my_s3_integration
                 FILE_FORMAT = (TYPE = 'JSON'); 
[2026-03-25T17:29:20.185+0000] {base.py:84} INFO - Using connection ID 'warehouse_id' for task execution.
[2026-03-25T17:29:20.213+0000] {base.py:84} INFO - Using connection ID 'warehouse_id' for task execution.
[2026-03-25T17:29:20.249+0000] {connection.py:613} INFO - Snowflake Connector for Python Version: 4.3.0, Python Version: 3.12.4, Platform: Linux-6.12.76-linuxkit-aarch64-with-glibc2.36
[2026-03-25T17:29:20.250+0000] {connection.py:1709} INFO - Connecting to GLOBAL Snowflake domain
[2026-03-25T17:29:21.026+0000] {sql.py:495} INFO - Running statement: CREATE STAGE IF NOT EXISTS incoming  
                 URL = 's3://de-project-banking-pipeline-dev-2/accounts'
                 STORAGE_INTEGRATION = my_s3_integration
                 FILE_FORMAT = (TYPE = 'JSON');, parameters: None
[2026-03-25T17:29:21.212+0000] {sql.py:504} INFO - Rows affected: 1
[2026-03-25T17:29:21.214+0000] {snowflake.py:422} INFO - Rows affected: 1
[2026-03-25T17:29:21.214+0000] {snowflake.py:423} INFO - Snowflake query id: 01c344b9-3202-7c30-0014-90e600040516
[2026-03-25T17:29:21.580+0000] {taskinstance.py:441} INFO - ::group::Post task execution logs
[2026-03-25T17:29:21.620+0000] {taskinstance.py:1206} INFO - Marking task as SUCCESS. dag_id=transfer_from_minio_to_snowflake_accounts, task_id=create_stage, run_id=scheduled__2026-03-25T17:28:00+00:00, execution_date=20260325T172800, start_date=20260325T172920, end_date=20260325T172921
[2026-03-25T17:29:21.663+0000] {local_task_job_runner.py:243} INFO - Task exited with return code 0
[2026-03-25T17:29:21.682+0000] {taskinstance.py:3503} INFO - 1 downstream tasks scheduled from follow-on schedule check
[2026-03-25T17:29:21.683+0000] {local_task_job_runner.py:222} INFO - ::endgroup::
