[2026-03-30T23:46:49.010+0000] {local_task_job_runner.py:120} INFO - ::group::Pre task execution logs
[2026-03-30T23:46:49.030+0000] {taskinstance.py:2076} INFO - Dependencies all met for dep_context=non-requeueable deps ti=<TaskInstance: banking_01_bronze_layer.compile manual__2026-03-30T23:26:12.929644+00:00 [queued]>
[2026-03-30T23:46:49.035+0000] {taskinstance.py:2076} INFO - Dependencies all met for dep_context=requeueable deps ti=<TaskInstance: banking_01_bronze_layer.compile manual__2026-03-30T23:26:12.929644+00:00 [queued]>
[2026-03-30T23:46:49.036+0000] {taskinstance.py:2306} INFO - Starting attempt 2 of 2
[2026-03-30T23:46:49.049+0000] {taskinstance.py:2330} INFO - Executing <Task(BashOperator): compile> on 2026-03-30 23:26:12.929644+00:00
[2026-03-30T23:46:49.052+0000] {standard_task_runner.py:64} INFO - Started process 41027 to run task
[2026-03-30T23:46:49.054+0000] {standard_task_runner.py:90} INFO - Running: ['***', 'tasks', 'run', 'banking_01_bronze_layer', 'compile', 'manual__2026-03-30T23:26:12.929644+00:00', '--job-id', '9524', '--raw', '--subdir', 'DAGS_FOLDER/dbt.py', '--cfg-path', '/tmp/tmply7ogiui']
[2026-03-30T23:46:49.056+0000] {standard_task_runner.py:91} INFO - Job 9524: Subtask compile
[2026-03-30T23:46:49.092+0000] {task_command.py:426} INFO - Running <TaskInstance: banking_01_bronze_layer.compile manual__2026-03-30T23:26:12.929644+00:00 [running]> on host c990dffe13ae
[2026-03-30T23:46:49.149+0000] {taskinstance.py:2648} INFO - Exporting env vars: AIRFLOW_CTX_DAG_OWNER='risheek' AIRFLOW_CTX_DAG_ID='banking_01_bronze_layer' AIRFLOW_CTX_TASK_ID='compile' AIRFLOW_CTX_EXECUTION_DATE='2026-03-30T23:26:12.929644+00:00' AIRFLOW_CTX_TRY_NUMBER='2' AIRFLOW_CTX_DAG_RUN_ID='manual__2026-03-30T23:26:12.929644+00:00'
[2026-03-30T23:46:49.150+0000] {taskinstance.py:430} INFO - ::endgroup::
[2026-03-30T23:46:49.151+0000] {subprocess.py:78} INFO - Tmp dir root location: /tmp
[2026-03-30T23:46:49.151+0000] {subprocess.py:88} INFO - Running command: ['/usr/bin/bash', '-c', 'dbt compile --profiles-dir /opt/***/dbt/trans_snowf']
[2026-03-30T23:46:49.157+0000] {subprocess.py:99} INFO - Output:
[2026-03-30T23:46:50.769+0000] {subprocess.py:106} INFO - [0m23:46:50  Running with dbt=1.11.7
[2026-03-30T23:46:51.506+0000] {subprocess.py:106} INFO - [0m23:46:51  Registered adapter: snowflake=1.11.3
[2026-03-30T23:46:51.693+0000] {subprocess.py:106} INFO - [0m23:46:51  [[33mWARNING[0m]: Configuration paths exist in your dbt_project.yml file which do not apply to any resources.
[2026-03-30T23:46:51.694+0000] {subprocess.py:106} INFO - There are 1 unused configuration paths:
[2026-03-30T23:46:51.694+0000] {subprocess.py:106} INFO - - models.trans_snowf.example
[2026-03-30T23:46:51.810+0000] {subprocess.py:106} INFO - [0m23:46:51  Found 14 models, 3 sources, 522 macros
[2026-03-30T23:46:51.812+0000] {subprocess.py:106} INFO - [0m23:46:51
[2026-03-30T23:46:51.813+0000] {subprocess.py:106} INFO - [0m23:46:51  Concurrency: 1 threads (target='dev')
[2026-03-30T23:46:51.814+0000] {subprocess.py:106} INFO - [0m23:46:51
[2026-03-30T23:46:56.482+0000] {subprocess.py:110} INFO - Command exited with return code 0
[2026-03-30T23:46:56.484+0000] {taskinstance.py:441} INFO - ::group::Post task execution logs
[2026-03-30T23:46:56.530+0000] {taskinstance.py:1206} INFO - Marking task as SUCCESS. dag_id=banking_01_bronze_layer, task_id=compile, run_id=manual__2026-03-30T23:26:12.929644+00:00, execution_date=20260330T232612, start_date=20260330T234649, end_date=20260330T234656
[2026-03-30T23:46:56.573+0000] {local_task_job_runner.py:243} INFO - Task exited with return code 0
[2026-03-30T23:46:56.596+0000] {taskinstance.py:3503} INFO - 0 downstream tasks scheduled from follow-on schedule check
[2026-03-30T23:46:56.597+0000] {local_task_job_runner.py:222} INFO - ::endgroup::
