[2026-03-30T23:26:26.720+0000] {local_task_job_runner.py:120} INFO - ::group::Pre task execution logs
[2026-03-30T23:26:26.748+0000] {taskinstance.py:2076} INFO - Dependencies all met for dep_context=non-requeueable deps ti=<TaskInstance: banking_01_bronze_layer.compile manual__2026-03-30T23:26:12.929644+00:00 [queued]>
[2026-03-30T23:26:26.753+0000] {taskinstance.py:2076} INFO - Dependencies all met for dep_context=requeueable deps ti=<TaskInstance: banking_01_bronze_layer.compile manual__2026-03-30T23:26:12.929644+00:00 [queued]>
[2026-03-30T23:26:26.753+0000] {taskinstance.py:2306} INFO - Starting attempt 1 of 2
[2026-03-30T23:26:26.768+0000] {taskinstance.py:2330} INFO - Executing <Task(BashOperator): compile> on 2026-03-30 23:26:12.929644+00:00
[2026-03-30T23:26:26.773+0000] {standard_task_runner.py:64} INFO - Started process 40781 to run task
[2026-03-30T23:26:26.776+0000] {standard_task_runner.py:90} INFO - Running: ['***', 'tasks', 'run', 'banking_01_bronze_layer', 'compile', 'manual__2026-03-30T23:26:12.929644+00:00', '--job-id', '9517', '--raw', '--subdir', 'DAGS_FOLDER/dbt.py', '--cfg-path', '/tmp/tmpv9ygd8_6']
[2026-03-30T23:26:26.778+0000] {standard_task_runner.py:91} INFO - Job 9517: Subtask compile
[2026-03-30T23:26:26.827+0000] {task_command.py:426} INFO - Running <TaskInstance: banking_01_bronze_layer.compile manual__2026-03-30T23:26:12.929644+00:00 [running]> on host c990dffe13ae
[2026-03-30T23:26:26.884+0000] {taskinstance.py:2648} INFO - Exporting env vars: AIRFLOW_CTX_DAG_OWNER='risheek' AIRFLOW_CTX_DAG_ID='banking_01_bronze_layer' AIRFLOW_CTX_TASK_ID='compile' AIRFLOW_CTX_EXECUTION_DATE='2026-03-30T23:26:12.929644+00:00' AIRFLOW_CTX_TRY_NUMBER='1' AIRFLOW_CTX_DAG_RUN_ID='manual__2026-03-30T23:26:12.929644+00:00'
[2026-03-30T23:26:26.885+0000] {taskinstance.py:430} INFO - ::endgroup::
[2026-03-30T23:26:26.885+0000] {subprocess.py:78} INFO - Tmp dir root location: /tmp
[2026-03-30T23:26:26.886+0000] {subprocess.py:88} INFO - Running command: ['/usr/bin/bash', '-c', 'dbt compile --profiles-dir /opt/***/dbt/trans_snowf']
[2026-03-30T23:26:26.891+0000] {subprocess.py:99} INFO - Output:
[2026-03-30T23:26:28.452+0000] {subprocess.py:106} INFO - [0m23:26:28  Running with dbt=1.11.7
[2026-03-30T23:26:29.174+0000] {subprocess.py:106} INFO - [0m23:26:29  Registered adapter: snowflake=1.11.3
[2026-03-30T23:26:29.505+0000] {subprocess.py:106} INFO - [0m23:26:29  [[33mWARNING[0m]: Configuration paths exist in your dbt_project.yml file which do not apply to any resources.
[2026-03-30T23:26:29.505+0000] {subprocess.py:106} INFO - There are 1 unused configuration paths:
[2026-03-30T23:26:29.505+0000] {subprocess.py:106} INFO - - models.trans_snowf.example
[2026-03-30T23:26:29.732+0000] {subprocess.py:106} INFO - [0m23:26:29  Found 14 models, 3 sources, 522 macros
[2026-03-30T23:26:29.738+0000] {subprocess.py:106} INFO - [0m23:26:29
[2026-03-30T23:26:29.739+0000] {subprocess.py:106} INFO - [0m23:26:29  Concurrency: 1 threads (target='dev')
[2026-03-30T23:26:29.740+0000] {subprocess.py:106} INFO - [0m23:26:29
[2026-03-30T23:35:06.341+0000] {subprocess.py:106} INFO - [0m23:35:06  Encountered an error:
[2026-03-30T23:35:06.347+0000] {subprocess.py:106} INFO - Database Error
[2026-03-30T23:35:06.350+0000] {subprocess.py:106} INFO -   250001: Could not connect to Snowflake backend after 1 attempt(s).Aborting
[2026-03-30T23:35:11.156+0000] {subprocess.py:110} INFO - Command exited with return code 2
[2026-03-30T23:35:11.198+0000] {taskinstance.py:441} INFO - ::group::Post task execution logs
[2026-03-30T23:35:11.384+0000] {taskinstance.py:2905} ERROR - Task failed with exception
Traceback (most recent call last):
  File "/home/airflow/.local/lib/python3.12/site-packages/airflow/models/taskinstance.py", line 465, in _execute_task
    result = _execute_callable(context=context, **execute_callable_kwargs)
             ^^^^^^^^^^^^^^^^^^^^^^^^^^^^^^^^^^^^^^^^^^^^^^^^^^^^^^^^^^^^^
  File "/home/airflow/.local/lib/python3.12/site-packages/airflow/models/taskinstance.py", line 432, in _execute_callable
    return execute_callable(context=context, **execute_callable_kwargs)
           ^^^^^^^^^^^^^^^^^^^^^^^^^^^^^^^^^^^^^^^^^^^^^^^^^^^^^^^^^^^^
  File "/home/airflow/.local/lib/python3.12/site-packages/airflow/models/baseoperator.py", line 401, in wrapper
    return func(self, *args, **kwargs)
           ^^^^^^^^^^^^^^^^^^^^^^^^^^^
  File "/home/airflow/.local/lib/python3.12/site-packages/airflow/providers/standard/operators/bash.py", line 233, in execute
    raise AirflowException(
airflow.exceptions.AirflowException: Bash command failed. The command returned a non-zero exit code 2.
[2026-03-30T23:35:11.444+0000] {taskinstance.py:1206} INFO - Marking task as UP_FOR_RETRY. dag_id=banking_01_bronze_layer, task_id=compile, run_id=manual__2026-03-30T23:26:12.929644+00:00, execution_date=20260330T232612, start_date=20260330T232626, end_date=20260330T233511
[2026-03-30T23:35:11.550+0000] {standard_task_runner.py:110} ERROR - Failed to execute job 9517 for task compile (Bash command failed. The command returned a non-zero exit code 2.; 40781)
[2026-03-30T23:35:11.601+0000] {local_task_job_runner.py:243} INFO - Task exited with return code 1
[2026-03-30T23:35:11.689+0000] {taskinstance.py:3503} INFO - 0 downstream tasks scheduled from follow-on schedule check
[2026-03-30T23:35:11.691+0000] {local_task_job_runner.py:222} INFO - ::endgroup::
