[2026-03-29T01:18:19.677+0000] {local_task_job_runner.py:120} INFO - ::group::Pre task execution logs
[2026-03-29T01:18:19.697+0000] {taskinstance.py:2076} INFO - Dependencies all met for dep_context=non-requeueable deps ti=<TaskInstance: banking_01_bronze_layer.compile scheduled__2026-03-29T00:30:00+00:00 [queued]>
[2026-03-29T01:18:19.701+0000] {taskinstance.py:2076} INFO - Dependencies all met for dep_context=requeueable deps ti=<TaskInstance: banking_01_bronze_layer.compile scheduled__2026-03-29T00:30:00+00:00 [queued]>
[2026-03-29T01:18:19.701+0000] {taskinstance.py:2306} INFO - Starting attempt 1 of 2
[2026-03-29T01:18:19.709+0000] {taskinstance.py:2330} INFO - Executing <Task(BashOperator): compile> on 2026-03-29 00:30:00+00:00
[2026-03-29T01:18:19.711+0000] {standard_task_runner.py:64} INFO - Started process 15036 to run task
[2026-03-29T01:18:19.713+0000] {standard_task_runner.py:90} INFO - Running: ['***', 'tasks', 'run', 'banking_01_bronze_layer', 'compile', 'scheduled__2026-03-29T00:30:00+00:00', '--job-id', '7040', '--raw', '--subdir', 'DAGS_FOLDER/dbt.py', '--cfg-path', '/tmp/tmp3yzhto72']
[2026-03-29T01:18:19.715+0000] {standard_task_runner.py:91} INFO - Job 7040: Subtask compile
[2026-03-29T01:18:19.747+0000] {task_command.py:426} INFO - Running <TaskInstance: banking_01_bronze_layer.compile scheduled__2026-03-29T00:30:00+00:00 [running]> on host c990dffe13ae
[2026-03-29T01:18:19.803+0000] {taskinstance.py:2648} INFO - Exporting env vars: AIRFLOW_CTX_DAG_OWNER='risheek' AIRFLOW_CTX_DAG_ID='banking_01_bronze_layer' AIRFLOW_CTX_TASK_ID='compile' AIRFLOW_CTX_EXECUTION_DATE='2026-03-29T00:30:00+00:00' AIRFLOW_CTX_TRY_NUMBER='1' AIRFLOW_CTX_DAG_RUN_ID='scheduled__2026-03-29T00:30:00+00:00'
[2026-03-29T01:18:19.804+0000] {taskinstance.py:430} INFO - ::endgroup::
[2026-03-29T01:18:19.805+0000] {subprocess.py:78} INFO - Tmp dir root location: /tmp
[2026-03-29T01:18:19.805+0000] {subprocess.py:88} INFO - Running command: ['/usr/bin/bash', '-c', 'dbt compile --profiles-dir /opt/***/dbt/trans_snowf']
[2026-03-29T01:18:19.810+0000] {subprocess.py:99} INFO - Output:
[2026-03-29T01:18:21.246+0000] {subprocess.py:106} INFO - [0m01:18:21  Running with dbt=1.11.7
[2026-03-29T01:18:21.789+0000] {subprocess.py:106} INFO - [0m01:18:21  Registered adapter: snowflake=1.11.3
[2026-03-29T01:18:21.952+0000] {subprocess.py:106} INFO - [0m01:18:21  [[33mWARNING[0m]: Configuration paths exist in your dbt_project.yml file which do not apply to any resources.
[2026-03-29T01:18:21.952+0000] {subprocess.py:106} INFO - There are 1 unused configuration paths:
[2026-03-29T01:18:21.953+0000] {subprocess.py:106} INFO - - models.trans_snowf.example
[2026-03-29T01:18:22.067+0000] {subprocess.py:106} INFO - [0m01:18:22  Found 14 models, 3 sources, 522 macros
[2026-03-29T01:18:22.069+0000] {subprocess.py:106} INFO - [0m01:18:22
[2026-03-29T01:18:22.070+0000] {subprocess.py:106} INFO - [0m01:18:22  Concurrency: 1 threads (target='dev')
[2026-03-29T01:18:22.070+0000] {subprocess.py:106} INFO - [0m01:18:22
[2026-03-29T01:18:25.643+0000] {subprocess.py:106} INFO - [0m01:18:25  Encountered an error:
[2026-03-29T01:18:25.652+0000] {subprocess.py:106} INFO - Database Error
[2026-03-29T01:18:25.652+0000] {subprocess.py:106} INFO -   250001 (08001): Failed to connect to DB: BBMCDSP-CT02489.snowflakecomputing.com:443. JWT token is invalid. [0e66b3a5-c828-42d7-80c4-21ea01061d80]
[2026-03-29T01:33:53.292+0000] {subprocess.py:110} INFO - Command exited with return code 2
[2026-03-29T01:33:53.297+0000] {taskinstance.py:441} INFO - ::group::Post task execution logs
[2026-03-29T01:33:53.319+0000] {taskinstance.py:2905} ERROR - Task failed with exception
Traceback (most recent call last):
  File "/home/airflow/.local/lib/python3.12/site-packages/airflow/models/taskinstance.py", line 465, in _execute_task
    result = _execute_callable(context=context, **execute_callable_kwargs)
             ^^^^^^^^^^^^^^^^^^^^^^^^^^^^^^^^^^^^^^^^^^^^^^^^^^^^^^^^^^^^^
  File "/home/airflow/.local/lib/python3.12/site-packages/airflow/models/taskinstance.py", line 432, in _execute_callable
    return execute_callable(context=context, **execute_callable_kwargs)
           ^^^^^^^^^^^^^^^^^^^^^^^^^^^^^^^^^^^^^^^^^^^^^^^^^^^^^^^^^^^^
  File "/home/airflow/.local/lib/python3.12/site-packages/airflow/models/baseoperator.py", line 401, in wrapper
    return func(self, *args, **kwargs)
           ^^^^^^^^^^^^^^^^^^^^^^^^^^^
  File "/home/airflow/.local/lib/python3.12/site-packages/airflow/providers/standard/operators/bash.py", line 233, in execute
    raise AirflowException(
airflow.exceptions.AirflowException: Bash command failed. The command returned a non-zero exit code 2.
[2026-03-29T01:33:53.324+0000] {taskinstance.py:1206} INFO - Marking task as UP_FOR_RETRY. dag_id=banking_01_bronze_layer, task_id=compile, run_id=scheduled__2026-03-29T00:30:00+00:00, execution_date=20260329T003000, start_date=20260329T011819, end_date=20260329T013353
[2026-03-29T01:33:53.340+0000] {standard_task_runner.py:110} ERROR - Failed to execute job 7040 for task compile (Bash command failed. The command returned a non-zero exit code 2.; 15036)
[2026-03-29T01:33:53.379+0000] {local_task_job_runner.py:243} INFO - Task exited with return code 1
[2026-03-29T01:33:53.401+0000] {taskinstance.py:3503} INFO - 0 downstream tasks scheduled from follow-on schedule check
[2026-03-29T01:33:53.402+0000] {local_task_job_runner.py:222} INFO - ::endgroup::
