[2026-03-30T21:33:03.353+0000] {local_task_job_runner.py:120} INFO - ::group::Pre task execution logs
[2026-03-30T21:33:03.373+0000] {taskinstance.py:2076} INFO - Dependencies all met for dep_context=non-requeueable deps ti=<TaskInstance: banking_01_bronze_layer.build_bronze_trans scheduled__2026-03-30T19:30:00+00:00 [queued]>
[2026-03-30T21:33:03.376+0000] {taskinstance.py:2076} INFO - Dependencies all met for dep_context=requeueable deps ti=<TaskInstance: banking_01_bronze_layer.build_bronze_trans scheduled__2026-03-30T19:30:00+00:00 [queued]>
[2026-03-30T21:33:03.376+0000] {taskinstance.py:2306} INFO - Starting attempt 2 of 2
[2026-03-30T21:33:03.382+0000] {taskinstance.py:2330} INFO - Executing <Task(BashOperator): build_bronze_trans> on 2026-03-30 19:30:00+00:00
[2026-03-30T21:33:03.384+0000] {standard_task_runner.py:64} INFO - Started process 25971 to run task
[2026-03-30T21:33:03.386+0000] {standard_task_runner.py:90} INFO - Running: ['***', 'tasks', 'run', 'banking_01_bronze_layer', 'build_bronze_trans', 'scheduled__2026-03-30T19:30:00+00:00', '--job-id', '8769', '--raw', '--subdir', 'DAGS_FOLDER/dbt.py', '--cfg-path', '/tmp/tmplltn4evn']
[2026-03-30T21:33:03.388+0000] {standard_task_runner.py:91} INFO - Job 8769: Subtask build_bronze_trans
[2026-03-30T21:33:03.429+0000] {task_command.py:426} INFO - Running <TaskInstance: banking_01_bronze_layer.build_bronze_trans scheduled__2026-03-30T19:30:00+00:00 [running]> on host c990dffe13ae
[2026-03-30T21:33:03.476+0000] {taskinstance.py:2648} INFO - Exporting env vars: AIRFLOW_CTX_DAG_OWNER='risheek' AIRFLOW_CTX_DAG_ID='banking_01_bronze_layer' AIRFLOW_CTX_TASK_ID='build_bronze_trans' AIRFLOW_CTX_EXECUTION_DATE='2026-03-30T19:30:00+00:00' AIRFLOW_CTX_TRY_NUMBER='2' AIRFLOW_CTX_DAG_RUN_ID='scheduled__2026-03-30T19:30:00+00:00'
[2026-03-30T21:33:03.477+0000] {taskinstance.py:430} INFO - ::endgroup::
[2026-03-30T21:33:03.478+0000] {subprocess.py:78} INFO - Tmp dir root location: /tmp
[2026-03-30T21:33:03.478+0000] {subprocess.py:88} INFO - Running command: ['/usr/bin/bash', '-c', 'dbt build --select bronze_trans']
[2026-03-30T21:33:03.482+0000] {subprocess.py:99} INFO - Output:
[2026-03-30T21:33:04.784+0000] {subprocess.py:106} INFO - [0m21:33:04  Running with dbt=1.11.7
[2026-03-30T21:33:05.349+0000] {subprocess.py:106} INFO - [0m21:33:05  Registered adapter: snowflake=1.11.3
[2026-03-30T21:33:05.494+0000] {subprocess.py:106} INFO - [0m21:33:05  [[33mWARNING[0m]: Configuration paths exist in your dbt_project.yml file which do not apply to any resources.
[2026-03-30T21:33:05.495+0000] {subprocess.py:106} INFO - There are 1 unused configuration paths:
[2026-03-30T21:33:05.495+0000] {subprocess.py:106} INFO - - models.trans_snowf.example
[2026-03-30T21:33:05.600+0000] {subprocess.py:106} INFO - [0m21:33:05  Found 14 models, 3 sources, 522 macros
[2026-03-30T21:33:05.601+0000] {subprocess.py:106} INFO - [0m21:33:05
[2026-03-30T21:33:05.601+0000] {subprocess.py:106} INFO - [0m21:33:05  Concurrency: 1 threads (target='dev')
[2026-03-30T21:33:05.602+0000] {subprocess.py:106} INFO - [0m21:33:05
[2026-03-30T21:40:56.438+0000] {subprocess.py:106} INFO - [0m21:40:56  1 of 1 START sql incremental model PUBLIC_BRONZE.bronze_trans .................. [RUN]
[2026-03-30T21:41:00.097+0000] {subprocess.py:106} INFO - [0m21:41:00  1 of 1 OK created sql incremental model PUBLIC_BRONZE.bronze_trans ............. [[32mSUCCESS 0[0m in 3.66s]
[2026-03-30T21:41:00.339+0000] {subprocess.py:106} INFO - [0m21:41:00
[2026-03-30T21:41:00.341+0000] {subprocess.py:106} INFO - [0m21:41:00  Finished running 1 incremental model in 0 hours 7 minutes and 54.74 seconds (474.74s).
[2026-03-30T21:41:00.413+0000] {subprocess.py:106} INFO - [0m21:41:00
[2026-03-30T21:41:00.414+0000] {subprocess.py:106} INFO - [0m21:41:00  [32mCompleted successfully[0m
[2026-03-30T21:41:00.414+0000] {subprocess.py:106} INFO - [0m21:41:00
[2026-03-30T21:41:00.415+0000] {subprocess.py:106} INFO - [0m21:41:00  Done. PASS=1 WARN=0 ERROR=0 SKIP=0 NO-OP=0 TOTAL=1
[2026-03-30T21:41:02.284+0000] {subprocess.py:110} INFO - Command exited with return code 0
[2026-03-30T21:41:02.286+0000] {taskinstance.py:441} INFO - ::group::Post task execution logs
[2026-03-30T21:41:02.341+0000] {taskinstance.py:1206} INFO - Marking task as SUCCESS. dag_id=banking_01_bronze_layer, task_id=build_bronze_trans, run_id=scheduled__2026-03-30T19:30:00+00:00, execution_date=20260330T193000, start_date=20260330T213303, end_date=20260330T214102
[2026-03-30T21:41:02.364+0000] {local_task_job_runner.py:243} INFO - Task exited with return code 0
[2026-03-30T21:41:02.388+0000] {taskinstance.py:3503} INFO - 0 downstream tasks scheduled from follow-on schedule check
[2026-03-30T21:41:02.389+0000] {local_task_job_runner.py:222} INFO - ::endgroup::
