[2026-03-25T16:00:19.453+0000] {local_task_job_runner.py:120} INFO - ::group::Pre task execution logs
[2026-03-25T16:00:19.468+0000] {taskinstance.py:2076} INFO - Dependencies all met for dep_context=non-requeueable deps ti=<TaskInstance: banking_01_bronze_layer.debug scheduled__2026-03-25T15:30:00+00:00 [queued]>
[2026-03-25T16:00:19.472+0000] {taskinstance.py:2076} INFO - Dependencies all met for dep_context=requeueable deps ti=<TaskInstance: banking_01_bronze_layer.debug scheduled__2026-03-25T15:30:00+00:00 [queued]>
[2026-03-25T16:00:19.472+0000] {taskinstance.py:2306} INFO - Starting attempt 1 of 2
[2026-03-25T16:00:19.479+0000] {taskinstance.py:2330} INFO - Executing <Task(BashOperator): debug> on 2026-03-25 15:30:00+00:00
[2026-03-25T16:00:19.481+0000] {standard_task_runner.py:64} INFO - Started process 13968 to run task
[2026-03-25T16:00:19.484+0000] {standard_task_runner.py:90} INFO - Running: ['***', 'tasks', 'run', 'banking_01_bronze_layer', 'debug', 'scheduled__2026-03-25T15:30:00+00:00', '--job-id', '2068', '--raw', '--subdir', 'DAGS_FOLDER/dbt.py', '--cfg-path', '/tmp/tmpdlweg1n8']
[2026-03-25T16:00:19.485+0000] {standard_task_runner.py:91} INFO - Job 2068: Subtask debug
[2026-03-25T16:00:19.522+0000] {task_command.py:426} INFO - Running <TaskInstance: banking_01_bronze_layer.debug scheduled__2026-03-25T15:30:00+00:00 [running]> on host c990dffe13ae
[2026-03-25T16:00:19.566+0000] {taskinstance.py:2648} INFO - Exporting env vars: AIRFLOW_CTX_DAG_OWNER='risheek' AIRFLOW_CTX_DAG_ID='banking_01_bronze_layer' AIRFLOW_CTX_TASK_ID='debug' AIRFLOW_CTX_EXECUTION_DATE='2026-03-25T15:30:00+00:00' AIRFLOW_CTX_TRY_NUMBER='1' AIRFLOW_CTX_DAG_RUN_ID='scheduled__2026-03-25T15:30:00+00:00'
[2026-03-25T16:00:19.566+0000] {taskinstance.py:430} INFO - ::endgroup::
[2026-03-25T16:00:19.567+0000] {subprocess.py:78} INFO - Tmp dir root location: /tmp
[2026-03-25T16:00:19.567+0000] {subprocess.py:88} INFO - Running command: ['/usr/bin/bash', '-c', 'dbt debug --profiles-dir /opt/***/dbt/trans_snowf']
[2026-03-25T16:00:19.575+0000] {subprocess.py:99} INFO - Output:
[2026-03-25T16:00:21.071+0000] {subprocess.py:106} INFO - [0m16:00:21  Running with dbt=1.11.7
[2026-03-25T16:00:21.081+0000] {subprocess.py:106} INFO - [0m16:00:21  dbt version: 1.11.7
[2026-03-25T16:00:21.081+0000] {subprocess.py:106} INFO - [0m16:00:21  python version: 3.12.4
[2026-03-25T16:00:21.082+0000] {subprocess.py:106} INFO - [0m16:00:21  python path: /home/***/.local/bin/python
[2026-03-25T16:00:21.082+0000] {subprocess.py:106} INFO - [0m16:00:21  os info: Linux-6.12.76-linuxkit-aarch64-with-glibc2.36
[2026-03-25T16:00:21.533+0000] {subprocess.py:106} INFO - [0m16:00:21  Using profiles dir at /opt/***/dbt/trans_snowf
[2026-03-25T16:00:21.533+0000] {subprocess.py:106} INFO - [0m16:00:21  Using profiles.yml file at /opt/***/dbt/trans_snowf/profiles.yml
[2026-03-25T16:00:21.534+0000] {subprocess.py:106} INFO - [0m16:00:21  Using dbt_project.yml file at /opt/***/dbt/trans_snowf/dbt_project.yml
[2026-03-25T16:00:21.534+0000] {subprocess.py:106} INFO - [0m16:00:21  adapter type: snowflake
[2026-03-25T16:00:21.535+0000] {subprocess.py:106} INFO - [0m16:00:21  adapter version: 1.11.3
[2026-03-25T16:00:21.589+0000] {subprocess.py:106} INFO - [0m16:00:21  Configuration:
[2026-03-25T16:00:21.589+0000] {subprocess.py:106} INFO - [0m16:00:21    profiles.yml file [[32mOK found and valid[0m]
[2026-03-25T16:00:21.590+0000] {subprocess.py:106} INFO - [0m16:00:21    dbt_project.yml file [[32mOK found and valid[0m]
[2026-03-25T16:00:21.590+0000] {subprocess.py:106} INFO - [0m16:00:21  Required dependencies:
[2026-03-25T16:00:21.591+0000] {subprocess.py:106} INFO - [0m16:00:21   - git [[31mERROR[0m]
[2026-03-25T16:00:21.591+0000] {subprocess.py:106} INFO - 
[2026-03-25T16:00:21.591+0000] {subprocess.py:106} INFO - [0m16:00:21  Connection:
[2026-03-25T16:00:21.592+0000] {subprocess.py:106} INFO - [0m16:00:21    account: BBMCDSP-CT02489
[2026-03-25T16:00:21.592+0000] {subprocess.py:106} INFO - [0m16:00:21    user: user123
[2026-03-25T16:00:21.593+0000] {subprocess.py:106} INFO - [0m16:00:21    database: BANKING
[2026-03-25T16:00:21.593+0000] {subprocess.py:106} INFO - [0m16:00:21    warehouse: COMPUTE_WH
[2026-03-25T16:00:21.593+0000] {subprocess.py:106} INFO - [0m16:00:21    role: dbtadmin
[2026-03-25T16:00:21.594+0000] {subprocess.py:106} INFO - [0m16:00:21    schema: PUBLIC
[2026-03-25T16:00:21.594+0000] {subprocess.py:106} INFO - [0m16:00:21    authenticator: None
[2026-03-25T16:00:21.594+0000] {subprocess.py:106} INFO - [0m16:00:21    oauth_client_id: None
[2026-03-25T16:00:21.595+0000] {subprocess.py:106} INFO - [0m16:00:21    query_tag: None
[2026-03-25T16:00:21.595+0000] {subprocess.py:106} INFO - [0m16:00:21    client_session_keep_alive: False
[2026-03-25T16:00:21.595+0000] {subprocess.py:106} INFO - [0m16:00:21    host: None
[2026-03-25T16:00:21.596+0000] {subprocess.py:106} INFO - [0m16:00:21    port: None
[2026-03-25T16:00:21.596+0000] {subprocess.py:106} INFO - [0m16:00:21    proxy_host: None
[2026-03-25T16:00:21.596+0000] {subprocess.py:106} INFO - [0m16:00:21    proxy_port: None
[2026-03-25T16:00:21.596+0000] {subprocess.py:106} INFO - [0m16:00:21    protocol: None
[2026-03-25T16:00:21.597+0000] {subprocess.py:106} INFO - [0m16:00:21    connect_retries: 1
[2026-03-25T16:00:21.597+0000] {subprocess.py:106} INFO - [0m16:00:21    connect_timeout: None
[2026-03-25T16:00:21.597+0000] {subprocess.py:106} INFO - [0m16:00:21    retry_on_database_errors: False
[2026-03-25T16:00:21.598+0000] {subprocess.py:106} INFO - [0m16:00:21    retry_all: False
[2026-03-25T16:00:21.598+0000] {subprocess.py:106} INFO - [0m16:00:21    insecure_mode: False
[2026-03-25T16:00:21.598+0000] {subprocess.py:106} INFO - [0m16:00:21    reuse_connections: True
[2026-03-25T16:00:21.599+0000] {subprocess.py:106} INFO - [0m16:00:21    s3_stage_vpce_dns_name: None
[2026-03-25T16:00:21.600+0000] {subprocess.py:106} INFO - [0m16:00:21    platform_detection_timeout_seconds: 0.0
[2026-03-25T16:00:21.600+0000] {subprocess.py:106} INFO - [0m16:00:21  Registered adapter: snowflake=1.11.3
[2026-03-25T16:00:22.409+0000] {subprocess.py:106} INFO - [0m16:00:22    Connection test: [[32mOK connection ok[0m]
[2026-03-25T16:00:22.411+0000] {subprocess.py:106} INFO - 
[2026-03-25T16:00:22.411+0000] {subprocess.py:106} INFO - [0m16:00:22  [31m1 check failed:[0m
[2026-03-25T16:00:22.413+0000] {subprocess.py:106} INFO - [0m16:00:22  Error from git --help: Could not find command, ensure it is in the user's PATH: "git"
[2026-03-25T16:00:22.413+0000] {subprocess.py:106} INFO - 
[2026-03-25T16:00:24.594+0000] {subprocess.py:110} INFO - Command exited with return code 1
[2026-03-25T16:00:24.602+0000] {taskinstance.py:441} INFO - ::group::Post task execution logs
[2026-03-25T16:00:24.632+0000] {taskinstance.py:2905} ERROR - Task failed with exception
Traceback (most recent call last):
  File "/home/airflow/.local/lib/python3.12/site-packages/airflow/models/taskinstance.py", line 465, in _execute_task
    result = _execute_callable(context=context, **execute_callable_kwargs)
             ^^^^^^^^^^^^^^^^^^^^^^^^^^^^^^^^^^^^^^^^^^^^^^^^^^^^^^^^^^^^^
  File "/home/airflow/.local/lib/python3.12/site-packages/airflow/models/taskinstance.py", line 432, in _execute_callable
    return execute_callable(context=context, **execute_callable_kwargs)
           ^^^^^^^^^^^^^^^^^^^^^^^^^^^^^^^^^^^^^^^^^^^^^^^^^^^^^^^^^^^^
  File "/home/airflow/.local/lib/python3.12/site-packages/airflow/models/baseoperator.py", line 401, in wrapper
    return func(self, *args, **kwargs)
           ^^^^^^^^^^^^^^^^^^^^^^^^^^^
  File "/home/airflow/.local/lib/python3.12/site-packages/airflow/providers/standard/operators/bash.py", line 233, in execute
    raise AirflowException(
airflow.exceptions.AirflowException: Bash command failed. The command returned a non-zero exit code 1.
[2026-03-25T16:00:24.641+0000] {taskinstance.py:1206} INFO - Marking task as UP_FOR_RETRY. dag_id=banking_01_bronze_layer, task_id=debug, run_id=scheduled__2026-03-25T15:30:00+00:00, execution_date=20260325T153000, start_date=20260325T160019, end_date=20260325T160024
[2026-03-25T16:00:24.662+0000] {standard_task_runner.py:110} ERROR - Failed to execute job 2068 for task debug (Bash command failed. The command returned a non-zero exit code 1.; 13968)
[2026-03-25T16:00:24.690+0000] {local_task_job_runner.py:243} INFO - Task exited with return code 1
[2026-03-25T16:00:24.706+0000] {taskinstance.py:3503} INFO - 0 downstream tasks scheduled from follow-on schedule check
[2026-03-25T16:00:24.707+0000] {local_task_job_runner.py:222} INFO - ::endgroup::
