[2026-03-25T15:47:55.826+0000] {local_task_job_runner.py:120} INFO - ::group::Pre task execution logs
[2026-03-25T15:47:55.846+0000] {taskinstance.py:2076} INFO - Dependencies all met for dep_context=non-requeueable deps ti=<TaskInstance: transfer_from_minio_to_snowflake_transactions.create_stage scheduled__2026-03-25T15:46:00+00:00 [queued]>
[2026-03-25T15:47:55.850+0000] {taskinstance.py:2076} INFO - Dependencies all met for dep_context=requeueable deps ti=<TaskInstance: transfer_from_minio_to_snowflake_transactions.create_stage scheduled__2026-03-25T15:46:00+00:00 [queued]>
[2026-03-25T15:47:55.850+0000] {taskinstance.py:2306} INFO - Starting attempt 1 of 3
[2026-03-25T15:47:55.855+0000] {taskinstance.py:2330} INFO - Executing <Task(SQLExecuteQueryOperator): create_stage> on 2026-03-25 15:46:00+00:00
[2026-03-25T15:47:55.862+0000] {standard_task_runner.py:90} INFO - Running: ['***', 'tasks', 'run', 'transfer_from_minio_to_snowflake_transactions', 'create_stage', 'scheduled__2026-03-25T15:46:00+00:00', '--job-id', '1953', '--raw', '--subdir', 'DAGS_FOLDER/transfer.py', '--cfg-path', '/tmp/tmpvyn2t920']
[2026-03-25T15:47:55.864+0000] {standard_task_runner.py:91} INFO - Job 1953: Subtask create_stage
[2026-03-25T15:47:55.864+0000] {logging_mixin.py:188} WARNING - /home/***/.local/lib/python3.12/site-packages/***/task/task_runner/standard_task_runner.py:62 DeprecationWarning: This process (pid=11765) is multi-threaded, use of fork() may lead to deadlocks in the child.
[2026-03-25T15:47:55.865+0000] {standard_task_runner.py:64} INFO - Started process 11778 to run task
[2026-03-25T15:47:55.916+0000] {task_command.py:426} INFO - Running <TaskInstance: transfer_from_minio_to_snowflake_transactions.create_stage scheduled__2026-03-25T15:46:00+00:00 [running]> on host c990dffe13ae
[2026-03-25T15:47:56.150+0000] {taskinstance.py:2648} INFO - Exporting env vars: AIRFLOW_CTX_DAG_OWNER='***' AIRFLOW_CTX_DAG_ID='transfer_from_minio_to_snowflake_transactions' AIRFLOW_CTX_TASK_ID='create_stage' AIRFLOW_CTX_EXECUTION_DATE='2026-03-25T15:46:00+00:00' AIRFLOW_CTX_TRY_NUMBER='1' AIRFLOW_CTX_DAG_RUN_ID='scheduled__2026-03-25T15:46:00+00:00'
[2026-03-25T15:47:56.151+0000] {taskinstance.py:430} INFO - ::endgroup::
[2026-03-25T15:47:56.151+0000] {sql.py:282} INFO - Executing:  CREATE STAGE IF NOT EXISTS incoming  
                 URL = 's3://de-project-banking-pipeline-dev-2/transactions'
                 STORAGE_INTEGRATION = my_s3_integration
                 FILE_FORMAT = (TYPE = 'JSON'); 
[2026-03-25T15:47:56.157+0000] {base.py:84} INFO - Using connection ID 'warehouse_id' for task execution.
[2026-03-25T15:47:56.195+0000] {base.py:84} INFO - Using connection ID 'warehouse_id' for task execution.
[2026-03-25T15:47:56.240+0000] {connection.py:613} INFO - Snowflake Connector for Python Version: 4.3.0, Python Version: 3.12.4, Platform: Linux-6.12.76-linuxkit-aarch64-with-glibc2.36
[2026-03-25T15:47:56.241+0000] {connection.py:1709} INFO - Connecting to GLOBAL Snowflake domain
[2026-03-25T15:48:02.091+0000] {sql.py:495} INFO - Running statement: CREATE STAGE IF NOT EXISTS incoming  
                 URL = 's3://de-project-banking-pipeline-dev-2/transactions'
                 STORAGE_INTEGRATION = my_s3_integration
                 FILE_FORMAT = (TYPE = 'JSON');, parameters: None
[2026-03-25T15:48:02.284+0000] {sql.py:504} INFO - Rows affected: 1
[2026-03-25T15:48:02.286+0000] {snowflake.py:422} INFO - Rows affected: 1
[2026-03-25T15:48:02.287+0000] {snowflake.py:423} INFO - Snowflake query id: 01c34454-3202-7cb1-0014-90e60003d76e
[2026-03-25T15:48:02.635+0000] {taskinstance.py:441} INFO - ::group::Post task execution logs
[2026-03-25T15:48:02.691+0000] {taskinstance.py:1206} INFO - Marking task as SUCCESS. dag_id=transfer_from_minio_to_snowflake_transactions, task_id=create_stage, run_id=scheduled__2026-03-25T15:46:00+00:00, execution_date=20260325T154600, start_date=20260325T154755, end_date=20260325T154802
[2026-03-25T15:48:02.725+0000] {local_task_job_runner.py:243} INFO - Task exited with return code 0
[2026-03-25T15:48:02.750+0000] {taskinstance.py:3503} INFO - 1 downstream tasks scheduled from follow-on schedule check
[2026-03-25T15:48:02.751+0000] {local_task_job_runner.py:222} INFO - ::endgroup::
