[2026-03-31T00:53:05.016+0000] {local_task_job_runner.py:120} INFO - ::group::Pre task execution logs
[2026-03-31T00:53:05.094+0000] {taskinstance.py:2076} INFO - Dependencies all met for dep_context=non-requeueable deps ti=<TaskInstance: banking_01_bronze_layer.build_bronze_acc manual__2026-03-31T00:47:34.252602+00:00 [queued]>
[2026-03-31T00:53:05.119+0000] {taskinstance.py:2076} INFO - Dependencies all met for dep_context=requeueable deps ti=<TaskInstance: banking_01_bronze_layer.build_bronze_acc manual__2026-03-31T00:47:34.252602+00:00 [queued]>
[2026-03-31T00:53:05.120+0000] {taskinstance.py:2306} INFO - Starting attempt 2 of 2
[2026-03-31T00:53:05.154+0000] {taskinstance.py:2330} INFO - Executing <Task(BashOperator): build_bronze_acc> on 2026-03-31 00:47:34.252602+00:00
[2026-03-31T00:53:05.165+0000] {standard_task_runner.py:64} INFO - Started process 42058 to run task
[2026-03-31T00:53:05.170+0000] {standard_task_runner.py:90} INFO - Running: ['***', 'tasks', 'run', 'banking_01_bronze_layer', 'build_bronze_acc', 'manual__2026-03-31T00:47:34.252602+00:00', '--job-id', '9555', '--raw', '--subdir', 'DAGS_FOLDER/dbt.py', '--cfg-path', '/tmp/tmph6urx4jq']
[2026-03-31T00:53:05.173+0000] {standard_task_runner.py:91} INFO - Job 9555: Subtask build_bronze_acc
[2026-03-31T00:53:05.240+0000] {task_command.py:426} INFO - Running <TaskInstance: banking_01_bronze_layer.build_bronze_acc manual__2026-03-31T00:47:34.252602+00:00 [running]> on host c990dffe13ae
[2026-03-31T00:53:05.314+0000] {taskinstance.py:2648} INFO - Exporting env vars: AIRFLOW_CTX_DAG_OWNER='risheek' AIRFLOW_CTX_DAG_ID='banking_01_bronze_layer' AIRFLOW_CTX_TASK_ID='build_bronze_acc' AIRFLOW_CTX_EXECUTION_DATE='2026-03-31T00:47:34.252602+00:00' AIRFLOW_CTX_TRY_NUMBER='2' AIRFLOW_CTX_DAG_RUN_ID='manual__2026-03-31T00:47:34.252602+00:00'
[2026-03-31T00:53:05.317+0000] {taskinstance.py:430} INFO - ::endgroup::
[2026-03-31T00:53:05.322+0000] {subprocess.py:78} INFO - Tmp dir root location: /tmp
[2026-03-31T00:53:05.328+0000] {subprocess.py:88} INFO - Running command: ['/usr/bin/bash', '-c', 'dbt build --select bronze_acc']
[2026-03-31T00:53:05.340+0000] {subprocess.py:99} INFO - Output:
[2026-03-31T00:53:07.117+0000] {subprocess.py:106} INFO - [0m00:53:07  Running with dbt=1.11.7
[2026-03-31T00:53:08.010+0000] {subprocess.py:106} INFO - [0m00:53:08  Registered adapter: snowflake=1.11.3
[2026-03-31T00:53:08.252+0000] {subprocess.py:106} INFO - [0m00:53:08  [[33mWARNING[0m]: Configuration paths exist in your dbt_project.yml file which do not apply to any resources.
[2026-03-31T00:53:08.253+0000] {subprocess.py:106} INFO - There are 1 unused configuration paths:
[2026-03-31T00:53:08.253+0000] {subprocess.py:106} INFO - - models.trans_snowf.example
[2026-03-31T00:53:08.398+0000] {subprocess.py:106} INFO - [0m00:53:08  Found 14 models, 3 sources, 522 macros
[2026-03-31T00:53:08.401+0000] {subprocess.py:106} INFO - [0m00:53:08
[2026-03-31T00:53:08.401+0000] {subprocess.py:106} INFO - [0m00:53:08  Concurrency: 1 threads (target='dev')
[2026-03-31T00:53:08.402+0000] {subprocess.py:106} INFO - [0m00:53:08
[2026-03-31T00:53:10.417+0000] {subprocess.py:106} INFO - [0m00:53:10  1 of 1 START sql incremental model PUBLIC_BRONZE.bronze_acc .................... [RUN]
[2026-03-31T00:53:10.664+0000] {subprocess.py:106} INFO - [0m00:53:10  1 of 1 ERROR creating sql incremental model PUBLIC_BRONZE.bronze_acc ........... [[31mERROR[0m in 0.24s]
[2026-03-31T00:53:10.908+0000] {subprocess.py:106} INFO - [0m00:53:10
[2026-03-31T00:53:10.909+0000] {subprocess.py:106} INFO - [0m00:53:10  Finished running 1 incremental model in 0 hours 0 minutes and 2.51 seconds (2.51s).
[2026-03-31T00:53:10.980+0000] {subprocess.py:106} INFO - [0m00:53:10
[2026-03-31T00:53:10.981+0000] {subprocess.py:106} INFO - [0m00:53:10  [31mCompleted with 1 error, 0 partial successes, and 0 warnings:[0m
[2026-03-31T00:53:10.982+0000] {subprocess.py:106} INFO - [0m00:53:10
[2026-03-31T00:53:10.982+0000] {subprocess.py:106} INFO - [0m00:53:10  [31mFailure in model bronze_acc (models/staging/bronze_acc.sql)[0m
[2026-03-31T00:53:10.983+0000] {subprocess.py:106} INFO - [0m00:53:10    Database Error in model bronze_acc (models/staging/bronze_acc.sql)
[2026-03-31T00:53:10.983+0000] {subprocess.py:106} INFO -   001044 (42P13): SQL compilation error: error line 30 at position 12
[2026-03-31T00:53:10.983+0000] {subprocess.py:106} INFO -   Invalid argument types for function 'GET': (BINARY(67108864), NUMBER(1,0))
[2026-03-31T00:53:10.984+0000] {subprocess.py:106} INFO - [0m00:53:10
[2026-03-31T00:53:10.984+0000] {subprocess.py:106} INFO - [0m00:53:10    compiled code at target/compiled/trans_snowf/models/staging/bronze_acc.sql
[2026-03-31T00:53:10.985+0000] {subprocess.py:106} INFO - [0m00:53:10
[2026-03-31T00:53:10.986+0000] {subprocess.py:106} INFO - [0m00:53:10  Done. PASS=0 WARN=0 ERROR=1 SKIP=0 NO-OP=0 TOTAL=1
[2026-03-31T00:53:13.031+0000] {subprocess.py:110} INFO - Command exited with return code 1
[2026-03-31T00:53:13.043+0000] {taskinstance.py:441} INFO - ::group::Post task execution logs
[2026-03-31T00:53:13.074+0000] {taskinstance.py:2905} ERROR - Task failed with exception
Traceback (most recent call last):
  File "/home/airflow/.local/lib/python3.12/site-packages/airflow/models/taskinstance.py", line 465, in _execute_task
    result = _execute_callable(context=context, **execute_callable_kwargs)
             ^^^^^^^^^^^^^^^^^^^^^^^^^^^^^^^^^^^^^^^^^^^^^^^^^^^^^^^^^^^^^
  File "/home/airflow/.local/lib/python3.12/site-packages/airflow/models/taskinstance.py", line 432, in _execute_callable
    return execute_callable(context=context, **execute_callable_kwargs)
           ^^^^^^^^^^^^^^^^^^^^^^^^^^^^^^^^^^^^^^^^^^^^^^^^^^^^^^^^^^^^
  File "/home/airflow/.local/lib/python3.12/site-packages/airflow/models/baseoperator.py", line 401, in wrapper
    return func(self, *args, **kwargs)
           ^^^^^^^^^^^^^^^^^^^^^^^^^^^
  File "/home/airflow/.local/lib/python3.12/site-packages/airflow/providers/standard/operators/bash.py", line 233, in execute
    raise AirflowException(
airflow.exceptions.AirflowException: Bash command failed. The command returned a non-zero exit code 1.
[2026-03-31T00:53:13.085+0000] {taskinstance.py:1206} INFO - Marking task as FAILED. dag_id=banking_01_bronze_layer, task_id=build_bronze_acc, run_id=manual__2026-03-31T00:47:34.252602+00:00, execution_date=20260331T004734, start_date=20260331T005305, end_date=20260331T005313
[2026-03-31T00:53:13.103+0000] {standard_task_runner.py:110} ERROR - Failed to execute job 9555 for task build_bronze_acc (Bash command failed. The command returned a non-zero exit code 1.; 42058)
[2026-03-31T00:53:13.130+0000] {local_task_job_runner.py:243} INFO - Task exited with return code 1
[2026-03-31T00:53:13.189+0000] {taskinstance.py:3503} INFO - 0 downstream tasks scheduled from follow-on schedule check
[2026-03-31T00:53:13.190+0000] {local_task_job_runner.py:222} INFO - ::endgroup::
