[2026-03-27T20:18:09.239+0000] {local_task_job_runner.py:120} INFO - ::group::Pre task execution logs
[2026-03-27T20:18:09.252+0000] {taskinstance.py:2076} INFO - Dependencies all met for dep_context=non-requeueable deps ti=<TaskInstance: banking_01_bronze_layer.debug scheduled__2026-03-27T18:00:00+00:00 [queued]>
[2026-03-27T20:18:09.255+0000] {taskinstance.py:2076} INFO - Dependencies all met for dep_context=requeueable deps ti=<TaskInstance: banking_01_bronze_layer.debug scheduled__2026-03-27T18:00:00+00:00 [queued]>
[2026-03-27T20:18:09.255+0000] {taskinstance.py:2306} INFO - Starting attempt 1 of 2
[2026-03-27T20:18:09.261+0000] {taskinstance.py:2330} INFO - Executing <Task(BashOperator): debug> on 2026-03-27 18:00:00+00:00
[2026-03-27T20:18:09.263+0000] {standard_task_runner.py:64} INFO - Started process 40940 to run task
[2026-03-27T20:18:09.264+0000] {standard_task_runner.py:90} INFO - Running: ['***', 'tasks', 'run', 'banking_01_bronze_layer', 'debug', 'scheduled__2026-03-27T18:00:00+00:00', '--job-id', '5567', '--raw', '--subdir', 'DAGS_FOLDER/dbt.py', '--cfg-path', '/tmp/tmpf9fxy2c4']
[2026-03-27T20:18:09.265+0000] {standard_task_runner.py:91} INFO - Job 5567: Subtask debug
[2026-03-27T20:18:09.290+0000] {task_command.py:426} INFO - Running <TaskInstance: banking_01_bronze_layer.debug scheduled__2026-03-27T18:00:00+00:00 [running]> on host c990dffe13ae
[2026-03-27T20:18:09.329+0000] {taskinstance.py:2648} INFO - Exporting env vars: AIRFLOW_CTX_DAG_OWNER='risheek' AIRFLOW_CTX_DAG_ID='banking_01_bronze_layer' AIRFLOW_CTX_TASK_ID='debug' AIRFLOW_CTX_EXECUTION_DATE='2026-03-27T18:00:00+00:00' AIRFLOW_CTX_TRY_NUMBER='1' AIRFLOW_CTX_DAG_RUN_ID='scheduled__2026-03-27T18:00:00+00:00'
[2026-03-27T20:18:09.329+0000] {taskinstance.py:430} INFO - ::endgroup::
[2026-03-27T20:18:09.330+0000] {subprocess.py:78} INFO - Tmp dir root location: /tmp
[2026-03-27T20:18:09.330+0000] {subprocess.py:88} INFO - Running command: ['/usr/bin/bash', '-c', 'dbt debug --profiles-dir /opt/***/dbt/trans_snowf']
[2026-03-27T20:18:09.333+0000] {subprocess.py:99} INFO - Output:
[2026-03-27T20:18:10.467+0000] {subprocess.py:106} INFO - [0m20:18:10  Running with dbt=1.11.7
[2026-03-27T20:18:10.472+0000] {subprocess.py:106} INFO - [0m20:18:10  dbt version: 1.11.7
[2026-03-27T20:18:10.472+0000] {subprocess.py:106} INFO - [0m20:18:10  python version: 3.12.4
[2026-03-27T20:18:10.472+0000] {subprocess.py:106} INFO - [0m20:18:10  python path: /home/***/.local/bin/python
[2026-03-27T20:18:10.473+0000] {subprocess.py:106} INFO - [0m20:18:10  os info: Linux-6.12.76-linuxkit-aarch64-with-glibc2.36
[2026-03-27T20:18:10.823+0000] {subprocess.py:106} INFO - [0m20:18:10  Using profiles dir at /opt/***/dbt/trans_snowf
[2026-03-27T20:18:10.823+0000] {subprocess.py:106} INFO - [0m20:18:10  Using profiles.yml file at /opt/***/dbt/trans_snowf/profiles.yml
[2026-03-27T20:18:10.824+0000] {subprocess.py:106} INFO - [0m20:18:10  Using dbt_project.yml file at /opt/***/dbt/trans_snowf/dbt_project.yml
[2026-03-27T20:18:10.824+0000] {subprocess.py:106} INFO - [0m20:18:10  adapter type: snowflake
[2026-03-27T20:18:10.824+0000] {subprocess.py:106} INFO - [0m20:18:10  adapter version: 1.11.3
[2026-03-27T20:18:10.874+0000] {subprocess.py:106} INFO - [0m20:18:10  Configuration:
[2026-03-27T20:18:10.874+0000] {subprocess.py:106} INFO - [0m20:18:10    profiles.yml file [[32mOK found and valid[0m]
[2026-03-27T20:18:10.875+0000] {subprocess.py:106} INFO - [0m20:18:10    dbt_project.yml file [[32mOK found and valid[0m]
[2026-03-27T20:18:10.875+0000] {subprocess.py:106} INFO - [0m20:18:10  Required dependencies:
[2026-03-27T20:18:10.876+0000] {subprocess.py:106} INFO - [0m20:18:10   - git [[31mERROR[0m]
[2026-03-27T20:18:10.876+0000] {subprocess.py:106} INFO - 
[2026-03-27T20:18:10.876+0000] {subprocess.py:106} INFO - [0m20:18:10  Connection:
[2026-03-27T20:18:10.876+0000] {subprocess.py:106} INFO - [0m20:18:10    account: BBMCDSP-CT02489
[2026-03-27T20:18:10.877+0000] {subprocess.py:106} INFO - [0m20:18:10    user: user123
[2026-03-27T20:18:10.877+0000] {subprocess.py:106} INFO - [0m20:18:10    database: BANKING
[2026-03-27T20:18:10.878+0000] {subprocess.py:106} INFO - [0m20:18:10    warehouse: COMPUTE_WH
[2026-03-27T20:18:10.879+0000] {subprocess.py:106} INFO - [0m20:18:10    role: dbtadmin
[2026-03-27T20:18:10.879+0000] {subprocess.py:106} INFO - [0m20:18:10    schema: PUBLIC
[2026-03-27T20:18:10.879+0000] {subprocess.py:106} INFO - [0m20:18:10    authenticator: None
[2026-03-27T20:18:10.880+0000] {subprocess.py:106} INFO - [0m20:18:10    oauth_client_id: None
[2026-03-27T20:18:10.880+0000] {subprocess.py:106} INFO - [0m20:18:10    query_tag: None
[2026-03-27T20:18:10.880+0000] {subprocess.py:106} INFO - [0m20:18:10    client_session_keep_alive: False
[2026-03-27T20:18:10.881+0000] {subprocess.py:106} INFO - [0m20:18:10    host: None
[2026-03-27T20:18:10.881+0000] {subprocess.py:106} INFO - [0m20:18:10    port: None
[2026-03-27T20:18:10.881+0000] {subprocess.py:106} INFO - [0m20:18:10    proxy_host: None
[2026-03-27T20:18:10.882+0000] {subprocess.py:106} INFO - [0m20:18:10    proxy_port: None
[2026-03-27T20:18:10.882+0000] {subprocess.py:106} INFO - [0m20:18:10    protocol: None
[2026-03-27T20:18:10.882+0000] {subprocess.py:106} INFO - [0m20:18:10    connect_retries: 1
[2026-03-27T20:18:10.882+0000] {subprocess.py:106} INFO - [0m20:18:10    connect_timeout: None
[2026-03-27T20:18:10.883+0000] {subprocess.py:106} INFO - [0m20:18:10    retry_on_database_errors: False
[2026-03-27T20:18:10.883+0000] {subprocess.py:106} INFO - [0m20:18:10    retry_all: False
[2026-03-27T20:18:10.883+0000] {subprocess.py:106} INFO - [0m20:18:10    insecure_mode: False
[2026-03-27T20:18:10.884+0000] {subprocess.py:106} INFO - [0m20:18:10    reuse_connections: True
[2026-03-27T20:18:10.884+0000] {subprocess.py:106} INFO - [0m20:18:10    s3_stage_vpce_dns_name: None
[2026-03-27T20:18:10.884+0000] {subprocess.py:106} INFO - [0m20:18:10    platform_detection_timeout_seconds: 0.0
[2026-03-27T20:18:10.885+0000] {subprocess.py:106} INFO - [0m20:18:10  Registered adapter: snowflake=1.11.3
[2026-03-27T20:18:12.096+0000] {subprocess.py:106} INFO - [0m20:18:12    Connection test: [[32mOK connection ok[0m]
[2026-03-27T20:18:12.097+0000] {subprocess.py:106} INFO - 
[2026-03-27T20:18:12.098+0000] {subprocess.py:106} INFO - [0m20:18:12  [31m1 check failed:[0m
[2026-03-27T20:18:12.099+0000] {subprocess.py:106} INFO - [0m20:18:12  Error from git --help: Could not find command, ensure it is in the user's PATH: "git"
[2026-03-27T20:18:12.100+0000] {subprocess.py:106} INFO - 
[2026-03-27T20:18:14.490+0000] {subprocess.py:110} INFO - Command exited with return code 1
[2026-03-27T20:18:14.491+0000] {taskinstance.py:441} INFO - ::group::Post task execution logs
[2026-03-27T20:18:14.498+0000] {taskinstance.py:2905} ERROR - Task failed with exception
Traceback (most recent call last):
  File "/home/airflow/.local/lib/python3.12/site-packages/airflow/models/taskinstance.py", line 465, in _execute_task
    result = _execute_callable(context=context, **execute_callable_kwargs)
             ^^^^^^^^^^^^^^^^^^^^^^^^^^^^^^^^^^^^^^^^^^^^^^^^^^^^^^^^^^^^^
  File "/home/airflow/.local/lib/python3.12/site-packages/airflow/models/taskinstance.py", line 432, in _execute_callable
    return execute_callable(context=context, **execute_callable_kwargs)
           ^^^^^^^^^^^^^^^^^^^^^^^^^^^^^^^^^^^^^^^^^^^^^^^^^^^^^^^^^^^^
  File "/home/airflow/.local/lib/python3.12/site-packages/airflow/models/baseoperator.py", line 401, in wrapper
    return func(self, *args, **kwargs)
           ^^^^^^^^^^^^^^^^^^^^^^^^^^^
  File "/home/airflow/.local/lib/python3.12/site-packages/airflow/providers/standard/operators/bash.py", line 233, in execute
    raise AirflowException(
airflow.exceptions.AirflowException: Bash command failed. The command returned a non-zero exit code 1.
[2026-03-27T20:18:14.501+0000] {taskinstance.py:1206} INFO - Marking task as UP_FOR_RETRY. dag_id=banking_01_bronze_layer, task_id=debug, run_id=scheduled__2026-03-27T18:00:00+00:00, execution_date=20260327T180000, start_date=20260327T201809, end_date=20260327T201814
[2026-03-27T20:18:14.508+0000] {standard_task_runner.py:110} ERROR - Failed to execute job 5567 for task debug (Bash command failed. The command returned a non-zero exit code 1.; 40940)
[2026-03-27T20:18:14.549+0000] {local_task_job_runner.py:243} INFO - Task exited with return code 1
[2026-03-27T20:18:14.560+0000] {taskinstance.py:3503} INFO - 0 downstream tasks scheduled from follow-on schedule check
[2026-03-27T20:18:14.561+0000] {local_task_job_runner.py:222} INFO - ::endgroup::
