[2026-03-10T08:33:12.025+0000] {local_task_job_runner.py:120} INFO - ::group::Pre task execution logs
[2026-03-10T08:33:12.042+0000] {taskinstance.py:2076} INFO - Dependencies all met for dep_context=non-requeueable deps ti=<TaskInstance: transfer_from_minio_to_snowflake.copy scheduled__2026-03-10T08:32:00+00:00 [queued]>
[2026-03-10T08:33:12.046+0000] {taskinstance.py:2076} INFO - Dependencies all met for dep_context=requeueable deps ti=<TaskInstance: transfer_from_minio_to_snowflake.copy scheduled__2026-03-10T08:32:00+00:00 [queued]>
[2026-03-10T08:33:12.046+0000] {taskinstance.py:2306} INFO - Starting attempt 1 of 3
[2026-03-10T08:33:12.052+0000] {taskinstance.py:2330} INFO - Executing <Task(CopyFromExternalStageToSnowflakeOperator): copy> on 2026-03-10 08:32:00+00:00
[2026-03-10T08:33:12.063+0000] {logging_mixin.py:188} WARNING - /home/***/.local/lib/python3.12/site-packages/***/task/task_runner/standard_task_runner.py:62 DeprecationWarning: This process (pid=1944) is multi-threaded, use of fork() may lead to deadlocks in the child.
[2026-03-10T08:33:12.064+0000] {standard_task_runner.py:64} INFO - Started process 1956 to run task
[2026-03-10T08:33:12.062+0000] {standard_task_runner.py:90} INFO - Running: ['***', 'tasks', 'run', 'transfer_from_minio_to_snowflake', 'copy', 'scheduled__2026-03-10T08:32:00+00:00', '--job-id', '192', '--raw', '--subdir', 'DAGS_FOLDER/transfer.py', '--cfg-path', '/tmp/tmpv27vm_a8']
[2026-03-10T08:33:12.066+0000] {standard_task_runner.py:91} INFO - Job 192: Subtask copy
[2026-03-10T08:33:12.102+0000] {task_command.py:426} INFO - Running <TaskInstance: transfer_from_minio_to_snowflake.copy scheduled__2026-03-10T08:32:00+00:00 [running]> on host dd9947467187
[2026-03-10T08:33:12.278+0000] {taskinstance.py:2648} INFO - Exporting env vars: AIRFLOW_CTX_DAG_OWNER='***' AIRFLOW_CTX_DAG_ID='transfer_from_minio_to_snowflake' AIRFLOW_CTX_TASK_ID='copy' AIRFLOW_CTX_EXECUTION_DATE='2026-03-10T08:32:00+00:00' AIRFLOW_CTX_TRY_NUMBER='1' AIRFLOW_CTX_DAG_RUN_ID='scheduled__2026-03-10T08:32:00+00:00'
[2026-03-10T08:33:12.279+0000] {taskinstance.py:430} INFO - ::endgroup::
[2026-03-10T08:33:12.279+0000] {copy_into_snowflake.py:142} INFO - Executing COPY command...
[2026-03-10T08:33:12.285+0000] {base.py:84} INFO - Using connection ID 'warehouse_id' for task execution.
[2026-03-10T08:33:12.323+0000] {connection.py:613} INFO - Snowflake Connector for Python Version: 4.3.0, Python Version: 3.12.4, Platform: Linux-6.12.72-linuxkit-aarch64-with-glibc2.36
[2026-03-10T08:33:12.324+0000] {connection.py:1709} INFO - Connecting to GLOBAL Snowflake domain
[2026-03-10T08:33:13.129+0000] {sql.py:495} INFO - Running statement: COPY INTO RAW
             FROM  @incoming/
        
        
        FILE_FORMAT=(TYPE= 'JSON')
        ON_ERROR= 'continue', parameters: None
[2026-03-10T08:33:13.593+0000] {taskinstance.py:441} INFO - ::group::Post task execution logs
[2026-03-10T08:33:13.596+0000] {taskinstance.py:2905} ERROR - Task failed with exception
Traceback (most recent call last):
  File "/home/airflow/.local/lib/python3.12/site-packages/airflow/models/taskinstance.py", line 465, in _execute_task
    result = _execute_callable(context=context, **execute_callable_kwargs)
             ^^^^^^^^^^^^^^^^^^^^^^^^^^^^^^^^^^^^^^^^^^^^^^^^^^^^^^^^^^^^^
  File "/home/airflow/.local/lib/python3.12/site-packages/airflow/models/taskinstance.py", line 432, in _execute_callable
    return execute_callable(context=context, **execute_callable_kwargs)
           ^^^^^^^^^^^^^^^^^^^^^^^^^^^^^^^^^^^^^^^^^^^^^^^^^^^^^^^^^^^^
  File "/home/airflow/.local/lib/python3.12/site-packages/airflow/models/baseoperator.py", line 401, in wrapper
    return func(self, *args, **kwargs)
           ^^^^^^^^^^^^^^^^^^^^^^^^^^^
  File "/home/airflow/.local/lib/python3.12/site-packages/airflow/providers/snowflake/transfers/copy_into_snowflake.py", line 143, in execute
    self._result = self.hook.run(  # type: ignore # mypy does not work well with return_dictionaries=True
                   ^^^^^^^^^^^^^^^^^^^^^^^^^^^^^^^^^^^^^^^^^^^^^^^^^^^^^^^^^^^^^^^^^^^^^^^^^^^^^^^^^^^^^^
  File "/home/airflow/.local/lib/python3.12/site-packages/airflow/providers/snowflake/hooks/snowflake.py", line 410, in run
    self._run_command(cur, sql_statement, parameters)  # type: ignore[attr-defined]
    ^^^^^^^^^^^^^^^^^^^^^^^^^^^^^^^^^^^^^^^^^^^^^^^^^
  File "/home/airflow/.local/lib/python3.12/site-packages/airflow/providers/common/sql/hooks/sql.py", line 500, in _run_command
    cur.execute(sql_statement)
  File "/home/airflow/.local/lib/python3.12/site-packages/snowflake/connector/cursor.py", line 1144, in execute
    Error.errorhandler_wrapper(self.connection, self, error_class, errvalue)
  File "/home/airflow/.local/lib/python3.12/site-packages/snowflake/connector/errors.py", line 298, in errorhandler_wrapper
    handed_over = Error.hand_to_other_handler(
                  ^^^^^^^^^^^^^^^^^^^^^^^^^^^^
  File "/home/airflow/.local/lib/python3.12/site-packages/snowflake/connector/errors.py", line 354, in hand_to_other_handler
    cursor.errorhandler(connection, cursor, error_class, error_value)
  File "/home/airflow/.local/lib/python3.12/site-packages/snowflake/connector/errors.py", line 229, in default_errorhandler
    raise error_class(
snowflake.connector.errors.ProgrammingError: 002019 (0A000): 01c2ee41-3202-6cb7-0000-001490e69771: SQL compilation error:
JSON file format can produce one and only one column of type variant, object, or array. Load data into separate columns using the MATCH_BY_COLUMN_NAME copy option or copy with transformation.
[2026-03-10T08:33:13.617+0000] {taskinstance.py:1206} INFO - Marking task as UP_FOR_RETRY. dag_id=transfer_from_minio_to_snowflake, task_id=copy, run_id=scheduled__2026-03-10T08:32:00+00:00, execution_date=20260310T083200, start_date=20260310T083312, end_date=20260310T083313
[2026-03-10T08:33:13.628+0000] {standard_task_runner.py:110} ERROR - Failed to execute job 192 for task copy (002019 (0A000): 01c2ee41-3202-6cb7-0000-001490e69771: SQL compilation error:
JSON file format can produce one and only one column of type variant, object, or array. Load data into separate columns using the MATCH_BY_COLUMN_NAME copy option or copy with transformation.; 1956)
[2026-03-10T08:33:13.657+0000] {local_task_job_runner.py:243} INFO - Task exited with return code 1
[2026-03-10T08:33:13.676+0000] {taskinstance.py:3503} INFO - 0 downstream tasks scheduled from follow-on schedule check
[2026-03-10T08:33:13.678+0000] {local_task_job_runner.py:222} INFO - ::endgroup::
