[2026-03-29T02:18:54.480+0000] {local_task_job_runner.py:120} INFO - ::group::Pre task execution logs
[2026-03-29T02:18:54.494+0000] {taskinstance.py:2076} INFO - Dependencies all met for dep_context=non-requeueable deps ti=<TaskInstance: banking_01_bronze_layer.debug scheduled__2026-03-29T01:30:00+00:00 [queued]>
[2026-03-29T02:18:54.497+0000] {taskinstance.py:2076} INFO - Dependencies all met for dep_context=requeueable deps ti=<TaskInstance: banking_01_bronze_layer.debug scheduled__2026-03-29T01:30:00+00:00 [queued]>
[2026-03-29T02:18:54.497+0000] {taskinstance.py:2306} INFO - Starting attempt 1 of 2
[2026-03-29T02:18:54.503+0000] {taskinstance.py:2330} INFO - Executing <Task(BashOperator): debug> on 2026-03-29 01:30:00+00:00
[2026-03-29T02:18:54.505+0000] {standard_task_runner.py:64} INFO - Started process 15483 to run task
[2026-03-29T02:18:54.506+0000] {standard_task_runner.py:90} INFO - Running: ['***', 'tasks', 'run', 'banking_01_bronze_layer', 'debug', 'scheduled__2026-03-29T01:30:00+00:00', '--job-id', '7057', '--raw', '--subdir', 'DAGS_FOLDER/dbt.py', '--cfg-path', '/tmp/tmpun57xkwf']
[2026-03-29T02:18:54.507+0000] {standard_task_runner.py:91} INFO - Job 7057: Subtask debug
[2026-03-29T02:18:54.532+0000] {task_command.py:426} INFO - Running <TaskInstance: banking_01_bronze_layer.debug scheduled__2026-03-29T01:30:00+00:00 [running]> on host c990dffe13ae
[2026-03-29T02:18:54.573+0000] {taskinstance.py:2648} INFO - Exporting env vars: AIRFLOW_CTX_DAG_OWNER='risheek' AIRFLOW_CTX_DAG_ID='banking_01_bronze_layer' AIRFLOW_CTX_TASK_ID='debug' AIRFLOW_CTX_EXECUTION_DATE='2026-03-29T01:30:00+00:00' AIRFLOW_CTX_TRY_NUMBER='1' AIRFLOW_CTX_DAG_RUN_ID='scheduled__2026-03-29T01:30:00+00:00'
[2026-03-29T02:18:54.573+0000] {taskinstance.py:430} INFO - ::endgroup::
[2026-03-29T02:18:54.574+0000] {subprocess.py:78} INFO - Tmp dir root location: /tmp
[2026-03-29T02:18:54.574+0000] {subprocess.py:88} INFO - Running command: ['/usr/bin/bash', '-c', 'dbt debug --profiles-dir /opt/***/dbt/trans_snowf']
[2026-03-29T02:18:54.577+0000] {subprocess.py:99} INFO - Output:
[2026-03-29T02:18:55.724+0000] {subprocess.py:106} INFO - [0m02:18:55  Running with dbt=1.11.7
[2026-03-29T02:18:55.729+0000] {subprocess.py:106} INFO - [0m02:18:55  dbt version: 1.11.7
[2026-03-29T02:18:55.729+0000] {subprocess.py:106} INFO - [0m02:18:55  python version: 3.12.4
[2026-03-29T02:18:55.730+0000] {subprocess.py:106} INFO - [0m02:18:55  python path: /home/***/.local/bin/python
[2026-03-29T02:18:55.730+0000] {subprocess.py:106} INFO - [0m02:18:55  os info: Linux-6.12.76-linuxkit-aarch64-with-glibc2.36
[2026-03-29T02:18:56.095+0000] {subprocess.py:106} INFO - [0m02:18:56  Using profiles dir at /opt/***/dbt/trans_snowf
[2026-03-29T02:18:56.096+0000] {subprocess.py:106} INFO - [0m02:18:56  Using profiles.yml file at /opt/***/dbt/trans_snowf/profiles.yml
[2026-03-29T02:18:56.096+0000] {subprocess.py:106} INFO - [0m02:18:56  Using dbt_project.yml file at /opt/***/dbt/trans_snowf/dbt_project.yml
[2026-03-29T02:18:56.097+0000] {subprocess.py:106} INFO - [0m02:18:56  adapter type: snowflake
[2026-03-29T02:18:56.097+0000] {subprocess.py:106} INFO - [0m02:18:56  adapter version: 1.11.3
[2026-03-29T02:18:56.147+0000] {subprocess.py:106} INFO - [0m02:18:56  Configuration:
[2026-03-29T02:18:56.147+0000] {subprocess.py:106} INFO - [0m02:18:56    profiles.yml file [[32mOK found and valid[0m]
[2026-03-29T02:18:56.148+0000] {subprocess.py:106} INFO - [0m02:18:56    dbt_project.yml file [[32mOK found and valid[0m]
[2026-03-29T02:18:56.148+0000] {subprocess.py:106} INFO - [0m02:18:56  Required dependencies:
[2026-03-29T02:18:56.149+0000] {subprocess.py:106} INFO - [0m02:18:56   - git [[31mERROR[0m]
[2026-03-29T02:18:56.149+0000] {subprocess.py:106} INFO - 
[2026-03-29T02:18:56.149+0000] {subprocess.py:106} INFO - [0m02:18:56  Connection:
[2026-03-29T02:18:56.150+0000] {subprocess.py:106} INFO - [0m02:18:56    account: BBMCDSP-CT02489
[2026-03-29T02:18:56.150+0000] {subprocess.py:106} INFO - [0m02:18:56    user: user123
[2026-03-29T02:18:56.150+0000] {subprocess.py:106} INFO - [0m02:18:56    database: BANKING
[2026-03-29T02:18:56.151+0000] {subprocess.py:106} INFO - [0m02:18:56    warehouse: COMPUTE_WH
[2026-03-29T02:18:56.151+0000] {subprocess.py:106} INFO - [0m02:18:56    role: dbtadmin
[2026-03-29T02:18:56.151+0000] {subprocess.py:106} INFO - [0m02:18:56    schema: PUBLIC
[2026-03-29T02:18:56.152+0000] {subprocess.py:106} INFO - [0m02:18:56    authenticator: None
[2026-03-29T02:18:56.152+0000] {subprocess.py:106} INFO - [0m02:18:56    oauth_client_id: None
[2026-03-29T02:18:56.152+0000] {subprocess.py:106} INFO - [0m02:18:56    query_tag: None
[2026-03-29T02:18:56.153+0000] {subprocess.py:106} INFO - [0m02:18:56    client_session_keep_alive: False
[2026-03-29T02:18:56.153+0000] {subprocess.py:106} INFO - [0m02:18:56    host: None
[2026-03-29T02:18:56.153+0000] {subprocess.py:106} INFO - [0m02:18:56    port: None
[2026-03-29T02:18:56.154+0000] {subprocess.py:106} INFO - [0m02:18:56    proxy_host: None
[2026-03-29T02:18:56.154+0000] {subprocess.py:106} INFO - [0m02:18:56    proxy_port: None
[2026-03-29T02:18:56.154+0000] {subprocess.py:106} INFO - [0m02:18:56    protocol: None
[2026-03-29T02:18:56.155+0000] {subprocess.py:106} INFO - [0m02:18:56    connect_retries: 1
[2026-03-29T02:18:56.155+0000] {subprocess.py:106} INFO - [0m02:18:56    connect_timeout: None
[2026-03-29T02:18:56.155+0000] {subprocess.py:106} INFO - [0m02:18:56    retry_on_database_errors: False
[2026-03-29T02:18:56.155+0000] {subprocess.py:106} INFO - [0m02:18:56    retry_all: False
[2026-03-29T02:18:56.156+0000] {subprocess.py:106} INFO - [0m02:18:56    insecure_mode: False
[2026-03-29T02:18:56.156+0000] {subprocess.py:106} INFO - [0m02:18:56    reuse_connections: True
[2026-03-29T02:18:56.156+0000] {subprocess.py:106} INFO - [0m02:18:56    s3_stage_vpce_dns_name: None
[2026-03-29T02:18:56.157+0000] {subprocess.py:106} INFO - [0m02:18:56    platform_detection_timeout_seconds: 0.0
[2026-03-29T02:18:56.157+0000] {subprocess.py:106} INFO - [0m02:18:56  Registered adapter: snowflake=1.11.3
[2026-03-29T02:18:56.940+0000] {subprocess.py:106} INFO - [0m02:18:56    Connection test: [[32mOK connection ok[0m]
[2026-03-29T02:18:56.941+0000] {subprocess.py:106} INFO - 
[2026-03-29T02:18:56.942+0000] {subprocess.py:106} INFO - [0m02:18:56  [31m1 check failed:[0m
[2026-03-29T02:18:56.943+0000] {subprocess.py:106} INFO - [0m02:18:56  Error from git --help: Could not find command, ensure it is in the user's PATH: "git"
[2026-03-29T02:18:56.943+0000] {subprocess.py:106} INFO - 
[2026-03-29T02:18:58.808+0000] {subprocess.py:110} INFO - Command exited with return code 1
[2026-03-29T02:18:58.809+0000] {taskinstance.py:441} INFO - ::group::Post task execution logs
[2026-03-29T02:18:58.816+0000] {taskinstance.py:2905} ERROR - Task failed with exception
Traceback (most recent call last):
  File "/home/airflow/.local/lib/python3.12/site-packages/airflow/models/taskinstance.py", line 465, in _execute_task
    result = _execute_callable(context=context, **execute_callable_kwargs)
             ^^^^^^^^^^^^^^^^^^^^^^^^^^^^^^^^^^^^^^^^^^^^^^^^^^^^^^^^^^^^^
  File "/home/airflow/.local/lib/python3.12/site-packages/airflow/models/taskinstance.py", line 432, in _execute_callable
    return execute_callable(context=context, **execute_callable_kwargs)
           ^^^^^^^^^^^^^^^^^^^^^^^^^^^^^^^^^^^^^^^^^^^^^^^^^^^^^^^^^^^^
  File "/home/airflow/.local/lib/python3.12/site-packages/airflow/models/baseoperator.py", line 401, in wrapper
    return func(self, *args, **kwargs)
           ^^^^^^^^^^^^^^^^^^^^^^^^^^^
  File "/home/airflow/.local/lib/python3.12/site-packages/airflow/providers/standard/operators/bash.py", line 233, in execute
    raise AirflowException(
airflow.exceptions.AirflowException: Bash command failed. The command returned a non-zero exit code 1.
[2026-03-29T02:18:58.819+0000] {taskinstance.py:1206} INFO - Marking task as UP_FOR_RETRY. dag_id=banking_01_bronze_layer, task_id=debug, run_id=scheduled__2026-03-29T01:30:00+00:00, execution_date=20260329T013000, start_date=20260329T021854, end_date=20260329T021858
[2026-03-29T02:18:58.825+0000] {standard_task_runner.py:110} ERROR - Failed to execute job 7057 for task debug (Bash command failed. The command returned a non-zero exit code 1.; 15483)
[2026-03-29T02:18:58.852+0000] {local_task_job_runner.py:243} INFO - Task exited with return code 1
[2026-03-29T02:18:58.865+0000] {taskinstance.py:3503} INFO - 0 downstream tasks scheduled from follow-on schedule check
[2026-03-29T02:18:58.866+0000] {local_task_job_runner.py:222} INFO - ::endgroup::
