[2026-03-29T12:35:09.299+0000] {local_task_job_runner.py:120} INFO - ::group::Pre task execution logs
[2026-03-29T12:35:09.314+0000] {taskinstance.py:2076} INFO - Dependencies all met for dep_context=non-requeueable deps ti=<TaskInstance: banking_01_bronze_layer.debug scheduled__2026-03-29T12:00:00+00:00 [queued]>
[2026-03-29T12:35:09.317+0000] {taskinstance.py:2076} INFO - Dependencies all met for dep_context=requeueable deps ti=<TaskInstance: banking_01_bronze_layer.debug scheduled__2026-03-29T12:00:00+00:00 [queued]>
[2026-03-29T12:35:09.317+0000] {taskinstance.py:2306} INFO - Starting attempt 2 of 2
[2026-03-29T12:35:09.323+0000] {taskinstance.py:2330} INFO - Executing <Task(BashOperator): debug> on 2026-03-29 12:00:00+00:00
[2026-03-29T12:35:09.326+0000] {standard_task_runner.py:64} INFO - Started process 1906 to run task
[2026-03-29T12:35:09.327+0000] {standard_task_runner.py:90} INFO - Running: ['***', 'tasks', 'run', 'banking_01_bronze_layer', 'debug', 'scheduled__2026-03-29T12:00:00+00:00', '--job-id', '7239', '--raw', '--subdir', 'DAGS_FOLDER/dbt.py', '--cfg-path', '/tmp/tmprm636bpv']
[2026-03-29T12:35:09.329+0000] {standard_task_runner.py:91} INFO - Job 7239: Subtask debug
[2026-03-29T12:35:09.359+0000] {task_command.py:426} INFO - Running <TaskInstance: banking_01_bronze_layer.debug scheduled__2026-03-29T12:00:00+00:00 [running]> on host c990dffe13ae
[2026-03-29T12:35:09.406+0000] {taskinstance.py:2648} INFO - Exporting env vars: AIRFLOW_CTX_DAG_OWNER='risheek' AIRFLOW_CTX_DAG_ID='banking_01_bronze_layer' AIRFLOW_CTX_TASK_ID='debug' AIRFLOW_CTX_EXECUTION_DATE='2026-03-29T12:00:00+00:00' AIRFLOW_CTX_TRY_NUMBER='2' AIRFLOW_CTX_DAG_RUN_ID='scheduled__2026-03-29T12:00:00+00:00'
[2026-03-29T12:35:09.407+0000] {taskinstance.py:430} INFO - ::endgroup::
[2026-03-29T12:35:09.407+0000] {subprocess.py:78} INFO - Tmp dir root location: /tmp
[2026-03-29T12:35:09.407+0000] {subprocess.py:88} INFO - Running command: ['/usr/bin/bash', '-c', 'dbt debug --profiles-dir /opt/***/dbt/trans_snowf']
[2026-03-29T12:35:09.411+0000] {subprocess.py:99} INFO - Output:
[2026-03-29T12:35:10.619+0000] {subprocess.py:106} INFO - [0m12:35:10  Running with dbt=1.11.7
[2026-03-29T12:35:10.625+0000] {subprocess.py:106} INFO - [0m12:35:10  dbt version: 1.11.7
[2026-03-29T12:35:10.626+0000] {subprocess.py:106} INFO - [0m12:35:10  python version: 3.12.4
[2026-03-29T12:35:10.626+0000] {subprocess.py:106} INFO - [0m12:35:10  python path: /home/***/.local/bin/python
[2026-03-29T12:35:10.626+0000] {subprocess.py:106} INFO - [0m12:35:10  os info: Linux-6.12.76-linuxkit-aarch64-with-glibc2.36
[2026-03-29T12:35:11.027+0000] {subprocess.py:106} INFO - [0m12:35:11  Using profiles dir at /opt/***/dbt/trans_snowf
[2026-03-29T12:35:11.028+0000] {subprocess.py:106} INFO - [0m12:35:11  Using profiles.yml file at /opt/***/dbt/trans_snowf/profiles.yml
[2026-03-29T12:35:11.028+0000] {subprocess.py:106} INFO - [0m12:35:11  Using dbt_project.yml file at /opt/***/dbt/trans_snowf/dbt_project.yml
[2026-03-29T12:35:11.029+0000] {subprocess.py:106} INFO - [0m12:35:11  adapter type: snowflake
[2026-03-29T12:35:11.029+0000] {subprocess.py:106} INFO - [0m12:35:11  adapter version: 1.11.3
[2026-03-29T12:35:11.082+0000] {subprocess.py:106} INFO - [0m12:35:11  Configuration:
[2026-03-29T12:35:11.083+0000] {subprocess.py:106} INFO - [0m12:35:11    profiles.yml file [[32mOK found and valid[0m]
[2026-03-29T12:35:11.083+0000] {subprocess.py:106} INFO - [0m12:35:11    dbt_project.yml file [[32mOK found and valid[0m]
[2026-03-29T12:35:11.083+0000] {subprocess.py:106} INFO - [0m12:35:11  Required dependencies:
[2026-03-29T12:35:11.084+0000] {subprocess.py:106} INFO - [0m12:35:11   - git [[31mERROR[0m]
[2026-03-29T12:35:11.084+0000] {subprocess.py:106} INFO - 
[2026-03-29T12:35:11.085+0000] {subprocess.py:106} INFO - [0m12:35:11  Connection:
[2026-03-29T12:35:11.085+0000] {subprocess.py:106} INFO - [0m12:35:11    account: BBMCDSP-CT02489
[2026-03-29T12:35:11.085+0000] {subprocess.py:106} INFO - [0m12:35:11    user: user123
[2026-03-29T12:35:11.086+0000] {subprocess.py:106} INFO - [0m12:35:11    database: BANKING
[2026-03-29T12:35:11.086+0000] {subprocess.py:106} INFO - [0m12:35:11    warehouse: COMPUTE_WH
[2026-03-29T12:35:11.086+0000] {subprocess.py:106} INFO - [0m12:35:11    role: dbtadmin
[2026-03-29T12:35:11.087+0000] {subprocess.py:106} INFO - [0m12:35:11    schema: PUBLIC
[2026-03-29T12:35:11.087+0000] {subprocess.py:106} INFO - [0m12:35:11    authenticator: None
[2026-03-29T12:35:11.087+0000] {subprocess.py:106} INFO - [0m12:35:11    oauth_client_id: None
[2026-03-29T12:35:11.088+0000] {subprocess.py:106} INFO - [0m12:35:11    query_tag: None
[2026-03-29T12:35:11.088+0000] {subprocess.py:106} INFO - [0m12:35:11    client_session_keep_alive: False
[2026-03-29T12:35:11.088+0000] {subprocess.py:106} INFO - [0m12:35:11    host: None
[2026-03-29T12:35:11.089+0000] {subprocess.py:106} INFO - [0m12:35:11    port: None
[2026-03-29T12:35:11.089+0000] {subprocess.py:106} INFO - [0m12:35:11    proxy_host: None
[2026-03-29T12:35:11.089+0000] {subprocess.py:106} INFO - [0m12:35:11    proxy_port: None
[2026-03-29T12:35:11.090+0000] {subprocess.py:106} INFO - [0m12:35:11    protocol: None
[2026-03-29T12:35:11.090+0000] {subprocess.py:106} INFO - [0m12:35:11    connect_retries: 1
[2026-03-29T12:35:11.090+0000] {subprocess.py:106} INFO - [0m12:35:11    connect_timeout: None
[2026-03-29T12:35:11.090+0000] {subprocess.py:106} INFO - [0m12:35:11    retry_on_database_errors: False
[2026-03-29T12:35:11.091+0000] {subprocess.py:106} INFO - [0m12:35:11    retry_all: False
[2026-03-29T12:35:11.091+0000] {subprocess.py:106} INFO - [0m12:35:11    insecure_mode: False
[2026-03-29T12:35:11.092+0000] {subprocess.py:106} INFO - [0m12:35:11    reuse_connections: True
[2026-03-29T12:35:11.092+0000] {subprocess.py:106} INFO - [0m12:35:11    s3_stage_vpce_dns_name: None
[2026-03-29T12:35:11.092+0000] {subprocess.py:106} INFO - [0m12:35:11    platform_detection_timeout_seconds: 0.0
[2026-03-29T12:35:11.093+0000] {subprocess.py:106} INFO - [0m12:35:11  Registered adapter: snowflake=1.11.3
[2026-03-29T12:35:12.088+0000] {subprocess.py:106} INFO - [0m12:35:12    Connection test: [[32mOK connection ok[0m]
[2026-03-29T12:35:12.089+0000] {subprocess.py:106} INFO - 
[2026-03-29T12:35:12.090+0000] {subprocess.py:106} INFO - [0m12:35:12  [31m1 check failed:[0m
[2026-03-29T12:35:12.091+0000] {subprocess.py:106} INFO - [0m12:35:12  Error from git --help: Could not find command, ensure it is in the user's PATH: "git"
[2026-03-29T12:35:12.091+0000] {subprocess.py:106} INFO - 
[2026-03-29T12:35:14.272+0000] {subprocess.py:110} INFO - Command exited with return code 1
[2026-03-29T12:35:14.273+0000] {taskinstance.py:441} INFO - ::group::Post task execution logs
[2026-03-29T12:35:14.283+0000] {taskinstance.py:2905} ERROR - Task failed with exception
Traceback (most recent call last):
  File "/home/airflow/.local/lib/python3.12/site-packages/airflow/models/taskinstance.py", line 465, in _execute_task
    result = _execute_callable(context=context, **execute_callable_kwargs)
             ^^^^^^^^^^^^^^^^^^^^^^^^^^^^^^^^^^^^^^^^^^^^^^^^^^^^^^^^^^^^^
  File "/home/airflow/.local/lib/python3.12/site-packages/airflow/models/taskinstance.py", line 432, in _execute_callable
    return execute_callable(context=context, **execute_callable_kwargs)
           ^^^^^^^^^^^^^^^^^^^^^^^^^^^^^^^^^^^^^^^^^^^^^^^^^^^^^^^^^^^^
  File "/home/airflow/.local/lib/python3.12/site-packages/airflow/models/baseoperator.py", line 401, in wrapper
    return func(self, *args, **kwargs)
           ^^^^^^^^^^^^^^^^^^^^^^^^^^^
  File "/home/airflow/.local/lib/python3.12/site-packages/airflow/providers/standard/operators/bash.py", line 233, in execute
    raise AirflowException(
airflow.exceptions.AirflowException: Bash command failed. The command returned a non-zero exit code 1.
[2026-03-29T12:35:14.285+0000] {taskinstance.py:1206} INFO - Marking task as FAILED. dag_id=banking_01_bronze_layer, task_id=debug, run_id=scheduled__2026-03-29T12:00:00+00:00, execution_date=20260329T120000, start_date=20260329T123509, end_date=20260329T123514
[2026-03-29T12:35:14.296+0000] {standard_task_runner.py:110} ERROR - Failed to execute job 7239 for task debug (Bash command failed. The command returned a non-zero exit code 1.; 1906)
[2026-03-29T12:35:14.322+0000] {local_task_job_runner.py:243} INFO - Task exited with return code 1
[2026-03-29T12:35:14.335+0000] {taskinstance.py:3503} INFO - 0 downstream tasks scheduled from follow-on schedule check
[2026-03-29T12:35:14.335+0000] {local_task_job_runner.py:222} INFO - ::endgroup::
