[2026-03-28T03:45:08.060+0000] {local_task_job_runner.py:120} INFO - ::group::Pre task execution logs
[2026-03-28T03:45:08.075+0000] {taskinstance.py:2076} INFO - Dependencies all met for dep_context=non-requeueable deps ti=<TaskInstance: banking_01_bronze_layer.build_bronze_cust scheduled__2026-03-28T03:00:00+00:00 [queued]>
[2026-03-28T03:45:08.079+0000] {taskinstance.py:2076} INFO - Dependencies all met for dep_context=requeueable deps ti=<TaskInstance: banking_01_bronze_layer.build_bronze_cust scheduled__2026-03-28T03:00:00+00:00 [queued]>
[2026-03-28T03:45:08.079+0000] {taskinstance.py:2306} INFO - Starting attempt 2 of 2
[2026-03-28T03:45:08.085+0000] {taskinstance.py:2330} INFO - Executing <Task(BashOperator): build_bronze_cust> on 2026-03-28 03:00:00+00:00
[2026-03-28T03:45:08.088+0000] {standard_task_runner.py:64} INFO - Started process 46676 to run task
[2026-03-28T03:45:08.090+0000] {standard_task_runner.py:90} INFO - Running: ['***', 'tasks', 'run', 'banking_01_bronze_layer', 'build_bronze_cust', 'scheduled__2026-03-28T03:00:00+00:00', '--job-id', '5844', '--raw', '--subdir', 'DAGS_FOLDER/dbt.py', '--cfg-path', '/tmp/tmpkv6d0lqp']
[2026-03-28T03:45:08.092+0000] {standard_task_runner.py:91} INFO - Job 5844: Subtask build_bronze_cust
[2026-03-28T03:45:08.118+0000] {task_command.py:426} INFO - Running <TaskInstance: banking_01_bronze_layer.build_bronze_cust scheduled__2026-03-28T03:00:00+00:00 [running]> on host c990dffe13ae
[2026-03-28T03:45:08.160+0000] {taskinstance.py:2648} INFO - Exporting env vars: AIRFLOW_CTX_DAG_OWNER='risheek' AIRFLOW_CTX_DAG_ID='banking_01_bronze_layer' AIRFLOW_CTX_TASK_ID='build_bronze_cust' AIRFLOW_CTX_EXECUTION_DATE='2026-03-28T03:00:00+00:00' AIRFLOW_CTX_TRY_NUMBER='2' AIRFLOW_CTX_DAG_RUN_ID='scheduled__2026-03-28T03:00:00+00:00'
[2026-03-28T03:45:08.160+0000] {taskinstance.py:430} INFO - ::endgroup::
[2026-03-28T03:45:08.161+0000] {subprocess.py:78} INFO - Tmp dir root location: /tmp
[2026-03-28T03:45:08.161+0000] {subprocess.py:88} INFO - Running command: ['/usr/bin/bash', '-c', 'dbt build --select bronze_cust']
[2026-03-28T03:45:08.166+0000] {subprocess.py:99} INFO - Output:
[2026-03-28T03:45:09.425+0000] {subprocess.py:106} INFO - [0m03:45:09  Running with dbt=1.11.7
[2026-03-28T03:45:09.955+0000] {subprocess.py:106} INFO - [0m03:45:09  Registered adapter: snowflake=1.11.3
[2026-03-28T03:45:10.094+0000] {subprocess.py:106} INFO - [0m03:45:10  [[33mWARNING[0m]: Configuration paths exist in your dbt_project.yml file which do not apply to any resources.
[2026-03-28T03:45:10.095+0000] {subprocess.py:106} INFO - There are 1 unused configuration paths:
[2026-03-28T03:45:10.095+0000] {subprocess.py:106} INFO - - models.trans_snowf.example
[2026-03-28T03:45:10.202+0000] {subprocess.py:106} INFO - [0m03:45:10  Found 14 models, 3 sources, 522 macros
[2026-03-28T03:45:10.204+0000] {subprocess.py:106} INFO - [0m03:45:10
[2026-03-28T03:45:10.204+0000] {subprocess.py:106} INFO - [0m03:45:10  Concurrency: 1 threads (target='dev')
[2026-03-28T03:45:10.205+0000] {subprocess.py:106} INFO - [0m03:45:10
[2026-03-28T03:45:11.329+0000] {subprocess.py:106} INFO - [0m03:45:11
[2026-03-28T03:45:11.330+0000] {subprocess.py:106} INFO - [0m03:45:11  Finished running  in 0 hours 0 minutes and 1.12 seconds (1.12s).
[2026-03-28T03:45:11.332+0000] {subprocess.py:106} INFO - [0m03:45:11  Encountered an error:
[2026-03-28T03:45:11.332+0000] {subprocess.py:106} INFO - Database Error
[2026-03-28T03:45:11.333+0000] {subprocess.py:106} INFO -   003001 (42501): SQL access control error:
[2026-03-28T03:45:11.333+0000] {subprocess.py:106} INFO -   Insufficient privileges to operate on database 'BANKING'.
[2026-03-28T03:45:12.988+0000] {subprocess.py:110} INFO - Command exited with return code 2
[2026-03-28T03:45:12.990+0000] {taskinstance.py:441} INFO - ::group::Post task execution logs
[2026-03-28T03:45:13.024+0000] {taskinstance.py:2905} ERROR - Task failed with exception
Traceback (most recent call last):
  File "/home/airflow/.local/lib/python3.12/site-packages/airflow/models/taskinstance.py", line 465, in _execute_task
    result = _execute_callable(context=context, **execute_callable_kwargs)
             ^^^^^^^^^^^^^^^^^^^^^^^^^^^^^^^^^^^^^^^^^^^^^^^^^^^^^^^^^^^^^
  File "/home/airflow/.local/lib/python3.12/site-packages/airflow/models/taskinstance.py", line 432, in _execute_callable
    return execute_callable(context=context, **execute_callable_kwargs)
           ^^^^^^^^^^^^^^^^^^^^^^^^^^^^^^^^^^^^^^^^^^^^^^^^^^^^^^^^^^^^
  File "/home/airflow/.local/lib/python3.12/site-packages/airflow/models/baseoperator.py", line 401, in wrapper
    return func(self, *args, **kwargs)
           ^^^^^^^^^^^^^^^^^^^^^^^^^^^
  File "/home/airflow/.local/lib/python3.12/site-packages/airflow/providers/standard/operators/bash.py", line 233, in execute
    raise AirflowException(
airflow.exceptions.AirflowException: Bash command failed. The command returned a non-zero exit code 2.
[2026-03-28T03:45:13.031+0000] {taskinstance.py:1206} INFO - Marking task as FAILED. dag_id=banking_01_bronze_layer, task_id=build_bronze_cust, run_id=scheduled__2026-03-28T03:00:00+00:00, execution_date=20260328T030000, start_date=20260328T034508, end_date=20260328T034513
[2026-03-28T03:45:13.050+0000] {standard_task_runner.py:110} ERROR - Failed to execute job 5844 for task build_bronze_cust (Bash command failed. The command returned a non-zero exit code 2.; 46676)
[2026-03-28T03:45:13.082+0000] {local_task_job_runner.py:243} INFO - Task exited with return code 1
[2026-03-28T03:45:13.110+0000] {taskinstance.py:3503} INFO - 0 downstream tasks scheduled from follow-on schedule check
[2026-03-28T03:45:13.111+0000] {local_task_job_runner.py:222} INFO - ::endgroup::
