[2026-03-28T08:56:00.607+0000] {local_task_job_runner.py:120} INFO - ::group::Pre task execution logs
[2026-03-28T08:56:00.622+0000] {taskinstance.py:2076} INFO - Dependencies all met for dep_context=non-requeueable deps ti=<TaskInstance: banking_01_bronze_layer.build_bronze_trans scheduled__2026-03-28T06:00:00+00:00 [queued]>
[2026-03-28T08:56:00.626+0000] {taskinstance.py:2076} INFO - Dependencies all met for dep_context=requeueable deps ti=<TaskInstance: banking_01_bronze_layer.build_bronze_trans scheduled__2026-03-28T06:00:00+00:00 [queued]>
[2026-03-28T08:56:00.626+0000] {taskinstance.py:2306} INFO - Starting attempt 1 of 2
[2026-03-28T08:56:00.631+0000] {taskinstance.py:2330} INFO - Executing <Task(BashOperator): build_bronze_trans> on 2026-03-28 06:00:00+00:00
[2026-03-28T08:56:00.637+0000] {standard_task_runner.py:64} INFO - Started process 55558 to run task
[2026-03-28T08:56:00.638+0000] {standard_task_runner.py:90} INFO - Running: ['***', 'tasks', 'run', 'banking_01_bronze_layer', 'build_bronze_trans', 'scheduled__2026-03-28T06:00:00+00:00', '--job-id', '6298', '--raw', '--subdir', 'DAGS_FOLDER/dbt.py', '--cfg-path', '/tmp/tmppxownjuh']
[2026-03-28T08:56:00.639+0000] {standard_task_runner.py:91} INFO - Job 6298: Subtask build_bronze_trans
[2026-03-28T08:56:00.664+0000] {task_command.py:426} INFO - Running <TaskInstance: banking_01_bronze_layer.build_bronze_trans scheduled__2026-03-28T06:00:00+00:00 [running]> on host c990dffe13ae
[2026-03-28T08:56:00.706+0000] {taskinstance.py:2648} INFO - Exporting env vars: AIRFLOW_CTX_DAG_OWNER='risheek' AIRFLOW_CTX_DAG_ID='banking_01_bronze_layer' AIRFLOW_CTX_TASK_ID='build_bronze_trans' AIRFLOW_CTX_EXECUTION_DATE='2026-03-28T06:00:00+00:00' AIRFLOW_CTX_TRY_NUMBER='1' AIRFLOW_CTX_DAG_RUN_ID='scheduled__2026-03-28T06:00:00+00:00'
[2026-03-28T08:56:00.707+0000] {taskinstance.py:430} INFO - ::endgroup::
[2026-03-28T08:56:00.707+0000] {subprocess.py:78} INFO - Tmp dir root location: /tmp
[2026-03-28T08:56:00.708+0000] {subprocess.py:88} INFO - Running command: ['/usr/bin/bash', '-c', 'dbt build --select bronze_trans']
[2026-03-28T08:56:00.715+0000] {subprocess.py:99} INFO - Output:
[2026-03-28T08:56:02.024+0000] {subprocess.py:106} INFO - [0m08:56:02  Running with dbt=1.11.7
[2026-03-28T08:56:02.730+0000] {subprocess.py:106} INFO - [0m08:56:02  Registered adapter: snowflake=1.11.3
[2026-03-28T08:56:02.976+0000] {subprocess.py:106} INFO - [0m08:56:02  [[33mWARNING[0m]: Configuration paths exist in your dbt_project.yml file which do not apply to any resources.
[2026-03-28T08:56:02.977+0000] {subprocess.py:106} INFO - There are 1 unused configuration paths:
[2026-03-28T08:56:02.981+0000] {subprocess.py:106} INFO - - models.trans_snowf.example
[2026-03-28T08:56:03.102+0000] {subprocess.py:106} INFO - [0m08:56:03  Found 14 models, 3 sources, 522 macros
[2026-03-28T08:56:03.103+0000] {subprocess.py:106} INFO - [0m08:56:03
[2026-03-28T08:56:03.104+0000] {subprocess.py:106} INFO - [0m08:56:03  Concurrency: 1 threads (target='dev')
[2026-03-28T08:56:03.104+0000] {subprocess.py:106} INFO - [0m08:56:03
[2026-03-28T08:56:03.946+0000] {subprocess.py:106} INFO - [0m08:56:03
[2026-03-28T08:56:03.955+0000] {subprocess.py:106} INFO - [0m08:56:03  Finished running  in 0 hours 0 minutes and 0.84 seconds (0.84s).
[2026-03-28T08:56:03.955+0000] {subprocess.py:106} INFO - [0m08:56:03  Encountered an error:
[2026-03-28T08:56:03.956+0000] {subprocess.py:106} INFO - Runtime Error
[2026-03-28T08:56:03.956+0000] {subprocess.py:106} INFO -   Database error while listing schemas in database "BANKING"
[2026-03-28T08:56:03.957+0000] {subprocess.py:106} INFO -   Database Error
[2026-03-28T08:56:03.957+0000] {subprocess.py:106} INFO -     250001 (08001): Failed to connect to DB: BBMCDSP-CT02489.snowflakecomputing.com:443. JWT token is invalid. [3d1a09e3-e1a8-4687-a61a-4e18df2122ad]
[2026-03-28T08:56:06.436+0000] {subprocess.py:110} INFO - Command exited with return code 2
[2026-03-28T08:56:06.442+0000] {taskinstance.py:441} INFO - ::group::Post task execution logs
[2026-03-28T08:56:06.468+0000] {taskinstance.py:2905} ERROR - Task failed with exception
Traceback (most recent call last):
  File "/home/airflow/.local/lib/python3.12/site-packages/airflow/models/taskinstance.py", line 465, in _execute_task
    result = _execute_callable(context=context, **execute_callable_kwargs)
             ^^^^^^^^^^^^^^^^^^^^^^^^^^^^^^^^^^^^^^^^^^^^^^^^^^^^^^^^^^^^^
  File "/home/airflow/.local/lib/python3.12/site-packages/airflow/models/taskinstance.py", line 432, in _execute_callable
    return execute_callable(context=context, **execute_callable_kwargs)
           ^^^^^^^^^^^^^^^^^^^^^^^^^^^^^^^^^^^^^^^^^^^^^^^^^^^^^^^^^^^^
  File "/home/airflow/.local/lib/python3.12/site-packages/airflow/models/baseoperator.py", line 401, in wrapper
    return func(self, *args, **kwargs)
           ^^^^^^^^^^^^^^^^^^^^^^^^^^^
  File "/home/airflow/.local/lib/python3.12/site-packages/airflow/providers/standard/operators/bash.py", line 233, in execute
    raise AirflowException(
airflow.exceptions.AirflowException: Bash command failed. The command returned a non-zero exit code 2.
[2026-03-28T08:56:06.473+0000] {taskinstance.py:1206} INFO - Marking task as UP_FOR_RETRY. dag_id=banking_01_bronze_layer, task_id=build_bronze_trans, run_id=scheduled__2026-03-28T06:00:00+00:00, execution_date=20260328T060000, start_date=20260328T085600, end_date=20260328T085606
[2026-03-28T08:56:06.486+0000] {standard_task_runner.py:110} ERROR - Failed to execute job 6298 for task build_bronze_trans (Bash command failed. The command returned a non-zero exit code 2.; 55558)
[2026-03-28T08:56:06.497+0000] {local_task_job_runner.py:243} INFO - Task exited with return code 1
[2026-03-28T08:56:06.518+0000] {taskinstance.py:3503} INFO - 0 downstream tasks scheduled from follow-on schedule check
[2026-03-28T08:56:06.518+0000] {local_task_job_runner.py:222} INFO - ::endgroup::
