[2026-03-28T09:53:23.319+0000] {local_task_job_runner.py:120} INFO - ::group::Pre task execution logs
[2026-03-28T09:53:23.346+0000] {taskinstance.py:2076} INFO - Dependencies all met for dep_context=non-requeueable deps ti=<TaskInstance: banking_01_bronze_layer.build_bronze_trans scheduled__2026-03-28T05:00:00+00:00 [queued]>
[2026-03-28T09:53:23.360+0000] {taskinstance.py:2076} INFO - Dependencies all met for dep_context=requeueable deps ti=<TaskInstance: banking_01_bronze_layer.build_bronze_trans scheduled__2026-03-28T05:00:00+00:00 [queued]>
[2026-03-28T09:53:23.360+0000] {taskinstance.py:2306} INFO - Starting attempt 2 of 2
[2026-03-28T09:53:23.371+0000] {taskinstance.py:2330} INFO - Executing <Task(BashOperator): build_bronze_trans> on 2026-03-28 05:00:00+00:00
[2026-03-28T09:53:23.380+0000] {standard_task_runner.py:64} INFO - Started process 56138 to run task
[2026-03-28T09:53:23.381+0000] {standard_task_runner.py:90} INFO - Running: ['***', 'tasks', 'run', 'banking_01_bronze_layer', 'build_bronze_trans', 'scheduled__2026-03-28T05:00:00+00:00', '--job-id', '6327', '--raw', '--subdir', 'DAGS_FOLDER/dbt.py', '--cfg-path', '/tmp/tmplw5tk8lo']
[2026-03-28T09:53:23.383+0000] {standard_task_runner.py:91} INFO - Job 6327: Subtask build_bronze_trans
[2026-03-28T09:53:23.433+0000] {task_command.py:426} INFO - Running <TaskInstance: banking_01_bronze_layer.build_bronze_trans scheduled__2026-03-28T05:00:00+00:00 [running]> on host c990dffe13ae
[2026-03-28T09:53:23.534+0000] {taskinstance.py:2648} INFO - Exporting env vars: AIRFLOW_CTX_DAG_OWNER='risheek' AIRFLOW_CTX_DAG_ID='banking_01_bronze_layer' AIRFLOW_CTX_TASK_ID='build_bronze_trans' AIRFLOW_CTX_EXECUTION_DATE='2026-03-28T05:00:00+00:00' AIRFLOW_CTX_TRY_NUMBER='2' AIRFLOW_CTX_DAG_RUN_ID='scheduled__2026-03-28T05:00:00+00:00'
[2026-03-28T09:53:23.535+0000] {taskinstance.py:430} INFO - ::endgroup::
[2026-03-28T09:53:23.536+0000] {subprocess.py:78} INFO - Tmp dir root location: /tmp
[2026-03-28T09:53:23.538+0000] {subprocess.py:88} INFO - Running command: ['/usr/bin/bash', '-c', 'dbt build --select bronze_trans']
[2026-03-28T09:53:23.545+0000] {subprocess.py:99} INFO - Output:
[2026-03-28T09:53:25.674+0000] {subprocess.py:106} INFO - [0m09:53:25  Running with dbt=1.11.7
[2026-03-28T09:53:26.317+0000] {subprocess.py:106} INFO - [0m09:53:26  Registered adapter: snowflake=1.11.3
[2026-03-28T09:53:26.504+0000] {subprocess.py:106} INFO - [0m09:53:26  [[33mWARNING[0m]: Configuration paths exist in your dbt_project.yml file which do not apply to any resources.
[2026-03-28T09:53:26.504+0000] {subprocess.py:106} INFO - There are 1 unused configuration paths:
[2026-03-28T09:53:26.505+0000] {subprocess.py:106} INFO - - models.trans_snowf.example
[2026-03-28T09:53:26.620+0000] {subprocess.py:106} INFO - [0m09:53:26  Found 14 models, 3 sources, 522 macros
[2026-03-28T09:53:26.621+0000] {subprocess.py:106} INFO - [0m09:53:26
[2026-03-28T09:53:26.622+0000] {subprocess.py:106} INFO - [0m09:53:26  Concurrency: 1 threads (target='dev')
[2026-03-28T09:53:26.622+0000] {subprocess.py:106} INFO - [0m09:53:26
[2026-03-28T09:53:28.483+0000] {subprocess.py:106} INFO - [0m09:53:28
[2026-03-28T09:53:28.491+0000] {subprocess.py:106} INFO - [0m09:53:28  Finished running  in 0 hours 0 minutes and 1.86 seconds (1.86s).
[2026-03-28T09:53:28.492+0000] {subprocess.py:106} INFO - [0m09:53:28  Encountered an error:
[2026-03-28T09:53:28.494+0000] {subprocess.py:106} INFO - Database Error
[2026-03-28T09:53:28.496+0000] {subprocess.py:106} INFO -   003001 (42501): SQL access control error:
[2026-03-28T09:53:28.498+0000] {subprocess.py:106} INFO -   Insufficient privileges to operate on database 'BANKING'.
[2026-03-28T09:53:31.447+0000] {subprocess.py:110} INFO - Command exited with return code 2
[2026-03-28T09:53:31.462+0000] {taskinstance.py:441} INFO - ::group::Post task execution logs
[2026-03-28T09:53:31.577+0000] {taskinstance.py:2905} ERROR - Task failed with exception
Traceback (most recent call last):
  File "/home/airflow/.local/lib/python3.12/site-packages/airflow/models/taskinstance.py", line 465, in _execute_task
    result = _execute_callable(context=context, **execute_callable_kwargs)
             ^^^^^^^^^^^^^^^^^^^^^^^^^^^^^^^^^^^^^^^^^^^^^^^^^^^^^^^^^^^^^
  File "/home/airflow/.local/lib/python3.12/site-packages/airflow/models/taskinstance.py", line 432, in _execute_callable
    return execute_callable(context=context, **execute_callable_kwargs)
           ^^^^^^^^^^^^^^^^^^^^^^^^^^^^^^^^^^^^^^^^^^^^^^^^^^^^^^^^^^^^
  File "/home/airflow/.local/lib/python3.12/site-packages/airflow/models/baseoperator.py", line 401, in wrapper
    return func(self, *args, **kwargs)
           ^^^^^^^^^^^^^^^^^^^^^^^^^^^
  File "/home/airflow/.local/lib/python3.12/site-packages/airflow/providers/standard/operators/bash.py", line 233, in execute
    raise AirflowException(
airflow.exceptions.AirflowException: Bash command failed. The command returned a non-zero exit code 2.
[2026-03-28T09:53:31.627+0000] {taskinstance.py:1206} INFO - Marking task as FAILED. dag_id=banking_01_bronze_layer, task_id=build_bronze_trans, run_id=scheduled__2026-03-28T05:00:00+00:00, execution_date=20260328T050000, start_date=20260328T095323, end_date=20260328T095331
[2026-03-28T09:53:31.699+0000] {standard_task_runner.py:110} ERROR - Failed to execute job 6327 for task build_bronze_trans (Bash command failed. The command returned a non-zero exit code 2.; 56138)
[2026-03-28T09:53:31.774+0000] {local_task_job_runner.py:243} INFO - Task exited with return code 1
[2026-03-28T09:53:31.854+0000] {taskinstance.py:3503} INFO - 0 downstream tasks scheduled from follow-on schedule check
[2026-03-28T09:53:31.858+0000] {local_task_job_runner.py:222} INFO - ::endgroup::
