[2026-03-28T03:37:08.329+0000] {local_task_job_runner.py:120} INFO - ::group::Pre task execution logs
[2026-03-28T03:37:08.343+0000] {taskinstance.py:2076} INFO - Dependencies all met for dep_context=non-requeueable deps ti=<TaskInstance: banking_01_bronze_layer.build_bronze_cust scheduled__2026-03-28T02:00:00+00:00 [queued]>
[2026-03-28T03:37:08.347+0000] {taskinstance.py:2076} INFO - Dependencies all met for dep_context=requeueable deps ti=<TaskInstance: banking_01_bronze_layer.build_bronze_cust scheduled__2026-03-28T02:00:00+00:00 [queued]>
[2026-03-28T03:37:08.347+0000] {taskinstance.py:2306} INFO - Starting attempt 1 of 2
[2026-03-28T03:37:08.352+0000] {taskinstance.py:2330} INFO - Executing <Task(BashOperator): build_bronze_cust> on 2026-03-28 02:00:00+00:00
[2026-03-28T03:37:08.355+0000] {standard_task_runner.py:64} INFO - Started process 44877 to run task
[2026-03-28T03:37:08.356+0000] {standard_task_runner.py:90} INFO - Running: ['***', 'tasks', 'run', 'banking_01_bronze_layer', 'build_bronze_cust', 'scheduled__2026-03-28T02:00:00+00:00', '--job-id', '5756', '--raw', '--subdir', 'DAGS_FOLDER/dbt.py', '--cfg-path', '/tmp/tmpqgv5sgd3']
[2026-03-28T03:37:08.357+0000] {standard_task_runner.py:91} INFO - Job 5756: Subtask build_bronze_cust
[2026-03-28T03:37:08.390+0000] {task_command.py:426} INFO - Running <TaskInstance: banking_01_bronze_layer.build_bronze_cust scheduled__2026-03-28T02:00:00+00:00 [running]> on host c990dffe13ae
[2026-03-28T03:37:08.438+0000] {taskinstance.py:2648} INFO - Exporting env vars: AIRFLOW_CTX_DAG_OWNER='risheek' AIRFLOW_CTX_DAG_ID='banking_01_bronze_layer' AIRFLOW_CTX_TASK_ID='build_bronze_cust' AIRFLOW_CTX_EXECUTION_DATE='2026-03-28T02:00:00+00:00' AIRFLOW_CTX_TRY_NUMBER='1' AIRFLOW_CTX_DAG_RUN_ID='scheduled__2026-03-28T02:00:00+00:00'
[2026-03-28T03:37:08.439+0000] {taskinstance.py:430} INFO - ::endgroup::
[2026-03-28T03:37:08.439+0000] {subprocess.py:78} INFO - Tmp dir root location: /tmp
[2026-03-28T03:37:08.440+0000] {subprocess.py:88} INFO - Running command: ['/usr/bin/bash', '-c', 'dbt build --select bronze_cust']
[2026-03-28T03:37:08.447+0000] {subprocess.py:99} INFO - Output:
[2026-03-28T03:37:09.771+0000] {subprocess.py:106} INFO - [0m03:37:09  Running with dbt=1.11.7
[2026-03-28T03:37:10.266+0000] {subprocess.py:106} INFO - [0m03:37:10  Registered adapter: snowflake=1.11.3
[2026-03-28T03:37:10.409+0000] {subprocess.py:106} INFO - [0m03:37:10  [[33mWARNING[0m]: Configuration paths exist in your dbt_project.yml file which do not apply to any resources.
[2026-03-28T03:37:10.409+0000] {subprocess.py:106} INFO - There are 1 unused configuration paths:
[2026-03-28T03:37:10.409+0000] {subprocess.py:106} INFO - - models.trans_snowf.example
[2026-03-28T03:37:10.511+0000] {subprocess.py:106} INFO - [0m03:37:10  Found 14 models, 3 sources, 522 macros
[2026-03-28T03:37:10.512+0000] {subprocess.py:106} INFO - [0m03:37:10
[2026-03-28T03:37:10.512+0000] {subprocess.py:106} INFO - [0m03:37:10  Concurrency: 1 threads (target='dev')
[2026-03-28T03:37:10.512+0000] {subprocess.py:106} INFO - [0m03:37:10
[2026-03-28T03:37:11.698+0000] {subprocess.py:106} INFO - [0m03:37:11
[2026-03-28T03:37:11.701+0000] {subprocess.py:106} INFO - [0m03:37:11  Finished running  in 0 hours 0 minutes and 1.17 seconds (1.17s).
[2026-03-28T03:37:11.702+0000] {subprocess.py:106} INFO - [0m03:37:11  Encountered an error:
[2026-03-28T03:37:11.703+0000] {subprocess.py:106} INFO - Database Error
[2026-03-28T03:37:11.704+0000] {subprocess.py:106} INFO -   003001 (42501): SQL access control error:
[2026-03-28T03:37:11.705+0000] {subprocess.py:106} INFO -   Insufficient privileges to operate on database 'BANKING'.
[2026-03-28T03:37:13.381+0000] {subprocess.py:110} INFO - Command exited with return code 2
[2026-03-28T03:37:13.387+0000] {taskinstance.py:441} INFO - ::group::Post task execution logs
[2026-03-28T03:37:13.411+0000] {taskinstance.py:2905} ERROR - Task failed with exception
Traceback (most recent call last):
  File "/home/airflow/.local/lib/python3.12/site-packages/airflow/models/taskinstance.py", line 465, in _execute_task
    result = _execute_callable(context=context, **execute_callable_kwargs)
             ^^^^^^^^^^^^^^^^^^^^^^^^^^^^^^^^^^^^^^^^^^^^^^^^^^^^^^^^^^^^^
  File "/home/airflow/.local/lib/python3.12/site-packages/airflow/models/taskinstance.py", line 432, in _execute_callable
    return execute_callable(context=context, **execute_callable_kwargs)
           ^^^^^^^^^^^^^^^^^^^^^^^^^^^^^^^^^^^^^^^^^^^^^^^^^^^^^^^^^^^^
  File "/home/airflow/.local/lib/python3.12/site-packages/airflow/models/baseoperator.py", line 401, in wrapper
    return func(self, *args, **kwargs)
           ^^^^^^^^^^^^^^^^^^^^^^^^^^^
  File "/home/airflow/.local/lib/python3.12/site-packages/airflow/providers/standard/operators/bash.py", line 233, in execute
    raise AirflowException(
airflow.exceptions.AirflowException: Bash command failed. The command returned a non-zero exit code 2.
[2026-03-28T03:37:13.421+0000] {taskinstance.py:1206} INFO - Marking task as UP_FOR_RETRY. dag_id=banking_01_bronze_layer, task_id=build_bronze_cust, run_id=scheduled__2026-03-28T02:00:00+00:00, execution_date=20260328T020000, start_date=20260328T033708, end_date=20260328T033713
[2026-03-28T03:37:13.436+0000] {standard_task_runner.py:110} ERROR - Failed to execute job 5756 for task build_bronze_cust (Bash command failed. The command returned a non-zero exit code 2.; 44877)
[2026-03-28T03:37:13.444+0000] {local_task_job_runner.py:243} INFO - Task exited with return code 1
[2026-03-28T03:37:13.462+0000] {taskinstance.py:3503} INFO - 0 downstream tasks scheduled from follow-on schedule check
[2026-03-28T03:37:13.463+0000] {local_task_job_runner.py:222} INFO - ::endgroup::
