[2026-03-28T11:54:07.765+0000] {local_task_job_runner.py:120} INFO - ::group::Pre task execution logs
[2026-03-28T11:54:07.783+0000] {taskinstance.py:2076} INFO - Dependencies all met for dep_context=non-requeueable deps ti=<TaskInstance: banking_01_bronze_layer.build_bronze_trans manual__2026-03-28T11:53:30.680905+00:00 [queued]>
[2026-03-28T11:54:07.789+0000] {taskinstance.py:2076} INFO - Dependencies all met for dep_context=requeueable deps ti=<TaskInstance: banking_01_bronze_layer.build_bronze_trans manual__2026-03-28T11:53:30.680905+00:00 [queued]>
[2026-03-28T11:54:07.789+0000] {taskinstance.py:2306} INFO - Starting attempt 1 of 2
[2026-03-28T11:54:07.796+0000] {taskinstance.py:2330} INFO - Executing <Task(BashOperator): build_bronze_trans> on 2026-03-28 11:53:30.680905+00:00
[2026-03-28T11:54:07.799+0000] {standard_task_runner.py:64} INFO - Started process 7812 to run task
[2026-03-28T11:54:07.801+0000] {standard_task_runner.py:90} INFO - Running: ['***', 'tasks', 'run', 'banking_01_bronze_layer', 'build_bronze_trans', 'manual__2026-03-28T11:53:30.680905+00:00', '--job-id', '6795', '--raw', '--subdir', 'DAGS_FOLDER/dbt.py', '--cfg-path', '/tmp/tmp5k1r_d_f']
[2026-03-28T11:54:07.803+0000] {standard_task_runner.py:91} INFO - Job 6795: Subtask build_bronze_trans
[2026-03-28T11:54:07.832+0000] {task_command.py:426} INFO - Running <TaskInstance: banking_01_bronze_layer.build_bronze_trans manual__2026-03-28T11:53:30.680905+00:00 [running]> on host c990dffe13ae
[2026-03-28T11:54:07.877+0000] {taskinstance.py:2648} INFO - Exporting env vars: AIRFLOW_CTX_DAG_OWNER='risheek' AIRFLOW_CTX_DAG_ID='banking_01_bronze_layer' AIRFLOW_CTX_TASK_ID='build_bronze_trans' AIRFLOW_CTX_EXECUTION_DATE='2026-03-28T11:53:30.680905+00:00' AIRFLOW_CTX_TRY_NUMBER='1' AIRFLOW_CTX_DAG_RUN_ID='manual__2026-03-28T11:53:30.680905+00:00'
[2026-03-28T11:54:07.877+0000] {taskinstance.py:430} INFO - ::endgroup::
[2026-03-28T11:54:07.878+0000] {subprocess.py:78} INFO - Tmp dir root location: /tmp
[2026-03-28T11:54:07.878+0000] {subprocess.py:88} INFO - Running command: ['/usr/bin/bash', '-c', 'dbt build --select bronze_trans']
[2026-03-28T11:54:07.882+0000] {subprocess.py:99} INFO - Output:
[2026-03-28T11:54:09.083+0000] {subprocess.py:106} INFO - [0m11:54:09  Running with dbt=1.11.7
[2026-03-28T11:54:09.566+0000] {subprocess.py:106} INFO - [0m11:54:09  Registered adapter: snowflake=1.11.3
[2026-03-28T11:54:09.700+0000] {subprocess.py:106} INFO - [0m11:54:09  [[33mWARNING[0m]: Configuration paths exist in your dbt_project.yml file which do not apply to any resources.
[2026-03-28T11:54:09.701+0000] {subprocess.py:106} INFO - There are 1 unused configuration paths:
[2026-03-28T11:54:09.701+0000] {subprocess.py:106} INFO - - models.trans_snowf.example
[2026-03-28T11:54:09.801+0000] {subprocess.py:106} INFO - [0m11:54:09  Found 14 models, 3 sources, 522 macros
[2026-03-28T11:54:09.802+0000] {subprocess.py:106} INFO - [0m11:54:09
[2026-03-28T11:54:09.803+0000] {subprocess.py:106} INFO - [0m11:54:09  Concurrency: 1 threads (target='dev')
[2026-03-28T11:54:09.803+0000] {subprocess.py:106} INFO - [0m11:54:09
[2026-03-28T11:54:11.200+0000] {subprocess.py:106} INFO - [0m11:54:11  1 of 1 START sql incremental model PUBLIC_BRONZE.bronze_trans .................. [RUN]
[2026-03-28T11:54:11.420+0000] {subprocess.py:106} INFO - [0m11:54:11  1 of 1 ERROR creating sql incremental model PUBLIC_BRONZE.bronze_trans ......... [[31mERROR[0m in 0.22s]
[2026-03-28T11:54:11.656+0000] {subprocess.py:106} INFO - [0m11:54:11
[2026-03-28T11:54:11.658+0000] {subprocess.py:106} INFO - [0m11:54:11  Finished running 1 incremental model in 0 hours 0 minutes and 1.85 seconds (1.85s).
[2026-03-28T11:54:11.721+0000] {subprocess.py:106} INFO - [0m11:54:11
[2026-03-28T11:54:11.722+0000] {subprocess.py:106} INFO - [0m11:54:11  [31mCompleted with 1 error, 0 partial successes, and 0 warnings:[0m
[2026-03-28T11:54:11.722+0000] {subprocess.py:106} INFO - [0m11:54:11
[2026-03-28T11:54:11.723+0000] {subprocess.py:106} INFO - [0m11:54:11  [31mFailure in model bronze_trans (models/staging/bronze_trans.sql)[0m
[2026-03-28T11:54:11.723+0000] {subprocess.py:106} INFO - [0m11:54:11    Database Error in model bronze_trans (models/staging/bronze_trans.sql)
[2026-03-28T11:54:11.723+0000] {subprocess.py:106} INFO -   000904 (42000): SQL compilation error: error line 15 at position 8
[2026-03-28T11:54:11.724+0000] {subprocess.py:106} INFO -   invalid identifier 'PAYLOAD'
[2026-03-28T11:54:11.724+0000] {subprocess.py:106} INFO -   compiled code at target/run/trans_snowf/models/staging/bronze_trans.sql
[2026-03-28T11:54:11.724+0000] {subprocess.py:106} INFO - [0m11:54:11
[2026-03-28T11:54:11.724+0000] {subprocess.py:106} INFO - [0m11:54:11    compiled code at target/compiled/trans_snowf/models/staging/bronze_trans.sql
[2026-03-28T11:54:11.724+0000] {subprocess.py:106} INFO - [0m11:54:11
[2026-03-28T11:54:11.725+0000] {subprocess.py:106} INFO - [0m11:54:11  Done. PASS=0 WARN=0 ERROR=1 SKIP=0 NO-OP=0 TOTAL=1
[2026-03-28T11:54:15.494+0000] {subprocess.py:110} INFO - Command exited with return code 1
[2026-03-28T11:54:15.495+0000] {taskinstance.py:441} INFO - ::group::Post task execution logs
[2026-03-28T11:54:15.504+0000] {taskinstance.py:2905} ERROR - Task failed with exception
Traceback (most recent call last):
  File "/home/airflow/.local/lib/python3.12/site-packages/airflow/models/taskinstance.py", line 465, in _execute_task
    result = _execute_callable(context=context, **execute_callable_kwargs)
             ^^^^^^^^^^^^^^^^^^^^^^^^^^^^^^^^^^^^^^^^^^^^^^^^^^^^^^^^^^^^^
  File "/home/airflow/.local/lib/python3.12/site-packages/airflow/models/taskinstance.py", line 432, in _execute_callable
    return execute_callable(context=context, **execute_callable_kwargs)
           ^^^^^^^^^^^^^^^^^^^^^^^^^^^^^^^^^^^^^^^^^^^^^^^^^^^^^^^^^^^^
  File "/home/airflow/.local/lib/python3.12/site-packages/airflow/models/baseoperator.py", line 401, in wrapper
    return func(self, *args, **kwargs)
           ^^^^^^^^^^^^^^^^^^^^^^^^^^^
  File "/home/airflow/.local/lib/python3.12/site-packages/airflow/providers/standard/operators/bash.py", line 233, in execute
    raise AirflowException(
airflow.exceptions.AirflowException: Bash command failed. The command returned a non-zero exit code 1.
[2026-03-28T11:54:15.508+0000] {taskinstance.py:1206} INFO - Marking task as UP_FOR_RETRY. dag_id=banking_01_bronze_layer, task_id=build_bronze_trans, run_id=manual__2026-03-28T11:53:30.680905+00:00, execution_date=20260328T115330, start_date=20260328T115407, end_date=20260328T115415
[2026-03-28T11:54:15.516+0000] {standard_task_runner.py:110} ERROR - Failed to execute job 6795 for task build_bronze_trans (Bash command failed. The command returned a non-zero exit code 1.; 7812)
[2026-03-28T11:54:15.542+0000] {local_task_job_runner.py:243} INFO - Task exited with return code 1
[2026-03-28T11:54:15.556+0000] {taskinstance.py:3503} INFO - 0 downstream tasks scheduled from follow-on schedule check
[2026-03-28T11:54:15.557+0000] {local_task_job_runner.py:222} INFO - ::endgroup::
