[2026-03-28T11:15:29.562+0000] {local_task_job_runner.py:120} INFO - ::group::Pre task execution logs
[2026-03-28T11:15:29.583+0000] {taskinstance.py:2076} INFO - Dependencies all met for dep_context=non-requeueable deps ti=<TaskInstance: banking_01_bronze_layer.build_bronze_cust scheduled__2026-03-28T08:30:00+00:00 [queued]>
[2026-03-28T11:15:29.588+0000] {taskinstance.py:2076} INFO - Dependencies all met for dep_context=requeueable deps ti=<TaskInstance: banking_01_bronze_layer.build_bronze_cust scheduled__2026-03-28T08:30:00+00:00 [queued]>
[2026-03-28T11:15:29.588+0000] {taskinstance.py:2306} INFO - Starting attempt 2 of 2
[2026-03-28T11:15:29.597+0000] {taskinstance.py:2330} INFO - Executing <Task(BashOperator): build_bronze_cust> on 2026-03-28 08:30:00+00:00
[2026-03-28T11:15:29.600+0000] {standard_task_runner.py:64} INFO - Started process 244 to run task
[2026-03-28T11:15:29.602+0000] {standard_task_runner.py:90} INFO - Running: ['***', 'tasks', 'run', 'banking_01_bronze_layer', 'build_bronze_cust', 'scheduled__2026-03-28T08:30:00+00:00', '--job-id', '6405', '--raw', '--subdir', 'DAGS_FOLDER/dbt.py', '--cfg-path', '/tmp/tmpfm0vxv92']
[2026-03-28T11:15:29.603+0000] {standard_task_runner.py:91} INFO - Job 6405: Subtask build_bronze_cust
[2026-03-28T11:15:29.636+0000] {task_command.py:426} INFO - Running <TaskInstance: banking_01_bronze_layer.build_bronze_cust scheduled__2026-03-28T08:30:00+00:00 [running]> on host c990dffe13ae
[2026-03-28T11:15:29.678+0000] {taskinstance.py:2648} INFO - Exporting env vars: AIRFLOW_CTX_DAG_OWNER='risheek' AIRFLOW_CTX_DAG_ID='banking_01_bronze_layer' AIRFLOW_CTX_TASK_ID='build_bronze_cust' AIRFLOW_CTX_EXECUTION_DATE='2026-03-28T08:30:00+00:00' AIRFLOW_CTX_TRY_NUMBER='2' AIRFLOW_CTX_DAG_RUN_ID='scheduled__2026-03-28T08:30:00+00:00'
[2026-03-28T11:15:29.678+0000] {taskinstance.py:430} INFO - ::endgroup::
[2026-03-28T11:15:29.679+0000] {subprocess.py:78} INFO - Tmp dir root location: /tmp
[2026-03-28T11:15:29.679+0000] {subprocess.py:88} INFO - Running command: ['/usr/bin/bash', '-c', 'dbt build --select bronze_cust']
[2026-03-28T11:15:29.682+0000] {subprocess.py:99} INFO - Output:
[2026-03-28T11:15:30.914+0000] {subprocess.py:106} INFO - [0m11:15:30  Running with dbt=1.11.7
[2026-03-28T11:15:31.438+0000] {subprocess.py:106} INFO - [0m11:15:31  Registered adapter: snowflake=1.11.3
[2026-03-28T11:15:31.567+0000] {subprocess.py:106} INFO - [0m11:15:31  [[33mWARNING[0m]: Configuration paths exist in your dbt_project.yml file which do not apply to any resources.
[2026-03-28T11:15:31.567+0000] {subprocess.py:106} INFO - There are 1 unused configuration paths:
[2026-03-28T11:15:31.570+0000] {subprocess.py:106} INFO - - models.trans_snowf.example
[2026-03-28T11:15:31.665+0000] {subprocess.py:106} INFO - [0m11:15:31  Found 14 models, 3 sources, 522 macros
[2026-03-28T11:15:31.666+0000] {subprocess.py:106} INFO - [0m11:15:31
[2026-03-28T11:15:31.667+0000] {subprocess.py:106} INFO - [0m11:15:31  Concurrency: 1 threads (target='dev')
[2026-03-28T11:15:31.667+0000] {subprocess.py:106} INFO - [0m11:15:31
[2026-03-28T11:15:32.749+0000] {subprocess.py:106} INFO - [0m11:15:32
[2026-03-28T11:15:32.751+0000] {subprocess.py:106} INFO - [0m11:15:32  Finished running  in 0 hours 0 minutes and 1.08 seconds (1.08s).
[2026-03-28T11:15:32.754+0000] {subprocess.py:106} INFO - [0m11:15:32  Encountered an error:
[2026-03-28T11:15:32.755+0000] {subprocess.py:106} INFO - Database Error
[2026-03-28T11:15:32.755+0000] {subprocess.py:106} INFO -   003001 (42501): SQL access control error:
[2026-03-28T11:15:32.756+0000] {subprocess.py:106} INFO -   Insufficient privileges to operate on database 'BANKING'.
[2026-03-28T11:15:35.369+0000] {subprocess.py:110} INFO - Command exited with return code 2
[2026-03-28T11:15:35.371+0000] {taskinstance.py:441} INFO - ::group::Post task execution logs
[2026-03-28T11:15:35.387+0000] {taskinstance.py:2905} ERROR - Task failed with exception
Traceback (most recent call last):
  File "/home/airflow/.local/lib/python3.12/site-packages/airflow/models/taskinstance.py", line 465, in _execute_task
    result = _execute_callable(context=context, **execute_callable_kwargs)
             ^^^^^^^^^^^^^^^^^^^^^^^^^^^^^^^^^^^^^^^^^^^^^^^^^^^^^^^^^^^^^
  File "/home/airflow/.local/lib/python3.12/site-packages/airflow/models/taskinstance.py", line 432, in _execute_callable
    return execute_callable(context=context, **execute_callable_kwargs)
           ^^^^^^^^^^^^^^^^^^^^^^^^^^^^^^^^^^^^^^^^^^^^^^^^^^^^^^^^^^^^
  File "/home/airflow/.local/lib/python3.12/site-packages/airflow/models/baseoperator.py", line 401, in wrapper
    return func(self, *args, **kwargs)
           ^^^^^^^^^^^^^^^^^^^^^^^^^^^
  File "/home/airflow/.local/lib/python3.12/site-packages/airflow/providers/standard/operators/bash.py", line 233, in execute
    raise AirflowException(
airflow.exceptions.AirflowException: Bash command failed. The command returned a non-zero exit code 2.
[2026-03-28T11:15:35.396+0000] {taskinstance.py:1206} INFO - Marking task as FAILED. dag_id=banking_01_bronze_layer, task_id=build_bronze_cust, run_id=scheduled__2026-03-28T08:30:00+00:00, execution_date=20260328T083000, start_date=20260328T111529, end_date=20260328T111535
[2026-03-28T11:15:35.410+0000] {standard_task_runner.py:110} ERROR - Failed to execute job 6405 for task build_bronze_cust (Bash command failed. The command returned a non-zero exit code 2.; 244)
[2026-03-28T11:15:35.452+0000] {local_task_job_runner.py:243} INFO - Task exited with return code 1
[2026-03-28T11:15:35.469+0000] {taskinstance.py:3503} INFO - 0 downstream tasks scheduled from follow-on schedule check
[2026-03-28T11:15:35.470+0000] {local_task_job_runner.py:222} INFO - ::endgroup::
