[2026-03-26T21:05:00.269+0000] {local_task_job_runner.py:120} INFO - ::group::Pre task execution logs
[2026-03-26T21:05:00.287+0000] {taskinstance.py:2076} INFO - Dependencies all met for dep_context=non-requeueable deps ti=<TaskInstance: banking_01_bronze_layer.build_bronze_trans scheduled__2026-03-26T19:30:00+00:00 [queued]>
[2026-03-26T21:05:00.291+0000] {taskinstance.py:2076} INFO - Dependencies all met for dep_context=requeueable deps ti=<TaskInstance: banking_01_bronze_layer.build_bronze_trans scheduled__2026-03-26T19:30:00+00:00 [queued]>
[2026-03-26T21:05:00.292+0000] {taskinstance.py:2306} INFO - Starting attempt 2 of 2
[2026-03-26T21:05:00.298+0000] {taskinstance.py:2330} INFO - Executing <Task(BashOperator): build_bronze_trans> on 2026-03-26 19:30:00+00:00
[2026-03-26T21:05:00.301+0000] {standard_task_runner.py:64} INFO - Started process 5905 to run task
[2026-03-26T21:05:00.304+0000] {standard_task_runner.py:90} INFO - Running: ['***', 'tasks', 'run', 'banking_01_bronze_layer', 'build_bronze_trans', 'scheduled__2026-03-26T19:30:00+00:00', '--job-id', '3382', '--raw', '--subdir', 'DAGS_FOLDER/dbt.py', '--cfg-path', '/tmp/tmp1achseee']
[2026-03-26T21:05:00.306+0000] {standard_task_runner.py:91} INFO - Job 3382: Subtask build_bronze_trans
[2026-03-26T21:05:00.337+0000] {task_command.py:426} INFO - Running <TaskInstance: banking_01_bronze_layer.build_bronze_trans scheduled__2026-03-26T19:30:00+00:00 [running]> on host c990dffe13ae
[2026-03-26T21:05:00.389+0000] {taskinstance.py:2648} INFO - Exporting env vars: AIRFLOW_CTX_DAG_OWNER='risheek' AIRFLOW_CTX_DAG_ID='banking_01_bronze_layer' AIRFLOW_CTX_TASK_ID='build_bronze_trans' AIRFLOW_CTX_EXECUTION_DATE='2026-03-26T19:30:00+00:00' AIRFLOW_CTX_TRY_NUMBER='2' AIRFLOW_CTX_DAG_RUN_ID='scheduled__2026-03-26T19:30:00+00:00'
[2026-03-26T21:05:00.390+0000] {taskinstance.py:430} INFO - ::endgroup::
[2026-03-26T21:05:00.390+0000] {subprocess.py:78} INFO - Tmp dir root location: /tmp
[2026-03-26T21:05:00.391+0000] {subprocess.py:88} INFO - Running command: ['/usr/bin/bash', '-c', 'dbt build --select bronze_trans']
[2026-03-26T21:05:00.395+0000] {subprocess.py:99} INFO - Output:
[2026-03-26T21:05:01.915+0000] {subprocess.py:106} INFO - [0m21:05:01  Running with dbt=1.11.7
[2026-03-26T21:05:02.549+0000] {subprocess.py:106} INFO - [0m21:05:02  Registered adapter: snowflake=1.11.3
[2026-03-26T21:05:02.750+0000] {subprocess.py:106} INFO - [0m21:05:02  [[33mWARNING[0m]: Configuration paths exist in your dbt_project.yml file which do not apply to any resources.
[2026-03-26T21:05:02.750+0000] {subprocess.py:106} INFO - There are 1 unused configuration paths:
[2026-03-26T21:05:02.751+0000] {subprocess.py:106} INFO - - models.trans_snowf.example
[2026-03-26T21:05:02.921+0000] {subprocess.py:106} INFO - [0m21:05:02  Found 14 models, 3 sources, 522 macros
[2026-03-26T21:05:02.923+0000] {subprocess.py:106} INFO - [0m21:05:02
[2026-03-26T21:05:02.924+0000] {subprocess.py:106} INFO - [0m21:05:02  Concurrency: 1 threads (target='dev')
[2026-03-26T21:05:02.924+0000] {subprocess.py:106} INFO - [0m21:05:02
[2026-03-26T21:05:04.956+0000] {subprocess.py:106} INFO - [0m21:05:04
[2026-03-26T21:05:04.960+0000] {subprocess.py:106} INFO - [0m21:05:04  Finished running  in 0 hours 0 minutes and 2.03 seconds (2.03s).
[2026-03-26T21:05:04.960+0000] {subprocess.py:106} INFO - [0m21:05:04  Encountered an error:
[2026-03-26T21:05:04.961+0000] {subprocess.py:106} INFO - Database Error
[2026-03-26T21:05:04.961+0000] {subprocess.py:106} INFO -   003001 (42501): SQL access control error:
[2026-03-26T21:05:04.962+0000] {subprocess.py:106} INFO -   Insufficient privileges to operate on database 'BANKING'.
[2026-03-26T21:05:11.354+0000] {subprocess.py:110} INFO - Command exited with return code 2
[2026-03-26T21:05:11.356+0000] {taskinstance.py:441} INFO - ::group::Post task execution logs
[2026-03-26T21:05:11.364+0000] {taskinstance.py:2905} ERROR - Task failed with exception
Traceback (most recent call last):
  File "/home/airflow/.local/lib/python3.12/site-packages/airflow/models/taskinstance.py", line 465, in _execute_task
    result = _execute_callable(context=context, **execute_callable_kwargs)
             ^^^^^^^^^^^^^^^^^^^^^^^^^^^^^^^^^^^^^^^^^^^^^^^^^^^^^^^^^^^^^
  File "/home/airflow/.local/lib/python3.12/site-packages/airflow/models/taskinstance.py", line 432, in _execute_callable
    return execute_callable(context=context, **execute_callable_kwargs)
           ^^^^^^^^^^^^^^^^^^^^^^^^^^^^^^^^^^^^^^^^^^^^^^^^^^^^^^^^^^^^
  File "/home/airflow/.local/lib/python3.12/site-packages/airflow/models/baseoperator.py", line 401, in wrapper
    return func(self, *args, **kwargs)
           ^^^^^^^^^^^^^^^^^^^^^^^^^^^
  File "/home/airflow/.local/lib/python3.12/site-packages/airflow/providers/standard/operators/bash.py", line 233, in execute
    raise AirflowException(
airflow.exceptions.AirflowException: Bash command failed. The command returned a non-zero exit code 2.
[2026-03-26T21:05:11.367+0000] {taskinstance.py:1206} INFO - Marking task as FAILED. dag_id=banking_01_bronze_layer, task_id=build_bronze_trans, run_id=scheduled__2026-03-26T19:30:00+00:00, execution_date=20260326T193000, start_date=20260326T210500, end_date=20260326T210511
[2026-03-26T21:05:11.374+0000] {standard_task_runner.py:110} ERROR - Failed to execute job 3382 for task build_bronze_trans (Bash command failed. The command returned a non-zero exit code 2.; 5905)
[2026-03-26T21:05:11.411+0000] {local_task_job_runner.py:243} INFO - Task exited with return code 1
[2026-03-26T21:05:11.422+0000] {taskinstance.py:3503} INFO - 0 downstream tasks scheduled from follow-on schedule check
[2026-03-26T21:05:11.423+0000] {local_task_job_runner.py:222} INFO - ::endgroup::
