[2026-03-30T23:11:25.365+0000] {local_task_job_runner.py:120} INFO - ::group::Pre task execution logs
[2026-03-30T23:11:25.388+0000] {taskinstance.py:2076} INFO - Dependencies all met for dep_context=non-requeueable deps ti=<TaskInstance: transfer_from_minio_to_snowflake_customers.create_raw scheduled__2026-03-30T23:10:00+00:00 [queued]>
[2026-03-30T23:11:25.392+0000] {taskinstance.py:2076} INFO - Dependencies all met for dep_context=requeueable deps ti=<TaskInstance: transfer_from_minio_to_snowflake_customers.create_raw scheduled__2026-03-30T23:10:00+00:00 [queued]>
[2026-03-30T23:11:25.392+0000] {taskinstance.py:2306} INFO - Starting attempt 1 of 3
[2026-03-30T23:11:25.399+0000] {taskinstance.py:2330} INFO - Executing <Task(SQLExecuteQueryOperator): create_raw> on 2026-03-30 23:10:00+00:00
[2026-03-30T23:11:25.409+0000] {logging_mixin.py:188} WARNING - /home/***/.local/lib/python3.12/site-packages/***/task/task_runner/standard_task_runner.py:62 DeprecationWarning: This process (pid=39697) is multi-threaded, use of fork() may lead to deadlocks in the child.
[2026-03-30T23:11:25.407+0000] {standard_task_runner.py:90} INFO - Running: ['***', 'tasks', 'run', 'transfer_from_minio_to_snowflake_customers', 'create_raw', 'scheduled__2026-03-30T23:10:00+00:00', '--job-id', '9468', '--raw', '--subdir', 'DAGS_FOLDER/transfer.py', '--cfg-path', '/tmp/tmp78ax4isv']
[2026-03-30T23:11:25.410+0000] {standard_task_runner.py:91} INFO - Job 9468: Subtask create_raw
[2026-03-30T23:11:25.410+0000] {standard_task_runner.py:64} INFO - Started process 39709 to run task
[2026-03-30T23:11:25.448+0000] {task_command.py:426} INFO - Running <TaskInstance: transfer_from_minio_to_snowflake_customers.create_raw scheduled__2026-03-30T23:10:00+00:00 [running]> on host c990dffe13ae
[2026-03-30T23:11:25.722+0000] {taskinstance.py:2648} INFO - Exporting env vars: AIRFLOW_CTX_DAG_OWNER='***' AIRFLOW_CTX_DAG_ID='transfer_from_minio_to_snowflake_customers' AIRFLOW_CTX_TASK_ID='create_raw' AIRFLOW_CTX_EXECUTION_DATE='2026-03-30T23:10:00+00:00' AIRFLOW_CTX_TRY_NUMBER='1' AIRFLOW_CTX_DAG_RUN_ID='scheduled__2026-03-30T23:10:00+00:00'
[2026-03-30T23:11:25.723+0000] {taskinstance.py:430} INFO - ::endgroup::
[2026-03-30T23:11:25.723+0000] {sql.py:282} INFO - Executing:  CREATE TABLE IF NOT EXISTS RAW_CUSTOMERS (
                    raw_json VARIANT,
                    inserted_at TIMESTAMP_NTZ DEFAULT CURRENT_TIMESTAMP());
                  
[2026-03-30T23:11:25.730+0000] {base.py:84} INFO - Using connection ID 'warehouse_id' for task execution.
[2026-03-30T23:11:25.778+0000] {base.py:84} INFO - Using connection ID 'warehouse_id' for task execution.
[2026-03-30T23:11:25.826+0000] {connection.py:613} INFO - Snowflake Connector for Python Version: 4.3.0, Python Version: 3.12.4, Platform: Linux-6.12.76-linuxkit-aarch64-with-glibc2.36
[2026-03-30T23:11:25.827+0000] {connection.py:1709} INFO - Connecting to GLOBAL Snowflake domain
[2026-03-30T23:11:26.995+0000] {sql.py:495} INFO - Running statement: CREATE TABLE IF NOT EXISTS RAW_CUSTOMERS (
                    raw_json VARIANT,
                    inserted_at TIMESTAMP_NTZ DEFAULT CURRENT_TIMESTAMP());, parameters: None
[2026-03-30T23:11:27.982+0000] {sql.py:504} INFO - Rows affected: 1
[2026-03-30T23:11:27.986+0000] {snowflake.py:422} INFO - Rows affected: 1
[2026-03-30T23:11:27.986+0000] {snowflake.py:423} INFO - Snowflake query id: 01c3622f-3202-85e0-0014-90e60006db32
[2026-03-30T23:11:28.371+0000] {taskinstance.py:441} INFO - ::group::Post task execution logs
[2026-03-30T23:11:28.453+0000] {taskinstance.py:1206} INFO - Marking task as SUCCESS. dag_id=transfer_from_minio_to_snowflake_customers, task_id=create_raw, run_id=scheduled__2026-03-30T23:10:00+00:00, execution_date=20260330T231000, start_date=20260330T231125, end_date=20260330T231128
[2026-03-30T23:11:28.494+0000] {local_task_job_runner.py:243} INFO - Task exited with return code 0
[2026-03-30T23:11:28.544+0000] {taskinstance.py:3503} INFO - 1 downstream tasks scheduled from follow-on schedule check
[2026-03-30T23:11:28.545+0000] {local_task_job_runner.py:222} INFO - ::endgroup::
