[2026-03-29T05:06:00.680+0000] {local_task_job_runner.py:120} INFO - ::group::Pre task execution logs
[2026-03-29T05:06:00.697+0000] {taskinstance.py:2076} INFO - Dependencies all met for dep_context=non-requeueable deps ti=<TaskInstance: banking_01_bronze_layer.build_bronze_trans scheduled__2026-03-29T04:00:00+00:00 [queued]>
[2026-03-29T05:06:00.700+0000] {taskinstance.py:2076} INFO - Dependencies all met for dep_context=requeueable deps ti=<TaskInstance: banking_01_bronze_layer.build_bronze_trans scheduled__2026-03-29T04:00:00+00:00 [queued]>
[2026-03-29T05:06:00.700+0000] {taskinstance.py:2306} INFO - Starting attempt 1 of 2
[2026-03-29T05:06:00.706+0000] {taskinstance.py:2330} INFO - Executing <Task(BashOperator): build_bronze_trans> on 2026-03-29 04:00:00+00:00
[2026-03-29T05:06:00.709+0000] {standard_task_runner.py:64} INFO - Started process 16775 to run task
[2026-03-29T05:06:00.711+0000] {standard_task_runner.py:90} INFO - Running: ['***', 'tasks', 'run', 'banking_01_bronze_layer', 'build_bronze_trans', 'scheduled__2026-03-29T04:00:00+00:00', '--job-id', '7106', '--raw', '--subdir', 'DAGS_FOLDER/dbt.py', '--cfg-path', '/tmp/tmpawtqvu4e']
[2026-03-29T05:06:00.712+0000] {standard_task_runner.py:91} INFO - Job 7106: Subtask build_bronze_trans
[2026-03-29T05:06:00.738+0000] {task_command.py:426} INFO - Running <TaskInstance: banking_01_bronze_layer.build_bronze_trans scheduled__2026-03-29T04:00:00+00:00 [running]> on host c990dffe13ae
[2026-03-29T05:06:00.782+0000] {taskinstance.py:2648} INFO - Exporting env vars: AIRFLOW_CTX_DAG_OWNER='risheek' AIRFLOW_CTX_DAG_ID='banking_01_bronze_layer' AIRFLOW_CTX_TASK_ID='build_bronze_trans' AIRFLOW_CTX_EXECUTION_DATE='2026-03-29T04:00:00+00:00' AIRFLOW_CTX_TRY_NUMBER='1' AIRFLOW_CTX_DAG_RUN_ID='scheduled__2026-03-29T04:00:00+00:00'
[2026-03-29T05:06:00.783+0000] {taskinstance.py:430} INFO - ::endgroup::
[2026-03-29T05:06:00.783+0000] {subprocess.py:78} INFO - Tmp dir root location: /tmp
[2026-03-29T05:06:00.784+0000] {subprocess.py:88} INFO - Running command: ['/usr/bin/bash', '-c', 'dbt build --select bronze_trans']
[2026-03-29T05:06:00.787+0000] {subprocess.py:99} INFO - Output:
[2026-03-29T05:06:01.957+0000] {subprocess.py:106} INFO - [0m05:06:01  Running with dbt=1.11.7
[2026-03-29T05:06:02.433+0000] {subprocess.py:106} INFO - [0m05:06:02  Registered adapter: snowflake=1.11.3
[2026-03-29T05:06:02.562+0000] {subprocess.py:106} INFO - [0m05:06:02  [[33mWARNING[0m]: Configuration paths exist in your dbt_project.yml file which do not apply to any resources.
[2026-03-29T05:06:02.562+0000] {subprocess.py:106} INFO - There are 1 unused configuration paths:
[2026-03-29T05:06:02.562+0000] {subprocess.py:106} INFO - - models.trans_snowf.example
[2026-03-29T05:06:02.656+0000] {subprocess.py:106} INFO - [0m05:06:02  Found 14 models, 3 sources, 522 macros
[2026-03-29T05:06:02.657+0000] {subprocess.py:106} INFO - [0m05:06:02
[2026-03-29T05:06:02.658+0000] {subprocess.py:106} INFO - [0m05:06:02  Concurrency: 1 threads (target='dev')
[2026-03-29T05:06:02.658+0000] {subprocess.py:106} INFO - [0m05:06:02
[2026-03-29T05:06:05.850+0000] {subprocess.py:106} INFO - [0m05:06:05  1 of 1 START sql incremental model PUBLIC_BRONZE.bronze_trans .................. [RUN]
[2026-03-29T05:22:28.246+0000] {subprocess.py:106} INFO - [0m05:22:28  1 of 1 OK created sql incremental model PUBLIC_BRONZE.bronze_trans ............. [[32mSUCCESS 0[0m in 982.39s]
[2026-03-29T05:22:28.493+0000] {subprocess.py:106} INFO - [0m05:22:28
[2026-03-29T05:22:28.495+0000] {subprocess.py:106} INFO - [0m05:22:28  Finished running 1 incremental model in 0 hours 16 minutes and 25.83 seconds (985.83s).
[2026-03-29T05:22:28.571+0000] {subprocess.py:106} INFO - [0m05:22:28
[2026-03-29T05:22:28.572+0000] {subprocess.py:106} INFO - [0m05:22:28  [32mCompleted successfully[0m
[2026-03-29T05:22:28.573+0000] {subprocess.py:106} INFO - [0m05:22:28
[2026-03-29T05:22:28.573+0000] {subprocess.py:106} INFO - [0m05:22:28  Done. PASS=1 WARN=0 ERROR=0 SKIP=0 NO-OP=0 TOTAL=1
[2026-03-29T05:22:31.639+0000] {subprocess.py:110} INFO - Command exited with return code 0
[2026-03-29T05:22:31.641+0000] {taskinstance.py:441} INFO - ::group::Post task execution logs
[2026-03-29T05:22:31.670+0000] {taskinstance.py:1206} INFO - Marking task as SUCCESS. dag_id=banking_01_bronze_layer, task_id=build_bronze_trans, run_id=scheduled__2026-03-29T04:00:00+00:00, execution_date=20260329T040000, start_date=20260329T050600, end_date=20260329T052231
[2026-03-29T05:22:31.709+0000] {local_task_job_runner.py:243} INFO - Task exited with return code 0
[2026-03-29T05:22:31.725+0000] {taskinstance.py:3503} INFO - 0 downstream tasks scheduled from follow-on schedule check
[2026-03-29T05:22:31.726+0000] {local_task_job_runner.py:222} INFO - ::endgroup::
