[2026-03-27T18:46:43.968+0000] {local_task_job_runner.py:120} INFO - ::group::Pre task execution logs
[2026-03-27T18:46:43.990+0000] {taskinstance.py:2076} INFO - Dependencies all met for dep_context=non-requeueable deps ti=<TaskInstance: banking_01_bronze_layer.debug scheduled__2026-03-27T16:00:00+00:00 [queued]>
[2026-03-27T18:46:43.994+0000] {taskinstance.py:2076} INFO - Dependencies all met for dep_context=requeueable deps ti=<TaskInstance: banking_01_bronze_layer.debug scheduled__2026-03-27T16:00:00+00:00 [queued]>
[2026-03-27T18:46:43.994+0000] {taskinstance.py:2306} INFO - Starting attempt 1 of 2
[2026-03-27T18:46:44.001+0000] {taskinstance.py:2330} INFO - Executing <Task(BashOperator): debug> on 2026-03-27 16:00:00+00:00
[2026-03-27T18:46:44.004+0000] {standard_task_runner.py:64} INFO - Started process 40013 to run task
[2026-03-27T18:46:44.007+0000] {standard_task_runner.py:90} INFO - Running: ['***', 'tasks', 'run', 'banking_01_bronze_layer', 'debug', 'scheduled__2026-03-27T16:00:00+00:00', '--job-id', '5522', '--raw', '--subdir', 'DAGS_FOLDER/dbt.py', '--cfg-path', '/tmp/tmpx1z4h3ye']
[2026-03-27T18:46:44.008+0000] {standard_task_runner.py:91} INFO - Job 5522: Subtask debug
[2026-03-27T18:46:44.039+0000] {task_command.py:426} INFO - Running <TaskInstance: banking_01_bronze_layer.debug scheduled__2026-03-27T16:00:00+00:00 [running]> on host c990dffe13ae
[2026-03-27T18:46:44.092+0000] {taskinstance.py:2648} INFO - Exporting env vars: AIRFLOW_CTX_DAG_OWNER='risheek' AIRFLOW_CTX_DAG_ID='banking_01_bronze_layer' AIRFLOW_CTX_TASK_ID='debug' AIRFLOW_CTX_EXECUTION_DATE='2026-03-27T16:00:00+00:00' AIRFLOW_CTX_TRY_NUMBER='1' AIRFLOW_CTX_DAG_RUN_ID='scheduled__2026-03-27T16:00:00+00:00'
[2026-03-27T18:46:44.093+0000] {taskinstance.py:430} INFO - ::endgroup::
[2026-03-27T18:46:44.094+0000] {subprocess.py:78} INFO - Tmp dir root location: /tmp
[2026-03-27T18:46:44.094+0000] {subprocess.py:88} INFO - Running command: ['/usr/bin/bash', '-c', 'dbt debug --profiles-dir /opt/***/dbt/trans_snowf']
[2026-03-27T18:46:44.098+0000] {subprocess.py:99} INFO - Output:
[2026-03-27T18:46:45.940+0000] {subprocess.py:106} INFO - [0m18:46:45  Running with dbt=1.11.7
[2026-03-27T18:46:45.954+0000] {subprocess.py:106} INFO - [0m18:46:45  dbt version: 1.11.7
[2026-03-27T18:46:45.955+0000] {subprocess.py:106} INFO - [0m18:46:45  python version: 3.12.4
[2026-03-27T18:46:45.955+0000] {subprocess.py:106} INFO - [0m18:46:45  python path: /home/***/.local/bin/python
[2026-03-27T18:46:45.956+0000] {subprocess.py:106} INFO - [0m18:46:45  os info: Linux-6.12.76-linuxkit-aarch64-with-glibc2.36
[2026-03-27T18:46:46.498+0000] {subprocess.py:106} INFO - [0m18:46:46  Using profiles dir at /opt/***/dbt/trans_snowf
[2026-03-27T18:46:46.499+0000] {subprocess.py:106} INFO - [0m18:46:46  Using profiles.yml file at /opt/***/dbt/trans_snowf/profiles.yml
[2026-03-27T18:46:46.499+0000] {subprocess.py:106} INFO - [0m18:46:46  Using dbt_project.yml file at /opt/***/dbt/trans_snowf/dbt_project.yml
[2026-03-27T18:46:46.500+0000] {subprocess.py:106} INFO - [0m18:46:46  adapter type: snowflake
[2026-03-27T18:46:46.500+0000] {subprocess.py:106} INFO - [0m18:46:46  adapter version: 1.11.3
[2026-03-27T18:46:46.574+0000] {subprocess.py:106} INFO - [0m18:46:46  Configuration:
[2026-03-27T18:46:46.574+0000] {subprocess.py:106} INFO - [0m18:46:46    profiles.yml file [[32mOK found and valid[0m]
[2026-03-27T18:46:46.576+0000] {subprocess.py:106} INFO - [0m18:46:46    dbt_project.yml file [[32mOK found and valid[0m]
[2026-03-27T18:46:46.576+0000] {subprocess.py:106} INFO - [0m18:46:46  Required dependencies:
[2026-03-27T18:46:46.579+0000] {subprocess.py:106} INFO - [0m18:46:46   - git [[31mERROR[0m]
[2026-03-27T18:46:46.579+0000] {subprocess.py:106} INFO - 
[2026-03-27T18:46:46.579+0000] {subprocess.py:106} INFO - [0m18:46:46  Connection:
[2026-03-27T18:46:46.580+0000] {subprocess.py:106} INFO - [0m18:46:46    account: BBMCDSP-CT02489
[2026-03-27T18:46:46.580+0000] {subprocess.py:106} INFO - [0m18:46:46    user: user123
[2026-03-27T18:46:46.580+0000] {subprocess.py:106} INFO - [0m18:46:46    database: BANKING
[2026-03-27T18:46:46.581+0000] {subprocess.py:106} INFO - [0m18:46:46    warehouse: COMPUTE_WH
[2026-03-27T18:46:46.582+0000] {subprocess.py:106} INFO - [0m18:46:46    role: dbtadmin
[2026-03-27T18:46:46.582+0000] {subprocess.py:106} INFO - [0m18:46:46    schema: PUBLIC
[2026-03-27T18:46:46.582+0000] {subprocess.py:106} INFO - [0m18:46:46    authenticator: None
[2026-03-27T18:46:46.583+0000] {subprocess.py:106} INFO - [0m18:46:46    oauth_client_id: None
[2026-03-27T18:46:46.583+0000] {subprocess.py:106} INFO - [0m18:46:46    query_tag: None
[2026-03-27T18:46:46.584+0000] {subprocess.py:106} INFO - [0m18:46:46    client_session_keep_alive: False
[2026-03-27T18:46:46.584+0000] {subprocess.py:106} INFO - [0m18:46:46    host: None
[2026-03-27T18:46:46.584+0000] {subprocess.py:106} INFO - [0m18:46:46    port: None
[2026-03-27T18:46:46.585+0000] {subprocess.py:106} INFO - [0m18:46:46    proxy_host: None
[2026-03-27T18:46:46.585+0000] {subprocess.py:106} INFO - [0m18:46:46    proxy_port: None
[2026-03-27T18:46:46.585+0000] {subprocess.py:106} INFO - [0m18:46:46    protocol: None
[2026-03-27T18:46:46.586+0000] {subprocess.py:106} INFO - [0m18:46:46    connect_retries: 1
[2026-03-27T18:46:46.586+0000] {subprocess.py:106} INFO - [0m18:46:46    connect_timeout: None
[2026-03-27T18:46:46.586+0000] {subprocess.py:106} INFO - [0m18:46:46    retry_on_database_errors: False
[2026-03-27T18:46:46.587+0000] {subprocess.py:106} INFO - [0m18:46:46    retry_all: False
[2026-03-27T18:46:46.587+0000] {subprocess.py:106} INFO - [0m18:46:46    insecure_mode: False
[2026-03-27T18:46:46.587+0000] {subprocess.py:106} INFO - [0m18:46:46    reuse_connections: True
[2026-03-27T18:46:46.588+0000] {subprocess.py:106} INFO - [0m18:46:46    s3_stage_vpce_dns_name: None
[2026-03-27T18:46:46.590+0000] {subprocess.py:106} INFO - [0m18:46:46    platform_detection_timeout_seconds: 0.0
[2026-03-27T18:46:46.590+0000] {subprocess.py:106} INFO - [0m18:46:46  Registered adapter: snowflake=1.11.3
[2026-03-27T18:46:47.365+0000] {subprocess.py:106} INFO - [0m18:46:47    Connection test: [[31mERROR[0m]
[2026-03-27T18:46:47.366+0000] {subprocess.py:106} INFO - 
[2026-03-27T18:46:47.367+0000] {subprocess.py:106} INFO - [0m18:46:47  [31m2 checks failed:[0m
[2026-03-27T18:46:47.368+0000] {subprocess.py:106} INFO - [0m18:46:47  Error from git --help: Could not find command, ensure it is in the user's PATH: "git"
[2026-03-27T18:46:47.368+0000] {subprocess.py:106} INFO - 
[2026-03-27T18:46:47.369+0000] {subprocess.py:106} INFO - [0m18:46:47  dbt was unable to connect to the specified database.
[2026-03-27T18:46:47.369+0000] {subprocess.py:106} INFO - The database returned the following error:
[2026-03-27T18:46:47.369+0000] {subprocess.py:106} INFO - 
[2026-03-27T18:46:47.370+0000] {subprocess.py:106} INFO -   >Database Error
[2026-03-27T18:46:47.370+0000] {subprocess.py:106} INFO -   250001 (08001): Failed to connect to DB: BBMCDSP-CT02489.snowflakecomputing.com:443. JWT token is invalid. [bba4dbf3-1eff-4381-a987-6315c5a6f333]
[2026-03-27T18:46:47.371+0000] {subprocess.py:106} INFO - 
[2026-03-27T18:46:47.371+0000] {subprocess.py:106} INFO - Check your database credentials and try again. For more information, visit:
[2026-03-27T18:46:47.372+0000] {subprocess.py:106} INFO - https://docs.getdbt.com/docs/configure-your-profile
[2026-03-27T18:46:47.372+0000] {subprocess.py:106} INFO - 
[2026-03-27T18:46:47.372+0000] {subprocess.py:106} INFO - 
[2026-03-27T18:46:49.071+0000] {subprocess.py:110} INFO - Command exited with return code 1
[2026-03-27T18:46:49.077+0000] {taskinstance.py:441} INFO - ::group::Post task execution logs
[2026-03-27T18:46:49.125+0000] {taskinstance.py:2905} ERROR - Task failed with exception
Traceback (most recent call last):
  File "/home/airflow/.local/lib/python3.12/site-packages/airflow/models/taskinstance.py", line 465, in _execute_task
    result = _execute_callable(context=context, **execute_callable_kwargs)
             ^^^^^^^^^^^^^^^^^^^^^^^^^^^^^^^^^^^^^^^^^^^^^^^^^^^^^^^^^^^^^
  File "/home/airflow/.local/lib/python3.12/site-packages/airflow/models/taskinstance.py", line 432, in _execute_callable
    return execute_callable(context=context, **execute_callable_kwargs)
           ^^^^^^^^^^^^^^^^^^^^^^^^^^^^^^^^^^^^^^^^^^^^^^^^^^^^^^^^^^^^
  File "/home/airflow/.local/lib/python3.12/site-packages/airflow/models/baseoperator.py", line 401, in wrapper
    return func(self, *args, **kwargs)
           ^^^^^^^^^^^^^^^^^^^^^^^^^^^
  File "/home/airflow/.local/lib/python3.12/site-packages/airflow/providers/standard/operators/bash.py", line 233, in execute
    raise AirflowException(
airflow.exceptions.AirflowException: Bash command failed. The command returned a non-zero exit code 1.
[2026-03-27T18:46:49.135+0000] {taskinstance.py:1206} INFO - Marking task as UP_FOR_RETRY. dag_id=banking_01_bronze_layer, task_id=debug, run_id=scheduled__2026-03-27T16:00:00+00:00, execution_date=20260327T160000, start_date=20260327T184643, end_date=20260327T184649
[2026-03-27T18:46:49.168+0000] {standard_task_runner.py:110} ERROR - Failed to execute job 5522 for task debug (Bash command failed. The command returned a non-zero exit code 1.; 40013)
[2026-03-27T18:46:49.188+0000] {local_task_job_runner.py:243} INFO - Task exited with return code 1
[2026-03-27T18:46:49.217+0000] {taskinstance.py:3503} INFO - 0 downstream tasks scheduled from follow-on schedule check
[2026-03-27T18:46:49.219+0000] {local_task_job_runner.py:222} INFO - ::endgroup::
