[2026-03-27T20:14:30.613+0000] {local_task_job_runner.py:120} INFO - ::group::Pre task execution logs
[2026-03-27T20:14:30.628+0000] {taskinstance.py:2076} INFO - Dependencies all met for dep_context=non-requeueable deps ti=<TaskInstance: banking_01_bronze_layer.debug scheduled__2026-03-27T16:00:00+00:00 [queued]>
[2026-03-27T20:14:30.631+0000] {taskinstance.py:2076} INFO - Dependencies all met for dep_context=requeueable deps ti=<TaskInstance: banking_01_bronze_layer.debug scheduled__2026-03-27T16:00:00+00:00 [queued]>
[2026-03-27T20:14:30.631+0000] {taskinstance.py:2306} INFO - Starting attempt 2 of 2
[2026-03-27T20:14:30.637+0000] {taskinstance.py:2330} INFO - Executing <Task(BashOperator): debug> on 2026-03-27 16:00:00+00:00
[2026-03-27T20:14:30.639+0000] {standard_task_runner.py:64} INFO - Started process 40592 to run task
[2026-03-27T20:14:30.640+0000] {standard_task_runner.py:90} INFO - Running: ['***', 'tasks', 'run', 'banking_01_bronze_layer', 'debug', 'scheduled__2026-03-27T16:00:00+00:00', '--job-id', '5550', '--raw', '--subdir', 'DAGS_FOLDER/dbt.py', '--cfg-path', '/tmp/tmppjdy6w4r']
[2026-03-27T20:14:30.641+0000] {standard_task_runner.py:91} INFO - Job 5550: Subtask debug
[2026-03-27T20:14:30.665+0000] {task_command.py:426} INFO - Running <TaskInstance: banking_01_bronze_layer.debug scheduled__2026-03-27T16:00:00+00:00 [running]> on host c990dffe13ae
[2026-03-27T20:14:30.706+0000] {taskinstance.py:2648} INFO - Exporting env vars: AIRFLOW_CTX_DAG_OWNER='risheek' AIRFLOW_CTX_DAG_ID='banking_01_bronze_layer' AIRFLOW_CTX_TASK_ID='debug' AIRFLOW_CTX_EXECUTION_DATE='2026-03-27T16:00:00+00:00' AIRFLOW_CTX_TRY_NUMBER='2' AIRFLOW_CTX_DAG_RUN_ID='scheduled__2026-03-27T16:00:00+00:00'
[2026-03-27T20:14:30.707+0000] {taskinstance.py:430} INFO - ::endgroup::
[2026-03-27T20:14:30.707+0000] {subprocess.py:78} INFO - Tmp dir root location: /tmp
[2026-03-27T20:14:30.708+0000] {subprocess.py:88} INFO - Running command: ['/usr/bin/bash', '-c', 'dbt debug --profiles-dir /opt/***/dbt/trans_snowf']
[2026-03-27T20:14:30.712+0000] {subprocess.py:99} INFO - Output:
[2026-03-27T20:14:32.019+0000] {subprocess.py:106} INFO - [0m20:14:32  Running with dbt=1.11.7
[2026-03-27T20:14:32.026+0000] {subprocess.py:106} INFO - [0m20:14:32  dbt version: 1.11.7
[2026-03-27T20:14:32.026+0000] {subprocess.py:106} INFO - [0m20:14:32  python version: 3.12.4
[2026-03-27T20:14:32.027+0000] {subprocess.py:106} INFO - [0m20:14:32  python path: /home/***/.local/bin/python
[2026-03-27T20:14:32.027+0000] {subprocess.py:106} INFO - [0m20:14:32  os info: Linux-6.12.76-linuxkit-aarch64-with-glibc2.36
[2026-03-27T20:14:32.472+0000] {subprocess.py:106} INFO - [0m20:14:32  Using profiles dir at /opt/***/dbt/trans_snowf
[2026-03-27T20:14:32.473+0000] {subprocess.py:106} INFO - [0m20:14:32  Using profiles.yml file at /opt/***/dbt/trans_snowf/profiles.yml
[2026-03-27T20:14:32.473+0000] {subprocess.py:106} INFO - [0m20:14:32  Using dbt_project.yml file at /opt/***/dbt/trans_snowf/dbt_project.yml
[2026-03-27T20:14:32.473+0000] {subprocess.py:106} INFO - [0m20:14:32  adapter type: snowflake
[2026-03-27T20:14:32.474+0000] {subprocess.py:106} INFO - [0m20:14:32  adapter version: 1.11.3
[2026-03-27T20:14:32.537+0000] {subprocess.py:106} INFO - [0m20:14:32  Configuration:
[2026-03-27T20:14:32.537+0000] {subprocess.py:106} INFO - [0m20:14:32    profiles.yml file [[32mOK found and valid[0m]
[2026-03-27T20:14:32.538+0000] {subprocess.py:106} INFO - [0m20:14:32    dbt_project.yml file [[32mOK found and valid[0m]
[2026-03-27T20:14:32.538+0000] {subprocess.py:106} INFO - [0m20:14:32  Required dependencies:
[2026-03-27T20:14:32.539+0000] {subprocess.py:106} INFO - [0m20:14:32   - git [[31mERROR[0m]
[2026-03-27T20:14:32.540+0000] {subprocess.py:106} INFO - 
[2026-03-27T20:14:32.540+0000] {subprocess.py:106} INFO - [0m20:14:32  Connection:
[2026-03-27T20:14:32.540+0000] {subprocess.py:106} INFO - [0m20:14:32    account: BBMCDSP-CT02489
[2026-03-27T20:14:32.540+0000] {subprocess.py:106} INFO - [0m20:14:32    user: user123
[2026-03-27T20:14:32.541+0000] {subprocess.py:106} INFO - [0m20:14:32    database: BANKING
[2026-03-27T20:14:32.541+0000] {subprocess.py:106} INFO - [0m20:14:32    warehouse: COMPUTE_WH
[2026-03-27T20:14:32.541+0000] {subprocess.py:106} INFO - [0m20:14:32    role: dbtadmin
[2026-03-27T20:14:32.542+0000] {subprocess.py:106} INFO - [0m20:14:32    schema: PUBLIC
[2026-03-27T20:14:32.542+0000] {subprocess.py:106} INFO - [0m20:14:32    authenticator: None
[2026-03-27T20:14:32.542+0000] {subprocess.py:106} INFO - [0m20:14:32    oauth_client_id: None
[2026-03-27T20:14:32.543+0000] {subprocess.py:106} INFO - [0m20:14:32    query_tag: None
[2026-03-27T20:14:32.543+0000] {subprocess.py:106} INFO - [0m20:14:32    client_session_keep_alive: False
[2026-03-27T20:14:32.543+0000] {subprocess.py:106} INFO - [0m20:14:32    host: None
[2026-03-27T20:14:32.544+0000] {subprocess.py:106} INFO - [0m20:14:32    port: None
[2026-03-27T20:14:32.544+0000] {subprocess.py:106} INFO - [0m20:14:32    proxy_host: None
[2026-03-27T20:14:32.544+0000] {subprocess.py:106} INFO - [0m20:14:32    proxy_port: None
[2026-03-27T20:14:32.545+0000] {subprocess.py:106} INFO - [0m20:14:32    protocol: None
[2026-03-27T20:14:32.545+0000] {subprocess.py:106} INFO - [0m20:14:32    connect_retries: 1
[2026-03-27T20:14:32.545+0000] {subprocess.py:106} INFO - [0m20:14:32    connect_timeout: None
[2026-03-27T20:14:32.546+0000] {subprocess.py:106} INFO - [0m20:14:32    retry_on_database_errors: False
[2026-03-27T20:14:32.546+0000] {subprocess.py:106} INFO - [0m20:14:32    retry_all: False
[2026-03-27T20:14:32.546+0000] {subprocess.py:106} INFO - [0m20:14:32    insecure_mode: False
[2026-03-27T20:14:32.547+0000] {subprocess.py:106} INFO - [0m20:14:32    reuse_connections: True
[2026-03-27T20:14:32.547+0000] {subprocess.py:106} INFO - [0m20:14:32    s3_stage_vpce_dns_name: None
[2026-03-27T20:14:32.547+0000] {subprocess.py:106} INFO - [0m20:14:32    platform_detection_timeout_seconds: 0.0
[2026-03-27T20:14:32.548+0000] {subprocess.py:106} INFO - [0m20:14:32  Registered adapter: snowflake=1.11.3
[2026-03-27T20:14:33.382+0000] {subprocess.py:106} INFO - [0m20:14:33    Connection test: [[32mOK connection ok[0m]
[2026-03-27T20:14:33.384+0000] {subprocess.py:106} INFO - 
[2026-03-27T20:14:33.384+0000] {subprocess.py:106} INFO - [0m20:14:33  [31m1 check failed:[0m
[2026-03-27T20:14:33.385+0000] {subprocess.py:106} INFO - [0m20:14:33  Error from git --help: Could not find command, ensure it is in the user's PATH: "git"
[2026-03-27T20:14:33.386+0000] {subprocess.py:106} INFO - 
[2026-03-27T20:14:35.544+0000] {subprocess.py:110} INFO - Command exited with return code 1
[2026-03-27T20:14:35.546+0000] {taskinstance.py:441} INFO - ::group::Post task execution logs
[2026-03-27T20:14:35.570+0000] {taskinstance.py:2905} ERROR - Task failed with exception
Traceback (most recent call last):
  File "/home/airflow/.local/lib/python3.12/site-packages/airflow/models/taskinstance.py", line 465, in _execute_task
    result = _execute_callable(context=context, **execute_callable_kwargs)
             ^^^^^^^^^^^^^^^^^^^^^^^^^^^^^^^^^^^^^^^^^^^^^^^^^^^^^^^^^^^^^
  File "/home/airflow/.local/lib/python3.12/site-packages/airflow/models/taskinstance.py", line 432, in _execute_callable
    return execute_callable(context=context, **execute_callable_kwargs)
           ^^^^^^^^^^^^^^^^^^^^^^^^^^^^^^^^^^^^^^^^^^^^^^^^^^^^^^^^^^^^
  File "/home/airflow/.local/lib/python3.12/site-packages/airflow/models/baseoperator.py", line 401, in wrapper
    return func(self, *args, **kwargs)
           ^^^^^^^^^^^^^^^^^^^^^^^^^^^
  File "/home/airflow/.local/lib/python3.12/site-packages/airflow/providers/standard/operators/bash.py", line 233, in execute
    raise AirflowException(
airflow.exceptions.AirflowException: Bash command failed. The command returned a non-zero exit code 1.
[2026-03-27T20:14:35.575+0000] {taskinstance.py:1206} INFO - Marking task as FAILED. dag_id=banking_01_bronze_layer, task_id=debug, run_id=scheduled__2026-03-27T16:00:00+00:00, execution_date=20260327T160000, start_date=20260327T201430, end_date=20260327T201435
[2026-03-27T20:14:35.591+0000] {standard_task_runner.py:110} ERROR - Failed to execute job 5550 for task debug (Bash command failed. The command returned a non-zero exit code 1.; 40592)
[2026-03-27T20:14:35.634+0000] {local_task_job_runner.py:243} INFO - Task exited with return code 1
[2026-03-27T20:14:35.660+0000] {taskinstance.py:3503} INFO - 0 downstream tasks scheduled from follow-on schedule check
[2026-03-27T20:14:35.662+0000] {local_task_job_runner.py:222} INFO - ::endgroup::
