[2026-03-28T02:48:22.205+0000] {local_task_job_runner.py:120} INFO - ::group::Pre task execution logs
[2026-03-28T02:48:22.225+0000] {taskinstance.py:2076} INFO - Dependencies all met for dep_context=non-requeueable deps ti=<TaskInstance: banking_01_bronze_layer.build_bronze_trans scheduled__2026-03-27T22:00:00+00:00 [queued]>
[2026-03-28T02:48:22.228+0000] {taskinstance.py:2076} INFO - Dependencies all met for dep_context=requeueable deps ti=<TaskInstance: banking_01_bronze_layer.build_bronze_trans scheduled__2026-03-27T22:00:00+00:00 [queued]>
[2026-03-28T02:48:22.229+0000] {taskinstance.py:2306} INFO - Starting attempt 2 of 2
[2026-03-28T02:48:22.234+0000] {taskinstance.py:2330} INFO - Executing <Task(BashOperator): build_bronze_trans> on 2026-03-27 22:00:00+00:00
[2026-03-28T02:48:22.237+0000] {standard_task_runner.py:64} INFO - Started process 43609 to run task
[2026-03-28T02:48:22.239+0000] {standard_task_runner.py:90} INFO - Running: ['***', 'tasks', 'run', 'banking_01_bronze_layer', 'build_bronze_trans', 'scheduled__2026-03-27T22:00:00+00:00', '--job-id', '5694', '--raw', '--subdir', 'DAGS_FOLDER/dbt.py', '--cfg-path', '/tmp/tmp6r_iv_4w']
[2026-03-28T02:48:22.240+0000] {standard_task_runner.py:91} INFO - Job 5694: Subtask build_bronze_trans
[2026-03-28T02:48:22.266+0000] {task_command.py:426} INFO - Running <TaskInstance: banking_01_bronze_layer.build_bronze_trans scheduled__2026-03-27T22:00:00+00:00 [running]> on host c990dffe13ae
[2026-03-28T02:48:22.310+0000] {taskinstance.py:2648} INFO - Exporting env vars: AIRFLOW_CTX_DAG_OWNER='risheek' AIRFLOW_CTX_DAG_ID='banking_01_bronze_layer' AIRFLOW_CTX_TASK_ID='build_bronze_trans' AIRFLOW_CTX_EXECUTION_DATE='2026-03-27T22:00:00+00:00' AIRFLOW_CTX_TRY_NUMBER='2' AIRFLOW_CTX_DAG_RUN_ID='scheduled__2026-03-27T22:00:00+00:00'
[2026-03-28T02:48:22.311+0000] {taskinstance.py:430} INFO - ::endgroup::
[2026-03-28T02:48:22.312+0000] {subprocess.py:78} INFO - Tmp dir root location: /tmp
[2026-03-28T02:48:22.312+0000] {subprocess.py:88} INFO - Running command: ['/usr/bin/bash', '-c', 'dbt build --select bronze_trans']
[2026-03-28T02:48:22.316+0000] {subprocess.py:99} INFO - Output:
[2026-03-28T02:48:23.927+0000] {subprocess.py:106} INFO - [0m02:48:23  Running with dbt=1.11.7
[2026-03-28T02:48:24.669+0000] {subprocess.py:106} INFO - [0m02:48:24  Registered adapter: snowflake=1.11.3
[2026-03-28T02:48:24.854+0000] {subprocess.py:106} INFO - [0m02:48:24  [[33mWARNING[0m]: Configuration paths exist in your dbt_project.yml file which do not apply to any resources.
[2026-03-28T02:48:24.855+0000] {subprocess.py:106} INFO - There are 1 unused configuration paths:
[2026-03-28T02:48:24.855+0000] {subprocess.py:106} INFO - - models.trans_snowf.example
[2026-03-28T02:48:24.979+0000] {subprocess.py:106} INFO - [0m02:48:24  Found 14 models, 3 sources, 522 macros
[2026-03-28T02:48:24.981+0000] {subprocess.py:106} INFO - [0m02:48:24
[2026-03-28T02:48:24.982+0000] {subprocess.py:106} INFO - [0m02:48:24  Concurrency: 1 threads (target='dev')
[2026-03-28T02:48:24.982+0000] {subprocess.py:106} INFO - [0m02:48:24
[2026-03-28T02:48:26.135+0000] {subprocess.py:106} INFO - [0m02:48:26
[2026-03-28T02:48:26.141+0000] {subprocess.py:106} INFO - [0m02:48:26  Finished running  in 0 hours 0 minutes and 1.15 seconds (1.15s).
[2026-03-28T02:48:26.144+0000] {subprocess.py:106} INFO - [0m02:48:26  Encountered an error:
[2026-03-28T02:48:26.145+0000] {subprocess.py:106} INFO - Runtime Error
[2026-03-28T02:48:26.146+0000] {subprocess.py:106} INFO -   Database error while listing schemas in database "BANKING"
[2026-03-28T02:48:26.146+0000] {subprocess.py:106} INFO -   Database Error
[2026-03-28T02:48:26.147+0000] {subprocess.py:106} INFO -     250001 (08001): Failed to connect to DB: BBMCDSP-CT02489.snowflakecomputing.com:443. JWT token is invalid. [6faa3fe1-b541-45fd-bed2-4eb9dfbd1779]
[2026-03-28T02:48:28.245+0000] {subprocess.py:110} INFO - Command exited with return code 2
[2026-03-28T02:48:28.247+0000] {taskinstance.py:441} INFO - ::group::Post task execution logs
[2026-03-28T02:48:28.273+0000] {taskinstance.py:2905} ERROR - Task failed with exception
Traceback (most recent call last):
  File "/home/airflow/.local/lib/python3.12/site-packages/airflow/models/taskinstance.py", line 465, in _execute_task
    result = _execute_callable(context=context, **execute_callable_kwargs)
             ^^^^^^^^^^^^^^^^^^^^^^^^^^^^^^^^^^^^^^^^^^^^^^^^^^^^^^^^^^^^^
  File "/home/airflow/.local/lib/python3.12/site-packages/airflow/models/taskinstance.py", line 432, in _execute_callable
    return execute_callable(context=context, **execute_callable_kwargs)
           ^^^^^^^^^^^^^^^^^^^^^^^^^^^^^^^^^^^^^^^^^^^^^^^^^^^^^^^^^^^^
  File "/home/airflow/.local/lib/python3.12/site-packages/airflow/models/baseoperator.py", line 401, in wrapper
    return func(self, *args, **kwargs)
           ^^^^^^^^^^^^^^^^^^^^^^^^^^^
  File "/home/airflow/.local/lib/python3.12/site-packages/airflow/providers/standard/operators/bash.py", line 233, in execute
    raise AirflowException(
airflow.exceptions.AirflowException: Bash command failed. The command returned a non-zero exit code 2.
[2026-03-28T02:48:28.279+0000] {taskinstance.py:1206} INFO - Marking task as FAILED. dag_id=banking_01_bronze_layer, task_id=build_bronze_trans, run_id=scheduled__2026-03-27T22:00:00+00:00, execution_date=20260327T220000, start_date=20260328T024822, end_date=20260328T024828
[2026-03-28T02:48:28.294+0000] {standard_task_runner.py:110} ERROR - Failed to execute job 5694 for task build_bronze_trans (Bash command failed. The command returned a non-zero exit code 2.; 43609)
[2026-03-28T02:48:28.306+0000] {local_task_job_runner.py:243} INFO - Task exited with return code 1
[2026-03-28T02:48:28.319+0000] {taskinstance.py:3503} INFO - 0 downstream tasks scheduled from follow-on schedule check
[2026-03-28T02:48:28.320+0000] {local_task_job_runner.py:222} INFO - ::endgroup::
