[2026-04-03T06:17:23.653+0000] {local_task_job_runner.py:120} INFO - ::group::Pre task execution logs
[2026-04-03T06:17:23.669+0000] {taskinstance.py:2076} INFO - Dependencies all met for dep_context=non-requeueable deps ti=<TaskInstance: banking_01_bronze_layer.compile manual__2026-04-03T06:17:09.590480+00:00 [queued]>
[2026-04-03T06:17:23.673+0000] {taskinstance.py:2076} INFO - Dependencies all met for dep_context=requeueable deps ti=<TaskInstance: banking_01_bronze_layer.compile manual__2026-04-03T06:17:09.590480+00:00 [queued]>
[2026-04-03T06:17:23.673+0000] {taskinstance.py:2306} INFO - Starting attempt 1 of 2
[2026-04-03T06:17:23.679+0000] {taskinstance.py:2330} INFO - Executing <Task(BashOperator): compile> on 2026-04-03 06:17:09.590480+00:00
[2026-04-03T06:17:23.682+0000] {standard_task_runner.py:64} INFO - Started process 650 to run task
[2026-04-03T06:17:23.684+0000] {standard_task_runner.py:90} INFO - Running: ['***', 'tasks', 'run', 'banking_01_bronze_layer', 'compile', 'manual__2026-04-03T06:17:09.590480+00:00', '--job-id', '9585', '--raw', '--subdir', 'DAGS_FOLDER/dbt.py', '--cfg-path', '/tmp/tmp5t4aqiji']
[2026-04-03T06:17:23.685+0000] {standard_task_runner.py:91} INFO - Job 9585: Subtask compile
[2026-04-03T06:17:23.712+0000] {task_command.py:426} INFO - Running <TaskInstance: banking_01_bronze_layer.compile manual__2026-04-03T06:17:09.590480+00:00 [running]> on host c990dffe13ae
[2026-04-03T06:17:23.756+0000] {taskinstance.py:2648} INFO - Exporting env vars: AIRFLOW_CTX_DAG_OWNER='risheek' AIRFLOW_CTX_DAG_ID='banking_01_bronze_layer' AIRFLOW_CTX_TASK_ID='compile' AIRFLOW_CTX_EXECUTION_DATE='2026-04-03T06:17:09.590480+00:00' AIRFLOW_CTX_TRY_NUMBER='1' AIRFLOW_CTX_DAG_RUN_ID='manual__2026-04-03T06:17:09.590480+00:00'
[2026-04-03T06:17:23.757+0000] {taskinstance.py:430} INFO - ::endgroup::
[2026-04-03T06:17:23.757+0000] {subprocess.py:78} INFO - Tmp dir root location: /tmp
[2026-04-03T06:17:23.758+0000] {subprocess.py:88} INFO - Running command: ['/usr/bin/bash', '-c', 'dbt compile --profiles-dir /opt/***/dbt/trans_snowf']
[2026-04-03T06:17:23.761+0000] {subprocess.py:99} INFO - Output:
[2026-04-03T06:17:24.963+0000] {subprocess.py:106} INFO - [0m06:17:24  Running with dbt=1.11.7
[2026-04-03T06:17:25.462+0000] {subprocess.py:106} INFO - [0m06:17:25  Registered adapter: snowflake=1.11.3
[2026-04-03T06:17:25.778+0000] {subprocess.py:106} INFO - [0m06:17:25  [[33mWARNING[0m]: Configuration paths exist in your dbt_project.yml file which do not apply to any resources.
[2026-04-03T06:17:25.779+0000] {subprocess.py:106} INFO - There are 1 unused configuration paths:
[2026-04-03T06:17:25.779+0000] {subprocess.py:106} INFO - - models.trans_snowf.example
[2026-04-03T06:17:25.924+0000] {subprocess.py:106} INFO - [0m06:17:25  Found 14 models, 3 sources, 522 macros
[2026-04-03T06:17:25.926+0000] {subprocess.py:106} INFO - [0m06:17:25
[2026-04-03T06:17:25.926+0000] {subprocess.py:106} INFO - [0m06:17:25  Concurrency: 1 threads (target='dev')
[2026-04-03T06:17:25.926+0000] {subprocess.py:106} INFO - [0m06:17:25
[2026-04-03T06:17:34.361+0000] {subprocess.py:110} INFO - Command exited with return code 0
[2026-04-03T06:17:34.363+0000] {taskinstance.py:441} INFO - ::group::Post task execution logs
[2026-04-03T06:17:34.402+0000] {taskinstance.py:1206} INFO - Marking task as SUCCESS. dag_id=banking_01_bronze_layer, task_id=compile, run_id=manual__2026-04-03T06:17:09.590480+00:00, execution_date=20260403T061709, start_date=20260403T061723, end_date=20260403T061734
[2026-04-03T06:17:34.431+0000] {local_task_job_runner.py:243} INFO - Task exited with return code 0
[2026-04-03T06:17:34.444+0000] {taskinstance.py:3503} INFO - 0 downstream tasks scheduled from follow-on schedule check
[2026-04-03T06:17:34.445+0000] {local_task_job_runner.py:222} INFO - ::endgroup::
