[2026-03-30T07:01:21.106+0000] {local_task_job_runner.py:120} INFO - ::group::Pre task execution logs
[2026-03-30T07:01:21.122+0000] {taskinstance.py:2076} INFO - Dependencies all met for dep_context=non-requeueable deps ti=<TaskInstance: banking_01_bronze_layer.build_bronze_trans scheduled__2026-03-30T06:30:00+00:00 [queued]>
[2026-03-30T07:01:21.126+0000] {taskinstance.py:2076} INFO - Dependencies all met for dep_context=requeueable deps ti=<TaskInstance: banking_01_bronze_layer.build_bronze_trans scheduled__2026-03-30T06:30:00+00:00 [queued]>
[2026-03-30T07:01:21.126+0000] {taskinstance.py:2306} INFO - Starting attempt 1 of 2
[2026-03-30T07:01:21.133+0000] {taskinstance.py:2330} INFO - Executing <Task(BashOperator): build_bronze_trans> on 2026-03-30 06:30:00+00:00
[2026-03-30T07:01:21.135+0000] {standard_task_runner.py:64} INFO - Started process 1599 to run task
[2026-03-30T07:01:21.137+0000] {standard_task_runner.py:90} INFO - Running: ['***', 'tasks', 'run', 'banking_01_bronze_layer', 'build_bronze_trans', 'scheduled__2026-03-30T06:30:00+00:00', '--job-id', '7547', '--raw', '--subdir', 'DAGS_FOLDER/dbt.py', '--cfg-path', '/tmp/tmp3cht9mdn']
[2026-03-30T07:01:21.138+0000] {standard_task_runner.py:91} INFO - Job 7547: Subtask build_bronze_trans
[2026-03-30T07:01:21.173+0000] {task_command.py:426} INFO - Running <TaskInstance: banking_01_bronze_layer.build_bronze_trans scheduled__2026-03-30T06:30:00+00:00 [running]> on host c990dffe13ae
[2026-03-30T07:01:21.223+0000] {taskinstance.py:2648} INFO - Exporting env vars: AIRFLOW_CTX_DAG_OWNER='risheek' AIRFLOW_CTX_DAG_ID='banking_01_bronze_layer' AIRFLOW_CTX_TASK_ID='build_bronze_trans' AIRFLOW_CTX_EXECUTION_DATE='2026-03-30T06:30:00+00:00' AIRFLOW_CTX_TRY_NUMBER='1' AIRFLOW_CTX_DAG_RUN_ID='scheduled__2026-03-30T06:30:00+00:00'
[2026-03-30T07:01:21.224+0000] {taskinstance.py:430} INFO - ::endgroup::
[2026-03-30T07:01:21.224+0000] {subprocess.py:78} INFO - Tmp dir root location: /tmp
[2026-03-30T07:01:21.225+0000] {subprocess.py:88} INFO - Running command: ['/usr/bin/bash', '-c', 'dbt build --select bronze_trans']
[2026-03-30T07:01:21.228+0000] {subprocess.py:99} INFO - Output:
[2026-03-30T07:01:22.676+0000] {subprocess.py:106} INFO - [0m07:01:22  Running with dbt=1.11.7
[2026-03-30T07:01:23.215+0000] {subprocess.py:106} INFO - [0m07:01:23  Registered adapter: snowflake=1.11.3
[2026-03-30T07:01:23.359+0000] {subprocess.py:106} INFO - [0m07:01:23  [[33mWARNING[0m]: Configuration paths exist in your dbt_project.yml file which do not apply to any resources.
[2026-03-30T07:01:23.360+0000] {subprocess.py:106} INFO - There are 1 unused configuration paths:
[2026-03-30T07:01:23.360+0000] {subprocess.py:106} INFO - - models.trans_snowf.example
[2026-03-30T07:01:23.456+0000] {subprocess.py:106} INFO - [0m07:01:23  Found 14 models, 3 sources, 522 macros
[2026-03-30T07:01:23.457+0000] {subprocess.py:106} INFO - [0m07:01:23
[2026-03-30T07:01:23.458+0000] {subprocess.py:106} INFO - [0m07:01:23  Concurrency: 1 threads (target='dev')
[2026-03-30T07:01:23.458+0000] {subprocess.py:106} INFO - [0m07:01:23
[2026-03-30T07:01:25.222+0000] {subprocess.py:106} INFO - [0m07:01:25  1 of 1 START sql incremental model PUBLIC_BRONZE.bronze_trans .................. [RUN]
[2026-03-30T07:01:29.543+0000] {subprocess.py:106} INFO - [0m07:01:29  1 of 1 OK created sql incremental model PUBLIC_BRONZE.bronze_trans ............. [[32mSUCCESS 0[0m in 4.31s]
[2026-03-30T07:01:29.865+0000] {subprocess.py:106} INFO - [0m07:01:29
[2026-03-30T07:01:29.867+0000] {subprocess.py:106} INFO - [0m07:01:29  Finished running 1 incremental model in 0 hours 0 minutes and 6.41 seconds (6.41s).
[2026-03-30T07:01:29.943+0000] {subprocess.py:106} INFO - [0m07:01:29
[2026-03-30T07:01:29.944+0000] {subprocess.py:106} INFO - [0m07:01:29  [32mCompleted successfully[0m
[2026-03-30T07:01:29.944+0000] {subprocess.py:106} INFO - [0m07:01:29
[2026-03-30T07:01:29.945+0000] {subprocess.py:106} INFO - [0m07:01:29  Done. PASS=1 WARN=0 ERROR=0 SKIP=0 NO-OP=0 TOTAL=1
[2026-03-30T07:01:34.198+0000] {subprocess.py:110} INFO - Command exited with return code 0
[2026-03-30T07:01:34.200+0000] {taskinstance.py:441} INFO - ::group::Post task execution logs
[2026-03-30T07:01:34.240+0000] {taskinstance.py:1206} INFO - Marking task as SUCCESS. dag_id=banking_01_bronze_layer, task_id=build_bronze_trans, run_id=scheduled__2026-03-30T06:30:00+00:00, execution_date=20260330T063000, start_date=20260330T070121, end_date=20260330T070134
[2026-03-30T07:01:34.289+0000] {local_task_job_runner.py:243} INFO - Task exited with return code 0
[2026-03-30T07:01:34.313+0000] {taskinstance.py:3503} INFO - 0 downstream tasks scheduled from follow-on schedule check
[2026-03-30T07:01:34.314+0000] {local_task_job_runner.py:222} INFO - ::endgroup::
