[2026-03-28T19:05:10.409+0000] {local_task_job_runner.py:120} INFO - ::group::Pre task execution logs
[2026-03-28T19:05:10.427+0000] {taskinstance.py:2076} INFO - Dependencies all met for dep_context=non-requeueable deps ti=<TaskInstance: banking_01_bronze_layer.debug scheduled__2026-03-28T18:30:00+00:00 [queued]>
[2026-03-28T19:05:10.430+0000] {taskinstance.py:2076} INFO - Dependencies all met for dep_context=requeueable deps ti=<TaskInstance: banking_01_bronze_layer.debug scheduled__2026-03-28T18:30:00+00:00 [queued]>
[2026-03-28T19:05:10.430+0000] {taskinstance.py:2306} INFO - Starting attempt 2 of 2
[2026-03-28T19:05:10.436+0000] {taskinstance.py:2330} INFO - Executing <Task(BashOperator): debug> on 2026-03-28 18:30:00+00:00
[2026-03-28T19:05:10.438+0000] {standard_task_runner.py:64} INFO - Started process 12151 to run task
[2026-03-28T19:05:10.440+0000] {standard_task_runner.py:90} INFO - Running: ['***', 'tasks', 'run', 'banking_01_bronze_layer', 'debug', 'scheduled__2026-03-28T18:30:00+00:00', '--job-id', '6946', '--raw', '--subdir', 'DAGS_FOLDER/dbt.py', '--cfg-path', '/tmp/tmprukwqktg']
[2026-03-28T19:05:10.441+0000] {standard_task_runner.py:91} INFO - Job 6946: Subtask debug
[2026-03-28T19:05:10.475+0000] {task_command.py:426} INFO - Running <TaskInstance: banking_01_bronze_layer.debug scheduled__2026-03-28T18:30:00+00:00 [running]> on host c990dffe13ae
[2026-03-28T19:05:10.518+0000] {taskinstance.py:2648} INFO - Exporting env vars: AIRFLOW_CTX_DAG_OWNER='risheek' AIRFLOW_CTX_DAG_ID='banking_01_bronze_layer' AIRFLOW_CTX_TASK_ID='debug' AIRFLOW_CTX_EXECUTION_DATE='2026-03-28T18:30:00+00:00' AIRFLOW_CTX_TRY_NUMBER='2' AIRFLOW_CTX_DAG_RUN_ID='scheduled__2026-03-28T18:30:00+00:00'
[2026-03-28T19:05:10.519+0000] {taskinstance.py:430} INFO - ::endgroup::
[2026-03-28T19:05:10.520+0000] {subprocess.py:78} INFO - Tmp dir root location: /tmp
[2026-03-28T19:05:10.520+0000] {subprocess.py:88} INFO - Running command: ['/usr/bin/bash', '-c', 'dbt debug --profiles-dir /opt/***/dbt/trans_snowf']
[2026-03-28T19:05:10.525+0000] {subprocess.py:99} INFO - Output:
[2026-03-28T19:05:11.767+0000] {subprocess.py:106} INFO - [0m19:05:11  Running with dbt=1.11.7
[2026-03-28T19:05:11.773+0000] {subprocess.py:106} INFO - [0m19:05:11  dbt version: 1.11.7
[2026-03-28T19:05:11.774+0000] {subprocess.py:106} INFO - [0m19:05:11  python version: 3.12.4
[2026-03-28T19:05:11.774+0000] {subprocess.py:106} INFO - [0m19:05:11  python path: /home/***/.local/bin/python
[2026-03-28T19:05:11.774+0000] {subprocess.py:106} INFO - [0m19:05:11  os info: Linux-6.12.76-linuxkit-aarch64-with-glibc2.36
[2026-03-28T19:05:12.178+0000] {subprocess.py:106} INFO - [0m19:05:12  Using profiles dir at /opt/***/dbt/trans_snowf
[2026-03-28T19:05:12.178+0000] {subprocess.py:106} INFO - [0m19:05:12  Using profiles.yml file at /opt/***/dbt/trans_snowf/profiles.yml
[2026-03-28T19:05:12.179+0000] {subprocess.py:106} INFO - [0m19:05:12  Using dbt_project.yml file at /opt/***/dbt/trans_snowf/dbt_project.yml
[2026-03-28T19:05:12.179+0000] {subprocess.py:106} INFO - [0m19:05:12  adapter type: snowflake
[2026-03-28T19:05:12.179+0000] {subprocess.py:106} INFO - [0m19:05:12  adapter version: 1.11.3
[2026-03-28T19:05:12.230+0000] {subprocess.py:106} INFO - [0m19:05:12  Configuration:
[2026-03-28T19:05:12.231+0000] {subprocess.py:106} INFO - [0m19:05:12    profiles.yml file [[32mOK found and valid[0m]
[2026-03-28T19:05:12.231+0000] {subprocess.py:106} INFO - [0m19:05:12    dbt_project.yml file [[32mOK found and valid[0m]
[2026-03-28T19:05:12.232+0000] {subprocess.py:106} INFO - [0m19:05:12  Required dependencies:
[2026-03-28T19:05:12.233+0000] {subprocess.py:106} INFO - [0m19:05:12   - git [[31mERROR[0m]
[2026-03-28T19:05:12.233+0000] {subprocess.py:106} INFO - 
[2026-03-28T19:05:12.233+0000] {subprocess.py:106} INFO - [0m19:05:12  Connection:
[2026-03-28T19:05:12.233+0000] {subprocess.py:106} INFO - [0m19:05:12    account: BBMCDSP-CT02489
[2026-03-28T19:05:12.234+0000] {subprocess.py:106} INFO - [0m19:05:12    user: user123
[2026-03-28T19:05:12.234+0000] {subprocess.py:106} INFO - [0m19:05:12    database: BANKING
[2026-03-28T19:05:12.235+0000] {subprocess.py:106} INFO - [0m19:05:12    warehouse: COMPUTE_WH
[2026-03-28T19:05:12.235+0000] {subprocess.py:106} INFO - [0m19:05:12    role: dbtadmin
[2026-03-28T19:05:12.235+0000] {subprocess.py:106} INFO - [0m19:05:12    schema: PUBLIC
[2026-03-28T19:05:12.236+0000] {subprocess.py:106} INFO - [0m19:05:12    authenticator: None
[2026-03-28T19:05:12.236+0000] {subprocess.py:106} INFO - [0m19:05:12    oauth_client_id: None
[2026-03-28T19:05:12.236+0000] {subprocess.py:106} INFO - [0m19:05:12    query_tag: None
[2026-03-28T19:05:12.237+0000] {subprocess.py:106} INFO - [0m19:05:12    client_session_keep_alive: False
[2026-03-28T19:05:12.237+0000] {subprocess.py:106} INFO - [0m19:05:12    host: None
[2026-03-28T19:05:12.237+0000] {subprocess.py:106} INFO - [0m19:05:12    port: None
[2026-03-28T19:05:12.238+0000] {subprocess.py:106} INFO - [0m19:05:12    proxy_host: None
[2026-03-28T19:05:12.238+0000] {subprocess.py:106} INFO - [0m19:05:12    proxy_port: None
[2026-03-28T19:05:12.238+0000] {subprocess.py:106} INFO - [0m19:05:12    protocol: None
[2026-03-28T19:05:12.238+0000] {subprocess.py:106} INFO - [0m19:05:12    connect_retries: 1
[2026-03-28T19:05:12.239+0000] {subprocess.py:106} INFO - [0m19:05:12    connect_timeout: None
[2026-03-28T19:05:12.239+0000] {subprocess.py:106} INFO - [0m19:05:12    retry_on_database_errors: False
[2026-03-28T19:05:12.239+0000] {subprocess.py:106} INFO - [0m19:05:12    retry_all: False
[2026-03-28T19:05:12.240+0000] {subprocess.py:106} INFO - [0m19:05:12    insecure_mode: False
[2026-03-28T19:05:12.240+0000] {subprocess.py:106} INFO - [0m19:05:12    reuse_connections: True
[2026-03-28T19:05:12.240+0000] {subprocess.py:106} INFO - [0m19:05:12    s3_stage_vpce_dns_name: None
[2026-03-28T19:05:12.241+0000] {subprocess.py:106} INFO - [0m19:05:12    platform_detection_timeout_seconds: 0.0
[2026-03-28T19:05:12.241+0000] {subprocess.py:106} INFO - [0m19:05:12  Registered adapter: snowflake=1.11.3
[2026-03-28T19:05:13.368+0000] {subprocess.py:106} INFO - [0m19:05:13    Connection test: [[32mOK connection ok[0m]
[2026-03-28T19:05:13.369+0000] {subprocess.py:106} INFO - 
[2026-03-28T19:05:13.370+0000] {subprocess.py:106} INFO - [0m19:05:13  [31m1 check failed:[0m
[2026-03-28T19:05:13.371+0000] {subprocess.py:106} INFO - [0m19:05:13  Error from git --help: Could not find command, ensure it is in the user's PATH: "git"
[2026-03-28T19:05:13.371+0000] {subprocess.py:106} INFO - 
[2026-03-28T19:05:14.703+0000] {subprocess.py:110} INFO - Command exited with return code 1
[2026-03-28T19:05:14.704+0000] {taskinstance.py:441} INFO - ::group::Post task execution logs
[2026-03-28T19:05:14.713+0000] {taskinstance.py:2905} ERROR - Task failed with exception
Traceback (most recent call last):
  File "/home/airflow/.local/lib/python3.12/site-packages/airflow/models/taskinstance.py", line 465, in _execute_task
    result = _execute_callable(context=context, **execute_callable_kwargs)
             ^^^^^^^^^^^^^^^^^^^^^^^^^^^^^^^^^^^^^^^^^^^^^^^^^^^^^^^^^^^^^
  File "/home/airflow/.local/lib/python3.12/site-packages/airflow/models/taskinstance.py", line 432, in _execute_callable
    return execute_callable(context=context, **execute_callable_kwargs)
           ^^^^^^^^^^^^^^^^^^^^^^^^^^^^^^^^^^^^^^^^^^^^^^^^^^^^^^^^^^^^
  File "/home/airflow/.local/lib/python3.12/site-packages/airflow/models/baseoperator.py", line 401, in wrapper
    return func(self, *args, **kwargs)
           ^^^^^^^^^^^^^^^^^^^^^^^^^^^
  File "/home/airflow/.local/lib/python3.12/site-packages/airflow/providers/standard/operators/bash.py", line 233, in execute
    raise AirflowException(
airflow.exceptions.AirflowException: Bash command failed. The command returned a non-zero exit code 1.
[2026-03-28T19:05:14.716+0000] {taskinstance.py:1206} INFO - Marking task as FAILED. dag_id=banking_01_bronze_layer, task_id=debug, run_id=scheduled__2026-03-28T18:30:00+00:00, execution_date=20260328T183000, start_date=20260328T190510, end_date=20260328T190514
[2026-03-28T19:05:14.725+0000] {standard_task_runner.py:110} ERROR - Failed to execute job 6946 for task debug (Bash command failed. The command returned a non-zero exit code 1.; 12151)
[2026-03-28T19:05:14.737+0000] {local_task_job_runner.py:243} INFO - Task exited with return code 1
[2026-03-28T19:05:14.749+0000] {taskinstance.py:3503} INFO - 0 downstream tasks scheduled from follow-on schedule check
[2026-03-28T19:05:14.750+0000] {local_task_job_runner.py:222} INFO - ::endgroup::
