[2026-03-25T16:14:28.955+0000] {local_task_job_runner.py:120} INFO - ::group::Pre task execution logs
[2026-03-25T16:14:28.979+0000] {taskinstance.py:2076} INFO - Dependencies all met for dep_context=non-requeueable deps ti=<TaskInstance: transfer_from_minio_to_snowflake_transactions.create_stage scheduled__2026-03-25T16:13:00+00:00 [queued]>
[2026-03-25T16:14:28.983+0000] {taskinstance.py:2076} INFO - Dependencies all met for dep_context=requeueable deps ti=<TaskInstance: transfer_from_minio_to_snowflake_transactions.create_stage scheduled__2026-03-25T16:13:00+00:00 [queued]>
[2026-03-25T16:14:28.983+0000] {taskinstance.py:2306} INFO - Starting attempt 1 of 3
[2026-03-25T16:14:28.988+0000] {taskinstance.py:2330} INFO - Executing <Task(SQLExecuteQueryOperator): create_stage> on 2026-03-25 16:13:00+00:00
[2026-03-25T16:14:28.997+0000] {logging_mixin.py:188} WARNING - /home/***/.local/lib/python3.12/site-packages/***/task/task_runner/standard_task_runner.py:62 DeprecationWarning: This process (pid=16594) is multi-threaded, use of fork() may lead to deadlocks in the child.
[2026-03-25T16:14:28.993+0000] {standard_task_runner.py:90} INFO - Running: ['***', 'tasks', 'run', 'transfer_from_minio_to_snowflake_transactions', 'create_stage', 'scheduled__2026-03-25T16:13:00+00:00', '--job-id', '2204', '--raw', '--subdir', 'DAGS_FOLDER/transfer.py', '--cfg-path', '/tmp/tmpxe98dhar']
[2026-03-25T16:14:28.998+0000] {standard_task_runner.py:91} INFO - Job 2204: Subtask create_stage
[2026-03-25T16:14:28.997+0000] {standard_task_runner.py:64} INFO - Started process 16606 to run task
[2026-03-25T16:14:29.047+0000] {task_command.py:426} INFO - Running <TaskInstance: transfer_from_minio_to_snowflake_transactions.create_stage scheduled__2026-03-25T16:13:00+00:00 [running]> on host c990dffe13ae
[2026-03-25T16:14:29.312+0000] {taskinstance.py:2648} INFO - Exporting env vars: AIRFLOW_CTX_DAG_OWNER='***' AIRFLOW_CTX_DAG_ID='transfer_from_minio_to_snowflake_transactions' AIRFLOW_CTX_TASK_ID='create_stage' AIRFLOW_CTX_EXECUTION_DATE='2026-03-25T16:13:00+00:00' AIRFLOW_CTX_TRY_NUMBER='1' AIRFLOW_CTX_DAG_RUN_ID='scheduled__2026-03-25T16:13:00+00:00'
[2026-03-25T16:14:29.312+0000] {taskinstance.py:430} INFO - ::endgroup::
[2026-03-25T16:14:29.313+0000] {sql.py:282} INFO - Executing:  CREATE STAGE IF NOT EXISTS incoming  
                 URL = 's3://de-project-banking-pipeline-dev-2/transactions'
                 STORAGE_INTEGRATION = my_s3_integration
                 FILE_FORMAT = (TYPE = 'JSON'); 
[2026-03-25T16:14:29.319+0000] {base.py:84} INFO - Using connection ID 'warehouse_id' for task execution.
[2026-03-25T16:14:29.359+0000] {base.py:84} INFO - Using connection ID 'warehouse_id' for task execution.
[2026-03-25T16:14:29.401+0000] {connection.py:613} INFO - Snowflake Connector for Python Version: 4.3.0, Python Version: 3.12.4, Platform: Linux-6.12.76-linuxkit-aarch64-with-glibc2.36
[2026-03-25T16:14:29.402+0000] {connection.py:1709} INFO - Connecting to GLOBAL Snowflake domain
[2026-03-25T16:14:32.372+0000] {sql.py:495} INFO - Running statement: CREATE STAGE IF NOT EXISTS incoming  
                 URL = 's3://de-project-banking-pipeline-dev-2/transactions'
                 STORAGE_INTEGRATION = my_s3_integration
                 FILE_FORMAT = (TYPE = 'JSON');, parameters: None
[2026-03-25T16:14:32.574+0000] {sql.py:504} INFO - Rows affected: 1
[2026-03-25T16:14:32.575+0000] {snowflake.py:422} INFO - Rows affected: 1
[2026-03-25T16:14:32.575+0000] {snowflake.py:423} INFO - Snowflake query id: 01c3446e-3202-7cb1-0014-90e60003dd4a
[2026-03-25T16:14:33.803+0000] {taskinstance.py:441} INFO - ::group::Post task execution logs
[2026-03-25T16:14:33.847+0000] {taskinstance.py:1206} INFO - Marking task as SUCCESS. dag_id=transfer_from_minio_to_snowflake_transactions, task_id=create_stage, run_id=scheduled__2026-03-25T16:13:00+00:00, execution_date=20260325T161300, start_date=20260325T161428, end_date=20260325T161433
[2026-03-25T16:14:33.877+0000] {local_task_job_runner.py:243} INFO - Task exited with return code 0
[2026-03-25T16:14:33.913+0000] {taskinstance.py:3503} INFO - 1 downstream tasks scheduled from follow-on schedule check
[2026-03-25T16:14:33.915+0000] {local_task_job_runner.py:222} INFO - ::endgroup::
