[2026-03-31T01:02:07.444+0000] {local_task_job_runner.py:120} INFO - ::group::Pre task execution logs
[2026-03-31T01:02:07.460+0000] {taskinstance.py:2076} INFO - Dependencies all met for dep_context=non-requeueable deps ti=<TaskInstance: banking_01_bronze_layer.build_bronze_acc manual__2026-03-31T01:01:39.085915+00:00 [queued]>
[2026-03-31T01:02:07.463+0000] {taskinstance.py:2076} INFO - Dependencies all met for dep_context=requeueable deps ti=<TaskInstance: banking_01_bronze_layer.build_bronze_acc manual__2026-03-31T01:01:39.085915+00:00 [queued]>
[2026-03-31T01:02:07.463+0000] {taskinstance.py:2306} INFO - Starting attempt 1 of 2
[2026-03-31T01:02:07.469+0000] {taskinstance.py:2330} INFO - Executing <Task(BashOperator): build_bronze_acc> on 2026-03-31 01:01:39.085915+00:00
[2026-03-31T01:02:07.472+0000] {standard_task_runner.py:64} INFO - Started process 42172 to run task
[2026-03-31T01:02:07.474+0000] {standard_task_runner.py:90} INFO - Running: ['***', 'tasks', 'run', 'banking_01_bronze_layer', 'build_bronze_acc', 'manual__2026-03-31T01:01:39.085915+00:00', '--job-id', '9558', '--raw', '--subdir', 'DAGS_FOLDER/dbt.py', '--cfg-path', '/tmp/tmpnsvcj4fl']
[2026-03-31T01:02:07.475+0000] {standard_task_runner.py:91} INFO - Job 9558: Subtask build_bronze_acc
[2026-03-31T01:02:07.515+0000] {task_command.py:426} INFO - Running <TaskInstance: banking_01_bronze_layer.build_bronze_acc manual__2026-03-31T01:01:39.085915+00:00 [running]> on host c990dffe13ae
[2026-03-31T01:02:07.618+0000] {taskinstance.py:2648} INFO - Exporting env vars: AIRFLOW_CTX_DAG_OWNER='risheek' AIRFLOW_CTX_DAG_ID='banking_01_bronze_layer' AIRFLOW_CTX_TASK_ID='build_bronze_acc' AIRFLOW_CTX_EXECUTION_DATE='2026-03-31T01:01:39.085915+00:00' AIRFLOW_CTX_TRY_NUMBER='1' AIRFLOW_CTX_DAG_RUN_ID='manual__2026-03-31T01:01:39.085915+00:00'
[2026-03-31T01:02:07.619+0000] {taskinstance.py:430} INFO - ::endgroup::
[2026-03-31T01:02:07.620+0000] {subprocess.py:78} INFO - Tmp dir root location: /tmp
[2026-03-31T01:02:07.625+0000] {subprocess.py:88} INFO - Running command: ['/usr/bin/bash', '-c', 'dbt build --select bronze_acc']
[2026-03-31T01:02:07.633+0000] {subprocess.py:99} INFO - Output:
[2026-03-31T01:02:09.084+0000] {subprocess.py:106} INFO - [0m01:02:09  Running with dbt=1.11.7
[2026-03-31T01:02:09.794+0000] {subprocess.py:106} INFO - [0m01:02:09  Registered adapter: snowflake=1.11.3
[2026-03-31T01:02:10.002+0000] {subprocess.py:106} INFO - [0m01:02:10  [[33mWARNING[0m]: Configuration paths exist in your dbt_project.yml file which do not apply to any resources.
[2026-03-31T01:02:10.004+0000] {subprocess.py:106} INFO - There are 1 unused configuration paths:
[2026-03-31T01:02:10.005+0000] {subprocess.py:106} INFO - - models.trans_snowf.example
[2026-03-31T01:02:10.122+0000] {subprocess.py:106} INFO - [0m01:02:10  Found 14 models, 3 sources, 522 macros
[2026-03-31T01:02:10.124+0000] {subprocess.py:106} INFO - [0m01:02:10
[2026-03-31T01:02:10.125+0000] {subprocess.py:106} INFO - [0m01:02:10  Concurrency: 1 threads (target='dev')
[2026-03-31T01:02:10.125+0000] {subprocess.py:106} INFO - [0m01:02:10
[2026-03-31T01:02:12.136+0000] {subprocess.py:106} INFO - [0m01:02:12  1 of 1 START sql incremental model PUBLIC_BRONZE.bronze_acc .................... [RUN]
[2026-03-31T01:02:12.352+0000] {subprocess.py:106} INFO - [0m01:02:12  1 of 1 ERROR creating sql incremental model PUBLIC_BRONZE.bronze_acc ........... [[31mERROR[0m in 0.21s]
[2026-03-31T01:02:12.607+0000] {subprocess.py:106} INFO - [0m01:02:12
[2026-03-31T01:02:12.608+0000] {subprocess.py:106} INFO - [0m01:02:12  Finished running 1 incremental model in 0 hours 0 minutes and 2.48 seconds (2.48s).
[2026-03-31T01:02:12.642+0000] {subprocess.py:106} INFO - [0m01:02:12
[2026-03-31T01:02:12.643+0000] {subprocess.py:106} INFO - [0m01:02:12  [31mCompleted with 1 error, 0 partial successes, and 0 warnings:[0m
[2026-03-31T01:02:12.643+0000] {subprocess.py:106} INFO - [0m01:02:12
[2026-03-31T01:02:12.644+0000] {subprocess.py:106} INFO - [0m01:02:12  [31mFailure in model bronze_acc (models/staging/bronze_acc.sql)[0m
[2026-03-31T01:02:12.644+0000] {subprocess.py:106} INFO - [0m01:02:12    Database Error in model bronze_acc (models/staging/bronze_acc.sql)
[2026-03-31T01:02:12.644+0000] {subprocess.py:106} INFO -   001003 (42000): SQL compilation error:
[2026-03-31T01:02:12.645+0000] {subprocess.py:106} INFO -   syntax error line 34 at position 10 unexpected 'as'.
[2026-03-31T01:02:12.645+0000] {subprocess.py:106} INFO -   syntax error line 46 at position 0 unexpected 'select'.
[2026-03-31T01:02:12.645+0000] {subprocess.py:106} INFO - [0m01:02:12
[2026-03-31T01:02:12.645+0000] {subprocess.py:106} INFO - [0m01:02:12    compiled code at target/compiled/trans_snowf/models/staging/bronze_acc.sql
[2026-03-31T01:02:12.645+0000] {subprocess.py:106} INFO - [0m01:02:12
[2026-03-31T01:02:12.646+0000] {subprocess.py:106} INFO - [0m01:02:12  Done. PASS=0 WARN=0 ERROR=1 SKIP=0 NO-OP=0 TOTAL=1
[2026-03-31T01:02:14.486+0000] {subprocess.py:110} INFO - Command exited with return code 1
[2026-03-31T01:02:14.495+0000] {taskinstance.py:441} INFO - ::group::Post task execution logs
[2026-03-31T01:02:14.523+0000] {taskinstance.py:2905} ERROR - Task failed with exception
Traceback (most recent call last):
  File "/home/airflow/.local/lib/python3.12/site-packages/airflow/models/taskinstance.py", line 465, in _execute_task
    result = _execute_callable(context=context, **execute_callable_kwargs)
             ^^^^^^^^^^^^^^^^^^^^^^^^^^^^^^^^^^^^^^^^^^^^^^^^^^^^^^^^^^^^^
  File "/home/airflow/.local/lib/python3.12/site-packages/airflow/models/taskinstance.py", line 432, in _execute_callable
    return execute_callable(context=context, **execute_callable_kwargs)
           ^^^^^^^^^^^^^^^^^^^^^^^^^^^^^^^^^^^^^^^^^^^^^^^^^^^^^^^^^^^^
  File "/home/airflow/.local/lib/python3.12/site-packages/airflow/models/baseoperator.py", line 401, in wrapper
    return func(self, *args, **kwargs)
           ^^^^^^^^^^^^^^^^^^^^^^^^^^^
  File "/home/airflow/.local/lib/python3.12/site-packages/airflow/providers/standard/operators/bash.py", line 233, in execute
    raise AirflowException(
airflow.exceptions.AirflowException: Bash command failed. The command returned a non-zero exit code 1.
[2026-03-31T01:02:14.527+0000] {taskinstance.py:1206} INFO - Marking task as UP_FOR_RETRY. dag_id=banking_01_bronze_layer, task_id=build_bronze_acc, run_id=manual__2026-03-31T01:01:39.085915+00:00, execution_date=20260331T010139, start_date=20260331T010207, end_date=20260331T010214
[2026-03-31T01:02:14.544+0000] {standard_task_runner.py:110} ERROR - Failed to execute job 9558 for task build_bronze_acc (Bash command failed. The command returned a non-zero exit code 1.; 42172)
[2026-03-31T01:02:14.581+0000] {local_task_job_runner.py:243} INFO - Task exited with return code 1
[2026-03-31T01:02:14.609+0000] {taskinstance.py:3503} INFO - 0 downstream tasks scheduled from follow-on schedule check
[2026-03-31T01:02:14.610+0000] {local_task_job_runner.py:222} INFO - ::endgroup::
