[2026-03-31T00:29:06.945+0000] {local_task_job_runner.py:120} INFO - ::group::Pre task execution logs
[2026-03-31T00:29:06.963+0000] {taskinstance.py:2076} INFO - Dependencies all met for dep_context=non-requeueable deps ti=<TaskInstance: banking_01_bronze_layer.debug manual__2026-03-31T00:23:48.187527+00:00 [queued]>
[2026-03-31T00:29:06.967+0000] {taskinstance.py:2076} INFO - Dependencies all met for dep_context=requeueable deps ti=<TaskInstance: banking_01_bronze_layer.debug manual__2026-03-31T00:23:48.187527+00:00 [queued]>
[2026-03-31T00:29:06.967+0000] {taskinstance.py:2306} INFO - Starting attempt 2 of 2
[2026-03-31T00:29:06.974+0000] {taskinstance.py:2330} INFO - Executing <Task(BashOperator): debug> on 2026-03-31 00:23:48.187527+00:00
[2026-03-31T00:29:06.982+0000] {standard_task_runner.py:64} INFO - Started process 41571 to run task
[2026-03-31T00:29:06.984+0000] {standard_task_runner.py:90} INFO - Running: ['***', 'tasks', 'run', 'banking_01_bronze_layer', 'debug', 'manual__2026-03-31T00:23:48.187527+00:00', '--job-id', '9540', '--raw', '--subdir', 'DAGS_FOLDER/dbt.py', '--cfg-path', '/tmp/tmp883vvoi8']
[2026-03-31T00:29:06.986+0000] {standard_task_runner.py:91} INFO - Job 9540: Subtask debug
[2026-03-31T00:29:07.040+0000] {task_command.py:426} INFO - Running <TaskInstance: banking_01_bronze_layer.debug manual__2026-03-31T00:23:48.187527+00:00 [running]> on host c990dffe13ae
[2026-03-31T00:29:07.090+0000] {taskinstance.py:2648} INFO - Exporting env vars: AIRFLOW_CTX_DAG_OWNER='risheek' AIRFLOW_CTX_DAG_ID='banking_01_bronze_layer' AIRFLOW_CTX_TASK_ID='debug' AIRFLOW_CTX_EXECUTION_DATE='2026-03-31T00:23:48.187527+00:00' AIRFLOW_CTX_TRY_NUMBER='2' AIRFLOW_CTX_DAG_RUN_ID='manual__2026-03-31T00:23:48.187527+00:00'
[2026-03-31T00:29:07.091+0000] {taskinstance.py:430} INFO - ::endgroup::
[2026-03-31T00:29:07.091+0000] {subprocess.py:78} INFO - Tmp dir root location: /tmp
[2026-03-31T00:29:07.092+0000] {subprocess.py:88} INFO - Running command: ['/usr/bin/bash', '-c', 'dbt debug --profiles-dir /opt/***/dbt/trans_snowf']
[2026-03-31T00:29:07.096+0000] {subprocess.py:99} INFO - Output:
[2026-03-31T00:29:08.487+0000] {subprocess.py:106} INFO - [0m00:29:08  Running with dbt=1.11.7
[2026-03-31T00:29:08.494+0000] {subprocess.py:106} INFO - [0m00:29:08  dbt version: 1.11.7
[2026-03-31T00:29:08.494+0000] {subprocess.py:106} INFO - [0m00:29:08  python version: 3.12.4
[2026-03-31T00:29:08.495+0000] {subprocess.py:106} INFO - [0m00:29:08  python path: /home/***/.local/bin/python
[2026-03-31T00:29:08.495+0000] {subprocess.py:106} INFO - [0m00:29:08  os info: Linux-6.12.76-linuxkit-aarch64-with-glibc2.36
[2026-03-31T00:29:08.974+0000] {subprocess.py:106} INFO - [0m00:29:08  Using profiles dir at /opt/***/dbt/trans_snowf
[2026-03-31T00:29:08.975+0000] {subprocess.py:106} INFO - [0m00:29:08  Using profiles.yml file at /opt/***/dbt/trans_snowf/profiles.yml
[2026-03-31T00:29:08.975+0000] {subprocess.py:106} INFO - [0m00:29:08  Using dbt_project.yml file at /opt/***/dbt/trans_snowf/dbt_project.yml
[2026-03-31T00:29:08.976+0000] {subprocess.py:106} INFO - [0m00:29:08  adapter type: snowflake
[2026-03-31T00:29:08.976+0000] {subprocess.py:106} INFO - [0m00:29:08  adapter version: 1.11.3
[2026-03-31T00:29:09.032+0000] {subprocess.py:106} INFO - [0m00:29:09  Configuration:
[2026-03-31T00:29:09.032+0000] {subprocess.py:106} INFO - [0m00:29:09    profiles.yml file [[32mOK found and valid[0m]
[2026-03-31T00:29:09.033+0000] {subprocess.py:106} INFO - [0m00:29:09    dbt_project.yml file [[32mOK found and valid[0m]
[2026-03-31T00:29:09.033+0000] {subprocess.py:106} INFO - [0m00:29:09  Required dependencies:
[2026-03-31T00:29:09.035+0000] {subprocess.py:106} INFO - [0m00:29:09   - git [[31mERROR[0m]
[2026-03-31T00:29:09.035+0000] {subprocess.py:106} INFO - 
[2026-03-31T00:29:09.035+0000] {subprocess.py:106} INFO - [0m00:29:09  Connection:
[2026-03-31T00:29:09.036+0000] {subprocess.py:106} INFO - [0m00:29:09    account: BBMCDSP-CT02489
[2026-03-31T00:29:09.036+0000] {subprocess.py:106} INFO - [0m00:29:09    user: user123
[2026-03-31T00:29:09.036+0000] {subprocess.py:106} INFO - [0m00:29:09    database: BANKING
[2026-03-31T00:29:09.037+0000] {subprocess.py:106} INFO - [0m00:29:09    warehouse: COMPUTE_WH
[2026-03-31T00:29:09.037+0000] {subprocess.py:106} INFO - [0m00:29:09    role: dbtadmin
[2026-03-31T00:29:09.037+0000] {subprocess.py:106} INFO - [0m00:29:09    schema: PUBLIC
[2026-03-31T00:29:09.038+0000] {subprocess.py:106} INFO - [0m00:29:09    authenticator: None
[2026-03-31T00:29:09.038+0000] {subprocess.py:106} INFO - [0m00:29:09    oauth_client_id: None
[2026-03-31T00:29:09.038+0000] {subprocess.py:106} INFO - [0m00:29:09    query_tag: None
[2026-03-31T00:29:09.039+0000] {subprocess.py:106} INFO - [0m00:29:09    client_session_keep_alive: False
[2026-03-31T00:29:09.039+0000] {subprocess.py:106} INFO - [0m00:29:09    host: None
[2026-03-31T00:29:09.039+0000] {subprocess.py:106} INFO - [0m00:29:09    port: None
[2026-03-31T00:29:09.040+0000] {subprocess.py:106} INFO - [0m00:29:09    proxy_host: None
[2026-03-31T00:29:09.040+0000] {subprocess.py:106} INFO - [0m00:29:09    proxy_port: None
[2026-03-31T00:29:09.040+0000] {subprocess.py:106} INFO - [0m00:29:09    protocol: None
[2026-03-31T00:29:09.041+0000] {subprocess.py:106} INFO - [0m00:29:09    connect_retries: 1
[2026-03-31T00:29:09.041+0000] {subprocess.py:106} INFO - [0m00:29:09    connect_timeout: None
[2026-03-31T00:29:09.041+0000] {subprocess.py:106} INFO - [0m00:29:09    retry_on_database_errors: False
[2026-03-31T00:29:09.041+0000] {subprocess.py:106} INFO - [0m00:29:09    retry_all: False
[2026-03-31T00:29:09.042+0000] {subprocess.py:106} INFO - [0m00:29:09    insecure_mode: False
[2026-03-31T00:29:09.042+0000] {subprocess.py:106} INFO - [0m00:29:09    reuse_connections: True
[2026-03-31T00:29:09.042+0000] {subprocess.py:106} INFO - [0m00:29:09    s3_stage_vpce_dns_name: None
[2026-03-31T00:29:09.043+0000] {subprocess.py:106} INFO - [0m00:29:09    platform_detection_timeout_seconds: 0.0
[2026-03-31T00:29:09.043+0000] {subprocess.py:106} INFO - [0m00:29:09  Registered adapter: snowflake=1.11.3
[2026-03-31T00:29:10.146+0000] {subprocess.py:106} INFO - [0m00:29:10    Connection test: [[32mOK connection ok[0m]
[2026-03-31T00:29:10.147+0000] {subprocess.py:106} INFO - 
[2026-03-31T00:29:10.147+0000] {subprocess.py:106} INFO - [0m00:29:10  [31m1 check failed:[0m
[2026-03-31T00:29:10.148+0000] {subprocess.py:106} INFO - [0m00:29:10  Error from git --help: Could not find command, ensure it is in the user's PATH: "git"
[2026-03-31T00:29:10.148+0000] {subprocess.py:106} INFO - 
[2026-03-31T00:29:12.366+0000] {subprocess.py:110} INFO - Command exited with return code 1
[2026-03-31T00:29:12.368+0000] {taskinstance.py:441} INFO - ::group::Post task execution logs
[2026-03-31T00:29:12.381+0000] {taskinstance.py:2905} ERROR - Task failed with exception
Traceback (most recent call last):
  File "/home/airflow/.local/lib/python3.12/site-packages/airflow/models/taskinstance.py", line 465, in _execute_task
    result = _execute_callable(context=context, **execute_callable_kwargs)
             ^^^^^^^^^^^^^^^^^^^^^^^^^^^^^^^^^^^^^^^^^^^^^^^^^^^^^^^^^^^^^
  File "/home/airflow/.local/lib/python3.12/site-packages/airflow/models/taskinstance.py", line 432, in _execute_callable
    return execute_callable(context=context, **execute_callable_kwargs)
           ^^^^^^^^^^^^^^^^^^^^^^^^^^^^^^^^^^^^^^^^^^^^^^^^^^^^^^^^^^^^
  File "/home/airflow/.local/lib/python3.12/site-packages/airflow/models/baseoperator.py", line 401, in wrapper
    return func(self, *args, **kwargs)
           ^^^^^^^^^^^^^^^^^^^^^^^^^^^
  File "/home/airflow/.local/lib/python3.12/site-packages/airflow/providers/standard/operators/bash.py", line 233, in execute
    raise AirflowException(
airflow.exceptions.AirflowException: Bash command failed. The command returned a non-zero exit code 1.
[2026-03-31T00:29:12.385+0000] {taskinstance.py:1206} INFO - Marking task as FAILED. dag_id=banking_01_bronze_layer, task_id=debug, run_id=manual__2026-03-31T00:23:48.187527+00:00, execution_date=20260331T002348, start_date=20260331T002906, end_date=20260331T002912
[2026-03-31T00:29:12.401+0000] {standard_task_runner.py:110} ERROR - Failed to execute job 9540 for task debug (Bash command failed. The command returned a non-zero exit code 1.; 41571)
[2026-03-31T00:29:12.409+0000] {local_task_job_runner.py:243} INFO - Task exited with return code 1
[2026-03-31T00:29:12.423+0000] {taskinstance.py:3503} INFO - 0 downstream tasks scheduled from follow-on schedule check
[2026-03-31T00:29:12.424+0000] {local_task_job_runner.py:222} INFO - ::endgroup::
