[2026-03-28T13:40:32.618+0000] {local_task_job_runner.py:120} INFO - ::group::Pre task execution logs
[2026-03-28T13:40:32.650+0000] {taskinstance.py:2076} INFO - Dependencies all met for dep_context=non-requeueable deps ti=<TaskInstance: banking_01_bronze_layer.debug scheduled__2026-03-28T13:00:00+00:00 [queued]>
[2026-03-28T13:40:32.656+0000] {taskinstance.py:2076} INFO - Dependencies all met for dep_context=requeueable deps ti=<TaskInstance: banking_01_bronze_layer.debug scheduled__2026-03-28T13:00:00+00:00 [queued]>
[2026-03-28T13:40:32.657+0000] {taskinstance.py:2306} INFO - Starting attempt 2 of 2
[2026-03-28T13:40:32.669+0000] {taskinstance.py:2330} INFO - Executing <Task(BashOperator): debug> on 2026-03-28 13:00:00+00:00
[2026-03-28T13:40:32.675+0000] {standard_task_runner.py:64} INFO - Started process 9538 to run task
[2026-03-28T13:40:32.680+0000] {standard_task_runner.py:90} INFO - Running: ['***', 'tasks', 'run', 'banking_01_bronze_layer', 'debug', 'scheduled__2026-03-28T13:00:00+00:00', '--job-id', '6862', '--raw', '--subdir', 'DAGS_FOLDER/dbt.py', '--cfg-path', '/tmp/tmp72_e61v1']
[2026-03-28T13:40:32.684+0000] {standard_task_runner.py:91} INFO - Job 6862: Subtask debug
[2026-03-28T13:40:32.784+0000] {task_command.py:426} INFO - Running <TaskInstance: banking_01_bronze_layer.debug scheduled__2026-03-28T13:00:00+00:00 [running]> on host c990dffe13ae
[2026-03-28T13:40:32.887+0000] {taskinstance.py:2648} INFO - Exporting env vars: AIRFLOW_CTX_DAG_OWNER='risheek' AIRFLOW_CTX_DAG_ID='banking_01_bronze_layer' AIRFLOW_CTX_TASK_ID='debug' AIRFLOW_CTX_EXECUTION_DATE='2026-03-28T13:00:00+00:00' AIRFLOW_CTX_TRY_NUMBER='2' AIRFLOW_CTX_DAG_RUN_ID='scheduled__2026-03-28T13:00:00+00:00'
[2026-03-28T13:40:32.889+0000] {taskinstance.py:430} INFO - ::endgroup::
[2026-03-28T13:40:32.890+0000] {subprocess.py:78} INFO - Tmp dir root location: /tmp
[2026-03-28T13:40:32.891+0000] {subprocess.py:88} INFO - Running command: ['/usr/bin/bash', '-c', 'dbt debug --profiles-dir /opt/***/dbt/trans_snowf']
[2026-03-28T13:40:32.899+0000] {subprocess.py:99} INFO - Output:
[2026-03-28T13:40:35.108+0000] {subprocess.py:106} INFO - [0m13:40:35  Running with dbt=1.11.7
[2026-03-28T13:40:35.117+0000] {subprocess.py:106} INFO - [0m13:40:35  dbt version: 1.11.7
[2026-03-28T13:40:35.118+0000] {subprocess.py:106} INFO - [0m13:40:35  python version: 3.12.4
[2026-03-28T13:40:35.119+0000] {subprocess.py:106} INFO - [0m13:40:35  python path: /home/***/.local/bin/python
[2026-03-28T13:40:35.119+0000] {subprocess.py:106} INFO - [0m13:40:35  os info: Linux-6.12.76-linuxkit-aarch64-with-glibc2.36
[2026-03-28T13:40:35.741+0000] {subprocess.py:106} INFO - [0m13:40:35  Using profiles dir at /opt/***/dbt/trans_snowf
[2026-03-28T13:40:35.742+0000] {subprocess.py:106} INFO - [0m13:40:35  Using profiles.yml file at /opt/***/dbt/trans_snowf/profiles.yml
[2026-03-28T13:40:35.742+0000] {subprocess.py:106} INFO - [0m13:40:35  Using dbt_project.yml file at /opt/***/dbt/trans_snowf/dbt_project.yml
[2026-03-28T13:40:35.743+0000] {subprocess.py:106} INFO - [0m13:40:35  adapter type: snowflake
[2026-03-28T13:40:35.744+0000] {subprocess.py:106} INFO - [0m13:40:35  adapter version: 1.11.3
[2026-03-28T13:40:35.834+0000] {subprocess.py:106} INFO - [0m13:40:35  Configuration:
[2026-03-28T13:40:35.834+0000] {subprocess.py:106} INFO - [0m13:40:35    profiles.yml file [[32mOK found and valid[0m]
[2026-03-28T13:40:35.835+0000] {subprocess.py:106} INFO - [0m13:40:35    dbt_project.yml file [[32mOK found and valid[0m]
[2026-03-28T13:40:35.836+0000] {subprocess.py:106} INFO - [0m13:40:35  Required dependencies:
[2026-03-28T13:40:35.837+0000] {subprocess.py:106} INFO - [0m13:40:35   - git [[31mERROR[0m]
[2026-03-28T13:40:35.838+0000] {subprocess.py:106} INFO - 
[2026-03-28T13:40:35.838+0000] {subprocess.py:106} INFO - [0m13:40:35  Connection:
[2026-03-28T13:40:35.839+0000] {subprocess.py:106} INFO - [0m13:40:35    account: BBMCDSP-CT02489
[2026-03-28T13:40:35.839+0000] {subprocess.py:106} INFO - [0m13:40:35    user: user123
[2026-03-28T13:40:35.840+0000] {subprocess.py:106} INFO - [0m13:40:35    database: BANKING
[2026-03-28T13:40:35.840+0000] {subprocess.py:106} INFO - [0m13:40:35    warehouse: COMPUTE_WH
[2026-03-28T13:40:35.841+0000] {subprocess.py:106} INFO - [0m13:40:35    role: dbtadmin
[2026-03-28T13:40:35.841+0000] {subprocess.py:106} INFO - [0m13:40:35    schema: PUBLIC
[2026-03-28T13:40:35.842+0000] {subprocess.py:106} INFO - [0m13:40:35    authenticator: None
[2026-03-28T13:40:35.843+0000] {subprocess.py:106} INFO - [0m13:40:35    oauth_client_id: None
[2026-03-28T13:40:35.843+0000] {subprocess.py:106} INFO - [0m13:40:35    query_tag: None
[2026-03-28T13:40:35.844+0000] {subprocess.py:106} INFO - [0m13:40:35    client_session_keep_alive: False
[2026-03-28T13:40:35.845+0000] {subprocess.py:106} INFO - [0m13:40:35    host: None
[2026-03-28T13:40:35.845+0000] {subprocess.py:106} INFO - [0m13:40:35    port: None
[2026-03-28T13:40:35.846+0000] {subprocess.py:106} INFO - [0m13:40:35    proxy_host: None
[2026-03-28T13:40:35.847+0000] {subprocess.py:106} INFO - [0m13:40:35    proxy_port: None
[2026-03-28T13:40:35.847+0000] {subprocess.py:106} INFO - [0m13:40:35    protocol: None
[2026-03-28T13:40:35.848+0000] {subprocess.py:106} INFO - [0m13:40:35    connect_retries: 1
[2026-03-28T13:40:35.848+0000] {subprocess.py:106} INFO - [0m13:40:35    connect_timeout: None
[2026-03-28T13:40:35.849+0000] {subprocess.py:106} INFO - [0m13:40:35    retry_on_database_errors: False
[2026-03-28T13:40:35.849+0000] {subprocess.py:106} INFO - [0m13:40:35    retry_all: False
[2026-03-28T13:40:35.850+0000] {subprocess.py:106} INFO - [0m13:40:35    insecure_mode: False
[2026-03-28T13:40:35.850+0000] {subprocess.py:106} INFO - [0m13:40:35    reuse_connections: True
[2026-03-28T13:40:35.851+0000] {subprocess.py:106} INFO - [0m13:40:35    s3_stage_vpce_dns_name: None
[2026-03-28T13:40:35.851+0000] {subprocess.py:106} INFO - [0m13:40:35    platform_detection_timeout_seconds: 0.0
[2026-03-28T13:40:35.852+0000] {subprocess.py:106} INFO - [0m13:40:35  Registered adapter: snowflake=1.11.3
[2026-03-28T13:40:36.699+0000] {subprocess.py:106} INFO - [0m13:40:36    Connection test: [[32mOK connection ok[0m]
[2026-03-28T13:40:36.699+0000] {subprocess.py:106} INFO - 
[2026-03-28T13:40:36.700+0000] {subprocess.py:106} INFO - [0m13:40:36  [31m1 check failed:[0m
[2026-03-28T13:40:36.701+0000] {subprocess.py:106} INFO - [0m13:40:36  Error from git --help: Could not find command, ensure it is in the user's PATH: "git"
[2026-03-28T13:40:36.701+0000] {subprocess.py:106} INFO - 
[2026-03-28T13:40:39.534+0000] {subprocess.py:110} INFO - Command exited with return code 1
[2026-03-28T13:40:39.544+0000] {taskinstance.py:441} INFO - ::group::Post task execution logs
[2026-03-28T13:40:39.581+0000] {taskinstance.py:2905} ERROR - Task failed with exception
Traceback (most recent call last):
  File "/home/airflow/.local/lib/python3.12/site-packages/airflow/models/taskinstance.py", line 465, in _execute_task
    result = _execute_callable(context=context, **execute_callable_kwargs)
             ^^^^^^^^^^^^^^^^^^^^^^^^^^^^^^^^^^^^^^^^^^^^^^^^^^^^^^^^^^^^^
  File "/home/airflow/.local/lib/python3.12/site-packages/airflow/models/taskinstance.py", line 432, in _execute_callable
    return execute_callable(context=context, **execute_callable_kwargs)
           ^^^^^^^^^^^^^^^^^^^^^^^^^^^^^^^^^^^^^^^^^^^^^^^^^^^^^^^^^^^^
  File "/home/airflow/.local/lib/python3.12/site-packages/airflow/models/baseoperator.py", line 401, in wrapper
    return func(self, *args, **kwargs)
           ^^^^^^^^^^^^^^^^^^^^^^^^^^^
  File "/home/airflow/.local/lib/python3.12/site-packages/airflow/providers/standard/operators/bash.py", line 233, in execute
    raise AirflowException(
airflow.exceptions.AirflowException: Bash command failed. The command returned a non-zero exit code 1.
[2026-03-28T13:40:39.591+0000] {taskinstance.py:1206} INFO - Marking task as FAILED. dag_id=banking_01_bronze_layer, task_id=debug, run_id=scheduled__2026-03-28T13:00:00+00:00, execution_date=20260328T130000, start_date=20260328T134032, end_date=20260328T134039
[2026-03-28T13:40:39.622+0000] {standard_task_runner.py:110} ERROR - Failed to execute job 6862 for task debug (Bash command failed. The command returned a non-zero exit code 1.; 9538)
[2026-03-28T13:40:39.642+0000] {local_task_job_runner.py:243} INFO - Task exited with return code 1
[2026-03-28T13:40:39.671+0000] {taskinstance.py:3503} INFO - 0 downstream tasks scheduled from follow-on schedule check
[2026-03-28T13:40:39.672+0000] {local_task_job_runner.py:222} INFO - ::endgroup::
