[2026-03-29T08:28:17.541+0000] {local_task_job_runner.py:120} INFO - ::group::Pre task execution logs
[2026-03-29T08:28:17.557+0000] {taskinstance.py:2076} INFO - Dependencies all met for dep_context=non-requeueable deps ti=<TaskInstance: banking_01_bronze_layer.build_bronze_trans manual__2026-03-29T08:27:41.971099+00:00 [queued]>
[2026-03-29T08:28:17.560+0000] {taskinstance.py:2076} INFO - Dependencies all met for dep_context=requeueable deps ti=<TaskInstance: banking_01_bronze_layer.build_bronze_trans manual__2026-03-29T08:27:41.971099+00:00 [queued]>
[2026-03-29T08:28:17.560+0000] {taskinstance.py:2306} INFO - Starting attempt 1 of 2
[2026-03-29T08:28:17.566+0000] {taskinstance.py:2330} INFO - Executing <Task(BashOperator): build_bronze_trans> on 2026-03-29 08:27:41.971099+00:00
[2026-03-29T08:28:17.571+0000] {standard_task_runner.py:64} INFO - Started process 150 to run task
[2026-03-29T08:28:17.574+0000] {standard_task_runner.py:90} INFO - Running: ['***', 'tasks', 'run', 'banking_01_bronze_layer', 'build_bronze_trans', 'manual__2026-03-29T08:27:41.971099+00:00', '--job-id', '7173', '--raw', '--subdir', 'DAGS_FOLDER/dbt.py', '--cfg-path', '/tmp/tmptcp74atj']
[2026-03-29T08:28:17.576+0000] {standard_task_runner.py:91} INFO - Job 7173: Subtask build_bronze_trans
[2026-03-29T08:28:17.607+0000] {task_command.py:426} INFO - Running <TaskInstance: banking_01_bronze_layer.build_bronze_trans manual__2026-03-29T08:27:41.971099+00:00 [running]> on host c990dffe13ae
[2026-03-29T08:28:17.655+0000] {taskinstance.py:2648} INFO - Exporting env vars: AIRFLOW_CTX_DAG_OWNER='risheek' AIRFLOW_CTX_DAG_ID='banking_01_bronze_layer' AIRFLOW_CTX_TASK_ID='build_bronze_trans' AIRFLOW_CTX_EXECUTION_DATE='2026-03-29T08:27:41.971099+00:00' AIRFLOW_CTX_TRY_NUMBER='1' AIRFLOW_CTX_DAG_RUN_ID='manual__2026-03-29T08:27:41.971099+00:00'
[2026-03-29T08:28:17.656+0000] {taskinstance.py:430} INFO - ::endgroup::
[2026-03-29T08:28:17.656+0000] {subprocess.py:78} INFO - Tmp dir root location: /tmp
[2026-03-29T08:28:17.657+0000] {subprocess.py:88} INFO - Running command: ['/usr/bin/bash', '-c', 'dbt build --select bronze_trans']
[2026-03-29T08:28:17.661+0000] {subprocess.py:99} INFO - Output:
[2026-03-29T08:28:18.851+0000] {subprocess.py:106} INFO - [0m08:28:18  Running with dbt=1.11.7
[2026-03-29T08:28:19.375+0000] {subprocess.py:106} INFO - [0m08:28:19  Registered adapter: snowflake=1.11.3
[2026-03-29T08:28:19.515+0000] {subprocess.py:106} INFO - [0m08:28:19  [[33mWARNING[0m]: Configuration paths exist in your dbt_project.yml file which do not apply to any resources.
[2026-03-29T08:28:19.515+0000] {subprocess.py:106} INFO - There are 1 unused configuration paths:
[2026-03-29T08:28:19.515+0000] {subprocess.py:106} INFO - - models.trans_snowf.example
[2026-03-29T08:28:19.611+0000] {subprocess.py:106} INFO - [0m08:28:19  Found 14 models, 3 sources, 522 macros
[2026-03-29T08:28:19.612+0000] {subprocess.py:106} INFO - [0m08:28:19
[2026-03-29T08:28:19.612+0000] {subprocess.py:106} INFO - [0m08:28:19  Concurrency: 1 threads (target='dev')
[2026-03-29T08:28:19.613+0000] {subprocess.py:106} INFO - [0m08:28:19
[2026-03-29T08:28:21.285+0000] {subprocess.py:106} INFO - [0m08:28:21  1 of 1 START sql incremental model PUBLIC_BRONZE.bronze_trans .................. [RUN]
[2026-03-29T08:28:24.464+0000] {subprocess.py:106} INFO - [0m08:28:24  1 of 1 OK created sql incremental model PUBLIC_BRONZE.bronze_trans ............. [[32mSUCCESS 0[0m in 3.17s]
[2026-03-29T08:28:24.746+0000] {subprocess.py:106} INFO - [0m08:28:24
[2026-03-29T08:28:24.748+0000] {subprocess.py:106} INFO - [0m08:28:24  Finished running 1 incremental model in 0 hours 0 minutes and 5.13 seconds (5.13s).
[2026-03-29T08:28:24.811+0000] {subprocess.py:106} INFO - [0m08:28:24
[2026-03-29T08:28:24.812+0000] {subprocess.py:106} INFO - [0m08:28:24  [32mCompleted successfully[0m
[2026-03-29T08:28:24.813+0000] {subprocess.py:106} INFO - [0m08:28:24
[2026-03-29T08:28:24.813+0000] {subprocess.py:106} INFO - [0m08:28:24  Done. PASS=1 WARN=0 ERROR=0 SKIP=0 NO-OP=0 TOTAL=1
[2026-03-29T08:28:26.813+0000] {subprocess.py:110} INFO - Command exited with return code 0
[2026-03-29T08:28:26.815+0000] {taskinstance.py:441} INFO - ::group::Post task execution logs
[2026-03-29T08:28:26.861+0000] {taskinstance.py:1206} INFO - Marking task as SUCCESS. dag_id=banking_01_bronze_layer, task_id=build_bronze_trans, run_id=manual__2026-03-29T08:27:41.971099+00:00, execution_date=20260329T082741, start_date=20260329T082817, end_date=20260329T082826
[2026-03-29T08:28:26.882+0000] {local_task_job_runner.py:243} INFO - Task exited with return code 0
[2026-03-29T08:28:26.896+0000] {taskinstance.py:3503} INFO - 0 downstream tasks scheduled from follow-on schedule check
[2026-03-29T08:28:26.897+0000] {local_task_job_runner.py:222} INFO - ::endgroup::
