[2026-03-27T22:00:57.129+0000] {local_task_job_runner.py:120} INFO - ::group::Pre task execution logs
[2026-03-27T22:00:57.148+0000] {taskinstance.py:2076} INFO - Dependencies all met for dep_context=non-requeueable deps ti=<TaskInstance: banking_01_bronze_layer.build_bronze_cust scheduled__2026-03-27T18:00:00+00:00 [queued]>
[2026-03-27T22:00:57.152+0000] {taskinstance.py:2076} INFO - Dependencies all met for dep_context=requeueable deps ti=<TaskInstance: banking_01_bronze_layer.build_bronze_cust scheduled__2026-03-27T18:00:00+00:00 [queued]>
[2026-03-27T22:00:57.152+0000] {taskinstance.py:2306} INFO - Starting attempt 2 of 2
[2026-03-27T22:00:57.159+0000] {taskinstance.py:2330} INFO - Executing <Task(BashOperator): build_bronze_cust> on 2026-03-27 18:00:00+00:00
[2026-03-27T22:00:57.162+0000] {standard_task_runner.py:64} INFO - Started process 41888 to run task
[2026-03-27T22:00:57.163+0000] {standard_task_runner.py:90} INFO - Running: ['***', 'tasks', 'run', 'banking_01_bronze_layer', 'build_bronze_cust', 'scheduled__2026-03-27T18:00:00+00:00', '--job-id', '5613', '--raw', '--subdir', 'DAGS_FOLDER/dbt.py', '--cfg-path', '/tmp/tmpxfwh_kyk']
[2026-03-27T22:00:57.165+0000] {standard_task_runner.py:91} INFO - Job 5613: Subtask build_bronze_cust
[2026-03-27T22:00:57.197+0000] {task_command.py:426} INFO - Running <TaskInstance: banking_01_bronze_layer.build_bronze_cust scheduled__2026-03-27T18:00:00+00:00 [running]> on host c990dffe13ae
[2026-03-27T22:00:57.247+0000] {taskinstance.py:2648} INFO - Exporting env vars: AIRFLOW_CTX_DAG_OWNER='risheek' AIRFLOW_CTX_DAG_ID='banking_01_bronze_layer' AIRFLOW_CTX_TASK_ID='build_bronze_cust' AIRFLOW_CTX_EXECUTION_DATE='2026-03-27T18:00:00+00:00' AIRFLOW_CTX_TRY_NUMBER='2' AIRFLOW_CTX_DAG_RUN_ID='scheduled__2026-03-27T18:00:00+00:00'
[2026-03-27T22:00:57.247+0000] {taskinstance.py:430} INFO - ::endgroup::
[2026-03-27T22:00:57.248+0000] {subprocess.py:78} INFO - Tmp dir root location: /tmp
[2026-03-27T22:00:57.248+0000] {subprocess.py:88} INFO - Running command: ['/usr/bin/bash', '-c', 'dbt build --select bronze_cust']
[2026-03-27T22:00:57.253+0000] {subprocess.py:99} INFO - Output:
[2026-03-27T22:00:58.758+0000] {subprocess.py:106} INFO - [0m22:00:58  Running with dbt=1.11.7
[2026-03-27T22:00:59.385+0000] {subprocess.py:106} INFO - [0m22:00:59  Registered adapter: snowflake=1.11.3
[2026-03-27T22:00:59.573+0000] {subprocess.py:106} INFO - [0m22:00:59  [[33mWARNING[0m]: Configuration paths exist in your dbt_project.yml file which do not apply to any resources.
[2026-03-27T22:00:59.574+0000] {subprocess.py:106} INFO - There are 1 unused configuration paths:
[2026-03-27T22:00:59.574+0000] {subprocess.py:106} INFO - - models.trans_snowf.example
[2026-03-27T22:00:59.720+0000] {subprocess.py:106} INFO - [0m22:00:59  Found 14 models, 3 sources, 522 macros
[2026-03-27T22:00:59.722+0000] {subprocess.py:106} INFO - [0m22:00:59
[2026-03-27T22:00:59.723+0000] {subprocess.py:106} INFO - [0m22:00:59  Concurrency: 1 threads (target='dev')
[2026-03-27T22:00:59.723+0000] {subprocess.py:106} INFO - [0m22:00:59
[2026-03-27T22:01:00.299+0000] {subprocess.py:106} INFO - [0m22:01:00
[2026-03-27T22:01:00.300+0000] {subprocess.py:106} INFO - [0m22:01:00  Finished running  in 0 hours 0 minutes and 0.58 seconds (0.58s).
[2026-03-27T22:01:00.301+0000] {subprocess.py:106} INFO - [0m22:01:00  Encountered an error:
[2026-03-27T22:01:00.301+0000] {subprocess.py:106} INFO - Runtime Error
[2026-03-27T22:01:00.302+0000] {subprocess.py:106} INFO -   Database error while listing schemas in database "BANKING"
[2026-03-27T22:01:00.302+0000] {subprocess.py:106} INFO -   Database Error
[2026-03-27T22:01:00.302+0000] {subprocess.py:106} INFO -     250001 (08001): Failed to connect to DB: BBMCDSP-CT02489.snowflakecomputing.com:443. JWT token is invalid. [69a35475-b935-4cf2-8d5a-76c3da5b1022]
[2026-03-27T22:16:28.420+0000] {subprocess.py:110} INFO - Command exited with return code 2
[2026-03-27T22:16:28.423+0000] {taskinstance.py:441} INFO - ::group::Post task execution logs
[2026-03-27T22:16:28.453+0000] {taskinstance.py:2905} ERROR - Task failed with exception
Traceback (most recent call last):
  File "/home/airflow/.local/lib/python3.12/site-packages/airflow/models/taskinstance.py", line 465, in _execute_task
    result = _execute_callable(context=context, **execute_callable_kwargs)
             ^^^^^^^^^^^^^^^^^^^^^^^^^^^^^^^^^^^^^^^^^^^^^^^^^^^^^^^^^^^^^
  File "/home/airflow/.local/lib/python3.12/site-packages/airflow/models/taskinstance.py", line 432, in _execute_callable
    return execute_callable(context=context, **execute_callable_kwargs)
           ^^^^^^^^^^^^^^^^^^^^^^^^^^^^^^^^^^^^^^^^^^^^^^^^^^^^^^^^^^^^
  File "/home/airflow/.local/lib/python3.12/site-packages/airflow/models/baseoperator.py", line 401, in wrapper
    return func(self, *args, **kwargs)
           ^^^^^^^^^^^^^^^^^^^^^^^^^^^
  File "/home/airflow/.local/lib/python3.12/site-packages/airflow/providers/standard/operators/bash.py", line 233, in execute
    raise AirflowException(
airflow.exceptions.AirflowException: Bash command failed. The command returned a non-zero exit code 2.
[2026-03-27T22:16:28.458+0000] {taskinstance.py:1206} INFO - Marking task as FAILED. dag_id=banking_01_bronze_layer, task_id=build_bronze_cust, run_id=scheduled__2026-03-27T18:00:00+00:00, execution_date=20260327T180000, start_date=20260327T220057, end_date=20260327T221628
[2026-03-27T22:16:28.477+0000] {standard_task_runner.py:110} ERROR - Failed to execute job 5613 for task build_bronze_cust (Bash command failed. The command returned a non-zero exit code 2.; 41888)
[2026-03-27T22:16:28.490+0000] {local_task_job_runner.py:243} INFO - Task exited with return code 1
[2026-03-27T22:16:28.507+0000] {taskinstance.py:3503} INFO - 0 downstream tasks scheduled from follow-on schedule check
[2026-03-27T22:16:28.508+0000] {local_task_job_runner.py:222} INFO - ::endgroup::
