[2026-04-03T06:41:14.367+0000] {local_task_job_runner.py:120} INFO - ::group::Pre task execution logs
[2026-04-03T06:41:14.382+0000] {taskinstance.py:2076} INFO - Dependencies all met for dep_context=non-requeueable deps ti=<TaskInstance: banking_01_bronze_layer.build_bronze_acc manual__2026-04-03T06:40:59.635194+00:00 [queued]>
[2026-04-03T06:41:14.386+0000] {taskinstance.py:2076} INFO - Dependencies all met for dep_context=requeueable deps ti=<TaskInstance: banking_01_bronze_layer.build_bronze_acc manual__2026-04-03T06:40:59.635194+00:00 [queued]>
[2026-04-03T06:41:14.386+0000] {taskinstance.py:2306} INFO - Starting attempt 1 of 2
[2026-04-03T06:41:14.391+0000] {taskinstance.py:2330} INFO - Executing <Task(BashOperator): build_bronze_acc> on 2026-04-03 06:40:59.635194+00:00
[2026-04-03T06:41:14.393+0000] {standard_task_runner.py:64} INFO - Started process 1169 to run task
[2026-04-03T06:41:14.395+0000] {standard_task_runner.py:90} INFO - Running: ['***', 'tasks', 'run', 'banking_01_bronze_layer', 'build_bronze_acc', 'manual__2026-04-03T06:40:59.635194+00:00', '--job-id', '9601', '--raw', '--subdir', 'DAGS_FOLDER/dbt.py', '--cfg-path', '/tmp/tmpeer3skfj']
[2026-04-03T06:41:14.396+0000] {standard_task_runner.py:91} INFO - Job 9601: Subtask build_bronze_acc
[2026-04-03T06:41:14.422+0000] {task_command.py:426} INFO - Running <TaskInstance: banking_01_bronze_layer.build_bronze_acc manual__2026-04-03T06:40:59.635194+00:00 [running]> on host c990dffe13ae
[2026-04-03T06:41:14.465+0000] {taskinstance.py:2648} INFO - Exporting env vars: AIRFLOW_CTX_DAG_OWNER='risheek' AIRFLOW_CTX_DAG_ID='banking_01_bronze_layer' AIRFLOW_CTX_TASK_ID='build_bronze_acc' AIRFLOW_CTX_EXECUTION_DATE='2026-04-03T06:40:59.635194+00:00' AIRFLOW_CTX_TRY_NUMBER='1' AIRFLOW_CTX_DAG_RUN_ID='manual__2026-04-03T06:40:59.635194+00:00'
[2026-04-03T06:41:14.465+0000] {taskinstance.py:430} INFO - ::endgroup::
[2026-04-03T06:41:14.466+0000] {subprocess.py:78} INFO - Tmp dir root location: /tmp
[2026-04-03T06:41:14.466+0000] {subprocess.py:88} INFO - Running command: ['/usr/bin/bash', '-c', 'dbt build --select bronze_acc']
[2026-04-03T06:41:14.471+0000] {subprocess.py:99} INFO - Output:
[2026-04-03T06:41:15.796+0000] {subprocess.py:106} INFO - [0m06:41:15  Running with dbt=1.11.7
[2026-04-03T06:41:16.315+0000] {subprocess.py:106} INFO - [0m06:41:16  Registered adapter: snowflake=1.11.3
[2026-04-03T06:41:16.449+0000] {subprocess.py:106} INFO - [0m06:41:16  [[33mWARNING[0m]: Configuration paths exist in your dbt_project.yml file which do not apply to any resources.
[2026-04-03T06:41:16.450+0000] {subprocess.py:106} INFO - There are 1 unused configuration paths:
[2026-04-03T06:41:16.452+0000] {subprocess.py:106} INFO - - models.trans_snowf.example
[2026-04-03T06:41:16.542+0000] {subprocess.py:106} INFO - [0m06:41:16  Found 14 models, 3 sources, 524 macros
[2026-04-03T06:41:16.543+0000] {subprocess.py:106} INFO - [0m06:41:16
[2026-04-03T06:41:16.544+0000] {subprocess.py:106} INFO - [0m06:41:16  Concurrency: 1 threads (target='dev')
[2026-04-03T06:41:16.544+0000] {subprocess.py:106} INFO - [0m06:41:16
[2026-04-03T06:41:18.606+0000] {subprocess.py:106} INFO - [0m06:41:18  1 of 1 START sql incremental model PUBLIC_BRONZE.bronze_acc .................... [RUN]
[2026-04-03T06:41:20.035+0000] {subprocess.py:106} INFO - [0m06:41:20  1 of 1 OK created sql incremental model PUBLIC_BRONZE.bronze_acc ............... [[32mSUCCESS 50[0m in 1.43s]
[2026-04-03T06:41:20.267+0000] {subprocess.py:106} INFO - [0m06:41:20
[2026-04-03T06:41:20.269+0000] {subprocess.py:106} INFO - [0m06:41:20  Finished running 1 incremental model in 0 hours 0 minutes and 3.72 seconds (3.72s).
[2026-04-03T06:41:20.327+0000] {subprocess.py:106} INFO - [0m06:41:20
[2026-04-03T06:41:20.328+0000] {subprocess.py:106} INFO - [0m06:41:20  [32mCompleted successfully[0m
[2026-04-03T06:41:20.328+0000] {subprocess.py:106} INFO - [0m06:41:20
[2026-04-03T06:41:20.329+0000] {subprocess.py:106} INFO - [0m06:41:20  Done. PASS=1 WARN=0 ERROR=0 SKIP=0 NO-OP=0 TOTAL=1
[2026-04-03T06:41:26.299+0000] {subprocess.py:110} INFO - Command exited with return code 0
[2026-04-03T06:41:26.302+0000] {taskinstance.py:441} INFO - ::group::Post task execution logs
[2026-04-03T06:41:26.332+0000] {taskinstance.py:1206} INFO - Marking task as SUCCESS. dag_id=banking_01_bronze_layer, task_id=build_bronze_acc, run_id=manual__2026-04-03T06:40:59.635194+00:00, execution_date=20260403T064059, start_date=20260403T064114, end_date=20260403T064126
[2026-04-03T06:41:26.357+0000] {local_task_job_runner.py:243} INFO - Task exited with return code 0
[2026-04-03T06:41:26.369+0000] {taskinstance.py:3503} INFO - 0 downstream tasks scheduled from follow-on schedule check
[2026-04-03T06:41:26.370+0000] {local_task_job_runner.py:222} INFO - ::endgroup::
