[2026-03-27T16:43:33.446+0000] {local_task_job_runner.py:120} INFO - ::group::Pre task execution logs
[2026-03-27T16:43:33.462+0000] {taskinstance.py:2076} INFO - Dependencies all met for dep_context=non-requeueable deps ti=<TaskInstance: transfer_from_minio_to_snowflake_transactions.create_raw scheduled__2026-03-27T16:38:00+00:00 [queued]>
[2026-03-27T16:43:33.465+0000] {taskinstance.py:2076} INFO - Dependencies all met for dep_context=requeueable deps ti=<TaskInstance: transfer_from_minio_to_snowflake_transactions.create_raw scheduled__2026-03-27T16:38:00+00:00 [queued]>
[2026-03-27T16:43:33.465+0000] {taskinstance.py:2306} INFO - Starting attempt 1 of 3
[2026-03-27T16:43:33.471+0000] {taskinstance.py:2330} INFO - Executing <Task(SQLExecuteQueryOperator): create_raw> on 2026-03-27 16:38:00+00:00
[2026-03-27T16:43:33.482+0000] {logging_mixin.py:188} WARNING - /home/***/.local/lib/python3.12/site-packages/***/task/task_runner/standard_task_runner.py:62 DeprecationWarning: This process (pid=39073) is multi-threaded, use of fork() may lead to deadlocks in the child.
[2026-03-27T16:43:33.478+0000] {standard_task_runner.py:90} INFO - Running: ['***', 'tasks', 'run', 'transfer_from_minio_to_snowflake_transactions', 'create_raw', 'scheduled__2026-03-27T16:38:00+00:00', '--job-id', '5477', '--raw', '--subdir', 'DAGS_FOLDER/transfer.py', '--cfg-path', '/tmp/tmpjksfpgf3']
[2026-03-27T16:43:33.483+0000] {standard_task_runner.py:91} INFO - Job 5477: Subtask create_raw
[2026-03-27T16:43:33.483+0000] {standard_task_runner.py:64} INFO - Started process 39085 to run task
[2026-03-27T16:43:33.517+0000] {task_command.py:426} INFO - Running <TaskInstance: transfer_from_minio_to_snowflake_transactions.create_raw scheduled__2026-03-27T16:38:00+00:00 [running]> on host c990dffe13ae
[2026-03-27T16:43:33.702+0000] {taskinstance.py:2648} INFO - Exporting env vars: AIRFLOW_CTX_DAG_OWNER='***' AIRFLOW_CTX_DAG_ID='transfer_from_minio_to_snowflake_transactions' AIRFLOW_CTX_TASK_ID='create_raw' AIRFLOW_CTX_EXECUTION_DATE='2026-03-27T16:38:00+00:00' AIRFLOW_CTX_TRY_NUMBER='1' AIRFLOW_CTX_DAG_RUN_ID='scheduled__2026-03-27T16:38:00+00:00'
[2026-03-27T16:43:33.703+0000] {taskinstance.py:430} INFO - ::endgroup::
[2026-03-27T16:43:33.703+0000] {sql.py:282} INFO - Executing:  CREATE TABLE IF NOT EXISTS RAW_TRANSACTIONS (
                    raw_json VARIANT,
                    inserted_at TIMESTAMP_NTZ DEFAULT CURRENT_TIMESTAMP());
                  
[2026-03-27T16:43:33.709+0000] {base.py:84} INFO - Using connection ID 'warehouse_id' for task execution.
[2026-03-27T16:43:33.741+0000] {base.py:84} INFO - Using connection ID 'warehouse_id' for task execution.
[2026-03-27T16:43:33.779+0000] {connection.py:613} INFO - Snowflake Connector for Python Version: 4.3.0, Python Version: 3.12.4, Platform: Linux-6.12.76-linuxkit-aarch64-with-glibc2.36
[2026-03-27T16:43:33.780+0000] {connection.py:1709} INFO - Connecting to GLOBAL Snowflake domain
[2026-03-27T16:43:40.907+0000] {sql.py:495} INFO - Running statement: CREATE TABLE IF NOT EXISTS RAW_TRANSACTIONS (
                    raw_json VARIANT,
                    inserted_at TIMESTAMP_NTZ DEFAULT CURRENT_TIMESTAMP());, parameters: None
[2026-03-27T16:43:41.139+0000] {sql.py:504} INFO - Rows affected: 1
[2026-03-27T16:43:41.140+0000] {snowflake.py:422} INFO - Rows affected: 1
[2026-03-27T16:43:41.141+0000] {snowflake.py:423} INFO - Snowflake query id: 01c34fcb-3202-8315-0014-90e60004c06a
[2026-03-27T17:02:55.342+0000] {network.py:1029} ERROR - HTTPSConnectionPool(host='bbmcdsp-ct02489.snowflakecomputing.com', port=443): Read timed out. (read timeout=60)
Traceback (most recent call last):
  File "/home/airflow/.local/lib/python3.12/site-packages/snowflake/connector/vendored/urllib3/contrib/pyopenssl.py", line 326, in recv_into
    return self.connection.recv_into(*args, **kwargs)  # type: ignore[no-any-return]
           ^^^^^^^^^^^^^^^^^^^^^^^^^^^^^^^^^^^^^^^^^^
  File "/home/airflow/.local/lib/python3.12/site-packages/OpenSSL/SSL.py", line 2339, in recv_into
    self._raise_ssl_error(self._ssl, result)
  File "/home/airflow/.local/lib/python3.12/site-packages/OpenSSL/SSL.py", line 2017, in _raise_ssl_error
    raise WantReadError()
OpenSSL.SSL.WantReadError

The above exception was the direct cause of the following exception:

Traceback (most recent call last):
  File "/home/airflow/.local/lib/python3.12/site-packages/snowflake/connector/vendored/urllib3/connectionpool.py", line 534, in _make_request
    response = conn.getresponse()
               ^^^^^^^^^^^^^^^^^^
  File "/home/airflow/.local/lib/python3.12/site-packages/snowflake/connector/vendored/urllib3/connection.py", line 580, in getresponse
    httplib_response = super().getresponse()
                       ^^^^^^^^^^^^^^^^^^^^^
  File "/usr/local/lib/python3.12/http/client.py", line 1428, in getresponse
    response.begin()
  File "/usr/local/lib/python3.12/http/client.py", line 331, in begin
    version, status, reason = self._read_status()
                              ^^^^^^^^^^^^^^^^^^^
  File "/usr/local/lib/python3.12/http/client.py", line 292, in _read_status
    line = str(self.fp.readline(_MAXLINE + 1), "iso-8859-1")
               ^^^^^^^^^^^^^^^^^^^^^^^^^^^^^^
  File "/usr/local/lib/python3.12/socket.py", line 708, in readinto
    return self._sock.recv_into(b)
           ^^^^^^^^^^^^^^^^^^^^^^^
  File "/home/airflow/.local/lib/python3.12/site-packages/snowflake/connector/vendored/urllib3/contrib/pyopenssl.py", line 339, in recv_into
    raise timeout("The read operation timed out") from e
TimeoutError: The read operation timed out

The above exception was the direct cause of the following exception:

Traceback (most recent call last):
  File "/home/airflow/.local/lib/python3.12/site-packages/snowflake/connector/vendored/requests/adapters.py", line 644, in send
    resp = conn.urlopen(
           ^^^^^^^^^^^^^
  File "/home/airflow/.local/lib/python3.12/site-packages/snowflake/connector/vendored/urllib3/connectionpool.py", line 841, in urlopen
    retries = retries.increment(
              ^^^^^^^^^^^^^^^^^^
  File "/home/airflow/.local/lib/python3.12/site-packages/snowflake/connector/vendored/urllib3/util/retry.py", line 490, in increment
    raise reraise(type(error), error, _stacktrace)
          ^^^^^^^^^^^^^^^^^^^^^^^^^^^^^^^^^^^^^^^^
  File "/home/airflow/.local/lib/python3.12/site-packages/snowflake/connector/vendored/urllib3/util/util.py", line 39, in reraise
    raise value
  File "/home/airflow/.local/lib/python3.12/site-packages/snowflake/connector/vendored/urllib3/connectionpool.py", line 787, in urlopen
    response = self._make_request(
               ^^^^^^^^^^^^^^^^^^^
  File "/home/airflow/.local/lib/python3.12/site-packages/snowflake/connector/vendored/urllib3/connectionpool.py", line 536, in _make_request
    self._raise_timeout(err=e, url=url, timeout_value=read_timeout)
  File "/home/airflow/.local/lib/python3.12/site-packages/snowflake/connector/vendored/urllib3/connectionpool.py", line 367, in _raise_timeout
    raise ReadTimeoutError(
snowflake.connector.vendored.urllib3.exceptions.ReadTimeoutError: HTTPSConnectionPool(host='bbmcdsp-ct02489.snowflakecomputing.com', port=443): Read timed out. (read timeout=60)

During handling of the above exception, another exception occurred:

Traceback (most recent call last):
  File "/home/airflow/.local/lib/python3.12/site-packages/snowflake/connector/network.py", line 1109, in _request_exec
    raw_ret = session.request(
              ^^^^^^^^^^^^^^^^
  File "/home/airflow/.local/lib/python3.12/site-packages/snowflake/connector/vendored/requests/sessions.py", line 589, in request
    resp = self.send(prep, **send_kwargs)
           ^^^^^^^^^^^^^^^^^^^^^^^^^^^^^^
  File "/home/airflow/.local/lib/python3.12/site-packages/snowflake/connector/vendored/requests/sessions.py", line 703, in send
    r = adapter.send(request, **kwargs)
        ^^^^^^^^^^^^^^^^^^^^^^^^^^^^^^^
  File "/home/airflow/.local/lib/python3.12/site-packages/snowflake/connector/vendored/requests/adapters.py", line 690, in send
    raise ReadTimeout(e, request=request)
snowflake.connector.vendored.requests.exceptions.ReadTimeout: HTTPSConnectionPool(host='bbmcdsp-ct02489.snowflakecomputing.com', port=443): Read timed out. (read timeout=60)

During handling of the above exception, another exception occurred:

Traceback (most recent call last):
  File "/home/airflow/.local/lib/python3.12/site-packages/snowflake/connector/network.py", line 924, in _request_exec_wrapper
    return_object = self._request_exec(
                    ^^^^^^^^^^^^^^^^^^^
  File "/home/airflow/.local/lib/python3.12/site-packages/snowflake/connector/network.py", line 1219, in _request_exec
    raise RetryRequest(err)
snowflake.connector.network.RetryRequest: HTTPSConnectionPool(host='bbmcdsp-ct02489.snowflakecomputing.com', port=443): Read timed out. (read timeout=60)
[2026-03-27T17:02:55.378+0000] {taskinstance.py:441} INFO - ::group::Post task execution logs
[2026-03-27T17:02:55.436+0000] {taskinstance.py:1206} INFO - Marking task as SUCCESS. dag_id=transfer_from_minio_to_snowflake_transactions, task_id=create_raw, run_id=scheduled__2026-03-27T16:38:00+00:00, execution_date=20260327T163800, start_date=20260327T164333, end_date=20260327T170255
[2026-03-27T17:02:55.499+0000] {local_task_job_runner.py:243} INFO - Task exited with return code 0
[2026-03-27T17:02:55.532+0000] {taskinstance.py:3503} INFO - 1 downstream tasks scheduled from follow-on schedule check
[2026-03-27T17:02:55.533+0000] {local_task_job_runner.py:222} INFO - ::endgroup::
