[2026-03-30T06:11:32.148+0000] {local_task_job_runner.py:120} INFO - ::group::Pre task execution logs
[2026-03-30T06:11:32.162+0000] {taskinstance.py:2076} INFO - Dependencies all met for dep_context=non-requeueable deps ti=<TaskInstance: banking_01_bronze_layer.build_bronze_acc scheduled__2026-03-30T05:30:00+00:00 [queued]>
[2026-03-30T06:11:32.165+0000] {taskinstance.py:2076} INFO - Dependencies all met for dep_context=requeueable deps ti=<TaskInstance: banking_01_bronze_layer.build_bronze_acc scheduled__2026-03-30T05:30:00+00:00 [queued]>
[2026-03-30T06:11:32.165+0000] {taskinstance.py:2306} INFO - Starting attempt 1 of 2
[2026-03-30T06:11:32.171+0000] {taskinstance.py:2330} INFO - Executing <Task(BashOperator): build_bronze_acc> on 2026-03-30 05:30:00+00:00
[2026-03-30T06:11:32.173+0000] {standard_task_runner.py:64} INFO - Started process 8945 to run task
[2026-03-30T06:11:32.175+0000] {standard_task_runner.py:90} INFO - Running: ['***', 'tasks', 'run', 'banking_01_bronze_layer', 'build_bronze_acc', 'scheduled__2026-03-30T05:30:00+00:00', '--job-id', '7454', '--raw', '--subdir', 'DAGS_FOLDER/dbt.py', '--cfg-path', '/tmp/tmpae8cog_u']
[2026-03-30T06:11:32.176+0000] {standard_task_runner.py:91} INFO - Job 7454: Subtask build_bronze_acc
[2026-03-30T06:11:32.201+0000] {task_command.py:426} INFO - Running <TaskInstance: banking_01_bronze_layer.build_bronze_acc scheduled__2026-03-30T05:30:00+00:00 [running]> on host c990dffe13ae
[2026-03-30T06:11:32.242+0000] {taskinstance.py:2648} INFO - Exporting env vars: AIRFLOW_CTX_DAG_OWNER='risheek' AIRFLOW_CTX_DAG_ID='banking_01_bronze_layer' AIRFLOW_CTX_TASK_ID='build_bronze_acc' AIRFLOW_CTX_EXECUTION_DATE='2026-03-30T05:30:00+00:00' AIRFLOW_CTX_TRY_NUMBER='1' AIRFLOW_CTX_DAG_RUN_ID='scheduled__2026-03-30T05:30:00+00:00'
[2026-03-30T06:11:32.242+0000] {taskinstance.py:430} INFO - ::endgroup::
[2026-03-30T06:11:32.243+0000] {subprocess.py:78} INFO - Tmp dir root location: /tmp
[2026-03-30T06:11:32.243+0000] {subprocess.py:88} INFO - Running command: ['/usr/bin/bash', '-c', 'dbt build --select bronze_acc']
[2026-03-30T06:11:32.246+0000] {subprocess.py:99} INFO - Output:
[2026-03-30T06:11:33.429+0000] {subprocess.py:106} INFO - [0m06:11:33  Running with dbt=1.11.7
[2026-03-30T06:11:33.887+0000] {subprocess.py:106} INFO - [0m06:11:33  Registered adapter: snowflake=1.11.3
[2026-03-30T06:11:34.017+0000] {subprocess.py:106} INFO - [0m06:11:34  [[33mWARNING[0m]: Configuration paths exist in your dbt_project.yml file which do not apply to any resources.
[2026-03-30T06:11:34.017+0000] {subprocess.py:106} INFO - There are 1 unused configuration paths:
[2026-03-30T06:11:34.017+0000] {subprocess.py:106} INFO - - models.trans_snowf.example
[2026-03-30T06:11:34.113+0000] {subprocess.py:106} INFO - [0m06:11:34  Found 14 models, 3 sources, 522 macros
[2026-03-30T06:11:34.114+0000] {subprocess.py:106} INFO - [0m06:11:34
[2026-03-30T06:11:34.114+0000] {subprocess.py:106} INFO - [0m06:11:34  Concurrency: 1 threads (target='dev')
[2026-03-30T06:11:34.115+0000] {subprocess.py:106} INFO - [0m06:11:34
[2026-03-30T06:11:35.526+0000] {subprocess.py:106} INFO - [0m06:11:35  1 of 1 START sql incremental model PUBLIC_BRONZE.bronze_acc .................... [RUN]
[2026-03-30T06:11:38.531+0000] {subprocess.py:106} INFO - [0m06:11:38  1 of 1 OK created sql incremental model PUBLIC_BRONZE.bronze_acc ............... [[32mSUCCESS 0[0m in 3.00s]
[2026-03-30T06:27:49.576+0000] {subprocess.py:106} INFO - [0m06:27:49  ('Connection aborted.', RemoteDisconnected('Remote end closed connection without response'))
[2026-03-30T06:27:50.020+0000] {subprocess.py:106} INFO - [0m06:27:50
[2026-03-30T06:27:50.022+0000] {subprocess.py:106} INFO - [0m06:27:50  Finished running 1 incremental model in 0 hours 16 minutes and 15.90 seconds (975.90s).
[2026-03-30T06:27:50.093+0000] {subprocess.py:106} INFO - [0m06:27:50
[2026-03-30T06:27:50.094+0000] {subprocess.py:106} INFO - [0m06:27:50  [32mCompleted successfully[0m
[2026-03-30T06:27:50.095+0000] {subprocess.py:106} INFO - [0m06:27:50
[2026-03-30T06:27:50.095+0000] {subprocess.py:106} INFO - [0m06:27:50  Done. PASS=1 WARN=0 ERROR=0 SKIP=0 NO-OP=0 TOTAL=1
[2026-03-30T06:27:55.848+0000] {subprocess.py:110} INFO - Command exited with return code 0
[2026-03-30T06:27:55.857+0000] {taskinstance.py:441} INFO - ::group::Post task execution logs
[2026-03-30T06:27:55.902+0000] {taskinstance.py:1206} INFO - Marking task as SUCCESS. dag_id=banking_01_bronze_layer, task_id=build_bronze_acc, run_id=scheduled__2026-03-30T05:30:00+00:00, execution_date=20260330T053000, start_date=20260330T061132, end_date=20260330T062755
[2026-03-30T06:27:55.958+0000] {local_task_job_runner.py:243} INFO - Task exited with return code 0
[2026-03-30T06:27:55.984+0000] {taskinstance.py:3503} INFO - 0 downstream tasks scheduled from follow-on schedule check
[2026-03-30T06:27:55.985+0000] {local_task_job_runner.py:222} INFO - ::endgroup::
