[2026-03-31T00:29:22.760+0000] {local_task_job_runner.py:120} INFO - ::group::Pre task execution logs
[2026-03-31T00:29:22.776+0000] {taskinstance.py:2076} INFO - Dependencies all met for dep_context=non-requeueable deps ti=<TaskInstance: banking_01_bronze_layer.build_bronze_acc manual__2026-03-31T00:23:48.187527+00:00 [queued]>
[2026-03-31T00:29:22.780+0000] {taskinstance.py:2076} INFO - Dependencies all met for dep_context=requeueable deps ti=<TaskInstance: banking_01_bronze_layer.build_bronze_acc manual__2026-03-31T00:23:48.187527+00:00 [queued]>
[2026-03-31T00:29:22.780+0000] {taskinstance.py:2306} INFO - Starting attempt 2 of 2
[2026-03-31T00:29:22.786+0000] {taskinstance.py:2330} INFO - Executing <Task(BashOperator): build_bronze_acc> on 2026-03-31 00:23:48.187527+00:00
[2026-03-31T00:29:22.789+0000] {standard_task_runner.py:64} INFO - Started process 41594 to run task
[2026-03-31T00:29:22.790+0000] {standard_task_runner.py:90} INFO - Running: ['***', 'tasks', 'run', 'banking_01_bronze_layer', 'build_bronze_acc', 'manual__2026-03-31T00:23:48.187527+00:00', '--job-id', '9541', '--raw', '--subdir', 'DAGS_FOLDER/dbt.py', '--cfg-path', '/tmp/tmphpo5n7ui']
[2026-03-31T00:29:22.792+0000] {standard_task_runner.py:91} INFO - Job 9541: Subtask build_bronze_acc
[2026-03-31T00:29:22.841+0000] {task_command.py:426} INFO - Running <TaskInstance: banking_01_bronze_layer.build_bronze_acc manual__2026-03-31T00:23:48.187527+00:00 [running]> on host c990dffe13ae
[2026-03-31T00:29:22.921+0000] {taskinstance.py:2648} INFO - Exporting env vars: AIRFLOW_CTX_DAG_OWNER='risheek' AIRFLOW_CTX_DAG_ID='banking_01_bronze_layer' AIRFLOW_CTX_TASK_ID='build_bronze_acc' AIRFLOW_CTX_EXECUTION_DATE='2026-03-31T00:23:48.187527+00:00' AIRFLOW_CTX_TRY_NUMBER='2' AIRFLOW_CTX_DAG_RUN_ID='manual__2026-03-31T00:23:48.187527+00:00'
[2026-03-31T00:29:22.922+0000] {taskinstance.py:430} INFO - ::endgroup::
[2026-03-31T00:29:22.923+0000] {subprocess.py:78} INFO - Tmp dir root location: /tmp
[2026-03-31T00:29:22.923+0000] {subprocess.py:88} INFO - Running command: ['/usr/bin/bash', '-c', 'dbt build --select bronze_acc']
[2026-03-31T00:29:22.928+0000] {subprocess.py:99} INFO - Output:
[2026-03-31T00:29:24.231+0000] {subprocess.py:106} INFO - [0m00:29:24  Running with dbt=1.11.7
[2026-03-31T00:29:25.020+0000] {subprocess.py:106} INFO - [0m00:29:25  Registered adapter: snowflake=1.11.3
[2026-03-31T00:29:25.185+0000] {subprocess.py:106} INFO - [0m00:29:25  [[33mWARNING[0m]: Configuration paths exist in your dbt_project.yml file which do not apply to any resources.
[2026-03-31T00:29:25.185+0000] {subprocess.py:106} INFO - There are 1 unused configuration paths:
[2026-03-31T00:29:25.188+0000] {subprocess.py:106} INFO - - models.trans_snowf.example
[2026-03-31T00:29:25.284+0000] {subprocess.py:106} INFO - [0m00:29:25  Found 14 models, 3 sources, 522 macros
[2026-03-31T00:29:25.285+0000] {subprocess.py:106} INFO - [0m00:29:25
[2026-03-31T00:29:25.286+0000] {subprocess.py:106} INFO - [0m00:29:25  Concurrency: 1 threads (target='dev')
[2026-03-31T00:29:25.286+0000] {subprocess.py:106} INFO - [0m00:29:25
[2026-03-31T00:29:27.904+0000] {subprocess.py:106} INFO - [0m00:29:27  1 of 1 START sql incremental model PUBLIC_BRONZE.bronze_acc .................... [RUN]
[2026-03-31T00:29:28.093+0000] {subprocess.py:106} INFO - [0m00:29:28  1 of 1 ERROR creating sql incremental model PUBLIC_BRONZE.bronze_acc ........... [[31mERROR[0m in 0.19s]
[2026-03-31T00:29:28.371+0000] {subprocess.py:106} INFO - [0m00:29:28
[2026-03-31T00:29:28.372+0000] {subprocess.py:106} INFO - [0m00:29:28  Finished running 1 incremental model in 0 hours 0 minutes and 3.08 seconds (3.08s).
[2026-03-31T00:29:28.428+0000] {subprocess.py:106} INFO - [0m00:29:28
[2026-03-31T00:29:28.429+0000] {subprocess.py:106} INFO - [0m00:29:28  [31mCompleted with 1 error, 0 partial successes, and 0 warnings:[0m
[2026-03-31T00:29:28.430+0000] {subprocess.py:106} INFO - [0m00:29:28
[2026-03-31T00:29:28.430+0000] {subprocess.py:106} INFO - [0m00:29:28  [31mFailure in model bronze_acc (models/staging/bronze_acc.sql)[0m
[2026-03-31T00:29:28.431+0000] {subprocess.py:106} INFO - [0m00:29:28    Database Error in model bronze_acc (models/staging/bronze_acc.sql)
[2026-03-31T00:29:28.432+0000] {subprocess.py:106} INFO -   002141 (42601): SQL compilation error:
[2026-03-31T00:29:28.432+0000] {subprocess.py:106} INFO -   Unknown user-defined function BANKING.PUBLIC.DECODE_DEBEZIUM_DECIMAL.
[2026-03-31T00:29:28.432+0000] {subprocess.py:106} INFO - [0m00:29:28
[2026-03-31T00:29:28.433+0000] {subprocess.py:106} INFO - [0m00:29:28    compiled code at target/compiled/trans_snowf/models/staging/bronze_acc.sql
[2026-03-31T00:29:28.433+0000] {subprocess.py:106} INFO - [0m00:29:28
[2026-03-31T00:29:28.434+0000] {subprocess.py:106} INFO - [0m00:29:28  Done. PASS=0 WARN=0 ERROR=1 SKIP=0 NO-OP=0 TOTAL=1
[2026-03-31T00:29:31.450+0000] {subprocess.py:110} INFO - Command exited with return code 1
[2026-03-31T00:29:31.457+0000] {taskinstance.py:441} INFO - ::group::Post task execution logs
[2026-03-31T00:29:31.477+0000] {taskinstance.py:2905} ERROR - Task failed with exception
Traceback (most recent call last):
  File "/home/airflow/.local/lib/python3.12/site-packages/airflow/models/taskinstance.py", line 465, in _execute_task
    result = _execute_callable(context=context, **execute_callable_kwargs)
             ^^^^^^^^^^^^^^^^^^^^^^^^^^^^^^^^^^^^^^^^^^^^^^^^^^^^^^^^^^^^^
  File "/home/airflow/.local/lib/python3.12/site-packages/airflow/models/taskinstance.py", line 432, in _execute_callable
    return execute_callable(context=context, **execute_callable_kwargs)
           ^^^^^^^^^^^^^^^^^^^^^^^^^^^^^^^^^^^^^^^^^^^^^^^^^^^^^^^^^^^^
  File "/home/airflow/.local/lib/python3.12/site-packages/airflow/models/baseoperator.py", line 401, in wrapper
    return func(self, *args, **kwargs)
           ^^^^^^^^^^^^^^^^^^^^^^^^^^^
  File "/home/airflow/.local/lib/python3.12/site-packages/airflow/providers/standard/operators/bash.py", line 233, in execute
    raise AirflowException(
airflow.exceptions.AirflowException: Bash command failed. The command returned a non-zero exit code 1.
[2026-03-31T00:29:31.482+0000] {taskinstance.py:1206} INFO - Marking task as FAILED. dag_id=banking_01_bronze_layer, task_id=build_bronze_acc, run_id=manual__2026-03-31T00:23:48.187527+00:00, execution_date=20260331T002348, start_date=20260331T002922, end_date=20260331T002931
[2026-03-31T00:29:31.510+0000] {standard_task_runner.py:110} ERROR - Failed to execute job 9541 for task build_bronze_acc (Bash command failed. The command returned a non-zero exit code 1.; 41594)
[2026-03-31T00:29:31.521+0000] {local_task_job_runner.py:243} INFO - Task exited with return code 1
[2026-03-31T00:29:31.540+0000] {taskinstance.py:3503} INFO - 0 downstream tasks scheduled from follow-on schedule check
[2026-03-31T00:29:31.541+0000] {local_task_job_runner.py:222} INFO - ::endgroup::
