[2026-03-10T08:39:28.011+0000] {local_task_job_runner.py:120} INFO - ::group::Pre task execution logs
[2026-03-10T08:39:28.027+0000] {taskinstance.py:2076} INFO - Dependencies all met for dep_context=non-requeueable deps ti=<TaskInstance: transfer_from_minio_to_snowflake.copy scheduled__2026-03-10T08:33:00+00:00 [queued]>
[2026-03-10T08:39:28.030+0000] {taskinstance.py:2076} INFO - Dependencies all met for dep_context=requeueable deps ti=<TaskInstance: transfer_from_minio_to_snowflake.copy scheduled__2026-03-10T08:33:00+00:00 [queued]>
[2026-03-10T08:39:28.030+0000] {taskinstance.py:2306} INFO - Starting attempt 1 of 3
[2026-03-10T08:39:28.036+0000] {taskinstance.py:2330} INFO - Executing <Task(CopyFromExternalStageToSnowflakeOperator): copy> on 2026-03-10 08:33:00+00:00
[2026-03-10T08:39:28.040+0000] {logging_mixin.py:188} WARNING - /home/***/.local/lib/python3.12/site-packages/***/task/task_runner/standard_task_runner.py:62 DeprecationWarning: This process (pid=2470) is multi-threaded, use of fork() may lead to deadlocks in the child.
[2026-03-10T08:39:28.041+0000] {standard_task_runner.py:64} INFO - Started process 2482 to run task
[2026-03-10T08:39:28.041+0000] {standard_task_runner.py:90} INFO - Running: ['***', 'tasks', 'run', 'transfer_from_minio_to_snowflake', 'copy', 'scheduled__2026-03-10T08:33:00+00:00', '--job-id', '216', '--raw', '--subdir', 'DAGS_FOLDER/transfer.py', '--cfg-path', '/tmp/tmpu60vqic9']
[2026-03-10T08:39:28.042+0000] {standard_task_runner.py:91} INFO - Job 216: Subtask copy
[2026-03-10T08:39:28.072+0000] {task_command.py:426} INFO - Running <TaskInstance: transfer_from_minio_to_snowflake.copy scheduled__2026-03-10T08:33:00+00:00 [running]> on host dd9947467187
[2026-03-10T08:39:28.209+0000] {taskinstance.py:2648} INFO - Exporting env vars: AIRFLOW_CTX_DAG_OWNER='***' AIRFLOW_CTX_DAG_ID='transfer_from_minio_to_snowflake' AIRFLOW_CTX_TASK_ID='copy' AIRFLOW_CTX_EXECUTION_DATE='2026-03-10T08:33:00+00:00' AIRFLOW_CTX_TRY_NUMBER='1' AIRFLOW_CTX_DAG_RUN_ID='scheduled__2026-03-10T08:33:00+00:00'
[2026-03-10T08:39:28.210+0000] {taskinstance.py:430} INFO - ::endgroup::
[2026-03-10T08:39:28.210+0000] {copy_into_snowflake.py:142} INFO - Executing COPY command...
[2026-03-10T08:39:28.216+0000] {base.py:84} INFO - Using connection ID 'warehouse_id' for task execution.
[2026-03-10T08:39:28.254+0000] {connection.py:613} INFO - Snowflake Connector for Python Version: 4.3.0, Python Version: 3.12.4, Platform: Linux-6.12.72-linuxkit-aarch64-with-glibc2.36
[2026-03-10T08:39:28.254+0000] {connection.py:1709} INFO - Connecting to GLOBAL Snowflake domain
[2026-03-10T08:39:29.997+0000] {sql.py:495} INFO - Running statement: COPY INTO RAW
             FROM  @incoming/
        
        
        FILE_FORMAT=(TYPE= 'JSON')
        ['MATCH_BY_COLUMN_NAME', "ON_ERROR= 'continue'"], parameters: None
[2026-03-10T08:39:30.365+0000] {taskinstance.py:441} INFO - ::group::Post task execution logs
[2026-03-10T08:39:30.368+0000] {taskinstance.py:2905} ERROR - Task failed with exception
Traceback (most recent call last):
  File "/home/airflow/.local/lib/python3.12/site-packages/airflow/models/taskinstance.py", line 465, in _execute_task
    result = _execute_callable(context=context, **execute_callable_kwargs)
             ^^^^^^^^^^^^^^^^^^^^^^^^^^^^^^^^^^^^^^^^^^^^^^^^^^^^^^^^^^^^^
  File "/home/airflow/.local/lib/python3.12/site-packages/airflow/models/taskinstance.py", line 432, in _execute_callable
    return execute_callable(context=context, **execute_callable_kwargs)
           ^^^^^^^^^^^^^^^^^^^^^^^^^^^^^^^^^^^^^^^^^^^^^^^^^^^^^^^^^^^^
  File "/home/airflow/.local/lib/python3.12/site-packages/airflow/models/baseoperator.py", line 401, in wrapper
    return func(self, *args, **kwargs)
           ^^^^^^^^^^^^^^^^^^^^^^^^^^^
  File "/home/airflow/.local/lib/python3.12/site-packages/airflow/providers/snowflake/transfers/copy_into_snowflake.py", line 143, in execute
    self._result = self.hook.run(  # type: ignore # mypy does not work well with return_dictionaries=True
                   ^^^^^^^^^^^^^^^^^^^^^^^^^^^^^^^^^^^^^^^^^^^^^^^^^^^^^^^^^^^^^^^^^^^^^^^^^^^^^^^^^^^^^^
  File "/home/airflow/.local/lib/python3.12/site-packages/airflow/providers/snowflake/hooks/snowflake.py", line 410, in run
    self._run_command(cur, sql_statement, parameters)  # type: ignore[attr-defined]
    ^^^^^^^^^^^^^^^^^^^^^^^^^^^^^^^^^^^^^^^^^^^^^^^^^
  File "/home/airflow/.local/lib/python3.12/site-packages/airflow/providers/common/sql/hooks/sql.py", line 500, in _run_command
    cur.execute(sql_statement)
  File "/home/airflow/.local/lib/python3.12/site-packages/snowflake/connector/cursor.py", line 1144, in execute
    Error.errorhandler_wrapper(self.connection, self, error_class, errvalue)
  File "/home/airflow/.local/lib/python3.12/site-packages/snowflake/connector/errors.py", line 298, in errorhandler_wrapper
    handed_over = Error.hand_to_other_handler(
                  ^^^^^^^^^^^^^^^^^^^^^^^^^^^^
  File "/home/airflow/.local/lib/python3.12/site-packages/snowflake/connector/errors.py", line 354, in hand_to_other_handler
    cursor.errorhandler(connection, cursor, error_class, error_value)
  File "/home/airflow/.local/lib/python3.12/site-packages/snowflake/connector/errors.py", line 229, in default_errorhandler
    raise error_class(
snowflake.connector.errors.ProgrammingError: 001003 (42000): 01c2ee47-3202-6cb7-0000-001490e697f9: SQL compilation error:
syntax error line 6 at position 8 unexpected '['.
[2026-03-10T08:39:30.408+0000] {taskinstance.py:1206} INFO - Marking task as UP_FOR_RETRY. dag_id=transfer_from_minio_to_snowflake, task_id=copy, run_id=scheduled__2026-03-10T08:33:00+00:00, execution_date=20260310T083300, start_date=20260310T083928, end_date=20260310T083930
[2026-03-10T08:39:30.434+0000] {standard_task_runner.py:110} ERROR - Failed to execute job 216 for task copy (001003 (42000): 01c2ee47-3202-6cb7-0000-001490e697f9: SQL compilation error:
syntax error line 6 at position 8 unexpected '['.; 2482)
[2026-03-10T08:39:30.460+0000] {local_task_job_runner.py:243} INFO - Task exited with return code 1
[2026-03-10T08:39:30.497+0000] {taskinstance.py:3503} INFO - 0 downstream tasks scheduled from follow-on schedule check
[2026-03-10T08:39:30.499+0000] {local_task_job_runner.py:222} INFO - ::endgroup::
