[2026-03-29T15:43:00.940+0000] {local_task_job_runner.py:120} INFO - ::group::Pre task execution logs
[2026-03-29T15:43:00.954+0000] {taskinstance.py:2076} INFO - Dependencies all met for dep_context=non-requeueable deps ti=<TaskInstance: banking_01_bronze_layer.build_bronze_cust scheduled__2026-03-29T15:00:00+00:00 [queued]>
[2026-03-29T15:43:00.957+0000] {taskinstance.py:2076} INFO - Dependencies all met for dep_context=requeueable deps ti=<TaskInstance: banking_01_bronze_layer.build_bronze_cust scheduled__2026-03-29T15:00:00+00:00 [queued]>
[2026-03-29T15:43:00.958+0000] {taskinstance.py:2306} INFO - Starting attempt 1 of 2
[2026-03-29T15:43:00.963+0000] {taskinstance.py:2330} INFO - Executing <Task(BashOperator): build_bronze_cust> on 2026-03-29 15:00:00+00:00
[2026-03-29T15:43:00.965+0000] {standard_task_runner.py:64} INFO - Started process 3027 to run task
[2026-03-29T15:43:00.967+0000] {standard_task_runner.py:90} INFO - Running: ['***', 'tasks', 'run', 'banking_01_bronze_layer', 'build_bronze_cust', 'scheduled__2026-03-29T15:00:00+00:00', '--job-id', '7278', '--raw', '--subdir', 'DAGS_FOLDER/dbt.py', '--cfg-path', '/tmp/tmp9der9vus']
[2026-03-29T15:43:00.968+0000] {standard_task_runner.py:91} INFO - Job 7278: Subtask build_bronze_cust
[2026-03-29T15:43:00.992+0000] {task_command.py:426} INFO - Running <TaskInstance: banking_01_bronze_layer.build_bronze_cust scheduled__2026-03-29T15:00:00+00:00 [running]> on host c990dffe13ae
[2026-03-29T15:43:01.033+0000] {taskinstance.py:2648} INFO - Exporting env vars: AIRFLOW_CTX_DAG_OWNER='risheek' AIRFLOW_CTX_DAG_ID='banking_01_bronze_layer' AIRFLOW_CTX_TASK_ID='build_bronze_cust' AIRFLOW_CTX_EXECUTION_DATE='2026-03-29T15:00:00+00:00' AIRFLOW_CTX_TRY_NUMBER='1' AIRFLOW_CTX_DAG_RUN_ID='scheduled__2026-03-29T15:00:00+00:00'
[2026-03-29T15:43:01.033+0000] {taskinstance.py:430} INFO - ::endgroup::
[2026-03-29T15:43:01.034+0000] {subprocess.py:78} INFO - Tmp dir root location: /tmp
[2026-03-29T15:43:01.034+0000] {subprocess.py:88} INFO - Running command: ['/usr/bin/bash', '-c', 'dbt build --select bronze_cust']
[2026-03-29T15:43:01.037+0000] {subprocess.py:99} INFO - Output:
[2026-03-29T15:43:02.186+0000] {subprocess.py:106} INFO - [0m15:43:02  Running with dbt=1.11.7
[2026-03-29T15:43:02.629+0000] {subprocess.py:106} INFO - [0m15:43:02  Registered adapter: snowflake=1.11.3
[2026-03-29T15:43:02.755+0000] {subprocess.py:106} INFO - [0m15:43:02  [[33mWARNING[0m]: Configuration paths exist in your dbt_project.yml file which do not apply to any resources.
[2026-03-29T15:43:02.755+0000] {subprocess.py:106} INFO - There are 1 unused configuration paths:
[2026-03-29T15:43:02.755+0000] {subprocess.py:106} INFO - - models.trans_snowf.example
[2026-03-29T15:43:02.846+0000] {subprocess.py:106} INFO - [0m15:43:02  Found 14 models, 3 sources, 522 macros
[2026-03-29T15:43:02.847+0000] {subprocess.py:106} INFO - [0m15:43:02
[2026-03-29T15:43:02.847+0000] {subprocess.py:106} INFO - [0m15:43:02  Concurrency: 1 threads (target='dev')
[2026-03-29T15:43:02.847+0000] {subprocess.py:106} INFO - [0m15:43:02
[2026-03-29T15:43:05.932+0000] {subprocess.py:106} INFO - [0m15:43:05  1 of 1 START sql incremental model PUBLIC_BRONZE.bronze_cust ................... [RUN]
[2026-03-29T15:43:08.240+0000] {subprocess.py:106} INFO - [0m15:43:08  1 of 1 OK created sql incremental model PUBLIC_BRONZE.bronze_cust .............. [[32mSUCCESS 0[0m in 2.30s]
[2026-03-29T15:43:08.560+0000] {subprocess.py:106} INFO - [0m15:43:08
[2026-03-29T15:43:08.562+0000] {subprocess.py:106} INFO - [0m15:43:08  Finished running 1 incremental model in 0 hours 0 minutes and 5.71 seconds (5.71s).
[2026-03-29T15:43:08.623+0000] {subprocess.py:106} INFO - [0m15:43:08
[2026-03-29T15:43:08.624+0000] {subprocess.py:106} INFO - [0m15:43:08  [32mCompleted successfully[0m
[2026-03-29T15:43:08.624+0000] {subprocess.py:106} INFO - [0m15:43:08
[2026-03-29T15:43:08.625+0000] {subprocess.py:106} INFO - [0m15:43:08  Done. PASS=1 WARN=0 ERROR=0 SKIP=0 NO-OP=0 TOTAL=1
[2026-03-29T15:43:10.435+0000] {subprocess.py:110} INFO - Command exited with return code 0
[2026-03-29T15:43:10.436+0000] {taskinstance.py:441} INFO - ::group::Post task execution logs
[2026-03-29T15:43:10.470+0000] {taskinstance.py:1206} INFO - Marking task as SUCCESS. dag_id=banking_01_bronze_layer, task_id=build_bronze_cust, run_id=scheduled__2026-03-29T15:00:00+00:00, execution_date=20260329T150000, start_date=20260329T154300, end_date=20260329T154310
[2026-03-29T15:43:10.507+0000] {local_task_job_runner.py:243} INFO - Task exited with return code 0
[2026-03-29T15:43:10.522+0000] {taskinstance.py:3503} INFO - 0 downstream tasks scheduled from follow-on schedule check
[2026-03-29T15:43:10.523+0000] {local_task_job_runner.py:222} INFO - ::endgroup::
