[2026-03-25T13:52:13.682+0000] {local_task_job_runner.py:120} INFO - ::group::Pre task execution logs
[2026-03-25T13:52:13.699+0000] {taskinstance.py:2076} INFO - Dependencies all met for dep_context=non-requeueable deps ti=<TaskInstance: banking_01_bronze_layer.build_bronze_cust manual__2026-03-25T13:46:48.571348+00:00 [queued]>
[2026-03-25T13:52:13.702+0000] {taskinstance.py:2076} INFO - Dependencies all met for dep_context=requeueable deps ti=<TaskInstance: banking_01_bronze_layer.build_bronze_cust manual__2026-03-25T13:46:48.571348+00:00 [queued]>
[2026-03-25T13:52:13.703+0000] {taskinstance.py:2306} INFO - Starting attempt 2 of 2
[2026-03-25T13:52:13.714+0000] {taskinstance.py:2330} INFO - Executing <Task(BashOperator): build_bronze_cust> on 2026-03-25 13:46:48.571348+00:00
[2026-03-25T13:52:13.717+0000] {standard_task_runner.py:64} INFO - Started process 1344 to run task
[2026-03-25T13:52:13.719+0000] {standard_task_runner.py:90} INFO - Running: ['***', 'tasks', 'run', 'banking_01_bronze_layer', 'build_bronze_cust', 'manual__2026-03-25T13:46:48.571348+00:00', '--job-id', '1063', '--raw', '--subdir', 'DAGS_FOLDER/dbt.py', '--cfg-path', '/tmp/tmp0fkrojyw']
[2026-03-25T13:52:13.720+0000] {standard_task_runner.py:91} INFO - Job 1063: Subtask build_bronze_cust
[2026-03-25T13:52:13.751+0000] {task_command.py:426} INFO - Running <TaskInstance: banking_01_bronze_layer.build_bronze_cust manual__2026-03-25T13:46:48.571348+00:00 [running]> on host 6fdc51cbadaf
[2026-03-25T13:52:13.803+0000] {taskinstance.py:2648} INFO - Exporting env vars: AIRFLOW_CTX_DAG_OWNER='risheek' AIRFLOW_CTX_DAG_ID='banking_01_bronze_layer' AIRFLOW_CTX_TASK_ID='build_bronze_cust' AIRFLOW_CTX_EXECUTION_DATE='2026-03-25T13:46:48.571348+00:00' AIRFLOW_CTX_TRY_NUMBER='2' AIRFLOW_CTX_DAG_RUN_ID='manual__2026-03-25T13:46:48.571348+00:00'
[2026-03-25T13:52:13.804+0000] {taskinstance.py:430} INFO - ::endgroup::
[2026-03-25T13:52:13.805+0000] {subprocess.py:78} INFO - Tmp dir root location: /tmp
[2026-03-25T13:52:13.805+0000] {subprocess.py:88} INFO - Running command: ['/usr/bin/bash', '-c', 'dbt build --select bronze_cust']
[2026-03-25T13:52:13.811+0000] {subprocess.py:99} INFO - Output:
[2026-03-25T13:52:13.813+0000] {subprocess.py:106} INFO - /usr/bin/bash: line 1: dbt: command not found
[2026-03-25T13:52:13.813+0000] {subprocess.py:110} INFO - Command exited with return code 127
[2026-03-25T13:52:13.814+0000] {taskinstance.py:441} INFO - ::group::Post task execution logs
[2026-03-25T13:52:13.823+0000] {taskinstance.py:2905} ERROR - Task failed with exception
Traceback (most recent call last):
  File "/home/airflow/.local/lib/python3.12/site-packages/airflow/models/taskinstance.py", line 465, in _execute_task
    result = _execute_callable(context=context, **execute_callable_kwargs)
             ^^^^^^^^^^^^^^^^^^^^^^^^^^^^^^^^^^^^^^^^^^^^^^^^^^^^^^^^^^^^^
  File "/home/airflow/.local/lib/python3.12/site-packages/airflow/models/taskinstance.py", line 432, in _execute_callable
    return execute_callable(context=context, **execute_callable_kwargs)
           ^^^^^^^^^^^^^^^^^^^^^^^^^^^^^^^^^^^^^^^^^^^^^^^^^^^^^^^^^^^^
  File "/home/airflow/.local/lib/python3.12/site-packages/airflow/models/baseoperator.py", line 401, in wrapper
    return func(self, *args, **kwargs)
           ^^^^^^^^^^^^^^^^^^^^^^^^^^^
  File "/home/airflow/.local/lib/python3.12/site-packages/airflow/providers/standard/operators/bash.py", line 233, in execute
    raise AirflowException(
airflow.exceptions.AirflowException: Bash command failed. The command returned a non-zero exit code 127.
[2026-03-25T13:52:13.826+0000] {taskinstance.py:1206} INFO - Marking task as FAILED. dag_id=banking_01_bronze_layer, task_id=build_bronze_cust, run_id=manual__2026-03-25T13:46:48.571348+00:00, execution_date=20260325T134648, start_date=20260325T135213, end_date=20260325T135213
[2026-03-25T13:52:13.833+0000] {standard_task_runner.py:110} ERROR - Failed to execute job 1063 for task build_bronze_cust (Bash command failed. The command returned a non-zero exit code 127.; 1344)
[2026-03-25T13:52:13.858+0000] {local_task_job_runner.py:243} INFO - Task exited with return code 1
[2026-03-25T13:52:13.869+0000] {taskinstance.py:3503} INFO - 0 downstream tasks scheduled from follow-on schedule check
[2026-03-25T13:52:13.869+0000] {local_task_job_runner.py:222} INFO - ::endgroup::
