[2026-03-27T18:46:29.951+0000] {local_task_job_runner.py:120} INFO - ::group::Pre task execution logs
[2026-03-27T18:46:29.967+0000] {taskinstance.py:2076} INFO - Dependencies all met for dep_context=non-requeueable deps ti=<TaskInstance: banking_01_bronze_layer.build_bronze_cust scheduled__2026-03-27T16:00:00+00:00 [queued]>
[2026-03-27T18:46:29.970+0000] {taskinstance.py:2076} INFO - Dependencies all met for dep_context=requeueable deps ti=<TaskInstance: banking_01_bronze_layer.build_bronze_cust scheduled__2026-03-27T16:00:00+00:00 [queued]>
[2026-03-27T18:46:29.970+0000] {taskinstance.py:2306} INFO - Starting attempt 1 of 2
[2026-03-27T18:46:29.976+0000] {taskinstance.py:2330} INFO - Executing <Task(BashOperator): build_bronze_cust> on 2026-03-27 16:00:00+00:00
[2026-03-27T18:46:29.978+0000] {standard_task_runner.py:64} INFO - Started process 39967 to run task
[2026-03-27T18:46:29.980+0000] {standard_task_runner.py:90} INFO - Running: ['***', 'tasks', 'run', 'banking_01_bronze_layer', 'build_bronze_cust', 'scheduled__2026-03-27T16:00:00+00:00', '--job-id', '5520', '--raw', '--subdir', 'DAGS_FOLDER/dbt.py', '--cfg-path', '/tmp/tmpfm5b2w25']
[2026-03-27T18:46:29.981+0000] {standard_task_runner.py:91} INFO - Job 5520: Subtask build_bronze_cust
[2026-03-27T18:46:30.008+0000] {task_command.py:426} INFO - Running <TaskInstance: banking_01_bronze_layer.build_bronze_cust scheduled__2026-03-27T16:00:00+00:00 [running]> on host c990dffe13ae
[2026-03-27T18:46:30.051+0000] {taskinstance.py:2648} INFO - Exporting env vars: AIRFLOW_CTX_DAG_OWNER='risheek' AIRFLOW_CTX_DAG_ID='banking_01_bronze_layer' AIRFLOW_CTX_TASK_ID='build_bronze_cust' AIRFLOW_CTX_EXECUTION_DATE='2026-03-27T16:00:00+00:00' AIRFLOW_CTX_TRY_NUMBER='1' AIRFLOW_CTX_DAG_RUN_ID='scheduled__2026-03-27T16:00:00+00:00'
[2026-03-27T18:46:30.051+0000] {taskinstance.py:430} INFO - ::endgroup::
[2026-03-27T18:46:30.052+0000] {subprocess.py:78} INFO - Tmp dir root location: /tmp
[2026-03-27T18:46:30.053+0000] {subprocess.py:88} INFO - Running command: ['/usr/bin/bash', '-c', 'dbt build --select bronze_cust']
[2026-03-27T18:46:30.060+0000] {subprocess.py:99} INFO - Output:
[2026-03-27T18:46:31.328+0000] {subprocess.py:106} INFO - [0m18:46:31  Running with dbt=1.11.7
[2026-03-27T18:46:32.142+0000] {subprocess.py:106} INFO - [0m18:46:32  Registered adapter: snowflake=1.11.3
[2026-03-27T18:46:32.309+0000] {subprocess.py:106} INFO - [0m18:46:32  [[33mWARNING[0m]: Configuration paths exist in your dbt_project.yml file which do not apply to any resources.
[2026-03-27T18:46:32.309+0000] {subprocess.py:106} INFO - There are 1 unused configuration paths:
[2026-03-27T18:46:32.309+0000] {subprocess.py:106} INFO - - models.trans_snowf.example
[2026-03-27T18:46:32.419+0000] {subprocess.py:106} INFO - [0m18:46:32  Found 14 models, 3 sources, 522 macros
[2026-03-27T18:46:32.420+0000] {subprocess.py:106} INFO - [0m18:46:32
[2026-03-27T18:46:32.420+0000] {subprocess.py:106} INFO - [0m18:46:32  Concurrency: 1 threads (target='dev')
[2026-03-27T18:46:32.420+0000] {subprocess.py:106} INFO - [0m18:46:32
[2026-03-27T18:46:33.204+0000] {subprocess.py:106} INFO - [0m18:46:33
[2026-03-27T18:46:33.206+0000] {subprocess.py:106} INFO - [0m18:46:33  Finished running  in 0 hours 0 minutes and 0.78 seconds (0.78s).
[2026-03-27T18:46:33.208+0000] {subprocess.py:106} INFO - [0m18:46:33  Encountered an error:
[2026-03-27T18:46:33.209+0000] {subprocess.py:106} INFO - Runtime Error
[2026-03-27T18:46:33.210+0000] {subprocess.py:106} INFO -   Database error while listing schemas in database "BANKING"
[2026-03-27T18:46:33.210+0000] {subprocess.py:106} INFO -   Database Error
[2026-03-27T18:46:33.211+0000] {subprocess.py:106} INFO -     250001 (08001): Failed to connect to DB: BBMCDSP-CT02489.snowflakecomputing.com:443. JWT token is invalid. [29d6e7eb-35f8-4eff-9fbf-db9c95193a3e]
[2026-03-27T18:46:34.631+0000] {subprocess.py:110} INFO - Command exited with return code 2
[2026-03-27T18:46:34.636+0000] {taskinstance.py:441} INFO - ::group::Post task execution logs
[2026-03-27T18:46:34.669+0000] {taskinstance.py:2905} ERROR - Task failed with exception
Traceback (most recent call last):
  File "/home/airflow/.local/lib/python3.12/site-packages/airflow/models/taskinstance.py", line 465, in _execute_task
    result = _execute_callable(context=context, **execute_callable_kwargs)
             ^^^^^^^^^^^^^^^^^^^^^^^^^^^^^^^^^^^^^^^^^^^^^^^^^^^^^^^^^^^^^
  File "/home/airflow/.local/lib/python3.12/site-packages/airflow/models/taskinstance.py", line 432, in _execute_callable
    return execute_callable(context=context, **execute_callable_kwargs)
           ^^^^^^^^^^^^^^^^^^^^^^^^^^^^^^^^^^^^^^^^^^^^^^^^^^^^^^^^^^^^
  File "/home/airflow/.local/lib/python3.12/site-packages/airflow/models/baseoperator.py", line 401, in wrapper
    return func(self, *args, **kwargs)
           ^^^^^^^^^^^^^^^^^^^^^^^^^^^
  File "/home/airflow/.local/lib/python3.12/site-packages/airflow/providers/standard/operators/bash.py", line 233, in execute
    raise AirflowException(
airflow.exceptions.AirflowException: Bash command failed. The command returned a non-zero exit code 2.
[2026-03-27T18:46:34.675+0000] {taskinstance.py:1206} INFO - Marking task as UP_FOR_RETRY. dag_id=banking_01_bronze_layer, task_id=build_bronze_cust, run_id=scheduled__2026-03-27T16:00:00+00:00, execution_date=20260327T160000, start_date=20260327T184629, end_date=20260327T184634
[2026-03-27T18:46:34.698+0000] {standard_task_runner.py:110} ERROR - Failed to execute job 5520 for task build_bronze_cust (Bash command failed. The command returned a non-zero exit code 2.; 39967)
[2026-03-27T18:46:34.729+0000] {local_task_job_runner.py:243} INFO - Task exited with return code 1
[2026-03-27T18:46:34.753+0000] {taskinstance.py:3503} INFO - 0 downstream tasks scheduled from follow-on schedule check
[2026-03-27T18:46:34.754+0000] {local_task_job_runner.py:222} INFO - ::endgroup::
