[2026-02-09T02:34:37.693+0000] {local_task_job_runner.py:120} INFO - ::group::Pre task execution logs
[2026-02-09T02:34:37.717+0000] {taskinstance.py:2076} INFO - Dependencies all met for dep_context=non-requeueable deps ti=<TaskInstance: transfer_from_minio_to_snowflake.copy scheduled__2026-02-08T23:59:00+00:00 [queued]>
[2026-02-09T02:34:37.722+0000] {taskinstance.py:2076} INFO - Dependencies all met for dep_context=requeueable deps ti=<TaskInstance: transfer_from_minio_to_snowflake.copy scheduled__2026-02-08T23:59:00+00:00 [queued]>
[2026-02-09T02:34:37.723+0000] {taskinstance.py:2306} INFO - Starting attempt 2 of 3
[2026-02-09T02:34:37.730+0000] {taskinstance.py:2330} INFO - Executing <Task(CopyFromExternalStageToSnowflakeOperator): copy> on 2026-02-08 23:59:00+00:00
[2026-02-09T02:34:37.736+0000] {logging_mixin.py:188} WARNING - /home/***/.local/lib/python3.12/site-packages/***/task/task_runner/standard_task_runner.py:62 DeprecationWarning: This process (pid=16145) is multi-threaded, use of fork() may lead to deadlocks in the child.
[2026-02-09T02:34:37.738+0000] {standard_task_runner.py:64} INFO - Started process 16157 to run task
[2026-02-09T02:34:37.737+0000] {standard_task_runner.py:90} INFO - Running: ['***', 'tasks', 'run', 'transfer_from_minio_to_snowflake', 'copy', 'scheduled__2026-02-08T23:59:00+00:00', '--job-id', '982', '--raw', '--subdir', 'DAGS_FOLDER/transfer.py', '--cfg-path', '/tmp/tmpfdemfm55']
[2026-02-09T02:34:37.739+0000] {standard_task_runner.py:91} INFO - Job 982: Subtask copy
[2026-02-09T02:34:37.784+0000] {task_command.py:426} INFO - Running <TaskInstance: transfer_from_minio_to_snowflake.copy scheduled__2026-02-08T23:59:00+00:00 [running]> on host 83f212180a9d
[2026-02-09T02:34:37.978+0000] {taskinstance.py:2648} INFO - Exporting env vars: AIRFLOW_CTX_DAG_OWNER='***' AIRFLOW_CTX_DAG_ID='transfer_from_minio_to_snowflake' AIRFLOW_CTX_TASK_ID='copy' AIRFLOW_CTX_EXECUTION_DATE='2026-02-08T23:59:00+00:00' AIRFLOW_CTX_TRY_NUMBER='2' AIRFLOW_CTX_DAG_RUN_ID='scheduled__2026-02-08T23:59:00+00:00'
[2026-02-09T02:34:37.979+0000] {taskinstance.py:430} INFO - ::endgroup::
[2026-02-09T02:34:37.979+0000] {copy_into_snowflake.py:142} INFO - Executing COPY command...
[2026-02-09T02:34:37.987+0000] {base.py:84} INFO - Using connection ID 'warehouse_id' for task execution.
[2026-02-09T02:34:38.044+0000] {connection.py:611} INFO - Snowflake Connector for Python Version: 4.2.0, Python Version: 3.12.4, Platform: Linux-6.12.67-linuxkit-aarch64-with-glibc2.36
[2026-02-09T02:34:38.045+0000] {connection.py:1695} INFO - Connecting to GLOBAL Snowflake domain
[2026-02-09T02:34:38.800+0000] {sql.py:495} INFO - Running statement: COPY INTO BRONZE
             FROM  @incoming/
        
        
        FILE_FORMAT=(TYPE= 'JSON')
        ON_ERROR= 'continue', parameters: None
[2026-02-09T02:34:42.367+0000] {sql.py:504} INFO - Rows affected: 1
[2026-02-09T02:34:42.371+0000] {snowflake.py:422} INFO - Rows affected: 1
[2026-02-09T02:34:42.371+0000] {snowflake.py:423} INFO - Snowflake query id: 01c249ba-0001-8e18-000c-39020002e066
[2026-02-09T02:34:42.479+0000] {copy_into_snowflake.py:149} INFO - COPY command completed
[2026-02-09T02:34:42.481+0000] {taskinstance.py:441} INFO - ::group::Post task execution logs
[2026-02-09T02:34:42.525+0000] {taskinstance.py:1206} INFO - Marking task as SUCCESS. dag_id=transfer_from_minio_to_snowflake, task_id=copy, run_id=scheduled__2026-02-08T23:59:00+00:00, execution_date=20260208T235900, start_date=20260209T023437, end_date=20260209T023442
[2026-02-09T02:34:42.584+0000] {local_task_job_runner.py:243} INFO - Task exited with return code 0
[2026-02-09T02:34:42.605+0000] {taskinstance.py:3503} INFO - 0 downstream tasks scheduled from follow-on schedule check
[2026-02-09T02:34:42.607+0000] {local_task_job_runner.py:222} INFO - ::endgroup::
