[2026-03-29T15:26:33.199+0000] {local_task_job_runner.py:120} INFO - ::group::Pre task execution logs
[2026-03-29T15:26:33.214+0000] {taskinstance.py:2076} INFO - Dependencies all met for dep_context=non-requeueable deps ti=<TaskInstance: banking_01_bronze_layer.debug scheduled__2026-03-29T14:30:00+00:00 [queued]>
[2026-03-29T15:26:33.217+0000] {taskinstance.py:2076} INFO - Dependencies all met for dep_context=requeueable deps ti=<TaskInstance: banking_01_bronze_layer.debug scheduled__2026-03-29T14:30:00+00:00 [queued]>
[2026-03-29T15:26:33.217+0000] {taskinstance.py:2306} INFO - Starting attempt 2 of 2
[2026-03-29T15:26:33.223+0000] {taskinstance.py:2330} INFO - Executing <Task(BashOperator): debug> on 2026-03-29 14:30:00+00:00
[2026-03-29T15:26:33.225+0000] {standard_task_runner.py:64} INFO - Started process 2848 to run task
[2026-03-29T15:26:33.226+0000] {standard_task_runner.py:90} INFO - Running: ['***', 'tasks', 'run', 'banking_01_bronze_layer', 'debug', 'scheduled__2026-03-29T14:30:00+00:00', '--job-id', '7271', '--raw', '--subdir', 'DAGS_FOLDER/dbt.py', '--cfg-path', '/tmp/tmp4jy4wt_v']
[2026-03-29T15:26:33.227+0000] {standard_task_runner.py:91} INFO - Job 7271: Subtask debug
[2026-03-29T15:26:33.255+0000] {task_command.py:426} INFO - Running <TaskInstance: banking_01_bronze_layer.debug scheduled__2026-03-29T14:30:00+00:00 [running]> on host c990dffe13ae
[2026-03-29T15:26:33.298+0000] {taskinstance.py:2648} INFO - Exporting env vars: AIRFLOW_CTX_DAG_OWNER='risheek' AIRFLOW_CTX_DAG_ID='banking_01_bronze_layer' AIRFLOW_CTX_TASK_ID='debug' AIRFLOW_CTX_EXECUTION_DATE='2026-03-29T14:30:00+00:00' AIRFLOW_CTX_TRY_NUMBER='2' AIRFLOW_CTX_DAG_RUN_ID='scheduled__2026-03-29T14:30:00+00:00'
[2026-03-29T15:26:33.299+0000] {taskinstance.py:430} INFO - ::endgroup::
[2026-03-29T15:26:33.299+0000] {subprocess.py:78} INFO - Tmp dir root location: /tmp
[2026-03-29T15:26:33.299+0000] {subprocess.py:88} INFO - Running command: ['/usr/bin/bash', '-c', 'dbt debug --profiles-dir /opt/***/dbt/trans_snowf']
[2026-03-29T15:26:33.303+0000] {subprocess.py:99} INFO - Output:
[2026-03-29T15:26:34.509+0000] {subprocess.py:106} INFO - [0m15:26:34  Running with dbt=1.11.7
[2026-03-29T15:26:34.514+0000] {subprocess.py:106} INFO - [0m15:26:34  dbt version: 1.11.7
[2026-03-29T15:26:34.514+0000] {subprocess.py:106} INFO - [0m15:26:34  python version: 3.12.4
[2026-03-29T15:26:34.515+0000] {subprocess.py:106} INFO - [0m15:26:34  python path: /home/***/.local/bin/python
[2026-03-29T15:26:34.515+0000] {subprocess.py:106} INFO - [0m15:26:34  os info: Linux-6.12.76-linuxkit-aarch64-with-glibc2.36
[2026-03-29T15:26:34.908+0000] {subprocess.py:106} INFO - [0m15:26:34  Using profiles dir at /opt/***/dbt/trans_snowf
[2026-03-29T15:26:34.909+0000] {subprocess.py:106} INFO - [0m15:26:34  Using profiles.yml file at /opt/***/dbt/trans_snowf/profiles.yml
[2026-03-29T15:26:34.909+0000] {subprocess.py:106} INFO - [0m15:26:34  Using dbt_project.yml file at /opt/***/dbt/trans_snowf/dbt_project.yml
[2026-03-29T15:26:34.910+0000] {subprocess.py:106} INFO - [0m15:26:34  adapter type: snowflake
[2026-03-29T15:26:34.910+0000] {subprocess.py:106} INFO - [0m15:26:34  adapter version: 1.11.3
[2026-03-29T15:26:34.962+0000] {subprocess.py:106} INFO - [0m15:26:34  Configuration:
[2026-03-29T15:26:34.962+0000] {subprocess.py:106} INFO - [0m15:26:34    profiles.yml file [[32mOK found and valid[0m]
[2026-03-29T15:26:34.962+0000] {subprocess.py:106} INFO - [0m15:26:34    dbt_project.yml file [[32mOK found and valid[0m]
[2026-03-29T15:26:34.963+0000] {subprocess.py:106} INFO - [0m15:26:34  Required dependencies:
[2026-03-29T15:26:34.964+0000] {subprocess.py:106} INFO - [0m15:26:34   - git [[31mERROR[0m]
[2026-03-29T15:26:34.964+0000] {subprocess.py:106} INFO - 
[2026-03-29T15:26:34.964+0000] {subprocess.py:106} INFO - [0m15:26:34  Connection:
[2026-03-29T15:26:34.964+0000] {subprocess.py:106} INFO - [0m15:26:34    account: BBMCDSP-CT02489
[2026-03-29T15:26:34.965+0000] {subprocess.py:106} INFO - [0m15:26:34    user: user123
[2026-03-29T15:26:34.965+0000] {subprocess.py:106} INFO - [0m15:26:34    database: BANKING
[2026-03-29T15:26:34.965+0000] {subprocess.py:106} INFO - [0m15:26:34    warehouse: COMPUTE_WH
[2026-03-29T15:26:34.966+0000] {subprocess.py:106} INFO - [0m15:26:34    role: dbtadmin
[2026-03-29T15:26:34.966+0000] {subprocess.py:106} INFO - [0m15:26:34    schema: PUBLIC
[2026-03-29T15:26:34.966+0000] {subprocess.py:106} INFO - [0m15:26:34    authenticator: None
[2026-03-29T15:26:34.967+0000] {subprocess.py:106} INFO - [0m15:26:34    oauth_client_id: None
[2026-03-29T15:26:34.967+0000] {subprocess.py:106} INFO - [0m15:26:34    query_tag: None
[2026-03-29T15:26:34.967+0000] {subprocess.py:106} INFO - [0m15:26:34    client_session_keep_alive: False
[2026-03-29T15:26:34.967+0000] {subprocess.py:106} INFO - [0m15:26:34    host: None
[2026-03-29T15:26:34.968+0000] {subprocess.py:106} INFO - [0m15:26:34    port: None
[2026-03-29T15:26:34.968+0000] {subprocess.py:106} INFO - [0m15:26:34    proxy_host: None
[2026-03-29T15:26:34.968+0000] {subprocess.py:106} INFO - [0m15:26:34    proxy_port: None
[2026-03-29T15:26:34.969+0000] {subprocess.py:106} INFO - [0m15:26:34    protocol: None
[2026-03-29T15:26:34.969+0000] {subprocess.py:106} INFO - [0m15:26:34    connect_retries: 1
[2026-03-29T15:26:34.969+0000] {subprocess.py:106} INFO - [0m15:26:34    connect_timeout: None
[2026-03-29T15:26:34.970+0000] {subprocess.py:106} INFO - [0m15:26:34    retry_on_database_errors: False
[2026-03-29T15:26:34.970+0000] {subprocess.py:106} INFO - [0m15:26:34    retry_all: False
[2026-03-29T15:26:34.970+0000] {subprocess.py:106} INFO - [0m15:26:34    insecure_mode: False
[2026-03-29T15:26:34.970+0000] {subprocess.py:106} INFO - [0m15:26:34    reuse_connections: True
[2026-03-29T15:26:34.971+0000] {subprocess.py:106} INFO - [0m15:26:34    s3_stage_vpce_dns_name: None
[2026-03-29T15:26:34.971+0000] {subprocess.py:106} INFO - [0m15:26:34    platform_detection_timeout_seconds: 0.0
[2026-03-29T15:26:34.971+0000] {subprocess.py:106} INFO - [0m15:26:34  Registered adapter: snowflake=1.11.3
[2026-03-29T15:26:35.782+0000] {subprocess.py:106} INFO - [0m15:26:35    Connection test: [[32mOK connection ok[0m]
[2026-03-29T15:26:35.783+0000] {subprocess.py:106} INFO - 
[2026-03-29T15:26:35.784+0000] {subprocess.py:106} INFO - [0m15:26:35  [31m1 check failed:[0m
[2026-03-29T15:26:35.785+0000] {subprocess.py:106} INFO - [0m15:26:35  Error from git --help: Could not find command, ensure it is in the user's PATH: "git"
[2026-03-29T15:26:35.785+0000] {subprocess.py:106} INFO - 
[2026-03-29T15:26:37.968+0000] {subprocess.py:110} INFO - Command exited with return code 1
[2026-03-29T15:26:37.969+0000] {taskinstance.py:441} INFO - ::group::Post task execution logs
[2026-03-29T15:26:37.977+0000] {taskinstance.py:2905} ERROR - Task failed with exception
Traceback (most recent call last):
  File "/home/airflow/.local/lib/python3.12/site-packages/airflow/models/taskinstance.py", line 465, in _execute_task
    result = _execute_callable(context=context, **execute_callable_kwargs)
             ^^^^^^^^^^^^^^^^^^^^^^^^^^^^^^^^^^^^^^^^^^^^^^^^^^^^^^^^^^^^^
  File "/home/airflow/.local/lib/python3.12/site-packages/airflow/models/taskinstance.py", line 432, in _execute_callable
    return execute_callable(context=context, **execute_callable_kwargs)
           ^^^^^^^^^^^^^^^^^^^^^^^^^^^^^^^^^^^^^^^^^^^^^^^^^^^^^^^^^^^^
  File "/home/airflow/.local/lib/python3.12/site-packages/airflow/models/baseoperator.py", line 401, in wrapper
    return func(self, *args, **kwargs)
           ^^^^^^^^^^^^^^^^^^^^^^^^^^^
  File "/home/airflow/.local/lib/python3.12/site-packages/airflow/providers/standard/operators/bash.py", line 233, in execute
    raise AirflowException(
airflow.exceptions.AirflowException: Bash command failed. The command returned a non-zero exit code 1.
[2026-03-29T15:26:37.979+0000] {taskinstance.py:1206} INFO - Marking task as FAILED. dag_id=banking_01_bronze_layer, task_id=debug, run_id=scheduled__2026-03-29T14:30:00+00:00, execution_date=20260329T143000, start_date=20260329T152633, end_date=20260329T152637
[2026-03-29T15:26:37.986+0000] {standard_task_runner.py:110} ERROR - Failed to execute job 7271 for task debug (Bash command failed. The command returned a non-zero exit code 1.; 2848)
[2026-03-29T15:26:38.007+0000] {local_task_job_runner.py:243} INFO - Task exited with return code 1
[2026-03-29T15:26:38.017+0000] {taskinstance.py:3503} INFO - 0 downstream tasks scheduled from follow-on schedule check
[2026-03-29T15:26:38.018+0000] {local_task_job_runner.py:222} INFO - ::endgroup::
