[2026-03-29T15:10:24.697+0000] {local_task_job_runner.py:120} INFO - ::group::Pre task execution logs
[2026-03-29T15:10:24.714+0000] {taskinstance.py:2076} INFO - Dependencies all met for dep_context=non-requeueable deps ti=<TaskInstance: banking_01_bronze_layer.debug scheduled__2026-03-29T14:30:00+00:00 [queued]>
[2026-03-29T15:10:24.718+0000] {taskinstance.py:2076} INFO - Dependencies all met for dep_context=requeueable deps ti=<TaskInstance: banking_01_bronze_layer.debug scheduled__2026-03-29T14:30:00+00:00 [queued]>
[2026-03-29T15:10:24.718+0000] {taskinstance.py:2306} INFO - Starting attempt 1 of 2
[2026-03-29T15:10:24.724+0000] {taskinstance.py:2330} INFO - Executing <Task(BashOperator): debug> on 2026-03-29 14:30:00+00:00
[2026-03-29T15:10:24.727+0000] {standard_task_runner.py:64} INFO - Started process 2725 to run task
[2026-03-29T15:10:24.728+0000] {standard_task_runner.py:90} INFO - Running: ['***', 'tasks', 'run', 'banking_01_bronze_layer', 'debug', 'scheduled__2026-03-29T14:30:00+00:00', '--job-id', '7266', '--raw', '--subdir', 'DAGS_FOLDER/dbt.py', '--cfg-path', '/tmp/tmpqp0okfa0']
[2026-03-29T15:10:24.729+0000] {standard_task_runner.py:91} INFO - Job 7266: Subtask debug
[2026-03-29T15:10:24.754+0000] {task_command.py:426} INFO - Running <TaskInstance: banking_01_bronze_layer.debug scheduled__2026-03-29T14:30:00+00:00 [running]> on host c990dffe13ae
[2026-03-29T15:10:24.796+0000] {taskinstance.py:2648} INFO - Exporting env vars: AIRFLOW_CTX_DAG_OWNER='risheek' AIRFLOW_CTX_DAG_ID='banking_01_bronze_layer' AIRFLOW_CTX_TASK_ID='debug' AIRFLOW_CTX_EXECUTION_DATE='2026-03-29T14:30:00+00:00' AIRFLOW_CTX_TRY_NUMBER='1' AIRFLOW_CTX_DAG_RUN_ID='scheduled__2026-03-29T14:30:00+00:00'
[2026-03-29T15:10:24.797+0000] {taskinstance.py:430} INFO - ::endgroup::
[2026-03-29T15:10:24.797+0000] {subprocess.py:78} INFO - Tmp dir root location: /tmp
[2026-03-29T15:10:24.797+0000] {subprocess.py:88} INFO - Running command: ['/usr/bin/bash', '-c', 'dbt debug --profiles-dir /opt/***/dbt/trans_snowf']
[2026-03-29T15:10:24.801+0000] {subprocess.py:99} INFO - Output:
[2026-03-29T15:10:25.928+0000] {subprocess.py:106} INFO - [0m15:10:25  Running with dbt=1.11.7
[2026-03-29T15:10:25.933+0000] {subprocess.py:106} INFO - [0m15:10:25  dbt version: 1.11.7
[2026-03-29T15:10:25.933+0000] {subprocess.py:106} INFO - [0m15:10:25  python version: 3.12.4
[2026-03-29T15:10:25.934+0000] {subprocess.py:106} INFO - [0m15:10:25  python path: /home/***/.local/bin/python
[2026-03-29T15:10:25.934+0000] {subprocess.py:106} INFO - [0m15:10:25  os info: Linux-6.12.76-linuxkit-aarch64-with-glibc2.36
[2026-03-29T15:10:26.280+0000] {subprocess.py:106} INFO - [0m15:10:26  Using profiles dir at /opt/***/dbt/trans_snowf
[2026-03-29T15:10:26.281+0000] {subprocess.py:106} INFO - [0m15:10:26  Using profiles.yml file at /opt/***/dbt/trans_snowf/profiles.yml
[2026-03-29T15:10:26.281+0000] {subprocess.py:106} INFO - [0m15:10:26  Using dbt_project.yml file at /opt/***/dbt/trans_snowf/dbt_project.yml
[2026-03-29T15:10:26.282+0000] {subprocess.py:106} INFO - [0m15:10:26  adapter type: snowflake
[2026-03-29T15:10:26.282+0000] {subprocess.py:106} INFO - [0m15:10:26  adapter version: 1.11.3
[2026-03-29T15:10:26.333+0000] {subprocess.py:106} INFO - [0m15:10:26  Configuration:
[2026-03-29T15:10:26.333+0000] {subprocess.py:106} INFO - [0m15:10:26    profiles.yml file [[32mOK found and valid[0m]
[2026-03-29T15:10:26.334+0000] {subprocess.py:106} INFO - [0m15:10:26    dbt_project.yml file [[32mOK found and valid[0m]
[2026-03-29T15:10:26.334+0000] {subprocess.py:106} INFO - [0m15:10:26  Required dependencies:
[2026-03-29T15:10:26.335+0000] {subprocess.py:106} INFO - [0m15:10:26   - git [[31mERROR[0m]
[2026-03-29T15:10:26.335+0000] {subprocess.py:106} INFO - 
[2026-03-29T15:10:26.335+0000] {subprocess.py:106} INFO - [0m15:10:26  Connection:
[2026-03-29T15:10:26.336+0000] {subprocess.py:106} INFO - [0m15:10:26    account: BBMCDSP-CT02489
[2026-03-29T15:10:26.336+0000] {subprocess.py:106} INFO - [0m15:10:26    user: user123
[2026-03-29T15:10:26.336+0000] {subprocess.py:106} INFO - [0m15:10:26    database: BANKING
[2026-03-29T15:10:26.337+0000] {subprocess.py:106} INFO - [0m15:10:26    warehouse: COMPUTE_WH
[2026-03-29T15:10:26.337+0000] {subprocess.py:106} INFO - [0m15:10:26    role: dbtadmin
[2026-03-29T15:10:26.337+0000] {subprocess.py:106} INFO - [0m15:10:26    schema: PUBLIC
[2026-03-29T15:10:26.338+0000] {subprocess.py:106} INFO - [0m15:10:26    authenticator: None
[2026-03-29T15:10:26.338+0000] {subprocess.py:106} INFO - [0m15:10:26    oauth_client_id: None
[2026-03-29T15:10:26.338+0000] {subprocess.py:106} INFO - [0m15:10:26    query_tag: None
[2026-03-29T15:10:26.338+0000] {subprocess.py:106} INFO - [0m15:10:26    client_session_keep_alive: False
[2026-03-29T15:10:26.339+0000] {subprocess.py:106} INFO - [0m15:10:26    host: None
[2026-03-29T15:10:26.339+0000] {subprocess.py:106} INFO - [0m15:10:26    port: None
[2026-03-29T15:10:26.339+0000] {subprocess.py:106} INFO - [0m15:10:26    proxy_host: None
[2026-03-29T15:10:26.340+0000] {subprocess.py:106} INFO - [0m15:10:26    proxy_port: None
[2026-03-29T15:10:26.340+0000] {subprocess.py:106} INFO - [0m15:10:26    protocol: None
[2026-03-29T15:10:26.340+0000] {subprocess.py:106} INFO - [0m15:10:26    connect_retries: 1
[2026-03-29T15:10:26.341+0000] {subprocess.py:106} INFO - [0m15:10:26    connect_timeout: None
[2026-03-29T15:10:26.341+0000] {subprocess.py:106} INFO - [0m15:10:26    retry_on_database_errors: False
[2026-03-29T15:10:26.341+0000] {subprocess.py:106} INFO - [0m15:10:26    retry_all: False
[2026-03-29T15:10:26.341+0000] {subprocess.py:106} INFO - [0m15:10:26    insecure_mode: False
[2026-03-29T15:10:26.342+0000] {subprocess.py:106} INFO - [0m15:10:26    reuse_connections: True
[2026-03-29T15:10:26.342+0000] {subprocess.py:106} INFO - [0m15:10:26    s3_stage_vpce_dns_name: None
[2026-03-29T15:10:26.342+0000] {subprocess.py:106} INFO - [0m15:10:26    platform_detection_timeout_seconds: 0.0
[2026-03-29T15:10:26.343+0000] {subprocess.py:106} INFO - [0m15:10:26  Registered adapter: snowflake=1.11.3
[2026-03-29T15:10:27.837+0000] {subprocess.py:106} INFO - [0m15:10:27    Connection test: [[32mOK connection ok[0m]
[2026-03-29T15:10:27.838+0000] {subprocess.py:106} INFO - 
[2026-03-29T15:10:27.839+0000] {subprocess.py:106} INFO - [0m15:10:27  [31m1 check failed:[0m
[2026-03-29T15:10:27.840+0000] {subprocess.py:106} INFO - [0m15:10:27  Error from git --help: Could not find command, ensure it is in the user's PATH: "git"
[2026-03-29T15:10:27.840+0000] {subprocess.py:106} INFO - 
[2026-03-29T15:10:29.871+0000] {subprocess.py:110} INFO - Command exited with return code 1
[2026-03-29T15:10:29.871+0000] {taskinstance.py:441} INFO - ::group::Post task execution logs
[2026-03-29T15:10:29.878+0000] {taskinstance.py:2905} ERROR - Task failed with exception
Traceback (most recent call last):
  File "/home/airflow/.local/lib/python3.12/site-packages/airflow/models/taskinstance.py", line 465, in _execute_task
    result = _execute_callable(context=context, **execute_callable_kwargs)
             ^^^^^^^^^^^^^^^^^^^^^^^^^^^^^^^^^^^^^^^^^^^^^^^^^^^^^^^^^^^^^
  File "/home/airflow/.local/lib/python3.12/site-packages/airflow/models/taskinstance.py", line 432, in _execute_callable
    return execute_callable(context=context, **execute_callable_kwargs)
           ^^^^^^^^^^^^^^^^^^^^^^^^^^^^^^^^^^^^^^^^^^^^^^^^^^^^^^^^^^^^
  File "/home/airflow/.local/lib/python3.12/site-packages/airflow/models/baseoperator.py", line 401, in wrapper
    return func(self, *args, **kwargs)
           ^^^^^^^^^^^^^^^^^^^^^^^^^^^
  File "/home/airflow/.local/lib/python3.12/site-packages/airflow/providers/standard/operators/bash.py", line 233, in execute
    raise AirflowException(
airflow.exceptions.AirflowException: Bash command failed. The command returned a non-zero exit code 1.
[2026-03-29T15:10:29.880+0000] {taskinstance.py:1206} INFO - Marking task as UP_FOR_RETRY. dag_id=banking_01_bronze_layer, task_id=debug, run_id=scheduled__2026-03-29T14:30:00+00:00, execution_date=20260329T143000, start_date=20260329T151024, end_date=20260329T151029
[2026-03-29T15:10:29.886+0000] {standard_task_runner.py:110} ERROR - Failed to execute job 7266 for task debug (Bash command failed. The command returned a non-zero exit code 1.; 2725)
[2026-03-29T15:10:29.922+0000] {local_task_job_runner.py:243} INFO - Task exited with return code 1
[2026-03-29T15:10:29.932+0000] {taskinstance.py:3503} INFO - 0 downstream tasks scheduled from follow-on schedule check
[2026-03-29T15:10:29.933+0000] {local_task_job_runner.py:222} INFO - ::endgroup::
