[2026-03-29T01:34:03.936+0000] {local_task_job_runner.py:120} INFO - ::group::Pre task execution logs
[2026-03-29T01:34:03.955+0000] {taskinstance.py:2076} INFO - Dependencies all met for dep_context=non-requeueable deps ti=<TaskInstance: banking_01_bronze_layer.build_bronze_cust scheduled__2026-03-29T00:30:00+00:00 [queued]>
[2026-03-29T01:34:03.958+0000] {taskinstance.py:2076} INFO - Dependencies all met for dep_context=requeueable deps ti=<TaskInstance: banking_01_bronze_layer.build_bronze_cust scheduled__2026-03-29T00:30:00+00:00 [queued]>
[2026-03-29T01:34:03.959+0000] {taskinstance.py:2306} INFO - Starting attempt 1 of 2
[2026-03-29T01:34:03.965+0000] {taskinstance.py:2330} INFO - Executing <Task(BashOperator): build_bronze_cust> on 2026-03-29 00:30:00+00:00
[2026-03-29T01:34:03.967+0000] {standard_task_runner.py:64} INFO - Started process 15089 to run task
[2026-03-29T01:34:03.969+0000] {standard_task_runner.py:90} INFO - Running: ['***', 'tasks', 'run', 'banking_01_bronze_layer', 'build_bronze_cust', 'scheduled__2026-03-29T00:30:00+00:00', '--job-id', '7042', '--raw', '--subdir', 'DAGS_FOLDER/dbt.py', '--cfg-path', '/tmp/tmp_cd349m7']
[2026-03-29T01:34:03.971+0000] {standard_task_runner.py:91} INFO - Job 7042: Subtask build_bronze_cust
[2026-03-29T01:34:04.001+0000] {task_command.py:426} INFO - Running <TaskInstance: banking_01_bronze_layer.build_bronze_cust scheduled__2026-03-29T00:30:00+00:00 [running]> on host c990dffe13ae
[2026-03-29T01:34:04.048+0000] {taskinstance.py:2648} INFO - Exporting env vars: AIRFLOW_CTX_DAG_OWNER='risheek' AIRFLOW_CTX_DAG_ID='banking_01_bronze_layer' AIRFLOW_CTX_TASK_ID='build_bronze_cust' AIRFLOW_CTX_EXECUTION_DATE='2026-03-29T00:30:00+00:00' AIRFLOW_CTX_TRY_NUMBER='1' AIRFLOW_CTX_DAG_RUN_ID='scheduled__2026-03-29T00:30:00+00:00'
[2026-03-29T01:34:04.048+0000] {taskinstance.py:430} INFO - ::endgroup::
[2026-03-29T01:34:04.049+0000] {subprocess.py:78} INFO - Tmp dir root location: /tmp
[2026-03-29T01:34:04.049+0000] {subprocess.py:88} INFO - Running command: ['/usr/bin/bash', '-c', 'dbt build --select bronze_cust']
[2026-03-29T01:34:04.053+0000] {subprocess.py:99} INFO - Output:
[2026-03-29T01:34:05.257+0000] {subprocess.py:106} INFO - [0m01:34:05  Running with dbt=1.11.7
[2026-03-29T01:34:05.745+0000] {subprocess.py:106} INFO - [0m01:34:05  Registered adapter: snowflake=1.11.3
[2026-03-29T01:34:05.878+0000] {subprocess.py:106} INFO - [0m01:34:05  [[33mWARNING[0m]: Configuration paths exist in your dbt_project.yml file which do not apply to any resources.
[2026-03-29T01:34:05.882+0000] {subprocess.py:106} INFO - There are 1 unused configuration paths:
[2026-03-29T01:34:05.882+0000] {subprocess.py:106} INFO - - models.trans_snowf.example
[2026-03-29T01:34:05.969+0000] {subprocess.py:106} INFO - [0m01:34:05  Found 14 models, 3 sources, 522 macros
[2026-03-29T01:34:05.970+0000] {subprocess.py:106} INFO - [0m01:34:05
[2026-03-29T01:34:05.971+0000] {subprocess.py:106} INFO - [0m01:34:05  Concurrency: 1 threads (target='dev')
[2026-03-29T01:34:05.971+0000] {subprocess.py:106} INFO - [0m01:34:05
[2026-03-29T01:34:08.754+0000] {subprocess.py:106} INFO - [0m01:34:08  1 of 1 START sql incremental model PUBLIC_BRONZE.bronze_cust ................... [RUN]
[2026-03-29T01:34:08.991+0000] {subprocess.py:106} INFO - [0m01:34:08  1 of 1 ERROR creating sql incremental model PUBLIC_BRONZE.bronze_cust .......... [[31mERROR[0m in 0.23s]
[2026-03-29T01:34:09.469+0000] {subprocess.py:106} INFO - [0m01:34:09
[2026-03-29T01:34:09.471+0000] {subprocess.py:106} INFO - [0m01:34:09  Finished running 1 incremental model in 0 hours 0 minutes and 3.50 seconds (3.50s).
[2026-03-29T01:34:09.535+0000] {subprocess.py:106} INFO - [0m01:34:09
[2026-03-29T01:34:09.536+0000] {subprocess.py:106} INFO - [0m01:34:09  [31mCompleted with 1 error, 0 partial successes, and 0 warnings:[0m
[2026-03-29T01:34:09.537+0000] {subprocess.py:106} INFO - [0m01:34:09
[2026-03-29T01:34:09.537+0000] {subprocess.py:106} INFO - [0m01:34:09  [31mFailure in model bronze_cust (models/staging/bronze_cust.sql)[0m
[2026-03-29T01:34:09.538+0000] {subprocess.py:106} INFO - [0m01:34:09    Database Error in model bronze_cust (models/staging/bronze_cust.sql)
[2026-03-29T01:34:09.538+0000] {subprocess.py:106} INFO -   000904 (42000): SQL compilation error: error line 14 at position 8
[2026-03-29T01:34:09.538+0000] {subprocess.py:106} INFO -   invalid identifier 'PAYLOAD'
[2026-03-29T01:34:09.539+0000] {subprocess.py:106} INFO -   compiled code at target/run/trans_snowf/models/staging/bronze_cust.sql
[2026-03-29T01:34:09.539+0000] {subprocess.py:106} INFO - [0m01:34:09
[2026-03-29T01:34:09.539+0000] {subprocess.py:106} INFO - [0m01:34:09    compiled code at target/compiled/trans_snowf/models/staging/bronze_cust.sql
[2026-03-29T01:34:09.539+0000] {subprocess.py:106} INFO - [0m01:34:09
[2026-03-29T01:34:09.540+0000] {subprocess.py:106} INFO - [0m01:34:09  Done. PASS=0 WARN=0 ERROR=1 SKIP=0 NO-OP=0 TOTAL=1
[2026-03-29T01:34:13.065+0000] {subprocess.py:110} INFO - Command exited with return code 1
[2026-03-29T01:34:13.066+0000] {taskinstance.py:441} INFO - ::group::Post task execution logs
[2026-03-29T01:34:13.078+0000] {taskinstance.py:2905} ERROR - Task failed with exception
Traceback (most recent call last):
  File "/home/airflow/.local/lib/python3.12/site-packages/airflow/models/taskinstance.py", line 465, in _execute_task
    result = _execute_callable(context=context, **execute_callable_kwargs)
             ^^^^^^^^^^^^^^^^^^^^^^^^^^^^^^^^^^^^^^^^^^^^^^^^^^^^^^^^^^^^^
  File "/home/airflow/.local/lib/python3.12/site-packages/airflow/models/taskinstance.py", line 432, in _execute_callable
    return execute_callable(context=context, **execute_callable_kwargs)
           ^^^^^^^^^^^^^^^^^^^^^^^^^^^^^^^^^^^^^^^^^^^^^^^^^^^^^^^^^^^^
  File "/home/airflow/.local/lib/python3.12/site-packages/airflow/models/baseoperator.py", line 401, in wrapper
    return func(self, *args, **kwargs)
           ^^^^^^^^^^^^^^^^^^^^^^^^^^^
  File "/home/airflow/.local/lib/python3.12/site-packages/airflow/providers/standard/operators/bash.py", line 233, in execute
    raise AirflowException(
airflow.exceptions.AirflowException: Bash command failed. The command returned a non-zero exit code 1.
[2026-03-29T01:34:13.081+0000] {taskinstance.py:1206} INFO - Marking task as UP_FOR_RETRY. dag_id=banking_01_bronze_layer, task_id=build_bronze_cust, run_id=scheduled__2026-03-29T00:30:00+00:00, execution_date=20260329T003000, start_date=20260329T013403, end_date=20260329T013413
[2026-03-29T01:34:13.092+0000] {standard_task_runner.py:110} ERROR - Failed to execute job 7042 for task build_bronze_cust (Bash command failed. The command returned a non-zero exit code 1.; 15089)
[2026-03-29T01:34:13.099+0000] {local_task_job_runner.py:243} INFO - Task exited with return code 1
[2026-03-29T01:34:13.110+0000] {taskinstance.py:3503} INFO - 0 downstream tasks scheduled from follow-on schedule check
[2026-03-29T01:34:13.111+0000] {local_task_job_runner.py:222} INFO - ::endgroup::
