[2026-03-30T23:02:38.421+0000] {local_task_job_runner.py:120} INFO - ::group::Pre task execution logs
[2026-03-30T23:02:38.443+0000] {taskinstance.py:2076} INFO - Dependencies all met for dep_context=non-requeueable deps ti=<TaskInstance: banking_01_bronze_layer.build_bronze_trans scheduled__2026-03-30T22:30:00+00:00 [queued]>
[2026-03-30T23:02:38.450+0000] {taskinstance.py:2076} INFO - Dependencies all met for dep_context=requeueable deps ti=<TaskInstance: banking_01_bronze_layer.build_bronze_trans scheduled__2026-03-30T22:30:00+00:00 [queued]>
[2026-03-30T23:02:38.450+0000] {taskinstance.py:2306} INFO - Starting attempt 1 of 2
[2026-03-30T23:02:38.458+0000] {taskinstance.py:2330} INFO - Executing <Task(BashOperator): build_bronze_trans> on 2026-03-30 22:30:00+00:00
[2026-03-30T23:02:38.461+0000] {standard_task_runner.py:64} INFO - Started process 38213 to run task
[2026-03-30T23:02:38.463+0000] {standard_task_runner.py:90} INFO - Running: ['***', 'tasks', 'run', 'banking_01_bronze_layer', 'build_bronze_trans', 'scheduled__2026-03-30T22:30:00+00:00', '--job-id', '9391', '--raw', '--subdir', 'DAGS_FOLDER/dbt.py', '--cfg-path', '/tmp/tmps8fd_4g6']
[2026-03-30T23:02:38.465+0000] {standard_task_runner.py:91} INFO - Job 9391: Subtask build_bronze_trans
[2026-03-30T23:02:38.500+0000] {task_command.py:426} INFO - Running <TaskInstance: banking_01_bronze_layer.build_bronze_trans scheduled__2026-03-30T22:30:00+00:00 [running]> on host c990dffe13ae
[2026-03-30T23:02:38.577+0000] {taskinstance.py:2648} INFO - Exporting env vars: AIRFLOW_CTX_DAG_OWNER='risheek' AIRFLOW_CTX_DAG_ID='banking_01_bronze_layer' AIRFLOW_CTX_TASK_ID='build_bronze_trans' AIRFLOW_CTX_EXECUTION_DATE='2026-03-30T22:30:00+00:00' AIRFLOW_CTX_TRY_NUMBER='1' AIRFLOW_CTX_DAG_RUN_ID='scheduled__2026-03-30T22:30:00+00:00'
[2026-03-30T23:02:38.578+0000] {taskinstance.py:430} INFO - ::endgroup::
[2026-03-30T23:02:38.579+0000] {subprocess.py:78} INFO - Tmp dir root location: /tmp
[2026-03-30T23:02:38.580+0000] {subprocess.py:88} INFO - Running command: ['/usr/bin/bash', '-c', 'dbt build --select bronze_trans']
[2026-03-30T23:02:38.585+0000] {subprocess.py:99} INFO - Output:
[2026-03-30T23:02:40.123+0000] {subprocess.py:106} INFO - [0m23:02:40  Running with dbt=1.11.7
[2026-03-30T23:02:40.719+0000] {subprocess.py:106} INFO - [0m23:02:40  Registered adapter: snowflake=1.11.3
[2026-03-30T23:02:40.908+0000] {subprocess.py:106} INFO - [0m23:02:40  [[33mWARNING[0m]: Configuration paths exist in your dbt_project.yml file which do not apply to any resources.
[2026-03-30T23:02:40.909+0000] {subprocess.py:106} INFO - There are 1 unused configuration paths:
[2026-03-30T23:02:40.912+0000] {subprocess.py:106} INFO - - models.trans_snowf.example
[2026-03-30T23:02:41.026+0000] {subprocess.py:106} INFO - [0m23:02:41  Found 14 models, 3 sources, 522 macros
[2026-03-30T23:02:41.028+0000] {subprocess.py:106} INFO - [0m23:02:41
[2026-03-30T23:02:41.028+0000] {subprocess.py:106} INFO - [0m23:02:41  Concurrency: 1 threads (target='dev')
[2026-03-30T23:02:41.029+0000] {subprocess.py:106} INFO - [0m23:02:41
[2026-03-30T23:02:43.361+0000] {subprocess.py:106} INFO - [0m23:02:43  1 of 1 START sql incremental model PUBLIC_BRONZE.bronze_trans .................. [RUN]
[2026-03-30T23:02:47.372+0000] {subprocess.py:106} INFO - [0m23:02:47  1 of 1 OK created sql incremental model PUBLIC_BRONZE.bronze_trans ............. [[32mSUCCESS 0[0m in 4.00s]
[2026-03-30T23:02:50.621+0000] {subprocess.py:106} INFO - [0m23:02:50
[2026-03-30T23:02:50.625+0000] {subprocess.py:106} INFO - [0m23:02:50  Finished running 1 incremental model in 0 hours 0 minutes and 9.59 seconds (9.59s).
[2026-03-30T23:02:50.712+0000] {subprocess.py:106} INFO - [0m23:02:50
[2026-03-30T23:02:50.714+0000] {subprocess.py:106} INFO - [0m23:02:50  [32mCompleted successfully[0m
[2026-03-30T23:02:50.714+0000] {subprocess.py:106} INFO - [0m23:02:50
[2026-03-30T23:02:50.715+0000] {subprocess.py:106} INFO - [0m23:02:50  Done. PASS=1 WARN=0 ERROR=0 SKIP=0 NO-OP=0 TOTAL=1
[2026-03-30T23:02:52.814+0000] {subprocess.py:110} INFO - Command exited with return code 0
[2026-03-30T23:02:52.820+0000] {taskinstance.py:441} INFO - ::group::Post task execution logs
[2026-03-30T23:02:52.899+0000] {taskinstance.py:1206} INFO - Marking task as SUCCESS. dag_id=banking_01_bronze_layer, task_id=build_bronze_trans, run_id=scheduled__2026-03-30T22:30:00+00:00, execution_date=20260330T223000, start_date=20260330T230238, end_date=20260330T230252
[2026-03-30T23:02:52.928+0000] {local_task_job_runner.py:243} INFO - Task exited with return code 0
[2026-03-30T23:02:52.963+0000] {taskinstance.py:3503} INFO - 0 downstream tasks scheduled from follow-on schedule check
[2026-03-30T23:02:52.964+0000] {local_task_job_runner.py:222} INFO - ::endgroup::
