[2026-03-27T08:36:02.827+0000] {local_task_job_runner.py:120} INFO - ::group::Pre task execution logs
[2026-03-27T08:36:02.840+0000] {taskinstance.py:2076} INFO - Dependencies all met for dep_context=non-requeueable deps ti=<TaskInstance: banking_01_bronze_layer.build_bronze_cust scheduled__2026-03-27T08:00:00+00:00 [queued]>
[2026-03-27T08:36:02.844+0000] {taskinstance.py:2076} INFO - Dependencies all met for dep_context=requeueable deps ti=<TaskInstance: banking_01_bronze_layer.build_bronze_cust scheduled__2026-03-27T08:00:00+00:00 [queued]>
[2026-03-27T08:36:02.844+0000] {taskinstance.py:2306} INFO - Starting attempt 2 of 2
[2026-03-27T08:36:02.849+0000] {taskinstance.py:2330} INFO - Executing <Task(BashOperator): build_bronze_cust> on 2026-03-27 08:00:00+00:00
[2026-03-27T08:36:02.851+0000] {standard_task_runner.py:64} INFO - Started process 4577 to run task
[2026-03-27T08:36:02.852+0000] {standard_task_runner.py:90} INFO - Running: ['***', 'tasks', 'run', 'banking_01_bronze_layer', 'build_bronze_cust', 'scheduled__2026-03-27T08:00:00+00:00', '--job-id', '3680', '--raw', '--subdir', 'DAGS_FOLDER/dbt.py', '--cfg-path', '/tmp/tmplzo0a9eg']
[2026-03-27T08:36:02.853+0000] {standard_task_runner.py:91} INFO - Job 3680: Subtask build_bronze_cust
[2026-03-27T08:36:02.876+0000] {task_command.py:426} INFO - Running <TaskInstance: banking_01_bronze_layer.build_bronze_cust scheduled__2026-03-27T08:00:00+00:00 [running]> on host c990dffe13ae
[2026-03-27T08:36:02.915+0000] {taskinstance.py:2648} INFO - Exporting env vars: AIRFLOW_CTX_DAG_OWNER='risheek' AIRFLOW_CTX_DAG_ID='banking_01_bronze_layer' AIRFLOW_CTX_TASK_ID='build_bronze_cust' AIRFLOW_CTX_EXECUTION_DATE='2026-03-27T08:00:00+00:00' AIRFLOW_CTX_TRY_NUMBER='2' AIRFLOW_CTX_DAG_RUN_ID='scheduled__2026-03-27T08:00:00+00:00'
[2026-03-27T08:36:02.915+0000] {taskinstance.py:430} INFO - ::endgroup::
[2026-03-27T08:36:02.916+0000] {subprocess.py:78} INFO - Tmp dir root location: /tmp
[2026-03-27T08:36:02.916+0000] {subprocess.py:88} INFO - Running command: ['/usr/bin/bash', '-c', 'dbt build --select bronze_cust']
[2026-03-27T08:36:02.919+0000] {subprocess.py:99} INFO - Output:
[2026-03-27T08:36:04.064+0000] {subprocess.py:106} INFO - [0m08:36:04  Running with dbt=1.11.7
[2026-03-27T08:36:04.512+0000] {subprocess.py:106} INFO - [0m08:36:04  Registered adapter: snowflake=1.11.3
[2026-03-27T08:36:04.641+0000] {subprocess.py:106} INFO - [0m08:36:04  [[33mWARNING[0m]: Configuration paths exist in your dbt_project.yml file which do not apply to any resources.
[2026-03-27T08:36:04.641+0000] {subprocess.py:106} INFO - There are 1 unused configuration paths:
[2026-03-27T08:36:04.641+0000] {subprocess.py:106} INFO - - models.trans_snowf.example
[2026-03-27T08:36:04.741+0000] {subprocess.py:106} INFO - [0m08:36:04  Found 14 models, 3 sources, 522 macros
[2026-03-27T08:36:04.742+0000] {subprocess.py:106} INFO - [0m08:36:04
[2026-03-27T08:36:04.742+0000] {subprocess.py:106} INFO - [0m08:36:04  Concurrency: 1 threads (target='dev')
[2026-03-27T08:36:04.743+0000] {subprocess.py:106} INFO - [0m08:36:04
[2026-03-27T08:36:06.137+0000] {subprocess.py:106} INFO - [0m08:36:06
[2026-03-27T08:36:06.141+0000] {subprocess.py:106} INFO - [0m08:36:06  Finished running  in 0 hours 0 minutes and 1.39 seconds (1.39s).
[2026-03-27T08:36:06.142+0000] {subprocess.py:106} INFO - [0m08:36:06  Encountered an error:
[2026-03-27T08:36:06.142+0000] {subprocess.py:106} INFO - Database Error
[2026-03-27T08:36:06.142+0000] {subprocess.py:106} INFO -   003001 (42501): SQL access control error:
[2026-03-27T08:36:06.143+0000] {subprocess.py:106} INFO -   Insufficient privileges to operate on database 'BANKING'.
[2026-03-27T08:36:07.673+0000] {subprocess.py:110} INFO - Command exited with return code 2
[2026-03-27T08:36:07.675+0000] {taskinstance.py:441} INFO - ::group::Post task execution logs
[2026-03-27T08:36:07.694+0000] {taskinstance.py:2905} ERROR - Task failed with exception
Traceback (most recent call last):
  File "/home/airflow/.local/lib/python3.12/site-packages/airflow/models/taskinstance.py", line 465, in _execute_task
    result = _execute_callable(context=context, **execute_callable_kwargs)
             ^^^^^^^^^^^^^^^^^^^^^^^^^^^^^^^^^^^^^^^^^^^^^^^^^^^^^^^^^^^^^
  File "/home/airflow/.local/lib/python3.12/site-packages/airflow/models/taskinstance.py", line 432, in _execute_callable
    return execute_callable(context=context, **execute_callable_kwargs)
           ^^^^^^^^^^^^^^^^^^^^^^^^^^^^^^^^^^^^^^^^^^^^^^^^^^^^^^^^^^^^
  File "/home/airflow/.local/lib/python3.12/site-packages/airflow/models/baseoperator.py", line 401, in wrapper
    return func(self, *args, **kwargs)
           ^^^^^^^^^^^^^^^^^^^^^^^^^^^
  File "/home/airflow/.local/lib/python3.12/site-packages/airflow/providers/standard/operators/bash.py", line 233, in execute
    raise AirflowException(
airflow.exceptions.AirflowException: Bash command failed. The command returned a non-zero exit code 2.
[2026-03-27T08:36:07.698+0000] {taskinstance.py:1206} INFO - Marking task as FAILED. dag_id=banking_01_bronze_layer, task_id=build_bronze_cust, run_id=scheduled__2026-03-27T08:00:00+00:00, execution_date=20260327T080000, start_date=20260327T083602, end_date=20260327T083607
[2026-03-27T08:36:07.708+0000] {standard_task_runner.py:110} ERROR - Failed to execute job 3680 for task build_bronze_cust (Bash command failed. The command returned a non-zero exit code 2.; 4577)
[2026-03-27T08:36:07.737+0000] {local_task_job_runner.py:243} INFO - Task exited with return code 1
[2026-03-27T08:36:07.760+0000] {taskinstance.py:3503} INFO - 0 downstream tasks scheduled from follow-on schedule check
[2026-03-27T08:36:07.761+0000] {local_task_job_runner.py:222} INFO - ::endgroup::
