[2026-04-03T06:22:23.348+0000] {local_task_job_runner.py:120} INFO - ::group::Pre task execution logs
[2026-04-03T06:22:23.365+0000] {taskinstance.py:2076} INFO - Dependencies all met for dep_context=non-requeueable deps ti=<TaskInstance: banking_01_bronze_layer.debug manual__2026-04-03T06:17:09.590480+00:00 [queued]>
[2026-04-03T06:22:23.369+0000] {taskinstance.py:2076} INFO - Dependencies all met for dep_context=requeueable deps ti=<TaskInstance: banking_01_bronze_layer.debug manual__2026-04-03T06:17:09.590480+00:00 [queued]>
[2026-04-03T06:22:23.369+0000] {taskinstance.py:2306} INFO - Starting attempt 2 of 2
[2026-04-03T06:22:23.375+0000] {taskinstance.py:2330} INFO - Executing <Task(BashOperator): debug> on 2026-04-03 06:17:09.590480+00:00
[2026-04-03T06:22:23.381+0000] {standard_task_runner.py:64} INFO - Started process 832 to run task
[2026-04-03T06:22:23.383+0000] {standard_task_runner.py:90} INFO - Running: ['***', 'tasks', 'run', 'banking_01_bronze_layer', 'debug', 'manual__2026-04-03T06:17:09.590480+00:00', '--job-id', '9591', '--raw', '--subdir', 'DAGS_FOLDER/dbt.py', '--cfg-path', '/tmp/tmp6q85jy8i']
[2026-04-03T06:22:23.385+0000] {standard_task_runner.py:91} INFO - Job 9591: Subtask debug
[2026-04-03T06:22:23.421+0000] {task_command.py:426} INFO - Running <TaskInstance: banking_01_bronze_layer.debug manual__2026-04-03T06:17:09.590480+00:00 [running]> on host c990dffe13ae
[2026-04-03T06:22:23.467+0000] {taskinstance.py:2648} INFO - Exporting env vars: AIRFLOW_CTX_DAG_OWNER='risheek' AIRFLOW_CTX_DAG_ID='banking_01_bronze_layer' AIRFLOW_CTX_TASK_ID='debug' AIRFLOW_CTX_EXECUTION_DATE='2026-04-03T06:17:09.590480+00:00' AIRFLOW_CTX_TRY_NUMBER='2' AIRFLOW_CTX_DAG_RUN_ID='manual__2026-04-03T06:17:09.590480+00:00'
[2026-04-03T06:22:23.468+0000] {taskinstance.py:430} INFO - ::endgroup::
[2026-04-03T06:22:23.468+0000] {subprocess.py:78} INFO - Tmp dir root location: /tmp
[2026-04-03T06:22:23.469+0000] {subprocess.py:88} INFO - Running command: ['/usr/bin/bash', '-c', 'dbt debug --profiles-dir /opt/***/dbt/trans_snowf']
[2026-04-03T06:22:23.472+0000] {subprocess.py:99} INFO - Output:
[2026-04-03T06:22:24.675+0000] {subprocess.py:106} INFO - [0m06:22:24  Running with dbt=1.11.7
[2026-04-03T06:22:24.682+0000] {subprocess.py:106} INFO - [0m06:22:24  dbt version: 1.11.7
[2026-04-03T06:22:24.682+0000] {subprocess.py:106} INFO - [0m06:22:24  python version: 3.12.4
[2026-04-03T06:22:24.683+0000] {subprocess.py:106} INFO - [0m06:22:24  python path: /home/***/.local/bin/python
[2026-04-03T06:22:24.683+0000] {subprocess.py:106} INFO - [0m06:22:24  os info: Linux-6.12.76-linuxkit-aarch64-with-glibc2.36
[2026-04-03T06:22:25.150+0000] {subprocess.py:106} INFO - [0m06:22:25  Using profiles dir at /opt/***/dbt/trans_snowf
[2026-04-03T06:22:25.150+0000] {subprocess.py:106} INFO - [0m06:22:25  Using profiles.yml file at /opt/***/dbt/trans_snowf/profiles.yml
[2026-04-03T06:22:25.151+0000] {subprocess.py:106} INFO - [0m06:22:25  Using dbt_project.yml file at /opt/***/dbt/trans_snowf/dbt_project.yml
[2026-04-03T06:22:25.151+0000] {subprocess.py:106} INFO - [0m06:22:25  adapter type: snowflake
[2026-04-03T06:22:25.152+0000] {subprocess.py:106} INFO - [0m06:22:25  adapter version: 1.11.3
[2026-04-03T06:22:25.207+0000] {subprocess.py:106} INFO - [0m06:22:25  Configuration:
[2026-04-03T06:22:25.207+0000] {subprocess.py:106} INFO - [0m06:22:25    profiles.yml file [[32mOK found and valid[0m]
[2026-04-03T06:22:25.208+0000] {subprocess.py:106} INFO - [0m06:22:25    dbt_project.yml file [[32mOK found and valid[0m]
[2026-04-03T06:22:25.208+0000] {subprocess.py:106} INFO - [0m06:22:25  Required dependencies:
[2026-04-03T06:22:25.209+0000] {subprocess.py:106} INFO - [0m06:22:25   - git [[31mERROR[0m]
[2026-04-03T06:22:25.209+0000] {subprocess.py:106} INFO - 
[2026-04-03T06:22:25.209+0000] {subprocess.py:106} INFO - [0m06:22:25  Connection:
[2026-04-03T06:22:25.209+0000] {subprocess.py:106} INFO - [0m06:22:25    account: BBMCDSP-CT02489
[2026-04-03T06:22:25.210+0000] {subprocess.py:106} INFO - [0m06:22:25    user: user123
[2026-04-03T06:22:25.210+0000] {subprocess.py:106} INFO - [0m06:22:25    database: BANKING
[2026-04-03T06:22:25.210+0000] {subprocess.py:106} INFO - [0m06:22:25    warehouse: COMPUTE_WH
[2026-04-03T06:22:25.211+0000] {subprocess.py:106} INFO - [0m06:22:25    role: dbtadmin
[2026-04-03T06:22:25.211+0000] {subprocess.py:106} INFO - [0m06:22:25    schema: PUBLIC
[2026-04-03T06:22:25.211+0000] {subprocess.py:106} INFO - [0m06:22:25    authenticator: None
[2026-04-03T06:22:25.212+0000] {subprocess.py:106} INFO - [0m06:22:25    oauth_client_id: None
[2026-04-03T06:22:25.212+0000] {subprocess.py:106} INFO - [0m06:22:25    query_tag: None
[2026-04-03T06:22:25.212+0000] {subprocess.py:106} INFO - [0m06:22:25    client_session_keep_alive: False
[2026-04-03T06:22:25.213+0000] {subprocess.py:106} INFO - [0m06:22:25    host: None
[2026-04-03T06:22:25.213+0000] {subprocess.py:106} INFO - [0m06:22:25    port: None
[2026-04-03T06:22:25.213+0000] {subprocess.py:106} INFO - [0m06:22:25    proxy_host: None
[2026-04-03T06:22:25.214+0000] {subprocess.py:106} INFO - [0m06:22:25    proxy_port: None
[2026-04-03T06:22:25.214+0000] {subprocess.py:106} INFO - [0m06:22:25    protocol: None
[2026-04-03T06:22:25.214+0000] {subprocess.py:106} INFO - [0m06:22:25    connect_retries: 1
[2026-04-03T06:22:25.215+0000] {subprocess.py:106} INFO - [0m06:22:25    connect_timeout: None
[2026-04-03T06:22:25.215+0000] {subprocess.py:106} INFO - [0m06:22:25    retry_on_database_errors: False
[2026-04-03T06:22:25.215+0000] {subprocess.py:106} INFO - [0m06:22:25    retry_all: False
[2026-04-03T06:22:25.216+0000] {subprocess.py:106} INFO - [0m06:22:25    insecure_mode: False
[2026-04-03T06:22:25.216+0000] {subprocess.py:106} INFO - [0m06:22:25    reuse_connections: True
[2026-04-03T06:22:25.216+0000] {subprocess.py:106} INFO - [0m06:22:25    s3_stage_vpce_dns_name: None
[2026-04-03T06:22:25.216+0000] {subprocess.py:106} INFO - [0m06:22:25    platform_detection_timeout_seconds: 0.0
[2026-04-03T06:22:25.217+0000] {subprocess.py:106} INFO - [0m06:22:25  Registered adapter: snowflake=1.11.3
[2026-04-03T06:22:26.118+0000] {subprocess.py:106} INFO - [0m06:22:26    Connection test: [[32mOK connection ok[0m]
[2026-04-03T06:22:26.119+0000] {subprocess.py:106} INFO - 
[2026-04-03T06:22:26.120+0000] {subprocess.py:106} INFO - [0m06:22:26  [31m1 check failed:[0m
[2026-04-03T06:22:26.121+0000] {subprocess.py:106} INFO - [0m06:22:26  Error from git --help: Could not find command, ensure it is in the user's PATH: "git"
[2026-04-03T06:22:26.122+0000] {subprocess.py:106} INFO - 
[2026-04-03T06:22:32.416+0000] {subprocess.py:110} INFO - Command exited with return code 1
[2026-04-03T06:22:32.417+0000] {taskinstance.py:441} INFO - ::group::Post task execution logs
[2026-04-03T06:22:32.426+0000] {taskinstance.py:2905} ERROR - Task failed with exception
Traceback (most recent call last):
  File "/home/airflow/.local/lib/python3.12/site-packages/airflow/models/taskinstance.py", line 465, in _execute_task
    result = _execute_callable(context=context, **execute_callable_kwargs)
             ^^^^^^^^^^^^^^^^^^^^^^^^^^^^^^^^^^^^^^^^^^^^^^^^^^^^^^^^^^^^^
  File "/home/airflow/.local/lib/python3.12/site-packages/airflow/models/taskinstance.py", line 432, in _execute_callable
    return execute_callable(context=context, **execute_callable_kwargs)
           ^^^^^^^^^^^^^^^^^^^^^^^^^^^^^^^^^^^^^^^^^^^^^^^^^^^^^^^^^^^^
  File "/home/airflow/.local/lib/python3.12/site-packages/airflow/models/baseoperator.py", line 401, in wrapper
    return func(self, *args, **kwargs)
           ^^^^^^^^^^^^^^^^^^^^^^^^^^^
  File "/home/airflow/.local/lib/python3.12/site-packages/airflow/providers/standard/operators/bash.py", line 233, in execute
    raise AirflowException(
airflow.exceptions.AirflowException: Bash command failed. The command returned a non-zero exit code 1.
[2026-04-03T06:22:32.429+0000] {taskinstance.py:1206} INFO - Marking task as FAILED. dag_id=banking_01_bronze_layer, task_id=debug, run_id=manual__2026-04-03T06:17:09.590480+00:00, execution_date=20260403T061709, start_date=20260403T062223, end_date=20260403T062232
[2026-04-03T06:22:32.436+0000] {standard_task_runner.py:110} ERROR - Failed to execute job 9591 for task debug (Bash command failed. The command returned a non-zero exit code 1.; 832)
[2026-04-03T06:22:32.475+0000] {local_task_job_runner.py:243} INFO - Task exited with return code 1
[2026-04-03T06:22:32.486+0000] {taskinstance.py:3503} INFO - 0 downstream tasks scheduled from follow-on schedule check
[2026-04-03T06:22:32.487+0000] {local_task_job_runner.py:222} INFO - ::endgroup::
