[2026-03-30T06:11:25.355+0000] {local_task_job_runner.py:120} INFO - ::group::Pre task execution logs
[2026-03-30T06:11:25.370+0000] {taskinstance.py:2076} INFO - Dependencies all met for dep_context=non-requeueable deps ti=<TaskInstance: banking_01_bronze_layer.debug scheduled__2026-03-30T05:00:00+00:00 [queued]>
[2026-03-30T06:11:25.373+0000] {taskinstance.py:2076} INFO - Dependencies all met for dep_context=requeueable deps ti=<TaskInstance: banking_01_bronze_layer.debug scheduled__2026-03-30T05:00:00+00:00 [queued]>
[2026-03-30T06:11:25.373+0000] {taskinstance.py:2306} INFO - Starting attempt 2 of 2
[2026-03-30T06:11:25.379+0000] {taskinstance.py:2330} INFO - Executing <Task(BashOperator): debug> on 2026-03-30 05:00:00+00:00
[2026-03-30T06:11:25.381+0000] {standard_task_runner.py:64} INFO - Started process 8922 to run task
[2026-03-30T06:11:25.383+0000] {standard_task_runner.py:90} INFO - Running: ['***', 'tasks', 'run', 'banking_01_bronze_layer', 'debug', 'scheduled__2026-03-30T05:00:00+00:00', '--job-id', '7453', '--raw', '--subdir', 'DAGS_FOLDER/dbt.py', '--cfg-path', '/tmp/tmp27miro6h']
[2026-03-30T06:11:25.384+0000] {standard_task_runner.py:91} INFO - Job 7453: Subtask debug
[2026-03-30T06:11:25.408+0000] {task_command.py:426} INFO - Running <TaskInstance: banking_01_bronze_layer.debug scheduled__2026-03-30T05:00:00+00:00 [running]> on host c990dffe13ae
[2026-03-30T06:11:25.446+0000] {taskinstance.py:2648} INFO - Exporting env vars: AIRFLOW_CTX_DAG_OWNER='risheek' AIRFLOW_CTX_DAG_ID='banking_01_bronze_layer' AIRFLOW_CTX_TASK_ID='debug' AIRFLOW_CTX_EXECUTION_DATE='2026-03-30T05:00:00+00:00' AIRFLOW_CTX_TRY_NUMBER='2' AIRFLOW_CTX_DAG_RUN_ID='scheduled__2026-03-30T05:00:00+00:00'
[2026-03-30T06:11:25.447+0000] {taskinstance.py:430} INFO - ::endgroup::
[2026-03-30T06:11:25.447+0000] {subprocess.py:78} INFO - Tmp dir root location: /tmp
[2026-03-30T06:11:25.448+0000] {subprocess.py:88} INFO - Running command: ['/usr/bin/bash', '-c', 'dbt debug --profiles-dir /opt/***/dbt/trans_snowf']
[2026-03-30T06:11:25.451+0000] {subprocess.py:99} INFO - Output:
[2026-03-30T06:11:26.597+0000] {subprocess.py:106} INFO - [0m06:11:26  Running with dbt=1.11.7
[2026-03-30T06:11:26.602+0000] {subprocess.py:106} INFO - [0m06:11:26  dbt version: 1.11.7
[2026-03-30T06:11:26.603+0000] {subprocess.py:106} INFO - [0m06:11:26  python version: 3.12.4
[2026-03-30T06:11:26.603+0000] {subprocess.py:106} INFO - [0m06:11:26  python path: /home/***/.local/bin/python
[2026-03-30T06:11:26.604+0000] {subprocess.py:106} INFO - [0m06:11:26  os info: Linux-6.12.76-linuxkit-aarch64-with-glibc2.36
[2026-03-30T06:11:26.981+0000] {subprocess.py:106} INFO - [0m06:11:26  Using profiles dir at /opt/***/dbt/trans_snowf
[2026-03-30T06:11:26.982+0000] {subprocess.py:106} INFO - [0m06:11:26  Using profiles.yml file at /opt/***/dbt/trans_snowf/profiles.yml
[2026-03-30T06:11:26.982+0000] {subprocess.py:106} INFO - [0m06:11:26  Using dbt_project.yml file at /opt/***/dbt/trans_snowf/dbt_project.yml
[2026-03-30T06:11:26.982+0000] {subprocess.py:106} INFO - [0m06:11:26  adapter type: snowflake
[2026-03-30T06:11:26.983+0000] {subprocess.py:106} INFO - [0m06:11:26  adapter version: 1.11.3
[2026-03-30T06:11:27.033+0000] {subprocess.py:106} INFO - [0m06:11:27  Configuration:
[2026-03-30T06:11:27.033+0000] {subprocess.py:106} INFO - [0m06:11:27    profiles.yml file [[32mOK found and valid[0m]
[2026-03-30T06:11:27.033+0000] {subprocess.py:106} INFO - [0m06:11:27    dbt_project.yml file [[32mOK found and valid[0m]
[2026-03-30T06:11:27.034+0000] {subprocess.py:106} INFO - [0m06:11:27  Required dependencies:
[2026-03-30T06:11:27.035+0000] {subprocess.py:106} INFO - [0m06:11:27   - git [[31mERROR[0m]
[2026-03-30T06:11:27.035+0000] {subprocess.py:106} INFO - 
[2026-03-30T06:11:27.035+0000] {subprocess.py:106} INFO - [0m06:11:27  Connection:
[2026-03-30T06:11:27.035+0000] {subprocess.py:106} INFO - [0m06:11:27    account: BBMCDSP-CT02489
[2026-03-30T06:11:27.036+0000] {subprocess.py:106} INFO - [0m06:11:27    user: user123
[2026-03-30T06:11:27.036+0000] {subprocess.py:106} INFO - [0m06:11:27    database: BANKING
[2026-03-30T06:11:27.036+0000] {subprocess.py:106} INFO - [0m06:11:27    warehouse: COMPUTE_WH
[2026-03-30T06:11:27.037+0000] {subprocess.py:106} INFO - [0m06:11:27    role: dbtadmin
[2026-03-30T06:11:27.037+0000] {subprocess.py:106} INFO - [0m06:11:27    schema: PUBLIC
[2026-03-30T06:11:27.037+0000] {subprocess.py:106} INFO - [0m06:11:27    authenticator: None
[2026-03-30T06:11:27.038+0000] {subprocess.py:106} INFO - [0m06:11:27    oauth_client_id: None
[2026-03-30T06:11:27.038+0000] {subprocess.py:106} INFO - [0m06:11:27    query_tag: None
[2026-03-30T06:11:27.038+0000] {subprocess.py:106} INFO - [0m06:11:27    client_session_keep_alive: False
[2026-03-30T06:11:27.038+0000] {subprocess.py:106} INFO - [0m06:11:27    host: None
[2026-03-30T06:11:27.039+0000] {subprocess.py:106} INFO - [0m06:11:27    port: None
[2026-03-30T06:11:27.039+0000] {subprocess.py:106} INFO - [0m06:11:27    proxy_host: None
[2026-03-30T06:11:27.039+0000] {subprocess.py:106} INFO - [0m06:11:27    proxy_port: None
[2026-03-30T06:11:27.040+0000] {subprocess.py:106} INFO - [0m06:11:27    protocol: None
[2026-03-30T06:11:27.040+0000] {subprocess.py:106} INFO - [0m06:11:27    connect_retries: 1
[2026-03-30T06:11:27.040+0000] {subprocess.py:106} INFO - [0m06:11:27    connect_timeout: None
[2026-03-30T06:11:27.041+0000] {subprocess.py:106} INFO - [0m06:11:27    retry_on_database_errors: False
[2026-03-30T06:11:27.041+0000] {subprocess.py:106} INFO - [0m06:11:27    retry_all: False
[2026-03-30T06:11:27.041+0000] {subprocess.py:106} INFO - [0m06:11:27    insecure_mode: False
[2026-03-30T06:11:27.041+0000] {subprocess.py:106} INFO - [0m06:11:27    reuse_connections: True
[2026-03-30T06:11:27.042+0000] {subprocess.py:106} INFO - [0m06:11:27    s3_stage_vpce_dns_name: None
[2026-03-30T06:11:27.042+0000] {subprocess.py:106} INFO - [0m06:11:27    platform_detection_timeout_seconds: 0.0
[2026-03-30T06:11:27.042+0000] {subprocess.py:106} INFO - [0m06:11:27  Registered adapter: snowflake=1.11.3
[2026-03-30T06:11:28.339+0000] {subprocess.py:106} INFO - [0m06:11:28    Connection test: [[32mOK connection ok[0m]
[2026-03-30T06:11:28.340+0000] {subprocess.py:106} INFO - 
[2026-03-30T06:11:28.341+0000] {subprocess.py:106} INFO - [0m06:11:28  [31m1 check failed:[0m
[2026-03-30T06:11:28.342+0000] {subprocess.py:106} INFO - [0m06:11:28  Error from git --help: Could not find command, ensure it is in the user's PATH: "git"
[2026-03-30T06:11:28.343+0000] {subprocess.py:106} INFO - 
[2026-03-30T06:11:30.591+0000] {subprocess.py:110} INFO - Command exited with return code 1
[2026-03-30T06:11:30.592+0000] {taskinstance.py:441} INFO - ::group::Post task execution logs
[2026-03-30T06:11:30.598+0000] {taskinstance.py:2905} ERROR - Task failed with exception
Traceback (most recent call last):
  File "/home/airflow/.local/lib/python3.12/site-packages/airflow/models/taskinstance.py", line 465, in _execute_task
    result = _execute_callable(context=context, **execute_callable_kwargs)
             ^^^^^^^^^^^^^^^^^^^^^^^^^^^^^^^^^^^^^^^^^^^^^^^^^^^^^^^^^^^^^
  File "/home/airflow/.local/lib/python3.12/site-packages/airflow/models/taskinstance.py", line 432, in _execute_callable
    return execute_callable(context=context, **execute_callable_kwargs)
           ^^^^^^^^^^^^^^^^^^^^^^^^^^^^^^^^^^^^^^^^^^^^^^^^^^^^^^^^^^^^
  File "/home/airflow/.local/lib/python3.12/site-packages/airflow/models/baseoperator.py", line 401, in wrapper
    return func(self, *args, **kwargs)
           ^^^^^^^^^^^^^^^^^^^^^^^^^^^
  File "/home/airflow/.local/lib/python3.12/site-packages/airflow/providers/standard/operators/bash.py", line 233, in execute
    raise AirflowException(
airflow.exceptions.AirflowException: Bash command failed. The command returned a non-zero exit code 1.
[2026-03-30T06:11:30.600+0000] {taskinstance.py:1206} INFO - Marking task as FAILED. dag_id=banking_01_bronze_layer, task_id=debug, run_id=scheduled__2026-03-30T05:00:00+00:00, execution_date=20260330T050000, start_date=20260330T061125, end_date=20260330T061130
[2026-03-30T06:11:30.606+0000] {standard_task_runner.py:110} ERROR - Failed to execute job 7453 for task debug (Bash command failed. The command returned a non-zero exit code 1.; 8922)
[2026-03-30T06:11:30.615+0000] {local_task_job_runner.py:243} INFO - Task exited with return code 1
[2026-03-30T06:11:30.624+0000] {taskinstance.py:3503} INFO - 0 downstream tasks scheduled from follow-on schedule check
[2026-03-30T06:11:30.625+0000] {local_task_job_runner.py:222} INFO - ::endgroup::
