[2026-03-31T01:01:57.358+0000] {local_task_job_runner.py:120} INFO - ::group::Pre task execution logs
[2026-03-31T01:01:57.378+0000] {taskinstance.py:2076} INFO - Dependencies all met for dep_context=non-requeueable deps ti=<TaskInstance: banking_01_bronze_layer.compile manual__2026-03-31T01:01:39.085915+00:00 [queued]>
[2026-03-31T01:01:57.381+0000] {taskinstance.py:2076} INFO - Dependencies all met for dep_context=requeueable deps ti=<TaskInstance: banking_01_bronze_layer.compile manual__2026-03-31T01:01:39.085915+00:00 [queued]>
[2026-03-31T01:01:57.381+0000] {taskinstance.py:2306} INFO - Starting attempt 1 of 2
[2026-03-31T01:01:57.390+0000] {taskinstance.py:2330} INFO - Executing <Task(BashOperator): compile> on 2026-03-31 01:01:39.085915+00:00
[2026-03-31T01:01:57.399+0000] {standard_task_runner.py:64} INFO - Started process 42143 to run task
[2026-03-31T01:01:57.408+0000] {standard_task_runner.py:90} INFO - Running: ['***', 'tasks', 'run', 'banking_01_bronze_layer', 'compile', 'manual__2026-03-31T01:01:39.085915+00:00', '--job-id', '9557', '--raw', '--subdir', 'DAGS_FOLDER/dbt.py', '--cfg-path', '/tmp/tmp4yv2yiyy']
[2026-03-31T01:01:57.410+0000] {standard_task_runner.py:91} INFO - Job 9557: Subtask compile
[2026-03-31T01:01:57.457+0000] {task_command.py:426} INFO - Running <TaskInstance: banking_01_bronze_layer.compile manual__2026-03-31T01:01:39.085915+00:00 [running]> on host c990dffe13ae
[2026-03-31T01:01:57.511+0000] {taskinstance.py:2648} INFO - Exporting env vars: AIRFLOW_CTX_DAG_OWNER='risheek' AIRFLOW_CTX_DAG_ID='banking_01_bronze_layer' AIRFLOW_CTX_TASK_ID='compile' AIRFLOW_CTX_EXECUTION_DATE='2026-03-31T01:01:39.085915+00:00' AIRFLOW_CTX_TRY_NUMBER='1' AIRFLOW_CTX_DAG_RUN_ID='manual__2026-03-31T01:01:39.085915+00:00'
[2026-03-31T01:01:57.512+0000] {taskinstance.py:430} INFO - ::endgroup::
[2026-03-31T01:01:57.513+0000] {subprocess.py:78} INFO - Tmp dir root location: /tmp
[2026-03-31T01:01:57.514+0000] {subprocess.py:88} INFO - Running command: ['/usr/bin/bash', '-c', 'dbt compile --profiles-dir /opt/***/dbt/trans_snowf']
[2026-03-31T01:01:57.521+0000] {subprocess.py:99} INFO - Output:
[2026-03-31T01:01:59.100+0000] {subprocess.py:106} INFO - [0m01:01:59  Running with dbt=1.11.7
[2026-03-31T01:02:00.226+0000] {subprocess.py:106} INFO - [0m01:02:00  Registered adapter: snowflake=1.11.3
[2026-03-31T01:02:00.782+0000] {subprocess.py:106} INFO - [0m01:02:00  [[33mWARNING[0m]: Configuration paths exist in your dbt_project.yml file which do not apply to any resources.
[2026-03-31T01:02:00.783+0000] {subprocess.py:106} INFO - There are 1 unused configuration paths:
[2026-03-31T01:02:00.783+0000] {subprocess.py:106} INFO - - models.trans_snowf.example
[2026-03-31T01:02:00.961+0000] {subprocess.py:106} INFO - [0m01:02:00  Found 14 models, 3 sources, 522 macros
[2026-03-31T01:02:00.963+0000] {subprocess.py:106} INFO - [0m01:02:00
[2026-03-31T01:02:00.963+0000] {subprocess.py:106} INFO - [0m01:02:00  Concurrency: 1 threads (target='dev')
[2026-03-31T01:02:00.964+0000] {subprocess.py:106} INFO - [0m01:02:00
[2026-03-31T01:02:05.253+0000] {subprocess.py:110} INFO - Command exited with return code 0
[2026-03-31T01:02:05.260+0000] {taskinstance.py:441} INFO - ::group::Post task execution logs
[2026-03-31T01:02:05.308+0000] {taskinstance.py:1206} INFO - Marking task as SUCCESS. dag_id=banking_01_bronze_layer, task_id=compile, run_id=manual__2026-03-31T01:01:39.085915+00:00, execution_date=20260331T010139, start_date=20260331T010157, end_date=20260331T010205
[2026-03-31T01:02:05.337+0000] {local_task_job_runner.py:243} INFO - Task exited with return code 0
[2026-03-31T01:02:05.355+0000] {taskinstance.py:3503} INFO - 0 downstream tasks scheduled from follow-on schedule check
[2026-03-31T01:02:05.356+0000] {local_task_job_runner.py:222} INFO - ::endgroup::
