[2026-03-28T14:55:56.120+0000] {local_task_job_runner.py:120} INFO - ::group::Pre task execution logs
[2026-03-28T14:55:56.134+0000] {taskinstance.py:2076} INFO - Dependencies all met for dep_context=non-requeueable deps ti=<TaskInstance: banking_01_bronze_layer.debug scheduled__2026-03-28T14:00:00+00:00 [queued]>
[2026-03-28T14:55:56.137+0000] {taskinstance.py:2076} INFO - Dependencies all met for dep_context=requeueable deps ti=<TaskInstance: banking_01_bronze_layer.debug scheduled__2026-03-28T14:00:00+00:00 [queued]>
[2026-03-28T14:55:56.137+0000] {taskinstance.py:2306} INFO - Starting attempt 1 of 2
[2026-03-28T14:55:56.143+0000] {taskinstance.py:2330} INFO - Executing <Task(BashOperator): debug> on 2026-03-28 14:00:00+00:00
[2026-03-28T14:55:56.145+0000] {standard_task_runner.py:64} INFO - Started process 9868 to run task
[2026-03-28T14:55:56.146+0000] {standard_task_runner.py:90} INFO - Running: ['***', 'tasks', 'run', 'banking_01_bronze_layer', 'debug', 'scheduled__2026-03-28T14:00:00+00:00', '--job-id', '6874', '--raw', '--subdir', 'DAGS_FOLDER/dbt.py', '--cfg-path', '/tmp/tmpn8y3cz8h']
[2026-03-28T14:55:56.148+0000] {standard_task_runner.py:91} INFO - Job 6874: Subtask debug
[2026-03-28T14:55:56.172+0000] {task_command.py:426} INFO - Running <TaskInstance: banking_01_bronze_layer.debug scheduled__2026-03-28T14:00:00+00:00 [running]> on host c990dffe13ae
[2026-03-28T14:55:56.214+0000] {taskinstance.py:2648} INFO - Exporting env vars: AIRFLOW_CTX_DAG_OWNER='risheek' AIRFLOW_CTX_DAG_ID='banking_01_bronze_layer' AIRFLOW_CTX_TASK_ID='debug' AIRFLOW_CTX_EXECUTION_DATE='2026-03-28T14:00:00+00:00' AIRFLOW_CTX_TRY_NUMBER='1' AIRFLOW_CTX_DAG_RUN_ID='scheduled__2026-03-28T14:00:00+00:00'
[2026-03-28T14:55:56.214+0000] {taskinstance.py:430} INFO - ::endgroup::
[2026-03-28T14:55:56.214+0000] {subprocess.py:78} INFO - Tmp dir root location: /tmp
[2026-03-28T14:55:56.215+0000] {subprocess.py:88} INFO - Running command: ['/usr/bin/bash', '-c', 'dbt debug --profiles-dir /opt/***/dbt/trans_snowf']
[2026-03-28T14:55:56.219+0000] {subprocess.py:99} INFO - Output:
[2026-03-28T14:55:57.373+0000] {subprocess.py:106} INFO - [0m14:55:57  Running with dbt=1.11.7
[2026-03-28T14:55:57.378+0000] {subprocess.py:106} INFO - [0m14:55:57  dbt version: 1.11.7
[2026-03-28T14:55:57.378+0000] {subprocess.py:106} INFO - [0m14:55:57  python version: 3.12.4
[2026-03-28T14:55:57.378+0000] {subprocess.py:106} INFO - [0m14:55:57  python path: /home/***/.local/bin/python
[2026-03-28T14:55:57.379+0000] {subprocess.py:106} INFO - [0m14:55:57  os info: Linux-6.12.76-linuxkit-aarch64-with-glibc2.36
[2026-03-28T14:55:57.755+0000] {subprocess.py:106} INFO - [0m14:55:57  Using profiles dir at /opt/***/dbt/trans_snowf
[2026-03-28T14:55:57.755+0000] {subprocess.py:106} INFO - [0m14:55:57  Using profiles.yml file at /opt/***/dbt/trans_snowf/profiles.yml
[2026-03-28T14:55:57.756+0000] {subprocess.py:106} INFO - [0m14:55:57  Using dbt_project.yml file at /opt/***/dbt/trans_snowf/dbt_project.yml
[2026-03-28T14:55:57.756+0000] {subprocess.py:106} INFO - [0m14:55:57  adapter type: snowflake
[2026-03-28T14:55:57.756+0000] {subprocess.py:106} INFO - [0m14:55:57  adapter version: 1.11.3
[2026-03-28T14:55:57.812+0000] {subprocess.py:106} INFO - [0m14:55:57  Configuration:
[2026-03-28T14:55:57.812+0000] {subprocess.py:106} INFO - [0m14:55:57    profiles.yml file [[32mOK found and valid[0m]
[2026-03-28T14:55:57.813+0000] {subprocess.py:106} INFO - [0m14:55:57    dbt_project.yml file [[32mOK found and valid[0m]
[2026-03-28T14:55:57.813+0000] {subprocess.py:106} INFO - [0m14:55:57  Required dependencies:
[2026-03-28T14:55:57.814+0000] {subprocess.py:106} INFO - [0m14:55:57   - git [[31mERROR[0m]
[2026-03-28T14:55:57.814+0000] {subprocess.py:106} INFO - 
[2026-03-28T14:55:57.814+0000] {subprocess.py:106} INFO - [0m14:55:57  Connection:
[2026-03-28T14:55:57.815+0000] {subprocess.py:106} INFO - [0m14:55:57    account: BBMCDSP-CT02489
[2026-03-28T14:55:57.815+0000] {subprocess.py:106} INFO - [0m14:55:57    user: user123
[2026-03-28T14:55:57.815+0000] {subprocess.py:106} INFO - [0m14:55:57    database: BANKING
[2026-03-28T14:55:57.815+0000] {subprocess.py:106} INFO - [0m14:55:57    warehouse: COMPUTE_WH
[2026-03-28T14:55:57.816+0000] {subprocess.py:106} INFO - [0m14:55:57    role: dbtadmin
[2026-03-28T14:55:57.816+0000] {subprocess.py:106} INFO - [0m14:55:57    schema: PUBLIC
[2026-03-28T14:55:57.816+0000] {subprocess.py:106} INFO - [0m14:55:57    authenticator: None
[2026-03-28T14:55:57.816+0000] {subprocess.py:106} INFO - [0m14:55:57    oauth_client_id: None
[2026-03-28T14:55:57.817+0000] {subprocess.py:106} INFO - [0m14:55:57    query_tag: None
[2026-03-28T14:55:57.817+0000] {subprocess.py:106} INFO - [0m14:55:57    client_session_keep_alive: False
[2026-03-28T14:55:57.817+0000] {subprocess.py:106} INFO - [0m14:55:57    host: None
[2026-03-28T14:55:57.817+0000] {subprocess.py:106} INFO - [0m14:55:57    port: None
[2026-03-28T14:55:57.817+0000] {subprocess.py:106} INFO - [0m14:55:57    proxy_host: None
[2026-03-28T14:55:57.818+0000] {subprocess.py:106} INFO - [0m14:55:57    proxy_port: None
[2026-03-28T14:55:57.818+0000] {subprocess.py:106} INFO - [0m14:55:57    protocol: None
[2026-03-28T14:55:57.818+0000] {subprocess.py:106} INFO - [0m14:55:57    connect_retries: 1
[2026-03-28T14:55:57.818+0000] {subprocess.py:106} INFO - [0m14:55:57    connect_timeout: None
[2026-03-28T14:55:57.819+0000] {subprocess.py:106} INFO - [0m14:55:57    retry_on_database_errors: False
[2026-03-28T14:55:57.819+0000] {subprocess.py:106} INFO - [0m14:55:57    retry_all: False
[2026-03-28T14:55:57.819+0000] {subprocess.py:106} INFO - [0m14:55:57    insecure_mode: False
[2026-03-28T14:55:57.819+0000] {subprocess.py:106} INFO - [0m14:55:57    reuse_connections: True
[2026-03-28T14:55:57.820+0000] {subprocess.py:106} INFO - [0m14:55:57    s3_stage_vpce_dns_name: None
[2026-03-28T14:55:57.820+0000] {subprocess.py:106} INFO - [0m14:55:57    platform_detection_timeout_seconds: 0.0
[2026-03-28T14:55:57.821+0000] {subprocess.py:106} INFO - [0m14:55:57  Registered adapter: snowflake=1.11.3
[2026-03-28T14:55:58.595+0000] {subprocess.py:106} INFO - [0m14:55:58    Connection test: [[32mOK connection ok[0m]
[2026-03-28T14:55:58.596+0000] {subprocess.py:106} INFO - 
[2026-03-28T14:55:58.597+0000] {subprocess.py:106} INFO - [0m14:55:58  [31m1 check failed:[0m
[2026-03-28T14:55:58.598+0000] {subprocess.py:106} INFO - [0m14:55:58  Error from git --help: Could not find command, ensure it is in the user's PATH: "git"
[2026-03-28T14:55:58.598+0000] {subprocess.py:106} INFO - 
[2026-03-28T14:56:00.866+0000] {subprocess.py:110} INFO - Command exited with return code 1
[2026-03-28T14:56:00.867+0000] {taskinstance.py:441} INFO - ::group::Post task execution logs
[2026-03-28T14:56:00.878+0000] {taskinstance.py:2905} ERROR - Task failed with exception
Traceback (most recent call last):
  File "/home/airflow/.local/lib/python3.12/site-packages/airflow/models/taskinstance.py", line 465, in _execute_task
    result = _execute_callable(context=context, **execute_callable_kwargs)
             ^^^^^^^^^^^^^^^^^^^^^^^^^^^^^^^^^^^^^^^^^^^^^^^^^^^^^^^^^^^^^
  File "/home/airflow/.local/lib/python3.12/site-packages/airflow/models/taskinstance.py", line 432, in _execute_callable
    return execute_callable(context=context, **execute_callable_kwargs)
           ^^^^^^^^^^^^^^^^^^^^^^^^^^^^^^^^^^^^^^^^^^^^^^^^^^^^^^^^^^^^
  File "/home/airflow/.local/lib/python3.12/site-packages/airflow/models/baseoperator.py", line 401, in wrapper
    return func(self, *args, **kwargs)
           ^^^^^^^^^^^^^^^^^^^^^^^^^^^
  File "/home/airflow/.local/lib/python3.12/site-packages/airflow/providers/standard/operators/bash.py", line 233, in execute
    raise AirflowException(
airflow.exceptions.AirflowException: Bash command failed. The command returned a non-zero exit code 1.
[2026-03-28T14:56:00.880+0000] {taskinstance.py:1206} INFO - Marking task as UP_FOR_RETRY. dag_id=banking_01_bronze_layer, task_id=debug, run_id=scheduled__2026-03-28T14:00:00+00:00, execution_date=20260328T140000, start_date=20260328T145556, end_date=20260328T145600
[2026-03-28T14:56:00.889+0000] {standard_task_runner.py:110} ERROR - Failed to execute job 6874 for task debug (Bash command failed. The command returned a non-zero exit code 1.; 9868)
[2026-03-28T14:56:00.903+0000] {local_task_job_runner.py:243} INFO - Task exited with return code 1
[2026-03-28T14:56:00.915+0000] {taskinstance.py:3503} INFO - 0 downstream tasks scheduled from follow-on schedule check
[2026-03-28T14:56:00.916+0000] {local_task_job_runner.py:222} INFO - ::endgroup::
