[2026-03-29T21:11:49.075+0000] {local_task_job_runner.py:120} INFO - ::group::Pre task execution logs
[2026-03-29T21:11:49.093+0000] {taskinstance.py:2076} INFO - Dependencies all met for dep_context=non-requeueable deps ti=<TaskInstance: banking_01_bronze_layer.build_bronze_trans scheduled__2026-03-29T20:30:00+00:00 [queued]>
[2026-03-29T21:11:49.096+0000] {taskinstance.py:2076} INFO - Dependencies all met for dep_context=requeueable deps ti=<TaskInstance: banking_01_bronze_layer.build_bronze_trans scheduled__2026-03-29T20:30:00+00:00 [queued]>
[2026-03-29T21:11:49.096+0000] {taskinstance.py:2306} INFO - Starting attempt 1 of 2
[2026-03-29T21:11:49.104+0000] {taskinstance.py:2330} INFO - Executing <Task(BashOperator): build_bronze_trans> on 2026-03-29 20:30:00+00:00
[2026-03-29T21:11:49.106+0000] {standard_task_runner.py:64} INFO - Started process 5088 to run task
[2026-03-29T21:11:49.107+0000] {standard_task_runner.py:90} INFO - Running: ['***', 'tasks', 'run', 'banking_01_bronze_layer', 'build_bronze_trans', 'scheduled__2026-03-29T20:30:00+00:00', '--job-id', '7332', '--raw', '--subdir', 'DAGS_FOLDER/dbt.py', '--cfg-path', '/tmp/tmpxxdb0z85']
[2026-03-29T21:11:49.108+0000] {standard_task_runner.py:91} INFO - Job 7332: Subtask build_bronze_trans
[2026-03-29T21:11:49.134+0000] {task_command.py:426} INFO - Running <TaskInstance: banking_01_bronze_layer.build_bronze_trans scheduled__2026-03-29T20:30:00+00:00 [running]> on host c990dffe13ae
[2026-03-29T21:11:49.177+0000] {taskinstance.py:2648} INFO - Exporting env vars: AIRFLOW_CTX_DAG_OWNER='risheek' AIRFLOW_CTX_DAG_ID='banking_01_bronze_layer' AIRFLOW_CTX_TASK_ID='build_bronze_trans' AIRFLOW_CTX_EXECUTION_DATE='2026-03-29T20:30:00+00:00' AIRFLOW_CTX_TRY_NUMBER='1' AIRFLOW_CTX_DAG_RUN_ID='scheduled__2026-03-29T20:30:00+00:00'
[2026-03-29T21:11:49.178+0000] {taskinstance.py:430} INFO - ::endgroup::
[2026-03-29T21:11:49.178+0000] {subprocess.py:78} INFO - Tmp dir root location: /tmp
[2026-03-29T21:11:49.179+0000] {subprocess.py:88} INFO - Running command: ['/usr/bin/bash', '-c', 'dbt build --select bronze_trans']
[2026-03-29T21:11:49.182+0000] {subprocess.py:99} INFO - Output:
[2026-03-29T21:11:50.791+0000] {subprocess.py:106} INFO - [0m21:11:50  Running with dbt=1.11.7
[2026-03-29T21:11:51.354+0000] {subprocess.py:106} INFO - [0m21:11:51  Registered adapter: snowflake=1.11.3
[2026-03-29T21:11:51.520+0000] {subprocess.py:106} INFO - [0m21:11:51  [[33mWARNING[0m]: Configuration paths exist in your dbt_project.yml file which do not apply to any resources.
[2026-03-29T21:11:51.521+0000] {subprocess.py:106} INFO - There are 1 unused configuration paths:
[2026-03-29T21:11:51.521+0000] {subprocess.py:106} INFO - - models.trans_snowf.example
[2026-03-29T21:11:51.645+0000] {subprocess.py:106} INFO - [0m21:11:51  Found 14 models, 3 sources, 522 macros
[2026-03-29T21:11:51.647+0000] {subprocess.py:106} INFO - [0m21:11:51
[2026-03-29T21:11:51.647+0000] {subprocess.py:106} INFO - [0m21:11:51  Concurrency: 1 threads (target='dev')
[2026-03-29T21:11:51.647+0000] {subprocess.py:106} INFO - [0m21:11:51
[2026-03-29T21:11:54.039+0000] {subprocess.py:106} INFO - [0m21:11:54  1 of 1 START sql incremental model PUBLIC_BRONZE.bronze_trans .................. [RUN]
[2026-03-29T21:11:56.614+0000] {subprocess.py:106} INFO - [0m21:11:56  1 of 1 OK created sql incremental model PUBLIC_BRONZE.bronze_trans ............. [[32mSUCCESS 0[0m in 2.57s]
[2026-03-29T21:11:56.851+0000] {subprocess.py:106} INFO - [0m21:11:56
[2026-03-29T21:11:56.853+0000] {subprocess.py:106} INFO - [0m21:11:56  Finished running 1 incremental model in 0 hours 0 minutes and 5.20 seconds (5.20s).
[2026-03-29T21:11:56.913+0000] {subprocess.py:106} INFO - [0m21:11:56
[2026-03-29T21:11:56.913+0000] {subprocess.py:106} INFO - [0m21:11:56  [32mCompleted successfully[0m
[2026-03-29T21:11:56.913+0000] {subprocess.py:106} INFO - [0m21:11:56
[2026-03-29T21:11:56.914+0000] {subprocess.py:106} INFO - [0m21:11:56  Done. PASS=1 WARN=0 ERROR=0 SKIP=0 NO-OP=0 TOTAL=1
[2026-03-29T21:12:01.344+0000] {subprocess.py:110} INFO - Command exited with return code 0
[2026-03-29T21:12:01.349+0000] {taskinstance.py:441} INFO - ::group::Post task execution logs
[2026-03-29T21:12:01.384+0000] {taskinstance.py:1206} INFO - Marking task as SUCCESS. dag_id=banking_01_bronze_layer, task_id=build_bronze_trans, run_id=scheduled__2026-03-29T20:30:00+00:00, execution_date=20260329T203000, start_date=20260329T211149, end_date=20260329T211201
[2026-03-29T21:12:01.397+0000] {local_task_job_runner.py:243} INFO - Task exited with return code 0
[2026-03-29T21:12:01.409+0000] {taskinstance.py:3503} INFO - 0 downstream tasks scheduled from follow-on schedule check
[2026-03-29T21:12:01.411+0000] {local_task_job_runner.py:222} INFO - ::endgroup::
