[2026-03-28T11:17:27.162+0000] {local_task_job_runner.py:120} INFO - ::group::Pre task execution logs
[2026-03-28T11:17:27.176+0000] {taskinstance.py:2076} INFO - Dependencies all met for dep_context=non-requeueable deps ti=<TaskInstance: banking_01_bronze_layer.debug scheduled__2026-03-28T10:00:00+00:00 [queued]>
[2026-03-28T11:17:27.179+0000] {taskinstance.py:2076} INFO - Dependencies all met for dep_context=requeueable deps ti=<TaskInstance: banking_01_bronze_layer.debug scheduled__2026-03-28T10:00:00+00:00 [queued]>
[2026-03-28T11:17:27.179+0000] {taskinstance.py:2306} INFO - Starting attempt 1 of 2
[2026-03-28T11:17:27.184+0000] {taskinstance.py:2330} INFO - Executing <Task(BashOperator): debug> on 2026-03-28 10:00:00+00:00
[2026-03-28T11:17:27.186+0000] {standard_task_runner.py:64} INFO - Started process 663 to run task
[2026-03-28T11:17:27.187+0000] {standard_task_runner.py:90} INFO - Running: ['***', 'tasks', 'run', 'banking_01_bronze_layer', 'debug', 'scheduled__2026-03-28T10:00:00+00:00', '--job-id', '6425', '--raw', '--subdir', 'DAGS_FOLDER/dbt.py', '--cfg-path', '/tmp/tmp1vfpfpx8']
[2026-03-28T11:17:27.188+0000] {standard_task_runner.py:91} INFO - Job 6425: Subtask debug
[2026-03-28T11:17:27.213+0000] {task_command.py:426} INFO - Running <TaskInstance: banking_01_bronze_layer.debug scheduled__2026-03-28T10:00:00+00:00 [running]> on host c990dffe13ae
[2026-03-28T11:17:27.253+0000] {taskinstance.py:2648} INFO - Exporting env vars: AIRFLOW_CTX_DAG_OWNER='risheek' AIRFLOW_CTX_DAG_ID='banking_01_bronze_layer' AIRFLOW_CTX_TASK_ID='debug' AIRFLOW_CTX_EXECUTION_DATE='2026-03-28T10:00:00+00:00' AIRFLOW_CTX_TRY_NUMBER='1' AIRFLOW_CTX_DAG_RUN_ID='scheduled__2026-03-28T10:00:00+00:00'
[2026-03-28T11:17:27.254+0000] {taskinstance.py:430} INFO - ::endgroup::
[2026-03-28T11:17:27.254+0000] {subprocess.py:78} INFO - Tmp dir root location: /tmp
[2026-03-28T11:17:27.254+0000] {subprocess.py:88} INFO - Running command: ['/usr/bin/bash', '-c', 'dbt debug --profiles-dir /opt/***/dbt/trans_snowf']
[2026-03-28T11:17:27.257+0000] {subprocess.py:99} INFO - Output:
[2026-03-28T11:17:28.403+0000] {subprocess.py:106} INFO - [0m11:17:28  Running with dbt=1.11.7
[2026-03-28T11:17:28.408+0000] {subprocess.py:106} INFO - [0m11:17:28  dbt version: 1.11.7
[2026-03-28T11:17:28.408+0000] {subprocess.py:106} INFO - [0m11:17:28  python version: 3.12.4
[2026-03-28T11:17:28.408+0000] {subprocess.py:106} INFO - [0m11:17:28  python path: /home/***/.local/bin/python
[2026-03-28T11:17:28.409+0000] {subprocess.py:106} INFO - [0m11:17:28  os info: Linux-6.12.76-linuxkit-aarch64-with-glibc2.36
[2026-03-28T11:17:28.770+0000] {subprocess.py:106} INFO - [0m11:17:28  Using profiles dir at /opt/***/dbt/trans_snowf
[2026-03-28T11:17:28.770+0000] {subprocess.py:106} INFO - [0m11:17:28  Using profiles.yml file at /opt/***/dbt/trans_snowf/profiles.yml
[2026-03-28T11:17:28.771+0000] {subprocess.py:106} INFO - [0m11:17:28  Using dbt_project.yml file at /opt/***/dbt/trans_snowf/dbt_project.yml
[2026-03-28T11:17:28.771+0000] {subprocess.py:106} INFO - [0m11:17:28  adapter type: snowflake
[2026-03-28T11:17:28.771+0000] {subprocess.py:106} INFO - [0m11:17:28  adapter version: 1.11.3
[2026-03-28T11:17:28.822+0000] {subprocess.py:106} INFO - [0m11:17:28  Configuration:
[2026-03-28T11:17:28.823+0000] {subprocess.py:106} INFO - [0m11:17:28    profiles.yml file [[32mOK found and valid[0m]
[2026-03-28T11:17:28.823+0000] {subprocess.py:106} INFO - [0m11:17:28    dbt_project.yml file [[32mOK found and valid[0m]
[2026-03-28T11:17:28.824+0000] {subprocess.py:106} INFO - [0m11:17:28  Required dependencies:
[2026-03-28T11:17:28.824+0000] {subprocess.py:106} INFO - [0m11:17:28   - git [[31mERROR[0m]
[2026-03-28T11:17:28.825+0000] {subprocess.py:106} INFO - 
[2026-03-28T11:17:28.825+0000] {subprocess.py:106} INFO - [0m11:17:28  Connection:
[2026-03-28T11:17:28.825+0000] {subprocess.py:106} INFO - [0m11:17:28    account: BBMCDSP-CT02489
[2026-03-28T11:17:28.825+0000] {subprocess.py:106} INFO - [0m11:17:28    user: user123
[2026-03-28T11:17:28.826+0000] {subprocess.py:106} INFO - [0m11:17:28    database: BANKING
[2026-03-28T11:17:28.826+0000] {subprocess.py:106} INFO - [0m11:17:28    warehouse: COMPUTE_WH
[2026-03-28T11:17:28.826+0000] {subprocess.py:106} INFO - [0m11:17:28    role: dbtadmin
[2026-03-28T11:17:28.827+0000] {subprocess.py:106} INFO - [0m11:17:28    schema: PUBLIC
[2026-03-28T11:17:28.827+0000] {subprocess.py:106} INFO - [0m11:17:28    authenticator: None
[2026-03-28T11:17:28.827+0000] {subprocess.py:106} INFO - [0m11:17:28    oauth_client_id: None
[2026-03-28T11:17:28.828+0000] {subprocess.py:106} INFO - [0m11:17:28    query_tag: None
[2026-03-28T11:17:28.828+0000] {subprocess.py:106} INFO - [0m11:17:28    client_session_keep_alive: False
[2026-03-28T11:17:28.828+0000] {subprocess.py:106} INFO - [0m11:17:28    host: None
[2026-03-28T11:17:28.829+0000] {subprocess.py:106} INFO - [0m11:17:28    port: None
[2026-03-28T11:17:28.829+0000] {subprocess.py:106} INFO - [0m11:17:28    proxy_host: None
[2026-03-28T11:17:28.829+0000] {subprocess.py:106} INFO - [0m11:17:28    proxy_port: None
[2026-03-28T11:17:28.829+0000] {subprocess.py:106} INFO - [0m11:17:28    protocol: None
[2026-03-28T11:17:28.830+0000] {subprocess.py:106} INFO - [0m11:17:28    connect_retries: 1
[2026-03-28T11:17:28.830+0000] {subprocess.py:106} INFO - [0m11:17:28    connect_timeout: None
[2026-03-28T11:17:28.830+0000] {subprocess.py:106} INFO - [0m11:17:28    retry_on_database_errors: False
[2026-03-28T11:17:28.831+0000] {subprocess.py:106} INFO - [0m11:17:28    retry_all: False
[2026-03-28T11:17:28.831+0000] {subprocess.py:106} INFO - [0m11:17:28    insecure_mode: False
[2026-03-28T11:17:28.831+0000] {subprocess.py:106} INFO - [0m11:17:28    reuse_connections: True
[2026-03-28T11:17:28.832+0000] {subprocess.py:106} INFO - [0m11:17:28    s3_stage_vpce_dns_name: None
[2026-03-28T11:17:28.832+0000] {subprocess.py:106} INFO - [0m11:17:28    platform_detection_timeout_seconds: 0.0
[2026-03-28T11:17:28.833+0000] {subprocess.py:106} INFO - [0m11:17:28  Registered adapter: snowflake=1.11.3
[2026-03-28T11:17:29.566+0000] {subprocess.py:106} INFO - [0m11:17:29    Connection test: [[32mOK connection ok[0m]
[2026-03-28T11:17:29.568+0000] {subprocess.py:106} INFO - 
[2026-03-28T11:17:29.569+0000] {subprocess.py:106} INFO - [0m11:17:29  [31m1 check failed:[0m
[2026-03-28T11:17:29.570+0000] {subprocess.py:106} INFO - [0m11:17:29  Error from git --help: Could not find command, ensure it is in the user's PATH: "git"
[2026-03-28T11:17:29.570+0000] {subprocess.py:106} INFO - 
[2026-03-28T11:17:31.594+0000] {subprocess.py:110} INFO - Command exited with return code 1
[2026-03-28T11:17:31.595+0000] {taskinstance.py:441} INFO - ::group::Post task execution logs
[2026-03-28T11:17:31.603+0000] {taskinstance.py:2905} ERROR - Task failed with exception
Traceback (most recent call last):
  File "/home/airflow/.local/lib/python3.12/site-packages/airflow/models/taskinstance.py", line 465, in _execute_task
    result = _execute_callable(context=context, **execute_callable_kwargs)
             ^^^^^^^^^^^^^^^^^^^^^^^^^^^^^^^^^^^^^^^^^^^^^^^^^^^^^^^^^^^^^
  File "/home/airflow/.local/lib/python3.12/site-packages/airflow/models/taskinstance.py", line 432, in _execute_callable
    return execute_callable(context=context, **execute_callable_kwargs)
           ^^^^^^^^^^^^^^^^^^^^^^^^^^^^^^^^^^^^^^^^^^^^^^^^^^^^^^^^^^^^
  File "/home/airflow/.local/lib/python3.12/site-packages/airflow/models/baseoperator.py", line 401, in wrapper
    return func(self, *args, **kwargs)
           ^^^^^^^^^^^^^^^^^^^^^^^^^^^
  File "/home/airflow/.local/lib/python3.12/site-packages/airflow/providers/standard/operators/bash.py", line 233, in execute
    raise AirflowException(
airflow.exceptions.AirflowException: Bash command failed. The command returned a non-zero exit code 1.
[2026-03-28T11:17:31.606+0000] {taskinstance.py:1206} INFO - Marking task as UP_FOR_RETRY. dag_id=banking_01_bronze_layer, task_id=debug, run_id=scheduled__2026-03-28T10:00:00+00:00, execution_date=20260328T100000, start_date=20260328T111727, end_date=20260328T111731
[2026-03-28T11:17:31.612+0000] {standard_task_runner.py:110} ERROR - Failed to execute job 6425 for task debug (Bash command failed. The command returned a non-zero exit code 1.; 663)
[2026-03-28T11:17:31.633+0000] {local_task_job_runner.py:243} INFO - Task exited with return code 1
[2026-03-28T11:17:31.645+0000] {taskinstance.py:3503} INFO - 0 downstream tasks scheduled from follow-on schedule check
[2026-03-28T11:17:31.646+0000] {local_task_job_runner.py:222} INFO - ::endgroup::
