[2026-03-30T06:11:14.926+0000] {local_task_job_runner.py:120} INFO - ::group::Pre task execution logs
[2026-03-30T06:11:14.940+0000] {taskinstance.py:2076} INFO - Dependencies all met for dep_context=non-requeueable deps ti=<TaskInstance: banking_01_bronze_layer.build_bronze_trans scheduled__2026-03-30T05:00:00+00:00 [queued]>
[2026-03-30T06:11:14.943+0000] {taskinstance.py:2076} INFO - Dependencies all met for dep_context=requeueable deps ti=<TaskInstance: banking_01_bronze_layer.build_bronze_trans scheduled__2026-03-30T05:00:00+00:00 [queued]>
[2026-03-30T06:11:14.944+0000] {taskinstance.py:2306} INFO - Starting attempt 2 of 2
[2026-03-30T06:11:14.949+0000] {taskinstance.py:2330} INFO - Executing <Task(BashOperator): build_bronze_trans> on 2026-03-30 05:00:00+00:00
[2026-03-30T06:11:14.951+0000] {standard_task_runner.py:64} INFO - Started process 8894 to run task
[2026-03-30T06:11:14.953+0000] {standard_task_runner.py:90} INFO - Running: ['***', 'tasks', 'run', 'banking_01_bronze_layer', 'build_bronze_trans', 'scheduled__2026-03-30T05:00:00+00:00', '--job-id', '7452', '--raw', '--subdir', 'DAGS_FOLDER/dbt.py', '--cfg-path', '/tmp/tmpn4fm5hkh']
[2026-03-30T06:11:14.954+0000] {standard_task_runner.py:91} INFO - Job 7452: Subtask build_bronze_trans
[2026-03-30T06:11:14.979+0000] {task_command.py:426} INFO - Running <TaskInstance: banking_01_bronze_layer.build_bronze_trans scheduled__2026-03-30T05:00:00+00:00 [running]> on host c990dffe13ae
[2026-03-30T06:11:15.018+0000] {taskinstance.py:2648} INFO - Exporting env vars: AIRFLOW_CTX_DAG_OWNER='risheek' AIRFLOW_CTX_DAG_ID='banking_01_bronze_layer' AIRFLOW_CTX_TASK_ID='build_bronze_trans' AIRFLOW_CTX_EXECUTION_DATE='2026-03-30T05:00:00+00:00' AIRFLOW_CTX_TRY_NUMBER='2' AIRFLOW_CTX_DAG_RUN_ID='scheduled__2026-03-30T05:00:00+00:00'
[2026-03-30T06:11:15.019+0000] {taskinstance.py:430} INFO - ::endgroup::
[2026-03-30T06:11:15.019+0000] {subprocess.py:78} INFO - Tmp dir root location: /tmp
[2026-03-30T06:11:15.020+0000] {subprocess.py:88} INFO - Running command: ['/usr/bin/bash', '-c', 'dbt build --select bronze_trans']
[2026-03-30T06:11:15.023+0000] {subprocess.py:99} INFO - Output:
[2026-03-30T06:11:16.211+0000] {subprocess.py:106} INFO - [0m06:11:16  Running with dbt=1.11.7
[2026-03-30T06:11:16.707+0000] {subprocess.py:106} INFO - [0m06:11:16  Registered adapter: snowflake=1.11.3
[2026-03-30T06:11:16.841+0000] {subprocess.py:106} INFO - [0m06:11:16  [[33mWARNING[0m]: Configuration paths exist in your dbt_project.yml file which do not apply to any resources.
[2026-03-30T06:11:16.841+0000] {subprocess.py:106} INFO - There are 1 unused configuration paths:
[2026-03-30T06:11:16.841+0000] {subprocess.py:106} INFO - - models.trans_snowf.example
[2026-03-30T06:11:16.939+0000] {subprocess.py:106} INFO - [0m06:11:16  Found 14 models, 3 sources, 522 macros
[2026-03-30T06:11:16.940+0000] {subprocess.py:106} INFO - [0m06:11:16
[2026-03-30T06:11:16.940+0000] {subprocess.py:106} INFO - [0m06:11:16  Concurrency: 1 threads (target='dev')
[2026-03-30T06:11:16.941+0000] {subprocess.py:106} INFO - [0m06:11:16
[2026-03-30T06:11:18.886+0000] {subprocess.py:106} INFO - [0m06:11:18  1 of 1 START sql incremental model PUBLIC_BRONZE.bronze_trans .................. [RUN]
[2026-03-30T06:11:21.946+0000] {subprocess.py:106} INFO - [0m06:11:21  1 of 1 OK created sql incremental model PUBLIC_BRONZE.bronze_trans ............. [[32mSUCCESS 0[0m in 3.06s]
[2026-03-30T06:11:22.178+0000] {subprocess.py:106} INFO - [0m06:11:22
[2026-03-30T06:11:22.180+0000] {subprocess.py:106} INFO - [0m06:11:22  Finished running 1 incremental model in 0 hours 0 minutes and 5.24 seconds (5.24s).
[2026-03-30T06:11:22.244+0000] {subprocess.py:106} INFO - [0m06:11:22
[2026-03-30T06:11:22.244+0000] {subprocess.py:106} INFO - [0m06:11:22  [32mCompleted successfully[0m
[2026-03-30T06:11:22.245+0000] {subprocess.py:106} INFO - [0m06:11:22
[2026-03-30T06:11:22.245+0000] {subprocess.py:106} INFO - [0m06:11:22  Done. PASS=1 WARN=0 ERROR=0 SKIP=0 NO-OP=0 TOTAL=1
[2026-03-30T06:11:23.570+0000] {subprocess.py:110} INFO - Command exited with return code 0
[2026-03-30T06:11:23.571+0000] {taskinstance.py:441} INFO - ::group::Post task execution logs
[2026-03-30T06:11:23.611+0000] {taskinstance.py:1206} INFO - Marking task as SUCCESS. dag_id=banking_01_bronze_layer, task_id=build_bronze_trans, run_id=scheduled__2026-03-30T05:00:00+00:00, execution_date=20260330T050000, start_date=20260330T061114, end_date=20260330T061123
[2026-03-30T06:11:23.630+0000] {local_task_job_runner.py:243} INFO - Task exited with return code 0
[2026-03-30T06:11:23.644+0000] {taskinstance.py:3503} INFO - 0 downstream tasks scheduled from follow-on schedule check
[2026-03-30T06:11:23.645+0000] {local_task_job_runner.py:222} INFO - ::endgroup::
