[2026-03-30T01:30:44.586+0000] {local_task_job_runner.py:120} INFO - ::group::Pre task execution logs
[2026-03-30T01:30:44.601+0000] {taskinstance.py:2076} INFO - Dependencies all met for dep_context=non-requeueable deps ti=<TaskInstance: banking_01_bronze_layer.build_bronze_acc scheduled__2026-03-30T00:30:00+00:00 [queued]>
[2026-03-30T01:30:44.604+0000] {taskinstance.py:2076} INFO - Dependencies all met for dep_context=requeueable deps ti=<TaskInstance: banking_01_bronze_layer.build_bronze_acc scheduled__2026-03-30T00:30:00+00:00 [queued]>
[2026-03-30T01:30:44.604+0000] {taskinstance.py:2306} INFO - Starting attempt 2 of 2
[2026-03-30T01:30:44.610+0000] {taskinstance.py:2330} INFO - Executing <Task(BashOperator): build_bronze_acc> on 2026-03-30 00:30:00+00:00
[2026-03-30T01:30:44.612+0000] {standard_task_runner.py:64} INFO - Started process 6682 to run task
[2026-03-30T01:30:44.614+0000] {standard_task_runner.py:90} INFO - Running: ['***', 'tasks', 'run', 'banking_01_bronze_layer', 'build_bronze_acc', 'scheduled__2026-03-30T00:30:00+00:00', '--job-id', '7392', '--raw', '--subdir', 'DAGS_FOLDER/dbt.py', '--cfg-path', '/tmp/tmpkjdrs5yy']
[2026-03-30T01:30:44.615+0000] {standard_task_runner.py:91} INFO - Job 7392: Subtask build_bronze_acc
[2026-03-30T01:30:44.640+0000] {task_command.py:426} INFO - Running <TaskInstance: banking_01_bronze_layer.build_bronze_acc scheduled__2026-03-30T00:30:00+00:00 [running]> on host c990dffe13ae
[2026-03-30T01:30:44.678+0000] {taskinstance.py:2648} INFO - Exporting env vars: AIRFLOW_CTX_DAG_OWNER='risheek' AIRFLOW_CTX_DAG_ID='banking_01_bronze_layer' AIRFLOW_CTX_TASK_ID='build_bronze_acc' AIRFLOW_CTX_EXECUTION_DATE='2026-03-30T00:30:00+00:00' AIRFLOW_CTX_TRY_NUMBER='2' AIRFLOW_CTX_DAG_RUN_ID='scheduled__2026-03-30T00:30:00+00:00'
[2026-03-30T01:30:44.679+0000] {taskinstance.py:430} INFO - ::endgroup::
[2026-03-30T01:30:44.679+0000] {subprocess.py:78} INFO - Tmp dir root location: /tmp
[2026-03-30T01:30:44.679+0000] {subprocess.py:88} INFO - Running command: ['/usr/bin/bash', '-c', 'dbt build --select bronze_acc']
[2026-03-30T01:30:44.683+0000] {subprocess.py:99} INFO - Output:
[2026-03-30T01:30:45.838+0000] {subprocess.py:106} INFO - [0m01:30:45  Running with dbt=1.11.7
[2026-03-30T01:30:46.307+0000] {subprocess.py:106} INFO - [0m01:30:46  Registered adapter: snowflake=1.11.3
[2026-03-30T01:30:46.436+0000] {subprocess.py:106} INFO - [0m01:30:46  [[33mWARNING[0m]: Configuration paths exist in your dbt_project.yml file which do not apply to any resources.
[2026-03-30T01:30:46.437+0000] {subprocess.py:106} INFO - There are 1 unused configuration paths:
[2026-03-30T01:30:46.437+0000] {subprocess.py:106} INFO - - models.trans_snowf.example
[2026-03-30T01:30:46.531+0000] {subprocess.py:106} INFO - [0m01:30:46  Found 14 models, 3 sources, 522 macros
[2026-03-30T01:30:46.532+0000] {subprocess.py:106} INFO - [0m01:30:46
[2026-03-30T01:30:46.532+0000] {subprocess.py:106} INFO - [0m01:30:46  Concurrency: 1 threads (target='dev')
[2026-03-30T01:30:46.533+0000] {subprocess.py:106} INFO - [0m01:30:46
[2026-03-30T01:30:50.251+0000] {subprocess.py:106} INFO - [0m01:30:50  1 of 1 START sql incremental model PUBLIC_BRONZE.bronze_acc .................... [RUN]
[2026-03-30T01:30:53.074+0000] {subprocess.py:106} INFO - [0m01:30:53  1 of 1 OK created sql incremental model PUBLIC_BRONZE.bronze_acc ............... [[32mSUCCESS 0[0m in 2.82s]
[2026-03-30T01:30:53.308+0000] {subprocess.py:106} INFO - [0m01:30:53
[2026-03-30T01:30:53.309+0000] {subprocess.py:106} INFO - [0m01:30:53  Finished running 1 incremental model in 0 hours 0 minutes and 6.77 seconds (6.77s).
[2026-03-30T01:30:53.352+0000] {subprocess.py:106} INFO - [0m01:30:53
[2026-03-30T01:30:53.353+0000] {subprocess.py:106} INFO - [0m01:30:53  [32mCompleted successfully[0m
[2026-03-30T01:30:53.353+0000] {subprocess.py:106} INFO - [0m01:30:53
[2026-03-30T01:30:53.353+0000] {subprocess.py:106} INFO - [0m01:30:53  Done. PASS=1 WARN=0 ERROR=0 SKIP=0 NO-OP=0 TOTAL=1
[2026-03-30T01:30:55.730+0000] {subprocess.py:110} INFO - Command exited with return code 0
[2026-03-30T01:30:55.731+0000] {taskinstance.py:441} INFO - ::group::Post task execution logs
[2026-03-30T01:30:55.763+0000] {taskinstance.py:1206} INFO - Marking task as SUCCESS. dag_id=banking_01_bronze_layer, task_id=build_bronze_acc, run_id=scheduled__2026-03-30T00:30:00+00:00, execution_date=20260330T003000, start_date=20260330T013044, end_date=20260330T013055
[2026-03-30T01:30:55.786+0000] {local_task_job_runner.py:243} INFO - Task exited with return code 0
[2026-03-30T01:30:55.799+0000] {taskinstance.py:3503} INFO - 0 downstream tasks scheduled from follow-on schedule check
[2026-03-30T01:30:55.799+0000] {local_task_job_runner.py:222} INFO - ::endgroup::
