[2026-04-03T06:55:55.214+0000] {local_task_job_runner.py:120} INFO - ::group::Pre task execution logs
[2026-04-03T06:55:55.229+0000] {taskinstance.py:2076} INFO - Dependencies all met for dep_context=non-requeueable deps ti=<TaskInstance: banking_01_bronze_layer.build_bronze_trans manual__2026-04-03T06:50:04.576923+00:00 [queued]>
[2026-04-03T06:55:55.232+0000] {taskinstance.py:2076} INFO - Dependencies all met for dep_context=requeueable deps ti=<TaskInstance: banking_01_bronze_layer.build_bronze_trans manual__2026-04-03T06:50:04.576923+00:00 [queued]>
[2026-04-03T06:55:55.232+0000] {taskinstance.py:2306} INFO - Starting attempt 2 of 2
[2026-04-03T06:55:55.238+0000] {taskinstance.py:2330} INFO - Executing <Task(BashOperator): build_bronze_trans> on 2026-04-03 06:50:04.576923+00:00
[2026-04-03T06:55:55.240+0000] {standard_task_runner.py:64} INFO - Started process 1791 to run task
[2026-04-03T06:55:55.242+0000] {standard_task_runner.py:90} INFO - Running: ['***', 'tasks', 'run', 'banking_01_bronze_layer', 'build_bronze_trans', 'manual__2026-04-03T06:50:04.576923+00:00', '--job-id', '9623', '--raw', '--subdir', 'DAGS_FOLDER/dbt.py', '--cfg-path', '/tmp/tmppaoxneu9']
[2026-04-03T06:55:55.243+0000] {standard_task_runner.py:91} INFO - Job 9623: Subtask build_bronze_trans
[2026-04-03T06:55:55.267+0000] {task_command.py:426} INFO - Running <TaskInstance: banking_01_bronze_layer.build_bronze_trans manual__2026-04-03T06:50:04.576923+00:00 [running]> on host c990dffe13ae
[2026-04-03T06:55:55.310+0000] {taskinstance.py:2648} INFO - Exporting env vars: AIRFLOW_CTX_DAG_OWNER='risheek' AIRFLOW_CTX_DAG_ID='banking_01_bronze_layer' AIRFLOW_CTX_TASK_ID='build_bronze_trans' AIRFLOW_CTX_EXECUTION_DATE='2026-04-03T06:50:04.576923+00:00' AIRFLOW_CTX_TRY_NUMBER='2' AIRFLOW_CTX_DAG_RUN_ID='manual__2026-04-03T06:50:04.576923+00:00'
[2026-04-03T06:55:55.311+0000] {taskinstance.py:430} INFO - ::endgroup::
[2026-04-03T06:55:55.311+0000] {subprocess.py:78} INFO - Tmp dir root location: /tmp
[2026-04-03T06:55:55.311+0000] {subprocess.py:88} INFO - Running command: ['/usr/bin/bash', '-c', 'dbt build --select bronze_trans']
[2026-04-03T06:55:55.315+0000] {subprocess.py:99} INFO - Output:
[2026-04-03T06:55:56.608+0000] {subprocess.py:106} INFO - [0m06:55:56  Running with dbt=1.11.7
[2026-04-03T06:55:57.126+0000] {subprocess.py:106} INFO - [0m06:55:57  Registered adapter: snowflake=1.11.3
[2026-04-03T06:55:57.261+0000] {subprocess.py:106} INFO - [0m06:55:57  [[33mWARNING[0m]: Configuration paths exist in your dbt_project.yml file which do not apply to any resources.
[2026-04-03T06:55:57.262+0000] {subprocess.py:106} INFO - There are 1 unused configuration paths:
[2026-04-03T06:55:57.262+0000] {subprocess.py:106} INFO - - models.trans_snowf.example
[2026-04-03T06:55:57.355+0000] {subprocess.py:106} INFO - [0m06:55:57  Found 14 models, 3 sources, 524 macros
[2026-04-03T06:55:57.357+0000] {subprocess.py:106} INFO - [0m06:55:57
[2026-04-03T06:55:57.357+0000] {subprocess.py:106} INFO - [0m06:55:57  Concurrency: 1 threads (target='dev')
[2026-04-03T06:55:57.357+0000] {subprocess.py:106} INFO - [0m06:55:57
[2026-04-03T06:56:00.047+0000] {subprocess.py:106} INFO - [0m06:56:00  1 of 1 START sql incremental model PUBLIC_BRONZE.bronze_trans .................. [RUN]
[2026-04-03T06:56:02.840+0000] {subprocess.py:106} INFO - [0m06:56:02  1 of 1 OK created sql incremental model PUBLIC_BRONZE.bronze_trans ............. [[32mSUCCESS 0[0m in 2.79s]
[2026-04-03T06:56:03.375+0000] {subprocess.py:106} INFO - [0m06:56:03
[2026-04-03T06:56:03.377+0000] {subprocess.py:106} INFO - [0m06:56:03  Finished running 1 incremental model in 0 hours 0 minutes and 6.01 seconds (6.01s).
[2026-04-03T06:56:03.435+0000] {subprocess.py:106} INFO - [0m06:56:03
[2026-04-03T06:56:03.436+0000] {subprocess.py:106} INFO - [0m06:56:03  [32mCompleted successfully[0m
[2026-04-03T06:56:03.436+0000] {subprocess.py:106} INFO - [0m06:56:03
[2026-04-03T06:56:03.436+0000] {subprocess.py:106} INFO - [0m06:56:03  Done. PASS=1 WARN=0 ERROR=0 SKIP=0 NO-OP=0 TOTAL=1
[2026-04-03T06:56:09.350+0000] {subprocess.py:110} INFO - Command exited with return code 0
[2026-04-03T06:56:09.351+0000] {taskinstance.py:441} INFO - ::group::Post task execution logs
[2026-04-03T06:56:09.378+0000] {taskinstance.py:1206} INFO - Marking task as SUCCESS. dag_id=banking_01_bronze_layer, task_id=build_bronze_trans, run_id=manual__2026-04-03T06:50:04.576923+00:00, execution_date=20260403T065004, start_date=20260403T065555, end_date=20260403T065609
[2026-04-03T06:56:09.421+0000] {local_task_job_runner.py:243} INFO - Task exited with return code 0
[2026-04-03T06:56:09.435+0000] {taskinstance.py:3503} INFO - 0 downstream tasks scheduled from follow-on schedule check
[2026-04-03T06:56:09.436+0000] {local_task_job_runner.py:222} INFO - ::endgroup::
