[2026-03-10T10:15:59.622+0000] {local_task_job_runner.py:120} INFO - ::group::Pre task execution logs
[2026-03-10T10:15:59.649+0000] {taskinstance.py:2076} INFO - Dependencies all met for dep_context=non-requeueable deps ti=<TaskInstance: transfer_from_minio_to_snowflake.create_raw scheduled__2026-03-10T10:14:00+00:00 [queued]>
[2026-03-10T10:15:59.653+0000] {taskinstance.py:2076} INFO - Dependencies all met for dep_context=requeueable deps ti=<TaskInstance: transfer_from_minio_to_snowflake.create_raw scheduled__2026-03-10T10:14:00+00:00 [queued]>
[2026-03-10T10:15:59.654+0000] {taskinstance.py:2306} INFO - Starting attempt 1 of 3
[2026-03-10T10:15:59.662+0000] {taskinstance.py:2330} INFO - Executing <Task(SQLExecuteQueryOperator): create_raw> on 2026-03-10 10:14:00+00:00
[2026-03-10T10:15:59.676+0000] {standard_task_runner.py:90} INFO - Running: ['***', 'tasks', 'run', 'transfer_from_minio_to_snowflake', 'create_raw', 'scheduled__2026-03-10T10:14:00+00:00', '--job-id', '337', '--raw', '--subdir', 'DAGS_FOLDER/transfer.py', '--cfg-path', '/tmp/tmp4e6s9ca_']
[2026-03-10T10:15:59.680+0000] {standard_task_runner.py:91} INFO - Job 337: Subtask create_raw
[2026-03-10T10:15:59.679+0000] {logging_mixin.py:188} WARNING - /home/***/.local/lib/python3.12/site-packages/***/task/task_runner/standard_task_runner.py:62 DeprecationWarning: This process (pid=1917) is multi-threaded, use of fork() may lead to deadlocks in the child.
[2026-03-10T10:15:59.681+0000] {standard_task_runner.py:64} INFO - Started process 1929 to run task
[2026-03-10T10:15:59.753+0000] {task_command.py:426} INFO - Running <TaskInstance: transfer_from_minio_to_snowflake.create_raw scheduled__2026-03-10T10:14:00+00:00 [running]> on host a070a8ebc37d
[2026-03-10T10:16:00.292+0000] {taskinstance.py:2648} INFO - Exporting env vars: AIRFLOW_CTX_DAG_OWNER='***' AIRFLOW_CTX_DAG_ID='transfer_from_minio_to_snowflake' AIRFLOW_CTX_TASK_ID='create_raw' AIRFLOW_CTX_EXECUTION_DATE='2026-03-10T10:14:00+00:00' AIRFLOW_CTX_TRY_NUMBER='1' AIRFLOW_CTX_DAG_RUN_ID='scheduled__2026-03-10T10:14:00+00:00'
[2026-03-10T10:16:00.294+0000] {taskinstance.py:430} INFO - ::endgroup::
[2026-03-10T10:16:00.294+0000] {sql.py:282} INFO - Executing:  CREATE TABLE IF NOT EXISTS RAW (
                    raw_json VARIANT,
                    inserted_at TIMESTAMP_NTZ DEFAULT CURRENT_TIMESTAMP());
                  
[2026-03-10T10:16:00.308+0000] {base.py:84} INFO - Using connection ID 'warehouse_id' for task execution.
[2026-03-10T10:16:00.369+0000] {base.py:84} INFO - Using connection ID 'warehouse_id' for task execution.
[2026-03-10T10:16:00.424+0000] {connection.py:613} INFO - Snowflake Connector for Python Version: 4.3.0, Python Version: 3.12.4, Platform: Linux-6.12.72-linuxkit-aarch64-with-glibc2.36
[2026-03-10T10:16:00.426+0000] {connection.py:1709} INFO - Connecting to GLOBAL Snowflake domain
[2026-03-10T10:16:01.610+0000] {sql.py:495} INFO - Running statement: CREATE TABLE IF NOT EXISTS RAW (
                    raw_json VARIANT,
                    inserted_at TIMESTAMP_NTZ DEFAULT CURRENT_TIMESTAMP());, parameters: None
[2026-03-10T10:16:01.790+0000] {sql.py:504} INFO - Rows affected: 1
[2026-03-10T10:16:01.792+0000] {snowflake.py:422} INFO - Rows affected: 1
[2026-03-10T10:16:01.793+0000] {snowflake.py:423} INFO - Snowflake query id: 01c2eea8-3202-6bcd-0000-001490e6d6ed
[2026-03-10T10:16:02.265+0000] {taskinstance.py:441} INFO - ::group::Post task execution logs
[2026-03-10T10:16:02.368+0000] {taskinstance.py:1206} INFO - Marking task as SUCCESS. dag_id=transfer_from_minio_to_snowflake, task_id=create_raw, run_id=scheduled__2026-03-10T10:14:00+00:00, execution_date=20260310T101400, start_date=20260310T101559, end_date=20260310T101602
[2026-03-10T10:16:02.421+0000] {local_task_job_runner.py:243} INFO - Task exited with return code 0
[2026-03-10T10:16:02.480+0000] {taskinstance.py:3503} INFO - 1 downstream tasks scheduled from follow-on schedule check
[2026-03-10T10:16:02.481+0000] {local_task_job_runner.py:222} INFO - ::endgroup::
