[2026-03-30T16:17:46.717+0000] {local_task_job_runner.py:120} INFO - ::group::Pre task execution logs
[2026-03-30T16:17:46.733+0000] {taskinstance.py:2076} INFO - Dependencies all met for dep_context=non-requeueable deps ti=<TaskInstance: banking_01_bronze_layer.build_bronze_acc scheduled__2026-03-30T14:00:00+00:00 [queued]>
[2026-03-30T16:17:46.737+0000] {taskinstance.py:2076} INFO - Dependencies all met for dep_context=requeueable deps ti=<TaskInstance: banking_01_bronze_layer.build_bronze_acc scheduled__2026-03-30T14:00:00+00:00 [queued]>
[2026-03-30T16:17:46.737+0000] {taskinstance.py:2306} INFO - Starting attempt 2 of 2
[2026-03-30T16:17:46.743+0000] {taskinstance.py:2330} INFO - Executing <Task(BashOperator): build_bronze_acc> on 2026-03-30 14:00:00+00:00
[2026-03-30T16:17:46.746+0000] {standard_task_runner.py:64} INFO - Started process 12456 to run task
[2026-03-30T16:17:46.747+0000] {standard_task_runner.py:90} INFO - Running: ['***', 'tasks', 'run', 'banking_01_bronze_layer', 'build_bronze_acc', 'scheduled__2026-03-30T14:00:00+00:00', '--job-id', '8094', '--raw', '--subdir', 'DAGS_FOLDER/dbt.py', '--cfg-path', '/tmp/tmpaxo1h6il']
[2026-03-30T16:17:46.749+0000] {standard_task_runner.py:91} INFO - Job 8094: Subtask build_bronze_acc
[2026-03-30T16:17:46.783+0000] {task_command.py:426} INFO - Running <TaskInstance: banking_01_bronze_layer.build_bronze_acc scheduled__2026-03-30T14:00:00+00:00 [running]> on host c990dffe13ae
[2026-03-30T16:17:46.839+0000] {taskinstance.py:2648} INFO - Exporting env vars: AIRFLOW_CTX_DAG_OWNER='risheek' AIRFLOW_CTX_DAG_ID='banking_01_bronze_layer' AIRFLOW_CTX_TASK_ID='build_bronze_acc' AIRFLOW_CTX_EXECUTION_DATE='2026-03-30T14:00:00+00:00' AIRFLOW_CTX_TRY_NUMBER='2' AIRFLOW_CTX_DAG_RUN_ID='scheduled__2026-03-30T14:00:00+00:00'
[2026-03-30T16:17:46.840+0000] {taskinstance.py:430} INFO - ::endgroup::
[2026-03-30T16:17:46.840+0000] {subprocess.py:78} INFO - Tmp dir root location: /tmp
[2026-03-30T16:17:46.841+0000] {subprocess.py:88} INFO - Running command: ['/usr/bin/bash', '-c', 'dbt build --select bronze_acc']
[2026-03-30T16:17:46.845+0000] {subprocess.py:99} INFO - Output:
[2026-03-30T16:17:48.198+0000] {subprocess.py:106} INFO - [0m16:17:48  Running with dbt=1.11.7
[2026-03-30T16:17:48.755+0000] {subprocess.py:106} INFO - [0m16:17:48  Registered adapter: snowflake=1.11.3
[2026-03-30T16:17:48.906+0000] {subprocess.py:106} INFO - [0m16:17:48  [[33mWARNING[0m]: Configuration paths exist in your dbt_project.yml file which do not apply to any resources.
[2026-03-30T16:17:48.907+0000] {subprocess.py:106} INFO - There are 1 unused configuration paths:
[2026-03-30T16:17:48.910+0000] {subprocess.py:106} INFO - - models.trans_snowf.example
[2026-03-30T16:17:49.006+0000] {subprocess.py:106} INFO - [0m16:17:49  Found 14 models, 3 sources, 522 macros
[2026-03-30T16:17:49.007+0000] {subprocess.py:106} INFO - [0m16:17:49
[2026-03-30T16:17:49.008+0000] {subprocess.py:106} INFO - [0m16:17:49  Concurrency: 1 threads (target='dev')
[2026-03-30T16:17:49.008+0000] {subprocess.py:106} INFO - [0m16:17:49
[2026-03-30T16:17:51.343+0000] {subprocess.py:106} INFO - [0m16:17:51  1 of 1 START sql incremental model PUBLIC_BRONZE.bronze_acc .................... [RUN]
[2026-03-30T16:17:54.009+0000] {subprocess.py:106} INFO - [0m16:17:54  1 of 1 ERROR creating sql incremental model PUBLIC_BRONZE.bronze_acc ........... [[31mERROR[0m in 2.66s]
[2026-03-30T16:17:54.487+0000] {subprocess.py:106} INFO - [0m16:17:54
[2026-03-30T16:17:54.489+0000] {subprocess.py:106} INFO - [0m16:17:54  Finished running 1 incremental model in 0 hours 0 minutes and 5.48 seconds (5.48s).
[2026-03-30T16:17:54.554+0000] {subprocess.py:106} INFO - [0m16:17:54
[2026-03-30T16:17:54.554+0000] {subprocess.py:106} INFO - [0m16:17:54  [31mCompleted with 1 error, 0 partial successes, and 0 warnings:[0m
[2026-03-30T16:17:54.555+0000] {subprocess.py:106} INFO - [0m16:17:54
[2026-03-30T16:17:54.556+0000] {subprocess.py:106} INFO - [0m16:17:54  [31mFailure in model bronze_acc (models/staging/bronze_acc.sql)[0m
[2026-03-30T16:17:54.556+0000] {subprocess.py:106} INFO - [0m16:17:54    Database Error in model bronze_acc (models/staging/bronze_acc.sql)
[2026-03-30T16:17:54.557+0000] {subprocess.py:106} INFO -   100038 (22018): Numeric value 'DYmd' is not recognized
[2026-03-30T16:17:54.557+0000] {subprocess.py:106} INFO -   compiled code at target/run/trans_snowf/models/staging/bronze_acc.sql
[2026-03-30T16:17:54.557+0000] {subprocess.py:106} INFO - [0m16:17:54
[2026-03-30T16:17:54.558+0000] {subprocess.py:106} INFO - [0m16:17:54    compiled code at target/compiled/trans_snowf/models/staging/bronze_acc.sql
[2026-03-30T16:17:54.558+0000] {subprocess.py:106} INFO - [0m16:17:54
[2026-03-30T16:17:54.558+0000] {subprocess.py:106} INFO - [0m16:17:54  Done. PASS=0 WARN=0 ERROR=1 SKIP=0 NO-OP=0 TOTAL=1
[2026-03-30T16:17:57.877+0000] {subprocess.py:110} INFO - Command exited with return code 1
[2026-03-30T16:17:57.882+0000] {taskinstance.py:441} INFO - ::group::Post task execution logs
[2026-03-30T16:17:57.915+0000] {taskinstance.py:2905} ERROR - Task failed with exception
Traceback (most recent call last):
  File "/home/airflow/.local/lib/python3.12/site-packages/airflow/models/taskinstance.py", line 465, in _execute_task
    result = _execute_callable(context=context, **execute_callable_kwargs)
             ^^^^^^^^^^^^^^^^^^^^^^^^^^^^^^^^^^^^^^^^^^^^^^^^^^^^^^^^^^^^^
  File "/home/airflow/.local/lib/python3.12/site-packages/airflow/models/taskinstance.py", line 432, in _execute_callable
    return execute_callable(context=context, **execute_callable_kwargs)
           ^^^^^^^^^^^^^^^^^^^^^^^^^^^^^^^^^^^^^^^^^^^^^^^^^^^^^^^^^^^^
  File "/home/airflow/.local/lib/python3.12/site-packages/airflow/models/baseoperator.py", line 401, in wrapper
    return func(self, *args, **kwargs)
           ^^^^^^^^^^^^^^^^^^^^^^^^^^^
  File "/home/airflow/.local/lib/python3.12/site-packages/airflow/providers/standard/operators/bash.py", line 233, in execute
    raise AirflowException(
airflow.exceptions.AirflowException: Bash command failed. The command returned a non-zero exit code 1.
[2026-03-30T16:17:57.921+0000] {taskinstance.py:1206} INFO - Marking task as FAILED. dag_id=banking_01_bronze_layer, task_id=build_bronze_acc, run_id=scheduled__2026-03-30T14:00:00+00:00, execution_date=20260330T140000, start_date=20260330T161746, end_date=20260330T161757
[2026-03-30T16:17:57.942+0000] {standard_task_runner.py:110} ERROR - Failed to execute job 8094 for task build_bronze_acc (Bash command failed. The command returned a non-zero exit code 1.; 12456)
[2026-03-30T16:17:57.948+0000] {local_task_job_runner.py:243} INFO - Task exited with return code 1
[2026-03-30T16:17:57.974+0000] {taskinstance.py:3503} INFO - 0 downstream tasks scheduled from follow-on schedule check
[2026-03-30T16:17:57.974+0000] {local_task_job_runner.py:222} INFO - ::endgroup::
