[2026-03-30T15:55:28.922+0000] {local_task_job_runner.py:120} INFO - ::group::Pre task execution logs
[2026-03-30T15:55:28.941+0000] {taskinstance.py:2076} INFO - Dependencies all met for dep_context=non-requeueable deps ti=<TaskInstance: banking_01_bronze_layer.build_bronze_acc scheduled__2026-03-30T14:00:00+00:00 [queued]>
[2026-03-30T15:55:28.945+0000] {taskinstance.py:2076} INFO - Dependencies all met for dep_context=requeueable deps ti=<TaskInstance: banking_01_bronze_layer.build_bronze_acc scheduled__2026-03-30T14:00:00+00:00 [queued]>
[2026-03-30T15:55:28.945+0000] {taskinstance.py:2306} INFO - Starting attempt 1 of 2
[2026-03-30T15:55:28.952+0000] {taskinstance.py:2330} INFO - Executing <Task(BashOperator): build_bronze_acc> on 2026-03-30 14:00:00+00:00
[2026-03-30T15:55:28.955+0000] {standard_task_runner.py:64} INFO - Started process 12247 to run task
[2026-03-30T15:55:28.958+0000] {standard_task_runner.py:90} INFO - Running: ['***', 'tasks', 'run', 'banking_01_bronze_layer', 'build_bronze_acc', 'scheduled__2026-03-30T14:00:00+00:00', '--job-id', '8084', '--raw', '--subdir', 'DAGS_FOLDER/dbt.py', '--cfg-path', '/tmp/tmpbozvawq_']
[2026-03-30T15:55:28.959+0000] {standard_task_runner.py:91} INFO - Job 8084: Subtask build_bronze_acc
[2026-03-30T15:55:29.006+0000] {task_command.py:426} INFO - Running <TaskInstance: banking_01_bronze_layer.build_bronze_acc scheduled__2026-03-30T14:00:00+00:00 [running]> on host c990dffe13ae
[2026-03-30T15:55:29.075+0000] {taskinstance.py:2648} INFO - Exporting env vars: AIRFLOW_CTX_DAG_OWNER='risheek' AIRFLOW_CTX_DAG_ID='banking_01_bronze_layer' AIRFLOW_CTX_TASK_ID='build_bronze_acc' AIRFLOW_CTX_EXECUTION_DATE='2026-03-30T14:00:00+00:00' AIRFLOW_CTX_TRY_NUMBER='1' AIRFLOW_CTX_DAG_RUN_ID='scheduled__2026-03-30T14:00:00+00:00'
[2026-03-30T15:55:29.076+0000] {taskinstance.py:430} INFO - ::endgroup::
[2026-03-30T15:55:29.077+0000] {subprocess.py:78} INFO - Tmp dir root location: /tmp
[2026-03-30T15:55:29.081+0000] {subprocess.py:88} INFO - Running command: ['/usr/bin/bash', '-c', 'dbt build --select bronze_acc']
[2026-03-30T15:55:29.087+0000] {subprocess.py:99} INFO - Output:
[2026-03-30T15:55:30.619+0000] {subprocess.py:106} INFO - [0m15:55:30  Running with dbt=1.11.7
[2026-03-30T15:55:31.216+0000] {subprocess.py:106} INFO - [0m15:55:31  Registered adapter: snowflake=1.11.3
[2026-03-30T15:55:31.386+0000] {subprocess.py:106} INFO - [0m15:55:31  [[33mWARNING[0m]: Configuration paths exist in your dbt_project.yml file which do not apply to any resources.
[2026-03-30T15:55:31.386+0000] {subprocess.py:106} INFO - There are 1 unused configuration paths:
[2026-03-30T15:55:31.386+0000] {subprocess.py:106} INFO - - models.trans_snowf.example
[2026-03-30T15:55:31.514+0000] {subprocess.py:106} INFO - [0m15:55:31  Found 14 models, 3 sources, 522 macros
[2026-03-30T15:55:31.516+0000] {subprocess.py:106} INFO - [0m15:55:31
[2026-03-30T15:55:31.517+0000] {subprocess.py:106} INFO - [0m15:55:31  Concurrency: 1 threads (target='dev')
[2026-03-30T15:55:31.517+0000] {subprocess.py:106} INFO - [0m15:55:31
[2026-03-30T15:55:32.280+0000] {subprocess.py:106} INFO - [0m15:55:32
[2026-03-30T15:55:32.281+0000] {subprocess.py:106} INFO - [0m15:55:32  Finished running  in 0 hours 0 minutes and 0.76 seconds (0.76s).
[2026-03-30T15:55:32.282+0000] {subprocess.py:106} INFO - [0m15:55:32  Encountered an error:
[2026-03-30T15:55:32.282+0000] {subprocess.py:106} INFO - Runtime Error
[2026-03-30T15:55:32.283+0000] {subprocess.py:106} INFO -   Database error while listing schemas in database "BANKING"
[2026-03-30T15:55:32.283+0000] {subprocess.py:106} INFO -   Database Error
[2026-03-30T15:55:32.284+0000] {subprocess.py:106} INFO -     250001 (08001): Failed to connect to DB: BBMCDSP-CT02489.snowflakecomputing.com:443. JWT token is invalid. [e24e129d-6b5b-4591-bc61-dd3abf647493]
[2026-03-30T15:55:34.316+0000] {subprocess.py:110} INFO - Command exited with return code 2
[2026-03-30T15:55:34.317+0000] {taskinstance.py:441} INFO - ::group::Post task execution logs
[2026-03-30T15:55:34.333+0000] {taskinstance.py:2905} ERROR - Task failed with exception
Traceback (most recent call last):
  File "/home/airflow/.local/lib/python3.12/site-packages/airflow/models/taskinstance.py", line 465, in _execute_task
    result = _execute_callable(context=context, **execute_callable_kwargs)
             ^^^^^^^^^^^^^^^^^^^^^^^^^^^^^^^^^^^^^^^^^^^^^^^^^^^^^^^^^^^^^
  File "/home/airflow/.local/lib/python3.12/site-packages/airflow/models/taskinstance.py", line 432, in _execute_callable
    return execute_callable(context=context, **execute_callable_kwargs)
           ^^^^^^^^^^^^^^^^^^^^^^^^^^^^^^^^^^^^^^^^^^^^^^^^^^^^^^^^^^^^
  File "/home/airflow/.local/lib/python3.12/site-packages/airflow/models/baseoperator.py", line 401, in wrapper
    return func(self, *args, **kwargs)
           ^^^^^^^^^^^^^^^^^^^^^^^^^^^
  File "/home/airflow/.local/lib/python3.12/site-packages/airflow/providers/standard/operators/bash.py", line 233, in execute
    raise AirflowException(
airflow.exceptions.AirflowException: Bash command failed. The command returned a non-zero exit code 2.
[2026-03-30T15:55:34.338+0000] {taskinstance.py:1206} INFO - Marking task as UP_FOR_RETRY. dag_id=banking_01_bronze_layer, task_id=build_bronze_acc, run_id=scheduled__2026-03-30T14:00:00+00:00, execution_date=20260330T140000, start_date=20260330T155528, end_date=20260330T155534
[2026-03-30T15:55:34.360+0000] {standard_task_runner.py:110} ERROR - Failed to execute job 8084 for task build_bronze_acc (Bash command failed. The command returned a non-zero exit code 2.; 12247)
[2026-03-30T15:55:34.377+0000] {local_task_job_runner.py:243} INFO - Task exited with return code 1
[2026-03-30T15:55:34.395+0000] {taskinstance.py:3503} INFO - 0 downstream tasks scheduled from follow-on schedule check
[2026-03-30T15:55:34.396+0000] {local_task_job_runner.py:222} INFO - ::endgroup::
