[2026-03-24T16:06:02.552+0000] {local_task_job_runner.py:120} INFO - ::group::Pre task execution logs
[2026-03-24T16:06:02.567+0000] {taskinstance.py:2076} INFO - Dependencies all met for dep_context=non-requeueable deps ti=<TaskInstance: transfer_from_minio_to_snowflake_transactions.create_raw scheduled__2026-03-24T16:05:00+00:00 [queued]>
[2026-03-24T16:06:02.570+0000] {taskinstance.py:2076} INFO - Dependencies all met for dep_context=requeueable deps ti=<TaskInstance: transfer_from_minio_to_snowflake_transactions.create_raw scheduled__2026-03-24T16:05:00+00:00 [queued]>
[2026-03-24T16:06:02.570+0000] {taskinstance.py:2306} INFO - Starting attempt 1 of 3
[2026-03-24T16:06:02.576+0000] {taskinstance.py:2330} INFO - Executing <Task(SQLExecuteQueryOperator): create_raw> on 2026-03-24 16:05:00+00:00
[2026-03-24T16:06:02.581+0000] {logging_mixin.py:188} WARNING - /home/***/.local/lib/python3.12/site-packages/***/task/task_runner/standard_task_runner.py:62 DeprecationWarning: This process (pid=3247) is multi-threaded, use of fork() may lead to deadlocks in the child.
[2026-03-24T16:06:02.582+0000] {standard_task_runner.py:64} INFO - Started process 3257 to run task
[2026-03-24T16:06:02.581+0000] {standard_task_runner.py:90} INFO - Running: ['***', 'tasks', 'run', 'transfer_from_minio_to_snowflake_transactions', 'create_raw', 'scheduled__2026-03-24T16:05:00+00:00', '--job-id', '817', '--raw', '--subdir', 'DAGS_FOLDER/transfer.py', '--cfg-path', '/tmp/tmpqncty6lj']
[2026-03-24T16:06:02.582+0000] {standard_task_runner.py:91} INFO - Job 817: Subtask create_raw
[2026-03-24T16:06:02.613+0000] {task_command.py:426} INFO - Running <TaskInstance: transfer_from_minio_to_snowflake_transactions.create_raw scheduled__2026-03-24T16:05:00+00:00 [running]> on host 6fdc51cbadaf
[2026-03-24T16:06:02.661+0000] {taskinstance.py:2648} INFO - Exporting env vars: AIRFLOW_CTX_DAG_OWNER='***' AIRFLOW_CTX_DAG_ID='transfer_from_minio_to_snowflake_transactions' AIRFLOW_CTX_TASK_ID='create_raw' AIRFLOW_CTX_EXECUTION_DATE='2026-03-24T16:05:00+00:00' AIRFLOW_CTX_TRY_NUMBER='1' AIRFLOW_CTX_DAG_RUN_ID='scheduled__2026-03-24T16:05:00+00:00'
[2026-03-24T16:06:02.661+0000] {taskinstance.py:430} INFO - ::endgroup::
[2026-03-24T16:06:02.662+0000] {sql.py:282} INFO - Executing:  CREATE TABLE IF NOT EXISTS RAW_TRANSACTIONS (
                    raw_json VARIANT,
                    inserted_at TIMESTAMP_NTZ DEFAULT CURRENT_TIMESTAMP());
                  
[2026-03-24T16:06:02.668+0000] {base.py:84} INFO - Using connection ID 'warehouse_id' for task execution.
[2026-03-24T16:06:02.701+0000] {base.py:84} INFO - Using connection ID 'warehouse_id' for task execution.
[2026-03-24T16:06:02.745+0000] {connection.py:408} INFO - Snowflake Connector for Python Version: 3.11.0, Python Version: 3.12.4, Platform: Linux-6.12.76-linuxkit-aarch64-with-glibc2.36
[2026-03-24T16:06:02.745+0000] {connection.py:1258} INFO - This connection is in OCSP Fail Open Mode. TLS Certificates would be checked for validity and revocation status. Any other Certificate Revocation related exceptions or OCSP Responder failures would be disregarded in favor of connectivity.
[2026-03-24T16:06:03.595+0000] {cursor.py:1149} INFO - Number of results in first chunk: 1
[2026-03-24T16:06:03.596+0000] {sql.py:495} INFO - Running statement: CREATE TABLE IF NOT EXISTS RAW_TRANSACTIONS (
                    raw_json VARIANT,
                    inserted_at TIMESTAMP_NTZ DEFAULT CURRENT_TIMESTAMP());, parameters: None
[2026-03-24T16:06:03.752+0000] {cursor.py:1149} INFO - Number of results in first chunk: 1
[2026-03-24T16:06:03.754+0000] {sql.py:504} INFO - Rows affected: 1
[2026-03-24T16:06:03.756+0000] {snowflake.py:422} INFO - Rows affected: 1
[2026-03-24T16:06:03.756+0000] {snowflake.py:423} INFO - Snowflake query id: 01c33ec6-3202-7cb1-0014-90e6000398ea
[2026-03-24T16:06:03.923+0000] {cursor.py:1149} INFO - Number of results in first chunk: 1
[2026-03-24T16:06:03.924+0000] {connection.py:773} INFO - closed
[2026-03-24T16:06:04.435+0000] {connection.py:779} INFO - No async queries seem to be running, deleting session
[2026-03-24T16:06:04.613+0000] {taskinstance.py:441} INFO - ::group::Post task execution logs
[2026-03-24T16:06:04.649+0000] {taskinstance.py:1206} INFO - Marking task as SUCCESS. dag_id=transfer_from_minio_to_snowflake_transactions, task_id=create_raw, run_id=scheduled__2026-03-24T16:05:00+00:00, execution_date=20260324T160500, start_date=20260324T160602, end_date=20260324T160604
[2026-03-24T16:06:04.676+0000] {local_task_job_runner.py:243} INFO - Task exited with return code 0
[2026-03-24T16:06:04.697+0000] {taskinstance.py:3503} INFO - 1 downstream tasks scheduled from follow-on schedule check
[2026-03-24T16:06:04.698+0000] {local_task_job_runner.py:222} INFO - ::endgroup::
