[2026-03-30T21:45:54.016+0000] {local_task_job_runner.py:120} INFO - ::group::Pre task execution logs
[2026-03-30T21:45:54.033+0000] {taskinstance.py:2076} INFO - Dependencies all met for dep_context=non-requeueable deps ti=<TaskInstance: banking_01_bronze_layer.build_bronze_cust scheduled__2026-03-30T20:30:00+00:00 [queued]>
[2026-03-30T21:45:54.036+0000] {taskinstance.py:2076} INFO - Dependencies all met for dep_context=requeueable deps ti=<TaskInstance: banking_01_bronze_layer.build_bronze_cust scheduled__2026-03-30T20:30:00+00:00 [queued]>
[2026-03-30T21:45:54.036+0000] {taskinstance.py:2306} INFO - Starting attempt 1 of 2
[2026-03-30T21:45:54.042+0000] {taskinstance.py:2330} INFO - Executing <Task(BashOperator): build_bronze_cust> on 2026-03-30 20:30:00+00:00
[2026-03-30T21:45:54.045+0000] {standard_task_runner.py:64} INFO - Started process 26137 to run task
[2026-03-30T21:45:54.047+0000] {standard_task_runner.py:90} INFO - Running: ['***', 'tasks', 'run', 'banking_01_bronze_layer', 'build_bronze_cust', 'scheduled__2026-03-30T20:30:00+00:00', '--job-id', '8776', '--raw', '--subdir', 'DAGS_FOLDER/dbt.py', '--cfg-path', '/tmp/tmp3zxdzson']
[2026-03-30T21:45:54.048+0000] {standard_task_runner.py:91} INFO - Job 8776: Subtask build_bronze_cust
[2026-03-30T21:45:54.081+0000] {task_command.py:426} INFO - Running <TaskInstance: banking_01_bronze_layer.build_bronze_cust scheduled__2026-03-30T20:30:00+00:00 [running]> on host c990dffe13ae
[2026-03-30T21:45:54.141+0000] {taskinstance.py:2648} INFO - Exporting env vars: AIRFLOW_CTX_DAG_OWNER='risheek' AIRFLOW_CTX_DAG_ID='banking_01_bronze_layer' AIRFLOW_CTX_TASK_ID='build_bronze_cust' AIRFLOW_CTX_EXECUTION_DATE='2026-03-30T20:30:00+00:00' AIRFLOW_CTX_TRY_NUMBER='1' AIRFLOW_CTX_DAG_RUN_ID='scheduled__2026-03-30T20:30:00+00:00'
[2026-03-30T21:45:54.143+0000] {taskinstance.py:430} INFO - ::endgroup::
[2026-03-30T21:45:54.145+0000] {subprocess.py:78} INFO - Tmp dir root location: /tmp
[2026-03-30T21:45:54.148+0000] {subprocess.py:88} INFO - Running command: ['/usr/bin/bash', '-c', 'dbt build --select bronze_cust']
[2026-03-30T21:45:54.152+0000] {subprocess.py:99} INFO - Output:
[2026-03-30T21:45:55.522+0000] {subprocess.py:106} INFO - [0m21:45:55  Running with dbt=1.11.7
[2026-03-30T21:45:56.078+0000] {subprocess.py:106} INFO - [0m21:45:56  Registered adapter: snowflake=1.11.3
[2026-03-30T21:45:56.221+0000] {subprocess.py:106} INFO - [0m21:45:56  [[33mWARNING[0m]: Configuration paths exist in your dbt_project.yml file which do not apply to any resources.
[2026-03-30T21:45:56.222+0000] {subprocess.py:106} INFO - There are 1 unused configuration paths:
[2026-03-30T21:45:56.222+0000] {subprocess.py:106} INFO - - models.trans_snowf.example
[2026-03-30T21:45:56.320+0000] {subprocess.py:106} INFO - [0m21:45:56  Found 14 models, 3 sources, 522 macros
[2026-03-30T21:45:56.321+0000] {subprocess.py:106} INFO - [0m21:45:56
[2026-03-30T21:45:56.321+0000] {subprocess.py:106} INFO - [0m21:45:56  Concurrency: 1 threads (target='dev')
[2026-03-30T21:45:56.322+0000] {subprocess.py:106} INFO - [0m21:45:56
[2026-03-30T21:45:58.409+0000] {subprocess.py:106} INFO - [0m21:45:58  1 of 1 START sql incremental model PUBLIC_BRONZE.bronze_cust ................... [RUN]
[2026-03-30T21:46:01.737+0000] {subprocess.py:106} INFO - [0m21:46:01  1 of 1 OK created sql incremental model PUBLIC_BRONZE.bronze_cust .............. [[32mSUCCESS 0[0m in 3.32s]
[2026-03-30T21:46:03.707+0000] {subprocess.py:106} INFO - [0m21:46:03
[2026-03-30T21:46:03.712+0000] {subprocess.py:106} INFO - [0m21:46:03  Finished running 1 incremental model in 0 hours 0 minutes and 7.37 seconds (7.37s).
[2026-03-30T21:46:03.780+0000] {subprocess.py:106} INFO - [0m21:46:03
[2026-03-30T21:46:03.781+0000] {subprocess.py:106} INFO - [0m21:46:03  [32mCompleted successfully[0m
[2026-03-30T21:46:03.782+0000] {subprocess.py:106} INFO - [0m21:46:03
[2026-03-30T21:46:03.784+0000] {subprocess.py:106} INFO - [0m21:46:03  Done. PASS=1 WARN=0 ERROR=0 SKIP=0 NO-OP=0 TOTAL=1
[2026-03-30T21:46:06.002+0000] {subprocess.py:110} INFO - Command exited with return code 0
[2026-03-30T21:46:06.009+0000] {taskinstance.py:441} INFO - ::group::Post task execution logs
[2026-03-30T21:46:06.107+0000] {taskinstance.py:1206} INFO - Marking task as SUCCESS. dag_id=banking_01_bronze_layer, task_id=build_bronze_cust, run_id=scheduled__2026-03-30T20:30:00+00:00, execution_date=20260330T203000, start_date=20260330T214554, end_date=20260330T214606
[2026-03-30T21:46:06.174+0000] {local_task_job_runner.py:243} INFO - Task exited with return code 0
[2026-03-30T21:46:06.211+0000] {taskinstance.py:3503} INFO - 0 downstream tasks scheduled from follow-on schedule check
[2026-03-30T21:46:06.212+0000] {local_task_job_runner.py:222} INFO - ::endgroup::
