[2026-03-30T16:42:58.278+0000] {local_task_job_runner.py:120} INFO - ::group::Pre task execution logs
[2026-03-30T16:42:58.294+0000] {taskinstance.py:2076} INFO - Dependencies all met for dep_context=non-requeueable deps ti=<TaskInstance: banking_01_bronze_layer.debug scheduled__2026-03-30T14:30:00+00:00 [queued]>
[2026-03-30T16:42:58.297+0000] {taskinstance.py:2076} INFO - Dependencies all met for dep_context=requeueable deps ti=<TaskInstance: banking_01_bronze_layer.debug scheduled__2026-03-30T14:30:00+00:00 [queued]>
[2026-03-30T16:42:58.298+0000] {taskinstance.py:2306} INFO - Starting attempt 2 of 2
[2026-03-30T16:42:58.303+0000] {taskinstance.py:2330} INFO - Executing <Task(BashOperator): debug> on 2026-03-30 14:30:00+00:00
[2026-03-30T16:42:58.306+0000] {standard_task_runner.py:64} INFO - Started process 13817 to run task
[2026-03-30T16:42:58.308+0000] {standard_task_runner.py:90} INFO - Running: ['***', 'tasks', 'run', 'banking_01_bronze_layer', 'debug', 'scheduled__2026-03-30T14:30:00+00:00', '--job-id', '8157', '--raw', '--subdir', 'DAGS_FOLDER/dbt.py', '--cfg-path', '/tmp/tmpjvqcdevg']
[2026-03-30T16:42:58.309+0000] {standard_task_runner.py:91} INFO - Job 8157: Subtask debug
[2026-03-30T16:42:58.341+0000] {task_command.py:426} INFO - Running <TaskInstance: banking_01_bronze_layer.debug scheduled__2026-03-30T14:30:00+00:00 [running]> on host c990dffe13ae
[2026-03-30T16:42:58.387+0000] {taskinstance.py:2648} INFO - Exporting env vars: AIRFLOW_CTX_DAG_OWNER='risheek' AIRFLOW_CTX_DAG_ID='banking_01_bronze_layer' AIRFLOW_CTX_TASK_ID='debug' AIRFLOW_CTX_EXECUTION_DATE='2026-03-30T14:30:00+00:00' AIRFLOW_CTX_TRY_NUMBER='2' AIRFLOW_CTX_DAG_RUN_ID='scheduled__2026-03-30T14:30:00+00:00'
[2026-03-30T16:42:58.387+0000] {taskinstance.py:430} INFO - ::endgroup::
[2026-03-30T16:42:58.388+0000] {subprocess.py:78} INFO - Tmp dir root location: /tmp
[2026-03-30T16:42:58.388+0000] {subprocess.py:88} INFO - Running command: ['/usr/bin/bash', '-c', 'dbt debug --profiles-dir /opt/***/dbt/trans_snowf']
[2026-03-30T16:42:58.392+0000] {subprocess.py:99} INFO - Output:
[2026-03-30T16:42:59.710+0000] {subprocess.py:106} INFO - [0m16:42:59  Running with dbt=1.11.7
[2026-03-30T16:42:59.717+0000] {subprocess.py:106} INFO - [0m16:42:59  dbt version: 1.11.7
[2026-03-30T16:42:59.717+0000] {subprocess.py:106} INFO - [0m16:42:59  python version: 3.12.4
[2026-03-30T16:42:59.718+0000] {subprocess.py:106} INFO - [0m16:42:59  python path: /home/***/.local/bin/python
[2026-03-30T16:42:59.718+0000] {subprocess.py:106} INFO - [0m16:42:59  os info: Linux-6.12.76-linuxkit-aarch64-with-glibc2.36
[2026-03-30T16:43:00.157+0000] {subprocess.py:106} INFO - [0m16:43:00  Using profiles dir at /opt/***/dbt/trans_snowf
[2026-03-30T16:43:00.158+0000] {subprocess.py:106} INFO - [0m16:43:00  Using profiles.yml file at /opt/***/dbt/trans_snowf/profiles.yml
[2026-03-30T16:43:00.158+0000] {subprocess.py:106} INFO - [0m16:43:00  Using dbt_project.yml file at /opt/***/dbt/trans_snowf/dbt_project.yml
[2026-03-30T16:43:00.159+0000] {subprocess.py:106} INFO - [0m16:43:00  adapter type: snowflake
[2026-03-30T16:43:00.159+0000] {subprocess.py:106} INFO - [0m16:43:00  adapter version: 1.11.3
[2026-03-30T16:43:00.213+0000] {subprocess.py:106} INFO - [0m16:43:00  Configuration:
[2026-03-30T16:43:00.213+0000] {subprocess.py:106} INFO - [0m16:43:00    profiles.yml file [[32mOK found and valid[0m]
[2026-03-30T16:43:00.214+0000] {subprocess.py:106} INFO - [0m16:43:00    dbt_project.yml file [[32mOK found and valid[0m]
[2026-03-30T16:43:00.214+0000] {subprocess.py:106} INFO - [0m16:43:00  Required dependencies:
[2026-03-30T16:43:00.215+0000] {subprocess.py:106} INFO - [0m16:43:00   - git [[31mERROR[0m]
[2026-03-30T16:43:00.215+0000] {subprocess.py:106} INFO - 
[2026-03-30T16:43:00.215+0000] {subprocess.py:106} INFO - [0m16:43:00  Connection:
[2026-03-30T16:43:00.216+0000] {subprocess.py:106} INFO - [0m16:43:00    account: BBMCDSP-CT02489
[2026-03-30T16:43:00.216+0000] {subprocess.py:106} INFO - [0m16:43:00    user: user123
[2026-03-30T16:43:00.216+0000] {subprocess.py:106} INFO - [0m16:43:00    database: BANKING
[2026-03-30T16:43:00.217+0000] {subprocess.py:106} INFO - [0m16:43:00    warehouse: COMPUTE_WH
[2026-03-30T16:43:00.217+0000] {subprocess.py:106} INFO - [0m16:43:00    role: dbtadmin
[2026-03-30T16:43:00.217+0000] {subprocess.py:106} INFO - [0m16:43:00    schema: PUBLIC
[2026-03-30T16:43:00.218+0000] {subprocess.py:106} INFO - [0m16:43:00    authenticator: None
[2026-03-30T16:43:00.218+0000] {subprocess.py:106} INFO - [0m16:43:00    oauth_client_id: None
[2026-03-30T16:43:00.218+0000] {subprocess.py:106} INFO - [0m16:43:00    query_tag: None
[2026-03-30T16:43:00.219+0000] {subprocess.py:106} INFO - [0m16:43:00    client_session_keep_alive: False
[2026-03-30T16:43:00.219+0000] {subprocess.py:106} INFO - [0m16:43:00    host: None
[2026-03-30T16:43:00.219+0000] {subprocess.py:106} INFO - [0m16:43:00    port: None
[2026-03-30T16:43:00.220+0000] {subprocess.py:106} INFO - [0m16:43:00    proxy_host: None
[2026-03-30T16:43:00.220+0000] {subprocess.py:106} INFO - [0m16:43:00    proxy_port: None
[2026-03-30T16:43:00.220+0000] {subprocess.py:106} INFO - [0m16:43:00    protocol: None
[2026-03-30T16:43:00.221+0000] {subprocess.py:106} INFO - [0m16:43:00    connect_retries: 1
[2026-03-30T16:43:00.221+0000] {subprocess.py:106} INFO - [0m16:43:00    connect_timeout: None
[2026-03-30T16:43:00.221+0000] {subprocess.py:106} INFO - [0m16:43:00    retry_on_database_errors: False
[2026-03-30T16:43:00.221+0000] {subprocess.py:106} INFO - [0m16:43:00    retry_all: False
[2026-03-30T16:43:00.222+0000] {subprocess.py:106} INFO - [0m16:43:00    insecure_mode: False
[2026-03-30T16:43:00.222+0000] {subprocess.py:106} INFO - [0m16:43:00    reuse_connections: True
[2026-03-30T16:43:00.222+0000] {subprocess.py:106} INFO - [0m16:43:00    s3_stage_vpce_dns_name: None
[2026-03-30T16:43:00.223+0000] {subprocess.py:106} INFO - [0m16:43:00    platform_detection_timeout_seconds: 0.0
[2026-03-30T16:43:00.223+0000] {subprocess.py:106} INFO - [0m16:43:00  Registered adapter: snowflake=1.11.3
[2026-03-30T16:43:01.245+0000] {subprocess.py:106} INFO - [0m16:43:01    Connection test: [[32mOK connection ok[0m]
[2026-03-30T16:43:01.246+0000] {subprocess.py:106} INFO - 
[2026-03-30T16:43:01.247+0000] {subprocess.py:106} INFO - [0m16:43:01  [31m1 check failed:[0m
[2026-03-30T16:43:01.248+0000] {subprocess.py:106} INFO - [0m16:43:01  Error from git --help: Could not find command, ensure it is in the user's PATH: "git"
[2026-03-30T16:43:01.249+0000] {subprocess.py:106} INFO - 
[2026-03-30T16:43:05.747+0000] {subprocess.py:110} INFO - Command exited with return code 1
[2026-03-30T16:43:05.758+0000] {taskinstance.py:441} INFO - ::group::Post task execution logs
[2026-03-30T16:43:05.782+0000] {taskinstance.py:2905} ERROR - Task failed with exception
Traceback (most recent call last):
  File "/home/airflow/.local/lib/python3.12/site-packages/airflow/models/taskinstance.py", line 465, in _execute_task
    result = _execute_callable(context=context, **execute_callable_kwargs)
             ^^^^^^^^^^^^^^^^^^^^^^^^^^^^^^^^^^^^^^^^^^^^^^^^^^^^^^^^^^^^^
  File "/home/airflow/.local/lib/python3.12/site-packages/airflow/models/taskinstance.py", line 432, in _execute_callable
    return execute_callable(context=context, **execute_callable_kwargs)
           ^^^^^^^^^^^^^^^^^^^^^^^^^^^^^^^^^^^^^^^^^^^^^^^^^^^^^^^^^^^^
  File "/home/airflow/.local/lib/python3.12/site-packages/airflow/models/baseoperator.py", line 401, in wrapper
    return func(self, *args, **kwargs)
           ^^^^^^^^^^^^^^^^^^^^^^^^^^^
  File "/home/airflow/.local/lib/python3.12/site-packages/airflow/providers/standard/operators/bash.py", line 233, in execute
    raise AirflowException(
airflow.exceptions.AirflowException: Bash command failed. The command returned a non-zero exit code 1.
[2026-03-30T16:43:05.789+0000] {taskinstance.py:1206} INFO - Marking task as FAILED. dag_id=banking_01_bronze_layer, task_id=debug, run_id=scheduled__2026-03-30T14:30:00+00:00, execution_date=20260330T143000, start_date=20260330T164258, end_date=20260330T164305
[2026-03-30T16:43:05.811+0000] {standard_task_runner.py:110} ERROR - Failed to execute job 8157 for task debug (Bash command failed. The command returned a non-zero exit code 1.; 13817)
[2026-03-30T16:43:05.851+0000] {local_task_job_runner.py:243} INFO - Task exited with return code 1
[2026-03-30T16:43:05.870+0000] {taskinstance.py:3503} INFO - 0 downstream tasks scheduled from follow-on schedule check
[2026-03-30T16:43:05.872+0000] {local_task_job_runner.py:222} INFO - ::endgroup::
