[2026-03-27T10:42:33.592+0000] {local_task_job_runner.py:120} INFO - ::group::Pre task execution logs
[2026-03-27T10:42:33.606+0000] {taskinstance.py:2076} INFO - Dependencies all met for dep_context=non-requeueable deps ti=<TaskInstance: banking_01_bronze_layer.debug scheduled__2026-03-27T10:00:00+00:00 [queued]>
[2026-03-27T10:42:33.609+0000] {taskinstance.py:2076} INFO - Dependencies all met for dep_context=requeueable deps ti=<TaskInstance: banking_01_bronze_layer.debug scheduled__2026-03-27T10:00:00+00:00 [queued]>
[2026-03-27T10:42:33.609+0000] {taskinstance.py:2306} INFO - Starting attempt 1 of 2
[2026-03-27T10:42:33.615+0000] {taskinstance.py:2330} INFO - Executing <Task(BashOperator): debug> on 2026-03-27 10:00:00+00:00
[2026-03-27T10:42:33.617+0000] {standard_task_runner.py:64} INFO - Started process 24681 to run task
[2026-03-27T10:42:33.618+0000] {standard_task_runner.py:90} INFO - Running: ['***', 'tasks', 'run', 'banking_01_bronze_layer', 'debug', 'scheduled__2026-03-27T10:00:00+00:00', '--job-id', '4737', '--raw', '--subdir', 'DAGS_FOLDER/dbt.py', '--cfg-path', '/tmp/tmpw3e1e22m']
[2026-03-27T10:42:33.619+0000] {standard_task_runner.py:91} INFO - Job 4737: Subtask debug
[2026-03-27T10:42:33.644+0000] {task_command.py:426} INFO - Running <TaskInstance: banking_01_bronze_layer.debug scheduled__2026-03-27T10:00:00+00:00 [running]> on host c990dffe13ae
[2026-03-27T10:42:33.686+0000] {taskinstance.py:2648} INFO - Exporting env vars: AIRFLOW_CTX_DAG_OWNER='risheek' AIRFLOW_CTX_DAG_ID='banking_01_bronze_layer' AIRFLOW_CTX_TASK_ID='debug' AIRFLOW_CTX_EXECUTION_DATE='2026-03-27T10:00:00+00:00' AIRFLOW_CTX_TRY_NUMBER='1' AIRFLOW_CTX_DAG_RUN_ID='scheduled__2026-03-27T10:00:00+00:00'
[2026-03-27T10:42:33.686+0000] {taskinstance.py:430} INFO - ::endgroup::
[2026-03-27T10:42:33.687+0000] {subprocess.py:78} INFO - Tmp dir root location: /tmp
[2026-03-27T10:42:33.687+0000] {subprocess.py:88} INFO - Running command: ['/usr/bin/bash', '-c', 'dbt debug --profiles-dir /opt/***/dbt/trans_snowf']
[2026-03-27T10:42:33.690+0000] {subprocess.py:99} INFO - Output:
[2026-03-27T10:42:34.874+0000] {subprocess.py:106} INFO - [0m10:42:34  Running with dbt=1.11.7
[2026-03-27T10:42:34.881+0000] {subprocess.py:106} INFO - [0m10:42:34  dbt version: 1.11.7
[2026-03-27T10:42:34.881+0000] {subprocess.py:106} INFO - [0m10:42:34  python version: 3.12.4
[2026-03-27T10:42:34.881+0000] {subprocess.py:106} INFO - [0m10:42:34  python path: /home/***/.local/bin/python
[2026-03-27T10:42:34.881+0000] {subprocess.py:106} INFO - [0m10:42:34  os info: Linux-6.12.76-linuxkit-aarch64-with-glibc2.36
[2026-03-27T10:42:35.271+0000] {subprocess.py:106} INFO - [0m10:42:35  Using profiles dir at /opt/***/dbt/trans_snowf
[2026-03-27T10:42:35.271+0000] {subprocess.py:106} INFO - [0m10:42:35  Using profiles.yml file at /opt/***/dbt/trans_snowf/profiles.yml
[2026-03-27T10:42:35.272+0000] {subprocess.py:106} INFO - [0m10:42:35  Using dbt_project.yml file at /opt/***/dbt/trans_snowf/dbt_project.yml
[2026-03-27T10:42:35.272+0000] {subprocess.py:106} INFO - [0m10:42:35  adapter type: snowflake
[2026-03-27T10:42:35.272+0000] {subprocess.py:106} INFO - [0m10:42:35  adapter version: 1.11.3
[2026-03-27T10:42:35.323+0000] {subprocess.py:106} INFO - [0m10:42:35  Configuration:
[2026-03-27T10:42:35.323+0000] {subprocess.py:106} INFO - [0m10:42:35    profiles.yml file [[32mOK found and valid[0m]
[2026-03-27T10:42:35.323+0000] {subprocess.py:106} INFO - [0m10:42:35    dbt_project.yml file [[32mOK found and valid[0m]
[2026-03-27T10:42:35.324+0000] {subprocess.py:106} INFO - [0m10:42:35  Required dependencies:
[2026-03-27T10:42:35.325+0000] {subprocess.py:106} INFO - [0m10:42:35   - git [[31mERROR[0m]
[2026-03-27T10:42:35.325+0000] {subprocess.py:106} INFO - 
[2026-03-27T10:42:35.325+0000] {subprocess.py:106} INFO - [0m10:42:35  Connection:
[2026-03-27T10:42:35.325+0000] {subprocess.py:106} INFO - [0m10:42:35    account: BBMCDSP-CT02489
[2026-03-27T10:42:35.326+0000] {subprocess.py:106} INFO - [0m10:42:35    user: user123
[2026-03-27T10:42:35.326+0000] {subprocess.py:106} INFO - [0m10:42:35    database: BANKING
[2026-03-27T10:42:35.327+0000] {subprocess.py:106} INFO - [0m10:42:35    warehouse: COMPUTE_WH
[2026-03-27T10:42:35.328+0000] {subprocess.py:106} INFO - [0m10:42:35    role: dbtadmin
[2026-03-27T10:42:35.328+0000] {subprocess.py:106} INFO - [0m10:42:35    schema: PUBLIC
[2026-03-27T10:42:35.328+0000] {subprocess.py:106} INFO - [0m10:42:35    authenticator: None
[2026-03-27T10:42:35.328+0000] {subprocess.py:106} INFO - [0m10:42:35    oauth_client_id: None
[2026-03-27T10:42:35.329+0000] {subprocess.py:106} INFO - [0m10:42:35    query_tag: None
[2026-03-27T10:42:35.329+0000] {subprocess.py:106} INFO - [0m10:42:35    client_session_keep_alive: False
[2026-03-27T10:42:35.329+0000] {subprocess.py:106} INFO - [0m10:42:35    host: None
[2026-03-27T10:42:35.330+0000] {subprocess.py:106} INFO - [0m10:42:35    port: None
[2026-03-27T10:42:35.330+0000] {subprocess.py:106} INFO - [0m10:42:35    proxy_host: None
[2026-03-27T10:42:35.330+0000] {subprocess.py:106} INFO - [0m10:42:35    proxy_port: None
[2026-03-27T10:42:35.331+0000] {subprocess.py:106} INFO - [0m10:42:35    protocol: None
[2026-03-27T10:42:35.331+0000] {subprocess.py:106} INFO - [0m10:42:35    connect_retries: 1
[2026-03-27T10:42:35.331+0000] {subprocess.py:106} INFO - [0m10:42:35    connect_timeout: None
[2026-03-27T10:42:35.331+0000] {subprocess.py:106} INFO - [0m10:42:35    retry_on_database_errors: False
[2026-03-27T10:42:35.332+0000] {subprocess.py:106} INFO - [0m10:42:35    retry_all: False
[2026-03-27T10:42:35.332+0000] {subprocess.py:106} INFO - [0m10:42:35    insecure_mode: False
[2026-03-27T10:42:35.332+0000] {subprocess.py:106} INFO - [0m10:42:35    reuse_connections: True
[2026-03-27T10:42:35.333+0000] {subprocess.py:106} INFO - [0m10:42:35    s3_stage_vpce_dns_name: None
[2026-03-27T10:42:35.333+0000] {subprocess.py:106} INFO - [0m10:42:35    platform_detection_timeout_seconds: 0.0
[2026-03-27T10:42:35.333+0000] {subprocess.py:106} INFO - [0m10:42:35  Registered adapter: snowflake=1.11.3
[2026-03-27T10:42:36.229+0000] {subprocess.py:106} INFO - [0m10:42:36    Connection test: [[32mOK connection ok[0m]
[2026-03-27T10:42:36.230+0000] {subprocess.py:106} INFO - 
[2026-03-27T10:42:36.231+0000] {subprocess.py:106} INFO - [0m10:42:36  [31m1 check failed:[0m
[2026-03-27T10:42:36.231+0000] {subprocess.py:106} INFO - [0m10:42:36  Error from git --help: Could not find command, ensure it is in the user's PATH: "git"
[2026-03-27T10:42:36.232+0000] {subprocess.py:106} INFO - 
[2026-03-27T10:42:37.938+0000] {subprocess.py:110} INFO - Command exited with return code 1
[2026-03-27T10:42:37.939+0000] {taskinstance.py:441} INFO - ::group::Post task execution logs
[2026-03-27T10:42:37.946+0000] {taskinstance.py:2905} ERROR - Task failed with exception
Traceback (most recent call last):
  File "/home/airflow/.local/lib/python3.12/site-packages/airflow/models/taskinstance.py", line 465, in _execute_task
    result = _execute_callable(context=context, **execute_callable_kwargs)
             ^^^^^^^^^^^^^^^^^^^^^^^^^^^^^^^^^^^^^^^^^^^^^^^^^^^^^^^^^^^^^
  File "/home/airflow/.local/lib/python3.12/site-packages/airflow/models/taskinstance.py", line 432, in _execute_callable
    return execute_callable(context=context, **execute_callable_kwargs)
           ^^^^^^^^^^^^^^^^^^^^^^^^^^^^^^^^^^^^^^^^^^^^^^^^^^^^^^^^^^^^
  File "/home/airflow/.local/lib/python3.12/site-packages/airflow/models/baseoperator.py", line 401, in wrapper
    return func(self, *args, **kwargs)
           ^^^^^^^^^^^^^^^^^^^^^^^^^^^
  File "/home/airflow/.local/lib/python3.12/site-packages/airflow/providers/standard/operators/bash.py", line 233, in execute
    raise AirflowException(
airflow.exceptions.AirflowException: Bash command failed. The command returned a non-zero exit code 1.
[2026-03-27T10:42:37.949+0000] {taskinstance.py:1206} INFO - Marking task as UP_FOR_RETRY. dag_id=banking_01_bronze_layer, task_id=debug, run_id=scheduled__2026-03-27T10:00:00+00:00, execution_date=20260327T100000, start_date=20260327T104233, end_date=20260327T104237
[2026-03-27T10:42:37.955+0000] {standard_task_runner.py:110} ERROR - Failed to execute job 4737 for task debug (Bash command failed. The command returned a non-zero exit code 1.; 24681)
[2026-03-27T10:42:37.961+0000] {local_task_job_runner.py:243} INFO - Task exited with return code 1
[2026-03-27T10:42:37.971+0000] {taskinstance.py:3503} INFO - 0 downstream tasks scheduled from follow-on schedule check
[2026-03-27T10:42:37.972+0000] {local_task_job_runner.py:222} INFO - ::endgroup::
