[2026-03-30T22:02:28.341+0000] {local_task_job_runner.py:120} INFO - ::group::Pre task execution logs
[2026-03-30T22:02:28.360+0000] {taskinstance.py:2076} INFO - Dependencies all met for dep_context=non-requeueable deps ti=<TaskInstance: banking_01_bronze_layer.compile scheduled__2026-03-30T21:30:00+00:00 [queued]>
[2026-03-30T22:02:28.364+0000] {taskinstance.py:2076} INFO - Dependencies all met for dep_context=requeueable deps ti=<TaskInstance: banking_01_bronze_layer.compile scheduled__2026-03-30T21:30:00+00:00 [queued]>
[2026-03-30T22:02:28.365+0000] {taskinstance.py:2306} INFO - Starting attempt 1 of 2
[2026-03-30T22:02:28.372+0000] {taskinstance.py:2330} INFO - Executing <Task(BashOperator): compile> on 2026-03-30 21:30:00+00:00
[2026-03-30T22:02:28.376+0000] {standard_task_runner.py:64} INFO - Started process 28421 to run task
[2026-03-30T22:02:28.378+0000] {standard_task_runner.py:90} INFO - Running: ['***', 'tasks', 'run', 'banking_01_bronze_layer', 'compile', 'scheduled__2026-03-30T21:30:00+00:00', '--job-id', '8885', '--raw', '--subdir', 'DAGS_FOLDER/dbt.py', '--cfg-path', '/tmp/tmpalc47f6_']
[2026-03-30T22:02:28.380+0000] {standard_task_runner.py:91} INFO - Job 8885: Subtask compile
[2026-03-30T22:02:28.446+0000] {task_command.py:426} INFO - Running <TaskInstance: banking_01_bronze_layer.compile scheduled__2026-03-30T21:30:00+00:00 [running]> on host c990dffe13ae
[2026-03-30T22:02:28.572+0000] {taskinstance.py:2648} INFO - Exporting env vars: AIRFLOW_CTX_DAG_OWNER='risheek' AIRFLOW_CTX_DAG_ID='banking_01_bronze_layer' AIRFLOW_CTX_TASK_ID='compile' AIRFLOW_CTX_EXECUTION_DATE='2026-03-30T21:30:00+00:00' AIRFLOW_CTX_TRY_NUMBER='1' AIRFLOW_CTX_DAG_RUN_ID='scheduled__2026-03-30T21:30:00+00:00'
[2026-03-30T22:02:28.573+0000] {taskinstance.py:430} INFO - ::endgroup::
[2026-03-30T22:02:28.573+0000] {subprocess.py:78} INFO - Tmp dir root location: /tmp
[2026-03-30T22:02:28.574+0000] {subprocess.py:88} INFO - Running command: ['/usr/bin/bash', '-c', 'dbt compile --profiles-dir /opt/***/dbt/trans_snowf']
[2026-03-30T22:02:28.581+0000] {subprocess.py:99} INFO - Output:
[2026-03-30T22:02:30.118+0000] {subprocess.py:106} INFO - [0m22:02:30  Running with dbt=1.11.7
[2026-03-30T22:02:30.694+0000] {subprocess.py:106} INFO - [0m22:02:30  Registered adapter: snowflake=1.11.3
[2026-03-30T22:02:30.836+0000] {subprocess.py:106} INFO - [0m22:02:30  [[33mWARNING[0m]: Configuration paths exist in your dbt_project.yml file which do not apply to any resources.
[2026-03-30T22:02:30.836+0000] {subprocess.py:106} INFO - There are 1 unused configuration paths:
[2026-03-30T22:02:30.836+0000] {subprocess.py:106} INFO - - models.trans_snowf.example
[2026-03-30T22:02:30.929+0000] {subprocess.py:106} INFO - [0m22:02:30  Found 14 models, 3 sources, 522 macros
[2026-03-30T22:02:30.931+0000] {subprocess.py:106} INFO - [0m22:02:30
[2026-03-30T22:02:30.932+0000] {subprocess.py:106} INFO - [0m22:02:30  Concurrency: 1 threads (target='dev')
[2026-03-30T22:02:30.932+0000] {subprocess.py:106} INFO - [0m22:02:30
[2026-03-30T22:02:34.995+0000] {subprocess.py:110} INFO - Command exited with return code 0
[2026-03-30T22:02:34.999+0000] {taskinstance.py:441} INFO - ::group::Post task execution logs
[2026-03-30T22:02:35.053+0000] {taskinstance.py:1206} INFO - Marking task as SUCCESS. dag_id=banking_01_bronze_layer, task_id=compile, run_id=scheduled__2026-03-30T21:30:00+00:00, execution_date=20260330T213000, start_date=20260330T220228, end_date=20260330T220235
[2026-03-30T22:02:35.095+0000] {local_task_job_runner.py:243} INFO - Task exited with return code 0
[2026-03-30T22:02:35.112+0000] {taskinstance.py:3503} INFO - 0 downstream tasks scheduled from follow-on schedule check
[2026-03-30T22:02:35.113+0000] {local_task_job_runner.py:222} INFO - ::endgroup::
