[2026-03-29T23:00:32.914+0000] {local_task_job_runner.py:120} INFO - ::group::Pre task execution logs
[2026-03-29T23:00:32.930+0000] {taskinstance.py:2076} INFO - Dependencies all met for dep_context=non-requeueable deps ti=<TaskInstance: banking_01_bronze_layer.debug scheduled__2026-03-29T22:00:00+00:00 [queued]>
[2026-03-29T23:00:32.933+0000] {taskinstance.py:2076} INFO - Dependencies all met for dep_context=requeueable deps ti=<TaskInstance: banking_01_bronze_layer.debug scheduled__2026-03-29T22:00:00+00:00 [queued]>
[2026-03-29T23:00:32.934+0000] {taskinstance.py:2306} INFO - Starting attempt 2 of 2
[2026-03-29T23:00:32.940+0000] {taskinstance.py:2330} INFO - Executing <Task(BashOperator): debug> on 2026-03-29 22:00:00+00:00
[2026-03-29T23:00:32.942+0000] {standard_task_runner.py:64} INFO - Started process 5762 to run task
[2026-03-29T23:00:32.944+0000] {standard_task_runner.py:90} INFO - Running: ['***', 'tasks', 'run', 'banking_01_bronze_layer', 'debug', 'scheduled__2026-03-29T22:00:00+00:00', '--job-id', '7357', '--raw', '--subdir', 'DAGS_FOLDER/dbt.py', '--cfg-path', '/tmp/tmp45sd43ki']
[2026-03-29T23:00:32.945+0000] {standard_task_runner.py:91} INFO - Job 7357: Subtask debug
[2026-03-29T23:00:32.980+0000] {task_command.py:426} INFO - Running <TaskInstance: banking_01_bronze_layer.debug scheduled__2026-03-29T22:00:00+00:00 [running]> on host c990dffe13ae
[2026-03-29T23:00:33.023+0000] {taskinstance.py:2648} INFO - Exporting env vars: AIRFLOW_CTX_DAG_OWNER='risheek' AIRFLOW_CTX_DAG_ID='banking_01_bronze_layer' AIRFLOW_CTX_TASK_ID='debug' AIRFLOW_CTX_EXECUTION_DATE='2026-03-29T22:00:00+00:00' AIRFLOW_CTX_TRY_NUMBER='2' AIRFLOW_CTX_DAG_RUN_ID='scheduled__2026-03-29T22:00:00+00:00'
[2026-03-29T23:00:33.024+0000] {taskinstance.py:430} INFO - ::endgroup::
[2026-03-29T23:00:33.024+0000] {subprocess.py:78} INFO - Tmp dir root location: /tmp
[2026-03-29T23:00:33.025+0000] {subprocess.py:88} INFO - Running command: ['/usr/bin/bash', '-c', 'dbt debug --profiles-dir /opt/***/dbt/trans_snowf']
[2026-03-29T23:00:33.029+0000] {subprocess.py:99} INFO - Output:
[2026-03-29T23:15:59.279+0000] {subprocess.py:106} INFO - [0m23:15:59  Running with dbt=1.11.7
[2026-03-29T23:15:59.285+0000] {subprocess.py:106} INFO - [0m23:15:59  dbt version: 1.11.7
[2026-03-29T23:15:59.285+0000] {subprocess.py:106} INFO - [0m23:15:59  python version: 3.12.4
[2026-03-29T23:15:59.286+0000] {subprocess.py:106} INFO - [0m23:15:59  python path: /home/***/.local/bin/python
[2026-03-29T23:15:59.286+0000] {subprocess.py:106} INFO - [0m23:15:59  os info: Linux-6.12.76-linuxkit-aarch64-with-glibc2.36
[2026-03-29T23:15:59.709+0000] {subprocess.py:106} INFO - [0m23:15:59  Using profiles dir at /opt/***/dbt/trans_snowf
[2026-03-29T23:15:59.710+0000] {subprocess.py:106} INFO - [0m23:15:59  Using profiles.yml file at /opt/***/dbt/trans_snowf/profiles.yml
[2026-03-29T23:15:59.710+0000] {subprocess.py:106} INFO - [0m23:15:59  Using dbt_project.yml file at /opt/***/dbt/trans_snowf/dbt_project.yml
[2026-03-29T23:15:59.711+0000] {subprocess.py:106} INFO - [0m23:15:59  adapter type: snowflake
[2026-03-29T23:15:59.711+0000] {subprocess.py:106} INFO - [0m23:15:59  adapter version: 1.11.3
[2026-03-29T23:15:59.774+0000] {subprocess.py:106} INFO - [0m23:15:59  Configuration:
[2026-03-29T23:15:59.775+0000] {subprocess.py:106} INFO - [0m23:15:59    profiles.yml file [[32mOK found and valid[0m]
[2026-03-29T23:15:59.775+0000] {subprocess.py:106} INFO - [0m23:15:59    dbt_project.yml file [[32mOK found and valid[0m]
[2026-03-29T23:15:59.775+0000] {subprocess.py:106} INFO - [0m23:15:59  Required dependencies:
[2026-03-29T23:15:59.776+0000] {subprocess.py:106} INFO - [0m23:15:59   - git [[31mERROR[0m]
[2026-03-29T23:15:59.776+0000] {subprocess.py:106} INFO - 
[2026-03-29T23:15:59.777+0000] {subprocess.py:106} INFO - [0m23:15:59  Connection:
[2026-03-29T23:15:59.777+0000] {subprocess.py:106} INFO - [0m23:15:59    account: BBMCDSP-CT02489
[2026-03-29T23:15:59.777+0000] {subprocess.py:106} INFO - [0m23:15:59    user: user123
[2026-03-29T23:15:59.777+0000] {subprocess.py:106} INFO - [0m23:15:59    database: BANKING
[2026-03-29T23:15:59.778+0000] {subprocess.py:106} INFO - [0m23:15:59    warehouse: COMPUTE_WH
[2026-03-29T23:15:59.778+0000] {subprocess.py:106} INFO - [0m23:15:59    role: dbtadmin
[2026-03-29T23:15:59.778+0000] {subprocess.py:106} INFO - [0m23:15:59    schema: PUBLIC
[2026-03-29T23:15:59.779+0000] {subprocess.py:106} INFO - [0m23:15:59    authenticator: None
[2026-03-29T23:15:59.779+0000] {subprocess.py:106} INFO - [0m23:15:59    oauth_client_id: None
[2026-03-29T23:15:59.779+0000] {subprocess.py:106} INFO - [0m23:15:59    query_tag: None
[2026-03-29T23:15:59.779+0000] {subprocess.py:106} INFO - [0m23:15:59    client_session_keep_alive: False
[2026-03-29T23:15:59.780+0000] {subprocess.py:106} INFO - [0m23:15:59    host: None
[2026-03-29T23:15:59.780+0000] {subprocess.py:106} INFO - [0m23:15:59    port: None
[2026-03-29T23:15:59.780+0000] {subprocess.py:106} INFO - [0m23:15:59    proxy_host: None
[2026-03-29T23:15:59.780+0000] {subprocess.py:106} INFO - [0m23:15:59    proxy_port: None
[2026-03-29T23:15:59.781+0000] {subprocess.py:106} INFO - [0m23:15:59    protocol: None
[2026-03-29T23:15:59.781+0000] {subprocess.py:106} INFO - [0m23:15:59    connect_retries: 1
[2026-03-29T23:15:59.781+0000] {subprocess.py:106} INFO - [0m23:15:59    connect_timeout: None
[2026-03-29T23:15:59.782+0000] {subprocess.py:106} INFO - [0m23:15:59    retry_on_database_errors: False
[2026-03-29T23:15:59.782+0000] {subprocess.py:106} INFO - [0m23:15:59    retry_all: False
[2026-03-29T23:15:59.782+0000] {subprocess.py:106} INFO - [0m23:15:59    insecure_mode: False
[2026-03-29T23:15:59.782+0000] {subprocess.py:106} INFO - [0m23:15:59    reuse_connections: True
[2026-03-29T23:15:59.783+0000] {subprocess.py:106} INFO - [0m23:15:59    s3_stage_vpce_dns_name: None
[2026-03-29T23:15:59.783+0000] {subprocess.py:106} INFO - [0m23:15:59    platform_detection_timeout_seconds: 0.0
[2026-03-29T23:15:59.783+0000] {subprocess.py:106} INFO - [0m23:15:59  Registered adapter: snowflake=1.11.3
[2026-03-29T23:16:00.924+0000] {subprocess.py:106} INFO - [0m23:16:00    Connection test: [[32mOK connection ok[0m]
[2026-03-29T23:16:00.928+0000] {subprocess.py:106} INFO - 
[2026-03-29T23:16:00.929+0000] {subprocess.py:106} INFO - [0m23:16:00  [31m1 check failed:[0m
[2026-03-29T23:16:00.930+0000] {subprocess.py:106} INFO - [0m23:16:00  Error from git --help: Could not find command, ensure it is in the user's PATH: "git"
[2026-03-29T23:16:00.930+0000] {subprocess.py:106} INFO - 
[2026-03-29T23:16:03.063+0000] {subprocess.py:110} INFO - Command exited with return code 1
[2026-03-29T23:16:03.064+0000] {taskinstance.py:441} INFO - ::group::Post task execution logs
[2026-03-29T23:16:03.082+0000] {taskinstance.py:2905} ERROR - Task failed with exception
Traceback (most recent call last):
  File "/home/airflow/.local/lib/python3.12/site-packages/airflow/models/taskinstance.py", line 465, in _execute_task
    result = _execute_callable(context=context, **execute_callable_kwargs)
             ^^^^^^^^^^^^^^^^^^^^^^^^^^^^^^^^^^^^^^^^^^^^^^^^^^^^^^^^^^^^^
  File "/home/airflow/.local/lib/python3.12/site-packages/airflow/models/taskinstance.py", line 432, in _execute_callable
    return execute_callable(context=context, **execute_callable_kwargs)
           ^^^^^^^^^^^^^^^^^^^^^^^^^^^^^^^^^^^^^^^^^^^^^^^^^^^^^^^^^^^^
  File "/home/airflow/.local/lib/python3.12/site-packages/airflow/models/baseoperator.py", line 401, in wrapper
    return func(self, *args, **kwargs)
           ^^^^^^^^^^^^^^^^^^^^^^^^^^^
  File "/home/airflow/.local/lib/python3.12/site-packages/airflow/providers/standard/operators/bash.py", line 233, in execute
    raise AirflowException(
airflow.exceptions.AirflowException: Bash command failed. The command returned a non-zero exit code 1.
[2026-03-29T23:16:03.086+0000] {taskinstance.py:1206} INFO - Marking task as FAILED. dag_id=banking_01_bronze_layer, task_id=debug, run_id=scheduled__2026-03-29T22:00:00+00:00, execution_date=20260329T220000, start_date=20260329T230032, end_date=20260329T231603
[2026-03-29T23:16:03.097+0000] {standard_task_runner.py:110} ERROR - Failed to execute job 7357 for task debug (Bash command failed. The command returned a non-zero exit code 1.; 5762)
[2026-03-29T23:16:03.101+0000] {local_task_job_runner.py:243} INFO - Task exited with return code 1
[2026-03-29T23:16:03.114+0000] {taskinstance.py:3503} INFO - 0 downstream tasks scheduled from follow-on schedule check
[2026-03-29T23:16:03.115+0000] {local_task_job_runner.py:222} INFO - ::endgroup::
