[2026-04-04T05:33:30.573+0000] {local_task_job_runner.py:120} INFO - ::group::Pre task execution logs
[2026-04-04T05:33:30.591+0000] {taskinstance.py:2076} INFO - Dependencies all met for dep_context=non-requeueable deps ti=<TaskInstance: banking_02_aggregation_layer.build_aggregations manual__2026-04-04T05:33:28.652397+00:00 [queued]>
[2026-04-04T05:33:30.594+0000] {taskinstance.py:2076} INFO - Dependencies all met for dep_context=requeueable deps ti=<TaskInstance: banking_02_aggregation_layer.build_aggregations manual__2026-04-04T05:33:28.652397+00:00 [queued]>
[2026-04-04T05:33:30.595+0000] {taskinstance.py:2306} INFO - Starting attempt 1 of 2
[2026-04-04T05:33:30.603+0000] {taskinstance.py:2330} INFO - Executing <Task(BashOperator): build_aggregations> on 2026-04-04 05:33:28.652397+00:00
[2026-04-04T05:33:30.605+0000] {standard_task_runner.py:64} INFO - Started process 515 to run task
[2026-04-04T05:33:30.609+0000] {standard_task_runner.py:90} INFO - Running: ['***', 'tasks', 'run', 'banking_02_aggregation_layer', 'build_aggregations', 'manual__2026-04-04T05:33:28.652397+00:00', '--job-id', '9676', '--raw', '--subdir', 'DAGS_FOLDER/dbt.py', '--cfg-path', '/tmp/tmpu5vyilt3']
[2026-04-04T05:33:30.611+0000] {standard_task_runner.py:91} INFO - Job 9676: Subtask build_aggregations
[2026-04-04T05:33:30.643+0000] {task_command.py:426} INFO - Running <TaskInstance: banking_02_aggregation_layer.build_aggregations manual__2026-04-04T05:33:28.652397+00:00 [running]> on host c990dffe13ae
[2026-04-04T05:33:30.697+0000] {taskinstance.py:2648} INFO - Exporting env vars: AIRFLOW_CTX_DAG_OWNER='risheek' AIRFLOW_CTX_DAG_ID='banking_02_aggregation_layer' AIRFLOW_CTX_TASK_ID='build_aggregations' AIRFLOW_CTX_EXECUTION_DATE='2026-04-04T05:33:28.652397+00:00' AIRFLOW_CTX_TRY_NUMBER='1' AIRFLOW_CTX_DAG_RUN_ID='manual__2026-04-04T05:33:28.652397+00:00'
[2026-04-04T05:33:30.698+0000] {taskinstance.py:430} INFO - ::endgroup::
[2026-04-04T05:33:30.698+0000] {subprocess.py:78} INFO - Tmp dir root location: /tmp
[2026-04-04T05:33:30.699+0000] {subprocess.py:88} INFO - Running command: ['/usr/bin/bash', '-c', 'dbt build --select path:models/aggregations']
[2026-04-04T05:33:30.703+0000] {subprocess.py:99} INFO - Output:
[2026-04-04T05:33:32.048+0000] {subprocess.py:106} INFO - [0m05:33:32  Running with dbt=1.11.7
[2026-04-04T05:33:32.654+0000] {subprocess.py:106} INFO - [0m05:33:32  Registered adapter: snowflake=1.11.3
[2026-04-04T05:33:32.990+0000] {subprocess.py:106} INFO - [0m05:33:32  Encountered an error:
[2026-04-04T05:33:32.990+0000] {subprocess.py:106} INFO - Compilation Error
[2026-04-04T05:33:32.990+0000] {subprocess.py:106} INFO -   dbt found two sources with the name "raw_data_BRONZE_TRANS".
[2026-04-04T05:33:32.990+0000] {subprocess.py:106} INFO - 
[2026-04-04T05:33:32.991+0000] {subprocess.py:106} INFO -   Since these resources have the same name, dbt will be unable to find the correct resource
[2026-04-04T05:33:32.991+0000] {subprocess.py:106} INFO -   when looking for source("raw_data", "BRONZE_TRANS").
[2026-04-04T05:33:32.991+0000] {subprocess.py:106} INFO - 
[2026-04-04T05:33:32.991+0000] {subprocess.py:106} INFO -   To fix this, change the name of one of these resources:
[2026-04-04T05:33:32.991+0000] {subprocess.py:106} INFO -   - source.trans_snowf.raw_data.BRONZE_TRANS (models/aggregations/schema.yml)
[2026-04-04T05:33:32.991+0000] {subprocess.py:106} INFO -   - source.trans_snowf.raw_data.BRONZE_TRANS (models/middle_child/schema.yml)
[2026-04-04T05:33:34.627+0000] {subprocess.py:110} INFO - Command exited with return code 2
[2026-04-04T05:33:34.633+0000] {taskinstance.py:441} INFO - ::group::Post task execution logs
[2026-04-04T05:33:34.651+0000] {taskinstance.py:2905} ERROR - Task failed with exception
Traceback (most recent call last):
  File "/home/airflow/.local/lib/python3.12/site-packages/airflow/models/taskinstance.py", line 465, in _execute_task
    result = _execute_callable(context=context, **execute_callable_kwargs)
             ^^^^^^^^^^^^^^^^^^^^^^^^^^^^^^^^^^^^^^^^^^^^^^^^^^^^^^^^^^^^^
  File "/home/airflow/.local/lib/python3.12/site-packages/airflow/models/taskinstance.py", line 432, in _execute_callable
    return execute_callable(context=context, **execute_callable_kwargs)
           ^^^^^^^^^^^^^^^^^^^^^^^^^^^^^^^^^^^^^^^^^^^^^^^^^^^^^^^^^^^^
  File "/home/airflow/.local/lib/python3.12/site-packages/airflow/models/baseoperator.py", line 401, in wrapper
    return func(self, *args, **kwargs)
           ^^^^^^^^^^^^^^^^^^^^^^^^^^^
  File "/home/airflow/.local/lib/python3.12/site-packages/airflow/providers/standard/operators/bash.py", line 233, in execute
    raise AirflowException(
airflow.exceptions.AirflowException: Bash command failed. The command returned a non-zero exit code 2.
[2026-04-04T05:33:34.654+0000] {taskinstance.py:1206} INFO - Marking task as UP_FOR_RETRY. dag_id=banking_02_aggregation_layer, task_id=build_aggregations, run_id=manual__2026-04-04T05:33:28.652397+00:00, execution_date=20260404T053328, start_date=20260404T053330, end_date=20260404T053334
[2026-04-04T05:33:34.669+0000] {standard_task_runner.py:110} ERROR - Failed to execute job 9676 for task build_aggregations (Bash command failed. The command returned a non-zero exit code 2.; 515)
[2026-04-04T05:33:34.674+0000] {local_task_job_runner.py:243} INFO - Task exited with return code 1
[2026-04-04T05:33:34.691+0000] {taskinstance.py:3503} INFO - 0 downstream tasks scheduled from follow-on schedule check
[2026-04-04T05:33:34.691+0000] {local_task_job_runner.py:222} INFO - ::endgroup::
