[2026-03-29T10:52:07.012+0000] {local_task_job_runner.py:120} INFO - ::group::Pre task execution logs
[2026-03-29T10:52:07.028+0000] {taskinstance.py:2076} INFO - Dependencies all met for dep_context=non-requeueable deps ti=<TaskInstance: banking_01_bronze_layer.debug scheduled__2026-03-29T10:00:00+00:00 [queued]>
[2026-03-29T10:52:07.031+0000] {taskinstance.py:2076} INFO - Dependencies all met for dep_context=requeueable deps ti=<TaskInstance: banking_01_bronze_layer.debug scheduled__2026-03-29T10:00:00+00:00 [queued]>
[2026-03-29T10:52:07.032+0000] {taskinstance.py:2306} INFO - Starting attempt 1 of 2
[2026-03-29T10:52:07.040+0000] {taskinstance.py:2330} INFO - Executing <Task(BashOperator): debug> on 2026-03-29 10:00:00+00:00
[2026-03-29T10:52:07.044+0000] {standard_task_runner.py:64} INFO - Started process 893 to run task
[2026-03-29T10:52:07.046+0000] {standard_task_runner.py:90} INFO - Running: ['***', 'tasks', 'run', 'banking_01_bronze_layer', 'debug', 'scheduled__2026-03-29T10:00:00+00:00', '--job-id', '7205', '--raw', '--subdir', 'DAGS_FOLDER/dbt.py', '--cfg-path', '/tmp/tmp38wxi5c0']
[2026-03-29T10:52:07.048+0000] {standard_task_runner.py:91} INFO - Job 7205: Subtask debug
[2026-03-29T10:52:07.075+0000] {task_command.py:426} INFO - Running <TaskInstance: banking_01_bronze_layer.debug scheduled__2026-03-29T10:00:00+00:00 [running]> on host c990dffe13ae
[2026-03-29T10:52:07.121+0000] {taskinstance.py:2648} INFO - Exporting env vars: AIRFLOW_CTX_DAG_OWNER='risheek' AIRFLOW_CTX_DAG_ID='banking_01_bronze_layer' AIRFLOW_CTX_TASK_ID='debug' AIRFLOW_CTX_EXECUTION_DATE='2026-03-29T10:00:00+00:00' AIRFLOW_CTX_TRY_NUMBER='1' AIRFLOW_CTX_DAG_RUN_ID='scheduled__2026-03-29T10:00:00+00:00'
[2026-03-29T10:52:07.122+0000] {taskinstance.py:430} INFO - ::endgroup::
[2026-03-29T10:52:07.122+0000] {subprocess.py:78} INFO - Tmp dir root location: /tmp
[2026-03-29T10:52:07.124+0000] {subprocess.py:88} INFO - Running command: ['/usr/bin/bash', '-c', 'dbt debug --profiles-dir /opt/***/dbt/trans_snowf']
[2026-03-29T10:52:07.127+0000] {subprocess.py:99} INFO - Output:
[2026-03-29T10:52:08.359+0000] {subprocess.py:106} INFO - [0m10:52:08  Running with dbt=1.11.7
[2026-03-29T10:52:08.365+0000] {subprocess.py:106} INFO - [0m10:52:08  dbt version: 1.11.7
[2026-03-29T10:52:08.365+0000] {subprocess.py:106} INFO - [0m10:52:08  python version: 3.12.4
[2026-03-29T10:52:08.366+0000] {subprocess.py:106} INFO - [0m10:52:08  python path: /home/***/.local/bin/python
[2026-03-29T10:52:08.366+0000] {subprocess.py:106} INFO - [0m10:52:08  os info: Linux-6.12.76-linuxkit-aarch64-with-glibc2.36
[2026-03-29T10:52:08.796+0000] {subprocess.py:106} INFO - [0m10:52:08  Using profiles dir at /opt/***/dbt/trans_snowf
[2026-03-29T10:52:08.797+0000] {subprocess.py:106} INFO - [0m10:52:08  Using profiles.yml file at /opt/***/dbt/trans_snowf/profiles.yml
[2026-03-29T10:52:08.797+0000] {subprocess.py:106} INFO - [0m10:52:08  Using dbt_project.yml file at /opt/***/dbt/trans_snowf/dbt_project.yml
[2026-03-29T10:52:08.798+0000] {subprocess.py:106} INFO - [0m10:52:08  adapter type: snowflake
[2026-03-29T10:52:08.798+0000] {subprocess.py:106} INFO - [0m10:52:08  adapter version: 1.11.3
[2026-03-29T10:52:08.849+0000] {subprocess.py:106} INFO - [0m10:52:08  Configuration:
[2026-03-29T10:52:08.849+0000] {subprocess.py:106} INFO - [0m10:52:08    profiles.yml file [[32mOK found and valid[0m]
[2026-03-29T10:52:08.849+0000] {subprocess.py:106} INFO - [0m10:52:08    dbt_project.yml file [[32mOK found and valid[0m]
[2026-03-29T10:52:08.850+0000] {subprocess.py:106} INFO - [0m10:52:08  Required dependencies:
[2026-03-29T10:52:08.852+0000] {subprocess.py:106} INFO - [0m10:52:08   - git [[31mERROR[0m]
[2026-03-29T10:52:08.852+0000] {subprocess.py:106} INFO - 
[2026-03-29T10:52:08.852+0000] {subprocess.py:106} INFO - [0m10:52:08  Connection:
[2026-03-29T10:52:08.853+0000] {subprocess.py:106} INFO - [0m10:52:08    account: BBMCDSP-CT02489
[2026-03-29T10:52:08.853+0000] {subprocess.py:106} INFO - [0m10:52:08    user: user123
[2026-03-29T10:52:08.853+0000] {subprocess.py:106} INFO - [0m10:52:08    database: BANKING
[2026-03-29T10:52:08.854+0000] {subprocess.py:106} INFO - [0m10:52:08    warehouse: COMPUTE_WH
[2026-03-29T10:52:08.854+0000] {subprocess.py:106} INFO - [0m10:52:08    role: dbtadmin
[2026-03-29T10:52:08.854+0000] {subprocess.py:106} INFO - [0m10:52:08    schema: PUBLIC
[2026-03-29T10:52:08.855+0000] {subprocess.py:106} INFO - [0m10:52:08    authenticator: None
[2026-03-29T10:52:08.855+0000] {subprocess.py:106} INFO - [0m10:52:08    oauth_client_id: None
[2026-03-29T10:52:08.855+0000] {subprocess.py:106} INFO - [0m10:52:08    query_tag: None
[2026-03-29T10:52:08.855+0000] {subprocess.py:106} INFO - [0m10:52:08    client_session_keep_alive: False
[2026-03-29T10:52:08.856+0000] {subprocess.py:106} INFO - [0m10:52:08    host: None
[2026-03-29T10:52:08.856+0000] {subprocess.py:106} INFO - [0m10:52:08    port: None
[2026-03-29T10:52:08.856+0000] {subprocess.py:106} INFO - [0m10:52:08    proxy_host: None
[2026-03-29T10:52:08.857+0000] {subprocess.py:106} INFO - [0m10:52:08    proxy_port: None
[2026-03-29T10:52:08.857+0000] {subprocess.py:106} INFO - [0m10:52:08    protocol: None
[2026-03-29T10:52:08.857+0000] {subprocess.py:106} INFO - [0m10:52:08    connect_retries: 1
[2026-03-29T10:52:08.858+0000] {subprocess.py:106} INFO - [0m10:52:08    connect_timeout: None
[2026-03-29T10:52:08.858+0000] {subprocess.py:106} INFO - [0m10:52:08    retry_on_database_errors: False
[2026-03-29T10:52:08.858+0000] {subprocess.py:106} INFO - [0m10:52:08    retry_all: False
[2026-03-29T10:52:08.859+0000] {subprocess.py:106} INFO - [0m10:52:08    insecure_mode: False
[2026-03-29T10:52:08.859+0000] {subprocess.py:106} INFO - [0m10:52:08    reuse_connections: True
[2026-03-29T10:52:08.859+0000] {subprocess.py:106} INFO - [0m10:52:08    s3_stage_vpce_dns_name: None
[2026-03-29T10:52:08.860+0000] {subprocess.py:106} INFO - [0m10:52:08    platform_detection_timeout_seconds: 0.0
[2026-03-29T10:52:08.861+0000] {subprocess.py:106} INFO - [0m10:52:08  Registered adapter: snowflake=1.11.3
[2026-03-29T10:52:11.689+0000] {subprocess.py:106} INFO - [0m10:52:11    Connection test: [[32mOK connection ok[0m]
[2026-03-29T10:52:11.691+0000] {subprocess.py:106} INFO - 
[2026-03-29T10:52:11.691+0000] {subprocess.py:106} INFO - [0m10:52:11  [31m1 check failed:[0m
[2026-03-29T10:52:11.692+0000] {subprocess.py:106} INFO - [0m10:52:11  Error from git --help: Could not find command, ensure it is in the user's PATH: "git"
[2026-03-29T10:52:11.693+0000] {subprocess.py:106} INFO - 
[2026-03-29T10:52:13.962+0000] {subprocess.py:110} INFO - Command exited with return code 1
[2026-03-29T10:52:13.964+0000] {taskinstance.py:441} INFO - ::group::Post task execution logs
[2026-03-29T10:52:13.983+0000] {taskinstance.py:2905} ERROR - Task failed with exception
Traceback (most recent call last):
  File "/home/airflow/.local/lib/python3.12/site-packages/airflow/models/taskinstance.py", line 465, in _execute_task
    result = _execute_callable(context=context, **execute_callable_kwargs)
             ^^^^^^^^^^^^^^^^^^^^^^^^^^^^^^^^^^^^^^^^^^^^^^^^^^^^^^^^^^^^^
  File "/home/airflow/.local/lib/python3.12/site-packages/airflow/models/taskinstance.py", line 432, in _execute_callable
    return execute_callable(context=context, **execute_callable_kwargs)
           ^^^^^^^^^^^^^^^^^^^^^^^^^^^^^^^^^^^^^^^^^^^^^^^^^^^^^^^^^^^^
  File "/home/airflow/.local/lib/python3.12/site-packages/airflow/models/baseoperator.py", line 401, in wrapper
    return func(self, *args, **kwargs)
           ^^^^^^^^^^^^^^^^^^^^^^^^^^^
  File "/home/airflow/.local/lib/python3.12/site-packages/airflow/providers/standard/operators/bash.py", line 233, in execute
    raise AirflowException(
airflow.exceptions.AirflowException: Bash command failed. The command returned a non-zero exit code 1.
[2026-03-29T10:52:13.987+0000] {taskinstance.py:1206} INFO - Marking task as UP_FOR_RETRY. dag_id=banking_01_bronze_layer, task_id=debug, run_id=scheduled__2026-03-29T10:00:00+00:00, execution_date=20260329T100000, start_date=20260329T105207, end_date=20260329T105213
[2026-03-29T10:52:14.010+0000] {standard_task_runner.py:110} ERROR - Failed to execute job 7205 for task debug (Bash command failed. The command returned a non-zero exit code 1.; 893)
[2026-03-29T10:52:14.053+0000] {local_task_job_runner.py:243} INFO - Task exited with return code 1
[2026-03-29T10:52:14.068+0000] {taskinstance.py:3503} INFO - 0 downstream tasks scheduled from follow-on schedule check
[2026-03-29T10:52:14.070+0000] {local_task_job_runner.py:222} INFO - ::endgroup::
