[2026-03-29T23:44:43.506+0000] {local_task_job_runner.py:120} INFO - ::group::Pre task execution logs
[2026-03-29T23:44:43.523+0000] {taskinstance.py:2076} INFO - Dependencies all met for dep_context=non-requeueable deps ti=<TaskInstance: banking_01_bronze_layer.debug scheduled__2026-03-29T23:00:00+00:00 [queued]>
[2026-03-29T23:44:43.526+0000] {taskinstance.py:2076} INFO - Dependencies all met for dep_context=requeueable deps ti=<TaskInstance: banking_01_bronze_layer.debug scheduled__2026-03-29T23:00:00+00:00 [queued]>
[2026-03-29T23:44:43.526+0000] {taskinstance.py:2306} INFO - Starting attempt 1 of 2
[2026-03-29T23:44:43.534+0000] {taskinstance.py:2330} INFO - Executing <Task(BashOperator): debug> on 2026-03-29 23:00:00+00:00
[2026-03-29T23:44:43.536+0000] {standard_task_runner.py:64} INFO - Started process 5978 to run task
[2026-03-29T23:44:43.537+0000] {standard_task_runner.py:90} INFO - Running: ['***', 'tasks', 'run', 'banking_01_bronze_layer', 'debug', 'scheduled__2026-03-29T23:00:00+00:00', '--job-id', '7365', '--raw', '--subdir', 'DAGS_FOLDER/dbt.py', '--cfg-path', '/tmp/tmpgwcb1xor']
[2026-03-29T23:44:43.538+0000] {standard_task_runner.py:91} INFO - Job 7365: Subtask debug
[2026-03-29T23:44:43.566+0000] {task_command.py:426} INFO - Running <TaskInstance: banking_01_bronze_layer.debug scheduled__2026-03-29T23:00:00+00:00 [running]> on host c990dffe13ae
[2026-03-29T23:44:43.615+0000] {taskinstance.py:2648} INFO - Exporting env vars: AIRFLOW_CTX_DAG_OWNER='risheek' AIRFLOW_CTX_DAG_ID='banking_01_bronze_layer' AIRFLOW_CTX_TASK_ID='debug' AIRFLOW_CTX_EXECUTION_DATE='2026-03-29T23:00:00+00:00' AIRFLOW_CTX_TRY_NUMBER='1' AIRFLOW_CTX_DAG_RUN_ID='scheduled__2026-03-29T23:00:00+00:00'
[2026-03-29T23:44:43.615+0000] {taskinstance.py:430} INFO - ::endgroup::
[2026-03-29T23:44:43.616+0000] {subprocess.py:78} INFO - Tmp dir root location: /tmp
[2026-03-29T23:44:43.616+0000] {subprocess.py:88} INFO - Running command: ['/usr/bin/bash', '-c', 'dbt debug --profiles-dir /opt/***/dbt/trans_snowf']
[2026-03-29T23:44:43.621+0000] {subprocess.py:99} INFO - Output:
[2026-03-29T23:44:44.968+0000] {subprocess.py:106} INFO - [0m23:44:44  Running with dbt=1.11.7
[2026-03-29T23:44:44.974+0000] {subprocess.py:106} INFO - [0m23:44:44  dbt version: 1.11.7
[2026-03-29T23:44:44.974+0000] {subprocess.py:106} INFO - [0m23:44:44  python version: 3.12.4
[2026-03-29T23:44:44.974+0000] {subprocess.py:106} INFO - [0m23:44:44  python path: /home/***/.local/bin/python
[2026-03-29T23:44:44.975+0000] {subprocess.py:106} INFO - [0m23:44:44  os info: Linux-6.12.76-linuxkit-aarch64-with-glibc2.36
[2026-03-29T23:44:45.410+0000] {subprocess.py:106} INFO - [0m23:44:45  Using profiles dir at /opt/***/dbt/trans_snowf
[2026-03-29T23:44:45.410+0000] {subprocess.py:106} INFO - [0m23:44:45  Using profiles.yml file at /opt/***/dbt/trans_snowf/profiles.yml
[2026-03-29T23:44:45.410+0000] {subprocess.py:106} INFO - [0m23:44:45  Using dbt_project.yml file at /opt/***/dbt/trans_snowf/dbt_project.yml
[2026-03-29T23:44:45.411+0000] {subprocess.py:106} INFO - [0m23:44:45  adapter type: snowflake
[2026-03-29T23:44:45.411+0000] {subprocess.py:106} INFO - [0m23:44:45  adapter version: 1.11.3
[2026-03-29T23:44:45.472+0000] {subprocess.py:106} INFO - [0m23:44:45  Configuration:
[2026-03-29T23:44:45.473+0000] {subprocess.py:106} INFO - [0m23:44:45    profiles.yml file [[32mOK found and valid[0m]
[2026-03-29T23:44:45.473+0000] {subprocess.py:106} INFO - [0m23:44:45    dbt_project.yml file [[32mOK found and valid[0m]
[2026-03-29T23:44:45.474+0000] {subprocess.py:106} INFO - [0m23:44:45  Required dependencies:
[2026-03-29T23:44:45.475+0000] {subprocess.py:106} INFO - [0m23:44:45   - git [[31mERROR[0m]
[2026-03-29T23:44:45.475+0000] {subprocess.py:106} INFO - 
[2026-03-29T23:44:45.475+0000] {subprocess.py:106} INFO - [0m23:44:45  Connection:
[2026-03-29T23:44:45.476+0000] {subprocess.py:106} INFO - [0m23:44:45    account: BBMCDSP-CT02489
[2026-03-29T23:44:45.476+0000] {subprocess.py:106} INFO - [0m23:44:45    user: user123
[2026-03-29T23:44:45.476+0000] {subprocess.py:106} INFO - [0m23:44:45    database: BANKING
[2026-03-29T23:44:45.477+0000] {subprocess.py:106} INFO - [0m23:44:45    warehouse: COMPUTE_WH
[2026-03-29T23:44:45.477+0000] {subprocess.py:106} INFO - [0m23:44:45    role: dbtadmin
[2026-03-29T23:44:45.477+0000] {subprocess.py:106} INFO - [0m23:44:45    schema: PUBLIC
[2026-03-29T23:44:45.478+0000] {subprocess.py:106} INFO - [0m23:44:45    authenticator: None
[2026-03-29T23:44:45.478+0000] {subprocess.py:106} INFO - [0m23:44:45    oauth_client_id: None
[2026-03-29T23:44:45.478+0000] {subprocess.py:106} INFO - [0m23:44:45    query_tag: None
[2026-03-29T23:44:45.479+0000] {subprocess.py:106} INFO - [0m23:44:45    client_session_keep_alive: False
[2026-03-29T23:44:45.479+0000] {subprocess.py:106} INFO - [0m23:44:45    host: None
[2026-03-29T23:44:45.479+0000] {subprocess.py:106} INFO - [0m23:44:45    port: None
[2026-03-29T23:44:45.480+0000] {subprocess.py:106} INFO - [0m23:44:45    proxy_host: None
[2026-03-29T23:44:45.480+0000] {subprocess.py:106} INFO - [0m23:44:45    proxy_port: None
[2026-03-29T23:44:45.480+0000] {subprocess.py:106} INFO - [0m23:44:45    protocol: None
[2026-03-29T23:44:45.481+0000] {subprocess.py:106} INFO - [0m23:44:45    connect_retries: 1
[2026-03-29T23:44:45.481+0000] {subprocess.py:106} INFO - [0m23:44:45    connect_timeout: None
[2026-03-29T23:44:45.481+0000] {subprocess.py:106} INFO - [0m23:44:45    retry_on_database_errors: False
[2026-03-29T23:44:45.482+0000] {subprocess.py:106} INFO - [0m23:44:45    retry_all: False
[2026-03-29T23:44:45.482+0000] {subprocess.py:106} INFO - [0m23:44:45    insecure_mode: False
[2026-03-29T23:44:45.482+0000] {subprocess.py:106} INFO - [0m23:44:45    reuse_connections: True
[2026-03-29T23:44:45.483+0000] {subprocess.py:106} INFO - [0m23:44:45    s3_stage_vpce_dns_name: None
[2026-03-29T23:44:45.483+0000] {subprocess.py:106} INFO - [0m23:44:45    platform_detection_timeout_seconds: 0.0
[2026-03-29T23:44:45.484+0000] {subprocess.py:106} INFO - [0m23:44:45  Registered adapter: snowflake=1.11.3
[2026-03-29T23:44:46.297+0000] {subprocess.py:106} INFO - [0m23:44:46    Connection test: [[32mOK connection ok[0m]
[2026-03-29T23:44:46.298+0000] {subprocess.py:106} INFO - 
[2026-03-29T23:44:46.299+0000] {subprocess.py:106} INFO - [0m23:44:46  [31m1 check failed:[0m
[2026-03-29T23:44:46.299+0000] {subprocess.py:106} INFO - [0m23:44:46  Error from git --help: Could not find command, ensure it is in the user's PATH: "git"
[2026-03-29T23:44:46.300+0000] {subprocess.py:106} INFO - 
[2026-03-29T23:44:48.856+0000] {subprocess.py:110} INFO - Command exited with return code 1
[2026-03-29T23:44:48.857+0000] {taskinstance.py:441} INFO - ::group::Post task execution logs
[2026-03-29T23:44:48.865+0000] {taskinstance.py:2905} ERROR - Task failed with exception
Traceback (most recent call last):
  File "/home/airflow/.local/lib/python3.12/site-packages/airflow/models/taskinstance.py", line 465, in _execute_task
    result = _execute_callable(context=context, **execute_callable_kwargs)
             ^^^^^^^^^^^^^^^^^^^^^^^^^^^^^^^^^^^^^^^^^^^^^^^^^^^^^^^^^^^^^
  File "/home/airflow/.local/lib/python3.12/site-packages/airflow/models/taskinstance.py", line 432, in _execute_callable
    return execute_callable(context=context, **execute_callable_kwargs)
           ^^^^^^^^^^^^^^^^^^^^^^^^^^^^^^^^^^^^^^^^^^^^^^^^^^^^^^^^^^^^
  File "/home/airflow/.local/lib/python3.12/site-packages/airflow/models/baseoperator.py", line 401, in wrapper
    return func(self, *args, **kwargs)
           ^^^^^^^^^^^^^^^^^^^^^^^^^^^
  File "/home/airflow/.local/lib/python3.12/site-packages/airflow/providers/standard/operators/bash.py", line 233, in execute
    raise AirflowException(
airflow.exceptions.AirflowException: Bash command failed. The command returned a non-zero exit code 1.
[2026-03-29T23:44:48.867+0000] {taskinstance.py:1206} INFO - Marking task as UP_FOR_RETRY. dag_id=banking_01_bronze_layer, task_id=debug, run_id=scheduled__2026-03-29T23:00:00+00:00, execution_date=20260329T230000, start_date=20260329T234443, end_date=20260329T234448
[2026-03-29T23:44:48.876+0000] {standard_task_runner.py:110} ERROR - Failed to execute job 7365 for task debug (Bash command failed. The command returned a non-zero exit code 1.; 5978)
[2026-03-29T23:44:48.916+0000] {local_task_job_runner.py:243} INFO - Task exited with return code 1
[2026-03-29T23:44:48.926+0000] {taskinstance.py:3503} INFO - 0 downstream tasks scheduled from follow-on schedule check
[2026-03-29T23:44:48.927+0000] {local_task_job_runner.py:222} INFO - ::endgroup::
