[2026-03-30T00:01:08.319+0000] {local_task_job_runner.py:120} INFO - ::group::Pre task execution logs
[2026-03-30T00:01:08.334+0000] {taskinstance.py:2076} INFO - Dependencies all met for dep_context=non-requeueable deps ti=<TaskInstance: banking_01_bronze_layer.debug scheduled__2026-03-29T23:00:00+00:00 [queued]>
[2026-03-30T00:01:08.337+0000] {taskinstance.py:2076} INFO - Dependencies all met for dep_context=requeueable deps ti=<TaskInstance: banking_01_bronze_layer.debug scheduled__2026-03-29T23:00:00+00:00 [queued]>
[2026-03-30T00:01:08.337+0000] {taskinstance.py:2306} INFO - Starting attempt 2 of 2
[2026-03-30T00:01:08.343+0000] {taskinstance.py:2330} INFO - Executing <Task(BashOperator): debug> on 2026-03-29 23:00:00+00:00
[2026-03-30T00:01:08.346+0000] {standard_task_runner.py:64} INFO - Started process 6106 to run task
[2026-03-30T00:01:08.351+0000] {standard_task_runner.py:90} INFO - Running: ['***', 'tasks', 'run', 'banking_01_bronze_layer', 'debug', 'scheduled__2026-03-29T23:00:00+00:00', '--job-id', '7370', '--raw', '--subdir', 'DAGS_FOLDER/dbt.py', '--cfg-path', '/tmp/tmp13ignkfl']
[2026-03-30T00:01:08.352+0000] {standard_task_runner.py:91} INFO - Job 7370: Subtask debug
[2026-03-30T00:01:08.379+0000] {task_command.py:426} INFO - Running <TaskInstance: banking_01_bronze_layer.debug scheduled__2026-03-29T23:00:00+00:00 [running]> on host c990dffe13ae
[2026-03-30T00:01:08.420+0000] {taskinstance.py:2648} INFO - Exporting env vars: AIRFLOW_CTX_DAG_OWNER='risheek' AIRFLOW_CTX_DAG_ID='banking_01_bronze_layer' AIRFLOW_CTX_TASK_ID='debug' AIRFLOW_CTX_EXECUTION_DATE='2026-03-29T23:00:00+00:00' AIRFLOW_CTX_TRY_NUMBER='2' AIRFLOW_CTX_DAG_RUN_ID='scheduled__2026-03-29T23:00:00+00:00'
[2026-03-30T00:01:08.421+0000] {taskinstance.py:430} INFO - ::endgroup::
[2026-03-30T00:01:08.422+0000] {subprocess.py:78} INFO - Tmp dir root location: /tmp
[2026-03-30T00:01:08.422+0000] {subprocess.py:88} INFO - Running command: ['/usr/bin/bash', '-c', 'dbt debug --profiles-dir /opt/***/dbt/trans_snowf']
[2026-03-30T00:01:08.426+0000] {subprocess.py:99} INFO - Output:
[2026-03-30T00:01:09.611+0000] {subprocess.py:106} INFO - [0m00:01:09  Running with dbt=1.11.7
[2026-03-30T00:01:09.617+0000] {subprocess.py:106} INFO - [0m00:01:09  dbt version: 1.11.7
[2026-03-30T00:01:09.617+0000] {subprocess.py:106} INFO - [0m00:01:09  python version: 3.12.4
[2026-03-30T00:01:09.618+0000] {subprocess.py:106} INFO - [0m00:01:09  python path: /home/***/.local/bin/python
[2026-03-30T00:01:09.618+0000] {subprocess.py:106} INFO - [0m00:01:09  os info: Linux-6.12.76-linuxkit-aarch64-with-glibc2.36
[2026-03-30T00:01:10.039+0000] {subprocess.py:106} INFO - [0m00:01:10  Using profiles dir at /opt/***/dbt/trans_snowf
[2026-03-30T00:01:10.040+0000] {subprocess.py:106} INFO - [0m00:01:10  Using profiles.yml file at /opt/***/dbt/trans_snowf/profiles.yml
[2026-03-30T00:01:10.041+0000] {subprocess.py:106} INFO - [0m00:01:10  Using dbt_project.yml file at /opt/***/dbt/trans_snowf/dbt_project.yml
[2026-03-30T00:01:10.041+0000] {subprocess.py:106} INFO - [0m00:01:10  adapter type: snowflake
[2026-03-30T00:01:10.041+0000] {subprocess.py:106} INFO - [0m00:01:10  adapter version: 1.11.3
[2026-03-30T00:01:10.092+0000] {subprocess.py:106} INFO - [0m00:01:10  Configuration:
[2026-03-30T00:01:10.092+0000] {subprocess.py:106} INFO - [0m00:01:10    profiles.yml file [[32mOK found and valid[0m]
[2026-03-30T00:01:10.093+0000] {subprocess.py:106} INFO - [0m00:01:10    dbt_project.yml file [[32mOK found and valid[0m]
[2026-03-30T00:01:10.093+0000] {subprocess.py:106} INFO - [0m00:01:10  Required dependencies:
[2026-03-30T00:01:10.094+0000] {subprocess.py:106} INFO - [0m00:01:10   - git [[31mERROR[0m]
[2026-03-30T00:01:10.094+0000] {subprocess.py:106} INFO - 
[2026-03-30T00:01:10.095+0000] {subprocess.py:106} INFO - [0m00:01:10  Connection:
[2026-03-30T00:01:10.095+0000] {subprocess.py:106} INFO - [0m00:01:10    account: BBMCDSP-CT02489
[2026-03-30T00:01:10.095+0000] {subprocess.py:106} INFO - [0m00:01:10    user: user123
[2026-03-30T00:01:10.096+0000] {subprocess.py:106} INFO - [0m00:01:10    database: BANKING
[2026-03-30T00:01:10.097+0000] {subprocess.py:106} INFO - [0m00:01:10    warehouse: COMPUTE_WH
[2026-03-30T00:01:10.097+0000] {subprocess.py:106} INFO - [0m00:01:10    role: dbtadmin
[2026-03-30T00:01:10.097+0000] {subprocess.py:106} INFO - [0m00:01:10    schema: PUBLIC
[2026-03-30T00:01:10.098+0000] {subprocess.py:106} INFO - [0m00:01:10    authenticator: None
[2026-03-30T00:01:10.098+0000] {subprocess.py:106} INFO - [0m00:01:10    oauth_client_id: None
[2026-03-30T00:01:10.098+0000] {subprocess.py:106} INFO - [0m00:01:10    query_tag: None
[2026-03-30T00:01:10.099+0000] {subprocess.py:106} INFO - [0m00:01:10    client_session_keep_alive: False
[2026-03-30T00:01:10.099+0000] {subprocess.py:106} INFO - [0m00:01:10    host: None
[2026-03-30T00:01:10.099+0000] {subprocess.py:106} INFO - [0m00:01:10    port: None
[2026-03-30T00:01:10.100+0000] {subprocess.py:106} INFO - [0m00:01:10    proxy_host: None
[2026-03-30T00:01:10.100+0000] {subprocess.py:106} INFO - [0m00:01:10    proxy_port: None
[2026-03-30T00:01:10.100+0000] {subprocess.py:106} INFO - [0m00:01:10    protocol: None
[2026-03-30T00:01:10.100+0000] {subprocess.py:106} INFO - [0m00:01:10    connect_retries: 1
[2026-03-30T00:01:10.101+0000] {subprocess.py:106} INFO - [0m00:01:10    connect_timeout: None
[2026-03-30T00:01:10.101+0000] {subprocess.py:106} INFO - [0m00:01:10    retry_on_database_errors: False
[2026-03-30T00:01:10.101+0000] {subprocess.py:106} INFO - [0m00:01:10    retry_all: False
[2026-03-30T00:01:10.102+0000] {subprocess.py:106} INFO - [0m00:01:10    insecure_mode: False
[2026-03-30T00:01:10.102+0000] {subprocess.py:106} INFO - [0m00:01:10    reuse_connections: True
[2026-03-30T00:01:10.102+0000] {subprocess.py:106} INFO - [0m00:01:10    s3_stage_vpce_dns_name: None
[2026-03-30T00:01:10.102+0000] {subprocess.py:106} INFO - [0m00:01:10    platform_detection_timeout_seconds: 0.0
[2026-03-30T00:01:10.103+0000] {subprocess.py:106} INFO - [0m00:01:10  Registered adapter: snowflake=1.11.3
[2026-03-30T00:01:10.933+0000] {subprocess.py:106} INFO - [0m00:01:10    Connection test: [[32mOK connection ok[0m]
[2026-03-30T00:01:10.934+0000] {subprocess.py:106} INFO - 
[2026-03-30T00:01:10.934+0000] {subprocess.py:106} INFO - [0m00:01:10  [31m1 check failed:[0m
[2026-03-30T00:01:10.935+0000] {subprocess.py:106} INFO - [0m00:01:10  Error from git --help: Could not find command, ensure it is in the user's PATH: "git"
[2026-03-30T00:01:10.936+0000] {subprocess.py:106} INFO - 
[2026-03-30T00:01:13.698+0000] {subprocess.py:110} INFO - Command exited with return code 1
[2026-03-30T00:01:13.699+0000] {taskinstance.py:441} INFO - ::group::Post task execution logs
[2026-03-30T00:01:13.706+0000] {taskinstance.py:2905} ERROR - Task failed with exception
Traceback (most recent call last):
  File "/home/airflow/.local/lib/python3.12/site-packages/airflow/models/taskinstance.py", line 465, in _execute_task
    result = _execute_callable(context=context, **execute_callable_kwargs)
             ^^^^^^^^^^^^^^^^^^^^^^^^^^^^^^^^^^^^^^^^^^^^^^^^^^^^^^^^^^^^^
  File "/home/airflow/.local/lib/python3.12/site-packages/airflow/models/taskinstance.py", line 432, in _execute_callable
    return execute_callable(context=context, **execute_callable_kwargs)
           ^^^^^^^^^^^^^^^^^^^^^^^^^^^^^^^^^^^^^^^^^^^^^^^^^^^^^^^^^^^^
  File "/home/airflow/.local/lib/python3.12/site-packages/airflow/models/baseoperator.py", line 401, in wrapper
    return func(self, *args, **kwargs)
           ^^^^^^^^^^^^^^^^^^^^^^^^^^^
  File "/home/airflow/.local/lib/python3.12/site-packages/airflow/providers/standard/operators/bash.py", line 233, in execute
    raise AirflowException(
airflow.exceptions.AirflowException: Bash command failed. The command returned a non-zero exit code 1.
[2026-03-30T00:01:13.709+0000] {taskinstance.py:1206} INFO - Marking task as FAILED. dag_id=banking_01_bronze_layer, task_id=debug, run_id=scheduled__2026-03-29T23:00:00+00:00, execution_date=20260329T230000, start_date=20260330T000108, end_date=20260330T000113
[2026-03-30T00:01:13.718+0000] {standard_task_runner.py:110} ERROR - Failed to execute job 7370 for task debug (Bash command failed. The command returned a non-zero exit code 1.; 6106)
[2026-03-30T00:01:13.724+0000] {local_task_job_runner.py:243} INFO - Task exited with return code 1
[2026-03-30T00:01:13.733+0000] {taskinstance.py:3503} INFO - 0 downstream tasks scheduled from follow-on schedule check
[2026-03-30T00:01:13.734+0000] {local_task_job_runner.py:222} INFO - ::endgroup::
