[2026-04-04T05:06:13.590+0000] {local_task_job_runner.py:120} INFO - ::group::Pre task execution logs
[2026-04-04T05:06:13.605+0000] {taskinstance.py:2076} INFO - Dependencies all met for dep_context=non-requeueable deps ti=<TaskInstance: banking_01_bronze_layer.compile manual__2026-04-04T05:06:11.650014+00:00 [queued]>
[2026-04-04T05:06:13.608+0000] {taskinstance.py:2076} INFO - Dependencies all met for dep_context=requeueable deps ti=<TaskInstance: banking_01_bronze_layer.compile manual__2026-04-04T05:06:11.650014+00:00 [queued]>
[2026-04-04T05:06:13.608+0000] {taskinstance.py:2306} INFO - Starting attempt 1 of 2
[2026-04-04T05:06:13.614+0000] {taskinstance.py:2330} INFO - Executing <Task(BashOperator): compile> on 2026-04-04 05:06:11.650014+00:00
[2026-04-04T05:06:13.617+0000] {standard_task_runner.py:64} INFO - Started process 300 to run task
[2026-04-04T05:06:13.620+0000] {standard_task_runner.py:90} INFO - Running: ['***', 'tasks', 'run', 'banking_01_bronze_layer', 'compile', 'manual__2026-04-04T05:06:11.650014+00:00', '--job-id', '9651', '--raw', '--subdir', 'DAGS_FOLDER/dbt.py', '--cfg-path', '/tmp/tmpe4i1xb2y']
[2026-04-04T05:06:13.621+0000] {standard_task_runner.py:91} INFO - Job 9651: Subtask compile
[2026-04-04T05:06:13.650+0000] {task_command.py:426} INFO - Running <TaskInstance: banking_01_bronze_layer.compile manual__2026-04-04T05:06:11.650014+00:00 [running]> on host c990dffe13ae
[2026-04-04T05:06:13.711+0000] {taskinstance.py:2648} INFO - Exporting env vars: AIRFLOW_CTX_DAG_OWNER='risheek' AIRFLOW_CTX_DAG_ID='banking_01_bronze_layer' AIRFLOW_CTX_TASK_ID='compile' AIRFLOW_CTX_EXECUTION_DATE='2026-04-04T05:06:11.650014+00:00' AIRFLOW_CTX_TRY_NUMBER='1' AIRFLOW_CTX_DAG_RUN_ID='manual__2026-04-04T05:06:11.650014+00:00'
[2026-04-04T05:06:13.711+0000] {taskinstance.py:430} INFO - ::endgroup::
[2026-04-04T05:06:13.713+0000] {subprocess.py:78} INFO - Tmp dir root location: /tmp
[2026-04-04T05:06:13.713+0000] {subprocess.py:88} INFO - Running command: ['/usr/bin/bash', '-c', 'dbt compile --profiles-dir /opt/***/dbt/trans_snowf']
[2026-04-04T05:06:13.717+0000] {subprocess.py:99} INFO - Output:
[2026-04-04T05:06:15.267+0000] {subprocess.py:106} INFO - [0m05:06:15  Running with dbt=1.11.7
[2026-04-04T05:06:15.948+0000] {subprocess.py:106} INFO - [0m05:06:15  Registered adapter: snowflake=1.11.3
[2026-04-04T05:06:16.123+0000] {subprocess.py:106} INFO - [0m05:06:16  [[33mWARNING[0m]: Configuration paths exist in your dbt_project.yml file which do not apply to any resources.
[2026-04-04T05:06:16.124+0000] {subprocess.py:106} INFO - There are 1 unused configuration paths:
[2026-04-04T05:06:16.124+0000] {subprocess.py:106} INFO - - models.trans_snowf.example
[2026-04-04T05:06:16.221+0000] {subprocess.py:106} INFO - [0m05:06:16  Found 14 models, 3 sources, 524 macros
[2026-04-04T05:06:16.223+0000] {subprocess.py:106} INFO - [0m05:06:16
[2026-04-04T05:06:16.224+0000] {subprocess.py:106} INFO - [0m05:06:16  Concurrency: 1 threads (target='dev')
[2026-04-04T05:06:16.224+0000] {subprocess.py:106} INFO - [0m05:06:16
[2026-04-04T05:06:23.756+0000] {subprocess.py:110} INFO - Command exited with return code 0
[2026-04-04T05:06:23.766+0000] {taskinstance.py:441} INFO - ::group::Post task execution logs
[2026-04-04T05:06:23.810+0000] {taskinstance.py:1206} INFO - Marking task as SUCCESS. dag_id=banking_01_bronze_layer, task_id=compile, run_id=manual__2026-04-04T05:06:11.650014+00:00, execution_date=20260404T050611, start_date=20260404T050613, end_date=20260404T050623
[2026-04-04T05:06:23.843+0000] {local_task_job_runner.py:243} INFO - Task exited with return code 0
[2026-04-04T05:06:23.862+0000] {taskinstance.py:3503} INFO - 1 downstream tasks scheduled from follow-on schedule check
[2026-04-04T05:06:23.862+0000] {local_task_job_runner.py:222} INFO - ::endgroup::
