[2026-03-27T10:28:09.039+0000] {local_task_job_runner.py:120} INFO - ::group::Pre task execution logs
[2026-03-27T10:28:09.059+0000] {taskinstance.py:2076} INFO - Dependencies all met for dep_context=non-requeueable deps ti=<TaskInstance: transfer_from_minio_to_snowflake_accounts.create_stage scheduled__2026-03-27T10:26:00+00:00 [queued]>
[2026-03-27T10:28:09.063+0000] {taskinstance.py:2076} INFO - Dependencies all met for dep_context=requeueable deps ti=<TaskInstance: transfer_from_minio_to_snowflake_accounts.create_stage scheduled__2026-03-27T10:26:00+00:00 [queued]>
[2026-03-27T10:28:09.064+0000] {taskinstance.py:2306} INFO - Starting attempt 1 of 3
[2026-03-27T10:28:09.069+0000] {taskinstance.py:2330} INFO - Executing <Task(SQLExecuteQueryOperator): create_stage> on 2026-03-27 10:26:00+00:00
[2026-03-27T10:28:09.079+0000] {logging_mixin.py:188} WARNING - /home/***/.local/lib/python3.12/site-packages/***/task/task_runner/standard_task_runner.py:62 DeprecationWarning: This process (pid=24048) is multi-threaded, use of fork() may lead to deadlocks in the child.
[2026-03-27T10:28:09.075+0000] {standard_task_runner.py:90} INFO - Running: ['***', 'tasks', 'run', 'transfer_from_minio_to_snowflake_accounts', 'create_stage', 'scheduled__2026-03-27T10:26:00+00:00', '--job-id', '4705', '--raw', '--subdir', 'DAGS_FOLDER/transfer.py', '--cfg-path', '/tmp/tmp40el4z5f']
[2026-03-27T10:28:09.081+0000] {standard_task_runner.py:91} INFO - Job 4705: Subtask create_stage
[2026-03-27T10:28:09.081+0000] {standard_task_runner.py:64} INFO - Started process 24060 to run task
[2026-03-27T10:28:09.114+0000] {task_command.py:426} INFO - Running <TaskInstance: transfer_from_minio_to_snowflake_accounts.create_stage scheduled__2026-03-27T10:26:00+00:00 [running]> on host c990dffe13ae
[2026-03-27T10:28:09.344+0000] {taskinstance.py:2648} INFO - Exporting env vars: AIRFLOW_CTX_DAG_OWNER='***' AIRFLOW_CTX_DAG_ID='transfer_from_minio_to_snowflake_accounts' AIRFLOW_CTX_TASK_ID='create_stage' AIRFLOW_CTX_EXECUTION_DATE='2026-03-27T10:26:00+00:00' AIRFLOW_CTX_TRY_NUMBER='1' AIRFLOW_CTX_DAG_RUN_ID='scheduled__2026-03-27T10:26:00+00:00'
[2026-03-27T10:28:09.345+0000] {taskinstance.py:430} INFO - ::endgroup::
[2026-03-27T10:28:09.345+0000] {sql.py:282} INFO - Executing:  CREATE STAGE IF NOT EXISTS incoming  
                 URL = 's3://de-project-banking-pipeline-dev-2/accounts'
                 STORAGE_INTEGRATION = my_s3_integration
                 FILE_FORMAT = (TYPE = 'JSON'); 
[2026-03-27T10:28:09.352+0000] {base.py:84} INFO - Using connection ID 'warehouse_id' for task execution.
[2026-03-27T10:28:09.390+0000] {base.py:84} INFO - Using connection ID 'warehouse_id' for task execution.
[2026-03-27T10:28:09.815+0000] {connection.py:613} INFO - Snowflake Connector for Python Version: 4.3.0, Python Version: 3.12.4, Platform: Linux-6.12.76-linuxkit-aarch64-with-glibc2.36
[2026-03-27T10:28:09.863+0000] {connection.py:1709} INFO - Connecting to GLOBAL Snowflake domain
[2026-03-27T10:28:10.913+0000] {sql.py:495} INFO - Running statement: CREATE STAGE IF NOT EXISTS incoming  
                 URL = 's3://de-project-banking-pipeline-dev-2/accounts'
                 STORAGE_INTEGRATION = my_s3_integration
                 FILE_FORMAT = (TYPE = 'JSON');, parameters: None
[2026-03-27T10:28:11.107+0000] {sql.py:504} INFO - Rows affected: 1
[2026-03-27T10:28:11.225+0000] {snowflake.py:422} INFO - Rows affected: 1
[2026-03-27T10:28:11.226+0000] {snowflake.py:423} INFO - Snowflake query id: 01c34e54-3202-7c30-0014-90e60004709e
[2026-03-27T10:28:11.581+0000] {taskinstance.py:441} INFO - ::group::Post task execution logs
[2026-03-27T10:28:11.640+0000] {taskinstance.py:1206} INFO - Marking task as SUCCESS. dag_id=transfer_from_minio_to_snowflake_accounts, task_id=create_stage, run_id=scheduled__2026-03-27T10:26:00+00:00, execution_date=20260327T102600, start_date=20260327T102809, end_date=20260327T102811
[2026-03-27T10:28:11.680+0000] {local_task_job_runner.py:243} INFO - Task exited with return code 0
[2026-03-27T10:28:11.712+0000] {taskinstance.py:3503} INFO - 1 downstream tasks scheduled from follow-on schedule check
[2026-03-27T10:28:11.714+0000] {local_task_job_runner.py:222} INFO - ::endgroup::
