[2026-03-30T17:07:09.999+0000] {local_task_job_runner.py:120} INFO - ::group::Pre task execution logs
[2026-03-30T17:07:10.015+0000] {taskinstance.py:2076} INFO - Dependencies all met for dep_context=non-requeueable deps ti=<TaskInstance: banking_01_bronze_layer.debug scheduled__2026-03-30T16:30:00+00:00 [queued]>
[2026-03-30T17:07:10.018+0000] {taskinstance.py:2076} INFO - Dependencies all met for dep_context=requeueable deps ti=<TaskInstance: banking_01_bronze_layer.debug scheduled__2026-03-30T16:30:00+00:00 [queued]>
[2026-03-30T17:07:10.019+0000] {taskinstance.py:2306} INFO - Starting attempt 2 of 2
[2026-03-30T17:07:10.025+0000] {taskinstance.py:2330} INFO - Executing <Task(BashOperator): debug> on 2026-03-30 16:30:00+00:00
[2026-03-30T17:07:10.028+0000] {standard_task_runner.py:64} INFO - Started process 18435 to run task
[2026-03-30T17:07:10.031+0000] {standard_task_runner.py:90} INFO - Running: ['***', 'tasks', 'run', 'banking_01_bronze_layer', 'debug', 'scheduled__2026-03-30T16:30:00+00:00', '--job-id', '8395', '--raw', '--subdir', 'DAGS_FOLDER/dbt.py', '--cfg-path', '/tmp/tmp7kmtbt0k']
[2026-03-30T17:07:10.033+0000] {standard_task_runner.py:91} INFO - Job 8395: Subtask debug
[2026-03-30T17:07:10.068+0000] {task_command.py:426} INFO - Running <TaskInstance: banking_01_bronze_layer.debug scheduled__2026-03-30T16:30:00+00:00 [running]> on host c990dffe13ae
[2026-03-30T17:07:10.120+0000] {taskinstance.py:2648} INFO - Exporting env vars: AIRFLOW_CTX_DAG_OWNER='risheek' AIRFLOW_CTX_DAG_ID='banking_01_bronze_layer' AIRFLOW_CTX_TASK_ID='debug' AIRFLOW_CTX_EXECUTION_DATE='2026-03-30T16:30:00+00:00' AIRFLOW_CTX_TRY_NUMBER='2' AIRFLOW_CTX_DAG_RUN_ID='scheduled__2026-03-30T16:30:00+00:00'
[2026-03-30T17:07:10.121+0000] {taskinstance.py:430} INFO - ::endgroup::
[2026-03-30T17:07:10.121+0000] {subprocess.py:78} INFO - Tmp dir root location: /tmp
[2026-03-30T17:07:10.122+0000] {subprocess.py:88} INFO - Running command: ['/usr/bin/bash', '-c', 'dbt debug --profiles-dir /opt/***/dbt/trans_snowf']
[2026-03-30T17:07:10.126+0000] {subprocess.py:99} INFO - Output:
[2026-03-30T17:07:11.475+0000] {subprocess.py:106} INFO - [0m17:07:11  Running with dbt=1.11.7
[2026-03-30T17:07:11.481+0000] {subprocess.py:106} INFO - [0m17:07:11  dbt version: 1.11.7
[2026-03-30T17:07:11.482+0000] {subprocess.py:106} INFO - [0m17:07:11  python version: 3.12.4
[2026-03-30T17:07:11.482+0000] {subprocess.py:106} INFO - [0m17:07:11  python path: /home/***/.local/bin/python
[2026-03-30T17:07:11.482+0000] {subprocess.py:106} INFO - [0m17:07:11  os info: Linux-6.12.76-linuxkit-aarch64-with-glibc2.36
[2026-03-30T17:07:11.955+0000] {subprocess.py:106} INFO - [0m17:07:11  Using profiles dir at /opt/***/dbt/trans_snowf
[2026-03-30T17:07:11.956+0000] {subprocess.py:106} INFO - [0m17:07:11  Using profiles.yml file at /opt/***/dbt/trans_snowf/profiles.yml
[2026-03-30T17:07:11.956+0000] {subprocess.py:106} INFO - [0m17:07:11  Using dbt_project.yml file at /opt/***/dbt/trans_snowf/dbt_project.yml
[2026-03-30T17:07:11.957+0000] {subprocess.py:106} INFO - [0m17:07:11  adapter type: snowflake
[2026-03-30T17:07:11.957+0000] {subprocess.py:106} INFO - [0m17:07:11  adapter version: 1.11.3
[2026-03-30T17:07:12.013+0000] {subprocess.py:106} INFO - [0m17:07:12  Configuration:
[2026-03-30T17:07:12.014+0000] {subprocess.py:106} INFO - [0m17:07:12    profiles.yml file [[32mOK found and valid[0m]
[2026-03-30T17:07:12.014+0000] {subprocess.py:106} INFO - [0m17:07:12    dbt_project.yml file [[32mOK found and valid[0m]
[2026-03-30T17:07:12.014+0000] {subprocess.py:106} INFO - [0m17:07:12  Required dependencies:
[2026-03-30T17:07:12.015+0000] {subprocess.py:106} INFO - [0m17:07:12   - git [[31mERROR[0m]
[2026-03-30T17:07:12.015+0000] {subprocess.py:106} INFO - 
[2026-03-30T17:07:12.016+0000] {subprocess.py:106} INFO - [0m17:07:12  Connection:
[2026-03-30T17:07:12.016+0000] {subprocess.py:106} INFO - [0m17:07:12    account: BBMCDSP-CT02489
[2026-03-30T17:07:12.016+0000] {subprocess.py:106} INFO - [0m17:07:12    user: user123
[2026-03-30T17:07:12.017+0000] {subprocess.py:106} INFO - [0m17:07:12    database: BANKING
[2026-03-30T17:07:12.017+0000] {subprocess.py:106} INFO - [0m17:07:12    warehouse: COMPUTE_WH
[2026-03-30T17:07:12.018+0000] {subprocess.py:106} INFO - [0m17:07:12    role: dbtadmin
[2026-03-30T17:07:12.018+0000] {subprocess.py:106} INFO - [0m17:07:12    schema: PUBLIC
[2026-03-30T17:07:12.018+0000] {subprocess.py:106} INFO - [0m17:07:12    authenticator: None
[2026-03-30T17:07:12.019+0000] {subprocess.py:106} INFO - [0m17:07:12    oauth_client_id: None
[2026-03-30T17:07:12.019+0000] {subprocess.py:106} INFO - [0m17:07:12    query_tag: None
[2026-03-30T17:07:12.019+0000] {subprocess.py:106} INFO - [0m17:07:12    client_session_keep_alive: False
[2026-03-30T17:07:12.019+0000] {subprocess.py:106} INFO - [0m17:07:12    host: None
[2026-03-30T17:07:12.020+0000] {subprocess.py:106} INFO - [0m17:07:12    port: None
[2026-03-30T17:07:12.020+0000] {subprocess.py:106} INFO - [0m17:07:12    proxy_host: None
[2026-03-30T17:07:12.020+0000] {subprocess.py:106} INFO - [0m17:07:12    proxy_port: None
[2026-03-30T17:07:12.021+0000] {subprocess.py:106} INFO - [0m17:07:12    protocol: None
[2026-03-30T17:07:12.021+0000] {subprocess.py:106} INFO - [0m17:07:12    connect_retries: 1
[2026-03-30T17:07:12.021+0000] {subprocess.py:106} INFO - [0m17:07:12    connect_timeout: None
[2026-03-30T17:07:12.022+0000] {subprocess.py:106} INFO - [0m17:07:12    retry_on_database_errors: False
[2026-03-30T17:07:12.022+0000] {subprocess.py:106} INFO - [0m17:07:12    retry_all: False
[2026-03-30T17:07:12.022+0000] {subprocess.py:106} INFO - [0m17:07:12    insecure_mode: False
[2026-03-30T17:07:12.022+0000] {subprocess.py:106} INFO - [0m17:07:12    reuse_connections: True
[2026-03-30T17:07:12.023+0000] {subprocess.py:106} INFO - [0m17:07:12    s3_stage_vpce_dns_name: None
[2026-03-30T17:07:12.023+0000] {subprocess.py:106} INFO - [0m17:07:12    platform_detection_timeout_seconds: 0.0
[2026-03-30T17:07:12.023+0000] {subprocess.py:106} INFO - [0m17:07:12  Registered adapter: snowflake=1.11.3
[2026-03-30T17:07:12.803+0000] {subprocess.py:106} INFO - [0m17:07:12    Connection test: [[32mOK connection ok[0m]
[2026-03-30T17:07:12.803+0000] {subprocess.py:106} INFO - 
[2026-03-30T17:07:12.804+0000] {subprocess.py:106} INFO - [0m17:07:12  [31m1 check failed:[0m
[2026-03-30T17:07:12.805+0000] {subprocess.py:106} INFO - [0m17:07:12  Error from git --help: Could not find command, ensure it is in the user's PATH: "git"
[2026-03-30T17:07:12.806+0000] {subprocess.py:106} INFO - 
[2026-03-30T17:07:14.797+0000] {subprocess.py:110} INFO - Command exited with return code 1
[2026-03-30T17:07:14.800+0000] {taskinstance.py:441} INFO - ::group::Post task execution logs
[2026-03-30T17:07:14.831+0000] {taskinstance.py:2905} ERROR - Task failed with exception
Traceback (most recent call last):
  File "/home/airflow/.local/lib/python3.12/site-packages/airflow/models/taskinstance.py", line 465, in _execute_task
    result = _execute_callable(context=context, **execute_callable_kwargs)
             ^^^^^^^^^^^^^^^^^^^^^^^^^^^^^^^^^^^^^^^^^^^^^^^^^^^^^^^^^^^^^
  File "/home/airflow/.local/lib/python3.12/site-packages/airflow/models/taskinstance.py", line 432, in _execute_callable
    return execute_callable(context=context, **execute_callable_kwargs)
           ^^^^^^^^^^^^^^^^^^^^^^^^^^^^^^^^^^^^^^^^^^^^^^^^^^^^^^^^^^^^
  File "/home/airflow/.local/lib/python3.12/site-packages/airflow/models/baseoperator.py", line 401, in wrapper
    return func(self, *args, **kwargs)
           ^^^^^^^^^^^^^^^^^^^^^^^^^^^
  File "/home/airflow/.local/lib/python3.12/site-packages/airflow/providers/standard/operators/bash.py", line 233, in execute
    raise AirflowException(
airflow.exceptions.AirflowException: Bash command failed. The command returned a non-zero exit code 1.
[2026-03-30T17:07:14.841+0000] {taskinstance.py:1206} INFO - Marking task as FAILED. dag_id=banking_01_bronze_layer, task_id=debug, run_id=scheduled__2026-03-30T16:30:00+00:00, execution_date=20260330T163000, start_date=20260330T170710, end_date=20260330T170714
[2026-03-30T17:07:14.862+0000] {standard_task_runner.py:110} ERROR - Failed to execute job 8395 for task debug (Bash command failed. The command returned a non-zero exit code 1.; 18435)
[2026-03-30T17:07:14.876+0000] {local_task_job_runner.py:243} INFO - Task exited with return code 1
[2026-03-30T17:07:14.908+0000] {taskinstance.py:3503} INFO - 0 downstream tasks scheduled from follow-on schedule check
[2026-03-30T17:07:14.909+0000] {local_task_job_runner.py:222} INFO - ::endgroup::
