[2026-03-30T17:00:59.478+0000] {local_task_job_runner.py:120} INFO - ::group::Pre task execution logs
[2026-03-30T17:00:59.495+0000] {taskinstance.py:2076} INFO - Dependencies all met for dep_context=non-requeueable deps ti=<TaskInstance: banking_01_bronze_layer.debug scheduled__2026-03-30T16:30:00+00:00 [queued]>
[2026-03-30T17:00:59.498+0000] {taskinstance.py:2076} INFO - Dependencies all met for dep_context=requeueable deps ti=<TaskInstance: banking_01_bronze_layer.debug scheduled__2026-03-30T16:30:00+00:00 [queued]>
[2026-03-30T17:00:59.499+0000] {taskinstance.py:2306} INFO - Starting attempt 1 of 2
[2026-03-30T17:00:59.505+0000] {taskinstance.py:2330} INFO - Executing <Task(BashOperator): debug> on 2026-03-30 16:30:00+00:00
[2026-03-30T17:00:59.508+0000] {standard_task_runner.py:64} INFO - Started process 17234 to run task
[2026-03-30T17:00:59.510+0000] {standard_task_runner.py:90} INFO - Running: ['***', 'tasks', 'run', 'banking_01_bronze_layer', 'debug', 'scheduled__2026-03-30T16:30:00+00:00', '--job-id', '8334', '--raw', '--subdir', 'DAGS_FOLDER/dbt.py', '--cfg-path', '/tmp/tmpfgbbpfm4']
[2026-03-30T17:00:59.511+0000] {standard_task_runner.py:91} INFO - Job 8334: Subtask debug
[2026-03-30T17:00:59.540+0000] {task_command.py:426} INFO - Running <TaskInstance: banking_01_bronze_layer.debug scheduled__2026-03-30T16:30:00+00:00 [running]> on host c990dffe13ae
[2026-03-30T17:00:59.611+0000] {taskinstance.py:2648} INFO - Exporting env vars: AIRFLOW_CTX_DAG_OWNER='risheek' AIRFLOW_CTX_DAG_ID='banking_01_bronze_layer' AIRFLOW_CTX_TASK_ID='debug' AIRFLOW_CTX_EXECUTION_DATE='2026-03-30T16:30:00+00:00' AIRFLOW_CTX_TRY_NUMBER='1' AIRFLOW_CTX_DAG_RUN_ID='scheduled__2026-03-30T16:30:00+00:00'
[2026-03-30T17:00:59.612+0000] {taskinstance.py:430} INFO - ::endgroup::
[2026-03-30T17:00:59.613+0000] {subprocess.py:78} INFO - Tmp dir root location: /tmp
[2026-03-30T17:00:59.613+0000] {subprocess.py:88} INFO - Running command: ['/usr/bin/bash', '-c', 'dbt debug --profiles-dir /opt/***/dbt/trans_snowf']
[2026-03-30T17:00:59.617+0000] {subprocess.py:99} INFO - Output:
[2026-03-30T17:01:01.029+0000] {subprocess.py:106} INFO - [0m17:01:01  Running with dbt=1.11.7
[2026-03-30T17:01:01.038+0000] {subprocess.py:106} INFO - [0m17:01:01  dbt version: 1.11.7
[2026-03-30T17:01:01.039+0000] {subprocess.py:106} INFO - [0m17:01:01  python version: 3.12.4
[2026-03-30T17:01:01.039+0000] {subprocess.py:106} INFO - [0m17:01:01  python path: /home/***/.local/bin/python
[2026-03-30T17:01:01.039+0000] {subprocess.py:106} INFO - [0m17:01:01  os info: Linux-6.12.76-linuxkit-aarch64-with-glibc2.36
[2026-03-30T17:01:01.513+0000] {subprocess.py:106} INFO - [0m17:01:01  Using profiles dir at /opt/***/dbt/trans_snowf
[2026-03-30T17:01:01.514+0000] {subprocess.py:106} INFO - [0m17:01:01  Using profiles.yml file at /opt/***/dbt/trans_snowf/profiles.yml
[2026-03-30T17:01:01.514+0000] {subprocess.py:106} INFO - [0m17:01:01  Using dbt_project.yml file at /opt/***/dbt/trans_snowf/dbt_project.yml
[2026-03-30T17:01:01.515+0000] {subprocess.py:106} INFO - [0m17:01:01  adapter type: snowflake
[2026-03-30T17:01:01.515+0000] {subprocess.py:106} INFO - [0m17:01:01  adapter version: 1.11.3
[2026-03-30T17:01:01.568+0000] {subprocess.py:106} INFO - [0m17:01:01  Configuration:
[2026-03-30T17:01:01.569+0000] {subprocess.py:106} INFO - [0m17:01:01    profiles.yml file [[32mOK found and valid[0m]
[2026-03-30T17:01:01.569+0000] {subprocess.py:106} INFO - [0m17:01:01    dbt_project.yml file [[32mOK found and valid[0m]
[2026-03-30T17:01:01.570+0000] {subprocess.py:106} INFO - [0m17:01:01  Required dependencies:
[2026-03-30T17:01:01.571+0000] {subprocess.py:106} INFO - [0m17:01:01   - git [[31mERROR[0m]
[2026-03-30T17:01:01.571+0000] {subprocess.py:106} INFO - 
[2026-03-30T17:01:01.571+0000] {subprocess.py:106} INFO - [0m17:01:01  Connection:
[2026-03-30T17:01:01.571+0000] {subprocess.py:106} INFO - [0m17:01:01    account: BBMCDSP-CT02489
[2026-03-30T17:01:01.572+0000] {subprocess.py:106} INFO - [0m17:01:01    user: user123
[2026-03-30T17:01:01.572+0000] {subprocess.py:106} INFO - [0m17:01:01    database: BANKING
[2026-03-30T17:01:01.573+0000] {subprocess.py:106} INFO - [0m17:01:01    warehouse: COMPUTE_WH
[2026-03-30T17:01:01.573+0000] {subprocess.py:106} INFO - [0m17:01:01    role: dbtadmin
[2026-03-30T17:01:01.574+0000] {subprocess.py:106} INFO - [0m17:01:01    schema: PUBLIC
[2026-03-30T17:01:01.574+0000] {subprocess.py:106} INFO - [0m17:01:01    authenticator: None
[2026-03-30T17:01:01.575+0000] {subprocess.py:106} INFO - [0m17:01:01    oauth_client_id: None
[2026-03-30T17:01:01.575+0000] {subprocess.py:106} INFO - [0m17:01:01    query_tag: None
[2026-03-30T17:01:01.575+0000] {subprocess.py:106} INFO - [0m17:01:01    client_session_keep_alive: False
[2026-03-30T17:01:01.576+0000] {subprocess.py:106} INFO - [0m17:01:01    host: None
[2026-03-30T17:01:01.576+0000] {subprocess.py:106} INFO - [0m17:01:01    port: None
[2026-03-30T17:01:01.576+0000] {subprocess.py:106} INFO - [0m17:01:01    proxy_host: None
[2026-03-30T17:01:01.577+0000] {subprocess.py:106} INFO - [0m17:01:01    proxy_port: None
[2026-03-30T17:01:01.577+0000] {subprocess.py:106} INFO - [0m17:01:01    protocol: None
[2026-03-30T17:01:01.577+0000] {subprocess.py:106} INFO - [0m17:01:01    connect_retries: 1
[2026-03-30T17:01:01.578+0000] {subprocess.py:106} INFO - [0m17:01:01    connect_timeout: None
[2026-03-30T17:01:01.578+0000] {subprocess.py:106} INFO - [0m17:01:01    retry_on_database_errors: False
[2026-03-30T17:01:01.578+0000] {subprocess.py:106} INFO - [0m17:01:01    retry_all: False
[2026-03-30T17:01:01.578+0000] {subprocess.py:106} INFO - [0m17:01:01    insecure_mode: False
[2026-03-30T17:01:01.579+0000] {subprocess.py:106} INFO - [0m17:01:01    reuse_connections: True
[2026-03-30T17:01:01.579+0000] {subprocess.py:106} INFO - [0m17:01:01    s3_stage_vpce_dns_name: None
[2026-03-30T17:01:01.580+0000] {subprocess.py:106} INFO - [0m17:01:01    platform_detection_timeout_seconds: 0.0
[2026-03-30T17:01:01.580+0000] {subprocess.py:106} INFO - [0m17:01:01  Registered adapter: snowflake=1.11.3
[2026-03-30T17:01:02.431+0000] {subprocess.py:106} INFO - [0m17:01:02    Connection test: [[32mOK connection ok[0m]
[2026-03-30T17:01:02.433+0000] {subprocess.py:106} INFO - 
[2026-03-30T17:01:02.434+0000] {subprocess.py:106} INFO - [0m17:01:02  [31m1 check failed:[0m
[2026-03-30T17:01:02.435+0000] {subprocess.py:106} INFO - [0m17:01:02  Error from git --help: Could not find command, ensure it is in the user's PATH: "git"
[2026-03-30T17:01:02.435+0000] {subprocess.py:106} INFO - 
[2026-03-30T17:01:04.524+0000] {subprocess.py:110} INFO - Command exited with return code 1
[2026-03-30T17:01:04.535+0000] {taskinstance.py:441} INFO - ::group::Post task execution logs
[2026-03-30T17:01:04.577+0000] {taskinstance.py:2905} ERROR - Task failed with exception
Traceback (most recent call last):
  File "/home/airflow/.local/lib/python3.12/site-packages/airflow/models/taskinstance.py", line 465, in _execute_task
    result = _execute_callable(context=context, **execute_callable_kwargs)
             ^^^^^^^^^^^^^^^^^^^^^^^^^^^^^^^^^^^^^^^^^^^^^^^^^^^^^^^^^^^^^
  File "/home/airflow/.local/lib/python3.12/site-packages/airflow/models/taskinstance.py", line 432, in _execute_callable
    return execute_callable(context=context, **execute_callable_kwargs)
           ^^^^^^^^^^^^^^^^^^^^^^^^^^^^^^^^^^^^^^^^^^^^^^^^^^^^^^^^^^^^
  File "/home/airflow/.local/lib/python3.12/site-packages/airflow/models/baseoperator.py", line 401, in wrapper
    return func(self, *args, **kwargs)
           ^^^^^^^^^^^^^^^^^^^^^^^^^^^
  File "/home/airflow/.local/lib/python3.12/site-packages/airflow/providers/standard/operators/bash.py", line 233, in execute
    raise AirflowException(
airflow.exceptions.AirflowException: Bash command failed. The command returned a non-zero exit code 1.
[2026-03-30T17:01:04.586+0000] {taskinstance.py:1206} INFO - Marking task as UP_FOR_RETRY. dag_id=banking_01_bronze_layer, task_id=debug, run_id=scheduled__2026-03-30T16:30:00+00:00, execution_date=20260330T163000, start_date=20260330T170059, end_date=20260330T170104
[2026-03-30T17:01:04.614+0000] {standard_task_runner.py:110} ERROR - Failed to execute job 8334 for task debug (Bash command failed. The command returned a non-zero exit code 1.; 17234)
[2026-03-30T17:01:04.624+0000] {local_task_job_runner.py:243} INFO - Task exited with return code 1
[2026-03-30T17:01:04.643+0000] {taskinstance.py:3503} INFO - 0 downstream tasks scheduled from follow-on schedule check
[2026-03-30T17:01:04.644+0000] {local_task_job_runner.py:222} INFO - ::endgroup::
