[2026-03-28T23:47:15.732+0000] {local_task_job_runner.py:120} INFO - ::group::Pre task execution logs
[2026-03-28T23:47:15.746+0000] {taskinstance.py:2076} INFO - Dependencies all met for dep_context=non-requeueable deps ti=<TaskInstance: banking_01_bronze_layer.debug scheduled__2026-03-28T23:00:00+00:00 [queued]>
[2026-03-28T23:47:15.749+0000] {taskinstance.py:2076} INFO - Dependencies all met for dep_context=requeueable deps ti=<TaskInstance: banking_01_bronze_layer.debug scheduled__2026-03-28T23:00:00+00:00 [queued]>
[2026-03-28T23:47:15.749+0000] {taskinstance.py:2306} INFO - Starting attempt 2 of 2
[2026-03-28T23:47:15.755+0000] {taskinstance.py:2330} INFO - Executing <Task(BashOperator): debug> on 2026-03-28 23:00:00+00:00
[2026-03-28T23:47:15.757+0000] {standard_task_runner.py:64} INFO - Started process 14454 to run task
[2026-03-28T23:47:15.759+0000] {standard_task_runner.py:90} INFO - Running: ['***', 'tasks', 'run', 'banking_01_bronze_layer', 'debug', 'scheduled__2026-03-28T23:00:00+00:00', '--job-id', '7019', '--raw', '--subdir', 'DAGS_FOLDER/dbt.py', '--cfg-path', '/tmp/tmph5ue8k4v']
[2026-03-28T23:47:15.760+0000] {standard_task_runner.py:91} INFO - Job 7019: Subtask debug
[2026-03-28T23:47:15.788+0000] {task_command.py:426} INFO - Running <TaskInstance: banking_01_bronze_layer.debug scheduled__2026-03-28T23:00:00+00:00 [running]> on host c990dffe13ae
[2026-03-28T23:47:15.827+0000] {taskinstance.py:2648} INFO - Exporting env vars: AIRFLOW_CTX_DAG_OWNER='risheek' AIRFLOW_CTX_DAG_ID='banking_01_bronze_layer' AIRFLOW_CTX_TASK_ID='debug' AIRFLOW_CTX_EXECUTION_DATE='2026-03-28T23:00:00+00:00' AIRFLOW_CTX_TRY_NUMBER='2' AIRFLOW_CTX_DAG_RUN_ID='scheduled__2026-03-28T23:00:00+00:00'
[2026-03-28T23:47:15.828+0000] {taskinstance.py:430} INFO - ::endgroup::
[2026-03-28T23:47:15.828+0000] {subprocess.py:78} INFO - Tmp dir root location: /tmp
[2026-03-28T23:47:15.829+0000] {subprocess.py:88} INFO - Running command: ['/usr/bin/bash', '-c', 'dbt debug --profiles-dir /opt/***/dbt/trans_snowf']
[2026-03-28T23:47:15.832+0000] {subprocess.py:99} INFO - Output:
[2026-03-28T23:47:17.008+0000] {subprocess.py:106} INFO - [0m23:47:17  Running with dbt=1.11.7
[2026-03-28T23:47:17.013+0000] {subprocess.py:106} INFO - [0m23:47:17  dbt version: 1.11.7
[2026-03-28T23:47:17.014+0000] {subprocess.py:106} INFO - [0m23:47:17  python version: 3.12.4
[2026-03-28T23:47:17.014+0000] {subprocess.py:106} INFO - [0m23:47:17  python path: /home/***/.local/bin/python
[2026-03-28T23:47:17.014+0000] {subprocess.py:106} INFO - [0m23:47:17  os info: Linux-6.12.76-linuxkit-aarch64-with-glibc2.36
[2026-03-28T23:47:17.379+0000] {subprocess.py:106} INFO - [0m23:47:17  Using profiles dir at /opt/***/dbt/trans_snowf
[2026-03-28T23:47:17.380+0000] {subprocess.py:106} INFO - [0m23:47:17  Using profiles.yml file at /opt/***/dbt/trans_snowf/profiles.yml
[2026-03-28T23:47:17.380+0000] {subprocess.py:106} INFO - [0m23:47:17  Using dbt_project.yml file at /opt/***/dbt/trans_snowf/dbt_project.yml
[2026-03-28T23:47:17.381+0000] {subprocess.py:106} INFO - [0m23:47:17  adapter type: snowflake
[2026-03-28T23:47:17.381+0000] {subprocess.py:106} INFO - [0m23:47:17  adapter version: 1.11.3
[2026-03-28T23:47:17.433+0000] {subprocess.py:106} INFO - [0m23:47:17  Configuration:
[2026-03-28T23:47:17.433+0000] {subprocess.py:106} INFO - [0m23:47:17    profiles.yml file [[32mOK found and valid[0m]
[2026-03-28T23:47:17.434+0000] {subprocess.py:106} INFO - [0m23:47:17    dbt_project.yml file [[32mOK found and valid[0m]
[2026-03-28T23:47:17.434+0000] {subprocess.py:106} INFO - [0m23:47:17  Required dependencies:
[2026-03-28T23:47:17.435+0000] {subprocess.py:106} INFO - [0m23:47:17   - git [[31mERROR[0m]
[2026-03-28T23:47:17.435+0000] {subprocess.py:106} INFO - 
[2026-03-28T23:47:17.435+0000] {subprocess.py:106} INFO - [0m23:47:17  Connection:
[2026-03-28T23:47:17.436+0000] {subprocess.py:106} INFO - [0m23:47:17    account: BBMCDSP-CT02489
[2026-03-28T23:47:17.436+0000] {subprocess.py:106} INFO - [0m23:47:17    user: user123
[2026-03-28T23:47:17.436+0000] {subprocess.py:106} INFO - [0m23:47:17    database: BANKING
[2026-03-28T23:47:17.437+0000] {subprocess.py:106} INFO - [0m23:47:17    warehouse: COMPUTE_WH
[2026-03-28T23:47:17.437+0000] {subprocess.py:106} INFO - [0m23:47:17    role: dbtadmin
[2026-03-28T23:47:17.437+0000] {subprocess.py:106} INFO - [0m23:47:17    schema: PUBLIC
[2026-03-28T23:47:17.438+0000] {subprocess.py:106} INFO - [0m23:47:17    authenticator: None
[2026-03-28T23:47:17.438+0000] {subprocess.py:106} INFO - [0m23:47:17    oauth_client_id: None
[2026-03-28T23:47:17.438+0000] {subprocess.py:106} INFO - [0m23:47:17    query_tag: None
[2026-03-28T23:47:17.439+0000] {subprocess.py:106} INFO - [0m23:47:17    client_session_keep_alive: False
[2026-03-28T23:47:17.439+0000] {subprocess.py:106} INFO - [0m23:47:17    host: None
[2026-03-28T23:47:17.439+0000] {subprocess.py:106} INFO - [0m23:47:17    port: None
[2026-03-28T23:47:17.440+0000] {subprocess.py:106} INFO - [0m23:47:17    proxy_host: None
[2026-03-28T23:47:17.440+0000] {subprocess.py:106} INFO - [0m23:47:17    proxy_port: None
[2026-03-28T23:47:17.440+0000] {subprocess.py:106} INFO - [0m23:47:17    protocol: None
[2026-03-28T23:47:17.440+0000] {subprocess.py:106} INFO - [0m23:47:17    connect_retries: 1
[2026-03-28T23:47:17.441+0000] {subprocess.py:106} INFO - [0m23:47:17    connect_timeout: None
[2026-03-28T23:47:17.441+0000] {subprocess.py:106} INFO - [0m23:47:17    retry_on_database_errors: False
[2026-03-28T23:47:17.441+0000] {subprocess.py:106} INFO - [0m23:47:17    retry_all: False
[2026-03-28T23:47:17.442+0000] {subprocess.py:106} INFO - [0m23:47:17    insecure_mode: False
[2026-03-28T23:47:17.442+0000] {subprocess.py:106} INFO - [0m23:47:17    reuse_connections: True
[2026-03-28T23:47:17.442+0000] {subprocess.py:106} INFO - [0m23:47:17    s3_stage_vpce_dns_name: None
[2026-03-28T23:47:17.443+0000] {subprocess.py:106} INFO - [0m23:47:17    platform_detection_timeout_seconds: 0.0
[2026-03-28T23:47:17.443+0000] {subprocess.py:106} INFO - [0m23:47:17  Registered adapter: snowflake=1.11.3
[2026-03-28T23:47:18.985+0000] {subprocess.py:106} INFO - [0m23:47:18    Connection test: [[31mERROR[0m]
[2026-03-28T23:47:18.985+0000] {subprocess.py:106} INFO - 
[2026-03-28T23:47:18.986+0000] {subprocess.py:106} INFO - [0m23:47:18  [31m2 checks failed:[0m
[2026-03-28T23:47:18.987+0000] {subprocess.py:106} INFO - [0m23:47:18  Error from git --help: Could not find command, ensure it is in the user's PATH: "git"
[2026-03-28T23:47:18.987+0000] {subprocess.py:106} INFO - 
[2026-03-28T23:47:18.988+0000] {subprocess.py:106} INFO - [0m23:47:18  dbt was unable to connect to the specified database.
[2026-03-28T23:47:18.988+0000] {subprocess.py:106} INFO - The database returned the following error:
[2026-03-28T23:47:18.989+0000] {subprocess.py:106} INFO - 
[2026-03-28T23:47:18.989+0000] {subprocess.py:106} INFO -   >Database Error
[2026-03-28T23:47:18.990+0000] {subprocess.py:106} INFO -   250001 (08001): Failed to connect to DB: BBMCDSP-CT02489.snowflakecomputing.com:443. JWT token is invalid. [bce75730-e165-41b9-99ed-2402943f8fc8]
[2026-03-28T23:47:18.990+0000] {subprocess.py:106} INFO - 
[2026-03-28T23:47:18.991+0000] {subprocess.py:106} INFO - Check your database credentials and try again. For more information, visit:
[2026-03-28T23:47:18.991+0000] {subprocess.py:106} INFO - https://docs.getdbt.com/docs/configure-your-profile
[2026-03-28T23:47:18.991+0000] {subprocess.py:106} INFO - 
[2026-03-28T23:47:18.992+0000] {subprocess.py:106} INFO - 
[2026-03-28T23:47:19.811+0000] {subprocess.py:110} INFO - Command exited with return code 1
[2026-03-28T23:47:19.812+0000] {taskinstance.py:441} INFO - ::group::Post task execution logs
[2026-03-28T23:47:19.822+0000] {taskinstance.py:2905} ERROR - Task failed with exception
Traceback (most recent call last):
  File "/home/airflow/.local/lib/python3.12/site-packages/airflow/models/taskinstance.py", line 465, in _execute_task
    result = _execute_callable(context=context, **execute_callable_kwargs)
             ^^^^^^^^^^^^^^^^^^^^^^^^^^^^^^^^^^^^^^^^^^^^^^^^^^^^^^^^^^^^^
  File "/home/airflow/.local/lib/python3.12/site-packages/airflow/models/taskinstance.py", line 432, in _execute_callable
    return execute_callable(context=context, **execute_callable_kwargs)
           ^^^^^^^^^^^^^^^^^^^^^^^^^^^^^^^^^^^^^^^^^^^^^^^^^^^^^^^^^^^^
  File "/home/airflow/.local/lib/python3.12/site-packages/airflow/models/baseoperator.py", line 401, in wrapper
    return func(self, *args, **kwargs)
           ^^^^^^^^^^^^^^^^^^^^^^^^^^^
  File "/home/airflow/.local/lib/python3.12/site-packages/airflow/providers/standard/operators/bash.py", line 233, in execute
    raise AirflowException(
airflow.exceptions.AirflowException: Bash command failed. The command returned a non-zero exit code 1.
[2026-03-28T23:47:19.824+0000] {taskinstance.py:1206} INFO - Marking task as FAILED. dag_id=banking_01_bronze_layer, task_id=debug, run_id=scheduled__2026-03-28T23:00:00+00:00, execution_date=20260328T230000, start_date=20260328T234715, end_date=20260328T234719
[2026-03-28T23:47:19.832+0000] {standard_task_runner.py:110} ERROR - Failed to execute job 7019 for task debug (Bash command failed. The command returned a non-zero exit code 1.; 14454)
[2026-03-28T23:47:19.871+0000] {local_task_job_runner.py:243} INFO - Task exited with return code 1
[2026-03-28T23:47:19.884+0000] {taskinstance.py:3503} INFO - 0 downstream tasks scheduled from follow-on schedule check
[2026-03-28T23:47:19.885+0000] {local_task_job_runner.py:222} INFO - ::endgroup::
