[2026-03-27T09:30:28.990+0000] {local_task_job_runner.py:120} INFO - ::group::Pre task execution logs
[2026-03-27T09:30:29.010+0000] {taskinstance.py:2076} INFO - Dependencies all met for dep_context=non-requeueable deps ti=<TaskInstance: banking_01_bronze_layer.debug scheduled__2026-03-27T09:00:00+00:00 [queued]>
[2026-03-27T09:30:29.013+0000] {taskinstance.py:2076} INFO - Dependencies all met for dep_context=requeueable deps ti=<TaskInstance: banking_01_bronze_layer.debug scheduled__2026-03-27T09:00:00+00:00 [queued]>
[2026-03-27T09:30:29.013+0000] {taskinstance.py:2306} INFO - Starting attempt 1 of 2
[2026-03-27T09:30:29.019+0000] {taskinstance.py:2330} INFO - Executing <Task(BashOperator): debug> on 2026-03-27 09:00:00+00:00
[2026-03-27T09:30:29.021+0000] {standard_task_runner.py:64} INFO - Started process 14057 to run task
[2026-03-27T09:30:29.023+0000] {standard_task_runner.py:90} INFO - Running: ['***', 'tasks', 'run', 'banking_01_bronze_layer', 'debug', 'scheduled__2026-03-27T09:00:00+00:00', '--job-id', '4180', '--raw', '--subdir', 'DAGS_FOLDER/dbt.py', '--cfg-path', '/tmp/tmpx9uyj8bp']
[2026-03-27T09:30:29.024+0000] {standard_task_runner.py:91} INFO - Job 4180: Subtask debug
[2026-03-27T09:30:29.051+0000] {task_command.py:426} INFO - Running <TaskInstance: banking_01_bronze_layer.debug scheduled__2026-03-27T09:00:00+00:00 [running]> on host c990dffe13ae
[2026-03-27T09:30:29.090+0000] {taskinstance.py:2648} INFO - Exporting env vars: AIRFLOW_CTX_DAG_OWNER='risheek' AIRFLOW_CTX_DAG_ID='banking_01_bronze_layer' AIRFLOW_CTX_TASK_ID='debug' AIRFLOW_CTX_EXECUTION_DATE='2026-03-27T09:00:00+00:00' AIRFLOW_CTX_TRY_NUMBER='1' AIRFLOW_CTX_DAG_RUN_ID='scheduled__2026-03-27T09:00:00+00:00'
[2026-03-27T09:30:29.091+0000] {taskinstance.py:430} INFO - ::endgroup::
[2026-03-27T09:30:29.091+0000] {subprocess.py:78} INFO - Tmp dir root location: /tmp
[2026-03-27T09:30:29.092+0000] {subprocess.py:88} INFO - Running command: ['/usr/bin/bash', '-c', 'dbt debug --profiles-dir /opt/***/dbt/trans_snowf']
[2026-03-27T09:30:29.095+0000] {subprocess.py:99} INFO - Output:
[2026-03-27T09:30:30.275+0000] {subprocess.py:106} INFO - [0m09:30:30  Running with dbt=1.11.7
[2026-03-27T09:30:30.281+0000] {subprocess.py:106} INFO - [0m09:30:30  dbt version: 1.11.7
[2026-03-27T09:30:30.281+0000] {subprocess.py:106} INFO - [0m09:30:30  python version: 3.12.4
[2026-03-27T09:30:30.282+0000] {subprocess.py:106} INFO - [0m09:30:30  python path: /home/***/.local/bin/python
[2026-03-27T09:30:30.282+0000] {subprocess.py:106} INFO - [0m09:30:30  os info: Linux-6.12.76-linuxkit-aarch64-with-glibc2.36
[2026-03-27T09:30:30.654+0000] {subprocess.py:106} INFO - [0m09:30:30  Using profiles dir at /opt/***/dbt/trans_snowf
[2026-03-27T09:30:30.654+0000] {subprocess.py:106} INFO - [0m09:30:30  Using profiles.yml file at /opt/***/dbt/trans_snowf/profiles.yml
[2026-03-27T09:30:30.655+0000] {subprocess.py:106} INFO - [0m09:30:30  Using dbt_project.yml file at /opt/***/dbt/trans_snowf/dbt_project.yml
[2026-03-27T09:30:30.655+0000] {subprocess.py:106} INFO - [0m09:30:30  adapter type: snowflake
[2026-03-27T09:30:30.656+0000] {subprocess.py:106} INFO - [0m09:30:30  adapter version: 1.11.3
[2026-03-27T09:30:30.706+0000] {subprocess.py:106} INFO - [0m09:30:30  Configuration:
[2026-03-27T09:30:30.707+0000] {subprocess.py:106} INFO - [0m09:30:30    profiles.yml file [[32mOK found and valid[0m]
[2026-03-27T09:30:30.707+0000] {subprocess.py:106} INFO - [0m09:30:30    dbt_project.yml file [[32mOK found and valid[0m]
[2026-03-27T09:30:30.707+0000] {subprocess.py:106} INFO - [0m09:30:30  Required dependencies:
[2026-03-27T09:30:30.708+0000] {subprocess.py:106} INFO - [0m09:30:30   - git [[31mERROR[0m]
[2026-03-27T09:30:30.709+0000] {subprocess.py:106} INFO - 
[2026-03-27T09:30:30.709+0000] {subprocess.py:106} INFO - [0m09:30:30  Connection:
[2026-03-27T09:30:30.709+0000] {subprocess.py:106} INFO - [0m09:30:30    account: BBMCDSP-CT02489
[2026-03-27T09:30:30.709+0000] {subprocess.py:106} INFO - [0m09:30:30    user: user123
[2026-03-27T09:30:30.710+0000] {subprocess.py:106} INFO - [0m09:30:30    database: BANKING
[2026-03-27T09:30:30.710+0000] {subprocess.py:106} INFO - [0m09:30:30    warehouse: COMPUTE_WH
[2026-03-27T09:30:30.710+0000] {subprocess.py:106} INFO - [0m09:30:30    role: dbtadmin
[2026-03-27T09:30:30.711+0000] {subprocess.py:106} INFO - [0m09:30:30    schema: PUBLIC
[2026-03-27T09:30:30.711+0000] {subprocess.py:106} INFO - [0m09:30:30    authenticator: None
[2026-03-27T09:30:30.711+0000] {subprocess.py:106} INFO - [0m09:30:30    oauth_client_id: None
[2026-03-27T09:30:30.712+0000] {subprocess.py:106} INFO - [0m09:30:30    query_tag: None
[2026-03-27T09:30:30.712+0000] {subprocess.py:106} INFO - [0m09:30:30    client_session_keep_alive: False
[2026-03-27T09:30:30.712+0000] {subprocess.py:106} INFO - [0m09:30:30    host: None
[2026-03-27T09:30:30.713+0000] {subprocess.py:106} INFO - [0m09:30:30    port: None
[2026-03-27T09:30:30.713+0000] {subprocess.py:106} INFO - [0m09:30:30    proxy_host: None
[2026-03-27T09:30:30.713+0000] {subprocess.py:106} INFO - [0m09:30:30    proxy_port: None
[2026-03-27T09:30:30.714+0000] {subprocess.py:106} INFO - [0m09:30:30    protocol: None
[2026-03-27T09:30:30.714+0000] {subprocess.py:106} INFO - [0m09:30:30    connect_retries: 1
[2026-03-27T09:30:30.714+0000] {subprocess.py:106} INFO - [0m09:30:30    connect_timeout: None
[2026-03-27T09:30:30.714+0000] {subprocess.py:106} INFO - [0m09:30:30    retry_on_database_errors: False
[2026-03-27T09:30:30.715+0000] {subprocess.py:106} INFO - [0m09:30:30    retry_all: False
[2026-03-27T09:30:30.715+0000] {subprocess.py:106} INFO - [0m09:30:30    insecure_mode: False
[2026-03-27T09:30:30.715+0000] {subprocess.py:106} INFO - [0m09:30:30    reuse_connections: True
[2026-03-27T09:30:30.716+0000] {subprocess.py:106} INFO - [0m09:30:30    s3_stage_vpce_dns_name: None
[2026-03-27T09:30:30.716+0000] {subprocess.py:106} INFO - [0m09:30:30    platform_detection_timeout_seconds: 0.0
[2026-03-27T09:30:30.717+0000] {subprocess.py:106} INFO - [0m09:30:30  Registered adapter: snowflake=1.11.3
[2026-03-27T09:30:31.483+0000] {subprocess.py:106} INFO - [0m09:30:31    Connection test: [[32mOK connection ok[0m]
[2026-03-27T09:30:31.484+0000] {subprocess.py:106} INFO - 
[2026-03-27T09:30:31.485+0000] {subprocess.py:106} INFO - [0m09:30:31  [31m1 check failed:[0m
[2026-03-27T09:30:31.486+0000] {subprocess.py:106} INFO - [0m09:30:31  Error from git --help: Could not find command, ensure it is in the user's PATH: "git"
[2026-03-27T09:30:31.486+0000] {subprocess.py:106} INFO - 
[2026-03-27T09:30:33.632+0000] {subprocess.py:110} INFO - Command exited with return code 1
[2026-03-27T09:30:33.633+0000] {taskinstance.py:441} INFO - ::group::Post task execution logs
[2026-03-27T09:30:33.653+0000] {taskinstance.py:2905} ERROR - Task failed with exception
Traceback (most recent call last):
  File "/home/airflow/.local/lib/python3.12/site-packages/airflow/models/taskinstance.py", line 465, in _execute_task
    result = _execute_callable(context=context, **execute_callable_kwargs)
             ^^^^^^^^^^^^^^^^^^^^^^^^^^^^^^^^^^^^^^^^^^^^^^^^^^^^^^^^^^^^^
  File "/home/airflow/.local/lib/python3.12/site-packages/airflow/models/taskinstance.py", line 432, in _execute_callable
    return execute_callable(context=context, **execute_callable_kwargs)
           ^^^^^^^^^^^^^^^^^^^^^^^^^^^^^^^^^^^^^^^^^^^^^^^^^^^^^^^^^^^^
  File "/home/airflow/.local/lib/python3.12/site-packages/airflow/models/baseoperator.py", line 401, in wrapper
    return func(self, *args, **kwargs)
           ^^^^^^^^^^^^^^^^^^^^^^^^^^^
  File "/home/airflow/.local/lib/python3.12/site-packages/airflow/providers/standard/operators/bash.py", line 233, in execute
    raise AirflowException(
airflow.exceptions.AirflowException: Bash command failed. The command returned a non-zero exit code 1.
[2026-03-27T09:30:33.657+0000] {taskinstance.py:1206} INFO - Marking task as UP_FOR_RETRY. dag_id=banking_01_bronze_layer, task_id=debug, run_id=scheduled__2026-03-27T09:00:00+00:00, execution_date=20260327T090000, start_date=20260327T093029, end_date=20260327T093033
[2026-03-27T09:30:33.678+0000] {standard_task_runner.py:110} ERROR - Failed to execute job 4180 for task debug (Bash command failed. The command returned a non-zero exit code 1.; 14057)
[2026-03-27T09:30:33.695+0000] {local_task_job_runner.py:243} INFO - Task exited with return code 1
[2026-03-27T09:30:33.715+0000] {taskinstance.py:3503} INFO - 0 downstream tasks scheduled from follow-on schedule check
[2026-03-27T09:30:33.717+0000] {local_task_job_runner.py:222} INFO - ::endgroup::
