[2026-03-10T08:05:34.342+0000] {local_task_job_runner.py:120} INFO - ::group::Pre task execution logs
[2026-03-10T08:05:34.361+0000] {taskinstance.py:2076} INFO - Dependencies all met for dep_context=non-requeueable deps ti=<TaskInstance: transfer_from_minio_to_snowflake.create_raw manual__2026-03-10T07:55:21.467578+00:00 [queued]>
[2026-03-10T08:05:34.365+0000] {taskinstance.py:2076} INFO - Dependencies all met for dep_context=requeueable deps ti=<TaskInstance: transfer_from_minio_to_snowflake.create_raw manual__2026-03-10T07:55:21.467578+00:00 [queued]>
[2026-03-10T08:05:34.365+0000] {taskinstance.py:2306} INFO - Starting attempt 3 of 3
[2026-03-10T08:05:34.372+0000] {taskinstance.py:2330} INFO - Executing <Task(SQLExecuteQueryOperator): create_raw> on 2026-03-10 07:55:21.467578+00:00
[2026-03-10T08:05:34.386+0000] {logging_mixin.py:188} WARNING - /home/***/.local/lib/python3.12/site-packages/***/task/task_runner/standard_task_runner.py:62 DeprecationWarning: This process (pid=1662) is multi-threaded, use of fork() may lead to deadlocks in the child.
[2026-03-10T08:05:34.387+0000] {standard_task_runner.py:64} INFO - Started process 1674 to run task
[2026-03-10T08:05:34.386+0000] {standard_task_runner.py:90} INFO - Running: ['***', 'tasks', 'run', 'transfer_from_minio_to_snowflake', 'create_raw', 'manual__2026-03-10T07:55:21.467578+00:00', '--job-id', '81', '--raw', '--subdir', 'DAGS_FOLDER/transfer.py', '--cfg-path', '/tmp/tmp_x0t0gjb']
[2026-03-10T08:05:34.388+0000] {standard_task_runner.py:91} INFO - Job 81: Subtask create_raw
[2026-03-10T08:05:34.437+0000] {task_command.py:426} INFO - Running <TaskInstance: transfer_from_minio_to_snowflake.create_raw manual__2026-03-10T07:55:21.467578+00:00 [running]> on host 2f61e461b291
[2026-03-10T08:05:34.722+0000] {taskinstance.py:2648} INFO - Exporting env vars: AIRFLOW_CTX_DAG_OWNER='***' AIRFLOW_CTX_DAG_ID='transfer_from_minio_to_snowflake' AIRFLOW_CTX_TASK_ID='create_raw' AIRFLOW_CTX_EXECUTION_DATE='2026-03-10T07:55:21.467578+00:00' AIRFLOW_CTX_TRY_NUMBER='3' AIRFLOW_CTX_DAG_RUN_ID='manual__2026-03-10T07:55:21.467578+00:00'
[2026-03-10T08:05:34.723+0000] {taskinstance.py:430} INFO - ::endgroup::
[2026-03-10T08:05:34.723+0000] {sql.py:282} INFO - Executing:  CREATE TABLE IF NOT EXISTS RAW (
                    raw_json VARIANT,
                    inserted_at TIMESTAMP_NTZ DEFAULT CURRENT_TIMESTAMP());
                  
[2026-03-10T08:05:34.734+0000] {base.py:84} INFO - Using connection ID 'warehouse_id' for task execution.
[2026-03-10T08:05:34.769+0000] {base.py:84} INFO - Using connection ID 'warehouse_id' for task execution.
[2026-03-10T08:05:34.811+0000] {connection.py:613} INFO - Snowflake Connector for Python Version: 4.3.0, Python Version: 3.12.4, Platform: Linux-6.12.72-linuxkit-aarch64-with-glibc2.36
[2026-03-10T08:05:34.812+0000] {connection.py:1709} INFO - Connecting to GLOBAL Snowflake domain
[2026-03-10T08:05:37.512+0000] {sql.py:495} INFO - Running statement: CREATE TABLE IF NOT EXISTS RAW (
                    raw_json VARIANT,
                    inserted_at TIMESTAMP_NTZ DEFAULT CURRENT_TIMESTAMP());, parameters: None
[2026-03-10T08:05:37.678+0000] {sql.py:504} INFO - Rows affected: 1
[2026-03-10T08:05:37.680+0000] {snowflake.py:422} INFO - Rows affected: 1
[2026-03-10T08:05:37.681+0000] {snowflake.py:423} INFO - Snowflake query id: 01c2ee25-3202-6cb7-0000-001490e69441
[2026-03-10T08:05:38.159+0000] {taskinstance.py:441} INFO - ::group::Post task execution logs
[2026-03-10T08:05:38.205+0000] {taskinstance.py:1206} INFO - Marking task as SUCCESS. dag_id=transfer_from_minio_to_snowflake, task_id=create_raw, run_id=manual__2026-03-10T07:55:21.467578+00:00, execution_date=20260310T075521, start_date=20260310T080534, end_date=20260310T080538
[2026-03-10T08:05:38.259+0000] {local_task_job_runner.py:243} INFO - Task exited with return code 0
[2026-03-10T08:05:38.360+0000] {taskinstance.py:3503} INFO - 1 downstream tasks scheduled from follow-on schedule check
[2026-03-10T08:05:38.362+0000] {local_task_job_runner.py:222} INFO - ::endgroup::
