[2026-03-25T15:20:10.975+0000] {local_task_job_runner.py:120} INFO - ::group::Pre task execution logs
[2026-03-25T15:20:10.993+0000] {taskinstance.py:2076} INFO - Dependencies all met for dep_context=non-requeueable deps ti=<TaskInstance: banking_01_bronze_layer.build_bronze_cust manual__2026-03-25T15:19:58.104677+00:00 [queued]>
[2026-03-25T15:20:10.997+0000] {taskinstance.py:2076} INFO - Dependencies all met for dep_context=requeueable deps ti=<TaskInstance: banking_01_bronze_layer.build_bronze_cust manual__2026-03-25T15:19:58.104677+00:00 [queued]>
[2026-03-25T15:20:10.997+0000] {taskinstance.py:2306} INFO - Starting attempt 1 of 2
[2026-03-25T15:20:11.004+0000] {taskinstance.py:2330} INFO - Executing <Task(BashOperator): build_bronze_cust> on 2026-03-25 15:19:58.104677+00:00
[2026-03-25T15:20:11.009+0000] {standard_task_runner.py:64} INFO - Started process 6360 to run task
[2026-03-25T15:20:11.012+0000] {standard_task_runner.py:90} INFO - Running: ['***', 'tasks', 'run', 'banking_01_bronze_layer', 'build_bronze_cust', 'manual__2026-03-25T15:19:58.104677+00:00', '--job-id', '1676', '--raw', '--subdir', 'DAGS_FOLDER/dbt.py', '--cfg-path', '/tmp/tmp7yb7k1q2']
[2026-03-25T15:20:11.014+0000] {standard_task_runner.py:91} INFO - Job 1676: Subtask build_bronze_cust
[2026-03-25T15:20:11.064+0000] {task_command.py:426} INFO - Running <TaskInstance: banking_01_bronze_layer.build_bronze_cust manual__2026-03-25T15:19:58.104677+00:00 [running]> on host c990dffe13ae
[2026-03-25T15:20:11.120+0000] {taskinstance.py:2648} INFO - Exporting env vars: AIRFLOW_CTX_DAG_OWNER='risheek' AIRFLOW_CTX_DAG_ID='banking_01_bronze_layer' AIRFLOW_CTX_TASK_ID='build_bronze_cust' AIRFLOW_CTX_EXECUTION_DATE='2026-03-25T15:19:58.104677+00:00' AIRFLOW_CTX_TRY_NUMBER='1' AIRFLOW_CTX_DAG_RUN_ID='manual__2026-03-25T15:19:58.104677+00:00'
[2026-03-25T15:20:11.121+0000] {taskinstance.py:430} INFO - ::endgroup::
[2026-03-25T15:20:11.122+0000] {subprocess.py:78} INFO - Tmp dir root location: /tmp
[2026-03-25T15:20:11.123+0000] {subprocess.py:88} INFO - Running command: ['/usr/bin/bash', '-c', 'dbt build --select bronze_cust']
[2026-03-25T15:20:11.128+0000] {subprocess.py:99} INFO - Output:
[2026-03-25T15:20:13.215+0000] {subprocess.py:106} INFO - [0m15:20:13  Running with dbt=1.11.7
[2026-03-25T15:20:14.344+0000] {subprocess.py:106} INFO - [0m15:20:14  Registered adapter: snowflake=1.11.3
[2026-03-25T15:20:14.624+0000] {subprocess.py:106} INFO - [0m15:20:14  [[33mWARNING[0m]: Configuration paths exist in your dbt_project.yml file which do not apply to any resources.
[2026-03-25T15:20:14.625+0000] {subprocess.py:106} INFO - There are 1 unused configuration paths:
[2026-03-25T15:20:14.625+0000] {subprocess.py:106} INFO - - models.trans_snowf.example
[2026-03-25T15:20:14.748+0000] {subprocess.py:106} INFO - [0m15:20:14  Found 14 models, 3 sources, 522 macros
[2026-03-25T15:20:14.749+0000] {subprocess.py:106} INFO - [0m15:20:14
[2026-03-25T15:20:14.750+0000] {subprocess.py:106} INFO - [0m15:20:14  Concurrency: 1 threads (target='dev')
[2026-03-25T15:20:14.750+0000] {subprocess.py:106} INFO - [0m15:20:14
[2026-03-25T15:20:16.322+0000] {subprocess.py:106} INFO - [0m15:20:16
[2026-03-25T15:20:16.327+0000] {subprocess.py:106} INFO - [0m15:20:16  Finished running  in 0 hours 0 minutes and 1.57 seconds (1.57s).
[2026-03-25T15:20:16.328+0000] {subprocess.py:106} INFO - [0m15:20:16  Encountered an error:
[2026-03-25T15:20:16.328+0000] {subprocess.py:106} INFO - Database Error
[2026-03-25T15:20:16.329+0000] {subprocess.py:106} INFO -   003001 (42501): SQL access control error:
[2026-03-25T15:20:16.330+0000] {subprocess.py:106} INFO -   Insufficient privileges to operate on database 'BANKING'.
[2026-03-25T15:20:17.714+0000] {subprocess.py:110} INFO - Command exited with return code 2
[2026-03-25T15:20:17.716+0000] {taskinstance.py:441} INFO - ::group::Post task execution logs
[2026-03-25T15:20:17.739+0000] {taskinstance.py:2905} ERROR - Task failed with exception
Traceback (most recent call last):
  File "/home/airflow/.local/lib/python3.12/site-packages/airflow/models/taskinstance.py", line 465, in _execute_task
    result = _execute_callable(context=context, **execute_callable_kwargs)
             ^^^^^^^^^^^^^^^^^^^^^^^^^^^^^^^^^^^^^^^^^^^^^^^^^^^^^^^^^^^^^
  File "/home/airflow/.local/lib/python3.12/site-packages/airflow/models/taskinstance.py", line 432, in _execute_callable
    return execute_callable(context=context, **execute_callable_kwargs)
           ^^^^^^^^^^^^^^^^^^^^^^^^^^^^^^^^^^^^^^^^^^^^^^^^^^^^^^^^^^^^
  File "/home/airflow/.local/lib/python3.12/site-packages/airflow/models/baseoperator.py", line 401, in wrapper
    return func(self, *args, **kwargs)
           ^^^^^^^^^^^^^^^^^^^^^^^^^^^
  File "/home/airflow/.local/lib/python3.12/site-packages/airflow/providers/standard/operators/bash.py", line 233, in execute
    raise AirflowException(
airflow.exceptions.AirflowException: Bash command failed. The command returned a non-zero exit code 2.
[2026-03-25T15:20:17.749+0000] {taskinstance.py:1206} INFO - Marking task as UP_FOR_RETRY. dag_id=banking_01_bronze_layer, task_id=build_bronze_cust, run_id=manual__2026-03-25T15:19:58.104677+00:00, execution_date=20260325T151958, start_date=20260325T152010, end_date=20260325T152017
[2026-03-25T15:20:17.766+0000] {standard_task_runner.py:110} ERROR - Failed to execute job 1676 for task build_bronze_cust (Bash command failed. The command returned a non-zero exit code 2.; 6360)
[2026-03-25T15:20:17.795+0000] {local_task_job_runner.py:243} INFO - Task exited with return code 1
[2026-03-25T15:20:17.810+0000] {taskinstance.py:3503} INFO - 0 downstream tasks scheduled from follow-on schedule check
[2026-03-25T15:20:17.811+0000] {local_task_job_runner.py:222} INFO - ::endgroup::
