[2026-03-30T18:25:41.462+0000] {local_task_job_runner.py:120} INFO - ::group::Pre task execution logs
[2026-03-30T18:25:41.478+0000] {taskinstance.py:2076} INFO - Dependencies all met for dep_context=non-requeueable deps ti=<TaskInstance: transfer_from_minio_to_snowflake_customers.copy_json_to_variant scheduled__2026-03-30T18:05:00+00:00 [queued]>
[2026-03-30T18:25:41.481+0000] {taskinstance.py:2076} INFO - Dependencies all met for dep_context=requeueable deps ti=<TaskInstance: transfer_from_minio_to_snowflake_customers.copy_json_to_variant scheduled__2026-03-30T18:05:00+00:00 [queued]>
[2026-03-30T18:25:41.482+0000] {taskinstance.py:2306} INFO - Starting attempt 1 of 3
[2026-03-30T18:25:41.486+0000] {taskinstance.py:2330} INFO - Executing <Task(SQLExecuteQueryOperator): copy_json_to_variant> on 2026-03-30 18:05:00+00:00
[2026-03-30T18:25:41.492+0000] {logging_mixin.py:188} WARNING - /home/***/.local/lib/python3.12/site-packages/***/task/task_runner/standard_task_runner.py:62 DeprecationWarning: This process (pid=22787) is multi-threaded, use of fork() may lead to deadlocks in the child.
[2026-03-30T18:25:41.493+0000] {standard_task_runner.py:64} INFO - Started process 22799 to run task
[2026-03-30T18:25:41.491+0000] {standard_task_runner.py:90} INFO - Running: ['***', 'tasks', 'run', 'transfer_from_minio_to_snowflake_customers', 'copy_json_to_variant', 'scheduled__2026-03-30T18:05:00+00:00', '--job-id', '8617', '--raw', '--subdir', 'DAGS_FOLDER/transfer.py', '--cfg-path', '/tmp/tmpnkl07_8v']
[2026-03-30T18:25:41.494+0000] {standard_task_runner.py:91} INFO - Job 8617: Subtask copy_json_to_variant
[2026-03-30T18:25:41.523+0000] {task_command.py:426} INFO - Running <TaskInstance: transfer_from_minio_to_snowflake_customers.copy_json_to_variant scheduled__2026-03-30T18:05:00+00:00 [running]> on host c990dffe13ae
[2026-03-30T18:25:41.667+0000] {taskinstance.py:2648} INFO - Exporting env vars: AIRFLOW_CTX_DAG_OWNER='***' AIRFLOW_CTX_DAG_ID='transfer_from_minio_to_snowflake_customers' AIRFLOW_CTX_TASK_ID='copy_json_to_variant' AIRFLOW_CTX_EXECUTION_DATE='2026-03-30T18:05:00+00:00' AIRFLOW_CTX_TRY_NUMBER='1' AIRFLOW_CTX_DAG_RUN_ID='scheduled__2026-03-30T18:05:00+00:00'
[2026-03-30T18:25:41.667+0000] {taskinstance.py:430} INFO - ::endgroup::
[2026-03-30T18:25:41.667+0000] {sql.py:282} INFO - Executing: 
            COPY INTO RAW_CUSTOMERS (raw_json)
            FROM @incoming/customers/
            FILE_FORMAT = (TYPE = 'JSON')
            ON_ERROR = 'CONTINUE';
        
[2026-03-30T18:25:41.673+0000] {base.py:84} INFO - Using connection ID 'warehouse_id' for task execution.
[2026-03-30T18:25:41.706+0000] {base.py:84} INFO - Using connection ID 'warehouse_id' for task execution.
[2026-03-30T18:25:41.754+0000] {connection.py:613} INFO - Snowflake Connector for Python Version: 4.3.0, Python Version: 3.12.4, Platform: Linux-6.12.76-linuxkit-aarch64-with-glibc2.36
[2026-03-30T18:25:41.755+0000] {connection.py:1709} INFO - Connecting to GLOBAL Snowflake domain
[2026-03-30T18:25:42.602+0000] {sql.py:495} INFO - Running statement: COPY INTO RAW_CUSTOMERS (raw_json)
            FROM @incoming/customers/
            FILE_FORMAT = (TYPE = 'JSON')
            ON_ERROR = 'CONTINUE';, parameters: None
[2026-03-30T18:25:43.112+0000] {sql.py:504} INFO - Rows affected: 1
[2026-03-30T18:25:43.118+0000] {snowflake.py:422} INFO - Rows affected: 1
[2026-03-30T18:25:43.119+0000] {snowflake.py:423} INFO - Snowflake query id: 01c36111-3202-85e0-0014-90e60006ad92
[2026-03-30T18:30:28.573+0000] {network.py:1029} ERROR - ('Connection aborted.', RemoteDisconnected('Remote end closed connection without response'))
Traceback (most recent call last):
  File "/home/airflow/.local/lib/python3.12/site-packages/snowflake/connector/vendored/urllib3/connectionpool.py", line 787, in urlopen
    response = self._make_request(
               ^^^^^^^^^^^^^^^^^^^
  File "/home/airflow/.local/lib/python3.12/site-packages/snowflake/connector/vendored/urllib3/connectionpool.py", line 534, in _make_request
    response = conn.getresponse()
               ^^^^^^^^^^^^^^^^^^
  File "/home/airflow/.local/lib/python3.12/site-packages/snowflake/connector/vendored/urllib3/connection.py", line 580, in getresponse
    httplib_response = super().getresponse()
                       ^^^^^^^^^^^^^^^^^^^^^
  File "/usr/local/lib/python3.12/http/client.py", line 1428, in getresponse
    response.begin()
  File "/usr/local/lib/python3.12/http/client.py", line 331, in begin
    version, status, reason = self._read_status()
                              ^^^^^^^^^^^^^^^^^^^
  File "/usr/local/lib/python3.12/http/client.py", line 300, in _read_status
    raise RemoteDisconnected("Remote end closed connection without"
http.client.RemoteDisconnected: Remote end closed connection without response

During handling of the above exception, another exception occurred:

Traceback (most recent call last):
  File "/home/airflow/.local/lib/python3.12/site-packages/snowflake/connector/vendored/requests/adapters.py", line 644, in send
    resp = conn.urlopen(
           ^^^^^^^^^^^^^
  File "/home/airflow/.local/lib/python3.12/site-packages/snowflake/connector/vendored/urllib3/connectionpool.py", line 841, in urlopen
    retries = retries.increment(
              ^^^^^^^^^^^^^^^^^^
  File "/home/airflow/.local/lib/python3.12/site-packages/snowflake/connector/vendored/urllib3/util/retry.py", line 490, in increment
    raise reraise(type(error), error, _stacktrace)
          ^^^^^^^^^^^^^^^^^^^^^^^^^^^^^^^^^^^^^^^^
  File "/home/airflow/.local/lib/python3.12/site-packages/snowflake/connector/vendored/urllib3/util/util.py", line 38, in reraise
    raise value.with_traceback(tb)
  File "/home/airflow/.local/lib/python3.12/site-packages/snowflake/connector/vendored/urllib3/connectionpool.py", line 787, in urlopen
    response = self._make_request(
               ^^^^^^^^^^^^^^^^^^^
  File "/home/airflow/.local/lib/python3.12/site-packages/snowflake/connector/vendored/urllib3/connectionpool.py", line 534, in _make_request
    response = conn.getresponse()
               ^^^^^^^^^^^^^^^^^^
  File "/home/airflow/.local/lib/python3.12/site-packages/snowflake/connector/vendored/urllib3/connection.py", line 580, in getresponse
    httplib_response = super().getresponse()
                       ^^^^^^^^^^^^^^^^^^^^^
  File "/usr/local/lib/python3.12/http/client.py", line 1428, in getresponse
    response.begin()
  File "/usr/local/lib/python3.12/http/client.py", line 331, in begin
    version, status, reason = self._read_status()
                              ^^^^^^^^^^^^^^^^^^^
  File "/usr/local/lib/python3.12/http/client.py", line 300, in _read_status
    raise RemoteDisconnected("Remote end closed connection without"
snowflake.connector.vendored.urllib3.exceptions.ProtocolError: ('Connection aborted.', RemoteDisconnected('Remote end closed connection without response'))

During handling of the above exception, another exception occurred:

Traceback (most recent call last):
  File "/home/airflow/.local/lib/python3.12/site-packages/snowflake/connector/network.py", line 1109, in _request_exec
    raw_ret = session.request(
              ^^^^^^^^^^^^^^^^
  File "/home/airflow/.local/lib/python3.12/site-packages/snowflake/connector/vendored/requests/sessions.py", line 589, in request
    resp = self.send(prep, **send_kwargs)
           ^^^^^^^^^^^^^^^^^^^^^^^^^^^^^^
  File "/home/airflow/.local/lib/python3.12/site-packages/snowflake/connector/vendored/requests/sessions.py", line 703, in send
    r = adapter.send(request, **kwargs)
        ^^^^^^^^^^^^^^^^^^^^^^^^^^^^^^^
  File "/home/airflow/.local/lib/python3.12/site-packages/snowflake/connector/vendored/requests/adapters.py", line 659, in send
    raise ConnectionError(err, request=request)
snowflake.connector.vendored.requests.exceptions.ConnectionError: ('Connection aborted.', RemoteDisconnected('Remote end closed connection without response'))

During handling of the above exception, another exception occurred:

Traceback (most recent call last):
  File "/home/airflow/.local/lib/python3.12/site-packages/snowflake/connector/network.py", line 924, in _request_exec_wrapper
    return_object = self._request_exec(
                    ^^^^^^^^^^^^^^^^^^^
  File "/home/airflow/.local/lib/python3.12/site-packages/snowflake/connector/network.py", line 1219, in _request_exec
    raise RetryRequest(err)
snowflake.connector.network.RetryRequest: ('Connection aborted.', RemoteDisconnected('Remote end closed connection without response'))
[2026-03-30T18:30:29.328+0000] {taskinstance.py:441} INFO - ::group::Post task execution logs
[2026-03-30T18:30:29.391+0000] {taskinstance.py:1206} INFO - Marking task as SUCCESS. dag_id=transfer_from_minio_to_snowflake_customers, task_id=copy_json_to_variant, run_id=scheduled__2026-03-30T18:05:00+00:00, execution_date=20260330T180500, start_date=20260330T182541, end_date=20260330T183029
[2026-03-30T18:30:29.420+0000] {local_task_job_runner.py:243} INFO - Task exited with return code 0
[2026-03-30T18:30:29.440+0000] {taskinstance.py:3503} INFO - 0 downstream tasks scheduled from follow-on schedule check
[2026-03-30T18:30:29.441+0000] {local_task_job_runner.py:222} INFO - ::endgroup::
