[2026-02-08T20:44:24.669+0000] {local_task_job_runner.py:120} INFO - ::group::Pre task execution logs
[2026-02-08T20:44:24.683+0000] {taskinstance.py:2076} INFO - Dependencies all met for dep_context=non-requeueable deps ti=<TaskInstance: transfer_from_minio_to_snowflake.create_bronze scheduled__2026-02-08T20:12:00+00:00 [queued]>
[2026-02-08T20:44:24.686+0000] {taskinstance.py:2076} INFO - Dependencies all met for dep_context=requeueable deps ti=<TaskInstance: transfer_from_minio_to_snowflake.create_bronze scheduled__2026-02-08T20:12:00+00:00 [queued]>
[2026-02-08T20:44:24.686+0000] {taskinstance.py:2306} INFO - Starting attempt 2 of 3
[2026-02-08T20:44:24.691+0000] {taskinstance.py:2330} INFO - Executing <Task(SQLExecuteQueryOperator): create_bronze> on 2026-02-08 20:12:00+00:00
[2026-02-08T20:44:24.695+0000] {logging_mixin.py:188} WARNING - /home/***/.local/lib/python3.12/site-packages/***/task/task_runner/standard_task_runner.py:62 DeprecationWarning: This process (pid=14593) is multi-threaded, use of fork() may lead to deadlocks in the child.
[2026-02-08T20:44:24.695+0000] {standard_task_runner.py:64} INFO - Started process 14605 to run task
[2026-02-08T20:44:24.695+0000] {standard_task_runner.py:90} INFO - Running: ['***', 'tasks', 'run', 'transfer_from_minio_to_snowflake', 'create_bronze', 'scheduled__2026-02-08T20:12:00+00:00', '--job-id', '900', '--raw', '--subdir', 'DAGS_FOLDER/transfer.py', '--cfg-path', '/tmp/tmp7god5sfc']
[2026-02-08T20:44:24.696+0000] {standard_task_runner.py:91} INFO - Job 900: Subtask create_bronze
[2026-02-08T20:44:24.722+0000] {task_command.py:426} INFO - Running <TaskInstance: transfer_from_minio_to_snowflake.create_bronze scheduled__2026-02-08T20:12:00+00:00 [running]> on host 83f212180a9d
[2026-02-08T20:44:24.846+0000] {taskinstance.py:2648} INFO - Exporting env vars: AIRFLOW_CTX_DAG_OWNER='***' AIRFLOW_CTX_DAG_ID='transfer_from_minio_to_snowflake' AIRFLOW_CTX_TASK_ID='create_bronze' AIRFLOW_CTX_EXECUTION_DATE='2026-02-08T20:12:00+00:00' AIRFLOW_CTX_TRY_NUMBER='2' AIRFLOW_CTX_DAG_RUN_ID='scheduled__2026-02-08T20:12:00+00:00'
[2026-02-08T20:44:24.847+0000] {taskinstance.py:430} INFO - ::endgroup::
[2026-02-08T20:44:24.847+0000] {sql.py:282} INFO - Executing:  CREATE TABLE IF NOT EXISTS BRONZE (
                    raw_json VARIANT,
                    inserted_at TIMESTAMP_NTZ DEFAULT CURRENT_TIMESTAMP());
                  
[2026-02-08T20:44:24.852+0000] {base.py:84} INFO - Using connection ID 'warehouse_id' for task execution.
[2026-02-08T20:44:24.882+0000] {base.py:84} INFO - Using connection ID 'warehouse_id' for task execution.
[2026-02-08T20:44:24.919+0000] {connection.py:611} INFO - Snowflake Connector for Python Version: 4.2.0, Python Version: 3.12.4, Platform: Linux-6.12.67-linuxkit-aarch64-with-glibc2.36
[2026-02-08T20:44:24.920+0000] {connection.py:1695} INFO - Connecting to GLOBAL Snowflake domain
[2026-02-08T20:44:25.581+0000] {sql.py:495} INFO - Running statement: CREATE TABLE IF NOT EXISTS BRONZE (
                    raw_json VARIANT,
                    inserted_at TIMESTAMP_NTZ DEFAULT CURRENT_TIMESTAMP());, parameters: None
[2026-02-08T20:44:25.681+0000] {sql.py:504} INFO - Rows affected: 1
[2026-02-08T20:44:25.683+0000] {snowflake.py:422} INFO - Rows affected: 1
[2026-02-08T20:44:25.683+0000] {snowflake.py:423} INFO - Snowflake query id: 01c2485c-0001-8e0d-000c-39020002c016
[2026-02-08T20:44:25.838+0000] {taskinstance.py:441} INFO - ::group::Post task execution logs
[2026-02-08T20:44:25.876+0000] {taskinstance.py:1206} INFO - Marking task as SUCCESS. dag_id=transfer_from_minio_to_snowflake, task_id=create_bronze, run_id=scheduled__2026-02-08T20:12:00+00:00, execution_date=20260208T201200, start_date=20260208T204424, end_date=20260208T204425
[2026-02-08T20:44:25.924+0000] {local_task_job_runner.py:243} INFO - Task exited with return code 0
[2026-02-08T20:44:25.942+0000] {taskinstance.py:3503} INFO - 1 downstream tasks scheduled from follow-on schedule check
[2026-02-08T20:44:25.943+0000] {local_task_job_runner.py:222} INFO - ::endgroup::
