[2026-03-30T15:18:37.081+0000] {local_task_job_runner.py:120} INFO - ::group::Pre task execution logs
[2026-03-30T15:18:37.097+0000] {taskinstance.py:2076} INFO - Dependencies all met for dep_context=non-requeueable deps ti=<TaskInstance: banking_01_bronze_layer.build_bronze_cust scheduled__2026-03-30T14:00:00+00:00 [queued]>
[2026-03-30T15:18:37.101+0000] {taskinstance.py:2076} INFO - Dependencies all met for dep_context=requeueable deps ti=<TaskInstance: banking_01_bronze_layer.build_bronze_cust scheduled__2026-03-30T14:00:00+00:00 [queued]>
[2026-03-30T15:18:37.101+0000] {taskinstance.py:2306} INFO - Starting attempt 1 of 2
[2026-03-30T15:18:37.106+0000] {taskinstance.py:2330} INFO - Executing <Task(BashOperator): build_bronze_cust> on 2026-03-30 14:00:00+00:00
[2026-03-30T15:18:37.109+0000] {standard_task_runner.py:64} INFO - Started process 11955 to run task
[2026-03-30T15:18:37.111+0000] {standard_task_runner.py:90} INFO - Running: ['***', 'tasks', 'run', 'banking_01_bronze_layer', 'build_bronze_cust', 'scheduled__2026-03-30T14:00:00+00:00', '--job-id', '8070', '--raw', '--subdir', 'DAGS_FOLDER/dbt.py', '--cfg-path', '/tmp/tmp8n90nscd']
[2026-03-30T15:18:37.113+0000] {standard_task_runner.py:91} INFO - Job 8070: Subtask build_bronze_cust
[2026-03-30T15:18:37.143+0000] {task_command.py:426} INFO - Running <TaskInstance: banking_01_bronze_layer.build_bronze_cust scheduled__2026-03-30T14:00:00+00:00 [running]> on host c990dffe13ae
[2026-03-30T15:18:37.191+0000] {taskinstance.py:2648} INFO - Exporting env vars: AIRFLOW_CTX_DAG_OWNER='risheek' AIRFLOW_CTX_DAG_ID='banking_01_bronze_layer' AIRFLOW_CTX_TASK_ID='build_bronze_cust' AIRFLOW_CTX_EXECUTION_DATE='2026-03-30T14:00:00+00:00' AIRFLOW_CTX_TRY_NUMBER='1' AIRFLOW_CTX_DAG_RUN_ID='scheduled__2026-03-30T14:00:00+00:00'
[2026-03-30T15:18:37.192+0000] {taskinstance.py:430} INFO - ::endgroup::
[2026-03-30T15:18:37.192+0000] {subprocess.py:78} INFO - Tmp dir root location: /tmp
[2026-03-30T15:18:37.193+0000] {subprocess.py:88} INFO - Running command: ['/usr/bin/bash', '-c', 'dbt build --select bronze_cust']
[2026-03-30T15:18:37.196+0000] {subprocess.py:99} INFO - Output:
[2026-03-30T15:18:38.418+0000] {subprocess.py:106} INFO - [0m15:18:38  Running with dbt=1.11.7
[2026-03-30T15:18:38.929+0000] {subprocess.py:106} INFO - [0m15:18:38  Registered adapter: snowflake=1.11.3
[2026-03-30T15:18:39.068+0000] {subprocess.py:106} INFO - [0m15:18:39  [[33mWARNING[0m]: Configuration paths exist in your dbt_project.yml file which do not apply to any resources.
[2026-03-30T15:18:39.068+0000] {subprocess.py:106} INFO - There are 1 unused configuration paths:
[2026-03-30T15:18:39.068+0000] {subprocess.py:106} INFO - - models.trans_snowf.example
[2026-03-30T15:18:39.164+0000] {subprocess.py:106} INFO - [0m15:18:39  Found 14 models, 3 sources, 522 macros
[2026-03-30T15:18:39.165+0000] {subprocess.py:106} INFO - [0m15:18:39
[2026-03-30T15:18:39.165+0000] {subprocess.py:106} INFO - [0m15:18:39  Concurrency: 1 threads (target='dev')
[2026-03-30T15:18:39.166+0000] {subprocess.py:106} INFO - [0m15:18:39
[2026-03-30T15:18:45.329+0000] {subprocess.py:106} INFO - [0m15:18:45  1 of 1 START sql incremental model PUBLIC_BRONZE.bronze_cust ................... [RUN]
[2026-03-30T15:18:49.779+0000] {subprocess.py:106} INFO - [0m15:18:49  1 of 1 OK created sql incremental model PUBLIC_BRONZE.bronze_cust .............. [[32mSUCCESS 0[0m in 4.45s]
[2026-03-30T15:18:50.105+0000] {subprocess.py:106} INFO - [0m15:18:50
[2026-03-30T15:18:50.107+0000] {subprocess.py:106} INFO - [0m15:18:50  Finished running 1 incremental model in 0 hours 0 minutes and 10.94 seconds (10.94s).
[2026-03-30T15:18:50.171+0000] {subprocess.py:106} INFO - [0m15:18:50
[2026-03-30T15:18:50.171+0000] {subprocess.py:106} INFO - [0m15:18:50  [32mCompleted successfully[0m
[2026-03-30T15:18:50.172+0000] {subprocess.py:106} INFO - [0m15:18:50
[2026-03-30T15:18:50.173+0000] {subprocess.py:106} INFO - [0m15:18:50  Done. PASS=1 WARN=0 ERROR=0 SKIP=0 NO-OP=0 TOTAL=1
[2026-03-30T15:18:52.050+0000] {subprocess.py:110} INFO - Command exited with return code 0
[2026-03-30T15:18:52.052+0000] {taskinstance.py:441} INFO - ::group::Post task execution logs
[2026-03-30T15:18:52.102+0000] {taskinstance.py:1206} INFO - Marking task as SUCCESS. dag_id=banking_01_bronze_layer, task_id=build_bronze_cust, run_id=scheduled__2026-03-30T14:00:00+00:00, execution_date=20260330T140000, start_date=20260330T151837, end_date=20260330T151852
[2026-03-30T15:18:52.123+0000] {local_task_job_runner.py:243} INFO - Task exited with return code 0
[2026-03-30T15:18:52.140+0000] {taskinstance.py:3503} INFO - 0 downstream tasks scheduled from follow-on schedule check
[2026-03-30T15:18:52.140+0000] {local_task_job_runner.py:222} INFO - ::endgroup::
