[2026-03-10T08:52:48.663+0000] {local_task_job_runner.py:120} INFO - ::group::Pre task execution logs
[2026-03-10T08:52:48.679+0000] {taskinstance.py:2076} INFO - Dependencies all met for dep_context=non-requeueable deps ti=<TaskInstance: transfer_from_minio_to_snowflake.create_raw manual__2026-03-10T08:52:45.734967+00:00 [queued]>
[2026-03-10T08:52:48.682+0000] {taskinstance.py:2076} INFO - Dependencies all met for dep_context=requeueable deps ti=<TaskInstance: transfer_from_minio_to_snowflake.create_raw manual__2026-03-10T08:52:45.734967+00:00 [queued]>
[2026-03-10T08:52:48.682+0000] {taskinstance.py:2306} INFO - Starting attempt 1 of 3
[2026-03-10T08:52:48.687+0000] {taskinstance.py:2330} INFO - Executing <Task(SQLExecuteQueryOperator): create_raw> on 2026-03-10 08:52:45.734967+00:00
[2026-03-10T08:52:48.693+0000] {logging_mixin.py:188} WARNING - /home/***/.local/lib/python3.12/site-packages/***/task/task_runner/standard_task_runner.py:62 DeprecationWarning: This process (pid=796) is multi-threaded, use of fork() may lead to deadlocks in the child.
[2026-03-10T08:52:48.694+0000] {standard_task_runner.py:64} INFO - Started process 808 to run task
[2026-03-10T08:52:48.693+0000] {standard_task_runner.py:90} INFO - Running: ['***', 'tasks', 'run', 'transfer_from_minio_to_snowflake', 'create_raw', 'manual__2026-03-10T08:52:45.734967+00:00', '--job-id', '279', '--raw', '--subdir', 'DAGS_FOLDER/transfer.py', '--cfg-path', '/tmp/tmp34etxlck']
[2026-03-10T08:52:48.695+0000] {standard_task_runner.py:91} INFO - Job 279: Subtask create_raw
[2026-03-10T08:52:48.725+0000] {task_command.py:426} INFO - Running <TaskInstance: transfer_from_minio_to_snowflake.create_raw manual__2026-03-10T08:52:45.734967+00:00 [running]> on host a070a8ebc37d
[2026-03-10T08:52:48.939+0000] {taskinstance.py:2648} INFO - Exporting env vars: AIRFLOW_CTX_DAG_OWNER='***' AIRFLOW_CTX_DAG_ID='transfer_from_minio_to_snowflake' AIRFLOW_CTX_TASK_ID='create_raw' AIRFLOW_CTX_EXECUTION_DATE='2026-03-10T08:52:45.734967+00:00' AIRFLOW_CTX_TRY_NUMBER='1' AIRFLOW_CTX_DAG_RUN_ID='manual__2026-03-10T08:52:45.734967+00:00'
[2026-03-10T08:52:48.939+0000] {taskinstance.py:430} INFO - ::endgroup::
[2026-03-10T08:52:48.939+0000] {sql.py:282} INFO - Executing:  CREATE TABLE IF NOT EXISTS RAW (
                    raw_json VARIANT,
                    inserted_at TIMESTAMP_NTZ DEFAULT CURRENT_TIMESTAMP());
                  
[2026-03-10T08:52:48.955+0000] {base.py:84} INFO - Using connection ID 'warehouse_id' for task execution.
[2026-03-10T08:52:48.996+0000] {base.py:84} INFO - Using connection ID 'warehouse_id' for task execution.
[2026-03-10T08:52:49.038+0000] {connection.py:613} INFO - Snowflake Connector for Python Version: 4.3.0, Python Version: 3.12.4, Platform: Linux-6.12.72-linuxkit-aarch64-with-glibc2.36
[2026-03-10T08:52:49.039+0000] {connection.py:1709} INFO - Connecting to GLOBAL Snowflake domain
[2026-03-10T08:52:52.661+0000] {sql.py:495} INFO - Running statement: CREATE TABLE IF NOT EXISTS RAW (
                    raw_json VARIANT,
                    inserted_at TIMESTAMP_NTZ DEFAULT CURRENT_TIMESTAMP());, parameters: None
[2026-03-10T08:52:53.115+0000] {sql.py:504} INFO - Rows affected: 1
[2026-03-10T08:52:53.118+0000] {snowflake.py:422} INFO - Rows affected: 1
[2026-03-10T08:52:53.118+0000] {snowflake.py:423} INFO - Snowflake query id: 01c2ee54-3202-6cb7-0000-001490e6996d
[2026-03-10T08:52:53.493+0000] {taskinstance.py:441} INFO - ::group::Post task execution logs
[2026-03-10T08:52:53.574+0000] {taskinstance.py:1206} INFO - Marking task as SUCCESS. dag_id=transfer_from_minio_to_snowflake, task_id=create_raw, run_id=manual__2026-03-10T08:52:45.734967+00:00, execution_date=20260310T085245, start_date=20260310T085248, end_date=20260310T085253
[2026-03-10T08:52:53.630+0000] {local_task_job_runner.py:243} INFO - Task exited with return code 0
[2026-03-10T08:52:53.670+0000] {taskinstance.py:3503} INFO - 1 downstream tasks scheduled from follow-on schedule check
[2026-03-10T08:52:53.671+0000] {local_task_job_runner.py:222} INFO - ::endgroup::
