[2026-04-04T05:31:41.870+0000] {local_task_job_runner.py:120} INFO - ::group::Pre task execution logs
[2026-04-04T05:31:41.887+0000] {taskinstance.py:2076} INFO - Dependencies all met for dep_context=non-requeueable deps ti=<TaskInstance: banking_01_silver_layer.debug manual__2026-04-04T05:25:07.797971+00:00 [queued]>
[2026-04-04T05:31:41.890+0000] {taskinstance.py:2076} INFO - Dependencies all met for dep_context=requeueable deps ti=<TaskInstance: banking_01_silver_layer.debug manual__2026-04-04T05:25:07.797971+00:00 [queued]>
[2026-04-04T05:31:41.891+0000] {taskinstance.py:2306} INFO - Starting attempt 2 of 2
[2026-04-04T05:31:41.897+0000] {taskinstance.py:2330} INFO - Executing <Task(BashOperator): debug> on 2026-04-04 05:25:07.797971+00:00
[2026-04-04T05:31:41.901+0000] {standard_task_runner.py:90} INFO - Running: ['***', 'tasks', 'run', 'banking_01_silver_layer', 'debug', 'manual__2026-04-04T05:25:07.797971+00:00', '--job-id', '9675', '--raw', '--subdir', 'DAGS_FOLDER/dbt.py', '--cfg-path', '/tmp/tmpupxxcejk']
[2026-04-04T05:31:41.906+0000] {standard_task_runner.py:91} INFO - Job 9675: Subtask debug
[2026-04-04T05:31:41.900+0000] {standard_task_runner.py:64} INFO - Started process 484 to run task
[2026-04-04T05:31:41.943+0000] {task_command.py:426} INFO - Running <TaskInstance: banking_01_silver_layer.debug manual__2026-04-04T05:25:07.797971+00:00 [running]> on host c990dffe13ae
[2026-04-04T05:31:41.997+0000] {taskinstance.py:2648} INFO - Exporting env vars: AIRFLOW_CTX_DAG_OWNER='risheek' AIRFLOW_CTX_DAG_ID='banking_01_silver_layer' AIRFLOW_CTX_TASK_ID='debug' AIRFLOW_CTX_EXECUTION_DATE='2026-04-04T05:25:07.797971+00:00' AIRFLOW_CTX_TRY_NUMBER='2' AIRFLOW_CTX_DAG_RUN_ID='manual__2026-04-04T05:25:07.797971+00:00'
[2026-04-04T05:31:41.998+0000] {taskinstance.py:430} INFO - ::endgroup::
[2026-04-04T05:31:41.998+0000] {subprocess.py:78} INFO - Tmp dir root location: /tmp
[2026-04-04T05:31:41.999+0000] {subprocess.py:88} INFO - Running command: ['/usr/bin/bash', '-c', 'dbt debug --profiles-dir /opt/***/dbt/trans_snowf']
[2026-04-04T05:31:42.003+0000] {subprocess.py:99} INFO - Output:
[2026-04-04T05:31:43.321+0000] {subprocess.py:106} INFO - [0m05:31:43  Running with dbt=1.11.7
[2026-04-04T05:31:43.327+0000] {subprocess.py:106} INFO - [0m05:31:43  dbt version: 1.11.7
[2026-04-04T05:31:43.327+0000] {subprocess.py:106} INFO - [0m05:31:43  python version: 3.12.4
[2026-04-04T05:31:43.328+0000] {subprocess.py:106} INFO - [0m05:31:43  python path: /home/***/.local/bin/python
[2026-04-04T05:31:43.328+0000] {subprocess.py:106} INFO - [0m05:31:43  os info: Linux-6.12.76-linuxkit-aarch64-with-glibc2.36
[2026-04-04T05:31:43.767+0000] {subprocess.py:106} INFO - [0m05:31:43  Using profiles dir at /opt/***/dbt/trans_snowf
[2026-04-04T05:31:43.768+0000] {subprocess.py:106} INFO - [0m05:31:43  Using profiles.yml file at /opt/***/dbt/trans_snowf/profiles.yml
[2026-04-04T05:31:43.768+0000] {subprocess.py:106} INFO - [0m05:31:43  Using dbt_project.yml file at /opt/***/dbt/trans_snowf/dbt_project.yml
[2026-04-04T05:31:43.769+0000] {subprocess.py:106} INFO - [0m05:31:43  adapter type: snowflake
[2026-04-04T05:31:43.769+0000] {subprocess.py:106} INFO - [0m05:31:43  adapter version: 1.11.3
[2026-04-04T05:31:43.837+0000] {subprocess.py:106} INFO - [0m05:31:43  Configuration:
[2026-04-04T05:31:43.838+0000] {subprocess.py:106} INFO - [0m05:31:43    profiles.yml file [[32mOK found and valid[0m]
[2026-04-04T05:31:43.838+0000] {subprocess.py:106} INFO - [0m05:31:43    dbt_project.yml file [[32mOK found and valid[0m]
[2026-04-04T05:31:43.838+0000] {subprocess.py:106} INFO - [0m05:31:43  Required dependencies:
[2026-04-04T05:31:43.840+0000] {subprocess.py:106} INFO - [0m05:31:43   - git [[31mERROR[0m]
[2026-04-04T05:31:43.840+0000] {subprocess.py:106} INFO - 
[2026-04-04T05:31:43.840+0000] {subprocess.py:106} INFO - [0m05:31:43  Connection:
[2026-04-04T05:31:43.840+0000] {subprocess.py:106} INFO - [0m05:31:43    account: BBMCDSP-CT02489
[2026-04-04T05:31:43.840+0000] {subprocess.py:106} INFO - [0m05:31:43    user: user123
[2026-04-04T05:31:43.841+0000] {subprocess.py:106} INFO - [0m05:31:43    database: BANKING
[2026-04-04T05:31:43.841+0000] {subprocess.py:106} INFO - [0m05:31:43    warehouse: COMPUTE_WH
[2026-04-04T05:31:43.841+0000] {subprocess.py:106} INFO - [0m05:31:43    role: dbtadmin
[2026-04-04T05:31:43.842+0000] {subprocess.py:106} INFO - [0m05:31:43    schema: PUBLIC
[2026-04-04T05:31:43.842+0000] {subprocess.py:106} INFO - [0m05:31:43    authenticator: None
[2026-04-04T05:31:43.842+0000] {subprocess.py:106} INFO - [0m05:31:43    oauth_client_id: None
[2026-04-04T05:31:43.843+0000] {subprocess.py:106} INFO - [0m05:31:43    query_tag: None
[2026-04-04T05:31:43.843+0000] {subprocess.py:106} INFO - [0m05:31:43    client_session_keep_alive: False
[2026-04-04T05:31:43.843+0000] {subprocess.py:106} INFO - [0m05:31:43    host: None
[2026-04-04T05:31:43.844+0000] {subprocess.py:106} INFO - [0m05:31:43    port: None
[2026-04-04T05:31:43.844+0000] {subprocess.py:106} INFO - [0m05:31:43    proxy_host: None
[2026-04-04T05:31:43.844+0000] {subprocess.py:106} INFO - [0m05:31:43    proxy_port: None
[2026-04-04T05:31:43.844+0000] {subprocess.py:106} INFO - [0m05:31:43    protocol: None
[2026-04-04T05:31:43.845+0000] {subprocess.py:106} INFO - [0m05:31:43    connect_retries: 1
[2026-04-04T05:31:43.845+0000] {subprocess.py:106} INFO - [0m05:31:43    connect_timeout: None
[2026-04-04T05:31:43.846+0000] {subprocess.py:106} INFO - [0m05:31:43    retry_on_database_errors: False
[2026-04-04T05:31:43.846+0000] {subprocess.py:106} INFO - [0m05:31:43    retry_all: False
[2026-04-04T05:31:43.847+0000] {subprocess.py:106} INFO - [0m05:31:43    insecure_mode: False
[2026-04-04T05:31:43.847+0000] {subprocess.py:106} INFO - [0m05:31:43    reuse_connections: True
[2026-04-04T05:31:43.847+0000] {subprocess.py:106} INFO - [0m05:31:43    s3_stage_vpce_dns_name: None
[2026-04-04T05:31:43.847+0000] {subprocess.py:106} INFO - [0m05:31:43    platform_detection_timeout_seconds: 0.0
[2026-04-04T05:31:43.848+0000] {subprocess.py:106} INFO - [0m05:31:43  Registered adapter: snowflake=1.11.3
[2026-04-04T05:31:44.718+0000] {subprocess.py:106} INFO - [0m05:31:44    Connection test: [[32mOK connection ok[0m]
[2026-04-04T05:31:44.718+0000] {subprocess.py:106} INFO - 
[2026-04-04T05:31:44.719+0000] {subprocess.py:106} INFO - [0m05:31:44  [31m1 check failed:[0m
[2026-04-04T05:31:44.719+0000] {subprocess.py:106} INFO - [0m05:31:44  Error from git --help: Could not find command, ensure it is in the user's PATH: "git"
[2026-04-04T05:31:44.720+0000] {subprocess.py:106} INFO - 
[2026-04-04T05:31:46.450+0000] {subprocess.py:110} INFO - Command exited with return code 1
[2026-04-04T05:31:46.451+0000] {taskinstance.py:441} INFO - ::group::Post task execution logs
[2026-04-04T05:31:46.462+0000] {taskinstance.py:2905} ERROR - Task failed with exception
Traceback (most recent call last):
  File "/home/airflow/.local/lib/python3.12/site-packages/airflow/models/taskinstance.py", line 465, in _execute_task
    result = _execute_callable(context=context, **execute_callable_kwargs)
             ^^^^^^^^^^^^^^^^^^^^^^^^^^^^^^^^^^^^^^^^^^^^^^^^^^^^^^^^^^^^^
  File "/home/airflow/.local/lib/python3.12/site-packages/airflow/models/taskinstance.py", line 432, in _execute_callable
    return execute_callable(context=context, **execute_callable_kwargs)
           ^^^^^^^^^^^^^^^^^^^^^^^^^^^^^^^^^^^^^^^^^^^^^^^^^^^^^^^^^^^^
  File "/home/airflow/.local/lib/python3.12/site-packages/airflow/models/baseoperator.py", line 401, in wrapper
    return func(self, *args, **kwargs)
           ^^^^^^^^^^^^^^^^^^^^^^^^^^^
  File "/home/airflow/.local/lib/python3.12/site-packages/airflow/providers/standard/operators/bash.py", line 233, in execute
    raise AirflowException(
airflow.exceptions.AirflowException: Bash command failed. The command returned a non-zero exit code 1.
[2026-04-04T05:31:46.465+0000] {taskinstance.py:1206} INFO - Marking task as FAILED. dag_id=banking_01_silver_layer, task_id=debug, run_id=manual__2026-04-04T05:25:07.797971+00:00, execution_date=20260404T052507, start_date=20260404T053141, end_date=20260404T053146
[2026-04-04T05:31:46.473+0000] {standard_task_runner.py:110} ERROR - Failed to execute job 9675 for task debug (Bash command failed. The command returned a non-zero exit code 1.; 484)
[2026-04-04T05:31:46.510+0000] {local_task_job_runner.py:243} INFO - Task exited with return code 1
[2026-04-04T05:31:46.524+0000] {taskinstance.py:3503} INFO - 0 downstream tasks scheduled from follow-on schedule check
[2026-04-04T05:31:46.526+0000] {local_task_job_runner.py:222} INFO - ::endgroup::
