[2026-04-04T05:26:35.144+0000] {local_task_job_runner.py:120} INFO - ::group::Pre task execution logs
[2026-04-04T05:26:35.159+0000] {taskinstance.py:2076} INFO - Dependencies all met for dep_context=non-requeueable deps ti=<TaskInstance: banking_01_silver_layer.debug manual__2026-04-04T05:25:07.797971+00:00 [queued]>
[2026-04-04T05:26:35.162+0000] {taskinstance.py:2076} INFO - Dependencies all met for dep_context=requeueable deps ti=<TaskInstance: banking_01_silver_layer.debug manual__2026-04-04T05:25:07.797971+00:00 [queued]>
[2026-04-04T05:26:35.163+0000] {taskinstance.py:2306} INFO - Starting attempt 1 of 2
[2026-04-04T05:26:35.168+0000] {taskinstance.py:2330} INFO - Executing <Task(BashOperator): debug> on 2026-04-04 05:25:07.797971+00:00
[2026-04-04T05:26:35.170+0000] {standard_task_runner.py:64} INFO - Started process 298 to run task
[2026-04-04T05:26:35.172+0000] {standard_task_runner.py:90} INFO - Running: ['***', 'tasks', 'run', 'banking_01_silver_layer', 'debug', 'manual__2026-04-04T05:25:07.797971+00:00', '--job-id', '9669', '--raw', '--subdir', 'DAGS_FOLDER/dbt.py', '--cfg-path', '/tmp/tmpn4iijega']
[2026-04-04T05:26:35.173+0000] {standard_task_runner.py:91} INFO - Job 9669: Subtask debug
[2026-04-04T05:26:35.200+0000] {task_command.py:426} INFO - Running <TaskInstance: banking_01_silver_layer.debug manual__2026-04-04T05:25:07.797971+00:00 [running]> on host c990dffe13ae
[2026-04-04T05:26:35.259+0000] {taskinstance.py:2648} INFO - Exporting env vars: AIRFLOW_CTX_DAG_OWNER='risheek' AIRFLOW_CTX_DAG_ID='banking_01_silver_layer' AIRFLOW_CTX_TASK_ID='debug' AIRFLOW_CTX_EXECUTION_DATE='2026-04-04T05:25:07.797971+00:00' AIRFLOW_CTX_TRY_NUMBER='1' AIRFLOW_CTX_DAG_RUN_ID='manual__2026-04-04T05:25:07.797971+00:00'
[2026-04-04T05:26:35.261+0000] {taskinstance.py:430} INFO - ::endgroup::
[2026-04-04T05:26:35.262+0000] {subprocess.py:78} INFO - Tmp dir root location: /tmp
[2026-04-04T05:26:35.262+0000] {subprocess.py:88} INFO - Running command: ['/usr/bin/bash', '-c', 'dbt debug --profiles-dir /opt/***/dbt/trans_snowf']
[2026-04-04T05:26:35.273+0000] {subprocess.py:99} INFO - Output:
[2026-04-04T05:26:36.461+0000] {subprocess.py:106} INFO - [0m05:26:36  Running with dbt=1.11.7
[2026-04-04T05:26:36.467+0000] {subprocess.py:106} INFO - [0m05:26:36  dbt version: 1.11.7
[2026-04-04T05:26:36.467+0000] {subprocess.py:106} INFO - [0m05:26:36  python version: 3.12.4
[2026-04-04T05:26:36.467+0000] {subprocess.py:106} INFO - [0m05:26:36  python path: /home/***/.local/bin/python
[2026-04-04T05:26:36.468+0000] {subprocess.py:106} INFO - [0m05:26:36  os info: Linux-6.12.76-linuxkit-aarch64-with-glibc2.36
[2026-04-04T05:26:36.843+0000] {subprocess.py:106} INFO - [0m05:26:36  Using profiles dir at /opt/***/dbt/trans_snowf
[2026-04-04T05:26:36.844+0000] {subprocess.py:106} INFO - [0m05:26:36  Using profiles.yml file at /opt/***/dbt/trans_snowf/profiles.yml
[2026-04-04T05:26:36.844+0000] {subprocess.py:106} INFO - [0m05:26:36  Using dbt_project.yml file at /opt/***/dbt/trans_snowf/dbt_project.yml
[2026-04-04T05:26:36.845+0000] {subprocess.py:106} INFO - [0m05:26:36  adapter type: snowflake
[2026-04-04T05:26:36.845+0000] {subprocess.py:106} INFO - [0m05:26:36  adapter version: 1.11.3
[2026-04-04T05:26:36.898+0000] {subprocess.py:106} INFO - [0m05:26:36  Configuration:
[2026-04-04T05:26:36.898+0000] {subprocess.py:106} INFO - [0m05:26:36    profiles.yml file [[32mOK found and valid[0m]
[2026-04-04T05:26:36.899+0000] {subprocess.py:106} INFO - [0m05:26:36    dbt_project.yml file [[32mOK found and valid[0m]
[2026-04-04T05:26:36.899+0000] {subprocess.py:106} INFO - [0m05:26:36  Required dependencies:
[2026-04-04T05:26:36.900+0000] {subprocess.py:106} INFO - [0m05:26:36   - git [[31mERROR[0m]
[2026-04-04T05:26:36.900+0000] {subprocess.py:106} INFO - 
[2026-04-04T05:26:36.900+0000] {subprocess.py:106} INFO - [0m05:26:36  Connection:
[2026-04-04T05:26:36.901+0000] {subprocess.py:106} INFO - [0m05:26:36    account: BBMCDSP-CT02489
[2026-04-04T05:26:36.901+0000] {subprocess.py:106} INFO - [0m05:26:36    user: user123
[2026-04-04T05:26:36.901+0000] {subprocess.py:106} INFO - [0m05:26:36    database: BANKING
[2026-04-04T05:26:36.902+0000] {subprocess.py:106} INFO - [0m05:26:36    warehouse: COMPUTE_WH
[2026-04-04T05:26:36.902+0000] {subprocess.py:106} INFO - [0m05:26:36    role: dbtadmin
[2026-04-04T05:26:36.902+0000] {subprocess.py:106} INFO - [0m05:26:36    schema: PUBLIC
[2026-04-04T05:26:36.903+0000] {subprocess.py:106} INFO - [0m05:26:36    authenticator: None
[2026-04-04T05:26:36.903+0000] {subprocess.py:106} INFO - [0m05:26:36    oauth_client_id: None
[2026-04-04T05:26:36.903+0000] {subprocess.py:106} INFO - [0m05:26:36    query_tag: None
[2026-04-04T05:26:36.903+0000] {subprocess.py:106} INFO - [0m05:26:36    client_session_keep_alive: False
[2026-04-04T05:26:36.904+0000] {subprocess.py:106} INFO - [0m05:26:36    host: None
[2026-04-04T05:26:36.904+0000] {subprocess.py:106} INFO - [0m05:26:36    port: None
[2026-04-04T05:26:36.904+0000] {subprocess.py:106} INFO - [0m05:26:36    proxy_host: None
[2026-04-04T05:26:36.905+0000] {subprocess.py:106} INFO - [0m05:26:36    proxy_port: None
[2026-04-04T05:26:36.905+0000] {subprocess.py:106} INFO - [0m05:26:36    protocol: None
[2026-04-04T05:26:36.905+0000] {subprocess.py:106} INFO - [0m05:26:36    connect_retries: 1
[2026-04-04T05:26:36.906+0000] {subprocess.py:106} INFO - [0m05:26:36    connect_timeout: None
[2026-04-04T05:26:36.906+0000] {subprocess.py:106} INFO - [0m05:26:36    retry_on_database_errors: False
[2026-04-04T05:26:36.906+0000] {subprocess.py:106} INFO - [0m05:26:36    retry_all: False
[2026-04-04T05:26:36.906+0000] {subprocess.py:106} INFO - [0m05:26:36    insecure_mode: False
[2026-04-04T05:26:36.907+0000] {subprocess.py:106} INFO - [0m05:26:36    reuse_connections: True
[2026-04-04T05:26:36.907+0000] {subprocess.py:106} INFO - [0m05:26:36    s3_stage_vpce_dns_name: None
[2026-04-04T05:26:36.907+0000] {subprocess.py:106} INFO - [0m05:26:36    platform_detection_timeout_seconds: 0.0
[2026-04-04T05:26:36.908+0000] {subprocess.py:106} INFO - [0m05:26:36  Registered adapter: snowflake=1.11.3
[2026-04-04T05:26:37.991+0000] {subprocess.py:106} INFO - [0m05:26:37    Connection test: [[32mOK connection ok[0m]
[2026-04-04T05:26:37.992+0000] {subprocess.py:106} INFO - 
[2026-04-04T05:26:37.993+0000] {subprocess.py:106} INFO - [0m05:26:37  [31m1 check failed:[0m
[2026-04-04T05:26:37.994+0000] {subprocess.py:106} INFO - [0m05:26:37  Error from git --help: Could not find command, ensure it is in the user's PATH: "git"
[2026-04-04T05:26:37.994+0000] {subprocess.py:106} INFO - 
[2026-04-04T05:26:39.761+0000] {subprocess.py:110} INFO - Command exited with return code 1
[2026-04-04T05:26:39.763+0000] {taskinstance.py:441} INFO - ::group::Post task execution logs
[2026-04-04T05:26:39.784+0000] {taskinstance.py:2905} ERROR - Task failed with exception
Traceback (most recent call last):
  File "/home/airflow/.local/lib/python3.12/site-packages/airflow/models/taskinstance.py", line 465, in _execute_task
    result = _execute_callable(context=context, **execute_callable_kwargs)
             ^^^^^^^^^^^^^^^^^^^^^^^^^^^^^^^^^^^^^^^^^^^^^^^^^^^^^^^^^^^^^
  File "/home/airflow/.local/lib/python3.12/site-packages/airflow/models/taskinstance.py", line 432, in _execute_callable
    return execute_callable(context=context, **execute_callable_kwargs)
           ^^^^^^^^^^^^^^^^^^^^^^^^^^^^^^^^^^^^^^^^^^^^^^^^^^^^^^^^^^^^
  File "/home/airflow/.local/lib/python3.12/site-packages/airflow/models/baseoperator.py", line 401, in wrapper
    return func(self, *args, **kwargs)
           ^^^^^^^^^^^^^^^^^^^^^^^^^^^
  File "/home/airflow/.local/lib/python3.12/site-packages/airflow/providers/standard/operators/bash.py", line 233, in execute
    raise AirflowException(
airflow.exceptions.AirflowException: Bash command failed. The command returned a non-zero exit code 1.
[2026-04-04T05:26:39.787+0000] {taskinstance.py:1206} INFO - Marking task as UP_FOR_RETRY. dag_id=banking_01_silver_layer, task_id=debug, run_id=manual__2026-04-04T05:25:07.797971+00:00, execution_date=20260404T052507, start_date=20260404T052635, end_date=20260404T052639
[2026-04-04T05:26:39.798+0000] {standard_task_runner.py:110} ERROR - Failed to execute job 9669 for task debug (Bash command failed. The command returned a non-zero exit code 1.; 298)
[2026-04-04T05:26:39.820+0000] {local_task_job_runner.py:243} INFO - Task exited with return code 1
[2026-04-04T05:26:39.840+0000] {taskinstance.py:3503} INFO - 0 downstream tasks scheduled from follow-on schedule check
[2026-04-04T05:26:39.841+0000] {local_task_job_runner.py:222} INFO - ::endgroup::
