[2026-03-28T10:17:33.466+0000] {local_task_job_runner.py:120} INFO - ::group::Pre task execution logs
[2026-03-28T10:17:33.481+0000] {taskinstance.py:2076} INFO - Dependencies all met for dep_context=non-requeueable deps ti=<TaskInstance: banking_01_bronze_layer.build_bronze_cust scheduled__2026-03-28T08:00:00+00:00 [queued]>
[2026-03-28T10:17:33.484+0000] {taskinstance.py:2076} INFO - Dependencies all met for dep_context=requeueable deps ti=<TaskInstance: banking_01_bronze_layer.build_bronze_cust scheduled__2026-03-28T08:00:00+00:00 [queued]>
[2026-03-28T10:17:33.485+0000] {taskinstance.py:2306} INFO - Starting attempt 1 of 2
[2026-03-28T10:17:33.490+0000] {taskinstance.py:2330} INFO - Executing <Task(BashOperator): build_bronze_cust> on 2026-03-28 08:00:00+00:00
[2026-03-28T10:17:33.495+0000] {standard_task_runner.py:64} INFO - Started process 56571 to run task
[2026-03-28T10:17:33.497+0000] {standard_task_runner.py:90} INFO - Running: ['***', 'tasks', 'run', 'banking_01_bronze_layer', 'build_bronze_cust', 'scheduled__2026-03-28T08:00:00+00:00', '--job-id', '6348', '--raw', '--subdir', 'DAGS_FOLDER/dbt.py', '--cfg-path', '/tmp/tmp8lc0xu69']
[2026-03-28T10:17:33.498+0000] {standard_task_runner.py:91} INFO - Job 6348: Subtask build_bronze_cust
[2026-03-28T10:17:33.522+0000] {task_command.py:426} INFO - Running <TaskInstance: banking_01_bronze_layer.build_bronze_cust scheduled__2026-03-28T08:00:00+00:00 [running]> on host c990dffe13ae
[2026-03-28T10:17:33.563+0000] {taskinstance.py:2648} INFO - Exporting env vars: AIRFLOW_CTX_DAG_OWNER='risheek' AIRFLOW_CTX_DAG_ID='banking_01_bronze_layer' AIRFLOW_CTX_TASK_ID='build_bronze_cust' AIRFLOW_CTX_EXECUTION_DATE='2026-03-28T08:00:00+00:00' AIRFLOW_CTX_TRY_NUMBER='1' AIRFLOW_CTX_DAG_RUN_ID='scheduled__2026-03-28T08:00:00+00:00'
[2026-03-28T10:17:33.564+0000] {taskinstance.py:430} INFO - ::endgroup::
[2026-03-28T10:17:33.564+0000] {subprocess.py:78} INFO - Tmp dir root location: /tmp
[2026-03-28T10:17:33.564+0000] {subprocess.py:88} INFO - Running command: ['/usr/bin/bash', '-c', 'dbt build --select bronze_cust']
[2026-03-28T10:17:33.568+0000] {subprocess.py:99} INFO - Output:
[2026-03-28T10:17:34.840+0000] {subprocess.py:106} INFO - [0m10:17:34  Running with dbt=1.11.7
[2026-03-28T10:17:35.387+0000] {subprocess.py:106} INFO - [0m10:17:35  Registered adapter: snowflake=1.11.3
[2026-03-28T10:17:35.572+0000] {subprocess.py:106} INFO - [0m10:17:35  [[33mWARNING[0m]: Configuration paths exist in your dbt_project.yml file which do not apply to any resources.
[2026-03-28T10:17:35.572+0000] {subprocess.py:106} INFO - There are 1 unused configuration paths:
[2026-03-28T10:17:35.573+0000] {subprocess.py:106} INFO - - models.trans_snowf.example
[2026-03-28T10:17:35.700+0000] {subprocess.py:106} INFO - [0m10:17:35  Found 14 models, 3 sources, 522 macros
[2026-03-28T10:17:35.702+0000] {subprocess.py:106} INFO - [0m10:17:35
[2026-03-28T10:17:35.702+0000] {subprocess.py:106} INFO - [0m10:17:35  Concurrency: 1 threads (target='dev')
[2026-03-28T10:17:35.703+0000] {subprocess.py:106} INFO - [0m10:17:35
[2026-03-28T10:17:36.943+0000] {subprocess.py:106} INFO - [0m10:17:36
[2026-03-28T10:17:36.946+0000] {subprocess.py:106} INFO - [0m10:17:36  Finished running  in 0 hours 0 minutes and 1.24 seconds (1.24s).
[2026-03-28T10:17:36.948+0000] {subprocess.py:106} INFO - [0m10:17:36  Encountered an error:
[2026-03-28T10:17:36.948+0000] {subprocess.py:106} INFO - Database Error
[2026-03-28T10:17:36.949+0000] {subprocess.py:106} INFO -   003001 (42501): SQL access control error:
[2026-03-28T10:17:36.949+0000] {subprocess.py:106} INFO -   Insufficient privileges to operate on database 'BANKING'.
[2026-03-28T10:17:38.704+0000] {subprocess.py:110} INFO - Command exited with return code 2
[2026-03-28T10:17:38.706+0000] {taskinstance.py:441} INFO - ::group::Post task execution logs
[2026-03-28T10:17:38.714+0000] {taskinstance.py:2905} ERROR - Task failed with exception
Traceback (most recent call last):
  File "/home/airflow/.local/lib/python3.12/site-packages/airflow/models/taskinstance.py", line 465, in _execute_task
    result = _execute_callable(context=context, **execute_callable_kwargs)
             ^^^^^^^^^^^^^^^^^^^^^^^^^^^^^^^^^^^^^^^^^^^^^^^^^^^^^^^^^^^^^
  File "/home/airflow/.local/lib/python3.12/site-packages/airflow/models/taskinstance.py", line 432, in _execute_callable
    return execute_callable(context=context, **execute_callable_kwargs)
           ^^^^^^^^^^^^^^^^^^^^^^^^^^^^^^^^^^^^^^^^^^^^^^^^^^^^^^^^^^^^
  File "/home/airflow/.local/lib/python3.12/site-packages/airflow/models/baseoperator.py", line 401, in wrapper
    return func(self, *args, **kwargs)
           ^^^^^^^^^^^^^^^^^^^^^^^^^^^
  File "/home/airflow/.local/lib/python3.12/site-packages/airflow/providers/standard/operators/bash.py", line 233, in execute
    raise AirflowException(
airflow.exceptions.AirflowException: Bash command failed. The command returned a non-zero exit code 2.
[2026-03-28T10:17:38.718+0000] {taskinstance.py:1206} INFO - Marking task as UP_FOR_RETRY. dag_id=banking_01_bronze_layer, task_id=build_bronze_cust, run_id=scheduled__2026-03-28T08:00:00+00:00, execution_date=20260328T080000, start_date=20260328T101733, end_date=20260328T101738
[2026-03-28T10:17:38.729+0000] {standard_task_runner.py:110} ERROR - Failed to execute job 6348 for task build_bronze_cust (Bash command failed. The command returned a non-zero exit code 2.; 56571)
[2026-03-28T10:17:38.740+0000] {local_task_job_runner.py:243} INFO - Task exited with return code 1
[2026-03-28T10:17:38.751+0000] {taskinstance.py:3503} INFO - 0 downstream tasks scheduled from follow-on schedule check
[2026-03-28T10:17:38.751+0000] {local_task_job_runner.py:222} INFO - ::endgroup::
