[2026-03-30T01:47:30.704+0000] {local_task_job_runner.py:120} INFO - ::group::Pre task execution logs
[2026-03-30T01:47:30.721+0000] {taskinstance.py:2076} INFO - Dependencies all met for dep_context=non-requeueable deps ti=<TaskInstance: banking_01_bronze_layer.build_bronze_cust scheduled__2026-03-30T01:00:00+00:00 [queued]>
[2026-03-30T01:47:30.724+0000] {taskinstance.py:2076} INFO - Dependencies all met for dep_context=requeueable deps ti=<TaskInstance: banking_01_bronze_layer.build_bronze_cust scheduled__2026-03-30T01:00:00+00:00 [queued]>
[2026-03-30T01:47:30.725+0000] {taskinstance.py:2306} INFO - Starting attempt 1 of 2
[2026-03-30T01:47:30.730+0000] {taskinstance.py:2330} INFO - Executing <Task(BashOperator): build_bronze_cust> on 2026-03-30 01:00:00+00:00
[2026-03-30T01:47:30.733+0000] {standard_task_runner.py:64} INFO - Started process 6862 to run task
[2026-03-30T01:47:30.735+0000] {standard_task_runner.py:90} INFO - Running: ['***', 'tasks', 'run', 'banking_01_bronze_layer', 'build_bronze_cust', 'scheduled__2026-03-30T01:00:00+00:00', '--job-id', '7399', '--raw', '--subdir', 'DAGS_FOLDER/dbt.py', '--cfg-path', '/tmp/tmpuvqbrs0j']
[2026-03-30T01:47:30.736+0000] {standard_task_runner.py:91} INFO - Job 7399: Subtask build_bronze_cust
[2026-03-30T01:47:30.766+0000] {task_command.py:426} INFO - Running <TaskInstance: banking_01_bronze_layer.build_bronze_cust scheduled__2026-03-30T01:00:00+00:00 [running]> on host c990dffe13ae
[2026-03-30T01:47:30.815+0000] {taskinstance.py:2648} INFO - Exporting env vars: AIRFLOW_CTX_DAG_OWNER='risheek' AIRFLOW_CTX_DAG_ID='banking_01_bronze_layer' AIRFLOW_CTX_TASK_ID='build_bronze_cust' AIRFLOW_CTX_EXECUTION_DATE='2026-03-30T01:00:00+00:00' AIRFLOW_CTX_TRY_NUMBER='1' AIRFLOW_CTX_DAG_RUN_ID='scheduled__2026-03-30T01:00:00+00:00'
[2026-03-30T01:47:30.817+0000] {taskinstance.py:430} INFO - ::endgroup::
[2026-03-30T01:47:30.818+0000] {subprocess.py:78} INFO - Tmp dir root location: /tmp
[2026-03-30T01:47:30.821+0000] {subprocess.py:88} INFO - Running command: ['/usr/bin/bash', '-c', 'dbt build --select bronze_cust']
[2026-03-30T01:47:30.830+0000] {subprocess.py:99} INFO - Output:
[2026-03-30T01:53:32.279+0000] {subprocess.py:106} INFO - [0m01:53:32  Running with dbt=1.11.7
[2026-03-30T01:53:33.063+0000] {subprocess.py:106} INFO - [0m01:53:33  Registered adapter: snowflake=1.11.3
[2026-03-30T01:53:33.237+0000] {subprocess.py:106} INFO - [0m01:53:33  [[33mWARNING[0m]: Configuration paths exist in your dbt_project.yml file which do not apply to any resources.
[2026-03-30T01:53:33.238+0000] {subprocess.py:106} INFO - There are 1 unused configuration paths:
[2026-03-30T01:53:33.238+0000] {subprocess.py:106} INFO - - models.trans_snowf.example
[2026-03-30T01:53:33.360+0000] {subprocess.py:106} INFO - [0m01:53:33  Found 14 models, 3 sources, 522 macros
[2026-03-30T01:53:33.362+0000] {subprocess.py:106} INFO - [0m01:53:33
[2026-03-30T01:53:33.364+0000] {subprocess.py:106} INFO - [0m01:53:33  Concurrency: 1 threads (target='dev')
[2026-03-30T01:53:33.365+0000] {subprocess.py:106} INFO - [0m01:53:33
[2026-03-30T01:53:40.619+0000] {subprocess.py:106} INFO - [0m01:53:40  1 of 1 START sql incremental model PUBLIC_BRONZE.bronze_cust ................... [RUN]
[2026-03-30T01:53:44.646+0000] {subprocess.py:106} INFO - [0m01:53:44  1 of 1 OK created sql incremental model PUBLIC_BRONZE.bronze_cust .............. [[32mSUCCESS 0[0m in 4.02s]
[2026-03-30T01:53:44.989+0000] {subprocess.py:106} INFO - [0m01:53:44
[2026-03-30T01:53:44.990+0000] {subprocess.py:106} INFO - [0m01:53:44  Finished running 1 incremental model in 0 hours 0 minutes and 11.62 seconds (11.62s).
[2026-03-30T01:53:45.052+0000] {subprocess.py:106} INFO - [0m01:53:45
[2026-03-30T01:53:45.053+0000] {subprocess.py:106} INFO - [0m01:53:45  [32mCompleted successfully[0m
[2026-03-30T01:53:45.053+0000] {subprocess.py:106} INFO - [0m01:53:45
[2026-03-30T01:53:45.054+0000] {subprocess.py:106} INFO - [0m01:53:45  Done. PASS=1 WARN=0 ERROR=0 SKIP=0 NO-OP=0 TOTAL=1
[2026-03-30T01:53:46.796+0000] {subprocess.py:110} INFO - Command exited with return code 0
[2026-03-30T01:53:46.801+0000] {taskinstance.py:441} INFO - ::group::Post task execution logs
[2026-03-30T01:53:46.843+0000] {taskinstance.py:1206} INFO - Marking task as SUCCESS. dag_id=banking_01_bronze_layer, task_id=build_bronze_cust, run_id=scheduled__2026-03-30T01:00:00+00:00, execution_date=20260330T010000, start_date=20260330T014730, end_date=20260330T015346
[2026-03-30T01:53:46.888+0000] {local_task_job_runner.py:243} INFO - Task exited with return code 0
[2026-03-30T01:53:46.906+0000] {taskinstance.py:3503} INFO - 0 downstream tasks scheduled from follow-on schedule check
[2026-03-30T01:53:46.907+0000] {local_task_job_runner.py:222} INFO - ::endgroup::
