[2026-03-26T21:57:14.824+0000] {local_task_job_runner.py:120} INFO - ::group::Pre task execution logs
[2026-03-26T21:57:14.842+0000] {taskinstance.py:2076} INFO - Dependencies all met for dep_context=non-requeueable deps ti=<TaskInstance: banking_01_bronze_layer.build_bronze_cust scheduled__2026-03-26T20:30:00+00:00 [queued]>
[2026-03-26T21:57:14.846+0000] {taskinstance.py:2076} INFO - Dependencies all met for dep_context=requeueable deps ti=<TaskInstance: banking_01_bronze_layer.build_bronze_cust scheduled__2026-03-26T20:30:00+00:00 [queued]>
[2026-03-26T21:57:14.846+0000] {taskinstance.py:2306} INFO - Starting attempt 1 of 2
[2026-03-26T21:57:14.852+0000] {taskinstance.py:2330} INFO - Executing <Task(BashOperator): build_bronze_cust> on 2026-03-26 20:30:00+00:00
[2026-03-26T21:57:14.860+0000] {standard_task_runner.py:64} INFO - Started process 6533 to run task
[2026-03-26T21:57:14.865+0000] {standard_task_runner.py:90} INFO - Running: ['***', 'tasks', 'run', 'banking_01_bronze_layer', 'build_bronze_cust', 'scheduled__2026-03-26T20:30:00+00:00', '--job-id', '3413', '--raw', '--subdir', 'DAGS_FOLDER/dbt.py', '--cfg-path', '/tmp/tmpix7pu541']
[2026-03-26T21:57:14.868+0000] {standard_task_runner.py:91} INFO - Job 3413: Subtask build_bronze_cust
[2026-03-26T21:57:14.907+0000] {task_command.py:426} INFO - Running <TaskInstance: banking_01_bronze_layer.build_bronze_cust scheduled__2026-03-26T20:30:00+00:00 [running]> on host c990dffe13ae
[2026-03-26T21:57:14.959+0000] {taskinstance.py:2648} INFO - Exporting env vars: AIRFLOW_CTX_DAG_OWNER='risheek' AIRFLOW_CTX_DAG_ID='banking_01_bronze_layer' AIRFLOW_CTX_TASK_ID='build_bronze_cust' AIRFLOW_CTX_EXECUTION_DATE='2026-03-26T20:30:00+00:00' AIRFLOW_CTX_TRY_NUMBER='1' AIRFLOW_CTX_DAG_RUN_ID='scheduled__2026-03-26T20:30:00+00:00'
[2026-03-26T21:57:14.960+0000] {taskinstance.py:430} INFO - ::endgroup::
[2026-03-26T21:57:14.961+0000] {subprocess.py:78} INFO - Tmp dir root location: /tmp
[2026-03-26T21:57:14.961+0000] {subprocess.py:88} INFO - Running command: ['/usr/bin/bash', '-c', 'dbt build --select bronze_cust']
[2026-03-26T21:57:14.967+0000] {subprocess.py:99} INFO - Output:
[2026-03-26T21:57:16.191+0000] {subprocess.py:106} INFO - [0m21:57:16  Running with dbt=1.11.7
[2026-03-26T21:57:16.712+0000] {subprocess.py:106} INFO - [0m21:57:16  Registered adapter: snowflake=1.11.3
[2026-03-26T21:57:16.854+0000] {subprocess.py:106} INFO - [0m21:57:16  [[33mWARNING[0m]: Configuration paths exist in your dbt_project.yml file which do not apply to any resources.
[2026-03-26T21:57:16.854+0000] {subprocess.py:106} INFO - There are 1 unused configuration paths:
[2026-03-26T21:57:16.855+0000] {subprocess.py:106} INFO - - models.trans_snowf.example
[2026-03-26T21:57:16.969+0000] {subprocess.py:106} INFO - [0m21:57:16  Found 14 models, 3 sources, 522 macros
[2026-03-26T21:57:16.971+0000] {subprocess.py:106} INFO - [0m21:57:16
[2026-03-26T21:57:16.971+0000] {subprocess.py:106} INFO - [0m21:57:16  Concurrency: 1 threads (target='dev')
[2026-03-26T21:57:16.971+0000] {subprocess.py:106} INFO - [0m21:57:16
[2026-03-26T22:05:58.307+0000] {subprocess.py:106} INFO - [0m22:05:58
[2026-03-26T22:05:58.310+0000] {subprocess.py:106} INFO - [0m22:05:58  Finished running  in 0 hours 8 minutes and 41.34 seconds (521.34s).
[2026-03-26T22:05:58.311+0000] {subprocess.py:106} INFO - [0m22:05:58  Encountered an error:
[2026-03-26T22:05:58.311+0000] {subprocess.py:106} INFO - Runtime Error
[2026-03-26T22:05:58.312+0000] {subprocess.py:106} INFO -   Database error while listing schemas in database "BANKING"
[2026-03-26T22:05:58.312+0000] {subprocess.py:106} INFO -   Database Error
[2026-03-26T22:05:58.312+0000] {subprocess.py:106} INFO -     250001 (08001): Failed to connect to DB: BBMCDSP-CT02489.snowflakecomputing.com:443. JWT token is invalid. [85db3c3a-ea8e-4218-be90-0d6bdba73c0a]
[2026-03-26T22:06:04.701+0000] {subprocess.py:110} INFO - Command exited with return code 2
[2026-03-26T22:06:04.703+0000] {taskinstance.py:441} INFO - ::group::Post task execution logs
[2026-03-26T22:06:04.715+0000] {taskinstance.py:2905} ERROR - Task failed with exception
Traceback (most recent call last):
  File "/home/airflow/.local/lib/python3.12/site-packages/airflow/models/taskinstance.py", line 465, in _execute_task
    result = _execute_callable(context=context, **execute_callable_kwargs)
             ^^^^^^^^^^^^^^^^^^^^^^^^^^^^^^^^^^^^^^^^^^^^^^^^^^^^^^^^^^^^^
  File "/home/airflow/.local/lib/python3.12/site-packages/airflow/models/taskinstance.py", line 432, in _execute_callable
    return execute_callable(context=context, **execute_callable_kwargs)
           ^^^^^^^^^^^^^^^^^^^^^^^^^^^^^^^^^^^^^^^^^^^^^^^^^^^^^^^^^^^^
  File "/home/airflow/.local/lib/python3.12/site-packages/airflow/models/baseoperator.py", line 401, in wrapper
    return func(self, *args, **kwargs)
           ^^^^^^^^^^^^^^^^^^^^^^^^^^^
  File "/home/airflow/.local/lib/python3.12/site-packages/airflow/providers/standard/operators/bash.py", line 233, in execute
    raise AirflowException(
airflow.exceptions.AirflowException: Bash command failed. The command returned a non-zero exit code 2.
[2026-03-26T22:06:04.719+0000] {taskinstance.py:1206} INFO - Marking task as UP_FOR_RETRY. dag_id=banking_01_bronze_layer, task_id=build_bronze_cust, run_id=scheduled__2026-03-26T20:30:00+00:00, execution_date=20260326T203000, start_date=20260326T215714, end_date=20260326T220604
[2026-03-26T22:06:04.733+0000] {standard_task_runner.py:110} ERROR - Failed to execute job 3413 for task build_bronze_cust (Bash command failed. The command returned a non-zero exit code 2.; 6533)
[2026-03-26T22:06:04.775+0000] {local_task_job_runner.py:243} INFO - Task exited with return code 1
[2026-03-26T22:06:04.788+0000] {taskinstance.py:3503} INFO - 0 downstream tasks scheduled from follow-on schedule check
[2026-03-26T22:06:04.789+0000] {local_task_job_runner.py:222} INFO - ::endgroup::
