[2026-04-03T06:50:06.750+0000] {local_task_job_runner.py:120} INFO - ::group::Pre task execution logs
[2026-04-03T06:50:06.766+0000] {taskinstance.py:2076} INFO - Dependencies all met for dep_context=non-requeueable deps ti=<TaskInstance: banking_01_bronze_layer.compile manual__2026-04-03T06:50:04.576923+00:00 [queued]>
[2026-04-03T06:50:06.769+0000] {taskinstance.py:2076} INFO - Dependencies all met for dep_context=requeueable deps ti=<TaskInstance: banking_01_bronze_layer.compile manual__2026-04-03T06:50:04.576923+00:00 [queued]>
[2026-04-03T06:50:06.769+0000] {taskinstance.py:2306} INFO - Starting attempt 1 of 2
[2026-04-03T06:50:06.775+0000] {taskinstance.py:2330} INFO - Executing <Task(BashOperator): compile> on 2026-04-03 06:50:04.576923+00:00
[2026-04-03T06:50:06.778+0000] {standard_task_runner.py:64} INFO - Started process 1335 to run task
[2026-04-03T06:50:06.780+0000] {standard_task_runner.py:90} INFO - Running: ['***', 'tasks', 'run', 'banking_01_bronze_layer', 'compile', 'manual__2026-04-03T06:50:04.576923+00:00', '--job-id', '9606', '--raw', '--subdir', 'DAGS_FOLDER/dbt.py', '--cfg-path', '/tmp/tmpfpr5z08w']
[2026-04-03T06:50:06.781+0000] {standard_task_runner.py:91} INFO - Job 9606: Subtask compile
[2026-04-03T06:50:06.821+0000] {task_command.py:426} INFO - Running <TaskInstance: banking_01_bronze_layer.compile manual__2026-04-03T06:50:04.576923+00:00 [running]> on host c990dffe13ae
[2026-04-03T06:50:06.866+0000] {taskinstance.py:2648} INFO - Exporting env vars: AIRFLOW_CTX_DAG_OWNER='risheek' AIRFLOW_CTX_DAG_ID='banking_01_bronze_layer' AIRFLOW_CTX_TASK_ID='compile' AIRFLOW_CTX_EXECUTION_DATE='2026-04-03T06:50:04.576923+00:00' AIRFLOW_CTX_TRY_NUMBER='1' AIRFLOW_CTX_DAG_RUN_ID='manual__2026-04-03T06:50:04.576923+00:00'
[2026-04-03T06:50:06.867+0000] {taskinstance.py:430} INFO - ::endgroup::
[2026-04-03T06:50:06.867+0000] {subprocess.py:78} INFO - Tmp dir root location: /tmp
[2026-04-03T06:50:06.868+0000] {subprocess.py:88} INFO - Running command: ['/usr/bin/bash', '-c', 'dbt compile --profiles-dir /opt/***/dbt/trans_snowf']
[2026-04-03T06:50:06.873+0000] {subprocess.py:99} INFO - Output:
[2026-04-03T06:50:08.194+0000] {subprocess.py:106} INFO - [0m06:50:08  Running with dbt=1.11.7
[2026-04-03T06:50:08.736+0000] {subprocess.py:106} INFO - [0m06:50:08  Registered adapter: snowflake=1.11.3
[2026-04-03T06:50:08.993+0000] {subprocess.py:106} INFO - [0m06:50:08  Encountered an error:
[2026-04-03T06:50:08.994+0000] {subprocess.py:106} INFO - Compilation Error in model bronze_trans (models/staging/bronze_trans.sql)
[2026-04-03T06:50:08.994+0000] {subprocess.py:106} INFO -   expected token ',', got ':'
[2026-04-03T06:50:08.994+0000] {subprocess.py:106} INFO -     line 24
[2026-04-03T06:50:08.994+0000] {subprocess.py:106} INFO -       {{decode_base64_safe(raw_json:"payload":"after":"amount"::STRING, 2) }} as amount_raw,
[2026-04-03T06:50:15.327+0000] {subprocess.py:110} INFO - Command exited with return code 2
[2026-04-03T06:50:15.332+0000] {taskinstance.py:441} INFO - ::group::Post task execution logs
[2026-04-03T06:50:15.361+0000] {taskinstance.py:2905} ERROR - Task failed with exception
Traceback (most recent call last):
  File "/home/airflow/.local/lib/python3.12/site-packages/airflow/models/taskinstance.py", line 465, in _execute_task
    result = _execute_callable(context=context, **execute_callable_kwargs)
             ^^^^^^^^^^^^^^^^^^^^^^^^^^^^^^^^^^^^^^^^^^^^^^^^^^^^^^^^^^^^^
  File "/home/airflow/.local/lib/python3.12/site-packages/airflow/models/taskinstance.py", line 432, in _execute_callable
    return execute_callable(context=context, **execute_callable_kwargs)
           ^^^^^^^^^^^^^^^^^^^^^^^^^^^^^^^^^^^^^^^^^^^^^^^^^^^^^^^^^^^^
  File "/home/airflow/.local/lib/python3.12/site-packages/airflow/models/baseoperator.py", line 401, in wrapper
    return func(self, *args, **kwargs)
           ^^^^^^^^^^^^^^^^^^^^^^^^^^^
  File "/home/airflow/.local/lib/python3.12/site-packages/airflow/providers/standard/operators/bash.py", line 233, in execute
    raise AirflowException(
airflow.exceptions.AirflowException: Bash command failed. The command returned a non-zero exit code 2.
[2026-04-03T06:50:15.368+0000] {taskinstance.py:1206} INFO - Marking task as UP_FOR_RETRY. dag_id=banking_01_bronze_layer, task_id=compile, run_id=manual__2026-04-03T06:50:04.576923+00:00, execution_date=20260403T065004, start_date=20260403T065006, end_date=20260403T065015
[2026-04-03T06:50:15.397+0000] {standard_task_runner.py:110} ERROR - Failed to execute job 9606 for task compile (Bash command failed. The command returned a non-zero exit code 2.; 1335)
[2026-04-03T06:50:15.411+0000] {local_task_job_runner.py:243} INFO - Task exited with return code 1
[2026-04-03T06:50:15.439+0000] {taskinstance.py:3503} INFO - 0 downstream tasks scheduled from follow-on schedule check
[2026-04-03T06:50:15.440+0000] {local_task_job_runner.py:222} INFO - ::endgroup::
