[2026-03-26T18:44:25.417+0000] {local_task_job_runner.py:120} INFO - ::group::Pre task execution logs
[2026-03-26T18:44:25.431+0000] {taskinstance.py:2076} INFO - Dependencies all met for dep_context=non-requeueable deps ti=<TaskInstance: banking_01_bronze_layer.build_bronze_acc scheduled__2026-03-25T17:30:00+00:00 [queued]>
[2026-03-26T18:44:25.435+0000] {taskinstance.py:2076} INFO - Dependencies all met for dep_context=requeueable deps ti=<TaskInstance: banking_01_bronze_layer.build_bronze_acc scheduled__2026-03-25T17:30:00+00:00 [queued]>
[2026-03-26T18:44:25.435+0000] {taskinstance.py:2306} INFO - Starting attempt 2 of 2
[2026-03-26T18:44:25.440+0000] {taskinstance.py:2330} INFO - Executing <Task(BashOperator): build_bronze_acc> on 2026-03-25 17:30:00+00:00
[2026-03-26T18:44:25.442+0000] {standard_task_runner.py:64} INFO - Started process 1370 to run task
[2026-03-26T18:44:25.443+0000] {standard_task_runner.py:90} INFO - Running: ['***', 'tasks', 'run', 'banking_01_bronze_layer', 'build_bronze_acc', 'scheduled__2026-03-25T17:30:00+00:00', '--job-id', '3148', '--raw', '--subdir', 'DAGS_FOLDER/dbt.py', '--cfg-path', '/tmp/tmp3celklzr']
[2026-03-26T18:44:25.444+0000] {standard_task_runner.py:91} INFO - Job 3148: Subtask build_bronze_acc
[2026-03-26T18:44:25.468+0000] {task_command.py:426} INFO - Running <TaskInstance: banking_01_bronze_layer.build_bronze_acc scheduled__2026-03-25T17:30:00+00:00 [running]> on host c990dffe13ae
[2026-03-26T18:44:25.509+0000] {taskinstance.py:2648} INFO - Exporting env vars: AIRFLOW_CTX_DAG_OWNER='risheek' AIRFLOW_CTX_DAG_ID='banking_01_bronze_layer' AIRFLOW_CTX_TASK_ID='build_bronze_acc' AIRFLOW_CTX_EXECUTION_DATE='2026-03-25T17:30:00+00:00' AIRFLOW_CTX_TRY_NUMBER='2' AIRFLOW_CTX_DAG_RUN_ID='scheduled__2026-03-25T17:30:00+00:00'
[2026-03-26T18:44:25.510+0000] {taskinstance.py:430} INFO - ::endgroup::
[2026-03-26T18:44:25.510+0000] {subprocess.py:78} INFO - Tmp dir root location: /tmp
[2026-03-26T18:44:25.510+0000] {subprocess.py:88} INFO - Running command: ['/usr/bin/bash', '-c', 'dbt build --select bronze_acc']
[2026-03-26T18:44:25.513+0000] {subprocess.py:99} INFO - Output:
[2026-03-26T18:44:26.713+0000] {subprocess.py:106} INFO - [0m18:44:26  Running with dbt=1.11.7
[2026-03-26T18:44:27.184+0000] {subprocess.py:106} INFO - [0m18:44:27  Registered adapter: snowflake=1.11.3
[2026-03-26T18:44:27.313+0000] {subprocess.py:106} INFO - [0m18:44:27  [[33mWARNING[0m]: Configuration paths exist in your dbt_project.yml file which do not apply to any resources.
[2026-03-26T18:44:27.314+0000] {subprocess.py:106} INFO - There are 1 unused configuration paths:
[2026-03-26T18:44:27.314+0000] {subprocess.py:106} INFO - - models.trans_snowf.example
[2026-03-26T18:44:27.416+0000] {subprocess.py:106} INFO - [0m18:44:27  Found 14 models, 3 sources, 522 macros
[2026-03-26T18:44:27.417+0000] {subprocess.py:106} INFO - [0m18:44:27
[2026-03-26T18:44:27.418+0000] {subprocess.py:106} INFO - [0m18:44:27  Concurrency: 1 threads (target='dev')
[2026-03-26T18:44:27.418+0000] {subprocess.py:106} INFO - [0m18:44:27
[2026-03-26T18:44:29.675+0000] {subprocess.py:106} INFO - [0m18:44:29
[2026-03-26T18:44:29.677+0000] {subprocess.py:106} INFO - [0m18:44:29  Finished running  in 0 hours 0 minutes and 2.26 seconds (2.26s).
[2026-03-26T18:44:29.678+0000] {subprocess.py:106} INFO - [0m18:44:29  Encountered an error:
[2026-03-26T18:44:29.678+0000] {subprocess.py:106} INFO - Database Error
[2026-03-26T18:44:29.679+0000] {subprocess.py:106} INFO -   003001 (42501): SQL access control error:
[2026-03-26T18:44:29.679+0000] {subprocess.py:106} INFO -   Insufficient privileges to operate on database 'BANKING'.
[2026-03-26T18:44:36.769+0000] {subprocess.py:110} INFO - Command exited with return code 2
[2026-03-26T18:44:36.777+0000] {taskinstance.py:441} INFO - ::group::Post task execution logs
[2026-03-26T18:44:36.793+0000] {taskinstance.py:2905} ERROR - Task failed with exception
Traceback (most recent call last):
  File "/home/airflow/.local/lib/python3.12/site-packages/airflow/models/taskinstance.py", line 465, in _execute_task
    result = _execute_callable(context=context, **execute_callable_kwargs)
             ^^^^^^^^^^^^^^^^^^^^^^^^^^^^^^^^^^^^^^^^^^^^^^^^^^^^^^^^^^^^^
  File "/home/airflow/.local/lib/python3.12/site-packages/airflow/models/taskinstance.py", line 432, in _execute_callable
    return execute_callable(context=context, **execute_callable_kwargs)
           ^^^^^^^^^^^^^^^^^^^^^^^^^^^^^^^^^^^^^^^^^^^^^^^^^^^^^^^^^^^^
  File "/home/airflow/.local/lib/python3.12/site-packages/airflow/models/baseoperator.py", line 401, in wrapper
    return func(self, *args, **kwargs)
           ^^^^^^^^^^^^^^^^^^^^^^^^^^^
  File "/home/airflow/.local/lib/python3.12/site-packages/airflow/providers/standard/operators/bash.py", line 233, in execute
    raise AirflowException(
airflow.exceptions.AirflowException: Bash command failed. The command returned a non-zero exit code 2.
[2026-03-26T18:44:36.799+0000] {taskinstance.py:1206} INFO - Marking task as FAILED. dag_id=banking_01_bronze_layer, task_id=build_bronze_acc, run_id=scheduled__2026-03-25T17:30:00+00:00, execution_date=20260325T173000, start_date=20260326T184425, end_date=20260326T184436
[2026-03-26T18:44:36.812+0000] {standard_task_runner.py:110} ERROR - Failed to execute job 3148 for task build_bronze_acc (Bash command failed. The command returned a non-zero exit code 2.; 1370)
[2026-03-26T18:44:36.827+0000] {local_task_job_runner.py:243} INFO - Task exited with return code 1
[2026-03-26T18:44:36.844+0000] {taskinstance.py:3503} INFO - 0 downstream tasks scheduled from follow-on schedule check
[2026-03-26T18:44:36.845+0000] {local_task_job_runner.py:222} INFO - ::endgroup::
