[2026-03-30T22:31:17.830+0000] {local_task_job_runner.py:120} INFO - ::group::Pre task execution logs
[2026-03-30T22:31:17.850+0000] {taskinstance.py:2076} INFO - Dependencies all met for dep_context=non-requeueable deps ti=<TaskInstance: banking_01_bronze_layer.build_bronze_acc scheduled__2026-03-30T22:00:00+00:00 [queued]>
[2026-03-30T22:31:17.853+0000] {taskinstance.py:2076} INFO - Dependencies all met for dep_context=requeueable deps ti=<TaskInstance: banking_01_bronze_layer.build_bronze_acc scheduled__2026-03-30T22:00:00+00:00 [queued]>
[2026-03-30T22:31:17.853+0000] {taskinstance.py:2306} INFO - Starting attempt 1 of 2
[2026-03-30T22:31:17.859+0000] {taskinstance.py:2330} INFO - Executing <Task(BashOperator): build_bronze_acc> on 2026-03-30 22:00:00+00:00
[2026-03-30T22:31:17.862+0000] {standard_task_runner.py:64} INFO - Started process 33324 to run task
[2026-03-30T22:31:17.864+0000] {standard_task_runner.py:90} INFO - Running: ['***', 'tasks', 'run', 'banking_01_bronze_layer', 'build_bronze_acc', 'scheduled__2026-03-30T22:00:00+00:00', '--job-id', '9140', '--raw', '--subdir', 'DAGS_FOLDER/dbt.py', '--cfg-path', '/tmp/tmp061dfcb8']
[2026-03-30T22:31:17.865+0000] {standard_task_runner.py:91} INFO - Job 9140: Subtask build_bronze_acc
[2026-03-30T22:31:17.898+0000] {task_command.py:426} INFO - Running <TaskInstance: banking_01_bronze_layer.build_bronze_acc scheduled__2026-03-30T22:00:00+00:00 [running]> on host c990dffe13ae
[2026-03-30T22:31:17.950+0000] {taskinstance.py:2648} INFO - Exporting env vars: AIRFLOW_CTX_DAG_OWNER='risheek' AIRFLOW_CTX_DAG_ID='banking_01_bronze_layer' AIRFLOW_CTX_TASK_ID='build_bronze_acc' AIRFLOW_CTX_EXECUTION_DATE='2026-03-30T22:00:00+00:00' AIRFLOW_CTX_TRY_NUMBER='1' AIRFLOW_CTX_DAG_RUN_ID='scheduled__2026-03-30T22:00:00+00:00'
[2026-03-30T22:31:17.950+0000] {taskinstance.py:430} INFO - ::endgroup::
[2026-03-30T22:31:17.951+0000] {subprocess.py:78} INFO - Tmp dir root location: /tmp
[2026-03-30T22:31:17.951+0000] {subprocess.py:88} INFO - Running command: ['/usr/bin/bash', '-c', 'dbt build --select bronze_acc']
[2026-03-30T22:31:17.955+0000] {subprocess.py:99} INFO - Output:
[2026-03-30T22:31:19.403+0000] {subprocess.py:106} INFO - [0m22:31:19  Running with dbt=1.11.7
[2026-03-30T22:31:19.929+0000] {subprocess.py:106} INFO - [0m22:31:19  Registered adapter: snowflake=1.11.3
[2026-03-30T22:31:20.092+0000] {subprocess.py:106} INFO - [0m22:31:20  [[33mWARNING[0m]: Configuration paths exist in your dbt_project.yml file which do not apply to any resources.
[2026-03-30T22:31:20.094+0000] {subprocess.py:106} INFO - There are 1 unused configuration paths:
[2026-03-30T22:31:20.096+0000] {subprocess.py:106} INFO - - models.trans_snowf.example
[2026-03-30T22:31:20.202+0000] {subprocess.py:106} INFO - [0m22:31:20  Found 14 models, 3 sources, 522 macros
[2026-03-30T22:31:20.203+0000] {subprocess.py:106} INFO - [0m22:31:20
[2026-03-30T22:31:20.204+0000] {subprocess.py:106} INFO - [0m22:31:20  Concurrency: 1 threads (target='dev')
[2026-03-30T22:31:20.204+0000] {subprocess.py:106} INFO - [0m22:31:20
[2026-03-30T22:31:21.992+0000] {subprocess.py:106} INFO - [0m22:31:21  1 of 1 START sql incremental model PUBLIC_BRONZE.bronze_acc .................... [RUN]
[2026-03-30T22:31:25.200+0000] {subprocess.py:106} INFO - [0m22:31:25  1 of 1 ERROR creating sql incremental model PUBLIC_BRONZE.bronze_acc ........... [[31mERROR[0m in 3.20s]
[2026-03-30T22:31:25.779+0000] {subprocess.py:106} INFO - [0m22:31:25
[2026-03-30T22:31:25.780+0000] {subprocess.py:106} INFO - [0m22:31:25  Finished running 1 incremental model in 0 hours 0 minutes and 5.57 seconds (5.57s).
[2026-03-30T22:31:25.827+0000] {subprocess.py:106} INFO - [0m22:31:25
[2026-03-30T22:31:25.828+0000] {subprocess.py:106} INFO - [0m22:31:25  [31mCompleted with 1 error, 0 partial successes, and 0 warnings:[0m
[2026-03-30T22:31:25.829+0000] {subprocess.py:106} INFO - [0m22:31:25
[2026-03-30T22:31:25.829+0000] {subprocess.py:106} INFO - [0m22:31:25  [31mFailure in model bronze_acc (models/staging/bronze_acc.sql)[0m
[2026-03-30T22:31:25.829+0000] {subprocess.py:106} INFO - [0m22:31:25    Database Error in model bronze_acc (models/staging/bronze_acc.sql)
[2026-03-30T22:31:25.829+0000] {subprocess.py:106} INFO -   100038 (22018): Numeric value 'DYmd' is not recognized
[2026-03-30T22:31:25.830+0000] {subprocess.py:106} INFO -   compiled code at target/run/trans_snowf/models/staging/bronze_acc.sql
[2026-03-30T22:31:25.830+0000] {subprocess.py:106} INFO - [0m22:31:25
[2026-03-30T22:31:25.830+0000] {subprocess.py:106} INFO - [0m22:31:25    compiled code at target/compiled/trans_snowf/models/staging/bronze_acc.sql
[2026-03-30T22:31:25.831+0000] {subprocess.py:106} INFO - [0m22:31:25
[2026-03-30T22:31:25.831+0000] {subprocess.py:106} INFO - [0m22:31:25  Done. PASS=0 WARN=0 ERROR=1 SKIP=0 NO-OP=0 TOTAL=1
[2026-03-30T22:31:28.692+0000] {subprocess.py:110} INFO - Command exited with return code 1
[2026-03-30T22:31:28.695+0000] {taskinstance.py:441} INFO - ::group::Post task execution logs
[2026-03-30T22:31:28.711+0000] {taskinstance.py:2905} ERROR - Task failed with exception
Traceback (most recent call last):
  File "/home/airflow/.local/lib/python3.12/site-packages/airflow/models/taskinstance.py", line 465, in _execute_task
    result = _execute_callable(context=context, **execute_callable_kwargs)
             ^^^^^^^^^^^^^^^^^^^^^^^^^^^^^^^^^^^^^^^^^^^^^^^^^^^^^^^^^^^^^
  File "/home/airflow/.local/lib/python3.12/site-packages/airflow/models/taskinstance.py", line 432, in _execute_callable
    return execute_callable(context=context, **execute_callable_kwargs)
           ^^^^^^^^^^^^^^^^^^^^^^^^^^^^^^^^^^^^^^^^^^^^^^^^^^^^^^^^^^^^
  File "/home/airflow/.local/lib/python3.12/site-packages/airflow/models/baseoperator.py", line 401, in wrapper
    return func(self, *args, **kwargs)
           ^^^^^^^^^^^^^^^^^^^^^^^^^^^
  File "/home/airflow/.local/lib/python3.12/site-packages/airflow/providers/standard/operators/bash.py", line 233, in execute
    raise AirflowException(
airflow.exceptions.AirflowException: Bash command failed. The command returned a non-zero exit code 1.
[2026-03-30T22:31:28.719+0000] {taskinstance.py:1206} INFO - Marking task as UP_FOR_RETRY. dag_id=banking_01_bronze_layer, task_id=build_bronze_acc, run_id=scheduled__2026-03-30T22:00:00+00:00, execution_date=20260330T220000, start_date=20260330T223117, end_date=20260330T223128
[2026-03-30T22:31:28.737+0000] {standard_task_runner.py:110} ERROR - Failed to execute job 9140 for task build_bronze_acc (Bash command failed. The command returned a non-zero exit code 1.; 33324)
[2026-03-30T22:31:28.755+0000] {local_task_job_runner.py:243} INFO - Task exited with return code 1
[2026-03-30T22:31:28.772+0000] {taskinstance.py:3503} INFO - 0 downstream tasks scheduled from follow-on schedule check
[2026-03-30T22:31:28.773+0000] {local_task_job_runner.py:222} INFO - ::endgroup::
