[2026-03-29T16:11:07.805+0000] {local_task_job_runner.py:120} INFO - ::group::Pre task execution logs
[2026-03-29T16:11:07.819+0000] {taskinstance.py:2076} INFO - Dependencies all met for dep_context=non-requeueable deps ti=<TaskInstance: banking_01_bronze_layer.build_bronze_cust scheduled__2026-03-29T15:30:00+00:00 [queued]>
[2026-03-29T16:11:07.822+0000] {taskinstance.py:2076} INFO - Dependencies all met for dep_context=requeueable deps ti=<TaskInstance: banking_01_bronze_layer.build_bronze_cust scheduled__2026-03-29T15:30:00+00:00 [queued]>
[2026-03-29T16:11:07.822+0000] {taskinstance.py:2306} INFO - Starting attempt 1 of 2
[2026-03-29T16:11:07.828+0000] {taskinstance.py:2330} INFO - Executing <Task(BashOperator): build_bronze_cust> on 2026-03-29 15:30:00+00:00
[2026-03-29T16:11:07.830+0000] {standard_task_runner.py:64} INFO - Started process 3190 to run task
[2026-03-29T16:11:07.831+0000] {standard_task_runner.py:90} INFO - Running: ['***', 'tasks', 'run', 'banking_01_bronze_layer', 'build_bronze_cust', 'scheduled__2026-03-29T15:30:00+00:00', '--job-id', '7284', '--raw', '--subdir', 'DAGS_FOLDER/dbt.py', '--cfg-path', '/tmp/tmppsdwb1t8']
[2026-03-29T16:11:07.832+0000] {standard_task_runner.py:91} INFO - Job 7284: Subtask build_bronze_cust
[2026-03-29T16:11:07.858+0000] {task_command.py:426} INFO - Running <TaskInstance: banking_01_bronze_layer.build_bronze_cust scheduled__2026-03-29T15:30:00+00:00 [running]> on host c990dffe13ae
[2026-03-29T16:11:07.904+0000] {taskinstance.py:2648} INFO - Exporting env vars: AIRFLOW_CTX_DAG_OWNER='risheek' AIRFLOW_CTX_DAG_ID='banking_01_bronze_layer' AIRFLOW_CTX_TASK_ID='build_bronze_cust' AIRFLOW_CTX_EXECUTION_DATE='2026-03-29T15:30:00+00:00' AIRFLOW_CTX_TRY_NUMBER='1' AIRFLOW_CTX_DAG_RUN_ID='scheduled__2026-03-29T15:30:00+00:00'
[2026-03-29T16:11:07.905+0000] {taskinstance.py:430} INFO - ::endgroup::
[2026-03-29T16:11:07.905+0000] {subprocess.py:78} INFO - Tmp dir root location: /tmp
[2026-03-29T16:11:07.906+0000] {subprocess.py:88} INFO - Running command: ['/usr/bin/bash', '-c', 'dbt build --select bronze_cust']
[2026-03-29T16:11:07.909+0000] {subprocess.py:99} INFO - Output:
[2026-03-29T16:11:09.043+0000] {subprocess.py:106} INFO - [0m16:11:09  Running with dbt=1.11.7
[2026-03-29T16:11:09.477+0000] {subprocess.py:106} INFO - [0m16:11:09  Registered adapter: snowflake=1.11.3
[2026-03-29T16:11:09.599+0000] {subprocess.py:106} INFO - [0m16:11:09  [[33mWARNING[0m]: Configuration paths exist in your dbt_project.yml file which do not apply to any resources.
[2026-03-29T16:11:09.599+0000] {subprocess.py:106} INFO - There are 1 unused configuration paths:
[2026-03-29T16:11:09.600+0000] {subprocess.py:106} INFO - - models.trans_snowf.example
[2026-03-29T16:11:09.691+0000] {subprocess.py:106} INFO - [0m16:11:09  Found 14 models, 3 sources, 522 macros
[2026-03-29T16:11:09.692+0000] {subprocess.py:106} INFO - [0m16:11:09
[2026-03-29T16:11:09.692+0000] {subprocess.py:106} INFO - [0m16:11:09  Concurrency: 1 threads (target='dev')
[2026-03-29T16:11:09.693+0000] {subprocess.py:106} INFO - [0m16:11:09
[2026-03-29T16:11:21.623+0000] {subprocess.py:106} INFO - [0m16:11:21
[2026-03-29T16:11:21.633+0000] {subprocess.py:106} INFO - [0m16:11:21  Finished running  in 0 hours 0 minutes and 11.93 seconds (11.93s).
[2026-03-29T16:11:21.634+0000] {subprocess.py:106} INFO - [0m16:11:21  Encountered an error:
[2026-03-29T16:11:21.634+0000] {subprocess.py:106} INFO - Runtime Error
[2026-03-29T16:11:21.635+0000] {subprocess.py:106} INFO -   Database error while listing schemas in database "BANKING"
[2026-03-29T16:11:21.636+0000] {subprocess.py:106} INFO -   Database Error
[2026-03-29T16:11:21.637+0000] {subprocess.py:106} INFO -     250001 (08001): Failed to connect to DB: BBMCDSP-CT02489.snowflakecomputing.com:443. JWT token is invalid. [21a98d78-066f-4dcb-97c4-3f37c76a741f]
[2026-03-29T16:11:23.241+0000] {subprocess.py:110} INFO - Command exited with return code 2
[2026-03-29T16:11:23.243+0000] {taskinstance.py:441} INFO - ::group::Post task execution logs
[2026-03-29T16:11:23.260+0000] {taskinstance.py:2905} ERROR - Task failed with exception
Traceback (most recent call last):
  File "/home/airflow/.local/lib/python3.12/site-packages/airflow/models/taskinstance.py", line 465, in _execute_task
    result = _execute_callable(context=context, **execute_callable_kwargs)
             ^^^^^^^^^^^^^^^^^^^^^^^^^^^^^^^^^^^^^^^^^^^^^^^^^^^^^^^^^^^^^
  File "/home/airflow/.local/lib/python3.12/site-packages/airflow/models/taskinstance.py", line 432, in _execute_callable
    return execute_callable(context=context, **execute_callable_kwargs)
           ^^^^^^^^^^^^^^^^^^^^^^^^^^^^^^^^^^^^^^^^^^^^^^^^^^^^^^^^^^^^
  File "/home/airflow/.local/lib/python3.12/site-packages/airflow/models/baseoperator.py", line 401, in wrapper
    return func(self, *args, **kwargs)
           ^^^^^^^^^^^^^^^^^^^^^^^^^^^
  File "/home/airflow/.local/lib/python3.12/site-packages/airflow/providers/standard/operators/bash.py", line 233, in execute
    raise AirflowException(
airflow.exceptions.AirflowException: Bash command failed. The command returned a non-zero exit code 2.
[2026-03-29T16:11:23.265+0000] {taskinstance.py:1206} INFO - Marking task as UP_FOR_RETRY. dag_id=banking_01_bronze_layer, task_id=build_bronze_cust, run_id=scheduled__2026-03-29T15:30:00+00:00, execution_date=20260329T153000, start_date=20260329T161107, end_date=20260329T161123
[2026-03-29T16:11:23.280+0000] {standard_task_runner.py:110} ERROR - Failed to execute job 7284 for task build_bronze_cust (Bash command failed. The command returned a non-zero exit code 2.; 3190)
[2026-03-29T16:11:23.302+0000] {local_task_job_runner.py:243} INFO - Task exited with return code 1
[2026-03-29T16:11:23.319+0000] {taskinstance.py:3503} INFO - 0 downstream tasks scheduled from follow-on schedule check
[2026-03-29T16:11:23.320+0000] {local_task_job_runner.py:222} INFO - ::endgroup::
