[2026-03-25T14:46:52.334+0000] {local_task_job_runner.py:120} INFO - ::group::Pre task execution logs
[2026-03-25T14:46:52.356+0000] {taskinstance.py:2076} INFO - Dependencies all met for dep_context=non-requeueable deps ti=<TaskInstance: banking_01_bronze_layer.build_bronze_acc scheduled__2026-03-25T14:00:00+00:00 [queued]>
[2026-03-25T14:46:52.360+0000] {taskinstance.py:2076} INFO - Dependencies all met for dep_context=requeueable deps ti=<TaskInstance: banking_01_bronze_layer.build_bronze_acc scheduled__2026-03-25T14:00:00+00:00 [queued]>
[2026-03-25T14:46:52.360+0000] {taskinstance.py:2306} INFO - Starting attempt 1 of 2
[2026-03-25T14:46:52.366+0000] {taskinstance.py:2330} INFO - Executing <Task(BashOperator): build_bronze_acc> on 2026-03-25 14:00:00+00:00
[2026-03-25T14:46:52.369+0000] {standard_task_runner.py:64} INFO - Started process 126 to run task
[2026-03-25T14:46:52.372+0000] {standard_task_runner.py:90} INFO - Running: ['***', 'tasks', 'run', 'banking_01_bronze_layer', 'build_bronze_acc', 'scheduled__2026-03-25T14:00:00+00:00', '--job-id', '1352', '--raw', '--subdir', 'DAGS_FOLDER/dbt.py', '--cfg-path', '/tmp/tmpus882lfx']
[2026-03-25T14:46:52.374+0000] {standard_task_runner.py:91} INFO - Job 1352: Subtask build_bronze_acc
[2026-03-25T14:46:52.406+0000] {task_command.py:426} INFO - Running <TaskInstance: banking_01_bronze_layer.build_bronze_acc scheduled__2026-03-25T14:00:00+00:00 [running]> on host c990dffe13ae
[2026-03-25T14:46:52.456+0000] {taskinstance.py:2648} INFO - Exporting env vars: AIRFLOW_CTX_DAG_OWNER='risheek' AIRFLOW_CTX_DAG_ID='banking_01_bronze_layer' AIRFLOW_CTX_TASK_ID='build_bronze_acc' AIRFLOW_CTX_EXECUTION_DATE='2026-03-25T14:00:00+00:00' AIRFLOW_CTX_TRY_NUMBER='1' AIRFLOW_CTX_DAG_RUN_ID='scheduled__2026-03-25T14:00:00+00:00'
[2026-03-25T14:46:52.457+0000] {taskinstance.py:430} INFO - ::endgroup::
[2026-03-25T14:46:52.457+0000] {subprocess.py:78} INFO - Tmp dir root location: /tmp
[2026-03-25T14:46:52.458+0000] {subprocess.py:88} INFO - Running command: ['/usr/bin/bash', '-c', 'dbt build --select bronze_acc']
[2026-03-25T14:46:52.462+0000] {subprocess.py:99} INFO - Output:
[2026-03-25T14:46:53.772+0000] {subprocess.py:106} INFO - [0m14:46:53  Running with dbt=1.11.7
[2026-03-25T14:46:54.354+0000] {subprocess.py:106} INFO - [0m14:46:54  Registered adapter: snowflake=1.11.3
[2026-03-25T14:46:54.501+0000] {subprocess.py:106} INFO - [0m14:46:54  [[33mWARNING[0m]: Configuration paths exist in your dbt_project.yml file which do not apply to any resources.
[2026-03-25T14:46:54.502+0000] {subprocess.py:106} INFO - There are 1 unused configuration paths:
[2026-03-25T14:46:54.502+0000] {subprocess.py:106} INFO - - models.trans_snowf.example
[2026-03-25T14:46:54.603+0000] {subprocess.py:106} INFO - [0m14:46:54  Found 14 models, 3 sources, 522 macros
[2026-03-25T14:46:54.604+0000] {subprocess.py:106} INFO - [0m14:46:54
[2026-03-25T14:46:54.605+0000] {subprocess.py:106} INFO - [0m14:46:54  Concurrency: 1 threads (target='dev')
[2026-03-25T14:46:54.605+0000] {subprocess.py:106} INFO - [0m14:46:54
[2026-03-25T14:46:54.632+0000] {subprocess.py:106} INFO - [0m14:46:54
[2026-03-25T14:46:54.632+0000] {subprocess.py:106} INFO - [0m14:46:54  Finished running  in 0 hours 0 minutes and 0.03 seconds (0.03s).
[2026-03-25T14:46:54.633+0000] {subprocess.py:106} INFO - [0m14:46:54  Encountered an error:
[2026-03-25T14:46:54.633+0000] {subprocess.py:106} INFO - Runtime Error
[2026-03-25T14:46:54.633+0000] {subprocess.py:106} INFO -   Database error while listing schemas in database "BANKING"
[2026-03-25T14:46:54.633+0000] {subprocess.py:106} INFO -   Database Error
[2026-03-25T14:46:54.633+0000] {subprocess.py:106} INFO -     [Errno 2] No such file or directory: '/Users/rish88k/data_analysis/de_project/keys_/dbt_user_latest/rsa_key.p8'
[2026-03-25T14:46:57.252+0000] {subprocess.py:110} INFO - Command exited with return code 2
[2026-03-25T14:46:57.256+0000] {taskinstance.py:441} INFO - ::group::Post task execution logs
[2026-03-25T14:46:57.281+0000] {taskinstance.py:2905} ERROR - Task failed with exception
Traceback (most recent call last):
  File "/home/airflow/.local/lib/python3.12/site-packages/airflow/models/taskinstance.py", line 465, in _execute_task
    result = _execute_callable(context=context, **execute_callable_kwargs)
             ^^^^^^^^^^^^^^^^^^^^^^^^^^^^^^^^^^^^^^^^^^^^^^^^^^^^^^^^^^^^^
  File "/home/airflow/.local/lib/python3.12/site-packages/airflow/models/taskinstance.py", line 432, in _execute_callable
    return execute_callable(context=context, **execute_callable_kwargs)
           ^^^^^^^^^^^^^^^^^^^^^^^^^^^^^^^^^^^^^^^^^^^^^^^^^^^^^^^^^^^^
  File "/home/airflow/.local/lib/python3.12/site-packages/airflow/models/baseoperator.py", line 401, in wrapper
    return func(self, *args, **kwargs)
           ^^^^^^^^^^^^^^^^^^^^^^^^^^^
  File "/home/airflow/.local/lib/python3.12/site-packages/airflow/providers/standard/operators/bash.py", line 233, in execute
    raise AirflowException(
airflow.exceptions.AirflowException: Bash command failed. The command returned a non-zero exit code 2.
[2026-03-25T14:46:57.287+0000] {taskinstance.py:1206} INFO - Marking task as UP_FOR_RETRY. dag_id=banking_01_bronze_layer, task_id=build_bronze_acc, run_id=scheduled__2026-03-25T14:00:00+00:00, execution_date=20260325T140000, start_date=20260325T144652, end_date=20260325T144657
[2026-03-25T14:46:57.307+0000] {standard_task_runner.py:110} ERROR - Failed to execute job 1352 for task build_bronze_acc (Bash command failed. The command returned a non-zero exit code 2.; 126)
[2026-03-25T14:46:57.348+0000] {local_task_job_runner.py:243} INFO - Task exited with return code 1
[2026-03-25T14:46:57.379+0000] {taskinstance.py:3503} INFO - 0 downstream tasks scheduled from follow-on schedule check
[2026-03-25T14:46:57.381+0000] {local_task_job_runner.py:222} INFO - ::endgroup::
