[2026-03-25T14:52:37.965+0000] {local_task_job_runner.py:120} INFO - ::group::Pre task execution logs
[2026-03-25T14:52:37.985+0000] {taskinstance.py:2076} INFO - Dependencies all met for dep_context=non-requeueable deps ti=<TaskInstance: banking_01_bronze_layer.build_bronze_acc scheduled__2026-03-25T14:00:00+00:00 [queued]>
[2026-03-25T14:52:37.990+0000] {taskinstance.py:2076} INFO - Dependencies all met for dep_context=requeueable deps ti=<TaskInstance: banking_01_bronze_layer.build_bronze_acc scheduled__2026-03-25T14:00:00+00:00 [queued]>
[2026-03-25T14:52:37.991+0000] {taskinstance.py:2306} INFO - Starting attempt 2 of 2
[2026-03-25T14:52:37.998+0000] {taskinstance.py:2330} INFO - Executing <Task(BashOperator): build_bronze_acc> on 2026-03-25 14:00:00+00:00
[2026-03-25T14:52:38.001+0000] {standard_task_runner.py:64} INFO - Started process 1312 to run task
[2026-03-25T14:52:38.005+0000] {standard_task_runner.py:90} INFO - Running: ['***', 'tasks', 'run', 'banking_01_bronze_layer', 'build_bronze_acc', 'scheduled__2026-03-25T14:00:00+00:00', '--job-id', '1414', '--raw', '--subdir', 'DAGS_FOLDER/dbt.py', '--cfg-path', '/tmp/tmpfobd6obd']
[2026-03-25T14:52:38.006+0000] {standard_task_runner.py:91} INFO - Job 1414: Subtask build_bronze_acc
[2026-03-25T14:52:38.049+0000] {task_command.py:426} INFO - Running <TaskInstance: banking_01_bronze_layer.build_bronze_acc scheduled__2026-03-25T14:00:00+00:00 [running]> on host c990dffe13ae
[2026-03-25T14:52:38.101+0000] {taskinstance.py:2648} INFO - Exporting env vars: AIRFLOW_CTX_DAG_OWNER='risheek' AIRFLOW_CTX_DAG_ID='banking_01_bronze_layer' AIRFLOW_CTX_TASK_ID='build_bronze_acc' AIRFLOW_CTX_EXECUTION_DATE='2026-03-25T14:00:00+00:00' AIRFLOW_CTX_TRY_NUMBER='2' AIRFLOW_CTX_DAG_RUN_ID='scheduled__2026-03-25T14:00:00+00:00'
[2026-03-25T14:52:38.102+0000] {taskinstance.py:430} INFO - ::endgroup::
[2026-03-25T14:52:38.102+0000] {subprocess.py:78} INFO - Tmp dir root location: /tmp
[2026-03-25T14:52:38.103+0000] {subprocess.py:88} INFO - Running command: ['/usr/bin/bash', '-c', 'dbt build --select bronze_acc']
[2026-03-25T14:52:38.107+0000] {subprocess.py:99} INFO - Output:
[2026-03-25T14:52:39.495+0000] {subprocess.py:106} INFO - [0m14:52:39  Running with dbt=1.11.7
[2026-03-25T14:52:40.166+0000] {subprocess.py:106} INFO - [0m14:52:40  Registered adapter: snowflake=1.11.3
[2026-03-25T14:52:40.309+0000] {subprocess.py:106} INFO - [0m14:52:40  [[33mWARNING[0m]: Configuration paths exist in your dbt_project.yml file which do not apply to any resources.
[2026-03-25T14:52:40.309+0000] {subprocess.py:106} INFO - There are 1 unused configuration paths:
[2026-03-25T14:52:40.310+0000] {subprocess.py:106} INFO - - models.trans_snowf.example
[2026-03-25T14:52:40.408+0000] {subprocess.py:106} INFO - [0m14:52:40  Found 14 models, 3 sources, 522 macros
[2026-03-25T14:52:40.409+0000] {subprocess.py:106} INFO - [0m14:52:40
[2026-03-25T14:52:40.409+0000] {subprocess.py:106} INFO - [0m14:52:40  Concurrency: 1 threads (target='dev')
[2026-03-25T14:52:40.409+0000] {subprocess.py:106} INFO - [0m14:52:40
[2026-03-25T14:52:40.439+0000] {subprocess.py:106} INFO - [0m14:52:40
[2026-03-25T14:52:40.439+0000] {subprocess.py:106} INFO - [0m14:52:40  Finished running  in 0 hours 0 minutes and 0.03 seconds (0.03s).
[2026-03-25T14:52:40.440+0000] {subprocess.py:106} INFO - [0m14:52:40  Encountered an error:
[2026-03-25T14:52:40.440+0000] {subprocess.py:106} INFO - Runtime Error
[2026-03-25T14:52:40.440+0000] {subprocess.py:106} INFO -   Database error while listing schemas in database "BANKING"
[2026-03-25T14:52:40.440+0000] {subprocess.py:106} INFO -   Database Error
[2026-03-25T14:52:40.440+0000] {subprocess.py:106} INFO -     [Errno 2] No such file or directory: '/Users/rish88k/data_analysis/de_project/keys_/dbt_user_latest/rsa_key.p8'
[2026-03-25T14:52:42.132+0000] {subprocess.py:110} INFO - Command exited with return code 2
[2026-03-25T14:52:42.134+0000] {taskinstance.py:441} INFO - ::group::Post task execution logs
[2026-03-25T14:52:42.154+0000] {taskinstance.py:2905} ERROR - Task failed with exception
Traceback (most recent call last):
  File "/home/airflow/.local/lib/python3.12/site-packages/airflow/models/taskinstance.py", line 465, in _execute_task
    result = _execute_callable(context=context, **execute_callable_kwargs)
             ^^^^^^^^^^^^^^^^^^^^^^^^^^^^^^^^^^^^^^^^^^^^^^^^^^^^^^^^^^^^^
  File "/home/airflow/.local/lib/python3.12/site-packages/airflow/models/taskinstance.py", line 432, in _execute_callable
    return execute_callable(context=context, **execute_callable_kwargs)
           ^^^^^^^^^^^^^^^^^^^^^^^^^^^^^^^^^^^^^^^^^^^^^^^^^^^^^^^^^^^^
  File "/home/airflow/.local/lib/python3.12/site-packages/airflow/models/baseoperator.py", line 401, in wrapper
    return func(self, *args, **kwargs)
           ^^^^^^^^^^^^^^^^^^^^^^^^^^^
  File "/home/airflow/.local/lib/python3.12/site-packages/airflow/providers/standard/operators/bash.py", line 233, in execute
    raise AirflowException(
airflow.exceptions.AirflowException: Bash command failed. The command returned a non-zero exit code 2.
[2026-03-25T14:52:42.159+0000] {taskinstance.py:1206} INFO - Marking task as FAILED. dag_id=banking_01_bronze_layer, task_id=build_bronze_acc, run_id=scheduled__2026-03-25T14:00:00+00:00, execution_date=20260325T140000, start_date=20260325T145237, end_date=20260325T145242
[2026-03-25T14:52:42.172+0000] {standard_task_runner.py:110} ERROR - Failed to execute job 1414 for task build_bronze_acc (Bash command failed. The command returned a non-zero exit code 2.; 1312)
[2026-03-25T14:52:42.207+0000] {local_task_job_runner.py:243} INFO - Task exited with return code 1
[2026-03-25T14:52:42.232+0000] {taskinstance.py:3503} INFO - 0 downstream tasks scheduled from follow-on schedule check
[2026-03-25T14:52:42.234+0000] {local_task_job_runner.py:222} INFO - ::endgroup::
