[2026-04-04T05:04:55.268+0000] {local_task_job_runner.py:120} INFO - ::group::Pre task execution logs
[2026-04-04T05:04:55.284+0000] {taskinstance.py:2076} INFO - Dependencies all met for dep_context=non-requeueable deps ti=<TaskInstance: transfer_from_minio_to_snowflake_accounts.create_stage manual__2026-04-04T05:04:42.171459+00:00 [queued]>
[2026-04-04T05:04:55.288+0000] {taskinstance.py:2076} INFO - Dependencies all met for dep_context=requeueable deps ti=<TaskInstance: transfer_from_minio_to_snowflake_accounts.create_stage manual__2026-04-04T05:04:42.171459+00:00 [queued]>
[2026-04-04T05:04:55.288+0000] {taskinstance.py:2306} INFO - Starting attempt 1 of 3
[2026-04-04T05:04:55.294+0000] {taskinstance.py:2330} INFO - Executing <Task(SQLExecuteQueryOperator): create_stage> on 2026-04-04 05:04:42.171459+00:00
[2026-04-04T05:04:55.302+0000] {logging_mixin.py:188} WARNING - /home/***/.local/lib/python3.12/site-packages/***/task/task_runner/standard_task_runner.py:62 DeprecationWarning: This process (pid=138) is multi-threaded, use of fork() may lead to deadlocks in the child.
[2026-04-04T05:04:55.301+0000] {standard_task_runner.py:90} INFO - Running: ['***', 'tasks', 'run', 'transfer_from_minio_to_snowflake_accounts', 'create_stage', 'manual__2026-04-04T05:04:42.171459+00:00', '--job-id', '9643', '--raw', '--subdir', 'DAGS_FOLDER/transfer.py', '--cfg-path', '/tmp/tmp7awd3mjw']
[2026-04-04T05:04:55.303+0000] {standard_task_runner.py:91} INFO - Job 9643: Subtask create_stage
[2026-04-04T05:04:55.303+0000] {standard_task_runner.py:64} INFO - Started process 150 to run task
[2026-04-04T05:04:55.333+0000] {task_command.py:426} INFO - Running <TaskInstance: transfer_from_minio_to_snowflake_accounts.create_stage manual__2026-04-04T05:04:42.171459+00:00 [running]> on host c990dffe13ae
[2026-04-04T05:04:55.532+0000] {taskinstance.py:2648} INFO - Exporting env vars: AIRFLOW_CTX_DAG_OWNER='***' AIRFLOW_CTX_DAG_ID='transfer_from_minio_to_snowflake_accounts' AIRFLOW_CTX_TASK_ID='create_stage' AIRFLOW_CTX_EXECUTION_DATE='2026-04-04T05:04:42.171459+00:00' AIRFLOW_CTX_TRY_NUMBER='1' AIRFLOW_CTX_DAG_RUN_ID='manual__2026-04-04T05:04:42.171459+00:00'
[2026-04-04T05:04:55.533+0000] {taskinstance.py:430} INFO - ::endgroup::
[2026-04-04T05:04:55.533+0000] {sql.py:282} INFO - Executing:  CREATE STAGE IF NOT EXISTS incoming  
                 URL = 's3://de-project-banking-pipeline-dev-2/'
                 STORAGE_INTEGRATION = my_s3_integration
                 FILE_FORMAT = (TYPE = 'JSON'); 
[2026-04-04T05:04:55.540+0000] {base.py:84} INFO - Using connection ID 'warehouse_id' for task execution.
[2026-04-04T05:04:55.574+0000] {base.py:84} INFO - Using connection ID 'warehouse_id' for task execution.
[2026-04-04T05:04:55.613+0000] {connection.py:613} INFO - Snowflake Connector for Python Version: 4.3.0, Python Version: 3.12.4, Platform: Linux-6.12.76-linuxkit-aarch64-with-glibc2.36
[2026-04-04T05:04:55.613+0000] {connection.py:1709} INFO - Connecting to GLOBAL Snowflake domain
[2026-04-04T05:04:59.087+0000] {sql.py:495} INFO - Running statement: CREATE STAGE IF NOT EXISTS incoming  
                 URL = 's3://de-project-banking-pipeline-dev-2/'
                 STORAGE_INTEGRATION = my_s3_integration
                 FILE_FORMAT = (TYPE = 'JSON');, parameters: None
[2026-04-04T05:05:00.744+0000] {sql.py:504} INFO - Rows affected: 1
[2026-04-04T05:05:00.746+0000] {snowflake.py:422} INFO - Rows affected: 1
[2026-04-04T05:05:00.747+0000] {snowflake.py:423} INFO - Snowflake query id: 01c37a10-3202-89e6-0014-90e60008a0e6
[2026-04-04T05:05:01.549+0000] {taskinstance.py:441} INFO - ::group::Post task execution logs
[2026-04-04T05:05:01.617+0000] {taskinstance.py:1206} INFO - Marking task as SUCCESS. dag_id=transfer_from_minio_to_snowflake_accounts, task_id=create_stage, run_id=manual__2026-04-04T05:04:42.171459+00:00, execution_date=20260404T050442, start_date=20260404T050455, end_date=20260404T050501
[2026-04-04T05:05:01.692+0000] {local_task_job_runner.py:243} INFO - Task exited with return code 0
[2026-04-04T05:05:01.712+0000] {taskinstance.py:3503} INFO - 1 downstream tasks scheduled from follow-on schedule check
[2026-04-04T05:05:01.713+0000] {local_task_job_runner.py:222} INFO - ::endgroup::
