[2026-03-30T07:00:34.935+0000] {local_task_job_runner.py:120} INFO - ::group::Pre task execution logs
[2026-03-30T07:00:34.950+0000] {taskinstance.py:2076} INFO - Dependencies all met for dep_context=non-requeueable deps ti=<TaskInstance: banking_01_bronze_layer.build_bronze_cust scheduled__2026-03-30T06:30:00+00:00 [queued]>
[2026-03-30T07:00:34.953+0000] {taskinstance.py:2076} INFO - Dependencies all met for dep_context=requeueable deps ti=<TaskInstance: banking_01_bronze_layer.build_bronze_cust scheduled__2026-03-30T06:30:00+00:00 [queued]>
[2026-03-30T07:00:34.953+0000] {taskinstance.py:2306} INFO - Starting attempt 1 of 2
[2026-03-30T07:00:34.959+0000] {taskinstance.py:2330} INFO - Executing <Task(BashOperator): build_bronze_cust> on 2026-03-30 06:30:00+00:00
[2026-03-30T07:00:34.961+0000] {standard_task_runner.py:64} INFO - Started process 1489 to run task
[2026-03-30T07:00:34.962+0000] {standard_task_runner.py:90} INFO - Running: ['***', 'tasks', 'run', 'banking_01_bronze_layer', 'build_bronze_cust', 'scheduled__2026-03-30T06:30:00+00:00', '--job-id', '7543', '--raw', '--subdir', 'DAGS_FOLDER/dbt.py', '--cfg-path', '/tmp/tmpo9o0vr6z']
[2026-03-30T07:00:34.964+0000] {standard_task_runner.py:91} INFO - Job 7543: Subtask build_bronze_cust
[2026-03-30T07:00:34.990+0000] {task_command.py:426} INFO - Running <TaskInstance: banking_01_bronze_layer.build_bronze_cust scheduled__2026-03-30T06:30:00+00:00 [running]> on host c990dffe13ae
[2026-03-30T07:00:35.033+0000] {taskinstance.py:2648} INFO - Exporting env vars: AIRFLOW_CTX_DAG_OWNER='risheek' AIRFLOW_CTX_DAG_ID='banking_01_bronze_layer' AIRFLOW_CTX_TASK_ID='build_bronze_cust' AIRFLOW_CTX_EXECUTION_DATE='2026-03-30T06:30:00+00:00' AIRFLOW_CTX_TRY_NUMBER='1' AIRFLOW_CTX_DAG_RUN_ID='scheduled__2026-03-30T06:30:00+00:00'
[2026-03-30T07:00:35.033+0000] {taskinstance.py:430} INFO - ::endgroup::
[2026-03-30T07:00:35.035+0000] {subprocess.py:78} INFO - Tmp dir root location: /tmp
[2026-03-30T07:00:35.035+0000] {subprocess.py:88} INFO - Running command: ['/usr/bin/bash', '-c', 'dbt build --select bronze_cust']
[2026-03-30T07:00:35.038+0000] {subprocess.py:99} INFO - Output:
[2026-03-30T07:00:36.614+0000] {subprocess.py:106} INFO - [0m07:00:36  Running with dbt=1.11.7
[2026-03-30T07:00:37.231+0000] {subprocess.py:106} INFO - [0m07:00:37  Registered adapter: snowflake=1.11.3
[2026-03-30T07:00:37.445+0000] {subprocess.py:106} INFO - [0m07:00:37  [[33mWARNING[0m]: Configuration paths exist in your dbt_project.yml file which do not apply to any resources.
[2026-03-30T07:00:37.446+0000] {subprocess.py:106} INFO - There are 1 unused configuration paths:
[2026-03-30T07:00:37.446+0000] {subprocess.py:106} INFO - - models.trans_snowf.example
[2026-03-30T07:00:37.564+0000] {subprocess.py:106} INFO - [0m07:00:37  Found 14 models, 3 sources, 522 macros
[2026-03-30T07:00:37.565+0000] {subprocess.py:106} INFO - [0m07:00:37
[2026-03-30T07:00:37.566+0000] {subprocess.py:106} INFO - [0m07:00:37  Concurrency: 1 threads (target='dev')
[2026-03-30T07:00:37.566+0000] {subprocess.py:106} INFO - [0m07:00:37
[2026-03-30T07:00:39.926+0000] {subprocess.py:106} INFO - [0m07:00:39  1 of 1 START sql incremental model PUBLIC_BRONZE.bronze_cust ................... [RUN]
[2026-03-30T07:00:43.262+0000] {subprocess.py:106} INFO - [0m07:00:43  1 of 1 OK created sql incremental model PUBLIC_BRONZE.bronze_cust .............. [[32mSUCCESS 0[0m in 3.33s]
[2026-03-30T07:00:43.600+0000] {subprocess.py:106} INFO - [0m07:00:43
[2026-03-30T07:00:43.601+0000] {subprocess.py:106} INFO - [0m07:00:43  Finished running 1 incremental model in 0 hours 0 minutes and 6.03 seconds (6.03s).
[2026-03-30T07:00:43.660+0000] {subprocess.py:106} INFO - [0m07:00:43
[2026-03-30T07:00:43.660+0000] {subprocess.py:106} INFO - [0m07:00:43  [32mCompleted successfully[0m
[2026-03-30T07:00:43.661+0000] {subprocess.py:106} INFO - [0m07:00:43
[2026-03-30T07:00:43.661+0000] {subprocess.py:106} INFO - [0m07:00:43  Done. PASS=1 WARN=0 ERROR=0 SKIP=0 NO-OP=0 TOTAL=1
[2026-03-30T07:00:46.398+0000] {subprocess.py:110} INFO - Command exited with return code 0
[2026-03-30T07:00:46.404+0000] {taskinstance.py:441} INFO - ::group::Post task execution logs
[2026-03-30T07:00:46.471+0000] {taskinstance.py:1206} INFO - Marking task as SUCCESS. dag_id=banking_01_bronze_layer, task_id=build_bronze_cust, run_id=scheduled__2026-03-30T06:30:00+00:00, execution_date=20260330T063000, start_date=20260330T070034, end_date=20260330T070046
[2026-03-30T07:00:46.502+0000] {local_task_job_runner.py:243} INFO - Task exited with return code 0
[2026-03-30T07:00:46.531+0000] {taskinstance.py:3503} INFO - 0 downstream tasks scheduled from follow-on schedule check
[2026-03-30T07:00:46.532+0000] {local_task_job_runner.py:222} INFO - ::endgroup::
