[2026-03-30T05:06:18.016+0000] {local_task_job_runner.py:120} INFO - ::group::Pre task execution logs
[2026-03-30T05:06:18.031+0000] {taskinstance.py:2076} INFO - Dependencies all met for dep_context=non-requeueable deps ti=<TaskInstance: banking_01_bronze_layer.build_bronze_acc scheduled__2026-03-30T04:30:00+00:00 [queued]>
[2026-03-30T05:06:18.034+0000] {taskinstance.py:2076} INFO - Dependencies all met for dep_context=requeueable deps ti=<TaskInstance: banking_01_bronze_layer.build_bronze_acc scheduled__2026-03-30T04:30:00+00:00 [queued]>
[2026-03-30T05:06:18.034+0000] {taskinstance.py:2306} INFO - Starting attempt 1 of 2
[2026-03-30T05:06:18.039+0000] {taskinstance.py:2330} INFO - Executing <Task(BashOperator): build_bronze_acc> on 2026-03-30 04:30:00+00:00
[2026-03-30T05:06:18.041+0000] {standard_task_runner.py:64} INFO - Started process 8598 to run task
[2026-03-30T05:06:18.043+0000] {standard_task_runner.py:90} INFO - Running: ['***', 'tasks', 'run', 'banking_01_bronze_layer', 'build_bronze_acc', 'scheduled__2026-03-30T04:30:00+00:00', '--job-id', '7441', '--raw', '--subdir', 'DAGS_FOLDER/dbt.py', '--cfg-path', '/tmp/tmp8lljwa_q']
[2026-03-30T05:06:18.044+0000] {standard_task_runner.py:91} INFO - Job 7441: Subtask build_bronze_acc
[2026-03-30T05:06:18.067+0000] {task_command.py:426} INFO - Running <TaskInstance: banking_01_bronze_layer.build_bronze_acc scheduled__2026-03-30T04:30:00+00:00 [running]> on host c990dffe13ae
[2026-03-30T05:06:18.107+0000] {taskinstance.py:2648} INFO - Exporting env vars: AIRFLOW_CTX_DAG_OWNER='risheek' AIRFLOW_CTX_DAG_ID='banking_01_bronze_layer' AIRFLOW_CTX_TASK_ID='build_bronze_acc' AIRFLOW_CTX_EXECUTION_DATE='2026-03-30T04:30:00+00:00' AIRFLOW_CTX_TRY_NUMBER='1' AIRFLOW_CTX_DAG_RUN_ID='scheduled__2026-03-30T04:30:00+00:00'
[2026-03-30T05:06:18.107+0000] {taskinstance.py:430} INFO - ::endgroup::
[2026-03-30T05:06:18.108+0000] {subprocess.py:78} INFO - Tmp dir root location: /tmp
[2026-03-30T05:06:18.108+0000] {subprocess.py:88} INFO - Running command: ['/usr/bin/bash', '-c', 'dbt build --select bronze_acc']
[2026-03-30T05:06:18.112+0000] {subprocess.py:99} INFO - Output:
[2026-03-30T05:06:19.243+0000] {subprocess.py:106} INFO - [0m05:06:19  Running with dbt=1.11.7
[2026-03-30T05:06:19.672+0000] {subprocess.py:106} INFO - [0m05:06:19  Registered adapter: snowflake=1.11.3
[2026-03-30T05:06:19.800+0000] {subprocess.py:106} INFO - [0m05:06:19  [[33mWARNING[0m]: Configuration paths exist in your dbt_project.yml file which do not apply to any resources.
[2026-03-30T05:06:19.800+0000] {subprocess.py:106} INFO - There are 1 unused configuration paths:
[2026-03-30T05:06:19.800+0000] {subprocess.py:106} INFO - - models.trans_snowf.example
[2026-03-30T05:06:19.895+0000] {subprocess.py:106} INFO - [0m05:06:19  Found 14 models, 3 sources, 522 macros
[2026-03-30T05:06:19.896+0000] {subprocess.py:106} INFO - [0m05:06:19
[2026-03-30T05:06:19.896+0000] {subprocess.py:106} INFO - [0m05:06:19  Concurrency: 1 threads (target='dev')
[2026-03-30T05:06:19.897+0000] {subprocess.py:106} INFO - [0m05:06:19
[2026-03-30T05:06:23.373+0000] {subprocess.py:106} INFO - [0m05:06:23  1 of 1 START sql incremental model PUBLIC_BRONZE.bronze_acc .................... [RUN]
[2026-03-30T05:06:26.809+0000] {subprocess.py:106} INFO - [0m05:06:26  1 of 1 OK created sql incremental model PUBLIC_BRONZE.bronze_acc ............... [[32mSUCCESS 0[0m in 3.43s]
[2026-03-30T05:06:27.036+0000] {subprocess.py:106} INFO - [0m05:06:27
[2026-03-30T05:06:27.039+0000] {subprocess.py:106} INFO - [0m05:06:27  Finished running 1 incremental model in 0 hours 0 minutes and 7.14 seconds (7.14s).
[2026-03-30T05:06:27.103+0000] {subprocess.py:106} INFO - [0m05:06:27
[2026-03-30T05:06:27.103+0000] {subprocess.py:106} INFO - [0m05:06:27  [32mCompleted successfully[0m
[2026-03-30T05:06:27.104+0000] {subprocess.py:106} INFO - [0m05:06:27
[2026-03-30T05:06:27.104+0000] {subprocess.py:106} INFO - [0m05:06:27  Done. PASS=1 WARN=0 ERROR=0 SKIP=0 NO-OP=0 TOTAL=1
[2026-03-30T05:06:30.040+0000] {subprocess.py:110} INFO - Command exited with return code 0
[2026-03-30T05:06:30.041+0000] {taskinstance.py:441} INFO - ::group::Post task execution logs
[2026-03-30T05:06:30.069+0000] {taskinstance.py:1206} INFO - Marking task as SUCCESS. dag_id=banking_01_bronze_layer, task_id=build_bronze_acc, run_id=scheduled__2026-03-30T04:30:00+00:00, execution_date=20260330T043000, start_date=20260330T050618, end_date=20260330T050630
[2026-03-30T05:06:30.116+0000] {local_task_job_runner.py:243} INFO - Task exited with return code 0
[2026-03-30T05:06:30.133+0000] {taskinstance.py:3503} INFO - 0 downstream tasks scheduled from follow-on schedule check
[2026-03-30T05:06:30.134+0000] {local_task_job_runner.py:222} INFO - ::endgroup::
