[2026-03-29T18:30:14.787+0000] {local_task_job_runner.py:120} INFO - ::group::Pre task execution logs
[2026-03-29T18:30:14.804+0000] {taskinstance.py:2076} INFO - Dependencies all met for dep_context=non-requeueable deps ti=<TaskInstance: banking_01_bronze_layer.compile scheduled__2026-03-29T18:00:00+00:00 [queued]>
[2026-03-29T18:30:14.807+0000] {taskinstance.py:2076} INFO - Dependencies all met for dep_context=requeueable deps ti=<TaskInstance: banking_01_bronze_layer.compile scheduled__2026-03-29T18:00:00+00:00 [queued]>
[2026-03-29T18:30:14.807+0000] {taskinstance.py:2306} INFO - Starting attempt 1 of 2
[2026-03-29T18:30:14.813+0000] {taskinstance.py:2330} INFO - Executing <Task(BashOperator): compile> on 2026-03-29 18:00:00+00:00
[2026-03-29T18:30:14.816+0000] {standard_task_runner.py:64} INFO - Started process 3819 to run task
[2026-03-29T18:30:14.818+0000] {standard_task_runner.py:90} INFO - Running: ['***', 'tasks', 'run', 'banking_01_bronze_layer', 'compile', 'scheduled__2026-03-29T18:00:00+00:00', '--job-id', '7302', '--raw', '--subdir', 'DAGS_FOLDER/dbt.py', '--cfg-path', '/tmp/tmprii1il7e']
[2026-03-29T18:30:14.820+0000] {standard_task_runner.py:91} INFO - Job 7302: Subtask compile
[2026-03-29T18:30:14.847+0000] {task_command.py:426} INFO - Running <TaskInstance: banking_01_bronze_layer.compile scheduled__2026-03-29T18:00:00+00:00 [running]> on host c990dffe13ae
[2026-03-29T18:30:14.896+0000] {taskinstance.py:2648} INFO - Exporting env vars: AIRFLOW_CTX_DAG_OWNER='risheek' AIRFLOW_CTX_DAG_ID='banking_01_bronze_layer' AIRFLOW_CTX_TASK_ID='compile' AIRFLOW_CTX_EXECUTION_DATE='2026-03-29T18:00:00+00:00' AIRFLOW_CTX_TRY_NUMBER='1' AIRFLOW_CTX_DAG_RUN_ID='scheduled__2026-03-29T18:00:00+00:00'
[2026-03-29T18:30:14.897+0000] {taskinstance.py:430} INFO - ::endgroup::
[2026-03-29T18:30:14.897+0000] {subprocess.py:78} INFO - Tmp dir root location: /tmp
[2026-03-29T18:30:14.898+0000] {subprocess.py:88} INFO - Running command: ['/usr/bin/bash', '-c', 'dbt compile --profiles-dir /opt/***/dbt/trans_snowf']
[2026-03-29T18:30:14.904+0000] {subprocess.py:99} INFO - Output:
[2026-03-29T18:30:16.122+0000] {subprocess.py:106} INFO - [0m18:30:16  Running with dbt=1.11.7
[2026-03-29T18:30:16.647+0000] {subprocess.py:106} INFO - [0m18:30:16  Registered adapter: snowflake=1.11.3
[2026-03-29T18:30:16.802+0000] {subprocess.py:106} INFO - [0m18:30:16  [[33mWARNING[0m]: Configuration paths exist in your dbt_project.yml file which do not apply to any resources.
[2026-03-29T18:30:16.802+0000] {subprocess.py:106} INFO - There are 1 unused configuration paths:
[2026-03-29T18:30:16.802+0000] {subprocess.py:106} INFO - - models.trans_snowf.example
[2026-03-29T18:30:16.898+0000] {subprocess.py:106} INFO - [0m18:30:16  Found 14 models, 3 sources, 522 macros
[2026-03-29T18:30:16.900+0000] {subprocess.py:106} INFO - [0m18:30:16
[2026-03-29T18:30:16.900+0000] {subprocess.py:106} INFO - [0m18:30:16  Concurrency: 1 threads (target='dev')
[2026-03-29T18:30:16.901+0000] {subprocess.py:106} INFO - [0m18:30:16
[2026-03-29T18:30:22.338+0000] {subprocess.py:110} INFO - Command exited with return code 0
[2026-03-29T18:30:22.342+0000] {taskinstance.py:441} INFO - ::group::Post task execution logs
[2026-03-29T18:30:22.397+0000] {taskinstance.py:1206} INFO - Marking task as SUCCESS. dag_id=banking_01_bronze_layer, task_id=compile, run_id=scheduled__2026-03-29T18:00:00+00:00, execution_date=20260329T180000, start_date=20260329T183014, end_date=20260329T183022
[2026-03-29T18:30:22.441+0000] {local_task_job_runner.py:243} INFO - Task exited with return code 0
[2026-03-29T18:30:22.472+0000] {taskinstance.py:3503} INFO - 0 downstream tasks scheduled from follow-on schedule check
[2026-03-29T18:30:22.473+0000] {local_task_job_runner.py:222} INFO - ::endgroup::
