[2026-03-30T21:56:30.473+0000] {local_task_job_runner.py:120} INFO - ::group::Pre task execution logs
[2026-03-30T21:56:30.489+0000] {taskinstance.py:2076} INFO - Dependencies all met for dep_context=non-requeueable deps ti=<TaskInstance: banking_01_bronze_layer.debug scheduled__2026-03-30T20:30:00+00:00 [queued]>
[2026-03-30T21:56:30.492+0000] {taskinstance.py:2076} INFO - Dependencies all met for dep_context=requeueable deps ti=<TaskInstance: banking_01_bronze_layer.debug scheduled__2026-03-30T20:30:00+00:00 [queued]>
[2026-03-30T21:56:30.492+0000] {taskinstance.py:2306} INFO - Starting attempt 2 of 2
[2026-03-30T21:56:30.499+0000] {taskinstance.py:2330} INFO - Executing <Task(BashOperator): debug> on 2026-03-30 20:30:00+00:00
[2026-03-30T21:56:30.503+0000] {standard_task_runner.py:64} INFO - Started process 27535 to run task
[2026-03-30T21:56:30.507+0000] {standard_task_runner.py:90} INFO - Running: ['***', 'tasks', 'run', 'banking_01_bronze_layer', 'debug', 'scheduled__2026-03-30T20:30:00+00:00', '--job-id', '8842', '--raw', '--subdir', 'DAGS_FOLDER/dbt.py', '--cfg-path', '/tmp/tmpdtix6m25']
[2026-03-30T21:56:30.512+0000] {standard_task_runner.py:91} INFO - Job 8842: Subtask debug
[2026-03-30T21:56:30.563+0000] {task_command.py:426} INFO - Running <TaskInstance: banking_01_bronze_layer.debug scheduled__2026-03-30T20:30:00+00:00 [running]> on host c990dffe13ae
[2026-03-30T21:56:30.629+0000] {taskinstance.py:2648} INFO - Exporting env vars: AIRFLOW_CTX_DAG_OWNER='risheek' AIRFLOW_CTX_DAG_ID='banking_01_bronze_layer' AIRFLOW_CTX_TASK_ID='debug' AIRFLOW_CTX_EXECUTION_DATE='2026-03-30T20:30:00+00:00' AIRFLOW_CTX_TRY_NUMBER='2' AIRFLOW_CTX_DAG_RUN_ID='scheduled__2026-03-30T20:30:00+00:00'
[2026-03-30T21:56:30.631+0000] {taskinstance.py:430} INFO - ::endgroup::
[2026-03-30T21:56:30.631+0000] {subprocess.py:78} INFO - Tmp dir root location: /tmp
[2026-03-30T21:56:30.632+0000] {subprocess.py:88} INFO - Running command: ['/usr/bin/bash', '-c', 'dbt debug --profiles-dir /opt/***/dbt/trans_snowf']
[2026-03-30T21:56:30.637+0000] {subprocess.py:99} INFO - Output:
[2026-03-30T21:56:32.128+0000] {subprocess.py:106} INFO - [0m21:56:32  Running with dbt=1.11.7
[2026-03-30T21:56:32.137+0000] {subprocess.py:106} INFO - [0m21:56:32  dbt version: 1.11.7
[2026-03-30T21:56:32.137+0000] {subprocess.py:106} INFO - [0m21:56:32  python version: 3.12.4
[2026-03-30T21:56:32.138+0000] {subprocess.py:106} INFO - [0m21:56:32  python path: /home/***/.local/bin/python
[2026-03-30T21:56:32.139+0000] {subprocess.py:106} INFO - [0m21:56:32  os info: Linux-6.12.76-linuxkit-aarch64-with-glibc2.36
[2026-03-30T21:56:32.636+0000] {subprocess.py:106} INFO - [0m21:56:32  Using profiles dir at /opt/***/dbt/trans_snowf
[2026-03-30T21:56:32.637+0000] {subprocess.py:106} INFO - [0m21:56:32  Using profiles.yml file at /opt/***/dbt/trans_snowf/profiles.yml
[2026-03-30T21:56:32.637+0000] {subprocess.py:106} INFO - [0m21:56:32  Using dbt_project.yml file at /opt/***/dbt/trans_snowf/dbt_project.yml
[2026-03-30T21:56:32.638+0000] {subprocess.py:106} INFO - [0m21:56:32  adapter type: snowflake
[2026-03-30T21:56:32.638+0000] {subprocess.py:106} INFO - [0m21:56:32  adapter version: 1.11.3
[2026-03-30T21:56:32.695+0000] {subprocess.py:106} INFO - [0m21:56:32  Configuration:
[2026-03-30T21:56:32.695+0000] {subprocess.py:106} INFO - [0m21:56:32    profiles.yml file [[32mOK found and valid[0m]
[2026-03-30T21:56:32.696+0000] {subprocess.py:106} INFO - [0m21:56:32    dbt_project.yml file [[32mOK found and valid[0m]
[2026-03-30T21:56:32.696+0000] {subprocess.py:106} INFO - [0m21:56:32  Required dependencies:
[2026-03-30T21:56:32.697+0000] {subprocess.py:106} INFO - [0m21:56:32   - git [[31mERROR[0m]
[2026-03-30T21:56:32.697+0000] {subprocess.py:106} INFO - 
[2026-03-30T21:56:32.698+0000] {subprocess.py:106} INFO - [0m21:56:32  Connection:
[2026-03-30T21:56:32.698+0000] {subprocess.py:106} INFO - [0m21:56:32    account: BBMCDSP-CT02489
[2026-03-30T21:56:32.698+0000] {subprocess.py:106} INFO - [0m21:56:32    user: user123
[2026-03-30T21:56:32.699+0000] {subprocess.py:106} INFO - [0m21:56:32    database: BANKING
[2026-03-30T21:56:32.699+0000] {subprocess.py:106} INFO - [0m21:56:32    warehouse: COMPUTE_WH
[2026-03-30T21:56:32.699+0000] {subprocess.py:106} INFO - [0m21:56:32    role: dbtadmin
[2026-03-30T21:56:32.700+0000] {subprocess.py:106} INFO - [0m21:56:32    schema: PUBLIC
[2026-03-30T21:56:32.700+0000] {subprocess.py:106} INFO - [0m21:56:32    authenticator: None
[2026-03-30T21:56:32.700+0000] {subprocess.py:106} INFO - [0m21:56:32    oauth_client_id: None
[2026-03-30T21:56:32.701+0000] {subprocess.py:106} INFO - [0m21:56:32    query_tag: None
[2026-03-30T21:56:32.701+0000] {subprocess.py:106} INFO - [0m21:56:32    client_session_keep_alive: False
[2026-03-30T21:56:32.701+0000] {subprocess.py:106} INFO - [0m21:56:32    host: None
[2026-03-30T21:56:32.702+0000] {subprocess.py:106} INFO - [0m21:56:32    port: None
[2026-03-30T21:56:32.702+0000] {subprocess.py:106} INFO - [0m21:56:32    proxy_host: None
[2026-03-30T21:56:32.702+0000] {subprocess.py:106} INFO - [0m21:56:32    proxy_port: None
[2026-03-30T21:56:32.703+0000] {subprocess.py:106} INFO - [0m21:56:32    protocol: None
[2026-03-30T21:56:32.703+0000] {subprocess.py:106} INFO - [0m21:56:32    connect_retries: 1
[2026-03-30T21:56:32.703+0000] {subprocess.py:106} INFO - [0m21:56:32    connect_timeout: None
[2026-03-30T21:56:32.704+0000] {subprocess.py:106} INFO - [0m21:56:32    retry_on_database_errors: False
[2026-03-30T21:56:32.704+0000] {subprocess.py:106} INFO - [0m21:56:32    retry_all: False
[2026-03-30T21:56:32.705+0000] {subprocess.py:106} INFO - [0m21:56:32    insecure_mode: False
[2026-03-30T21:56:32.705+0000] {subprocess.py:106} INFO - [0m21:56:32    reuse_connections: True
[2026-03-30T21:56:32.705+0000] {subprocess.py:106} INFO - [0m21:56:32    s3_stage_vpce_dns_name: None
[2026-03-30T21:56:32.706+0000] {subprocess.py:106} INFO - [0m21:56:32    platform_detection_timeout_seconds: 0.0
[2026-03-30T21:56:32.706+0000] {subprocess.py:106} INFO - [0m21:56:32  Registered adapter: snowflake=1.11.3
[2026-03-30T21:56:33.912+0000] {subprocess.py:106} INFO - [0m21:56:33    Connection test: [[32mOK connection ok[0m]
[2026-03-30T21:56:33.913+0000] {subprocess.py:106} INFO - 
[2026-03-30T21:56:33.914+0000] {subprocess.py:106} INFO - [0m21:56:33  [31m1 check failed:[0m
[2026-03-30T21:56:33.914+0000] {subprocess.py:106} INFO - [0m21:56:33  Error from git --help: Could not find command, ensure it is in the user's PATH: "git"
[2026-03-30T21:56:33.915+0000] {subprocess.py:106} INFO - 
[2026-03-30T21:56:36.243+0000] {subprocess.py:110} INFO - Command exited with return code 1
[2026-03-30T21:56:36.250+0000] {taskinstance.py:441} INFO - ::group::Post task execution logs
[2026-03-30T21:56:36.272+0000] {taskinstance.py:2905} ERROR - Task failed with exception
Traceback (most recent call last):
  File "/home/airflow/.local/lib/python3.12/site-packages/airflow/models/taskinstance.py", line 465, in _execute_task
    result = _execute_callable(context=context, **execute_callable_kwargs)
             ^^^^^^^^^^^^^^^^^^^^^^^^^^^^^^^^^^^^^^^^^^^^^^^^^^^^^^^^^^^^^
  File "/home/airflow/.local/lib/python3.12/site-packages/airflow/models/taskinstance.py", line 432, in _execute_callable
    return execute_callable(context=context, **execute_callable_kwargs)
           ^^^^^^^^^^^^^^^^^^^^^^^^^^^^^^^^^^^^^^^^^^^^^^^^^^^^^^^^^^^^
  File "/home/airflow/.local/lib/python3.12/site-packages/airflow/models/baseoperator.py", line 401, in wrapper
    return func(self, *args, **kwargs)
           ^^^^^^^^^^^^^^^^^^^^^^^^^^^
  File "/home/airflow/.local/lib/python3.12/site-packages/airflow/providers/standard/operators/bash.py", line 233, in execute
    raise AirflowException(
airflow.exceptions.AirflowException: Bash command failed. The command returned a non-zero exit code 1.
[2026-03-30T21:56:36.279+0000] {taskinstance.py:1206} INFO - Marking task as FAILED. dag_id=banking_01_bronze_layer, task_id=debug, run_id=scheduled__2026-03-30T20:30:00+00:00, execution_date=20260330T203000, start_date=20260330T215630, end_date=20260330T215636
[2026-03-30T21:56:36.296+0000] {standard_task_runner.py:110} ERROR - Failed to execute job 8842 for task debug (Bash command failed. The command returned a non-zero exit code 1.; 27535)
[2026-03-30T21:56:36.318+0000] {local_task_job_runner.py:243} INFO - Task exited with return code 1
[2026-03-30T21:56:36.339+0000] {taskinstance.py:3503} INFO - 0 downstream tasks scheduled from follow-on schedule check
[2026-03-30T21:56:36.340+0000] {local_task_job_runner.py:222} INFO - ::endgroup::
