[2026-03-25T15:34:49.364+0000] {local_task_job_runner.py:120} INFO - ::group::Pre task execution logs
[2026-03-25T15:34:49.380+0000] {taskinstance.py:2076} INFO - Dependencies all met for dep_context=non-requeueable deps ti=<TaskInstance: banking_01_bronze_layer.build_bronze_acc manual__2026-03-25T15:28:31.873531+00:00 [queued]>
[2026-03-25T15:34:49.384+0000] {taskinstance.py:2076} INFO - Dependencies all met for dep_context=requeueable deps ti=<TaskInstance: banking_01_bronze_layer.build_bronze_acc manual__2026-03-25T15:28:31.873531+00:00 [queued]>
[2026-03-25T15:34:49.384+0000] {taskinstance.py:2306} INFO - Starting attempt 2 of 2
[2026-03-25T15:34:49.390+0000] {taskinstance.py:2330} INFO - Executing <Task(BashOperator): build_bronze_acc> on 2026-03-25 15:28:31.873531+00:00
[2026-03-25T15:34:49.392+0000] {standard_task_runner.py:64} INFO - Started process 9192 to run task
[2026-03-25T15:34:49.394+0000] {standard_task_runner.py:90} INFO - Running: ['***', 'tasks', 'run', 'banking_01_bronze_layer', 'build_bronze_acc', 'manual__2026-03-25T15:28:31.873531+00:00', '--job-id', '1820', '--raw', '--subdir', 'DAGS_FOLDER/dbt.py', '--cfg-path', '/tmp/tmpesiet5xe']
[2026-03-25T15:34:49.395+0000] {standard_task_runner.py:91} INFO - Job 1820: Subtask build_bronze_acc
[2026-03-25T15:34:49.428+0000] {task_command.py:426} INFO - Running <TaskInstance: banking_01_bronze_layer.build_bronze_acc manual__2026-03-25T15:28:31.873531+00:00 [running]> on host c990dffe13ae
[2026-03-25T15:34:49.484+0000] {taskinstance.py:2648} INFO - Exporting env vars: AIRFLOW_CTX_DAG_OWNER='risheek' AIRFLOW_CTX_DAG_ID='banking_01_bronze_layer' AIRFLOW_CTX_TASK_ID='build_bronze_acc' AIRFLOW_CTX_EXECUTION_DATE='2026-03-25T15:28:31.873531+00:00' AIRFLOW_CTX_TRY_NUMBER='2' AIRFLOW_CTX_DAG_RUN_ID='manual__2026-03-25T15:28:31.873531+00:00'
[2026-03-25T15:34:49.484+0000] {taskinstance.py:430} INFO - ::endgroup::
[2026-03-25T15:34:49.485+0000] {subprocess.py:78} INFO - Tmp dir root location: /tmp
[2026-03-25T15:34:49.486+0000] {subprocess.py:88} INFO - Running command: ['/usr/bin/bash', '-c', 'dbt build --select bronze_acc']
[2026-03-25T15:34:49.490+0000] {subprocess.py:99} INFO - Output:
[2026-03-25T15:34:50.787+0000] {subprocess.py:106} INFO - [0m15:34:50  Running with dbt=1.11.7
[2026-03-25T15:34:51.298+0000] {subprocess.py:106} INFO - [0m15:34:51  Registered adapter: snowflake=1.11.3
[2026-03-25T15:34:51.437+0000] {subprocess.py:106} INFO - [0m15:34:51  [[33mWARNING[0m]: Configuration paths exist in your dbt_project.yml file which do not apply to any resources.
[2026-03-25T15:34:51.437+0000] {subprocess.py:106} INFO - There are 1 unused configuration paths:
[2026-03-25T15:34:51.438+0000] {subprocess.py:106} INFO - - models.trans_snowf.example
[2026-03-25T15:34:51.538+0000] {subprocess.py:106} INFO - [0m15:34:51  Found 14 models, 3 sources, 522 macros
[2026-03-25T15:34:51.539+0000] {subprocess.py:106} INFO - [0m15:34:51
[2026-03-25T15:34:51.539+0000] {subprocess.py:106} INFO - [0m15:34:51  Concurrency: 1 threads (target='dev')
[2026-03-25T15:34:51.540+0000] {subprocess.py:106} INFO - [0m15:34:51
[2026-03-25T15:34:52.930+0000] {subprocess.py:106} INFO - [0m15:34:52
[2026-03-25T15:34:52.932+0000] {subprocess.py:106} INFO - [0m15:34:52  Finished running  in 0 hours 0 minutes and 1.39 seconds (1.39s).
[2026-03-25T15:34:52.934+0000] {subprocess.py:106} INFO - [0m15:34:52  Encountered an error:
[2026-03-25T15:34:52.934+0000] {subprocess.py:106} INFO - Database Error
[2026-03-25T15:34:52.935+0000] {subprocess.py:106} INFO -   003001 (42501): SQL access control error:
[2026-03-25T15:34:52.935+0000] {subprocess.py:106} INFO -   Insufficient privileges to operate on database 'BANKING'.
[2026-03-25T15:34:55.280+0000] {subprocess.py:110} INFO - Command exited with return code 2
[2026-03-25T15:34:55.283+0000] {taskinstance.py:441} INFO - ::group::Post task execution logs
[2026-03-25T15:34:55.300+0000] {taskinstance.py:2905} ERROR - Task failed with exception
Traceback (most recent call last):
  File "/home/airflow/.local/lib/python3.12/site-packages/airflow/models/taskinstance.py", line 465, in _execute_task
    result = _execute_callable(context=context, **execute_callable_kwargs)
             ^^^^^^^^^^^^^^^^^^^^^^^^^^^^^^^^^^^^^^^^^^^^^^^^^^^^^^^^^^^^^
  File "/home/airflow/.local/lib/python3.12/site-packages/airflow/models/taskinstance.py", line 432, in _execute_callable
    return execute_callable(context=context, **execute_callable_kwargs)
           ^^^^^^^^^^^^^^^^^^^^^^^^^^^^^^^^^^^^^^^^^^^^^^^^^^^^^^^^^^^^
  File "/home/airflow/.local/lib/python3.12/site-packages/airflow/models/baseoperator.py", line 401, in wrapper
    return func(self, *args, **kwargs)
           ^^^^^^^^^^^^^^^^^^^^^^^^^^^
  File "/home/airflow/.local/lib/python3.12/site-packages/airflow/providers/standard/operators/bash.py", line 233, in execute
    raise AirflowException(
airflow.exceptions.AirflowException: Bash command failed. The command returned a non-zero exit code 2.
[2026-03-25T15:34:55.304+0000] {taskinstance.py:1206} INFO - Marking task as FAILED. dag_id=banking_01_bronze_layer, task_id=build_bronze_acc, run_id=manual__2026-03-25T15:28:31.873531+00:00, execution_date=20260325T152831, start_date=20260325T153449, end_date=20260325T153455
[2026-03-25T15:34:55.321+0000] {standard_task_runner.py:110} ERROR - Failed to execute job 1820 for task build_bronze_acc (Bash command failed. The command returned a non-zero exit code 2.; 9192)
[2026-03-25T15:34:55.348+0000] {local_task_job_runner.py:243} INFO - Task exited with return code 1
[2026-03-25T15:34:55.367+0000] {taskinstance.py:3503} INFO - 0 downstream tasks scheduled from follow-on schedule check
[2026-03-25T15:34:55.368+0000] {local_task_job_runner.py:222} INFO - ::endgroup::
