[2026-04-03T06:47:11.632+0000] {local_task_job_runner.py:120} INFO - ::group::Pre task execution logs
[2026-04-03T06:47:11.648+0000] {taskinstance.py:2076} INFO - Dependencies all met for dep_context=non-requeueable deps ti=<TaskInstance: banking_01_bronze_layer.debug manual__2026-04-03T06:40:59.635194+00:00 [queued]>
[2026-04-03T06:47:11.652+0000] {taskinstance.py:2076} INFO - Dependencies all met for dep_context=requeueable deps ti=<TaskInstance: banking_01_bronze_layer.debug manual__2026-04-03T06:40:59.635194+00:00 [queued]>
[2026-04-03T06:47:11.652+0000] {taskinstance.py:2306} INFO - Starting attempt 2 of 2
[2026-04-03T06:47:11.658+0000] {taskinstance.py:2330} INFO - Executing <Task(BashOperator): debug> on 2026-04-03 06:40:59.635194+00:00
[2026-04-03T06:47:11.660+0000] {standard_task_runner.py:64} INFO - Started process 1300 to run task
[2026-04-03T06:47:11.663+0000] {standard_task_runner.py:90} INFO - Running: ['***', 'tasks', 'run', 'banking_01_bronze_layer', 'debug', 'manual__2026-04-03T06:40:59.635194+00:00', '--job-id', '9605', '--raw', '--subdir', 'DAGS_FOLDER/dbt.py', '--cfg-path', '/tmp/tmppznxnjq6']
[2026-04-03T06:47:11.665+0000] {standard_task_runner.py:91} INFO - Job 9605: Subtask debug
[2026-04-03T06:47:11.694+0000] {task_command.py:426} INFO - Running <TaskInstance: banking_01_bronze_layer.debug manual__2026-04-03T06:40:59.635194+00:00 [running]> on host c990dffe13ae
[2026-04-03T06:47:11.740+0000] {taskinstance.py:2648} INFO - Exporting env vars: AIRFLOW_CTX_DAG_OWNER='risheek' AIRFLOW_CTX_DAG_ID='banking_01_bronze_layer' AIRFLOW_CTX_TASK_ID='debug' AIRFLOW_CTX_EXECUTION_DATE='2026-04-03T06:40:59.635194+00:00' AIRFLOW_CTX_TRY_NUMBER='2' AIRFLOW_CTX_DAG_RUN_ID='manual__2026-04-03T06:40:59.635194+00:00'
[2026-04-03T06:47:11.741+0000] {taskinstance.py:430} INFO - ::endgroup::
[2026-04-03T06:47:11.741+0000] {subprocess.py:78} INFO - Tmp dir root location: /tmp
[2026-04-03T06:47:11.742+0000] {subprocess.py:88} INFO - Running command: ['/usr/bin/bash', '-c', 'dbt debug --profiles-dir /opt/***/dbt/trans_snowf']
[2026-04-03T06:47:11.746+0000] {subprocess.py:99} INFO - Output:
[2026-04-03T06:47:13.026+0000] {subprocess.py:106} INFO - [0m06:47:13  Running with dbt=1.11.7
[2026-04-03T06:47:13.032+0000] {subprocess.py:106} INFO - [0m06:47:13  dbt version: 1.11.7
[2026-04-03T06:47:13.032+0000] {subprocess.py:106} INFO - [0m06:47:13  python version: 3.12.4
[2026-04-03T06:47:13.032+0000] {subprocess.py:106} INFO - [0m06:47:13  python path: /home/***/.local/bin/python
[2026-04-03T06:47:13.033+0000] {subprocess.py:106} INFO - [0m06:47:13  os info: Linux-6.12.76-linuxkit-aarch64-with-glibc2.36
[2026-04-03T06:47:13.448+0000] {subprocess.py:106} INFO - [0m06:47:13  Using profiles dir at /opt/***/dbt/trans_snowf
[2026-04-03T06:47:13.448+0000] {subprocess.py:106} INFO - [0m06:47:13  Using profiles.yml file at /opt/***/dbt/trans_snowf/profiles.yml
[2026-04-03T06:47:13.449+0000] {subprocess.py:106} INFO - [0m06:47:13  Using dbt_project.yml file at /opt/***/dbt/trans_snowf/dbt_project.yml
[2026-04-03T06:47:13.449+0000] {subprocess.py:106} INFO - [0m06:47:13  adapter type: snowflake
[2026-04-03T06:47:13.450+0000] {subprocess.py:106} INFO - [0m06:47:13  adapter version: 1.11.3
[2026-04-03T06:47:13.501+0000] {subprocess.py:106} INFO - [0m06:47:13  Configuration:
[2026-04-03T06:47:13.502+0000] {subprocess.py:106} INFO - [0m06:47:13    profiles.yml file [[32mOK found and valid[0m]
[2026-04-03T06:47:13.502+0000] {subprocess.py:106} INFO - [0m06:47:13    dbt_project.yml file [[32mOK found and valid[0m]
[2026-04-03T06:47:13.503+0000] {subprocess.py:106} INFO - [0m06:47:13  Required dependencies:
[2026-04-03T06:47:13.504+0000] {subprocess.py:106} INFO - [0m06:47:13   - git [[31mERROR[0m]
[2026-04-03T06:47:13.504+0000] {subprocess.py:106} INFO - 
[2026-04-03T06:47:13.504+0000] {subprocess.py:106} INFO - [0m06:47:13  Connection:
[2026-04-03T06:47:13.504+0000] {subprocess.py:106} INFO - [0m06:47:13    account: BBMCDSP-CT02489
[2026-04-03T06:47:13.505+0000] {subprocess.py:106} INFO - [0m06:47:13    user: user123
[2026-04-03T06:47:13.505+0000] {subprocess.py:106} INFO - [0m06:47:13    database: BANKING
[2026-04-03T06:47:13.505+0000] {subprocess.py:106} INFO - [0m06:47:13    warehouse: COMPUTE_WH
[2026-04-03T06:47:13.506+0000] {subprocess.py:106} INFO - [0m06:47:13    role: dbtadmin
[2026-04-03T06:47:13.506+0000] {subprocess.py:106} INFO - [0m06:47:13    schema: PUBLIC
[2026-04-03T06:47:13.506+0000] {subprocess.py:106} INFO - [0m06:47:13    authenticator: None
[2026-04-03T06:47:13.506+0000] {subprocess.py:106} INFO - [0m06:47:13    oauth_client_id: None
[2026-04-03T06:47:13.507+0000] {subprocess.py:106} INFO - [0m06:47:13    query_tag: None
[2026-04-03T06:47:13.507+0000] {subprocess.py:106} INFO - [0m06:47:13    client_session_keep_alive: False
[2026-04-03T06:47:13.507+0000] {subprocess.py:106} INFO - [0m06:47:13    host: None
[2026-04-03T06:47:13.508+0000] {subprocess.py:106} INFO - [0m06:47:13    port: None
[2026-04-03T06:47:13.508+0000] {subprocess.py:106} INFO - [0m06:47:13    proxy_host: None
[2026-04-03T06:47:13.508+0000] {subprocess.py:106} INFO - [0m06:47:13    proxy_port: None
[2026-04-03T06:47:13.508+0000] {subprocess.py:106} INFO - [0m06:47:13    protocol: None
[2026-04-03T06:47:13.509+0000] {subprocess.py:106} INFO - [0m06:47:13    connect_retries: 1
[2026-04-03T06:47:13.509+0000] {subprocess.py:106} INFO - [0m06:47:13    connect_timeout: None
[2026-04-03T06:47:13.509+0000] {subprocess.py:106} INFO - [0m06:47:13    retry_on_database_errors: False
[2026-04-03T06:47:13.510+0000] {subprocess.py:106} INFO - [0m06:47:13    retry_all: False
[2026-04-03T06:47:13.510+0000] {subprocess.py:106} INFO - [0m06:47:13    insecure_mode: False
[2026-04-03T06:47:13.510+0000] {subprocess.py:106} INFO - [0m06:47:13    reuse_connections: True
[2026-04-03T06:47:13.511+0000] {subprocess.py:106} INFO - [0m06:47:13    s3_stage_vpce_dns_name: None
[2026-04-03T06:47:13.511+0000] {subprocess.py:106} INFO - [0m06:47:13    platform_detection_timeout_seconds: 0.0
[2026-04-03T06:47:13.511+0000] {subprocess.py:106} INFO - [0m06:47:13  Registered adapter: snowflake=1.11.3
[2026-04-03T06:47:14.298+0000] {subprocess.py:106} INFO - [0m06:47:14    Connection test: [[32mOK connection ok[0m]
[2026-04-03T06:47:14.299+0000] {subprocess.py:106} INFO - 
[2026-04-03T06:47:14.299+0000] {subprocess.py:106} INFO - [0m06:47:14  [31m1 check failed:[0m
[2026-04-03T06:47:14.300+0000] {subprocess.py:106} INFO - [0m06:47:14  Error from git --help: Could not find command, ensure it is in the user's PATH: "git"
[2026-04-03T06:47:14.301+0000] {subprocess.py:106} INFO - 
[2026-04-03T06:47:21.021+0000] {subprocess.py:110} INFO - Command exited with return code 1
[2026-04-03T06:47:21.032+0000] {taskinstance.py:441} INFO - ::group::Post task execution logs
[2026-04-03T06:47:21.065+0000] {taskinstance.py:2905} ERROR - Task failed with exception
Traceback (most recent call last):
  File "/home/airflow/.local/lib/python3.12/site-packages/airflow/models/taskinstance.py", line 465, in _execute_task
    result = _execute_callable(context=context, **execute_callable_kwargs)
             ^^^^^^^^^^^^^^^^^^^^^^^^^^^^^^^^^^^^^^^^^^^^^^^^^^^^^^^^^^^^^
  File "/home/airflow/.local/lib/python3.12/site-packages/airflow/models/taskinstance.py", line 432, in _execute_callable
    return execute_callable(context=context, **execute_callable_kwargs)
           ^^^^^^^^^^^^^^^^^^^^^^^^^^^^^^^^^^^^^^^^^^^^^^^^^^^^^^^^^^^^
  File "/home/airflow/.local/lib/python3.12/site-packages/airflow/models/baseoperator.py", line 401, in wrapper
    return func(self, *args, **kwargs)
           ^^^^^^^^^^^^^^^^^^^^^^^^^^^
  File "/home/airflow/.local/lib/python3.12/site-packages/airflow/providers/standard/operators/bash.py", line 233, in execute
    raise AirflowException(
airflow.exceptions.AirflowException: Bash command failed. The command returned a non-zero exit code 1.
[2026-04-03T06:47:21.071+0000] {taskinstance.py:1206} INFO - Marking task as FAILED. dag_id=banking_01_bronze_layer, task_id=debug, run_id=manual__2026-04-03T06:40:59.635194+00:00, execution_date=20260403T064059, start_date=20260403T064711, end_date=20260403T064721
[2026-04-03T06:47:21.090+0000] {standard_task_runner.py:110} ERROR - Failed to execute job 9605 for task debug (Bash command failed. The command returned a non-zero exit code 1.; 1300)
[2026-04-03T06:47:21.107+0000] {local_task_job_runner.py:243} INFO - Task exited with return code 1
[2026-04-03T06:47:21.132+0000] {taskinstance.py:3503} INFO - 0 downstream tasks scheduled from follow-on schedule check
[2026-04-03T06:47:21.133+0000] {local_task_job_runner.py:222} INFO - ::endgroup::
