[2026-02-08T17:47:02.907+0000] {local_task_job_runner.py:120} INFO - ::group::Pre task execution logs
[2026-02-08T17:47:02.928+0000] {taskinstance.py:2076} INFO - Dependencies all met for dep_context=non-requeueable deps ti=<TaskInstance: transfer_from_minio_to_snowflake.create_bronze scheduled__2026-02-08T17:46:00+00:00 [queued]>
[2026-02-08T17:47:02.931+0000] {taskinstance.py:2076} INFO - Dependencies all met for dep_context=requeueable deps ti=<TaskInstance: transfer_from_minio_to_snowflake.create_bronze scheduled__2026-02-08T17:46:00+00:00 [queued]>
[2026-02-08T17:47:02.931+0000] {taskinstance.py:2306} INFO - Starting attempt 1 of 3
[2026-02-08T17:47:02.936+0000] {taskinstance.py:2330} INFO - Executing <Task(SQLExecuteQueryOperator): create_bronze> on 2026-02-08 17:46:00+00:00
[2026-02-08T17:47:02.942+0000] {logging_mixin.py:188} WARNING - /home/***/.local/lib/python3.12/site-packages/***/task/task_runner/standard_task_runner.py:62 DeprecationWarning: This process (pid=6891) is multi-threaded, use of fork() may lead to deadlocks in the child.
[2026-02-08T17:47:02.943+0000] {standard_task_runner.py:64} INFO - Started process 6903 to run task
[2026-02-08T17:47:02.942+0000] {standard_task_runner.py:90} INFO - Running: ['***', 'tasks', 'run', 'transfer_from_minio_to_snowflake', 'create_bronze', 'scheduled__2026-02-08T17:46:00+00:00', '--job-id', '499', '--raw', '--subdir', 'DAGS_FOLDER/transfer.py', '--cfg-path', '/tmp/tmpxqu2qggh']
[2026-02-08T17:47:02.944+0000] {standard_task_runner.py:91} INFO - Job 499: Subtask create_bronze
[2026-02-08T17:47:02.981+0000] {task_command.py:426} INFO - Running <TaskInstance: transfer_from_minio_to_snowflake.create_bronze scheduled__2026-02-08T17:46:00+00:00 [running]> on host 83f212180a9d
[2026-02-08T17:47:03.177+0000] {taskinstance.py:2648} INFO - Exporting env vars: AIRFLOW_CTX_DAG_OWNER='***' AIRFLOW_CTX_DAG_ID='transfer_from_minio_to_snowflake' AIRFLOW_CTX_TASK_ID='create_bronze' AIRFLOW_CTX_EXECUTION_DATE='2026-02-08T17:46:00+00:00' AIRFLOW_CTX_TRY_NUMBER='1' AIRFLOW_CTX_DAG_RUN_ID='scheduled__2026-02-08T17:46:00+00:00'
[2026-02-08T17:47:03.177+0000] {taskinstance.py:430} INFO - ::endgroup::
[2026-02-08T17:47:03.177+0000] {sql.py:282} INFO - Executing:  CREATE TABLE IF NOT EXISTS BRONZE (
                    raw_json VARIANT,
                    inserted_at TIMESTAMP_NTZ DEFAULT CURRENT_TIMESTAMP());
                  
[2026-02-08T17:47:03.183+0000] {base.py:84} INFO - Using connection ID 'warehouse_id' for task execution.
[2026-02-08T17:47:03.214+0000] {base.py:84} INFO - Using connection ID 'warehouse_id' for task execution.
[2026-02-08T17:47:03.254+0000] {connection.py:611} INFO - Snowflake Connector for Python Version: 4.2.0, Python Version: 3.12.4, Platform: Linux-6.12.67-linuxkit-aarch64-with-glibc2.36
[2026-02-08T17:47:03.254+0000] {connection.py:1695} INFO - Connecting to GLOBAL Snowflake domain
[2026-02-08T17:47:05.781+0000] {sql.py:495} INFO - Running statement: CREATE TABLE IF NOT EXISTS BRONZE (
                    raw_json VARIANT,
                    inserted_at TIMESTAMP_NTZ DEFAULT CURRENT_TIMESTAMP());, parameters: None
[2026-02-08T17:47:05.878+0000] {sql.py:504} INFO - Rows affected: 1
[2026-02-08T17:47:05.878+0000] {snowflake.py:422} INFO - Rows affected: 1
[2026-02-08T17:47:05.878+0000] {snowflake.py:423} INFO - Snowflake query id: 01c247ab-0001-8dc2-000c-390200026252
[2026-02-08T17:47:06.061+0000] {taskinstance.py:441} INFO - ::group::Post task execution logs
[2026-02-08T17:47:06.077+0000] {taskinstance.py:1206} INFO - Marking task as SUCCESS. dag_id=transfer_from_minio_to_snowflake, task_id=create_bronze, run_id=scheduled__2026-02-08T17:46:00+00:00, execution_date=20260208T174600, start_date=20260208T174702, end_date=20260208T174706
[2026-02-08T17:47:06.087+0000] {local_task_job_runner.py:243} INFO - Task exited with return code 0
[2026-02-08T17:47:06.103+0000] {taskinstance.py:3503} INFO - 1 downstream tasks scheduled from follow-on schedule check
[2026-02-08T17:47:06.103+0000] {local_task_job_runner.py:222} INFO - ::endgroup::
