[2026-03-28T12:38:07.274+0000] {local_task_job_runner.py:120} INFO - ::group::Pre task execution logs
[2026-03-28T12:38:07.295+0000] {taskinstance.py:2076} INFO - Dependencies all met for dep_context=non-requeueable deps ti=<TaskInstance: banking_01_bronze_layer.debug scheduled__2026-03-28T12:00:00+00:00 [queued]>
[2026-03-28T12:38:07.300+0000] {taskinstance.py:2076} INFO - Dependencies all met for dep_context=requeueable deps ti=<TaskInstance: banking_01_bronze_layer.debug scheduled__2026-03-28T12:00:00+00:00 [queued]>
[2026-03-28T12:38:07.300+0000] {taskinstance.py:2306} INFO - Starting attempt 1 of 2
[2026-03-28T12:38:07.307+0000] {taskinstance.py:2330} INFO - Executing <Task(BashOperator): debug> on 2026-03-28 12:00:00+00:00
[2026-03-28T12:38:07.310+0000] {standard_task_runner.py:64} INFO - Started process 8877 to run task
[2026-03-28T12:38:07.311+0000] {standard_task_runner.py:90} INFO - Running: ['***', 'tasks', 'run', 'banking_01_bronze_layer', 'debug', 'scheduled__2026-03-28T12:00:00+00:00', '--job-id', '6841', '--raw', '--subdir', 'DAGS_FOLDER/dbt.py', '--cfg-path', '/tmp/tmpa_yx5zlw']
[2026-03-28T12:38:07.313+0000] {standard_task_runner.py:91} INFO - Job 6841: Subtask debug
[2026-03-28T12:38:07.348+0000] {task_command.py:426} INFO - Running <TaskInstance: banking_01_bronze_layer.debug scheduled__2026-03-28T12:00:00+00:00 [running]> on host c990dffe13ae
[2026-03-28T12:38:07.396+0000] {taskinstance.py:2648} INFO - Exporting env vars: AIRFLOW_CTX_DAG_OWNER='risheek' AIRFLOW_CTX_DAG_ID='banking_01_bronze_layer' AIRFLOW_CTX_TASK_ID='debug' AIRFLOW_CTX_EXECUTION_DATE='2026-03-28T12:00:00+00:00' AIRFLOW_CTX_TRY_NUMBER='1' AIRFLOW_CTX_DAG_RUN_ID='scheduled__2026-03-28T12:00:00+00:00'
[2026-03-28T12:38:07.397+0000] {taskinstance.py:430} INFO - ::endgroup::
[2026-03-28T12:38:07.398+0000] {subprocess.py:78} INFO - Tmp dir root location: /tmp
[2026-03-28T12:38:07.398+0000] {subprocess.py:88} INFO - Running command: ['/usr/bin/bash', '-c', 'dbt debug --profiles-dir /opt/***/dbt/trans_snowf']
[2026-03-28T12:38:07.406+0000] {subprocess.py:99} INFO - Output:
[2026-03-28T12:38:08.719+0000] {subprocess.py:106} INFO - [0m12:38:08  Running with dbt=1.11.7
[2026-03-28T12:38:08.726+0000] {subprocess.py:106} INFO - [0m12:38:08  dbt version: 1.11.7
[2026-03-28T12:38:08.726+0000] {subprocess.py:106} INFO - [0m12:38:08  python version: 3.12.4
[2026-03-28T12:38:08.726+0000] {subprocess.py:106} INFO - [0m12:38:08  python path: /home/***/.local/bin/python
[2026-03-28T12:38:08.727+0000] {subprocess.py:106} INFO - [0m12:38:08  os info: Linux-6.12.76-linuxkit-aarch64-with-glibc2.36
[2026-03-28T12:38:09.157+0000] {subprocess.py:106} INFO - [0m12:38:09  Using profiles dir at /opt/***/dbt/trans_snowf
[2026-03-28T12:38:09.158+0000] {subprocess.py:106} INFO - [0m12:38:09  Using profiles.yml file at /opt/***/dbt/trans_snowf/profiles.yml
[2026-03-28T12:38:09.158+0000] {subprocess.py:106} INFO - [0m12:38:09  Using dbt_project.yml file at /opt/***/dbt/trans_snowf/dbt_project.yml
[2026-03-28T12:38:09.158+0000] {subprocess.py:106} INFO - [0m12:38:09  adapter type: snowflake
[2026-03-28T12:38:09.159+0000] {subprocess.py:106} INFO - [0m12:38:09  adapter version: 1.11.3
[2026-03-28T12:38:09.214+0000] {subprocess.py:106} INFO - [0m12:38:09  Configuration:
[2026-03-28T12:38:09.214+0000] {subprocess.py:106} INFO - [0m12:38:09    profiles.yml file [[32mOK found and valid[0m]
[2026-03-28T12:38:09.215+0000] {subprocess.py:106} INFO - [0m12:38:09    dbt_project.yml file [[32mOK found and valid[0m]
[2026-03-28T12:38:09.215+0000] {subprocess.py:106} INFO - [0m12:38:09  Required dependencies:
[2026-03-28T12:38:09.216+0000] {subprocess.py:106} INFO - [0m12:38:09   - git [[31mERROR[0m]
[2026-03-28T12:38:09.216+0000] {subprocess.py:106} INFO - 
[2026-03-28T12:38:09.217+0000] {subprocess.py:106} INFO - [0m12:38:09  Connection:
[2026-03-28T12:38:09.217+0000] {subprocess.py:106} INFO - [0m12:38:09    account: BBMCDSP-CT02489
[2026-03-28T12:38:09.217+0000] {subprocess.py:106} INFO - [0m12:38:09    user: user123
[2026-03-28T12:38:09.218+0000] {subprocess.py:106} INFO - [0m12:38:09    database: BANKING
[2026-03-28T12:38:09.218+0000] {subprocess.py:106} INFO - [0m12:38:09    warehouse: COMPUTE_WH
[2026-03-28T12:38:09.218+0000] {subprocess.py:106} INFO - [0m12:38:09    role: dbtadmin
[2026-03-28T12:38:09.219+0000] {subprocess.py:106} INFO - [0m12:38:09    schema: PUBLIC
[2026-03-28T12:38:09.219+0000] {subprocess.py:106} INFO - [0m12:38:09    authenticator: None
[2026-03-28T12:38:09.219+0000] {subprocess.py:106} INFO - [0m12:38:09    oauth_client_id: None
[2026-03-28T12:38:09.220+0000] {subprocess.py:106} INFO - [0m12:38:09    query_tag: None
[2026-03-28T12:38:09.220+0000] {subprocess.py:106} INFO - [0m12:38:09    client_session_keep_alive: False
[2026-03-28T12:38:09.220+0000] {subprocess.py:106} INFO - [0m12:38:09    host: None
[2026-03-28T12:38:09.221+0000] {subprocess.py:106} INFO - [0m12:38:09    port: None
[2026-03-28T12:38:09.221+0000] {subprocess.py:106} INFO - [0m12:38:09    proxy_host: None
[2026-03-28T12:38:09.221+0000] {subprocess.py:106} INFO - [0m12:38:09    proxy_port: None
[2026-03-28T12:38:09.222+0000] {subprocess.py:106} INFO - [0m12:38:09    protocol: None
[2026-03-28T12:38:09.222+0000] {subprocess.py:106} INFO - [0m12:38:09    connect_retries: 1
[2026-03-28T12:38:09.222+0000] {subprocess.py:106} INFO - [0m12:38:09    connect_timeout: None
[2026-03-28T12:38:09.223+0000] {subprocess.py:106} INFO - [0m12:38:09    retry_on_database_errors: False
[2026-03-28T12:38:09.223+0000] {subprocess.py:106} INFO - [0m12:38:09    retry_all: False
[2026-03-28T12:38:09.223+0000] {subprocess.py:106} INFO - [0m12:38:09    insecure_mode: False
[2026-03-28T12:38:09.224+0000] {subprocess.py:106} INFO - [0m12:38:09    reuse_connections: True
[2026-03-28T12:38:09.224+0000] {subprocess.py:106} INFO - [0m12:38:09    s3_stage_vpce_dns_name: None
[2026-03-28T12:38:09.226+0000] {subprocess.py:106} INFO - [0m12:38:09    platform_detection_timeout_seconds: 0.0
[2026-03-28T12:38:09.226+0000] {subprocess.py:106} INFO - [0m12:38:09  Registered adapter: snowflake=1.11.3
[2026-03-28T12:38:10.757+0000] {subprocess.py:106} INFO - [0m12:38:10    Connection test: [[32mOK connection ok[0m]
[2026-03-28T12:38:10.758+0000] {subprocess.py:106} INFO - 
[2026-03-28T12:38:10.758+0000] {subprocess.py:106} INFO - [0m12:38:10  [31m1 check failed:[0m
[2026-03-28T12:38:10.759+0000] {subprocess.py:106} INFO - [0m12:38:10  Error from git --help: Could not find command, ensure it is in the user's PATH: "git"
[2026-03-28T12:38:10.760+0000] {subprocess.py:106} INFO - 
[2026-03-28T12:38:12.729+0000] {subprocess.py:110} INFO - Command exited with return code 1
[2026-03-28T12:38:12.730+0000] {taskinstance.py:441} INFO - ::group::Post task execution logs
[2026-03-28T12:38:12.742+0000] {taskinstance.py:2905} ERROR - Task failed with exception
Traceback (most recent call last):
  File "/home/airflow/.local/lib/python3.12/site-packages/airflow/models/taskinstance.py", line 465, in _execute_task
    result = _execute_callable(context=context, **execute_callable_kwargs)
             ^^^^^^^^^^^^^^^^^^^^^^^^^^^^^^^^^^^^^^^^^^^^^^^^^^^^^^^^^^^^^
  File "/home/airflow/.local/lib/python3.12/site-packages/airflow/models/taskinstance.py", line 432, in _execute_callable
    return execute_callable(context=context, **execute_callable_kwargs)
           ^^^^^^^^^^^^^^^^^^^^^^^^^^^^^^^^^^^^^^^^^^^^^^^^^^^^^^^^^^^^
  File "/home/airflow/.local/lib/python3.12/site-packages/airflow/models/baseoperator.py", line 401, in wrapper
    return func(self, *args, **kwargs)
           ^^^^^^^^^^^^^^^^^^^^^^^^^^^
  File "/home/airflow/.local/lib/python3.12/site-packages/airflow/providers/standard/operators/bash.py", line 233, in execute
    raise AirflowException(
airflow.exceptions.AirflowException: Bash command failed. The command returned a non-zero exit code 1.
[2026-03-28T12:38:12.747+0000] {taskinstance.py:1206} INFO - Marking task as UP_FOR_RETRY. dag_id=banking_01_bronze_layer, task_id=debug, run_id=scheduled__2026-03-28T12:00:00+00:00, execution_date=20260328T120000, start_date=20260328T123807, end_date=20260328T123812
[2026-03-28T12:38:12.759+0000] {standard_task_runner.py:110} ERROR - Failed to execute job 6841 for task debug (Bash command failed. The command returned a non-zero exit code 1.; 8877)
[2026-03-28T12:38:12.764+0000] {local_task_job_runner.py:243} INFO - Task exited with return code 1
[2026-03-28T12:38:12.776+0000] {taskinstance.py:3503} INFO - 0 downstream tasks scheduled from follow-on schedule check
[2026-03-28T12:38:12.777+0000] {local_task_job_runner.py:222} INFO - ::endgroup::
