[2026-04-03T06:17:36.250+0000] {local_task_job_runner.py:120} INFO - ::group::Pre task execution logs
[2026-04-03T06:17:36.266+0000] {taskinstance.py:2076} INFO - Dependencies all met for dep_context=non-requeueable deps ti=<TaskInstance: banking_01_bronze_layer.build_bronze_acc manual__2026-04-03T06:17:09.590480+00:00 [queued]>
[2026-04-03T06:17:36.269+0000] {taskinstance.py:2076} INFO - Dependencies all met for dep_context=requeueable deps ti=<TaskInstance: banking_01_bronze_layer.build_bronze_acc manual__2026-04-03T06:17:09.590480+00:00 [queued]>
[2026-04-03T06:17:36.269+0000] {taskinstance.py:2306} INFO - Starting attempt 1 of 2
[2026-04-03T06:17:36.275+0000] {taskinstance.py:2330} INFO - Executing <Task(BashOperator): build_bronze_acc> on 2026-04-03 06:17:09.590480+00:00
[2026-04-03T06:17:36.277+0000] {standard_task_runner.py:64} INFO - Started process 679 to run task
[2026-04-03T06:17:36.279+0000] {standard_task_runner.py:90} INFO - Running: ['***', 'tasks', 'run', 'banking_01_bronze_layer', 'build_bronze_acc', 'manual__2026-04-03T06:17:09.590480+00:00', '--job-id', '9586', '--raw', '--subdir', 'DAGS_FOLDER/dbt.py', '--cfg-path', '/tmp/tmpiu0c9kl1']
[2026-04-03T06:17:36.280+0000] {standard_task_runner.py:91} INFO - Job 9586: Subtask build_bronze_acc
[2026-04-03T06:17:36.306+0000] {task_command.py:426} INFO - Running <TaskInstance: banking_01_bronze_layer.build_bronze_acc manual__2026-04-03T06:17:09.590480+00:00 [running]> on host c990dffe13ae
[2026-04-03T06:17:36.349+0000] {taskinstance.py:2648} INFO - Exporting env vars: AIRFLOW_CTX_DAG_OWNER='risheek' AIRFLOW_CTX_DAG_ID='banking_01_bronze_layer' AIRFLOW_CTX_TASK_ID='build_bronze_acc' AIRFLOW_CTX_EXECUTION_DATE='2026-04-03T06:17:09.590480+00:00' AIRFLOW_CTX_TRY_NUMBER='1' AIRFLOW_CTX_DAG_RUN_ID='manual__2026-04-03T06:17:09.590480+00:00'
[2026-04-03T06:17:36.349+0000] {taskinstance.py:430} INFO - ::endgroup::
[2026-04-03T06:17:36.350+0000] {subprocess.py:78} INFO - Tmp dir root location: /tmp
[2026-04-03T06:17:36.350+0000] {subprocess.py:88} INFO - Running command: ['/usr/bin/bash', '-c', 'dbt build --select bronze_acc']
[2026-04-03T06:17:36.355+0000] {subprocess.py:99} INFO - Output:
[2026-04-03T06:17:37.530+0000] {subprocess.py:106} INFO - [0m06:17:37  Running with dbt=1.11.7
[2026-04-03T06:17:38.048+0000] {subprocess.py:106} INFO - [0m06:17:38  Registered adapter: snowflake=1.11.3
[2026-04-03T06:17:38.180+0000] {subprocess.py:106} INFO - [0m06:17:38  [[33mWARNING[0m]: Configuration paths exist in your dbt_project.yml file which do not apply to any resources.
[2026-04-03T06:17:38.180+0000] {subprocess.py:106} INFO - There are 1 unused configuration paths:
[2026-04-03T06:17:38.180+0000] {subprocess.py:106} INFO - - models.trans_snowf.example
[2026-04-03T06:17:38.276+0000] {subprocess.py:106} INFO - [0m06:17:38  Found 14 models, 3 sources, 522 macros
[2026-04-03T06:17:38.277+0000] {subprocess.py:106} INFO - [0m06:17:38
[2026-04-03T06:17:38.278+0000] {subprocess.py:106} INFO - [0m06:17:38  Concurrency: 1 threads (target='dev')
[2026-04-03T06:17:38.278+0000] {subprocess.py:106} INFO - [0m06:17:38
[2026-04-03T06:17:39.797+0000] {subprocess.py:106} INFO - [0m06:17:39  1 of 1 START sql incremental model PUBLIC_BRONZE.bronze_acc .................... [RUN]
[2026-04-03T06:17:40.220+0000] {subprocess.py:106} INFO - [0m06:17:40  1 of 1 ERROR creating sql incremental model PUBLIC_BRONZE.bronze_acc ........... [[31mERROR[0m in 0.42s]
[2026-04-03T06:17:41.044+0000] {subprocess.py:106} INFO - [0m06:17:41
[2026-04-03T06:17:41.044+0000] {subprocess.py:106} INFO - [0m06:17:41  Finished running 1 incremental model in 0 hours 0 minutes and 2.77 seconds (2.77s).
[2026-04-03T06:17:41.082+0000] {subprocess.py:106} INFO - [0m06:17:41
[2026-04-03T06:17:41.082+0000] {subprocess.py:106} INFO - [0m06:17:41  [31mCompleted with 1 error, 0 partial successes, and 0 warnings:[0m
[2026-04-03T06:17:41.083+0000] {subprocess.py:106} INFO - [0m06:17:41
[2026-04-03T06:17:41.083+0000] {subprocess.py:106} INFO - [0m06:17:41  [31mFailure in model bronze_acc (models/staging/bronze_acc.sql)[0m
[2026-04-03T06:17:41.083+0000] {subprocess.py:106} INFO - [0m06:17:41    Database Error in model bronze_acc (models/staging/bronze_acc.sql)
[2026-04-03T06:17:41.084+0000] {subprocess.py:106} INFO -   002140 (42601): SQL compilation error:
[2026-04-03T06:17:41.084+0000] {subprocess.py:106} INFO -   Unknown function UNPACK
[2026-04-03T06:17:41.084+0000] {subprocess.py:106} INFO -   compiled code at target/run/trans_snowf/models/staging/bronze_acc.sql
[2026-04-03T06:17:41.084+0000] {subprocess.py:106} INFO - [0m06:17:41
[2026-04-03T06:17:41.084+0000] {subprocess.py:106} INFO - [0m06:17:41    compiled code at target/compiled/trans_snowf/models/staging/bronze_acc.sql
[2026-04-03T06:17:41.084+0000] {subprocess.py:106} INFO - [0m06:17:41
[2026-04-03T06:17:41.085+0000] {subprocess.py:106} INFO - [0m06:17:41  Done. PASS=0 WARN=0 ERROR=1 SKIP=0 NO-OP=0 TOTAL=1
[2026-04-03T06:17:47.033+0000] {subprocess.py:110} INFO - Command exited with return code 1
[2026-04-03T06:17:47.035+0000] {taskinstance.py:441} INFO - ::group::Post task execution logs
[2026-04-03T06:17:47.046+0000] {taskinstance.py:2905} ERROR - Task failed with exception
Traceback (most recent call last):
  File "/home/airflow/.local/lib/python3.12/site-packages/airflow/models/taskinstance.py", line 465, in _execute_task
    result = _execute_callable(context=context, **execute_callable_kwargs)
             ^^^^^^^^^^^^^^^^^^^^^^^^^^^^^^^^^^^^^^^^^^^^^^^^^^^^^^^^^^^^^
  File "/home/airflow/.local/lib/python3.12/site-packages/airflow/models/taskinstance.py", line 432, in _execute_callable
    return execute_callable(context=context, **execute_callable_kwargs)
           ^^^^^^^^^^^^^^^^^^^^^^^^^^^^^^^^^^^^^^^^^^^^^^^^^^^^^^^^^^^^
  File "/home/airflow/.local/lib/python3.12/site-packages/airflow/models/baseoperator.py", line 401, in wrapper
    return func(self, *args, **kwargs)
           ^^^^^^^^^^^^^^^^^^^^^^^^^^^
  File "/home/airflow/.local/lib/python3.12/site-packages/airflow/providers/standard/operators/bash.py", line 233, in execute
    raise AirflowException(
airflow.exceptions.AirflowException: Bash command failed. The command returned a non-zero exit code 1.
[2026-04-03T06:17:47.049+0000] {taskinstance.py:1206} INFO - Marking task as UP_FOR_RETRY. dag_id=banking_01_bronze_layer, task_id=build_bronze_acc, run_id=manual__2026-04-03T06:17:09.590480+00:00, execution_date=20260403T061709, start_date=20260403T061736, end_date=20260403T061747
[2026-04-03T06:17:47.059+0000] {standard_task_runner.py:110} ERROR - Failed to execute job 9586 for task build_bronze_acc (Bash command failed. The command returned a non-zero exit code 1.; 679)
[2026-04-03T06:17:47.094+0000] {local_task_job_runner.py:243} INFO - Task exited with return code 1
[2026-04-03T06:17:47.114+0000] {taskinstance.py:3503} INFO - 0 downstream tasks scheduled from follow-on schedule check
[2026-04-03T06:17:47.115+0000] {local_task_job_runner.py:222} INFO - ::endgroup::
