[2026-03-10T08:55:42.625+0000] {local_task_job_runner.py:120} INFO - ::group::Pre task execution logs
[2026-03-10T08:55:42.651+0000] {taskinstance.py:2076} INFO - Dependencies all met for dep_context=non-requeueable deps ti=<TaskInstance: transfer_from_minio_to_snowflake.copy_json_to_variant manual__2026-03-10T08:50:01.711091+00:00 [queued]>
[2026-03-10T08:55:42.655+0000] {taskinstance.py:2076} INFO - Dependencies all met for dep_context=requeueable deps ti=<TaskInstance: transfer_from_minio_to_snowflake.copy_json_to_variant manual__2026-03-10T08:50:01.711091+00:00 [queued]>
[2026-03-10T08:55:42.655+0000] {taskinstance.py:2306} INFO - Starting attempt 2 of 3
[2026-03-10T08:55:42.661+0000] {taskinstance.py:2330} INFO - Executing <Task(SQLExecuteQueryOperator): copy_json_to_variant> on 2026-03-10 08:50:01.711091+00:00
[2026-03-10T08:55:42.669+0000] {logging_mixin.py:188} WARNING - /home/***/.local/lib/python3.12/site-packages/***/task/task_runner/standard_task_runner.py:62 DeprecationWarning: This process (pid=1080) is multi-threaded, use of fork() may lead to deadlocks in the child.
[2026-03-10T08:55:42.670+0000] {standard_task_runner.py:64} INFO - Started process 1092 to run task
[2026-03-10T08:55:42.668+0000] {standard_task_runner.py:90} INFO - Running: ['***', 'tasks', 'run', 'transfer_from_minio_to_snowflake', 'copy_json_to_variant', 'manual__2026-03-10T08:50:01.711091+00:00', '--job-id', '294', '--raw', '--subdir', 'DAGS_FOLDER/transfer.py', '--cfg-path', '/tmp/tmpq9r4b5bd']
[2026-03-10T08:55:42.671+0000] {standard_task_runner.py:91} INFO - Job 294: Subtask copy_json_to_variant
[2026-03-10T08:55:42.712+0000] {task_command.py:426} INFO - Running <TaskInstance: transfer_from_minio_to_snowflake.copy_json_to_variant manual__2026-03-10T08:50:01.711091+00:00 [running]> on host a070a8ebc37d
[2026-03-10T08:55:43.051+0000] {taskinstance.py:2648} INFO - Exporting env vars: AIRFLOW_CTX_DAG_OWNER='***' AIRFLOW_CTX_DAG_ID='transfer_from_minio_to_snowflake' AIRFLOW_CTX_TASK_ID='copy_json_to_variant' AIRFLOW_CTX_EXECUTION_DATE='2026-03-10T08:50:01.711091+00:00' AIRFLOW_CTX_TRY_NUMBER='2' AIRFLOW_CTX_DAG_RUN_ID='manual__2026-03-10T08:50:01.711091+00:00'
[2026-03-10T08:55:43.052+0000] {taskinstance.py:430} INFO - ::endgroup::
[2026-03-10T08:55:43.052+0000] {sql.py:282} INFO - Executing: 
            COPY INTO RAW (raw_json)
            FROM @incoming
            FILE_FORMAT = (TYPE = 'JSON')
            ON_ERROR = 'CONTINUE';
        
[2026-03-10T08:55:43.058+0000] {base.py:84} INFO - Using connection ID 'warehouse_id' for task execution.
[2026-03-10T08:55:43.098+0000] {base.py:84} INFO - Using connection ID 'warehouse_id' for task execution.
[2026-03-10T08:55:43.138+0000] {connection.py:613} INFO - Snowflake Connector for Python Version: 4.3.0, Python Version: 3.12.4, Platform: Linux-6.12.72-linuxkit-aarch64-with-glibc2.36
[2026-03-10T08:55:43.139+0000] {connection.py:1709} INFO - Connecting to GLOBAL Snowflake domain
[2026-03-10T08:55:44.021+0000] {sql.py:495} INFO - Running statement: COPY INTO RAW (raw_json)
            FROM @incoming
            FILE_FORMAT = (TYPE = 'JSON')
            ON_ERROR = 'CONTINUE';, parameters: None
[2026-03-10T08:55:44.813+0000] {sql.py:504} INFO - Rows affected: 1
[2026-03-10T08:55:44.815+0000] {snowflake.py:422} INFO - Rows affected: 1
[2026-03-10T08:55:44.815+0000] {snowflake.py:423} INFO - Snowflake query id: 01c2ee57-3202-6bcd-0000-001490e6d365
[2026-03-10T08:55:45.435+0000] {taskinstance.py:441} INFO - ::group::Post task execution logs
[2026-03-10T08:55:45.479+0000] {taskinstance.py:1206} INFO - Marking task as SUCCESS. dag_id=transfer_from_minio_to_snowflake, task_id=copy_json_to_variant, run_id=manual__2026-03-10T08:50:01.711091+00:00, execution_date=20260310T085001, start_date=20260310T085542, end_date=20260310T085545
[2026-03-10T08:55:45.521+0000] {local_task_job_runner.py:243} INFO - Task exited with return code 0
[2026-03-10T08:55:45.570+0000] {taskinstance.py:3503} INFO - 0 downstream tasks scheduled from follow-on schedule check
[2026-03-10T08:55:45.571+0000] {local_task_job_runner.py:222} INFO - ::endgroup::
