[2026-04-04T05:30:28.086+0000] {local_task_job_runner.py:120} INFO - ::group::Pre task execution logs
[2026-04-04T05:30:28.126+0000] {taskinstance.py:2076} INFO - Dependencies all met for dep_context=non-requeueable deps ti=<TaskInstance: banking_01_gold_layer.build_gold_acc manual__2026-04-04T05:25:04.443649+00:00 [queued]>
[2026-04-04T05:30:28.131+0000] {taskinstance.py:2076} INFO - Dependencies all met for dep_context=requeueable deps ti=<TaskInstance: banking_01_gold_layer.build_gold_acc manual__2026-04-04T05:25:04.443649+00:00 [queued]>
[2026-04-04T05:30:28.132+0000] {taskinstance.py:2306} INFO - Starting attempt 2 of 2
[2026-04-04T05:30:28.147+0000] {taskinstance.py:2330} INFO - Executing <Task(BashOperator): build_gold_acc> on 2026-04-04 05:25:04.443649+00:00
[2026-04-04T05:30:28.151+0000] {standard_task_runner.py:64} INFO - Started process 337 to run task
[2026-04-04T05:30:28.155+0000] {standard_task_runner.py:90} INFO - Running: ['***', 'tasks', 'run', 'banking_01_gold_layer', 'build_gold_acc', 'manual__2026-04-04T05:25:04.443649+00:00', '--job-id', '9670', '--raw', '--subdir', 'DAGS_FOLDER/dbt.py', '--cfg-path', '/tmp/tmpjmp_tror']
[2026-04-04T05:30:28.157+0000] {standard_task_runner.py:91} INFO - Job 9670: Subtask build_gold_acc
[2026-04-04T05:30:28.223+0000] {task_command.py:426} INFO - Running <TaskInstance: banking_01_gold_layer.build_gold_acc manual__2026-04-04T05:25:04.443649+00:00 [running]> on host c990dffe13ae
[2026-04-04T05:30:28.310+0000] {taskinstance.py:2648} INFO - Exporting env vars: AIRFLOW_CTX_DAG_OWNER='risheek' AIRFLOW_CTX_DAG_ID='banking_01_gold_layer' AIRFLOW_CTX_TASK_ID='build_gold_acc' AIRFLOW_CTX_EXECUTION_DATE='2026-04-04T05:25:04.443649+00:00' AIRFLOW_CTX_TRY_NUMBER='2' AIRFLOW_CTX_DAG_RUN_ID='manual__2026-04-04T05:25:04.443649+00:00'
[2026-04-04T05:30:28.310+0000] {taskinstance.py:430} INFO - ::endgroup::
[2026-04-04T05:30:28.311+0000] {subprocess.py:78} INFO - Tmp dir root location: /tmp
[2026-04-04T05:30:28.311+0000] {subprocess.py:88} INFO - Running command: ['/usr/bin/bash', '-c', 'dbt build --select gold_acc']
[2026-04-04T05:30:28.317+0000] {subprocess.py:99} INFO - Output:
[2026-04-04T05:30:30.179+0000] {subprocess.py:106} INFO - [0m05:30:30  Running with dbt=1.11.7
[2026-04-04T05:30:31.768+0000] {subprocess.py:106} INFO - [0m05:30:31  Registered adapter: snowflake=1.11.3
[2026-04-04T05:30:32.091+0000] {subprocess.py:106} INFO - [0m05:30:32  Encountered an error:
[2026-04-04T05:30:32.091+0000] {subprocess.py:106} INFO - Compilation Error
[2026-04-04T05:30:32.092+0000] {subprocess.py:106} INFO -   Model 'model.trans_snowf.trans_amount' (models/aggregations/trans_amount.sql) depends on a node named 'BRONZE_TRANSACTIONS' which was not found
[2026-04-04T05:30:33.650+0000] {subprocess.py:110} INFO - Command exited with return code 2
[2026-04-04T05:30:33.653+0000] {taskinstance.py:441} INFO - ::group::Post task execution logs
[2026-04-04T05:30:33.669+0000] {taskinstance.py:2905} ERROR - Task failed with exception
Traceback (most recent call last):
  File "/home/airflow/.local/lib/python3.12/site-packages/airflow/models/taskinstance.py", line 465, in _execute_task
    result = _execute_callable(context=context, **execute_callable_kwargs)
             ^^^^^^^^^^^^^^^^^^^^^^^^^^^^^^^^^^^^^^^^^^^^^^^^^^^^^^^^^^^^^
  File "/home/airflow/.local/lib/python3.12/site-packages/airflow/models/taskinstance.py", line 432, in _execute_callable
    return execute_callable(context=context, **execute_callable_kwargs)
           ^^^^^^^^^^^^^^^^^^^^^^^^^^^^^^^^^^^^^^^^^^^^^^^^^^^^^^^^^^^^
  File "/home/airflow/.local/lib/python3.12/site-packages/airflow/models/baseoperator.py", line 401, in wrapper
    return func(self, *args, **kwargs)
           ^^^^^^^^^^^^^^^^^^^^^^^^^^^
  File "/home/airflow/.local/lib/python3.12/site-packages/airflow/providers/standard/operators/bash.py", line 233, in execute
    raise AirflowException(
airflow.exceptions.AirflowException: Bash command failed. The command returned a non-zero exit code 2.
[2026-04-04T05:30:33.677+0000] {taskinstance.py:1206} INFO - Marking task as FAILED. dag_id=banking_01_gold_layer, task_id=build_gold_acc, run_id=manual__2026-04-04T05:25:04.443649+00:00, execution_date=20260404T052504, start_date=20260404T053028, end_date=20260404T053033
[2026-04-04T05:30:33.693+0000] {standard_task_runner.py:110} ERROR - Failed to execute job 9670 for task build_gold_acc (Bash command failed. The command returned a non-zero exit code 2.; 337)
[2026-04-04T05:30:33.735+0000] {local_task_job_runner.py:243} INFO - Task exited with return code 1
[2026-04-04T05:30:33.751+0000] {taskinstance.py:3503} INFO - 0 downstream tasks scheduled from follow-on schedule check
[2026-04-04T05:30:33.752+0000] {local_task_job_runner.py:222} INFO - ::endgroup::
