[2026-03-29T15:10:08.426+0000] {local_task_job_runner.py:120} INFO - ::group::Pre task execution logs
[2026-03-29T15:10:08.442+0000] {taskinstance.py:2076} INFO - Dependencies all met for dep_context=non-requeueable deps ti=<TaskInstance: banking_01_bronze_layer.build_bronze_cust scheduled__2026-03-29T14:00:00+00:00 [queued]>
[2026-03-29T15:10:08.445+0000] {taskinstance.py:2076} INFO - Dependencies all met for dep_context=requeueable deps ti=<TaskInstance: banking_01_bronze_layer.build_bronze_cust scheduled__2026-03-29T14:00:00+00:00 [queued]>
[2026-03-29T15:10:08.445+0000] {taskinstance.py:2306} INFO - Starting attempt 2 of 2
[2026-03-29T15:10:08.451+0000] {taskinstance.py:2330} INFO - Executing <Task(BashOperator): build_bronze_cust> on 2026-03-29 14:00:00+00:00
[2026-03-29T15:10:08.453+0000] {standard_task_runner.py:64} INFO - Started process 2697 to run task
[2026-03-29T15:10:08.455+0000] {standard_task_runner.py:90} INFO - Running: ['***', 'tasks', 'run', 'banking_01_bronze_layer', 'build_bronze_cust', 'scheduled__2026-03-29T14:00:00+00:00', '--job-id', '7265', '--raw', '--subdir', 'DAGS_FOLDER/dbt.py', '--cfg-path', '/tmp/tmpp9j94bq7']
[2026-03-29T15:10:08.457+0000] {standard_task_runner.py:91} INFO - Job 7265: Subtask build_bronze_cust
[2026-03-29T15:10:08.483+0000] {task_command.py:426} INFO - Running <TaskInstance: banking_01_bronze_layer.build_bronze_cust scheduled__2026-03-29T14:00:00+00:00 [running]> on host c990dffe13ae
[2026-03-29T15:10:08.523+0000] {taskinstance.py:2648} INFO - Exporting env vars: AIRFLOW_CTX_DAG_OWNER='risheek' AIRFLOW_CTX_DAG_ID='banking_01_bronze_layer' AIRFLOW_CTX_TASK_ID='build_bronze_cust' AIRFLOW_CTX_EXECUTION_DATE='2026-03-29T14:00:00+00:00' AIRFLOW_CTX_TRY_NUMBER='2' AIRFLOW_CTX_DAG_RUN_ID='scheduled__2026-03-29T14:00:00+00:00'
[2026-03-29T15:10:08.524+0000] {taskinstance.py:430} INFO - ::endgroup::
[2026-03-29T15:10:08.524+0000] {subprocess.py:78} INFO - Tmp dir root location: /tmp
[2026-03-29T15:10:08.525+0000] {subprocess.py:88} INFO - Running command: ['/usr/bin/bash', '-c', 'dbt build --select bronze_cust']
[2026-03-29T15:10:08.528+0000] {subprocess.py:99} INFO - Output:
[2026-03-29T15:10:09.721+0000] {subprocess.py:106} INFO - [0m15:10:09  Running with dbt=1.11.7
[2026-03-29T15:10:10.215+0000] {subprocess.py:106} INFO - [0m15:10:10  Registered adapter: snowflake=1.11.3
[2026-03-29T15:10:10.348+0000] {subprocess.py:106} INFO - [0m15:10:10  [[33mWARNING[0m]: Configuration paths exist in your dbt_project.yml file which do not apply to any resources.
[2026-03-29T15:10:10.348+0000] {subprocess.py:106} INFO - There are 1 unused configuration paths:
[2026-03-29T15:10:10.348+0000] {subprocess.py:106} INFO - - models.trans_snowf.example
[2026-03-29T15:10:10.441+0000] {subprocess.py:106} INFO - [0m15:10:10  Found 14 models, 3 sources, 522 macros
[2026-03-29T15:10:10.443+0000] {subprocess.py:106} INFO - [0m15:10:10
[2026-03-29T15:10:10.443+0000] {subprocess.py:106} INFO - [0m15:10:10  Concurrency: 1 threads (target='dev')
[2026-03-29T15:10:10.443+0000] {subprocess.py:106} INFO - [0m15:10:10
[2026-03-29T15:10:14.015+0000] {subprocess.py:106} INFO - [0m15:10:14  1 of 1 START sql incremental model PUBLIC_BRONZE.bronze_cust ................... [RUN]
[2026-03-29T15:10:19.319+0000] {subprocess.py:106} INFO - [0m15:10:19  1 of 1 OK created sql incremental model PUBLIC_BRONZE.bronze_cust .............. [[32mSUCCESS 0[0m in 5.30s]
[2026-03-29T15:10:20.420+0000] {subprocess.py:106} INFO - [0m15:10:20
[2026-03-29T15:10:20.422+0000] {subprocess.py:106} INFO - [0m15:10:20  Finished running 1 incremental model in 0 hours 0 minutes and 9.97 seconds (9.97s).
[2026-03-29T15:10:20.486+0000] {subprocess.py:106} INFO - [0m15:10:20
[2026-03-29T15:10:20.487+0000] {subprocess.py:106} INFO - [0m15:10:20  [32mCompleted successfully[0m
[2026-03-29T15:10:20.487+0000] {subprocess.py:106} INFO - [0m15:10:20
[2026-03-29T15:10:20.488+0000] {subprocess.py:106} INFO - [0m15:10:20  Done. PASS=1 WARN=0 ERROR=0 SKIP=0 NO-OP=0 TOTAL=1
[2026-03-29T15:10:23.063+0000] {subprocess.py:110} INFO - Command exited with return code 0
[2026-03-29T15:10:23.064+0000] {taskinstance.py:441} INFO - ::group::Post task execution logs
[2026-03-29T15:10:23.084+0000] {taskinstance.py:1206} INFO - Marking task as SUCCESS. dag_id=banking_01_bronze_layer, task_id=build_bronze_cust, run_id=scheduled__2026-03-29T14:00:00+00:00, execution_date=20260329T140000, start_date=20260329T151008, end_date=20260329T151023
[2026-03-29T15:10:23.128+0000] {local_task_job_runner.py:243} INFO - Task exited with return code 0
[2026-03-29T15:10:23.139+0000] {taskinstance.py:3503} INFO - 0 downstream tasks scheduled from follow-on schedule check
[2026-03-29T15:10:23.140+0000] {local_task_job_runner.py:222} INFO - ::endgroup::
