[2026-03-30T07:31:53.842+0000] {local_task_job_runner.py:120} INFO - ::group::Pre task execution logs
[2026-03-30T07:31:53.859+0000] {taskinstance.py:2076} INFO - Dependencies all met for dep_context=non-requeueable deps ti=<TaskInstance: transfer_from_minio_to_snowflake_accounts.create_stage scheduled__2026-03-30T07:30:00+00:00 [queued]>
[2026-03-30T07:31:53.863+0000] {taskinstance.py:2076} INFO - Dependencies all met for dep_context=requeueable deps ti=<TaskInstance: transfer_from_minio_to_snowflake_accounts.create_stage scheduled__2026-03-30T07:30:00+00:00 [queued]>
[2026-03-30T07:31:53.863+0000] {taskinstance.py:2306} INFO - Starting attempt 1 of 3
[2026-03-30T07:31:53.869+0000] {taskinstance.py:2330} INFO - Executing <Task(SQLExecuteQueryOperator): create_stage> on 2026-03-30 07:30:00+00:00
[2026-03-30T07:31:53.874+0000] {standard_task_runner.py:90} INFO - Running: ['***', 'tasks', 'run', 'transfer_from_minio_to_snowflake_accounts', 'create_stage', 'scheduled__2026-03-30T07:30:00+00:00', '--job-id', '7833', '--raw', '--subdir', 'DAGS_FOLDER/transfer.py', '--cfg-path', '/tmp/tmp0nkv_px6']
[2026-03-30T07:31:53.876+0000] {standard_task_runner.py:91} INFO - Job 7833: Subtask create_stage
[2026-03-30T07:31:53.876+0000] {logging_mixin.py:188} WARNING - /home/***/.local/lib/python3.12/site-packages/***/task/task_runner/standard_task_runner.py:62 DeprecationWarning: This process (pid=7103) is multi-threaded, use of fork() may lead to deadlocks in the child.
[2026-03-30T07:31:53.877+0000] {standard_task_runner.py:64} INFO - Started process 7115 to run task
[2026-03-30T07:31:53.909+0000] {task_command.py:426} INFO - Running <TaskInstance: transfer_from_minio_to_snowflake_accounts.create_stage scheduled__2026-03-30T07:30:00+00:00 [running]> on host c990dffe13ae
[2026-03-30T07:31:54.076+0000] {taskinstance.py:2648} INFO - Exporting env vars: AIRFLOW_CTX_DAG_OWNER='***' AIRFLOW_CTX_DAG_ID='transfer_from_minio_to_snowflake_accounts' AIRFLOW_CTX_TASK_ID='create_stage' AIRFLOW_CTX_EXECUTION_DATE='2026-03-30T07:30:00+00:00' AIRFLOW_CTX_TRY_NUMBER='1' AIRFLOW_CTX_DAG_RUN_ID='scheduled__2026-03-30T07:30:00+00:00'
[2026-03-30T07:31:54.076+0000] {taskinstance.py:430} INFO - ::endgroup::
[2026-03-30T07:31:54.076+0000] {sql.py:282} INFO - Executing:  CREATE STAGE IF NOT EXISTS incoming  
                 URL = 's3://de-project-banking-pipeline-dev-2/'
                 STORAGE_INTEGRATION = my_s3_integration
                 FILE_FORMAT = (TYPE = 'JSON'); 
[2026-03-30T07:31:54.082+0000] {base.py:84} INFO - Using connection ID 'warehouse_id' for task execution.
[2026-03-30T07:31:54.115+0000] {base.py:84} INFO - Using connection ID 'warehouse_id' for task execution.
[2026-03-30T07:31:54.153+0000] {connection.py:613} INFO - Snowflake Connector for Python Version: 4.3.0, Python Version: 3.12.4, Platform: Linux-6.12.76-linuxkit-aarch64-with-glibc2.36
[2026-03-30T07:31:54.154+0000] {connection.py:1709} INFO - Connecting to GLOBAL Snowflake domain
[2026-03-30T07:31:55.139+0000] {sql.py:495} INFO - Running statement: CREATE STAGE IF NOT EXISTS incoming  
                 URL = 's3://de-project-banking-pipeline-dev-2/'
                 STORAGE_INTEGRATION = my_s3_integration
                 FILE_FORMAT = (TYPE = 'JSON');, parameters: None
[2026-03-30T07:31:55.333+0000] {sql.py:504} INFO - Rows affected: 1
[2026-03-30T07:31:55.335+0000] {snowflake.py:422} INFO - Rows affected: 1
[2026-03-30T07:31:55.335+0000] {snowflake.py:423} INFO - Snowflake query id: 01c35e83-3202-8582-0014-90e600064a16
[2026-03-30T07:31:55.694+0000] {taskinstance.py:441} INFO - ::group::Post task execution logs
[2026-03-30T07:31:55.731+0000] {taskinstance.py:1206} INFO - Marking task as SUCCESS. dag_id=transfer_from_minio_to_snowflake_accounts, task_id=create_stage, run_id=scheduled__2026-03-30T07:30:00+00:00, execution_date=20260330T073000, start_date=20260330T073153, end_date=20260330T073155
[2026-03-30T07:31:55.758+0000] {local_task_job_runner.py:243} INFO - Task exited with return code 0
[2026-03-30T07:31:55.777+0000] {taskinstance.py:3503} INFO - 1 downstream tasks scheduled from follow-on schedule check
[2026-03-30T07:31:55.777+0000] {local_task_job_runner.py:222} INFO - ::endgroup::
