[2026-03-29T04:37:25.927+0000] {local_task_job_runner.py:120} INFO - ::group::Pre task execution logs
[2026-03-29T04:37:25.942+0000] {taskinstance.py:2076} INFO - Dependencies all met for dep_context=non-requeueable deps ti=<TaskInstance: banking_01_bronze_layer.build_bronze_cust scheduled__2026-03-29T03:30:00+00:00 [queued]>
[2026-03-29T04:37:25.945+0000] {taskinstance.py:2076} INFO - Dependencies all met for dep_context=requeueable deps ti=<TaskInstance: banking_01_bronze_layer.build_bronze_cust scheduled__2026-03-29T03:30:00+00:00 [queued]>
[2026-03-29T04:37:25.945+0000] {taskinstance.py:2306} INFO - Starting attempt 2 of 2
[2026-03-29T04:37:25.951+0000] {taskinstance.py:2330} INFO - Executing <Task(BashOperator): build_bronze_cust> on 2026-03-29 03:30:00+00:00
[2026-03-29T04:37:25.953+0000] {standard_task_runner.py:64} INFO - Started process 16635 to run task
[2026-03-29T04:37:25.956+0000] {standard_task_runner.py:90} INFO - Running: ['***', 'tasks', 'run', 'banking_01_bronze_layer', 'build_bronze_cust', 'scheduled__2026-03-29T03:30:00+00:00', '--job-id', '7101', '--raw', '--subdir', 'DAGS_FOLDER/dbt.py', '--cfg-path', '/tmp/tmptboa9y90']
[2026-03-29T04:37:25.957+0000] {standard_task_runner.py:91} INFO - Job 7101: Subtask build_bronze_cust
[2026-03-29T04:37:25.982+0000] {task_command.py:426} INFO - Running <TaskInstance: banking_01_bronze_layer.build_bronze_cust scheduled__2026-03-29T03:30:00+00:00 [running]> on host c990dffe13ae
[2026-03-29T04:37:26.025+0000] {taskinstance.py:2648} INFO - Exporting env vars: AIRFLOW_CTX_DAG_OWNER='risheek' AIRFLOW_CTX_DAG_ID='banking_01_bronze_layer' AIRFLOW_CTX_TASK_ID='build_bronze_cust' AIRFLOW_CTX_EXECUTION_DATE='2026-03-29T03:30:00+00:00' AIRFLOW_CTX_TRY_NUMBER='2' AIRFLOW_CTX_DAG_RUN_ID='scheduled__2026-03-29T03:30:00+00:00'
[2026-03-29T04:37:26.026+0000] {taskinstance.py:430} INFO - ::endgroup::
[2026-03-29T04:37:26.026+0000] {subprocess.py:78} INFO - Tmp dir root location: /tmp
[2026-03-29T04:37:26.026+0000] {subprocess.py:88} INFO - Running command: ['/usr/bin/bash', '-c', 'dbt build --select bronze_cust']
[2026-03-29T04:37:26.033+0000] {subprocess.py:99} INFO - Output:
[2026-03-29T04:37:27.267+0000] {subprocess.py:106} INFO - [0m04:37:27  Running with dbt=1.11.7
[2026-03-29T04:37:27.742+0000] {subprocess.py:106} INFO - [0m04:37:27  Registered adapter: snowflake=1.11.3
[2026-03-29T04:37:27.876+0000] {subprocess.py:106} INFO - [0m04:37:27  [[33mWARNING[0m]: Configuration paths exist in your dbt_project.yml file which do not apply to any resources.
[2026-03-29T04:37:27.876+0000] {subprocess.py:106} INFO - There are 1 unused configuration paths:
[2026-03-29T04:37:27.876+0000] {subprocess.py:106} INFO - - models.trans_snowf.example
[2026-03-29T04:37:27.974+0000] {subprocess.py:106} INFO - [0m04:37:27  Found 14 models, 3 sources, 522 macros
[2026-03-29T04:37:27.976+0000] {subprocess.py:106} INFO - [0m04:37:27
[2026-03-29T04:37:27.976+0000] {subprocess.py:106} INFO - [0m04:37:27  Concurrency: 1 threads (target='dev')
[2026-03-29T04:37:27.976+0000] {subprocess.py:106} INFO - [0m04:37:27
[2026-03-29T04:37:30.454+0000] {subprocess.py:106} INFO - [0m04:37:30  1 of 1 START sql incremental model PUBLIC_BRONZE.bronze_cust ................... [RUN]
[2026-03-29T04:53:46.240+0000] {subprocess.py:106} INFO - [0m04:53:46  1 of 1 ERROR creating sql incremental model PUBLIC_BRONZE.bronze_cust .......... [[31mERROR[0m in 975.77s]
[2026-03-29T04:53:46.589+0000] {subprocess.py:106} INFO - [0m04:53:46
[2026-03-29T04:53:46.591+0000] {subprocess.py:106} INFO - [0m04:53:46  Finished running 1 incremental model in 0 hours 16 minutes and 18.61 seconds (978.61s).
[2026-03-29T04:53:46.677+0000] {subprocess.py:106} INFO - [0m04:53:46
[2026-03-29T04:53:46.678+0000] {subprocess.py:106} INFO - [0m04:53:46  [31mCompleted with 1 error, 0 partial successes, and 0 warnings:[0m
[2026-03-29T04:53:46.678+0000] {subprocess.py:106} INFO - [0m04:53:46
[2026-03-29T04:53:46.679+0000] {subprocess.py:106} INFO - [0m04:53:46  [31mFailure in model bronze_cust (models/staging/bronze_cust.sql)[0m
[2026-03-29T04:53:46.679+0000] {subprocess.py:106} INFO - [0m04:53:46    Database Error in model bronze_cust (models/staging/bronze_cust.sql)
[2026-03-29T04:53:46.680+0000] {subprocess.py:106} INFO -   000904 (42000): SQL compilation error: error line 14 at position 8
[2026-03-29T04:53:46.680+0000] {subprocess.py:106} INFO -   invalid identifier 'PAYLOAD'
[2026-03-29T04:53:46.680+0000] {subprocess.py:106} INFO -   compiled code at target/run/trans_snowf/models/staging/bronze_cust.sql
[2026-03-29T04:53:46.680+0000] {subprocess.py:106} INFO - [0m04:53:46
[2026-03-29T04:53:46.680+0000] {subprocess.py:106} INFO - [0m04:53:46    compiled code at target/compiled/trans_snowf/models/staging/bronze_cust.sql
[2026-03-29T04:53:46.681+0000] {subprocess.py:106} INFO - [0m04:53:46
[2026-03-29T04:53:46.681+0000] {subprocess.py:106} INFO - [0m04:53:46  Done. PASS=0 WARN=0 ERROR=1 SKIP=0 NO-OP=0 TOTAL=1
[2026-03-29T05:05:24.878+0000] {subprocess.py:110} INFO - Command exited with return code 1
[2026-03-29T05:05:24.881+0000] {taskinstance.py:441} INFO - ::group::Post task execution logs
[2026-03-29T05:05:24.896+0000] {taskinstance.py:2905} ERROR - Task failed with exception
Traceback (most recent call last):
  File "/home/airflow/.local/lib/python3.12/site-packages/airflow/models/taskinstance.py", line 465, in _execute_task
    result = _execute_callable(context=context, **execute_callable_kwargs)
             ^^^^^^^^^^^^^^^^^^^^^^^^^^^^^^^^^^^^^^^^^^^^^^^^^^^^^^^^^^^^^
  File "/home/airflow/.local/lib/python3.12/site-packages/airflow/models/taskinstance.py", line 432, in _execute_callable
    return execute_callable(context=context, **execute_callable_kwargs)
           ^^^^^^^^^^^^^^^^^^^^^^^^^^^^^^^^^^^^^^^^^^^^^^^^^^^^^^^^^^^^
  File "/home/airflow/.local/lib/python3.12/site-packages/airflow/models/baseoperator.py", line 401, in wrapper
    return func(self, *args, **kwargs)
           ^^^^^^^^^^^^^^^^^^^^^^^^^^^
  File "/home/airflow/.local/lib/python3.12/site-packages/airflow/providers/standard/operators/bash.py", line 233, in execute
    raise AirflowException(
airflow.exceptions.AirflowException: Bash command failed. The command returned a non-zero exit code 1.
[2026-03-29T05:05:24.904+0000] {taskinstance.py:1206} INFO - Marking task as FAILED. dag_id=banking_01_bronze_layer, task_id=build_bronze_cust, run_id=scheduled__2026-03-29T03:30:00+00:00, execution_date=20260329T033000, start_date=20260329T043725, end_date=20260329T050524
[2026-03-29T05:05:24.914+0000] {standard_task_runner.py:110} ERROR - Failed to execute job 7101 for task build_bronze_cust (Bash command failed. The command returned a non-zero exit code 1.; 16635)
[2026-03-29T05:05:24.944+0000] {local_task_job_runner.py:243} INFO - Task exited with return code 1
[2026-03-29T05:05:24.961+0000] {taskinstance.py:3503} INFO - 0 downstream tasks scheduled from follow-on schedule check
[2026-03-29T05:05:24.962+0000] {local_task_job_runner.py:222} INFO - ::endgroup::
