[2026-03-27T20:15:47.391+0000] {local_task_job_runner.py:120} INFO - ::group::Pre task execution logs
[2026-03-27T20:15:47.406+0000] {taskinstance.py:2076} INFO - Dependencies all met for dep_context=non-requeueable deps ti=<TaskInstance: banking_01_bronze_layer.debug scheduled__2026-03-27T17:00:00+00:00 [queued]>
[2026-03-27T20:15:47.410+0000] {taskinstance.py:2076} INFO - Dependencies all met for dep_context=requeueable deps ti=<TaskInstance: banking_01_bronze_layer.debug scheduled__2026-03-27T17:00:00+00:00 [queued]>
[2026-03-27T20:15:47.410+0000] {taskinstance.py:2306} INFO - Starting attempt 2 of 2
[2026-03-27T20:15:47.415+0000] {taskinstance.py:2330} INFO - Executing <Task(BashOperator): debug> on 2026-03-27 17:00:00+00:00
[2026-03-27T20:15:47.418+0000] {standard_task_runner.py:64} INFO - Started process 40837 to run task
[2026-03-27T20:15:47.419+0000] {standard_task_runner.py:90} INFO - Running: ['***', 'tasks', 'run', 'banking_01_bronze_layer', 'debug', 'scheduled__2026-03-27T17:00:00+00:00', '--job-id', '5562', '--raw', '--subdir', 'DAGS_FOLDER/dbt.py', '--cfg-path', '/tmp/tmptatiwgwd']
[2026-03-27T20:15:47.420+0000] {standard_task_runner.py:91} INFO - Job 5562: Subtask debug
[2026-03-27T20:15:47.445+0000] {task_command.py:426} INFO - Running <TaskInstance: banking_01_bronze_layer.debug scheduled__2026-03-27T17:00:00+00:00 [running]> on host c990dffe13ae
[2026-03-27T20:15:47.483+0000] {taskinstance.py:2648} INFO - Exporting env vars: AIRFLOW_CTX_DAG_OWNER='risheek' AIRFLOW_CTX_DAG_ID='banking_01_bronze_layer' AIRFLOW_CTX_TASK_ID='debug' AIRFLOW_CTX_EXECUTION_DATE='2026-03-27T17:00:00+00:00' AIRFLOW_CTX_TRY_NUMBER='2' AIRFLOW_CTX_DAG_RUN_ID='scheduled__2026-03-27T17:00:00+00:00'
[2026-03-27T20:15:47.484+0000] {taskinstance.py:430} INFO - ::endgroup::
[2026-03-27T20:15:47.484+0000] {subprocess.py:78} INFO - Tmp dir root location: /tmp
[2026-03-27T20:15:47.485+0000] {subprocess.py:88} INFO - Running command: ['/usr/bin/bash', '-c', 'dbt debug --profiles-dir /opt/***/dbt/trans_snowf']
[2026-03-27T20:15:47.488+0000] {subprocess.py:99} INFO - Output:
[2026-03-27T20:15:48.656+0000] {subprocess.py:106} INFO - [0m20:15:48  Running with dbt=1.11.7
[2026-03-27T20:15:48.662+0000] {subprocess.py:106} INFO - [0m20:15:48  dbt version: 1.11.7
[2026-03-27T20:15:48.662+0000] {subprocess.py:106} INFO - [0m20:15:48  python version: 3.12.4
[2026-03-27T20:15:48.662+0000] {subprocess.py:106} INFO - [0m20:15:48  python path: /home/***/.local/bin/python
[2026-03-27T20:15:48.663+0000] {subprocess.py:106} INFO - [0m20:15:48  os info: Linux-6.12.76-linuxkit-aarch64-with-glibc2.36
[2026-03-27T20:15:49.039+0000] {subprocess.py:106} INFO - [0m20:15:49  Using profiles dir at /opt/***/dbt/trans_snowf
[2026-03-27T20:15:49.039+0000] {subprocess.py:106} INFO - [0m20:15:49  Using profiles.yml file at /opt/***/dbt/trans_snowf/profiles.yml
[2026-03-27T20:15:49.040+0000] {subprocess.py:106} INFO - [0m20:15:49  Using dbt_project.yml file at /opt/***/dbt/trans_snowf/dbt_project.yml
[2026-03-27T20:15:49.040+0000] {subprocess.py:106} INFO - [0m20:15:49  adapter type: snowflake
[2026-03-27T20:15:49.041+0000] {subprocess.py:106} INFO - [0m20:15:49  adapter version: 1.11.3
[2026-03-27T20:15:49.092+0000] {subprocess.py:106} INFO - [0m20:15:49  Configuration:
[2026-03-27T20:15:49.093+0000] {subprocess.py:106} INFO - [0m20:15:49    profiles.yml file [[32mOK found and valid[0m]
[2026-03-27T20:15:49.093+0000] {subprocess.py:106} INFO - [0m20:15:49    dbt_project.yml file [[32mOK found and valid[0m]
[2026-03-27T20:15:49.093+0000] {subprocess.py:106} INFO - [0m20:15:49  Required dependencies:
[2026-03-27T20:15:49.094+0000] {subprocess.py:106} INFO - [0m20:15:49   - git [[31mERROR[0m]
[2026-03-27T20:15:49.095+0000] {subprocess.py:106} INFO - 
[2026-03-27T20:15:49.095+0000] {subprocess.py:106} INFO - [0m20:15:49  Connection:
[2026-03-27T20:15:49.095+0000] {subprocess.py:106} INFO - [0m20:15:49    account: BBMCDSP-CT02489
[2026-03-27T20:15:49.095+0000] {subprocess.py:106} INFO - [0m20:15:49    user: user123
[2026-03-27T20:15:49.096+0000] {subprocess.py:106} INFO - [0m20:15:49    database: BANKING
[2026-03-27T20:15:49.096+0000] {subprocess.py:106} INFO - [0m20:15:49    warehouse: COMPUTE_WH
[2026-03-27T20:15:49.097+0000] {subprocess.py:106} INFO - [0m20:15:49    role: dbtadmin
[2026-03-27T20:15:49.097+0000] {subprocess.py:106} INFO - [0m20:15:49    schema: PUBLIC
[2026-03-27T20:15:49.097+0000] {subprocess.py:106} INFO - [0m20:15:49    authenticator: None
[2026-03-27T20:15:49.097+0000] {subprocess.py:106} INFO - [0m20:15:49    oauth_client_id: None
[2026-03-27T20:15:49.098+0000] {subprocess.py:106} INFO - [0m20:15:49    query_tag: None
[2026-03-27T20:15:49.098+0000] {subprocess.py:106} INFO - [0m20:15:49    client_session_keep_alive: False
[2026-03-27T20:15:49.098+0000] {subprocess.py:106} INFO - [0m20:15:49    host: None
[2026-03-27T20:15:49.099+0000] {subprocess.py:106} INFO - [0m20:15:49    port: None
[2026-03-27T20:15:49.099+0000] {subprocess.py:106} INFO - [0m20:15:49    proxy_host: None
[2026-03-27T20:15:49.099+0000] {subprocess.py:106} INFO - [0m20:15:49    proxy_port: None
[2026-03-27T20:15:49.100+0000] {subprocess.py:106} INFO - [0m20:15:49    protocol: None
[2026-03-27T20:15:49.100+0000] {subprocess.py:106} INFO - [0m20:15:49    connect_retries: 1
[2026-03-27T20:15:49.100+0000] {subprocess.py:106} INFO - [0m20:15:49    connect_timeout: None
[2026-03-27T20:15:49.101+0000] {subprocess.py:106} INFO - [0m20:15:49    retry_on_database_errors: False
[2026-03-27T20:15:49.101+0000] {subprocess.py:106} INFO - [0m20:15:49    retry_all: False
[2026-03-27T20:15:49.101+0000] {subprocess.py:106} INFO - [0m20:15:49    insecure_mode: False
[2026-03-27T20:15:49.102+0000] {subprocess.py:106} INFO - [0m20:15:49    reuse_connections: True
[2026-03-27T20:15:49.102+0000] {subprocess.py:106} INFO - [0m20:15:49    s3_stage_vpce_dns_name: None
[2026-03-27T20:15:49.102+0000] {subprocess.py:106} INFO - [0m20:15:49    platform_detection_timeout_seconds: 0.0
[2026-03-27T20:15:49.103+0000] {subprocess.py:106} INFO - [0m20:15:49  Registered adapter: snowflake=1.11.3
[2026-03-27T20:15:50.114+0000] {subprocess.py:106} INFO - [0m20:15:50    Connection test: [[32mOK connection ok[0m]
[2026-03-27T20:15:50.115+0000] {subprocess.py:106} INFO - 
[2026-03-27T20:15:50.115+0000] {subprocess.py:106} INFO - [0m20:15:50  [31m1 check failed:[0m
[2026-03-27T20:15:50.115+0000] {subprocess.py:106} INFO - [0m20:15:50  Error from git --help: Could not find command, ensure it is in the user's PATH: "git"
[2026-03-27T20:15:50.116+0000] {subprocess.py:106} INFO - 
[2026-03-27T20:15:52.002+0000] {subprocess.py:110} INFO - Command exited with return code 1
[2026-03-27T20:15:52.003+0000] {taskinstance.py:441} INFO - ::group::Post task execution logs
[2026-03-27T20:15:52.146+0000] {taskinstance.py:2905} ERROR - Task failed with exception
Traceback (most recent call last):
  File "/home/airflow/.local/lib/python3.12/site-packages/airflow/models/taskinstance.py", line 465, in _execute_task
    result = _execute_callable(context=context, **execute_callable_kwargs)
             ^^^^^^^^^^^^^^^^^^^^^^^^^^^^^^^^^^^^^^^^^^^^^^^^^^^^^^^^^^^^^
  File "/home/airflow/.local/lib/python3.12/site-packages/airflow/models/taskinstance.py", line 432, in _execute_callable
    return execute_callable(context=context, **execute_callable_kwargs)
           ^^^^^^^^^^^^^^^^^^^^^^^^^^^^^^^^^^^^^^^^^^^^^^^^^^^^^^^^^^^^
  File "/home/airflow/.local/lib/python3.12/site-packages/airflow/models/baseoperator.py", line 401, in wrapper
    return func(self, *args, **kwargs)
           ^^^^^^^^^^^^^^^^^^^^^^^^^^^
  File "/home/airflow/.local/lib/python3.12/site-packages/airflow/providers/standard/operators/bash.py", line 233, in execute
    raise AirflowException(
airflow.exceptions.AirflowException: Bash command failed. The command returned a non-zero exit code 1.
[2026-03-27T20:15:52.152+0000] {taskinstance.py:1206} INFO - Marking task as FAILED. dag_id=banking_01_bronze_layer, task_id=debug, run_id=scheduled__2026-03-27T17:00:00+00:00, execution_date=20260327T170000, start_date=20260327T201547, end_date=20260327T201552
[2026-03-27T20:15:52.189+0000] {standard_task_runner.py:110} ERROR - Failed to execute job 5562 for task debug (Bash command failed. The command returned a non-zero exit code 1.; 40837)
[2026-03-27T20:15:52.224+0000] {local_task_job_runner.py:243} INFO - Task exited with return code 1
[2026-03-27T20:15:52.244+0000] {taskinstance.py:3503} INFO - 0 downstream tasks scheduled from follow-on schedule check
[2026-03-27T20:15:52.245+0000] {local_task_job_runner.py:222} INFO - ::endgroup::
