[2026-03-29T08:11:21.076+0000] {local_task_job_runner.py:120} INFO - ::group::Pre task execution logs
[2026-03-29T08:11:21.094+0000] {taskinstance.py:2076} INFO - Dependencies all met for dep_context=non-requeueable deps ti=<TaskInstance: banking_01_bronze_layer.build_bronze_acc scheduled__2026-03-29T07:30:00+00:00 [queued]>
[2026-03-29T08:11:21.097+0000] {taskinstance.py:2076} INFO - Dependencies all met for dep_context=requeueable deps ti=<TaskInstance: banking_01_bronze_layer.build_bronze_acc scheduled__2026-03-29T07:30:00+00:00 [queued]>
[2026-03-29T08:11:21.097+0000] {taskinstance.py:2306} INFO - Starting attempt 2 of 2
[2026-03-29T08:11:21.104+0000] {taskinstance.py:2330} INFO - Executing <Task(BashOperator): build_bronze_acc> on 2026-03-29 07:30:00+00:00
[2026-03-29T08:11:21.113+0000] {standard_task_runner.py:64} INFO - Started process 18759 to run task
[2026-03-29T08:11:21.115+0000] {standard_task_runner.py:90} INFO - Running: ['***', 'tasks', 'run', 'banking_01_bronze_layer', 'build_bronze_acc', 'scheduled__2026-03-29T07:30:00+00:00', '--job-id', '7165', '--raw', '--subdir', 'DAGS_FOLDER/dbt.py', '--cfg-path', '/tmp/tmpwzpi72ma']
[2026-03-29T08:11:21.116+0000] {standard_task_runner.py:91} INFO - Job 7165: Subtask build_bronze_acc
[2026-03-29T08:11:21.159+0000] {task_command.py:426} INFO - Running <TaskInstance: banking_01_bronze_layer.build_bronze_acc scheduled__2026-03-29T07:30:00+00:00 [running]> on host c990dffe13ae
[2026-03-29T08:11:21.218+0000] {taskinstance.py:2648} INFO - Exporting env vars: AIRFLOW_CTX_DAG_OWNER='risheek' AIRFLOW_CTX_DAG_ID='banking_01_bronze_layer' AIRFLOW_CTX_TASK_ID='build_bronze_acc' AIRFLOW_CTX_EXECUTION_DATE='2026-03-29T07:30:00+00:00' AIRFLOW_CTX_TRY_NUMBER='2' AIRFLOW_CTX_DAG_RUN_ID='scheduled__2026-03-29T07:30:00+00:00'
[2026-03-29T08:11:21.219+0000] {taskinstance.py:430} INFO - ::endgroup::
[2026-03-29T08:11:21.219+0000] {subprocess.py:78} INFO - Tmp dir root location: /tmp
[2026-03-29T08:11:21.220+0000] {subprocess.py:88} INFO - Running command: ['/usr/bin/bash', '-c', 'dbt build --select bronze_acc']
[2026-03-29T08:11:21.224+0000] {subprocess.py:99} INFO - Output:
[2026-03-29T08:11:22.534+0000] {subprocess.py:106} INFO - [0m08:11:22  Running with dbt=1.11.7
[2026-03-29T08:11:23.365+0000] {subprocess.py:106} INFO - [0m08:11:23  Registered adapter: snowflake=1.11.3
[2026-03-29T08:11:23.555+0000] {subprocess.py:106} INFO - [0m08:11:23  [[33mWARNING[0m]: Configuration paths exist in your dbt_project.yml file which do not apply to any resources.
[2026-03-29T08:11:23.556+0000] {subprocess.py:106} INFO - There are 1 unused configuration paths:
[2026-03-29T08:11:23.556+0000] {subprocess.py:106} INFO - - models.trans_snowf.example
[2026-03-29T08:11:23.656+0000] {subprocess.py:106} INFO - [0m08:11:23  Found 14 models, 3 sources, 522 macros
[2026-03-29T08:11:23.657+0000] {subprocess.py:106} INFO - [0m08:11:23
[2026-03-29T08:11:23.657+0000] {subprocess.py:106} INFO - [0m08:11:23  Concurrency: 1 threads (target='dev')
[2026-03-29T08:11:23.658+0000] {subprocess.py:106} INFO - [0m08:11:23
[2026-03-29T08:11:34.732+0000] {local_task_job_runner.py:124} ERROR - Received SIGTERM. Terminating subprocesses
[2026-03-29T08:11:34.735+0000] {process_utils.py:132} INFO - Sending 15 to group 18759. PIDs of all processes in the group: [18760, 18772, 18759]
[2026-03-29T08:11:34.736+0000] {process_utils.py:87} INFO - Sending the signal 15 to group 18759
[2026-03-29T08:11:34.737+0000] {taskinstance.py:2611} ERROR - Received SIGTERM. Terminating subprocesses.
[2026-03-29T08:11:34.741+0000] {subprocess.py:117} INFO - Sending SIGTERM signal to process group
[2026-03-29T08:11:34.745+0000] {taskinstance.py:441} INFO - ::group::Post task execution logs
[2026-03-29T08:11:34.775+0000] {taskinstance.py:2905} ERROR - Task failed with exception
Traceback (most recent call last):
  File "/home/airflow/.local/lib/python3.12/site-packages/airflow/models/taskinstance.py", line 465, in _execute_task
    result = _execute_callable(context=context, **execute_callable_kwargs)
             ^^^^^^^^^^^^^^^^^^^^^^^^^^^^^^^^^^^^^^^^^^^^^^^^^^^^^^^^^^^^^
  File "/home/airflow/.local/lib/python3.12/site-packages/airflow/models/taskinstance.py", line 432, in _execute_callable
    return execute_callable(context=context, **execute_callable_kwargs)
           ^^^^^^^^^^^^^^^^^^^^^^^^^^^^^^^^^^^^^^^^^^^^^^^^^^^^^^^^^^^^
  File "/home/airflow/.local/lib/python3.12/site-packages/airflow/models/baseoperator.py", line 401, in wrapper
    return func(self, *args, **kwargs)
           ^^^^^^^^^^^^^^^^^^^^^^^^^^^
  File "/home/airflow/.local/lib/python3.12/site-packages/airflow/providers/standard/operators/bash.py", line 226, in execute
    result = self._run_inline_command(bash_path=bash_path, env=env)
             ^^^^^^^^^^^^^^^^^^^^^^^^^^^^^^^^^^^^^^^^^^^^^^^^^^^^^^
  File "/home/airflow/.local/lib/python3.12/site-packages/airflow/providers/standard/operators/bash.py", line 241, in _run_inline_command
    return self.subprocess_hook.run_command(
           ^^^^^^^^^^^^^^^^^^^^^^^^^^^^^^^^^
  File "/home/airflow/.local/lib/python3.12/site-packages/airflow/providers/standard/hooks/subprocess.py", line 104, in run_command
    for raw_line in iter(self.sub_process.stdout.readline, b""):
  File "/home/airflow/.local/lib/python3.12/site-packages/airflow/models/taskinstance.py", line 2613, in signal_handler
    raise AirflowTaskTerminated("Task received SIGTERM signal")
airflow.exceptions.AirflowTaskTerminated: Task received SIGTERM signal
[2026-03-29T08:11:34.789+0000] {taskinstance.py:1206} INFO - Marking task as FAILED. dag_id=banking_01_bronze_layer, task_id=build_bronze_acc, run_id=scheduled__2026-03-29T07:30:00+00:00, execution_date=20260329T073000, start_date=20260329T081121, end_date=20260329T081134
[2026-03-29T08:11:34.794+0000] {process_utils.py:80} INFO - Process psutil.Process(pid=18772, status='terminated', started='08:11:23') (18772) terminated with exit code None
[2026-03-29T08:11:34.840+0000] {process_utils.py:80} INFO - Process psutil.Process(pid=18759, status='terminated', exitcode=2, started='08:11:20') (18759) terminated with exit code 2
[2026-03-29T08:11:34.841+0000] {process_utils.py:80} INFO - Process psutil.Process(pid=18760, status='terminated', started='08:11:20') (18760) terminated with exit code None
[2026-03-29T08:11:34.842+0000] {local_task_job_runner.py:243} INFO - Task exited with return code 143
[2026-03-29T08:11:34.856+0000] {taskinstance.py:3503} INFO - 0 downstream tasks scheduled from follow-on schedule check
