[2026-03-28T04:27:09.832+0000] {local_task_job_runner.py:120} INFO - ::group::Pre task execution logs
[2026-03-28T04:27:09.864+0000] {taskinstance.py:2076} INFO - Dependencies all met for dep_context=non-requeueable deps ti=<TaskInstance: transfer_from_minio_to_snowflake_customers.create_raw scheduled__2026-03-28T04:26:00+00:00 [queued]>
[2026-03-28T04:27:09.868+0000] {taskinstance.py:2076} INFO - Dependencies all met for dep_context=requeueable deps ti=<TaskInstance: transfer_from_minio_to_snowflake_customers.create_raw scheduled__2026-03-28T04:26:00+00:00 [queued]>
[2026-03-28T04:27:09.868+0000] {taskinstance.py:2306} INFO - Starting attempt 1 of 3
[2026-03-28T04:27:09.876+0000] {taskinstance.py:2330} INFO - Executing <Task(SQLExecuteQueryOperator): create_raw> on 2026-03-28 04:26:00+00:00
[2026-03-28T04:27:09.882+0000] {standard_task_runner.py:90} INFO - Running: ['***', 'tasks', 'run', 'transfer_from_minio_to_snowflake_customers', 'create_raw', 'scheduled__2026-03-28T04:26:00+00:00', '--job-id', '6246', '--raw', '--subdir', 'DAGS_FOLDER/transfer.py', '--cfg-path', '/tmp/tmphmaau79q']
[2026-03-28T04:27:09.884+0000] {logging_mixin.py:188} WARNING - /home/***/.local/lib/python3.12/site-packages/***/task/task_runner/standard_task_runner.py:62 DeprecationWarning: This process (pid=54429) is multi-threaded, use of fork() may lead to deadlocks in the child.
[2026-03-28T04:27:09.885+0000] {standard_task_runner.py:64} INFO - Started process 54441 to run task
[2026-03-28T04:27:09.885+0000] {standard_task_runner.py:91} INFO - Job 6246: Subtask create_raw
[2026-03-28T04:27:09.922+0000] {task_command.py:426} INFO - Running <TaskInstance: transfer_from_minio_to_snowflake_customers.create_raw scheduled__2026-03-28T04:26:00+00:00 [running]> on host c990dffe13ae
[2026-03-28T04:27:10.105+0000] {taskinstance.py:2648} INFO - Exporting env vars: AIRFLOW_CTX_DAG_OWNER='***' AIRFLOW_CTX_DAG_ID='transfer_from_minio_to_snowflake_customers' AIRFLOW_CTX_TASK_ID='create_raw' AIRFLOW_CTX_EXECUTION_DATE='2026-03-28T04:26:00+00:00' AIRFLOW_CTX_TRY_NUMBER='1' AIRFLOW_CTX_DAG_RUN_ID='scheduled__2026-03-28T04:26:00+00:00'
[2026-03-28T04:27:10.106+0000] {taskinstance.py:430} INFO - ::endgroup::
[2026-03-28T04:27:10.106+0000] {sql.py:282} INFO - Executing:  CREATE TABLE IF NOT EXISTS RAW_CUSTOMERS (
                    raw_json VARIANT,
                    inserted_at TIMESTAMP_NTZ DEFAULT CURRENT_TIMESTAMP());
                  
[2026-03-28T04:27:10.112+0000] {base.py:84} INFO - Using connection ID 'warehouse_id' for task execution.
[2026-03-28T04:27:10.150+0000] {base.py:84} INFO - Using connection ID 'warehouse_id' for task execution.
[2026-03-28T04:27:10.188+0000] {connection.py:613} INFO - Snowflake Connector for Python Version: 4.3.0, Python Version: 3.12.4, Platform: Linux-6.12.76-linuxkit-aarch64-with-glibc2.36
[2026-03-28T04:27:10.189+0000] {connection.py:1709} INFO - Connecting to GLOBAL Snowflake domain
[2026-03-28T04:27:12.566+0000] {connectionpool.py:868} WARNING - Retrying (Retry(total=0, connect=None, read=None, redirect=None, status=None)) after connection broken by 'NameResolutionError("HTTPSConnection(host='bbmcdsp-ct02489.snowflakecomputing.com', port=443): Failed to resolve 'bbmcdsp-ct02489.snowflakecomputing.com' ([Errno -2] Name or service not known)")': /session/v1/login-request?request_id=0f6a69d3-8708-499b-ae30-db1ca2106e90&databaseName=BANKING&schemaName=PUBLIC&warehouse=COMPUTE_WH&roleName=***&request_guid=29ab4e21-ae2c-44aa-b54d-a56479434e25
[2026-03-28T04:27:13.690+0000] {connectionpool.py:868} WARNING - Retrying (Retry(total=0, connect=None, read=None, redirect=None, status=None)) after connection broken by 'NameResolutionError("HTTPSConnection(host='bbmcdsp-ct02489.snowflakecomputing.com', port=443): Failed to resolve 'bbmcdsp-ct02489.snowflakecomputing.com' ([Errno -2] Name or service not known)")': /session/v1/login-request?request_id=3c20dba6-42ea-488f-a4a7-61a5a1ec52a3&databaseName=BANKING&schemaName=PUBLIC&warehouse=COMPUTE_WH&roleName=***&request_guid=56b114eb-a83f-4aca-a70e-2f33b540d849
[2026-03-28T04:27:13.763+0000] {connectionpool.py:868} WARNING - Retrying (Retry(total=0, connect=None, read=None, redirect=None, status=None)) after connection broken by 'NameResolutionError("HTTPSConnection(host='bbmcdsp-ct02489.snowflakecomputing.com', port=443): Failed to resolve 'bbmcdsp-ct02489.snowflakecomputing.com' ([Errno -2] Name or service not known)")': /session/v1/login-request?request_id=6d73f011-4b0e-4b92-b0d5-13c53b611509&databaseName=BANKING&schemaName=PUBLIC&warehouse=COMPUTE_WH&roleName=***&request_guid=70ba9dd5-49cc-4a7b-9a2b-c2626964c2f2
[2026-03-28T04:27:17.865+0000] {connectionpool.py:868} WARNING - Retrying (Retry(total=0, connect=None, read=None, redirect=None, status=None)) after connection broken by 'NameResolutionError("HTTPSConnection(host='bbmcdsp-ct02489.snowflakecomputing.com', port=443): Failed to resolve 'bbmcdsp-ct02489.snowflakecomputing.com' ([Errno -2] Name or service not known)")': /session/v1/login-request?request_id=703773f1-00d1-49b7-a488-46449d32f3c6&databaseName=BANKING&schemaName=PUBLIC&warehouse=COMPUTE_WH&roleName=***&request_guid=73244c78-bbc3-44f3-9b0b-3e87b03b3285
[2026-03-28T04:27:17.923+0000] {connectionpool.py:868} WARNING - Retrying (Retry(total=0, connect=None, read=None, redirect=None, status=None)) after connection broken by 'NameResolutionError("HTTPSConnection(host='bbmcdsp-ct02489.snowflakecomputing.com', port=443): Failed to resolve 'bbmcdsp-ct02489.snowflakecomputing.com' ([Errno -2] Name or service not known)")': /session/v1/login-request?request_id=a34974b5-e1cc-49cc-a82f-d51a5051787f&databaseName=BANKING&schemaName=PUBLIC&warehouse=COMPUTE_WH&roleName=***&request_guid=db454032-354a-46cc-b8f8-4c64e05474af
[2026-03-28T04:27:25.022+0000] {connectionpool.py:868} WARNING - Retrying (Retry(total=0, connect=None, read=None, redirect=None, status=None)) after connection broken by 'NameResolutionError("HTTPSConnection(host='bbmcdsp-ct02489.snowflakecomputing.com', port=443): Failed to resolve 'bbmcdsp-ct02489.snowflakecomputing.com' ([Errno -2] Name or service not known)")': /session/v1/login-request?request_id=d35942dc-bc17-4d56-a1ba-63f49f6b8e15&databaseName=BANKING&schemaName=PUBLIC&warehouse=COMPUTE_WH&roleName=***&request_guid=d12c26f3-6c04-48e3-b60f-91425a1302df
[2026-03-28T04:52:40.477+0000] {connectionpool.py:868} WARNING - Retrying (Retry(total=0, connect=None, read=None, redirect=None, status=None)) after connection broken by 'NameResolutionError("HTTPSConnection(host='bbmcdsp-ct02489.snowflakecomputing.com', port=443): Failed to resolve 'bbmcdsp-ct02489.snowflakecomputing.com' ([Errno -2] Name or service not known)")': /session/v1/login-request?request_id=17bd40aa-392f-4ce4-aea0-54393d106d5e&databaseName=BANKING&schemaName=PUBLIC&warehouse=COMPUTE_WH&roleName=***&request_guid=408b5507-d631-4bde-9552-a1c3d3ae8b32
[2026-03-28T04:52:40.482+0000] {taskinstance.py:441} INFO - ::group::Post task execution logs
[2026-03-28T04:52:40.484+0000] {taskinstance.py:2905} ERROR - Task failed with exception
Traceback (most recent call last):
  File "/home/airflow/.local/lib/python3.12/site-packages/snowflake/connector/vendored/urllib3/connection.py", line 204, in _new_conn
    sock = connection.create_connection(
           ^^^^^^^^^^^^^^^^^^^^^^^^^^^^^
  File "/home/airflow/.local/lib/python3.12/site-packages/snowflake/connector/vendored/urllib3/util/connection.py", line 60, in create_connection
    for res in socket.getaddrinfo(host, port, family, socket.SOCK_STREAM):
               ^^^^^^^^^^^^^^^^^^^^^^^^^^^^^^^^^^^^^^^^^^^^^^^^^^^^^^^^^^
  File "/usr/local/lib/python3.12/socket.py", line 964, in getaddrinfo
    for res in _socket.getaddrinfo(host, port, family, type, proto, flags):
               ^^^^^^^^^^^^^^^^^^^^^^^^^^^^^^^^^^^^^^^^^^^^^^^^^^^^^^^^^^^
socket.gaierror: [Errno -2] Name or service not known

The above exception was the direct cause of the following exception:

Traceback (most recent call last):
  File "/home/airflow/.local/lib/python3.12/site-packages/snowflake/connector/vendored/urllib3/connectionpool.py", line 787, in urlopen
    response = self._make_request(
               ^^^^^^^^^^^^^^^^^^^
  File "/home/airflow/.local/lib/python3.12/site-packages/snowflake/connector/vendored/urllib3/connectionpool.py", line 488, in _make_request
    raise new_e
  File "/home/airflow/.local/lib/python3.12/site-packages/snowflake/connector/vendored/urllib3/connectionpool.py", line 464, in _make_request
    self._validate_conn(conn)
  File "/home/airflow/.local/lib/python3.12/site-packages/snowflake/connector/vendored/urllib3/connectionpool.py", line 1093, in _validate_conn
    conn.connect()
  File "/home/airflow/.local/lib/python3.12/site-packages/snowflake/connector/vendored/urllib3/connection.py", line 768, in connect
    self.sock = sock = self._new_conn()
                       ^^^^^^^^^^^^^^^^
  File "/home/airflow/.local/lib/python3.12/site-packages/snowflake/connector/vendored/urllib3/connection.py", line 211, in _new_conn
    raise NameResolutionError(self.host, self, e) from e
snowflake.connector.vendored.urllib3.exceptions.NameResolutionError: HTTPSConnection(host='bbmcdsp-ct02489.snowflakecomputing.com', port=443): Failed to resolve 'bbmcdsp-ct02489.snowflakecomputing.com' ([Errno -2] Name or service not known)

The above exception was the direct cause of the following exception:

Traceback (most recent call last):
  File "/home/airflow/.local/lib/python3.12/site-packages/snowflake/connector/vendored/requests/adapters.py", line 644, in send
    resp = conn.urlopen(
           ^^^^^^^^^^^^^
  File "/home/airflow/.local/lib/python3.12/site-packages/snowflake/connector/vendored/urllib3/connectionpool.py", line 871, in urlopen
    return self.urlopen(
           ^^^^^^^^^^^^^
  File "/home/airflow/.local/lib/python3.12/site-packages/snowflake/connector/vendored/urllib3/connectionpool.py", line 841, in urlopen
    retries = retries.increment(
              ^^^^^^^^^^^^^^^^^^
  File "/home/airflow/.local/lib/python3.12/site-packages/snowflake/connector/vendored/urllib3/util/retry.py", line 535, in increment
    raise MaxRetryError(_pool, url, reason) from reason  # type: ignore[arg-type]
    ^^^^^^^^^^^^^^^^^^^^^^^^^^^^^^^^^^^^^^^^^^^^^^^^^^^
snowflake.connector.vendored.urllib3.exceptions.MaxRetryError: HTTPSConnectionPool(host='bbmcdsp-ct02489.snowflakecomputing.com', port=443): Max retries exceeded with url: /session/v1/login-request?request_id=0f6a69d3-8708-499b-ae30-db1ca2106e90&databaseName=BANKING&schemaName=PUBLIC&warehouse=COMPUTE_WH&roleName=***&request_guid=29ab4e21-ae2c-44aa-b54d-a56479434e25 (Caused by NameResolutionError("HTTPSConnection(host='bbmcdsp-ct02489.snowflakecomputing.com', port=443): Failed to resolve 'bbmcdsp-ct02489.snowflakecomputing.com' ([Errno -2] Name or service not known)"))

During handling of the above exception, another exception occurred:

Traceback (most recent call last):
  File "/home/airflow/.local/lib/python3.12/site-packages/snowflake/connector/network.py", line 1109, in _request_exec
    raw_ret = session.request(
              ^^^^^^^^^^^^^^^^
  File "/home/airflow/.local/lib/python3.12/site-packages/snowflake/connector/vendored/requests/sessions.py", line 589, in request
    resp = self.send(prep, **send_kwargs)
           ^^^^^^^^^^^^^^^^^^^^^^^^^^^^^^
  File "/home/airflow/.local/lib/python3.12/site-packages/snowflake/connector/vendored/requests/sessions.py", line 703, in send
    r = adapter.send(request, **kwargs)
        ^^^^^^^^^^^^^^^^^^^^^^^^^^^^^^^
  File "/home/airflow/.local/lib/python3.12/site-packages/snowflake/connector/vendored/requests/adapters.py", line 677, in send
    raise ConnectionError(e, request=request)
snowflake.connector.vendored.requests.exceptions.ConnectionError: HTTPSConnectionPool(host='bbmcdsp-ct02489.snowflakecomputing.com', port=443): Max retries exceeded with url: /session/v1/login-request?request_id=0f6a69d3-8708-499b-ae30-db1ca2106e90&databaseName=BANKING&schemaName=PUBLIC&warehouse=COMPUTE_WH&roleName=***&request_guid=29ab4e21-ae2c-44aa-b54d-a56479434e25 (Caused by NameResolutionError("HTTPSConnection(host='bbmcdsp-ct02489.snowflakecomputing.com', port=443): Failed to resolve 'bbmcdsp-ct02489.snowflakecomputing.com' ([Errno -2] Name or service not known)"))

During handling of the above exception, another exception occurred:

Traceback (most recent call last):
  File "/home/airflow/.local/lib/python3.12/site-packages/snowflake/connector/connection.py", line 1984, in _authenticate
    auth.authenticate(
  File "/home/airflow/.local/lib/python3.12/site-packages/snowflake/connector/auth/_auth.py", line 273, in authenticate
    ret = self._rest._post_request(
          ^^^^^^^^^^^^^^^^^^^^^^^^^
  File "/home/airflow/.local/lib/python3.12/site-packages/snowflake/connector/network.py", line 754, in _post_request
    ret = self.fetch(
          ^^^^^^^^^^^
  File "/home/airflow/.local/lib/python3.12/site-packages/snowflake/connector/network.py", line 873, in fetch
    ret = self._request_exec_wrapper(
          ^^^^^^^^^^^^^^^^^^^^^^^^^^^
  File "/home/airflow/.local/lib/python3.12/site-packages/snowflake/connector/network.py", line 1014, in _request_exec_wrapper
    raise e
  File "/home/airflow/.local/lib/python3.12/site-packages/snowflake/connector/network.py", line 924, in _request_exec_wrapper
    return_object = self._request_exec(
                    ^^^^^^^^^^^^^^^^^^^
  File "/home/airflow/.local/lib/python3.12/site-packages/snowflake/connector/network.py", line 1209, in _request_exec
    raise OperationalError(
snowflake.connector.errors.OperationalError: 251011: 251011: ConnectionTimeout occurred during login. Will be handled by authenticator

The above exception was the direct cause of the following exception:

Traceback (most recent call last):
  File "/home/airflow/.local/lib/python3.12/site-packages/airflow/models/taskinstance.py", line 465, in _execute_task
    result = _execute_callable(context=context, **execute_callable_kwargs)
             ^^^^^^^^^^^^^^^^^^^^^^^^^^^^^^^^^^^^^^^^^^^^^^^^^^^^^^^^^^^^^
  File "/home/airflow/.local/lib/python3.12/site-packages/airflow/models/taskinstance.py", line 432, in _execute_callable
    return execute_callable(context=context, **execute_callable_kwargs)
           ^^^^^^^^^^^^^^^^^^^^^^^^^^^^^^^^^^^^^^^^^^^^^^^^^^^^^^^^^^^^
  File "/home/airflow/.local/lib/python3.12/site-packages/airflow/models/baseoperator.py", line 401, in wrapper
    return func(self, *args, **kwargs)
           ^^^^^^^^^^^^^^^^^^^^^^^^^^^
  File "/home/airflow/.local/lib/python3.12/site-packages/airflow/providers/common/sql/operators/sql.py", line 288, in execute
    output = hook.run(
             ^^^^^^^^^
  File "/home/airflow/.local/lib/python3.12/site-packages/airflow/providers/snowflake/hooks/snowflake.py", line 404, in run
    with closing(self.get_conn()) as conn:
                 ^^^^^^^^^^^^^^^
  File "/home/airflow/.local/lib/python3.12/site-packages/airflow/providers/snowflake/hooks/snowflake.py", line 300, in get_conn
    conn = connector.connect(**conn_config)
           ^^^^^^^^^^^^^^^^^^^^^^^^^^^^^^^^
  File "/home/airflow/.local/lib/python3.12/site-packages/snowflake/connector/__init__.py", line 64, in Connect
    return SnowflakeConnection(**kwargs)
           ^^^^^^^^^^^^^^^^^^^^^^^^^^^^^
  File "/home/airflow/.local/lib/python3.12/site-packages/snowflake/connector/connection.py", line 681, in __init__
    self.connect(**kwargs)
  File "/home/airflow/.local/lib/python3.12/site-packages/snowflake/connector/connection.py", line 1177, in connect
    self.__open_connection()
  File "/home/airflow/.local/lib/python3.12/site-packages/snowflake/connector/connection.py", line 1616, in __open_connection
    self.authenticate_with_retry(self.auth_class)
  File "/home/airflow/.local/lib/python3.12/site-packages/snowflake/connector/connection.py", line 1952, in authenticate_with_retry
    self._authenticate(auth_instance)
  File "/home/airflow/.local/lib/python3.12/site-packages/snowflake/connector/connection.py", line 2030, in _authenticate
    raise auth_op from e
  File "/home/airflow/.local/lib/python3.12/site-packages/snowflake/connector/connection.py", line 2005, in _authenticate
    auth_instance.handle_timeout(
  File "/home/airflow/.local/lib/python3.12/site-packages/snowflake/connector/auth/keypair.py", line 209, in handle_timeout
    super().handle_timeout(
  File "/home/airflow/.local/lib/python3.12/site-packages/snowflake/connector/auth/by_plugin.py", line 212, in handle_timeout
    raise error
snowflake.connector.errors.OperationalError: 250001: 250001: Could not connect to Snowflake backend after 7 attempt(s).Aborting
[2026-03-28T04:52:40.509+0000] {taskinstance.py:1206} INFO - Marking task as UP_FOR_RETRY. dag_id=transfer_from_minio_to_snowflake_customers, task_id=create_raw, run_id=scheduled__2026-03-28T04:26:00+00:00, execution_date=20260328T042600, start_date=20260328T042709, end_date=20260328T045240
[2026-03-28T04:52:40.527+0000] {standard_task_runner.py:110} ERROR - Failed to execute job 6246 for task create_raw (250001: 250001: Could not connect to Snowflake backend after 7 attempt(s).Aborting; 54441)
[2026-03-28T04:52:40.554+0000] {local_task_job_runner.py:243} INFO - Task exited with return code 1
[2026-03-28T04:52:40.578+0000] {taskinstance.py:3503} INFO - 0 downstream tasks scheduled from follow-on schedule check
[2026-03-28T04:52:40.580+0000] {local_task_job_runner.py:222} INFO - ::endgroup::
