[2026-03-27T10:05:18.144+0000] {local_task_job_runner.py:120} INFO - ::group::Pre task execution logs
[2026-03-27T10:05:18.160+0000] {taskinstance.py:2076} INFO - Dependencies all met for dep_context=non-requeueable deps ti=<TaskInstance: transfer_from_minio_to_snowflake_accounts.create_stage scheduled__2026-03-27T10:04:00+00:00 [queued]>
[2026-03-27T10:05:18.164+0000] {taskinstance.py:2076} INFO - Dependencies all met for dep_context=requeueable deps ti=<TaskInstance: transfer_from_minio_to_snowflake_accounts.create_stage scheduled__2026-03-27T10:04:00+00:00 [queued]>
[2026-03-27T10:05:18.164+0000] {taskinstance.py:2306} INFO - Starting attempt 1 of 3
[2026-03-27T10:05:18.169+0000] {taskinstance.py:2330} INFO - Executing <Task(SQLExecuteQueryOperator): create_stage> on 2026-03-27 10:04:00+00:00
[2026-03-27T10:05:18.173+0000] {standard_task_runner.py:90} INFO - Running: ['***', 'tasks', 'run', 'transfer_from_minio_to_snowflake_accounts', 'create_stage', 'scheduled__2026-03-27T10:04:00+00:00', '--job-id', '4505', '--raw', '--subdir', 'DAGS_FOLDER/transfer.py', '--cfg-path', '/tmp/tmpp8ggt8m9']
[2026-03-27T10:05:18.176+0000] {standard_task_runner.py:91} INFO - Job 4505: Subtask create_stage
[2026-03-27T10:05:18.175+0000] {logging_mixin.py:188} WARNING - /home/***/.local/lib/python3.12/site-packages/***/task/task_runner/standard_task_runner.py:62 DeprecationWarning: This process (pid=20242) is multi-threaded, use of fork() may lead to deadlocks in the child.
[2026-03-27T10:05:18.176+0000] {standard_task_runner.py:64} INFO - Started process 20254 to run task
[2026-03-27T10:05:18.213+0000] {task_command.py:426} INFO - Running <TaskInstance: transfer_from_minio_to_snowflake_accounts.create_stage scheduled__2026-03-27T10:04:00+00:00 [running]> on host c990dffe13ae
[2026-03-27T10:05:18.399+0000] {taskinstance.py:2648} INFO - Exporting env vars: AIRFLOW_CTX_DAG_OWNER='***' AIRFLOW_CTX_DAG_ID='transfer_from_minio_to_snowflake_accounts' AIRFLOW_CTX_TASK_ID='create_stage' AIRFLOW_CTX_EXECUTION_DATE='2026-03-27T10:04:00+00:00' AIRFLOW_CTX_TRY_NUMBER='1' AIRFLOW_CTX_DAG_RUN_ID='scheduled__2026-03-27T10:04:00+00:00'
[2026-03-27T10:05:18.400+0000] {taskinstance.py:430} INFO - ::endgroup::
[2026-03-27T10:05:18.400+0000] {sql.py:282} INFO - Executing:  CREATE STAGE IF NOT EXISTS incoming  
                 URL = 's3://de-project-banking-pipeline-dev-2/accounts'
                 STORAGE_INTEGRATION = my_s3_integration
                 FILE_FORMAT = (TYPE = 'JSON'); 
[2026-03-27T10:05:18.406+0000] {base.py:84} INFO - Using connection ID 'warehouse_id' for task execution.
[2026-03-27T10:05:18.437+0000] {base.py:84} INFO - Using connection ID 'warehouse_id' for task execution.
[2026-03-27T10:05:18.476+0000] {connection.py:613} INFO - Snowflake Connector for Python Version: 4.3.0, Python Version: 3.12.4, Platform: Linux-6.12.76-linuxkit-aarch64-with-glibc2.36
[2026-03-27T10:05:18.476+0000] {connection.py:1709} INFO - Connecting to GLOBAL Snowflake domain
[2026-03-27T10:05:20.091+0000] {sql.py:495} INFO - Running statement: CREATE STAGE IF NOT EXISTS incoming  
                 URL = 's3://de-project-banking-pipeline-dev-2/accounts'
                 STORAGE_INTEGRATION = my_s3_integration
                 FILE_FORMAT = (TYPE = 'JSON');, parameters: None
[2026-03-27T10:05:20.299+0000] {sql.py:504} INFO - Rows affected: 1
[2026-03-27T10:05:20.301+0000] {snowflake.py:422} INFO - Rows affected: 1
[2026-03-27T10:05:20.301+0000] {snowflake.py:423} INFO - Snowflake query id: 01c34e3d-3202-8282-0014-90e6000460e6
[2026-03-27T10:05:20.686+0000] {taskinstance.py:441} INFO - ::group::Post task execution logs
[2026-03-27T10:05:20.729+0000] {taskinstance.py:1206} INFO - Marking task as SUCCESS. dag_id=transfer_from_minio_to_snowflake_accounts, task_id=create_stage, run_id=scheduled__2026-03-27T10:04:00+00:00, execution_date=20260327T100400, start_date=20260327T100518, end_date=20260327T100520
[2026-03-27T10:05:20.774+0000] {local_task_job_runner.py:243} INFO - Task exited with return code 0
[2026-03-27T10:05:20.805+0000] {taskinstance.py:3503} INFO - 1 downstream tasks scheduled from follow-on schedule check
[2026-03-27T10:05:20.806+0000] {local_task_job_runner.py:222} INFO - ::endgroup::
