[2026-03-31T00:24:33.285+0000] {local_task_job_runner.py:120} INFO - ::group::Pre task execution logs
[2026-03-31T00:24:33.301+0000] {taskinstance.py:2076} INFO - Dependencies all met for dep_context=non-requeueable deps ti=<TaskInstance: banking_01_bronze_layer.build_bronze_trans manual__2026-03-31T00:23:48.187527+00:00 [queued]>
[2026-03-31T00:24:33.304+0000] {taskinstance.py:2076} INFO - Dependencies all met for dep_context=requeueable deps ti=<TaskInstance: banking_01_bronze_layer.build_bronze_trans manual__2026-03-31T00:23:48.187527+00:00 [queued]>
[2026-03-31T00:24:33.304+0000] {taskinstance.py:2306} INFO - Starting attempt 1 of 2
[2026-03-31T00:24:33.313+0000] {taskinstance.py:2330} INFO - Executing <Task(BashOperator): build_bronze_trans> on 2026-03-31 00:23:48.187527+00:00
[2026-03-31T00:24:33.317+0000] {standard_task_runner.py:64} INFO - Started process 41525 to run task
[2026-03-31T00:24:33.321+0000] {standard_task_runner.py:90} INFO - Running: ['***', 'tasks', 'run', 'banking_01_bronze_layer', 'build_bronze_trans', 'manual__2026-03-31T00:23:48.187527+00:00', '--job-id', '9539', '--raw', '--subdir', 'DAGS_FOLDER/dbt.py', '--cfg-path', '/tmp/tmpody6mmym']
[2026-03-31T00:24:33.322+0000] {standard_task_runner.py:91} INFO - Job 9539: Subtask build_bronze_trans
[2026-03-31T00:24:33.354+0000] {task_command.py:426} INFO - Running <TaskInstance: banking_01_bronze_layer.build_bronze_trans manual__2026-03-31T00:23:48.187527+00:00 [running]> on host c990dffe13ae
[2026-03-31T00:24:33.398+0000] {taskinstance.py:2648} INFO - Exporting env vars: AIRFLOW_CTX_DAG_OWNER='risheek' AIRFLOW_CTX_DAG_ID='banking_01_bronze_layer' AIRFLOW_CTX_TASK_ID='build_bronze_trans' AIRFLOW_CTX_EXECUTION_DATE='2026-03-31T00:23:48.187527+00:00' AIRFLOW_CTX_TRY_NUMBER='1' AIRFLOW_CTX_DAG_RUN_ID='manual__2026-03-31T00:23:48.187527+00:00'
[2026-03-31T00:24:33.398+0000] {taskinstance.py:430} INFO - ::endgroup::
[2026-03-31T00:24:33.399+0000] {subprocess.py:78} INFO - Tmp dir root location: /tmp
[2026-03-31T00:24:33.399+0000] {subprocess.py:88} INFO - Running command: ['/usr/bin/bash', '-c', 'dbt build --select bronze_trans']
[2026-03-31T00:24:33.403+0000] {subprocess.py:99} INFO - Output:
[2026-03-31T00:24:34.711+0000] {subprocess.py:106} INFO - [0m00:24:34  Running with dbt=1.11.7
[2026-03-31T00:24:35.262+0000] {subprocess.py:106} INFO - [0m00:24:35  Registered adapter: snowflake=1.11.3
[2026-03-31T00:24:35.425+0000] {subprocess.py:106} INFO - [0m00:24:35  [[33mWARNING[0m]: Configuration paths exist in your dbt_project.yml file which do not apply to any resources.
[2026-03-31T00:24:35.426+0000] {subprocess.py:106} INFO - There are 1 unused configuration paths:
[2026-03-31T00:24:35.427+0000] {subprocess.py:106} INFO - - models.trans_snowf.example
[2026-03-31T00:24:35.547+0000] {subprocess.py:106} INFO - [0m00:24:35  Found 14 models, 3 sources, 522 macros
[2026-03-31T00:24:35.548+0000] {subprocess.py:106} INFO - [0m00:24:35
[2026-03-31T00:24:35.548+0000] {subprocess.py:106} INFO - [0m00:24:35  Concurrency: 1 threads (target='dev')
[2026-03-31T00:24:35.549+0000] {subprocess.py:106} INFO - [0m00:24:35
[2026-03-31T00:24:37.157+0000] {subprocess.py:106} INFO - [0m00:24:37  1 of 1 START sql incremental model PUBLIC_BRONZE.bronze_trans .................. [RUN]
[2026-03-31T00:24:39.322+0000] {subprocess.py:106} INFO - [0m00:24:39  1 of 1 OK created sql incremental model PUBLIC_BRONZE.bronze_trans ............. [[32mSUCCESS 0[0m in 2.16s]
[2026-03-31T00:24:39.577+0000] {subprocess.py:106} INFO - [0m00:24:39
[2026-03-31T00:24:39.578+0000] {subprocess.py:106} INFO - [0m00:24:39  Finished running 1 incremental model in 0 hours 0 minutes and 4.03 seconds (4.03s).
[2026-03-31T00:24:39.635+0000] {subprocess.py:106} INFO - [0m00:24:39
[2026-03-31T00:24:39.636+0000] {subprocess.py:106} INFO - [0m00:24:39  [32mCompleted successfully[0m
[2026-03-31T00:24:39.636+0000] {subprocess.py:106} INFO - [0m00:24:39
[2026-03-31T00:24:39.637+0000] {subprocess.py:106} INFO - [0m00:24:39  Done. PASS=1 WARN=0 ERROR=0 SKIP=0 NO-OP=0 TOTAL=1
[2026-03-31T00:24:41.427+0000] {subprocess.py:110} INFO - Command exited with return code 0
[2026-03-31T00:24:41.429+0000] {taskinstance.py:441} INFO - ::group::Post task execution logs
[2026-03-31T00:24:41.458+0000] {taskinstance.py:1206} INFO - Marking task as SUCCESS. dag_id=banking_01_bronze_layer, task_id=build_bronze_trans, run_id=manual__2026-03-31T00:23:48.187527+00:00, execution_date=20260331T002348, start_date=20260331T002433, end_date=20260331T002441
[2026-03-31T00:24:41.496+0000] {local_task_job_runner.py:243} INFO - Task exited with return code 0
[2026-03-31T00:24:41.509+0000] {taskinstance.py:3503} INFO - 0 downstream tasks scheduled from follow-on schedule check
[2026-03-31T00:24:41.509+0000] {local_task_job_runner.py:222} INFO - ::endgroup::
