[2026-03-29T03:52:07.767+0000] {local_task_job_runner.py:120} INFO - ::group::Pre task execution logs
[2026-03-29T03:52:07.783+0000] {taskinstance.py:2076} INFO - Dependencies all met for dep_context=non-requeueable deps ti=<TaskInstance: banking_01_bronze_layer.debug scheduled__2026-03-29T03:00:00+00:00 [queued]>
[2026-03-29T03:52:07.786+0000] {taskinstance.py:2076} INFO - Dependencies all met for dep_context=requeueable deps ti=<TaskInstance: banking_01_bronze_layer.debug scheduled__2026-03-29T03:00:00+00:00 [queued]>
[2026-03-29T03:52:07.787+0000] {taskinstance.py:2306} INFO - Starting attempt 1 of 2
[2026-03-29T03:52:07.792+0000] {taskinstance.py:2330} INFO - Executing <Task(BashOperator): debug> on 2026-03-29 03:00:00+00:00
[2026-03-29T03:52:07.796+0000] {standard_task_runner.py:64} INFO - Started process 16156 to run task
[2026-03-29T03:52:07.798+0000] {standard_task_runner.py:90} INFO - Running: ['***', 'tasks', 'run', 'banking_01_bronze_layer', 'debug', 'scheduled__2026-03-29T03:00:00+00:00', '--job-id', '7083', '--raw', '--subdir', 'DAGS_FOLDER/dbt.py', '--cfg-path', '/tmp/tmpxk4ctcdb']
[2026-03-29T03:52:07.800+0000] {standard_task_runner.py:91} INFO - Job 7083: Subtask debug
[2026-03-29T03:52:07.828+0000] {task_command.py:426} INFO - Running <TaskInstance: banking_01_bronze_layer.debug scheduled__2026-03-29T03:00:00+00:00 [running]> on host c990dffe13ae
[2026-03-29T03:52:07.871+0000] {taskinstance.py:2648} INFO - Exporting env vars: AIRFLOW_CTX_DAG_OWNER='risheek' AIRFLOW_CTX_DAG_ID='banking_01_bronze_layer' AIRFLOW_CTX_TASK_ID='debug' AIRFLOW_CTX_EXECUTION_DATE='2026-03-29T03:00:00+00:00' AIRFLOW_CTX_TRY_NUMBER='1' AIRFLOW_CTX_DAG_RUN_ID='scheduled__2026-03-29T03:00:00+00:00'
[2026-03-29T03:52:07.872+0000] {taskinstance.py:430} INFO - ::endgroup::
[2026-03-29T03:52:07.872+0000] {subprocess.py:78} INFO - Tmp dir root location: /tmp
[2026-03-29T03:52:07.873+0000] {subprocess.py:88} INFO - Running command: ['/usr/bin/bash', '-c', 'dbt debug --profiles-dir /opt/***/dbt/trans_snowf']
[2026-03-29T03:52:07.876+0000] {subprocess.py:99} INFO - Output:
[2026-03-29T03:52:09.233+0000] {subprocess.py:106} INFO - [0m03:52:09  Running with dbt=1.11.7
[2026-03-29T03:52:09.239+0000] {subprocess.py:106} INFO - [0m03:52:09  dbt version: 1.11.7
[2026-03-29T03:52:09.239+0000] {subprocess.py:106} INFO - [0m03:52:09  python version: 3.12.4
[2026-03-29T03:52:09.240+0000] {subprocess.py:106} INFO - [0m03:52:09  python path: /home/***/.local/bin/python
[2026-03-29T03:52:09.240+0000] {subprocess.py:106} INFO - [0m03:52:09  os info: Linux-6.12.76-linuxkit-aarch64-with-glibc2.36
[2026-03-29T03:52:09.655+0000] {subprocess.py:106} INFO - [0m03:52:09  Using profiles dir at /opt/***/dbt/trans_snowf
[2026-03-29T03:52:09.656+0000] {subprocess.py:106} INFO - [0m03:52:09  Using profiles.yml file at /opt/***/dbt/trans_snowf/profiles.yml
[2026-03-29T03:52:09.656+0000] {subprocess.py:106} INFO - [0m03:52:09  Using dbt_project.yml file at /opt/***/dbt/trans_snowf/dbt_project.yml
[2026-03-29T03:52:09.657+0000] {subprocess.py:106} INFO - [0m03:52:09  adapter type: snowflake
[2026-03-29T03:52:09.657+0000] {subprocess.py:106} INFO - [0m03:52:09  adapter version: 1.11.3
[2026-03-29T03:52:09.717+0000] {subprocess.py:106} INFO - [0m03:52:09  Configuration:
[2026-03-29T03:52:09.718+0000] {subprocess.py:106} INFO - [0m03:52:09    profiles.yml file [[32mOK found and valid[0m]
[2026-03-29T03:52:09.718+0000] {subprocess.py:106} INFO - [0m03:52:09    dbt_project.yml file [[32mOK found and valid[0m]
[2026-03-29T03:52:09.719+0000] {subprocess.py:106} INFO - [0m03:52:09  Required dependencies:
[2026-03-29T03:52:09.720+0000] {subprocess.py:106} INFO - [0m03:52:09   - git [[31mERROR[0m]
[2026-03-29T03:52:09.720+0000] {subprocess.py:106} INFO - 
[2026-03-29T03:52:09.720+0000] {subprocess.py:106} INFO - [0m03:52:09  Connection:
[2026-03-29T03:52:09.720+0000] {subprocess.py:106} INFO - [0m03:52:09    account: BBMCDSP-CT02489
[2026-03-29T03:52:09.721+0000] {subprocess.py:106} INFO - [0m03:52:09    user: user123
[2026-03-29T03:52:09.721+0000] {subprocess.py:106} INFO - [0m03:52:09    database: BANKING
[2026-03-29T03:52:09.721+0000] {subprocess.py:106} INFO - [0m03:52:09    warehouse: COMPUTE_WH
[2026-03-29T03:52:09.722+0000] {subprocess.py:106} INFO - [0m03:52:09    role: dbtadmin
[2026-03-29T03:52:09.722+0000] {subprocess.py:106} INFO - [0m03:52:09    schema: PUBLIC
[2026-03-29T03:52:09.722+0000] {subprocess.py:106} INFO - [0m03:52:09    authenticator: None
[2026-03-29T03:52:09.723+0000] {subprocess.py:106} INFO - [0m03:52:09    oauth_client_id: None
[2026-03-29T03:52:09.723+0000] {subprocess.py:106} INFO - [0m03:52:09    query_tag: None
[2026-03-29T03:52:09.723+0000] {subprocess.py:106} INFO - [0m03:52:09    client_session_keep_alive: False
[2026-03-29T03:52:09.724+0000] {subprocess.py:106} INFO - [0m03:52:09    host: None
[2026-03-29T03:52:09.724+0000] {subprocess.py:106} INFO - [0m03:52:09    port: None
[2026-03-29T03:52:09.724+0000] {subprocess.py:106} INFO - [0m03:52:09    proxy_host: None
[2026-03-29T03:52:09.725+0000] {subprocess.py:106} INFO - [0m03:52:09    proxy_port: None
[2026-03-29T03:52:09.725+0000] {subprocess.py:106} INFO - [0m03:52:09    protocol: None
[2026-03-29T03:52:09.725+0000] {subprocess.py:106} INFO - [0m03:52:09    connect_retries: 1
[2026-03-29T03:52:09.726+0000] {subprocess.py:106} INFO - [0m03:52:09    connect_timeout: None
[2026-03-29T03:52:09.726+0000] {subprocess.py:106} INFO - [0m03:52:09    retry_on_database_errors: False
[2026-03-29T03:52:09.726+0000] {subprocess.py:106} INFO - [0m03:52:09    retry_all: False
[2026-03-29T03:52:09.727+0000] {subprocess.py:106} INFO - [0m03:52:09    insecure_mode: False
[2026-03-29T03:52:09.727+0000] {subprocess.py:106} INFO - [0m03:52:09    reuse_connections: True
[2026-03-29T03:52:09.727+0000] {subprocess.py:106} INFO - [0m03:52:09    s3_stage_vpce_dns_name: None
[2026-03-29T03:52:09.728+0000] {subprocess.py:106} INFO - [0m03:52:09    platform_detection_timeout_seconds: 0.0
[2026-03-29T03:52:09.728+0000] {subprocess.py:106} INFO - [0m03:52:09  Registered adapter: snowflake=1.11.3
[2026-03-29T03:52:13.613+0000] {subprocess.py:106} INFO - [0m03:52:13    Connection test: [[32mOK connection ok[0m]
[2026-03-29T03:52:13.616+0000] {subprocess.py:106} INFO - 
[2026-03-29T03:52:13.616+0000] {subprocess.py:106} INFO - [0m03:52:13  [31m1 check failed:[0m
[2026-03-29T03:52:13.617+0000] {subprocess.py:106} INFO - [0m03:52:13  Error from git --help: Could not find command, ensure it is in the user's PATH: "git"
[2026-03-29T03:52:13.618+0000] {subprocess.py:106} INFO - 
[2026-03-29T03:52:15.680+0000] {subprocess.py:110} INFO - Command exited with return code 1
[2026-03-29T03:52:15.681+0000] {taskinstance.py:441} INFO - ::group::Post task execution logs
[2026-03-29T03:52:15.696+0000] {taskinstance.py:2905} ERROR - Task failed with exception
Traceback (most recent call last):
  File "/home/airflow/.local/lib/python3.12/site-packages/airflow/models/taskinstance.py", line 465, in _execute_task
    result = _execute_callable(context=context, **execute_callable_kwargs)
             ^^^^^^^^^^^^^^^^^^^^^^^^^^^^^^^^^^^^^^^^^^^^^^^^^^^^^^^^^^^^^
  File "/home/airflow/.local/lib/python3.12/site-packages/airflow/models/taskinstance.py", line 432, in _execute_callable
    return execute_callable(context=context, **execute_callable_kwargs)
           ^^^^^^^^^^^^^^^^^^^^^^^^^^^^^^^^^^^^^^^^^^^^^^^^^^^^^^^^^^^^
  File "/home/airflow/.local/lib/python3.12/site-packages/airflow/models/baseoperator.py", line 401, in wrapper
    return func(self, *args, **kwargs)
           ^^^^^^^^^^^^^^^^^^^^^^^^^^^
  File "/home/airflow/.local/lib/python3.12/site-packages/airflow/providers/standard/operators/bash.py", line 233, in execute
    raise AirflowException(
airflow.exceptions.AirflowException: Bash command failed. The command returned a non-zero exit code 1.
[2026-03-29T03:52:15.700+0000] {taskinstance.py:1206} INFO - Marking task as UP_FOR_RETRY. dag_id=banking_01_bronze_layer, task_id=debug, run_id=scheduled__2026-03-29T03:00:00+00:00, execution_date=20260329T030000, start_date=20260329T035207, end_date=20260329T035215
[2026-03-29T03:52:15.711+0000] {standard_task_runner.py:110} ERROR - Failed to execute job 7083 for task debug (Bash command failed. The command returned a non-zero exit code 1.; 16156)
[2026-03-29T03:52:15.719+0000] {local_task_job_runner.py:243} INFO - Task exited with return code 1
[2026-03-29T03:52:15.736+0000] {taskinstance.py:3503} INFO - 0 downstream tasks scheduled from follow-on schedule check
[2026-03-29T03:52:15.736+0000] {local_task_job_runner.py:222} INFO - ::endgroup::
