[2026-03-29T04:04:41.601+0000] {local_task_job_runner.py:120} INFO - ::group::Pre task execution logs
[2026-03-29T04:04:41.617+0000] {taskinstance.py:2076} INFO - Dependencies all met for dep_context=non-requeueable deps ti=<TaskInstance: banking_01_bronze_layer.debug scheduled__2026-03-29T03:00:00+00:00 [queued]>
[2026-03-29T04:04:41.620+0000] {taskinstance.py:2076} INFO - Dependencies all met for dep_context=requeueable deps ti=<TaskInstance: banking_01_bronze_layer.debug scheduled__2026-03-29T03:00:00+00:00 [queued]>
[2026-03-29T04:04:41.620+0000] {taskinstance.py:2306} INFO - Starting attempt 2 of 2
[2026-03-29T04:04:41.626+0000] {taskinstance.py:2330} INFO - Executing <Task(BashOperator): debug> on 2026-03-29 03:00:00+00:00
[2026-03-29T04:04:41.628+0000] {standard_task_runner.py:64} INFO - Started process 16317 to run task
[2026-03-29T04:04:41.629+0000] {standard_task_runner.py:90} INFO - Running: ['***', 'tasks', 'run', 'banking_01_bronze_layer', 'debug', 'scheduled__2026-03-29T03:00:00+00:00', '--job-id', '7089', '--raw', '--subdir', 'DAGS_FOLDER/dbt.py', '--cfg-path', '/tmp/tmpparocaq_']
[2026-03-29T04:04:41.630+0000] {standard_task_runner.py:91} INFO - Job 7089: Subtask debug
[2026-03-29T04:04:41.656+0000] {task_command.py:426} INFO - Running <TaskInstance: banking_01_bronze_layer.debug scheduled__2026-03-29T03:00:00+00:00 [running]> on host c990dffe13ae
[2026-03-29T04:04:41.698+0000] {taskinstance.py:2648} INFO - Exporting env vars: AIRFLOW_CTX_DAG_OWNER='risheek' AIRFLOW_CTX_DAG_ID='banking_01_bronze_layer' AIRFLOW_CTX_TASK_ID='debug' AIRFLOW_CTX_EXECUTION_DATE='2026-03-29T03:00:00+00:00' AIRFLOW_CTX_TRY_NUMBER='2' AIRFLOW_CTX_DAG_RUN_ID='scheduled__2026-03-29T03:00:00+00:00'
[2026-03-29T04:04:41.698+0000] {taskinstance.py:430} INFO - ::endgroup::
[2026-03-29T04:04:41.699+0000] {subprocess.py:78} INFO - Tmp dir root location: /tmp
[2026-03-29T04:04:41.699+0000] {subprocess.py:88} INFO - Running command: ['/usr/bin/bash', '-c', 'dbt debug --profiles-dir /opt/***/dbt/trans_snowf']
[2026-03-29T04:04:41.702+0000] {subprocess.py:99} INFO - Output:
[2026-03-29T04:04:42.910+0000] {subprocess.py:106} INFO - [0m04:04:42  Running with dbt=1.11.7
[2026-03-29T04:04:42.915+0000] {subprocess.py:106} INFO - [0m04:04:42  dbt version: 1.11.7
[2026-03-29T04:04:42.916+0000] {subprocess.py:106} INFO - [0m04:04:42  python version: 3.12.4
[2026-03-29T04:04:42.916+0000] {subprocess.py:106} INFO - [0m04:04:42  python path: /home/***/.local/bin/python
[2026-03-29T04:04:42.917+0000] {subprocess.py:106} INFO - [0m04:04:42  os info: Linux-6.12.76-linuxkit-aarch64-with-glibc2.36
[2026-03-29T04:04:43.329+0000] {subprocess.py:106} INFO - [0m04:04:43  Using profiles dir at /opt/***/dbt/trans_snowf
[2026-03-29T04:04:43.330+0000] {subprocess.py:106} INFO - [0m04:04:43  Using profiles.yml file at /opt/***/dbt/trans_snowf/profiles.yml
[2026-03-29T04:04:43.330+0000] {subprocess.py:106} INFO - [0m04:04:43  Using dbt_project.yml file at /opt/***/dbt/trans_snowf/dbt_project.yml
[2026-03-29T04:04:43.331+0000] {subprocess.py:106} INFO - [0m04:04:43  adapter type: snowflake
[2026-03-29T04:04:43.331+0000] {subprocess.py:106} INFO - [0m04:04:43  adapter version: 1.11.3
[2026-03-29T04:04:43.383+0000] {subprocess.py:106} INFO - [0m04:04:43  Configuration:
[2026-03-29T04:04:43.384+0000] {subprocess.py:106} INFO - [0m04:04:43    profiles.yml file [[32mOK found and valid[0m]
[2026-03-29T04:04:43.384+0000] {subprocess.py:106} INFO - [0m04:04:43    dbt_project.yml file [[32mOK found and valid[0m]
[2026-03-29T04:04:43.384+0000] {subprocess.py:106} INFO - [0m04:04:43  Required dependencies:
[2026-03-29T04:04:43.385+0000] {subprocess.py:106} INFO - [0m04:04:43   - git [[31mERROR[0m]
[2026-03-29T04:04:43.385+0000] {subprocess.py:106} INFO - 
[2026-03-29T04:04:43.386+0000] {subprocess.py:106} INFO - [0m04:04:43  Connection:
[2026-03-29T04:04:43.386+0000] {subprocess.py:106} INFO - [0m04:04:43    account: BBMCDSP-CT02489
[2026-03-29T04:04:43.386+0000] {subprocess.py:106} INFO - [0m04:04:43    user: user123
[2026-03-29T04:04:43.387+0000] {subprocess.py:106} INFO - [0m04:04:43    database: BANKING
[2026-03-29T04:04:43.387+0000] {subprocess.py:106} INFO - [0m04:04:43    warehouse: COMPUTE_WH
[2026-03-29T04:04:43.387+0000] {subprocess.py:106} INFO - [0m04:04:43    role: dbtadmin
[2026-03-29T04:04:43.388+0000] {subprocess.py:106} INFO - [0m04:04:43    schema: PUBLIC
[2026-03-29T04:04:43.388+0000] {subprocess.py:106} INFO - [0m04:04:43    authenticator: None
[2026-03-29T04:04:43.388+0000] {subprocess.py:106} INFO - [0m04:04:43    oauth_client_id: None
[2026-03-29T04:04:43.389+0000] {subprocess.py:106} INFO - [0m04:04:43    query_tag: None
[2026-03-29T04:04:43.389+0000] {subprocess.py:106} INFO - [0m04:04:43    client_session_keep_alive: False
[2026-03-29T04:04:43.389+0000] {subprocess.py:106} INFO - [0m04:04:43    host: None
[2026-03-29T04:04:43.390+0000] {subprocess.py:106} INFO - [0m04:04:43    port: None
[2026-03-29T04:04:43.390+0000] {subprocess.py:106} INFO - [0m04:04:43    proxy_host: None
[2026-03-29T04:04:43.390+0000] {subprocess.py:106} INFO - [0m04:04:43    proxy_port: None
[2026-03-29T04:04:43.391+0000] {subprocess.py:106} INFO - [0m04:04:43    protocol: None
[2026-03-29T04:04:43.391+0000] {subprocess.py:106} INFO - [0m04:04:43    connect_retries: 1
[2026-03-29T04:04:43.391+0000] {subprocess.py:106} INFO - [0m04:04:43    connect_timeout: None
[2026-03-29T04:04:43.391+0000] {subprocess.py:106} INFO - [0m04:04:43    retry_on_database_errors: False
[2026-03-29T04:04:43.392+0000] {subprocess.py:106} INFO - [0m04:04:43    retry_all: False
[2026-03-29T04:04:43.392+0000] {subprocess.py:106} INFO - [0m04:04:43    insecure_mode: False
[2026-03-29T04:04:43.392+0000] {subprocess.py:106} INFO - [0m04:04:43    reuse_connections: True
[2026-03-29T04:04:43.392+0000] {subprocess.py:106} INFO - [0m04:04:43    s3_stage_vpce_dns_name: None
[2026-03-29T04:04:43.393+0000] {subprocess.py:106} INFO - [0m04:04:43    platform_detection_timeout_seconds: 0.0
[2026-03-29T04:04:43.393+0000] {subprocess.py:106} INFO - [0m04:04:43  Registered adapter: snowflake=1.11.3
[2026-03-29T04:04:44.150+0000] {subprocess.py:106} INFO - [0m04:04:44    Connection test: [[32mOK connection ok[0m]
[2026-03-29T04:04:44.152+0000] {subprocess.py:106} INFO - 
[2026-03-29T04:04:44.152+0000] {subprocess.py:106} INFO - [0m04:04:44  [31m1 check failed:[0m
[2026-03-29T04:04:44.153+0000] {subprocess.py:106} INFO - [0m04:04:44  Error from git --help: Could not find command, ensure it is in the user's PATH: "git"
[2026-03-29T04:04:44.154+0000] {subprocess.py:106} INFO - 
[2026-03-29T04:04:45.977+0000] {subprocess.py:110} INFO - Command exited with return code 1
[2026-03-29T04:04:45.978+0000] {taskinstance.py:441} INFO - ::group::Post task execution logs
[2026-03-29T04:04:45.989+0000] {taskinstance.py:2905} ERROR - Task failed with exception
Traceback (most recent call last):
  File "/home/airflow/.local/lib/python3.12/site-packages/airflow/models/taskinstance.py", line 465, in _execute_task
    result = _execute_callable(context=context, **execute_callable_kwargs)
             ^^^^^^^^^^^^^^^^^^^^^^^^^^^^^^^^^^^^^^^^^^^^^^^^^^^^^^^^^^^^^
  File "/home/airflow/.local/lib/python3.12/site-packages/airflow/models/taskinstance.py", line 432, in _execute_callable
    return execute_callable(context=context, **execute_callable_kwargs)
           ^^^^^^^^^^^^^^^^^^^^^^^^^^^^^^^^^^^^^^^^^^^^^^^^^^^^^^^^^^^^
  File "/home/airflow/.local/lib/python3.12/site-packages/airflow/models/baseoperator.py", line 401, in wrapper
    return func(self, *args, **kwargs)
           ^^^^^^^^^^^^^^^^^^^^^^^^^^^
  File "/home/airflow/.local/lib/python3.12/site-packages/airflow/providers/standard/operators/bash.py", line 233, in execute
    raise AirflowException(
airflow.exceptions.AirflowException: Bash command failed. The command returned a non-zero exit code 1.
[2026-03-29T04:04:45.993+0000] {taskinstance.py:1206} INFO - Marking task as FAILED. dag_id=banking_01_bronze_layer, task_id=debug, run_id=scheduled__2026-03-29T03:00:00+00:00, execution_date=20260329T030000, start_date=20260329T040441, end_date=20260329T040445
[2026-03-29T04:04:46.003+0000] {standard_task_runner.py:110} ERROR - Failed to execute job 7089 for task debug (Bash command failed. The command returned a non-zero exit code 1.; 16317)
[2026-03-29T04:04:46.042+0000] {local_task_job_runner.py:243} INFO - Task exited with return code 1
[2026-03-29T04:04:46.057+0000] {taskinstance.py:3503} INFO - 0 downstream tasks scheduled from follow-on schedule check
[2026-03-29T04:04:46.058+0000] {local_task_job_runner.py:222} INFO - ::endgroup::
