[2026-03-29T12:19:24.011+0000] {local_task_job_runner.py:120} INFO - ::group::Pre task execution logs
[2026-03-29T12:19:24.028+0000] {taskinstance.py:2076} INFO - Dependencies all met for dep_context=non-requeueable deps ti=<TaskInstance: banking_01_bronze_layer.debug scheduled__2026-03-29T11:30:00+00:00 [queued]>
[2026-03-29T12:19:24.034+0000] {taskinstance.py:2076} INFO - Dependencies all met for dep_context=requeueable deps ti=<TaskInstance: banking_01_bronze_layer.debug scheduled__2026-03-29T11:30:00+00:00 [queued]>
[2026-03-29T12:19:24.034+0000] {taskinstance.py:2306} INFO - Starting attempt 2 of 2
[2026-03-29T12:19:24.047+0000] {taskinstance.py:2330} INFO - Executing <Task(BashOperator): debug> on 2026-03-29 11:30:00+00:00
[2026-03-29T12:19:24.050+0000] {standard_task_runner.py:64} INFO - Started process 1604 to run task
[2026-03-29T12:19:24.052+0000] {standard_task_runner.py:90} INFO - Running: ['***', 'tasks', 'run', 'banking_01_bronze_layer', 'debug', 'scheduled__2026-03-29T11:30:00+00:00', '--job-id', '7230', '--raw', '--subdir', 'DAGS_FOLDER/dbt.py', '--cfg-path', '/tmp/tmpttgh2ukv']
[2026-03-29T12:19:24.054+0000] {standard_task_runner.py:91} INFO - Job 7230: Subtask debug
[2026-03-29T12:19:24.088+0000] {task_command.py:426} INFO - Running <TaskInstance: banking_01_bronze_layer.debug scheduled__2026-03-29T11:30:00+00:00 [running]> on host c990dffe13ae
[2026-03-29T12:19:24.133+0000] {taskinstance.py:2648} INFO - Exporting env vars: AIRFLOW_CTX_DAG_OWNER='risheek' AIRFLOW_CTX_DAG_ID='banking_01_bronze_layer' AIRFLOW_CTX_TASK_ID='debug' AIRFLOW_CTX_EXECUTION_DATE='2026-03-29T11:30:00+00:00' AIRFLOW_CTX_TRY_NUMBER='2' AIRFLOW_CTX_DAG_RUN_ID='scheduled__2026-03-29T11:30:00+00:00'
[2026-03-29T12:19:24.134+0000] {taskinstance.py:430} INFO - ::endgroup::
[2026-03-29T12:19:24.134+0000] {subprocess.py:78} INFO - Tmp dir root location: /tmp
[2026-03-29T12:19:24.135+0000] {subprocess.py:88} INFO - Running command: ['/usr/bin/bash', '-c', 'dbt debug --profiles-dir /opt/***/dbt/trans_snowf']
[2026-03-29T12:19:24.139+0000] {subprocess.py:99} INFO - Output:
[2026-03-29T12:19:25.366+0000] {subprocess.py:106} INFO - [0m12:19:25  Running with dbt=1.11.7
[2026-03-29T12:19:25.372+0000] {subprocess.py:106} INFO - [0m12:19:25  dbt version: 1.11.7
[2026-03-29T12:19:25.372+0000] {subprocess.py:106} INFO - [0m12:19:25  python version: 3.12.4
[2026-03-29T12:19:25.373+0000] {subprocess.py:106} INFO - [0m12:19:25  python path: /home/***/.local/bin/python
[2026-03-29T12:19:25.373+0000] {subprocess.py:106} INFO - [0m12:19:25  os info: Linux-6.12.76-linuxkit-aarch64-with-glibc2.36
[2026-03-29T12:19:25.794+0000] {subprocess.py:106} INFO - [0m12:19:25  Using profiles dir at /opt/***/dbt/trans_snowf
[2026-03-29T12:19:25.795+0000] {subprocess.py:106} INFO - [0m12:19:25  Using profiles.yml file at /opt/***/dbt/trans_snowf/profiles.yml
[2026-03-29T12:19:25.795+0000] {subprocess.py:106} INFO - [0m12:19:25  Using dbt_project.yml file at /opt/***/dbt/trans_snowf/dbt_project.yml
[2026-03-29T12:19:25.796+0000] {subprocess.py:106} INFO - [0m12:19:25  adapter type: snowflake
[2026-03-29T12:19:25.796+0000] {subprocess.py:106} INFO - [0m12:19:25  adapter version: 1.11.3
[2026-03-29T12:19:25.847+0000] {subprocess.py:106} INFO - [0m12:19:25  Configuration:
[2026-03-29T12:19:25.848+0000] {subprocess.py:106} INFO - [0m12:19:25    profiles.yml file [[32mOK found and valid[0m]
[2026-03-29T12:19:25.848+0000] {subprocess.py:106} INFO - [0m12:19:25    dbt_project.yml file [[32mOK found and valid[0m]
[2026-03-29T12:19:25.849+0000] {subprocess.py:106} INFO - [0m12:19:25  Required dependencies:
[2026-03-29T12:19:25.850+0000] {subprocess.py:106} INFO - [0m12:19:25   - git [[31mERROR[0m]
[2026-03-29T12:19:25.850+0000] {subprocess.py:106} INFO - 
[2026-03-29T12:19:25.850+0000] {subprocess.py:106} INFO - [0m12:19:25  Connection:
[2026-03-29T12:19:25.850+0000] {subprocess.py:106} INFO - [0m12:19:25    account: BBMCDSP-CT02489
[2026-03-29T12:19:25.851+0000] {subprocess.py:106} INFO - [0m12:19:25    user: user123
[2026-03-29T12:19:25.851+0000] {subprocess.py:106} INFO - [0m12:19:25    database: BANKING
[2026-03-29T12:19:25.852+0000] {subprocess.py:106} INFO - [0m12:19:25    warehouse: COMPUTE_WH
[2026-03-29T12:19:25.852+0000] {subprocess.py:106} INFO - [0m12:19:25    role: dbtadmin
[2026-03-29T12:19:25.853+0000] {subprocess.py:106} INFO - [0m12:19:25    schema: PUBLIC
[2026-03-29T12:19:25.853+0000] {subprocess.py:106} INFO - [0m12:19:25    authenticator: None
[2026-03-29T12:19:25.853+0000] {subprocess.py:106} INFO - [0m12:19:25    oauth_client_id: None
[2026-03-29T12:19:25.854+0000] {subprocess.py:106} INFO - [0m12:19:25    query_tag: None
[2026-03-29T12:19:25.854+0000] {subprocess.py:106} INFO - [0m12:19:25    client_session_keep_alive: False
[2026-03-29T12:19:25.854+0000] {subprocess.py:106} INFO - [0m12:19:25    host: None
[2026-03-29T12:19:25.855+0000] {subprocess.py:106} INFO - [0m12:19:25    port: None
[2026-03-29T12:19:25.855+0000] {subprocess.py:106} INFO - [0m12:19:25    proxy_host: None
[2026-03-29T12:19:25.855+0000] {subprocess.py:106} INFO - [0m12:19:25    proxy_port: None
[2026-03-29T12:19:25.855+0000] {subprocess.py:106} INFO - [0m12:19:25    protocol: None
[2026-03-29T12:19:25.856+0000] {subprocess.py:106} INFO - [0m12:19:25    connect_retries: 1
[2026-03-29T12:19:25.856+0000] {subprocess.py:106} INFO - [0m12:19:25    connect_timeout: None
[2026-03-29T12:19:25.856+0000] {subprocess.py:106} INFO - [0m12:19:25    retry_on_database_errors: False
[2026-03-29T12:19:25.857+0000] {subprocess.py:106} INFO - [0m12:19:25    retry_all: False
[2026-03-29T12:19:25.857+0000] {subprocess.py:106} INFO - [0m12:19:25    insecure_mode: False
[2026-03-29T12:19:25.857+0000] {subprocess.py:106} INFO - [0m12:19:25    reuse_connections: True
[2026-03-29T12:19:25.858+0000] {subprocess.py:106} INFO - [0m12:19:25    s3_stage_vpce_dns_name: None
[2026-03-29T12:19:25.858+0000] {subprocess.py:106} INFO - [0m12:19:25    platform_detection_timeout_seconds: 0.0
[2026-03-29T12:19:25.858+0000] {subprocess.py:106} INFO - [0m12:19:25  Registered adapter: snowflake=1.11.3
[2026-03-29T12:19:26.867+0000] {subprocess.py:106} INFO - [0m12:19:26    Connection test: [[32mOK connection ok[0m]
[2026-03-29T12:19:26.868+0000] {subprocess.py:106} INFO - 
[2026-03-29T12:19:26.868+0000] {subprocess.py:106} INFO - [0m12:19:26  [31m1 check failed:[0m
[2026-03-29T12:19:26.869+0000] {subprocess.py:106} INFO - [0m12:19:26  Error from git --help: Could not find command, ensure it is in the user's PATH: "git"
[2026-03-29T12:19:26.869+0000] {subprocess.py:106} INFO - 
[2026-03-29T12:19:29.129+0000] {subprocess.py:110} INFO - Command exited with return code 1
[2026-03-29T12:19:29.130+0000] {taskinstance.py:441} INFO - ::group::Post task execution logs
[2026-03-29T12:19:29.136+0000] {taskinstance.py:2905} ERROR - Task failed with exception
Traceback (most recent call last):
  File "/home/airflow/.local/lib/python3.12/site-packages/airflow/models/taskinstance.py", line 465, in _execute_task
    result = _execute_callable(context=context, **execute_callable_kwargs)
             ^^^^^^^^^^^^^^^^^^^^^^^^^^^^^^^^^^^^^^^^^^^^^^^^^^^^^^^^^^^^^
  File "/home/airflow/.local/lib/python3.12/site-packages/airflow/models/taskinstance.py", line 432, in _execute_callable
    return execute_callable(context=context, **execute_callable_kwargs)
           ^^^^^^^^^^^^^^^^^^^^^^^^^^^^^^^^^^^^^^^^^^^^^^^^^^^^^^^^^^^^
  File "/home/airflow/.local/lib/python3.12/site-packages/airflow/models/baseoperator.py", line 401, in wrapper
    return func(self, *args, **kwargs)
           ^^^^^^^^^^^^^^^^^^^^^^^^^^^
  File "/home/airflow/.local/lib/python3.12/site-packages/airflow/providers/standard/operators/bash.py", line 233, in execute
    raise AirflowException(
airflow.exceptions.AirflowException: Bash command failed. The command returned a non-zero exit code 1.
[2026-03-29T12:19:29.138+0000] {taskinstance.py:1206} INFO - Marking task as FAILED. dag_id=banking_01_bronze_layer, task_id=debug, run_id=scheduled__2026-03-29T11:30:00+00:00, execution_date=20260329T113000, start_date=20260329T121924, end_date=20260329T121929
[2026-03-29T12:19:29.146+0000] {standard_task_runner.py:110} ERROR - Failed to execute job 7230 for task debug (Bash command failed. The command returned a non-zero exit code 1.; 1604)
[2026-03-29T12:19:29.167+0000] {local_task_job_runner.py:243} INFO - Task exited with return code 1
[2026-03-29T12:19:29.176+0000] {taskinstance.py:3503} INFO - 0 downstream tasks scheduled from follow-on schedule check
[2026-03-29T12:19:29.177+0000] {local_task_job_runner.py:222} INFO - ::endgroup::
