[2026-03-28T03:37:36.332+0000] {local_task_job_runner.py:120} INFO - ::group::Pre task execution logs
[2026-03-28T03:37:36.350+0000] {taskinstance.py:2076} INFO - Dependencies all met for dep_context=non-requeueable deps ti=<TaskInstance: banking_01_bronze_layer.build_bronze_acc scheduled__2026-03-28T02:30:00+00:00 [queued]>
[2026-03-28T03:37:36.354+0000] {taskinstance.py:2076} INFO - Dependencies all met for dep_context=requeueable deps ti=<TaskInstance: banking_01_bronze_layer.build_bronze_acc scheduled__2026-03-28T02:30:00+00:00 [queued]>
[2026-03-28T03:37:36.354+0000] {taskinstance.py:2306} INFO - Starting attempt 1 of 2
[2026-03-28T03:37:36.360+0000] {taskinstance.py:2330} INFO - Executing <Task(BashOperator): build_bronze_acc> on 2026-03-28 02:30:00+00:00
[2026-03-28T03:37:36.364+0000] {standard_task_runner.py:64} INFO - Started process 44971 to run task
[2026-03-28T03:37:36.367+0000] {standard_task_runner.py:90} INFO - Running: ['***', 'tasks', 'run', 'banking_01_bronze_layer', 'build_bronze_acc', 'scheduled__2026-03-28T02:30:00+00:00', '--job-id', '5760', '--raw', '--subdir', 'DAGS_FOLDER/dbt.py', '--cfg-path', '/tmp/tmp82keeqmf']
[2026-03-28T03:37:36.368+0000] {standard_task_runner.py:91} INFO - Job 5760: Subtask build_bronze_acc
[2026-03-28T03:37:36.394+0000] {task_command.py:426} INFO - Running <TaskInstance: banking_01_bronze_layer.build_bronze_acc scheduled__2026-03-28T02:30:00+00:00 [running]> on host c990dffe13ae
[2026-03-28T03:37:36.437+0000] {taskinstance.py:2648} INFO - Exporting env vars: AIRFLOW_CTX_DAG_OWNER='risheek' AIRFLOW_CTX_DAG_ID='banking_01_bronze_layer' AIRFLOW_CTX_TASK_ID='build_bronze_acc' AIRFLOW_CTX_EXECUTION_DATE='2026-03-28T02:30:00+00:00' AIRFLOW_CTX_TRY_NUMBER='1' AIRFLOW_CTX_DAG_RUN_ID='scheduled__2026-03-28T02:30:00+00:00'
[2026-03-28T03:37:36.438+0000] {taskinstance.py:430} INFO - ::endgroup::
[2026-03-28T03:37:36.438+0000] {subprocess.py:78} INFO - Tmp dir root location: /tmp
[2026-03-28T03:37:36.439+0000] {subprocess.py:88} INFO - Running command: ['/usr/bin/bash', '-c', 'dbt build --select bronze_acc']
[2026-03-28T03:37:36.448+0000] {subprocess.py:99} INFO - Output:
[2026-03-28T03:37:37.842+0000] {subprocess.py:106} INFO - [0m03:37:37  Running with dbt=1.11.7
[2026-03-28T03:37:38.395+0000] {subprocess.py:106} INFO - [0m03:37:38  Registered adapter: snowflake=1.11.3
[2026-03-28T03:37:38.556+0000] {subprocess.py:106} INFO - [0m03:37:38  [[33mWARNING[0m]: Configuration paths exist in your dbt_project.yml file which do not apply to any resources.
[2026-03-28T03:37:38.557+0000] {subprocess.py:106} INFO - There are 1 unused configuration paths:
[2026-03-28T03:37:38.557+0000] {subprocess.py:106} INFO - - models.trans_snowf.example
[2026-03-28T03:37:38.654+0000] {subprocess.py:106} INFO - [0m03:37:38  Found 14 models, 3 sources, 522 macros
[2026-03-28T03:37:38.656+0000] {subprocess.py:106} INFO - [0m03:37:38
[2026-03-28T03:37:38.656+0000] {subprocess.py:106} INFO - [0m03:37:38  Concurrency: 1 threads (target='dev')
[2026-03-28T03:37:38.656+0000] {subprocess.py:106} INFO - [0m03:37:38
[2026-03-28T03:37:40.001+0000] {subprocess.py:106} INFO - [0m03:37:40
[2026-03-28T03:37:40.003+0000] {subprocess.py:106} INFO - [0m03:37:40  Finished running  in 0 hours 0 minutes and 1.34 seconds (1.34s).
[2026-03-28T03:37:40.005+0000] {subprocess.py:106} INFO - [0m03:37:40  Encountered an error:
[2026-03-28T03:37:40.006+0000] {subprocess.py:106} INFO - Database Error
[2026-03-28T03:37:40.007+0000] {subprocess.py:106} INFO -   003001 (42501): SQL access control error:
[2026-03-28T03:37:40.008+0000] {subprocess.py:106} INFO -   Insufficient privileges to operate on database 'BANKING'.
[2026-03-28T03:37:41.687+0000] {subprocess.py:110} INFO - Command exited with return code 2
[2026-03-28T03:37:41.688+0000] {taskinstance.py:441} INFO - ::group::Post task execution logs
[2026-03-28T03:37:41.702+0000] {taskinstance.py:2905} ERROR - Task failed with exception
Traceback (most recent call last):
  File "/home/airflow/.local/lib/python3.12/site-packages/airflow/models/taskinstance.py", line 465, in _execute_task
    result = _execute_callable(context=context, **execute_callable_kwargs)
             ^^^^^^^^^^^^^^^^^^^^^^^^^^^^^^^^^^^^^^^^^^^^^^^^^^^^^^^^^^^^^
  File "/home/airflow/.local/lib/python3.12/site-packages/airflow/models/taskinstance.py", line 432, in _execute_callable
    return execute_callable(context=context, **execute_callable_kwargs)
           ^^^^^^^^^^^^^^^^^^^^^^^^^^^^^^^^^^^^^^^^^^^^^^^^^^^^^^^^^^^^
  File "/home/airflow/.local/lib/python3.12/site-packages/airflow/models/baseoperator.py", line 401, in wrapper
    return func(self, *args, **kwargs)
           ^^^^^^^^^^^^^^^^^^^^^^^^^^^
  File "/home/airflow/.local/lib/python3.12/site-packages/airflow/providers/standard/operators/bash.py", line 233, in execute
    raise AirflowException(
airflow.exceptions.AirflowException: Bash command failed. The command returned a non-zero exit code 2.
[2026-03-28T03:37:41.709+0000] {taskinstance.py:1206} INFO - Marking task as UP_FOR_RETRY. dag_id=banking_01_bronze_layer, task_id=build_bronze_acc, run_id=scheduled__2026-03-28T02:30:00+00:00, execution_date=20260328T023000, start_date=20260328T033736, end_date=20260328T033741
[2026-03-28T03:37:41.725+0000] {standard_task_runner.py:110} ERROR - Failed to execute job 5760 for task build_bronze_acc (Bash command failed. The command returned a non-zero exit code 2.; 44971)
[2026-03-28T03:37:41.734+0000] {local_task_job_runner.py:243} INFO - Task exited with return code 1
[2026-03-28T03:37:41.751+0000] {taskinstance.py:3503} INFO - 0 downstream tasks scheduled from follow-on schedule check
[2026-03-28T03:37:41.752+0000] {local_task_job_runner.py:222} INFO - ::endgroup::
