[2026-03-25T15:08:30.291+0000] {local_task_job_runner.py:120} INFO - ::group::Pre task execution logs
[2026-03-25T15:08:30.307+0000] {taskinstance.py:2076} INFO - Dependencies all met for dep_context=non-requeueable deps ti=<TaskInstance: transfer_from_minio_to_snowflake_transactions.copy_json_to_variant scheduled__2026-03-25T15:07:00+00:00 [queued]>
[2026-03-25T15:08:30.311+0000] {taskinstance.py:2076} INFO - Dependencies all met for dep_context=requeueable deps ti=<TaskInstance: transfer_from_minio_to_snowflake_transactions.copy_json_to_variant scheduled__2026-03-25T15:07:00+00:00 [queued]>
[2026-03-25T15:08:30.311+0000] {taskinstance.py:2306} INFO - Starting attempt 1 of 3
[2026-03-25T15:08:30.316+0000] {taskinstance.py:2330} INFO - Executing <Task(SQLExecuteQueryOperator): copy_json_to_variant> on 2026-03-25 15:07:00+00:00
[2026-03-25T15:08:30.329+0000] {logging_mixin.py:188} WARNING - /home/***/.local/lib/python3.12/site-packages/***/task/task_runner/standard_task_runner.py:62 DeprecationWarning: This process (pid=4373) is multi-threaded, use of fork() may lead to deadlocks in the child.
[2026-03-25T15:08:30.330+0000] {standard_task_runner.py:64} INFO - Started process 4385 to run task
[2026-03-25T15:08:30.324+0000] {standard_task_runner.py:90} INFO - Running: ['***', 'tasks', 'run', 'transfer_from_minio_to_snowflake_transactions', 'copy_json_to_variant', 'scheduled__2026-03-25T15:07:00+00:00', '--job-id', '1573', '--raw', '--subdir', 'DAGS_FOLDER/transfer.py', '--cfg-path', '/tmp/tmp8znxatew']
[2026-03-25T15:08:30.331+0000] {standard_task_runner.py:91} INFO - Job 1573: Subtask copy_json_to_variant
[2026-03-25T15:08:30.364+0000] {task_command.py:426} INFO - Running <TaskInstance: transfer_from_minio_to_snowflake_transactions.copy_json_to_variant scheduled__2026-03-25T15:07:00+00:00 [running]> on host c990dffe13ae
[2026-03-25T15:08:30.541+0000] {taskinstance.py:2648} INFO - Exporting env vars: AIRFLOW_CTX_DAG_OWNER='***' AIRFLOW_CTX_DAG_ID='transfer_from_minio_to_snowflake_transactions' AIRFLOW_CTX_TASK_ID='copy_json_to_variant' AIRFLOW_CTX_EXECUTION_DATE='2026-03-25T15:07:00+00:00' AIRFLOW_CTX_TRY_NUMBER='1' AIRFLOW_CTX_DAG_RUN_ID='scheduled__2026-03-25T15:07:00+00:00'
[2026-03-25T15:08:30.542+0000] {taskinstance.py:430} INFO - ::endgroup::
[2026-03-25T15:08:30.542+0000] {sql.py:282} INFO - Executing: 
            COPY INTO RAW_TRANSACTIONS (raw_json)
            FROM @incoming
            FILE_FORMAT = (TYPE = 'JSON')
            ON_ERROR = 'CONTINUE';
        
[2026-03-25T15:08:30.548+0000] {base.py:84} INFO - Using connection ID 'warehouse_id' for task execution.
[2026-03-25T15:08:30.581+0000] {base.py:84} INFO - Using connection ID 'warehouse_id' for task execution.
[2026-03-25T15:08:30.620+0000] {connection.py:613} INFO - Snowflake Connector for Python Version: 4.3.0, Python Version: 3.12.4, Platform: Linux-6.12.76-linuxkit-aarch64-with-glibc2.36
[2026-03-25T15:08:30.621+0000] {connection.py:1709} INFO - Connecting to GLOBAL Snowflake domain
[2026-03-25T15:08:33.529+0000] {sql.py:495} INFO - Running statement: COPY INTO RAW_TRANSACTIONS (raw_json)
            FROM @incoming
            FILE_FORMAT = (TYPE = 'JSON')
            ON_ERROR = 'CONTINUE';, parameters: None
[2026-03-25T15:08:34.259+0000] {sql.py:504} INFO - Rows affected: 1
[2026-03-25T15:08:34.262+0000] {snowflake.py:422} INFO - Rows affected: 1
[2026-03-25T15:08:34.263+0000] {snowflake.py:423} INFO - Snowflake query id: 01c3442c-3202-7cb1-0014-90e60003bdae
[2026-03-25T15:08:34.698+0000] {taskinstance.py:441} INFO - ::group::Post task execution logs
[2026-03-25T15:08:34.783+0000] {taskinstance.py:1206} INFO - Marking task as SUCCESS. dag_id=transfer_from_minio_to_snowflake_transactions, task_id=copy_json_to_variant, run_id=scheduled__2026-03-25T15:07:00+00:00, execution_date=20260325T150700, start_date=20260325T150830, end_date=20260325T150834
[2026-03-25T15:08:34.840+0000] {local_task_job_runner.py:243} INFO - Task exited with return code 0
[2026-03-25T15:08:34.866+0000] {taskinstance.py:3503} INFO - 0 downstream tasks scheduled from follow-on schedule check
[2026-03-25T15:08:34.867+0000] {local_task_job_runner.py:222} INFO - ::endgroup::
