[2026-03-30T11:12:49.472+0000] {local_task_job_runner.py:120} INFO - ::group::Pre task execution logs
[2026-03-30T11:12:49.501+0000] {taskinstance.py:2076} INFO - Dependencies all met for dep_context=non-requeueable deps ti=<TaskInstance: banking_01_bronze_layer.build_bronze_trans scheduled__2026-03-30T07:30:00+00:00 [queued]>
[2026-03-30T11:12:49.507+0000] {taskinstance.py:2076} INFO - Dependencies all met for dep_context=requeueable deps ti=<TaskInstance: banking_01_bronze_layer.build_bronze_trans scheduled__2026-03-30T07:30:00+00:00 [queued]>
[2026-03-30T11:12:49.507+0000] {taskinstance.py:2306} INFO - Starting attempt 1 of 2
[2026-03-30T11:12:49.518+0000] {taskinstance.py:2330} INFO - Executing <Task(BashOperator): build_bronze_trans> on 2026-03-30 07:30:00+00:00
[2026-03-30T11:12:49.523+0000] {standard_task_runner.py:64} INFO - Started process 9239 to run task
[2026-03-30T11:12:49.530+0000] {standard_task_runner.py:90} INFO - Running: ['***', 'tasks', 'run', 'banking_01_bronze_layer', 'build_bronze_trans', 'scheduled__2026-03-30T07:30:00+00:00', '--job-id', '7943', '--raw', '--subdir', 'DAGS_FOLDER/dbt.py', '--cfg-path', '/tmp/tmpx7p_tu54']
[2026-03-30T11:12:49.533+0000] {standard_task_runner.py:91} INFO - Job 7943: Subtask build_bronze_trans
[2026-03-30T11:12:49.610+0000] {task_command.py:426} INFO - Running <TaskInstance: banking_01_bronze_layer.build_bronze_trans scheduled__2026-03-30T07:30:00+00:00 [running]> on host c990dffe13ae
[2026-03-30T11:12:49.702+0000] {taskinstance.py:2648} INFO - Exporting env vars: AIRFLOW_CTX_DAG_OWNER='risheek' AIRFLOW_CTX_DAG_ID='banking_01_bronze_layer' AIRFLOW_CTX_TASK_ID='build_bronze_trans' AIRFLOW_CTX_EXECUTION_DATE='2026-03-30T07:30:00+00:00' AIRFLOW_CTX_TRY_NUMBER='1' AIRFLOW_CTX_DAG_RUN_ID='scheduled__2026-03-30T07:30:00+00:00'
[2026-03-30T11:12:49.703+0000] {taskinstance.py:430} INFO - ::endgroup::
[2026-03-30T11:12:49.703+0000] {subprocess.py:78} INFO - Tmp dir root location: /tmp
[2026-03-30T11:12:49.704+0000] {subprocess.py:88} INFO - Running command: ['/usr/bin/bash', '-c', 'dbt build --select bronze_trans']
[2026-03-30T11:12:49.711+0000] {subprocess.py:99} INFO - Output:
[2026-03-30T11:12:51.690+0000] {subprocess.py:106} INFO - [0m11:12:51  Running with dbt=1.11.7
[2026-03-30T11:12:52.481+0000] {subprocess.py:106} INFO - [0m11:12:52  Registered adapter: snowflake=1.11.3
[2026-03-30T11:12:52.700+0000] {subprocess.py:106} INFO - [0m11:12:52  [[33mWARNING[0m]: Configuration paths exist in your dbt_project.yml file which do not apply to any resources.
[2026-03-30T11:12:52.700+0000] {subprocess.py:106} INFO - There are 1 unused configuration paths:
[2026-03-30T11:12:52.701+0000] {subprocess.py:106} INFO - - models.trans_snowf.example
[2026-03-30T11:12:52.901+0000] {subprocess.py:106} INFO - [0m11:12:52  Found 14 models, 3 sources, 522 macros
[2026-03-30T11:12:52.903+0000] {subprocess.py:106} INFO - [0m11:12:52
[2026-03-30T11:12:52.904+0000] {subprocess.py:106} INFO - [0m11:12:52  Concurrency: 1 threads (target='dev')
[2026-03-30T11:12:52.904+0000] {subprocess.py:106} INFO - [0m11:12:52
[2026-03-30T11:12:55.972+0000] {subprocess.py:106} INFO - [0m11:12:55  1 of 1 START sql incremental model PUBLIC_BRONZE.bronze_trans .................. [RUN]
[2026-03-30T11:12:59.504+0000] {subprocess.py:106} INFO - [0m11:12:59  1 of 1 OK created sql incremental model PUBLIC_BRONZE.bronze_trans ............. [[32mSUCCESS 74[0m in 3.52s]
[2026-03-30T11:13:00.347+0000] {subprocess.py:106} INFO - [0m11:13:00
[2026-03-30T11:13:00.349+0000] {subprocess.py:106} INFO - [0m11:13:00  Finished running 1 incremental model in 0 hours 0 minutes and 7.44 seconds (7.44s).
[2026-03-30T11:13:00.418+0000] {subprocess.py:106} INFO - [0m11:13:00
[2026-03-30T11:13:00.419+0000] {subprocess.py:106} INFO - [0m11:13:00  [32mCompleted successfully[0m
[2026-03-30T11:13:00.419+0000] {subprocess.py:106} INFO - [0m11:13:00
[2026-03-30T11:13:00.420+0000] {subprocess.py:106} INFO - [0m11:13:00  Done. PASS=1 WARN=0 ERROR=0 SKIP=0 NO-OP=0 TOTAL=1
[2026-03-30T11:13:03.659+0000] {subprocess.py:110} INFO - Command exited with return code 0
[2026-03-30T11:13:03.663+0000] {taskinstance.py:441} INFO - ::group::Post task execution logs
[2026-03-30T11:13:03.720+0000] {taskinstance.py:1206} INFO - Marking task as SUCCESS. dag_id=banking_01_bronze_layer, task_id=build_bronze_trans, run_id=scheduled__2026-03-30T07:30:00+00:00, execution_date=20260330T073000, start_date=20260330T111249, end_date=20260330T111303
[2026-03-30T11:13:03.762+0000] {local_task_job_runner.py:243} INFO - Task exited with return code 0
[2026-03-30T11:13:03.783+0000] {taskinstance.py:3503} INFO - 0 downstream tasks scheduled from follow-on schedule check
[2026-03-30T11:13:03.784+0000] {local_task_job_runner.py:222} INFO - ::endgroup::
