[2026-03-25T16:46:20.761+0000] {local_task_job_runner.py:120} INFO - ::group::Pre task execution logs
[2026-03-25T16:46:20.788+0000] {taskinstance.py:2076} INFO - Dependencies all met for dep_context=non-requeueable deps ti=<TaskInstance: transfer_from_minio_to_snowflake_accounts.create_stage scheduled__2026-03-25T16:45:00+00:00 [queued]>
[2026-03-25T16:46:20.793+0000] {taskinstance.py:2076} INFO - Dependencies all met for dep_context=requeueable deps ti=<TaskInstance: transfer_from_minio_to_snowflake_accounts.create_stage scheduled__2026-03-25T16:45:00+00:00 [queued]>
[2026-03-25T16:46:20.793+0000] {taskinstance.py:2306} INFO - Starting attempt 1 of 3
[2026-03-25T16:46:20.802+0000] {taskinstance.py:2330} INFO - Executing <Task(SQLExecuteQueryOperator): create_stage> on 2026-03-25 16:45:00+00:00
[2026-03-25T16:46:20.818+0000] {standard_task_runner.py:90} INFO - Running: ['***', 'tasks', 'run', 'transfer_from_minio_to_snowflake_accounts', 'create_stage', 'scheduled__2026-03-25T16:45:00+00:00', '--job-id', '2498', '--raw', '--subdir', 'DAGS_FOLDER/transfer.py', '--cfg-path', '/tmp/tmpizl1amqf']
[2026-03-25T16:46:20.823+0000] {standard_task_runner.py:91} INFO - Job 2498: Subtask create_stage
[2026-03-25T16:46:20.819+0000] {logging_mixin.py:188} WARNING - /home/***/.local/lib/python3.12/site-packages/***/task/task_runner/standard_task_runner.py:62 DeprecationWarning: This process (pid=22254) is multi-threaded, use of fork() may lead to deadlocks in the child.
[2026-03-25T16:46:20.824+0000] {standard_task_runner.py:64} INFO - Started process 22266 to run task
[2026-03-25T16:46:20.900+0000] {task_command.py:426} INFO - Running <TaskInstance: transfer_from_minio_to_snowflake_accounts.create_stage scheduled__2026-03-25T16:45:00+00:00 [running]> on host c990dffe13ae
[2026-03-25T16:46:21.420+0000] {taskinstance.py:2648} INFO - Exporting env vars: AIRFLOW_CTX_DAG_OWNER='***' AIRFLOW_CTX_DAG_ID='transfer_from_minio_to_snowflake_accounts' AIRFLOW_CTX_TASK_ID='create_stage' AIRFLOW_CTX_EXECUTION_DATE='2026-03-25T16:45:00+00:00' AIRFLOW_CTX_TRY_NUMBER='1' AIRFLOW_CTX_DAG_RUN_ID='scheduled__2026-03-25T16:45:00+00:00'
[2026-03-25T16:46:21.422+0000] {taskinstance.py:430} INFO - ::endgroup::
[2026-03-25T16:46:21.423+0000] {sql.py:282} INFO - Executing:  CREATE STAGE IF NOT EXISTS incoming  
                 URL = 's3://de-project-banking-pipeline-dev-2/accounts'
                 STORAGE_INTEGRATION = my_s3_integration
                 FILE_FORMAT = (TYPE = 'JSON'); 
[2026-03-25T16:46:21.431+0000] {base.py:84} INFO - Using connection ID 'warehouse_id' for task execution.
[2026-03-25T16:46:21.485+0000] {base.py:84} INFO - Using connection ID 'warehouse_id' for task execution.
[2026-03-25T16:46:21.544+0000] {connection.py:613} INFO - Snowflake Connector for Python Version: 4.3.0, Python Version: 3.12.4, Platform: Linux-6.12.76-linuxkit-aarch64-with-glibc2.36
[2026-03-25T16:46:21.546+0000] {connection.py:1709} INFO - Connecting to GLOBAL Snowflake domain
[2026-03-25T16:46:23.376+0000] {sql.py:495} INFO - Running statement: CREATE STAGE IF NOT EXISTS incoming  
                 URL = 's3://de-project-banking-pipeline-dev-2/accounts'
                 STORAGE_INTEGRATION = my_s3_integration
                 FILE_FORMAT = (TYPE = 'JSON');, parameters: None
[2026-03-25T16:46:23.574+0000] {sql.py:504} INFO - Rows affected: 1
[2026-03-25T16:46:23.577+0000] {snowflake.py:422} INFO - Rows affected: 1
[2026-03-25T16:46:23.578+0000] {snowflake.py:423} INFO - Snowflake query id: 01c3448e-3202-7cb1-0014-90e60003f452
[2026-03-25T16:46:24.334+0000] {taskinstance.py:441} INFO - ::group::Post task execution logs
[2026-03-25T16:46:24.393+0000] {taskinstance.py:1206} INFO - Marking task as SUCCESS. dag_id=transfer_from_minio_to_snowflake_accounts, task_id=create_stage, run_id=scheduled__2026-03-25T16:45:00+00:00, execution_date=20260325T164500, start_date=20260325T164620, end_date=20260325T164624
[2026-03-25T16:46:24.456+0000] {local_task_job_runner.py:243} INFO - Task exited with return code 0
[2026-03-25T16:46:24.556+0000] {taskinstance.py:3503} INFO - 1 downstream tasks scheduled from follow-on schedule check
[2026-03-25T16:46:24.559+0000] {local_task_job_runner.py:222} INFO - ::endgroup::
