[2026-03-27T16:27:19.988+0000] {local_task_job_runner.py:120} INFO - ::group::Pre task execution logs
[2026-03-27T16:27:20.007+0000] {taskinstance.py:2076} INFO - Dependencies all met for dep_context=non-requeueable deps ti=<TaskInstance: transfer_from_minio_to_snowflake_accounts.copy_json_to_variant scheduled__2026-03-27T13:14:00+00:00 [queued]>
[2026-03-27T16:27:20.012+0000] {taskinstance.py:2076} INFO - Dependencies all met for dep_context=requeueable deps ti=<TaskInstance: transfer_from_minio_to_snowflake_accounts.copy_json_to_variant scheduled__2026-03-27T13:14:00+00:00 [queued]>
[2026-03-27T16:27:20.012+0000] {taskinstance.py:2306} INFO - Starting attempt 1 of 3
[2026-03-27T16:27:20.018+0000] {taskinstance.py:2330} INFO - Executing <Task(SQLExecuteQueryOperator): copy_json_to_variant> on 2026-03-27 13:14:00+00:00
[2026-03-27T16:27:20.023+0000] {standard_task_runner.py:90} INFO - Running: ['***', 'tasks', 'run', 'transfer_from_minio_to_snowflake_accounts', 'copy_json_to_variant', 'scheduled__2026-03-27T13:14:00+00:00', '--job-id', '5471', '--raw', '--subdir', 'DAGS_FOLDER/transfer.py', '--cfg-path', '/tmp/tmpqgrvr5e_']
[2026-03-27T16:27:20.026+0000] {standard_task_runner.py:91} INFO - Job 5471: Subtask copy_json_to_variant
[2026-03-27T16:27:20.025+0000] {logging_mixin.py:188} WARNING - /home/***/.local/lib/python3.12/site-packages/***/task/task_runner/standard_task_runner.py:62 DeprecationWarning: This process (pid=38903) is multi-threaded, use of fork() may lead to deadlocks in the child.
[2026-03-27T16:27:20.027+0000] {standard_task_runner.py:64} INFO - Started process 38915 to run task
[2026-03-27T16:27:20.066+0000] {task_command.py:426} INFO - Running <TaskInstance: transfer_from_minio_to_snowflake_accounts.copy_json_to_variant scheduled__2026-03-27T13:14:00+00:00 [running]> on host c990dffe13ae
[2026-03-27T16:27:20.249+0000] {taskinstance.py:2648} INFO - Exporting env vars: AIRFLOW_CTX_DAG_OWNER='***' AIRFLOW_CTX_DAG_ID='transfer_from_minio_to_snowflake_accounts' AIRFLOW_CTX_TASK_ID='copy_json_to_variant' AIRFLOW_CTX_EXECUTION_DATE='2026-03-27T13:14:00+00:00' AIRFLOW_CTX_TRY_NUMBER='1' AIRFLOW_CTX_DAG_RUN_ID='scheduled__2026-03-27T13:14:00+00:00'
[2026-03-27T16:27:20.249+0000] {taskinstance.py:430} INFO - ::endgroup::
[2026-03-27T16:27:20.250+0000] {sql.py:282} INFO - Executing: 
            COPY INTO RAW_ACCOUNTS (raw_json)
            FROM @incoming
            FILE_FORMAT = (TYPE = 'JSON')
            ON_ERROR = 'CONTINUE';
        
[2026-03-27T16:27:20.255+0000] {base.py:84} INFO - Using connection ID 'warehouse_id' for task execution.
[2026-03-27T16:27:20.295+0000] {base.py:84} INFO - Using connection ID 'warehouse_id' for task execution.
[2026-03-27T16:27:20.340+0000] {connection.py:613} INFO - Snowflake Connector for Python Version: 4.3.0, Python Version: 3.12.4, Platform: Linux-6.12.76-linuxkit-aarch64-with-glibc2.36
[2026-03-27T16:27:20.341+0000] {connection.py:1709} INFO - Connecting to GLOBAL Snowflake domain
[2026-03-27T16:27:38.106+0000] {connectionpool.py:868} WARNING - Retrying (Retry(total=0, connect=None, read=None, redirect=None, status=None)) after connection broken by 'NameResolutionError("HTTPSConnection(host='bbmcdsp-ct02489.snowflakecomputing.com', port=443): Failed to resolve 'bbmcdsp-ct02489.snowflakecomputing.com' ([Errno -2] Name or service not known)")': /session/v1/login-request?request_id=d1c13d50-1ee1-4470-8d26-b834c77f1a0a&databaseName=BANKING&schemaName=PUBLIC&warehouse=COMPUTE_WH&roleName=***&request_guid=b5eb227c-36d1-4e09-9bea-8f5f9b26bb50
[2026-03-27T16:27:38.179+0000] {connectionpool.py:868} WARNING - Retrying (Retry(total=0, connect=None, read=None, redirect=None, status=None)) after connection broken by 'NameResolutionError("HTTPSConnection(host='bbmcdsp-ct02489.snowflakecomputing.com', port=443): Failed to resolve 'bbmcdsp-ct02489.snowflakecomputing.com' ([Errno -2] Name or service not known)")': /session/v1/login-request?request_id=fe596046-8329-42ac-b54d-211bec0909e4&databaseName=BANKING&schemaName=PUBLIC&warehouse=COMPUTE_WH&roleName=***&request_guid=ce7a8173-b32f-4980-a704-de783717d125
[2026-03-27T16:27:40.292+0000] {connectionpool.py:868} WARNING - Retrying (Retry(total=0, connect=None, read=None, redirect=None, status=None)) after connection broken by 'NameResolutionError("HTTPSConnection(host='bbmcdsp-ct02489.snowflakecomputing.com', port=443): Failed to resolve 'bbmcdsp-ct02489.snowflakecomputing.com' ([Errno -2] Name or service not known)")': /session/v1/login-request?request_id=2b0be89a-ad1b-40c0-b720-8fb2153794f7&databaseName=BANKING&schemaName=PUBLIC&warehouse=COMPUTE_WH&roleName=***&request_guid=b9ee76d6-0d04-4712-bad4-2df7203a50e1
[2026-03-27T16:30:22.216+0000] {taskinstance.py:441} INFO - ::group::Post task execution logs
[2026-03-27T16:30:22.223+0000] {taskinstance.py:2905} ERROR - Task failed with exception
Traceback (most recent call last):
  File "/home/airflow/.local/lib/python3.12/site-packages/snowflake/connector/vendored/urllib3/contrib/pyopenssl.py", line 520, in wrap_socket
    cnx.do_handshake()
  File "/home/airflow/.local/lib/python3.12/site-packages/OpenSSL/SSL.py", line 2432, in do_handshake
    self._raise_ssl_error(self._ssl, result)
  File "/home/airflow/.local/lib/python3.12/site-packages/OpenSSL/SSL.py", line 2017, in _raise_ssl_error
    raise WantReadError()
OpenSSL.SSL.WantReadError

The above exception was the direct cause of the following exception:

Traceback (most recent call last):
  File "/home/airflow/.local/lib/python3.12/site-packages/snowflake/connector/vendored/urllib3/connectionpool.py", line 464, in _make_request
    self._validate_conn(conn)
  File "/home/airflow/.local/lib/python3.12/site-packages/snowflake/connector/vendored/urllib3/connectionpool.py", line 1093, in _validate_conn
    conn.connect()
  File "/home/airflow/.local/lib/python3.12/site-packages/snowflake/connector/vendored/urllib3/connection.py", line 805, in connect
    sock_and_verified = _ssl_wrap_socket_and_match_hostname(
                        ^^^^^^^^^^^^^^^^^^^^^^^^^^^^^^^^^^^^
  File "/home/airflow/.local/lib/python3.12/site-packages/snowflake/connector/vendored/urllib3/connection.py", line 984, in _ssl_wrap_socket_and_match_hostname
    ssl_sock = ssl_wrap_socket(
               ^^^^^^^^^^^^^^^^
  File "/home/airflow/.local/lib/python3.12/site-packages/snowflake/connector/ssl_wrap_socket.py", line 194, in ssl_wrap_socket_with_cert_revocation_checks
    ret = ssl_.ssl_wrap_socket(**params)
          ^^^^^^^^^^^^^^^^^^^^^^^^^^^^^^
  File "/home/airflow/.local/lib/python3.12/site-packages/snowflake/connector/vendored/urllib3/util/ssl_.py", line 483, in ssl_wrap_socket
    ssl_sock = _ssl_wrap_socket_impl(sock, context, tls_in_tls, server_hostname)
               ^^^^^^^^^^^^^^^^^^^^^^^^^^^^^^^^^^^^^^^^^^^^^^^^^^^^^^^^^^^^^^^^^
  File "/home/airflow/.local/lib/python3.12/site-packages/snowflake/connector/vendored/urllib3/util/ssl_.py", line 527, in _ssl_wrap_socket_impl
    return ssl_context.wrap_socket(sock, server_hostname=server_hostname)
           ^^^^^^^^^^^^^^^^^^^^^^^^^^^^^^^^^^^^^^^^^^^^^^^^^^^^^^^^^^^^^^
  File "/home/airflow/.local/lib/python3.12/site-packages/snowflake/connector/vendored/urllib3/contrib/pyopenssl.py", line 523, in wrap_socket
    raise timeout("select timed out") from e
TimeoutError: select timed out

The above exception was the direct cause of the following exception:

Traceback (most recent call last):
  File "/home/airflow/.local/lib/python3.12/site-packages/snowflake/connector/vendored/requests/adapters.py", line 644, in send
    resp = conn.urlopen(
           ^^^^^^^^^^^^^
  File "/home/airflow/.local/lib/python3.12/site-packages/snowflake/connector/vendored/urllib3/connectionpool.py", line 841, in urlopen
    retries = retries.increment(
              ^^^^^^^^^^^^^^^^^^
  File "/home/airflow/.local/lib/python3.12/site-packages/snowflake/connector/vendored/urllib3/util/retry.py", line 490, in increment
    raise reraise(type(error), error, _stacktrace)
          ^^^^^^^^^^^^^^^^^^^^^^^^^^^^^^^^^^^^^^^^
  File "/home/airflow/.local/lib/python3.12/site-packages/snowflake/connector/vendored/urllib3/util/util.py", line 39, in reraise
    raise value
  File "/home/airflow/.local/lib/python3.12/site-packages/snowflake/connector/vendored/urllib3/connectionpool.py", line 787, in urlopen
    response = self._make_request(
               ^^^^^^^^^^^^^^^^^^^
  File "/home/airflow/.local/lib/python3.12/site-packages/snowflake/connector/vendored/urllib3/connectionpool.py", line 488, in _make_request
    raise new_e
  File "/home/airflow/.local/lib/python3.12/site-packages/snowflake/connector/vendored/urllib3/connectionpool.py", line 466, in _make_request
    self._raise_timeout(err=e, url=url, timeout_value=conn.timeout)
  File "/home/airflow/.local/lib/python3.12/site-packages/snowflake/connector/vendored/urllib3/connectionpool.py", line 367, in _raise_timeout
    raise ReadTimeoutError(
snowflake.connector.vendored.urllib3.exceptions.ReadTimeoutError: HTTPSConnectionPool(host='bbmcdsp-ct02489.snowflakecomputing.com', port=443): Read timed out. (read timeout=10)

During handling of the above exception, another exception occurred:

Traceback (most recent call last):
  File "/home/airflow/.local/lib/python3.12/site-packages/snowflake/connector/network.py", line 1109, in _request_exec
    raw_ret = session.request(
              ^^^^^^^^^^^^^^^^
  File "/home/airflow/.local/lib/python3.12/site-packages/snowflake/connector/vendored/requests/sessions.py", line 589, in request
    resp = self.send(prep, **send_kwargs)
           ^^^^^^^^^^^^^^^^^^^^^^^^^^^^^^
  File "/home/airflow/.local/lib/python3.12/site-packages/snowflake/connector/vendored/requests/sessions.py", line 703, in send
    r = adapter.send(request, **kwargs)
        ^^^^^^^^^^^^^^^^^^^^^^^^^^^^^^^
  File "/home/airflow/.local/lib/python3.12/site-packages/snowflake/connector/vendored/requests/adapters.py", line 690, in send
    raise ReadTimeout(e, request=request)
snowflake.connector.vendored.requests.exceptions.ReadTimeout: HTTPSConnectionPool(host='bbmcdsp-ct02489.snowflakecomputing.com', port=443): Read timed out. (read timeout=10)

During handling of the above exception, another exception occurred:

Traceback (most recent call last):
  File "/home/airflow/.local/lib/python3.12/site-packages/snowflake/connector/connection.py", line 1984, in _authenticate
    auth.authenticate(
  File "/home/airflow/.local/lib/python3.12/site-packages/snowflake/connector/auth/_auth.py", line 273, in authenticate
    ret = self._rest._post_request(
          ^^^^^^^^^^^^^^^^^^^^^^^^^
  File "/home/airflow/.local/lib/python3.12/site-packages/snowflake/connector/network.py", line 754, in _post_request
    ret = self.fetch(
          ^^^^^^^^^^^
  File "/home/airflow/.local/lib/python3.12/site-packages/snowflake/connector/network.py", line 873, in fetch
    ret = self._request_exec_wrapper(
          ^^^^^^^^^^^^^^^^^^^^^^^^^^^
  File "/home/airflow/.local/lib/python3.12/site-packages/snowflake/connector/network.py", line 1014, in _request_exec_wrapper
    raise e
  File "/home/airflow/.local/lib/python3.12/site-packages/snowflake/connector/network.py", line 924, in _request_exec_wrapper
    return_object = self._request_exec(
                    ^^^^^^^^^^^^^^^^^^^
  File "/home/airflow/.local/lib/python3.12/site-packages/snowflake/connector/network.py", line 1209, in _request_exec
    raise OperationalError(
snowflake.connector.errors.OperationalError: 251011: 251011: ConnectionTimeout occurred during login. Will be handled by authenticator

The above exception was the direct cause of the following exception:

Traceback (most recent call last):
  File "/home/airflow/.local/lib/python3.12/site-packages/airflow/models/taskinstance.py", line 465, in _execute_task
    result = _execute_callable(context=context, **execute_callable_kwargs)
             ^^^^^^^^^^^^^^^^^^^^^^^^^^^^^^^^^^^^^^^^^^^^^^^^^^^^^^^^^^^^^
  File "/home/airflow/.local/lib/python3.12/site-packages/airflow/models/taskinstance.py", line 432, in _execute_callable
    return execute_callable(context=context, **execute_callable_kwargs)
           ^^^^^^^^^^^^^^^^^^^^^^^^^^^^^^^^^^^^^^^^^^^^^^^^^^^^^^^^^^^^
  File "/home/airflow/.local/lib/python3.12/site-packages/airflow/models/baseoperator.py", line 401, in wrapper
    return func(self, *args, **kwargs)
           ^^^^^^^^^^^^^^^^^^^^^^^^^^^
  File "/home/airflow/.local/lib/python3.12/site-packages/airflow/providers/common/sql/operators/sql.py", line 288, in execute
    output = hook.run(
             ^^^^^^^^^
  File "/home/airflow/.local/lib/python3.12/site-packages/airflow/providers/snowflake/hooks/snowflake.py", line 404, in run
    with closing(self.get_conn()) as conn:
                 ^^^^^^^^^^^^^^^
  File "/home/airflow/.local/lib/python3.12/site-packages/airflow/providers/snowflake/hooks/snowflake.py", line 300, in get_conn
    conn = connector.connect(**conn_config)
           ^^^^^^^^^^^^^^^^^^^^^^^^^^^^^^^^
  File "/home/airflow/.local/lib/python3.12/site-packages/snowflake/connector/__init__.py", line 64, in Connect
    return SnowflakeConnection(**kwargs)
           ^^^^^^^^^^^^^^^^^^^^^^^^^^^^^
  File "/home/airflow/.local/lib/python3.12/site-packages/snowflake/connector/connection.py", line 681, in __init__
    self.connect(**kwargs)
  File "/home/airflow/.local/lib/python3.12/site-packages/snowflake/connector/connection.py", line 1177, in connect
    self.__open_connection()
  File "/home/airflow/.local/lib/python3.12/site-packages/snowflake/connector/connection.py", line 1616, in __open_connection
    self.authenticate_with_retry(self.auth_class)
  File "/home/airflow/.local/lib/python3.12/site-packages/snowflake/connector/connection.py", line 1952, in authenticate_with_retry
    self._authenticate(auth_instance)
  File "/home/airflow/.local/lib/python3.12/site-packages/snowflake/connector/connection.py", line 2030, in _authenticate
    raise auth_op from e
  File "/home/airflow/.local/lib/python3.12/site-packages/snowflake/connector/connection.py", line 2005, in _authenticate
    auth_instance.handle_timeout(
  File "/home/airflow/.local/lib/python3.12/site-packages/snowflake/connector/auth/keypair.py", line 209, in handle_timeout
    super().handle_timeout(
  File "/home/airflow/.local/lib/python3.12/site-packages/snowflake/connector/auth/by_plugin.py", line 212, in handle_timeout
    raise error
snowflake.connector.errors.OperationalError: 250001: 250001: Could not connect to Snowflake backend after 5 attempt(s).Aborting
[2026-03-27T16:30:22.262+0000] {taskinstance.py:1206} INFO - Marking task as UP_FOR_RETRY. dag_id=transfer_from_minio_to_snowflake_accounts, task_id=copy_json_to_variant, run_id=scheduled__2026-03-27T13:14:00+00:00, execution_date=20260327T131400, start_date=20260327T162720, end_date=20260327T163022
[2026-03-27T16:30:22.286+0000] {standard_task_runner.py:110} ERROR - Failed to execute job 5471 for task copy_json_to_variant (250001: 250001: Could not connect to Snowflake backend after 5 attempt(s).Aborting; 38915)
[2026-03-27T16:30:22.311+0000] {local_task_job_runner.py:243} INFO - Task exited with return code 1
[2026-03-27T16:30:22.335+0000] {taskinstance.py:3503} INFO - 0 downstream tasks scheduled from follow-on schedule check
[2026-03-27T16:30:22.336+0000] {local_task_job_runner.py:222} INFO - ::endgroup::
