[2026-03-30T03:05:25.685+0000] {local_task_job_runner.py:120} INFO - ::group::Pre task execution logs
[2026-03-30T03:05:25.701+0000] {taskinstance.py:2076} INFO - Dependencies all met for dep_context=non-requeueable deps ti=<TaskInstance: banking_01_bronze_layer.debug scheduled__2026-03-30T02:30:00+00:00 [queued]>
[2026-03-30T03:05:25.705+0000] {taskinstance.py:2076} INFO - Dependencies all met for dep_context=requeueable deps ti=<TaskInstance: banking_01_bronze_layer.debug scheduled__2026-03-30T02:30:00+00:00 [queued]>
[2026-03-30T03:05:25.705+0000] {taskinstance.py:2306} INFO - Starting attempt 2 of 2
[2026-03-30T03:05:25.710+0000] {taskinstance.py:2330} INFO - Executing <Task(BashOperator): debug> on 2026-03-30 02:30:00+00:00
[2026-03-30T03:05:25.713+0000] {standard_task_runner.py:64} INFO - Started process 7700 to run task
[2026-03-30T03:05:25.715+0000] {standard_task_runner.py:90} INFO - Running: ['***', 'tasks', 'run', 'banking_01_bronze_layer', 'debug', 'scheduled__2026-03-30T02:30:00+00:00', '--job-id', '7420', '--raw', '--subdir', 'DAGS_FOLDER/dbt.py', '--cfg-path', '/tmp/tmpf1ede9k9']
[2026-03-30T03:05:25.716+0000] {standard_task_runner.py:91} INFO - Job 7420: Subtask debug
[2026-03-30T03:05:25.742+0000] {task_command.py:426} INFO - Running <TaskInstance: banking_01_bronze_layer.debug scheduled__2026-03-30T02:30:00+00:00 [running]> on host c990dffe13ae
[2026-03-30T03:05:25.788+0000] {taskinstance.py:2648} INFO - Exporting env vars: AIRFLOW_CTX_DAG_OWNER='risheek' AIRFLOW_CTX_DAG_ID='banking_01_bronze_layer' AIRFLOW_CTX_TASK_ID='debug' AIRFLOW_CTX_EXECUTION_DATE='2026-03-30T02:30:00+00:00' AIRFLOW_CTX_TRY_NUMBER='2' AIRFLOW_CTX_DAG_RUN_ID='scheduled__2026-03-30T02:30:00+00:00'
[2026-03-30T03:05:25.789+0000] {taskinstance.py:430} INFO - ::endgroup::
[2026-03-30T03:05:25.789+0000] {subprocess.py:78} INFO - Tmp dir root location: /tmp
[2026-03-30T03:05:25.790+0000] {subprocess.py:88} INFO - Running command: ['/usr/bin/bash', '-c', 'dbt debug --profiles-dir /opt/***/dbt/trans_snowf']
[2026-03-30T03:05:25.794+0000] {subprocess.py:99} INFO - Output:
[2026-03-30T03:05:27.010+0000] {subprocess.py:106} INFO - [0m03:05:27  Running with dbt=1.11.7
[2026-03-30T03:05:27.017+0000] {subprocess.py:106} INFO - [0m03:05:27  dbt version: 1.11.7
[2026-03-30T03:05:27.017+0000] {subprocess.py:106} INFO - [0m03:05:27  python version: 3.12.4
[2026-03-30T03:05:27.017+0000] {subprocess.py:106} INFO - [0m03:05:27  python path: /home/***/.local/bin/python
[2026-03-30T03:05:27.018+0000] {subprocess.py:106} INFO - [0m03:05:27  os info: Linux-6.12.76-linuxkit-aarch64-with-glibc2.36
[2026-03-30T03:05:27.417+0000] {subprocess.py:106} INFO - [0m03:05:27  Using profiles dir at /opt/***/dbt/trans_snowf
[2026-03-30T03:05:27.418+0000] {subprocess.py:106} INFO - [0m03:05:27  Using profiles.yml file at /opt/***/dbt/trans_snowf/profiles.yml
[2026-03-30T03:05:27.418+0000] {subprocess.py:106} INFO - [0m03:05:27  Using dbt_project.yml file at /opt/***/dbt/trans_snowf/dbt_project.yml
[2026-03-30T03:05:27.418+0000] {subprocess.py:106} INFO - [0m03:05:27  adapter type: snowflake
[2026-03-30T03:05:27.419+0000] {subprocess.py:106} INFO - [0m03:05:27  adapter version: 1.11.3
[2026-03-30T03:05:27.470+0000] {subprocess.py:106} INFO - [0m03:05:27  Configuration:
[2026-03-30T03:05:27.470+0000] {subprocess.py:106} INFO - [0m03:05:27    profiles.yml file [[32mOK found and valid[0m]
[2026-03-30T03:05:27.471+0000] {subprocess.py:106} INFO - [0m03:05:27    dbt_project.yml file [[32mOK found and valid[0m]
[2026-03-30T03:05:27.471+0000] {subprocess.py:106} INFO - [0m03:05:27  Required dependencies:
[2026-03-30T03:05:27.474+0000] {subprocess.py:106} INFO - [0m03:05:27   - git [[31mERROR[0m]
[2026-03-30T03:05:27.474+0000] {subprocess.py:106} INFO - 
[2026-03-30T03:05:27.474+0000] {subprocess.py:106} INFO - [0m03:05:27  Connection:
[2026-03-30T03:05:27.475+0000] {subprocess.py:106} INFO - [0m03:05:27    account: BBMCDSP-CT02489
[2026-03-30T03:05:27.475+0000] {subprocess.py:106} INFO - [0m03:05:27    user: user123
[2026-03-30T03:05:27.475+0000] {subprocess.py:106} INFO - [0m03:05:27    database: BANKING
[2026-03-30T03:05:27.476+0000] {subprocess.py:106} INFO - [0m03:05:27    warehouse: COMPUTE_WH
[2026-03-30T03:05:27.476+0000] {subprocess.py:106} INFO - [0m03:05:27    role: dbtadmin
[2026-03-30T03:05:27.477+0000] {subprocess.py:106} INFO - [0m03:05:27    schema: PUBLIC
[2026-03-30T03:05:27.477+0000] {subprocess.py:106} INFO - [0m03:05:27    authenticator: None
[2026-03-30T03:05:27.477+0000] {subprocess.py:106} INFO - [0m03:05:27    oauth_client_id: None
[2026-03-30T03:05:27.477+0000] {subprocess.py:106} INFO - [0m03:05:27    query_tag: None
[2026-03-30T03:05:27.478+0000] {subprocess.py:106} INFO - [0m03:05:27    client_session_keep_alive: False
[2026-03-30T03:05:27.478+0000] {subprocess.py:106} INFO - [0m03:05:27    host: None
[2026-03-30T03:05:27.478+0000] {subprocess.py:106} INFO - [0m03:05:27    port: None
[2026-03-30T03:05:27.479+0000] {subprocess.py:106} INFO - [0m03:05:27    proxy_host: None
[2026-03-30T03:05:27.479+0000] {subprocess.py:106} INFO - [0m03:05:27    proxy_port: None
[2026-03-30T03:05:27.479+0000] {subprocess.py:106} INFO - [0m03:05:27    protocol: None
[2026-03-30T03:05:27.480+0000] {subprocess.py:106} INFO - [0m03:05:27    connect_retries: 1
[2026-03-30T03:05:27.480+0000] {subprocess.py:106} INFO - [0m03:05:27    connect_timeout: None
[2026-03-30T03:05:27.480+0000] {subprocess.py:106} INFO - [0m03:05:27    retry_on_database_errors: False
[2026-03-30T03:05:27.481+0000] {subprocess.py:106} INFO - [0m03:05:27    retry_all: False
[2026-03-30T03:05:27.481+0000] {subprocess.py:106} INFO - [0m03:05:27    insecure_mode: False
[2026-03-30T03:05:27.481+0000] {subprocess.py:106} INFO - [0m03:05:27    reuse_connections: True
[2026-03-30T03:05:27.482+0000] {subprocess.py:106} INFO - [0m03:05:27    s3_stage_vpce_dns_name: None
[2026-03-30T03:05:27.482+0000] {subprocess.py:106} INFO - [0m03:05:27    platform_detection_timeout_seconds: 0.0
[2026-03-30T03:05:27.482+0000] {subprocess.py:106} INFO - [0m03:05:27  Registered adapter: snowflake=1.11.3
[2026-03-30T03:05:28.265+0000] {subprocess.py:106} INFO - [0m03:05:28    Connection test: [[32mOK connection ok[0m]
[2026-03-30T03:05:28.267+0000] {subprocess.py:106} INFO - 
[2026-03-30T03:05:28.267+0000] {subprocess.py:106} INFO - [0m03:05:28  [31m1 check failed:[0m
[2026-03-30T03:05:28.268+0000] {subprocess.py:106} INFO - [0m03:05:28  Error from git --help: Could not find command, ensure it is in the user's PATH: "git"
[2026-03-30T03:05:28.268+0000] {subprocess.py:106} INFO - 
[2026-03-30T03:05:30.234+0000] {subprocess.py:110} INFO - Command exited with return code 1
[2026-03-30T03:05:30.235+0000] {taskinstance.py:441} INFO - ::group::Post task execution logs
[2026-03-30T03:05:30.247+0000] {taskinstance.py:2905} ERROR - Task failed with exception
Traceback (most recent call last):
  File "/home/airflow/.local/lib/python3.12/site-packages/airflow/models/taskinstance.py", line 465, in _execute_task
    result = _execute_callable(context=context, **execute_callable_kwargs)
             ^^^^^^^^^^^^^^^^^^^^^^^^^^^^^^^^^^^^^^^^^^^^^^^^^^^^^^^^^^^^^
  File "/home/airflow/.local/lib/python3.12/site-packages/airflow/models/taskinstance.py", line 432, in _execute_callable
    return execute_callable(context=context, **execute_callable_kwargs)
           ^^^^^^^^^^^^^^^^^^^^^^^^^^^^^^^^^^^^^^^^^^^^^^^^^^^^^^^^^^^^
  File "/home/airflow/.local/lib/python3.12/site-packages/airflow/models/baseoperator.py", line 401, in wrapper
    return func(self, *args, **kwargs)
           ^^^^^^^^^^^^^^^^^^^^^^^^^^^
  File "/home/airflow/.local/lib/python3.12/site-packages/airflow/providers/standard/operators/bash.py", line 233, in execute
    raise AirflowException(
airflow.exceptions.AirflowException: Bash command failed. The command returned a non-zero exit code 1.
[2026-03-30T03:05:30.249+0000] {taskinstance.py:1206} INFO - Marking task as FAILED. dag_id=banking_01_bronze_layer, task_id=debug, run_id=scheduled__2026-03-30T02:30:00+00:00, execution_date=20260330T023000, start_date=20260330T030525, end_date=20260330T030530
[2026-03-30T03:05:30.258+0000] {standard_task_runner.py:110} ERROR - Failed to execute job 7420 for task debug (Bash command failed. The command returned a non-zero exit code 1.; 7700)
[2026-03-30T03:05:30.263+0000] {local_task_job_runner.py:243} INFO - Task exited with return code 1
[2026-03-30T03:05:30.274+0000] {taskinstance.py:3503} INFO - 0 downstream tasks scheduled from follow-on schedule check
[2026-03-30T03:05:30.275+0000] {local_task_job_runner.py:222} INFO - ::endgroup::
