[2026-03-30T03:00:18.303+0000] {local_task_job_runner.py:120} INFO - ::group::Pre task execution logs
[2026-03-30T03:00:18.317+0000] {taskinstance.py:2076} INFO - Dependencies all met for dep_context=non-requeueable deps ti=<TaskInstance: banking_01_bronze_layer.debug scheduled__2026-03-30T02:30:00+00:00 [queued]>
[2026-03-30T03:00:18.320+0000] {taskinstance.py:2076} INFO - Dependencies all met for dep_context=requeueable deps ti=<TaskInstance: banking_01_bronze_layer.debug scheduled__2026-03-30T02:30:00+00:00 [queued]>
[2026-03-30T03:00:18.321+0000] {taskinstance.py:2306} INFO - Starting attempt 1 of 2
[2026-03-30T03:00:18.326+0000] {taskinstance.py:2330} INFO - Executing <Task(BashOperator): debug> on 2026-03-30 02:30:00+00:00
[2026-03-30T03:00:18.328+0000] {standard_task_runner.py:64} INFO - Started process 7574 to run task
[2026-03-30T03:00:18.330+0000] {standard_task_runner.py:90} INFO - Running: ['***', 'tasks', 'run', 'banking_01_bronze_layer', 'debug', 'scheduled__2026-03-30T02:30:00+00:00', '--job-id', '7416', '--raw', '--subdir', 'DAGS_FOLDER/dbt.py', '--cfg-path', '/tmp/tmp9p0cky62']
[2026-03-30T03:00:18.331+0000] {standard_task_runner.py:91} INFO - Job 7416: Subtask debug
[2026-03-30T03:00:18.355+0000] {task_command.py:426} INFO - Running <TaskInstance: banking_01_bronze_layer.debug scheduled__2026-03-30T02:30:00+00:00 [running]> on host c990dffe13ae
[2026-03-30T03:00:18.396+0000] {taskinstance.py:2648} INFO - Exporting env vars: AIRFLOW_CTX_DAG_OWNER='risheek' AIRFLOW_CTX_DAG_ID='banking_01_bronze_layer' AIRFLOW_CTX_TASK_ID='debug' AIRFLOW_CTX_EXECUTION_DATE='2026-03-30T02:30:00+00:00' AIRFLOW_CTX_TRY_NUMBER='1' AIRFLOW_CTX_DAG_RUN_ID='scheduled__2026-03-30T02:30:00+00:00'
[2026-03-30T03:00:18.396+0000] {taskinstance.py:430} INFO - ::endgroup::
[2026-03-30T03:00:18.396+0000] {subprocess.py:78} INFO - Tmp dir root location: /tmp
[2026-03-30T03:00:18.397+0000] {subprocess.py:88} INFO - Running command: ['/usr/bin/bash', '-c', 'dbt debug --profiles-dir /opt/***/dbt/trans_snowf']
[2026-03-30T03:00:18.400+0000] {subprocess.py:99} INFO - Output:
[2026-03-30T03:00:19.548+0000] {subprocess.py:106} INFO - [0m03:00:19  Running with dbt=1.11.7
[2026-03-30T03:00:19.553+0000] {subprocess.py:106} INFO - [0m03:00:19  dbt version: 1.11.7
[2026-03-30T03:00:19.553+0000] {subprocess.py:106} INFO - [0m03:00:19  python version: 3.12.4
[2026-03-30T03:00:19.554+0000] {subprocess.py:106} INFO - [0m03:00:19  python path: /home/***/.local/bin/python
[2026-03-30T03:00:19.554+0000] {subprocess.py:106} INFO - [0m03:00:19  os info: Linux-6.12.76-linuxkit-aarch64-with-glibc2.36
[2026-03-30T03:00:19.914+0000] {subprocess.py:106} INFO - [0m03:00:19  Using profiles dir at /opt/***/dbt/trans_snowf
[2026-03-30T03:00:19.914+0000] {subprocess.py:106} INFO - [0m03:00:19  Using profiles.yml file at /opt/***/dbt/trans_snowf/profiles.yml
[2026-03-30T03:00:19.914+0000] {subprocess.py:106} INFO - [0m03:00:19  Using dbt_project.yml file at /opt/***/dbt/trans_snowf/dbt_project.yml
[2026-03-30T03:00:19.915+0000] {subprocess.py:106} INFO - [0m03:00:19  adapter type: snowflake
[2026-03-30T03:00:19.915+0000] {subprocess.py:106} INFO - [0m03:00:19  adapter version: 1.11.3
[2026-03-30T03:00:19.967+0000] {subprocess.py:106} INFO - [0m03:00:19  Configuration:
[2026-03-30T03:00:19.967+0000] {subprocess.py:106} INFO - [0m03:00:19    profiles.yml file [[32mOK found and valid[0m]
[2026-03-30T03:00:19.968+0000] {subprocess.py:106} INFO - [0m03:00:19    dbt_project.yml file [[32mOK found and valid[0m]
[2026-03-30T03:00:19.968+0000] {subprocess.py:106} INFO - [0m03:00:19  Required dependencies:
[2026-03-30T03:00:19.969+0000] {subprocess.py:106} INFO - [0m03:00:19   - git [[31mERROR[0m]
[2026-03-30T03:00:19.969+0000] {subprocess.py:106} INFO - 
[2026-03-30T03:00:19.969+0000] {subprocess.py:106} INFO - [0m03:00:19  Connection:
[2026-03-30T03:00:19.970+0000] {subprocess.py:106} INFO - [0m03:00:19    account: BBMCDSP-CT02489
[2026-03-30T03:00:19.970+0000] {subprocess.py:106} INFO - [0m03:00:19    user: user123
[2026-03-30T03:00:19.970+0000] {subprocess.py:106} INFO - [0m03:00:19    database: BANKING
[2026-03-30T03:00:19.971+0000] {subprocess.py:106} INFO - [0m03:00:19    warehouse: COMPUTE_WH
[2026-03-30T03:00:19.971+0000] {subprocess.py:106} INFO - [0m03:00:19    role: dbtadmin
[2026-03-30T03:00:19.971+0000] {subprocess.py:106} INFO - [0m03:00:19    schema: PUBLIC
[2026-03-30T03:00:19.972+0000] {subprocess.py:106} INFO - [0m03:00:19    authenticator: None
[2026-03-30T03:00:19.972+0000] {subprocess.py:106} INFO - [0m03:00:19    oauth_client_id: None
[2026-03-30T03:00:19.972+0000] {subprocess.py:106} INFO - [0m03:00:19    query_tag: None
[2026-03-30T03:00:19.973+0000] {subprocess.py:106} INFO - [0m03:00:19    client_session_keep_alive: False
[2026-03-30T03:00:19.973+0000] {subprocess.py:106} INFO - [0m03:00:19    host: None
[2026-03-30T03:00:19.973+0000] {subprocess.py:106} INFO - [0m03:00:19    port: None
[2026-03-30T03:00:19.974+0000] {subprocess.py:106} INFO - [0m03:00:19    proxy_host: None
[2026-03-30T03:00:19.974+0000] {subprocess.py:106} INFO - [0m03:00:19    proxy_port: None
[2026-03-30T03:00:19.974+0000] {subprocess.py:106} INFO - [0m03:00:19    protocol: None
[2026-03-30T03:00:19.974+0000] {subprocess.py:106} INFO - [0m03:00:19    connect_retries: 1
[2026-03-30T03:00:19.975+0000] {subprocess.py:106} INFO - [0m03:00:19    connect_timeout: None
[2026-03-30T03:00:19.975+0000] {subprocess.py:106} INFO - [0m03:00:19    retry_on_database_errors: False
[2026-03-30T03:00:19.975+0000] {subprocess.py:106} INFO - [0m03:00:19    retry_all: False
[2026-03-30T03:00:19.976+0000] {subprocess.py:106} INFO - [0m03:00:19    insecure_mode: False
[2026-03-30T03:00:19.976+0000] {subprocess.py:106} INFO - [0m03:00:19    reuse_connections: True
[2026-03-30T03:00:19.976+0000] {subprocess.py:106} INFO - [0m03:00:19    s3_stage_vpce_dns_name: None
[2026-03-30T03:00:19.977+0000] {subprocess.py:106} INFO - [0m03:00:19    platform_detection_timeout_seconds: 0.0
[2026-03-30T03:00:19.977+0000] {subprocess.py:106} INFO - [0m03:00:19  Registered adapter: snowflake=1.11.3
[2026-03-30T03:00:20.931+0000] {subprocess.py:106} INFO - [0m03:00:20    Connection test: [[32mOK connection ok[0m]
[2026-03-30T03:00:20.932+0000] {subprocess.py:106} INFO - 
[2026-03-30T03:00:20.933+0000] {subprocess.py:106} INFO - [0m03:00:20  [31m1 check failed:[0m
[2026-03-30T03:00:20.934+0000] {subprocess.py:106} INFO - [0m03:00:20  Error from git --help: Could not find command, ensure it is in the user's PATH: "git"
[2026-03-30T03:00:20.934+0000] {subprocess.py:106} INFO - 
[2026-03-30T03:00:23.550+0000] {subprocess.py:110} INFO - Command exited with return code 1
[2026-03-30T03:00:23.551+0000] {taskinstance.py:441} INFO - ::group::Post task execution logs
[2026-03-30T03:00:23.560+0000] {taskinstance.py:2905} ERROR - Task failed with exception
Traceback (most recent call last):
  File "/home/airflow/.local/lib/python3.12/site-packages/airflow/models/taskinstance.py", line 465, in _execute_task
    result = _execute_callable(context=context, **execute_callable_kwargs)
             ^^^^^^^^^^^^^^^^^^^^^^^^^^^^^^^^^^^^^^^^^^^^^^^^^^^^^^^^^^^^^
  File "/home/airflow/.local/lib/python3.12/site-packages/airflow/models/taskinstance.py", line 432, in _execute_callable
    return execute_callable(context=context, **execute_callable_kwargs)
           ^^^^^^^^^^^^^^^^^^^^^^^^^^^^^^^^^^^^^^^^^^^^^^^^^^^^^^^^^^^^
  File "/home/airflow/.local/lib/python3.12/site-packages/airflow/models/baseoperator.py", line 401, in wrapper
    return func(self, *args, **kwargs)
           ^^^^^^^^^^^^^^^^^^^^^^^^^^^
  File "/home/airflow/.local/lib/python3.12/site-packages/airflow/providers/standard/operators/bash.py", line 233, in execute
    raise AirflowException(
airflow.exceptions.AirflowException: Bash command failed. The command returned a non-zero exit code 1.
[2026-03-30T03:00:23.562+0000] {taskinstance.py:1206} INFO - Marking task as UP_FOR_RETRY. dag_id=banking_01_bronze_layer, task_id=debug, run_id=scheduled__2026-03-30T02:30:00+00:00, execution_date=20260330T023000, start_date=20260330T030018, end_date=20260330T030023
[2026-03-30T03:00:23.572+0000] {standard_task_runner.py:110} ERROR - Failed to execute job 7416 for task debug (Bash command failed. The command returned a non-zero exit code 1.; 7574)
[2026-03-30T03:00:23.609+0000] {local_task_job_runner.py:243} INFO - Task exited with return code 1
[2026-03-30T03:00:23.620+0000] {taskinstance.py:3503} INFO - 0 downstream tasks scheduled from follow-on schedule check
[2026-03-30T03:00:23.621+0000] {local_task_job_runner.py:222} INFO - ::endgroup::
