[2026-03-30T01:30:38.317+0000] {local_task_job_runner.py:120} INFO - ::group::Pre task execution logs
[2026-03-30T01:30:38.332+0000] {taskinstance.py:2076} INFO - Dependencies all met for dep_context=non-requeueable deps ti=<TaskInstance: banking_01_bronze_layer.debug scheduled__2026-03-30T00:30:00+00:00 [queued]>
[2026-03-30T01:30:38.335+0000] {taskinstance.py:2076} INFO - Dependencies all met for dep_context=requeueable deps ti=<TaskInstance: banking_01_bronze_layer.debug scheduled__2026-03-30T00:30:00+00:00 [queued]>
[2026-03-30T01:30:38.336+0000] {taskinstance.py:2306} INFO - Starting attempt 2 of 2
[2026-03-30T01:30:38.342+0000] {taskinstance.py:2330} INFO - Executing <Task(BashOperator): debug> on 2026-03-30 00:30:00+00:00
[2026-03-30T01:30:38.344+0000] {standard_task_runner.py:64} INFO - Started process 6659 to run task
[2026-03-30T01:30:38.346+0000] {standard_task_runner.py:90} INFO - Running: ['***', 'tasks', 'run', 'banking_01_bronze_layer', 'debug', 'scheduled__2026-03-30T00:30:00+00:00', '--job-id', '7391', '--raw', '--subdir', 'DAGS_FOLDER/dbt.py', '--cfg-path', '/tmp/tmpqw3i__sv']
[2026-03-30T01:30:38.347+0000] {standard_task_runner.py:91} INFO - Job 7391: Subtask debug
[2026-03-30T01:30:38.374+0000] {task_command.py:426} INFO - Running <TaskInstance: banking_01_bronze_layer.debug scheduled__2026-03-30T00:30:00+00:00 [running]> on host c990dffe13ae
[2026-03-30T01:30:38.414+0000] {taskinstance.py:2648} INFO - Exporting env vars: AIRFLOW_CTX_DAG_OWNER='risheek' AIRFLOW_CTX_DAG_ID='banking_01_bronze_layer' AIRFLOW_CTX_TASK_ID='debug' AIRFLOW_CTX_EXECUTION_DATE='2026-03-30T00:30:00+00:00' AIRFLOW_CTX_TRY_NUMBER='2' AIRFLOW_CTX_DAG_RUN_ID='scheduled__2026-03-30T00:30:00+00:00'
[2026-03-30T01:30:38.415+0000] {taskinstance.py:430} INFO - ::endgroup::
[2026-03-30T01:30:38.415+0000] {subprocess.py:78} INFO - Tmp dir root location: /tmp
[2026-03-30T01:30:38.416+0000] {subprocess.py:88} INFO - Running command: ['/usr/bin/bash', '-c', 'dbt debug --profiles-dir /opt/***/dbt/trans_snowf']
[2026-03-30T01:30:38.419+0000] {subprocess.py:99} INFO - Output:
[2026-03-30T01:30:39.556+0000] {subprocess.py:106} INFO - [0m01:30:39  Running with dbt=1.11.7
[2026-03-30T01:30:39.561+0000] {subprocess.py:106} INFO - [0m01:30:39  dbt version: 1.11.7
[2026-03-30T01:30:39.562+0000] {subprocess.py:106} INFO - [0m01:30:39  python version: 3.12.4
[2026-03-30T01:30:39.562+0000] {subprocess.py:106} INFO - [0m01:30:39  python path: /home/***/.local/bin/python
[2026-03-30T01:30:39.562+0000] {subprocess.py:106} INFO - [0m01:30:39  os info: Linux-6.12.76-linuxkit-aarch64-with-glibc2.36
[2026-03-30T01:30:39.915+0000] {subprocess.py:106} INFO - [0m01:30:39  Using profiles dir at /opt/***/dbt/trans_snowf
[2026-03-30T01:30:39.915+0000] {subprocess.py:106} INFO - [0m01:30:39  Using profiles.yml file at /opt/***/dbt/trans_snowf/profiles.yml
[2026-03-30T01:30:39.915+0000] {subprocess.py:106} INFO - [0m01:30:39  Using dbt_project.yml file at /opt/***/dbt/trans_snowf/dbt_project.yml
[2026-03-30T01:30:39.916+0000] {subprocess.py:106} INFO - [0m01:30:39  adapter type: snowflake
[2026-03-30T01:30:39.916+0000] {subprocess.py:106} INFO - [0m01:30:39  adapter version: 1.11.3
[2026-03-30T01:30:39.966+0000] {subprocess.py:106} INFO - [0m01:30:39  Configuration:
[2026-03-30T01:30:39.967+0000] {subprocess.py:106} INFO - [0m01:30:39    profiles.yml file [[32mOK found and valid[0m]
[2026-03-30T01:30:39.967+0000] {subprocess.py:106} INFO - [0m01:30:39    dbt_project.yml file [[32mOK found and valid[0m]
[2026-03-30T01:30:39.967+0000] {subprocess.py:106} INFO - [0m01:30:39  Required dependencies:
[2026-03-30T01:30:39.968+0000] {subprocess.py:106} INFO - [0m01:30:39   - git [[31mERROR[0m]
[2026-03-30T01:30:39.969+0000] {subprocess.py:106} INFO - 
[2026-03-30T01:30:39.969+0000] {subprocess.py:106} INFO - [0m01:30:39  Connection:
[2026-03-30T01:30:39.969+0000] {subprocess.py:106} INFO - [0m01:30:39    account: BBMCDSP-CT02489
[2026-03-30T01:30:39.969+0000] {subprocess.py:106} INFO - [0m01:30:39    user: user123
[2026-03-30T01:30:39.970+0000] {subprocess.py:106} INFO - [0m01:30:39    database: BANKING
[2026-03-30T01:30:39.970+0000] {subprocess.py:106} INFO - [0m01:30:39    warehouse: COMPUTE_WH
[2026-03-30T01:30:39.970+0000] {subprocess.py:106} INFO - [0m01:30:39    role: dbtadmin
[2026-03-30T01:30:39.971+0000] {subprocess.py:106} INFO - [0m01:30:39    schema: PUBLIC
[2026-03-30T01:30:39.971+0000] {subprocess.py:106} INFO - [0m01:30:39    authenticator: None
[2026-03-30T01:30:39.971+0000] {subprocess.py:106} INFO - [0m01:30:39    oauth_client_id: None
[2026-03-30T01:30:39.972+0000] {subprocess.py:106} INFO - [0m01:30:39    query_tag: None
[2026-03-30T01:30:39.972+0000] {subprocess.py:106} INFO - [0m01:30:39    client_session_keep_alive: False
[2026-03-30T01:30:39.972+0000] {subprocess.py:106} INFO - [0m01:30:39    host: None
[2026-03-30T01:30:39.973+0000] {subprocess.py:106} INFO - [0m01:30:39    port: None
[2026-03-30T01:30:39.973+0000] {subprocess.py:106} INFO - [0m01:30:39    proxy_host: None
[2026-03-30T01:30:39.973+0000] {subprocess.py:106} INFO - [0m01:30:39    proxy_port: None
[2026-03-30T01:30:39.973+0000] {subprocess.py:106} INFO - [0m01:30:39    protocol: None
[2026-03-30T01:30:39.974+0000] {subprocess.py:106} INFO - [0m01:30:39    connect_retries: 1
[2026-03-30T01:30:39.974+0000] {subprocess.py:106} INFO - [0m01:30:39    connect_timeout: None
[2026-03-30T01:30:39.974+0000] {subprocess.py:106} INFO - [0m01:30:39    retry_on_database_errors: False
[2026-03-30T01:30:39.975+0000] {subprocess.py:106} INFO - [0m01:30:39    retry_all: False
[2026-03-30T01:30:39.975+0000] {subprocess.py:106} INFO - [0m01:30:39    insecure_mode: False
[2026-03-30T01:30:39.975+0000] {subprocess.py:106} INFO - [0m01:30:39    reuse_connections: True
[2026-03-30T01:30:39.975+0000] {subprocess.py:106} INFO - [0m01:30:39    s3_stage_vpce_dns_name: None
[2026-03-30T01:30:39.976+0000] {subprocess.py:106} INFO - [0m01:30:39    platform_detection_timeout_seconds: 0.0
[2026-03-30T01:30:39.976+0000] {subprocess.py:106} INFO - [0m01:30:39  Registered adapter: snowflake=1.11.3
[2026-03-30T01:30:41.184+0000] {subprocess.py:106} INFO - [0m01:30:41    Connection test: [[32mOK connection ok[0m]
[2026-03-30T01:30:41.185+0000] {subprocess.py:106} INFO - 
[2026-03-30T01:30:41.186+0000] {subprocess.py:106} INFO - [0m01:30:41  [31m1 check failed:[0m
[2026-03-30T01:30:41.187+0000] {subprocess.py:106} INFO - [0m01:30:41  Error from git --help: Could not find command, ensure it is in the user's PATH: "git"
[2026-03-30T01:30:41.187+0000] {subprocess.py:106} INFO - 
[2026-03-30T01:30:42.994+0000] {subprocess.py:110} INFO - Command exited with return code 1
[2026-03-30T01:30:42.995+0000] {taskinstance.py:441} INFO - ::group::Post task execution logs
[2026-03-30T01:30:43.002+0000] {taskinstance.py:2905} ERROR - Task failed with exception
Traceback (most recent call last):
  File "/home/airflow/.local/lib/python3.12/site-packages/airflow/models/taskinstance.py", line 465, in _execute_task
    result = _execute_callable(context=context, **execute_callable_kwargs)
             ^^^^^^^^^^^^^^^^^^^^^^^^^^^^^^^^^^^^^^^^^^^^^^^^^^^^^^^^^^^^^
  File "/home/airflow/.local/lib/python3.12/site-packages/airflow/models/taskinstance.py", line 432, in _execute_callable
    return execute_callable(context=context, **execute_callable_kwargs)
           ^^^^^^^^^^^^^^^^^^^^^^^^^^^^^^^^^^^^^^^^^^^^^^^^^^^^^^^^^^^^
  File "/home/airflow/.local/lib/python3.12/site-packages/airflow/models/baseoperator.py", line 401, in wrapper
    return func(self, *args, **kwargs)
           ^^^^^^^^^^^^^^^^^^^^^^^^^^^
  File "/home/airflow/.local/lib/python3.12/site-packages/airflow/providers/standard/operators/bash.py", line 233, in execute
    raise AirflowException(
airflow.exceptions.AirflowException: Bash command failed. The command returned a non-zero exit code 1.
[2026-03-30T01:30:43.004+0000] {taskinstance.py:1206} INFO - Marking task as FAILED. dag_id=banking_01_bronze_layer, task_id=debug, run_id=scheduled__2026-03-30T00:30:00+00:00, execution_date=20260330T003000, start_date=20260330T013038, end_date=20260330T013043
[2026-03-30T01:30:43.010+0000] {standard_task_runner.py:110} ERROR - Failed to execute job 7391 for task debug (Bash command failed. The command returned a non-zero exit code 1.; 6659)
[2026-03-30T01:30:43.014+0000] {local_task_job_runner.py:243} INFO - Task exited with return code 1
[2026-03-30T01:30:43.023+0000] {taskinstance.py:3503} INFO - 0 downstream tasks scheduled from follow-on schedule check
[2026-03-30T01:30:43.024+0000] {local_task_job_runner.py:222} INFO - ::endgroup::
