[2026-03-30T01:21:31.251+0000] {local_task_job_runner.py:120} INFO - ::group::Pre task execution logs
[2026-03-30T01:21:31.266+0000] {taskinstance.py:2076} INFO - Dependencies all met for dep_context=non-requeueable deps ti=<TaskInstance: banking_01_bronze_layer.debug scheduled__2026-03-30T00:30:00+00:00 [queued]>
[2026-03-30T01:21:31.270+0000] {taskinstance.py:2076} INFO - Dependencies all met for dep_context=requeueable deps ti=<TaskInstance: banking_01_bronze_layer.debug scheduled__2026-03-30T00:30:00+00:00 [queued]>
[2026-03-30T01:21:31.270+0000] {taskinstance.py:2306} INFO - Starting attempt 1 of 2
[2026-03-30T01:21:31.276+0000] {taskinstance.py:2330} INFO - Executing <Task(BashOperator): debug> on 2026-03-30 00:30:00+00:00
[2026-03-30T01:21:31.278+0000] {standard_task_runner.py:64} INFO - Started process 6535 to run task
[2026-03-30T01:21:31.280+0000] {standard_task_runner.py:90} INFO - Running: ['***', 'tasks', 'run', 'banking_01_bronze_layer', 'debug', 'scheduled__2026-03-30T00:30:00+00:00', '--job-id', '7386', '--raw', '--subdir', 'DAGS_FOLDER/dbt.py', '--cfg-path', '/tmp/tmp3yethtfg']
[2026-03-30T01:21:31.281+0000] {standard_task_runner.py:91} INFO - Job 7386: Subtask debug
[2026-03-30T01:21:31.308+0000] {task_command.py:426} INFO - Running <TaskInstance: banking_01_bronze_layer.debug scheduled__2026-03-30T00:30:00+00:00 [running]> on host c990dffe13ae
[2026-03-30T01:21:31.353+0000] {taskinstance.py:2648} INFO - Exporting env vars: AIRFLOW_CTX_DAG_OWNER='risheek' AIRFLOW_CTX_DAG_ID='banking_01_bronze_layer' AIRFLOW_CTX_TASK_ID='debug' AIRFLOW_CTX_EXECUTION_DATE='2026-03-30T00:30:00+00:00' AIRFLOW_CTX_TRY_NUMBER='1' AIRFLOW_CTX_DAG_RUN_ID='scheduled__2026-03-30T00:30:00+00:00'
[2026-03-30T01:21:31.354+0000] {taskinstance.py:430} INFO - ::endgroup::
[2026-03-30T01:21:31.354+0000] {subprocess.py:78} INFO - Tmp dir root location: /tmp
[2026-03-30T01:21:31.355+0000] {subprocess.py:88} INFO - Running command: ['/usr/bin/bash', '-c', 'dbt debug --profiles-dir /opt/***/dbt/trans_snowf']
[2026-03-30T01:21:31.358+0000] {subprocess.py:99} INFO - Output:
[2026-03-30T01:21:32.566+0000] {subprocess.py:106} INFO - [0m01:21:32  Running with dbt=1.11.7
[2026-03-30T01:21:32.571+0000] {subprocess.py:106} INFO - [0m01:21:32  dbt version: 1.11.7
[2026-03-30T01:21:32.572+0000] {subprocess.py:106} INFO - [0m01:21:32  python version: 3.12.4
[2026-03-30T01:21:32.572+0000] {subprocess.py:106} INFO - [0m01:21:32  python path: /home/***/.local/bin/python
[2026-03-30T01:21:32.573+0000] {subprocess.py:106} INFO - [0m01:21:32  os info: Linux-6.12.76-linuxkit-aarch64-with-glibc2.36
[2026-03-30T01:21:32.967+0000] {subprocess.py:106} INFO - [0m01:21:32  Using profiles dir at /opt/***/dbt/trans_snowf
[2026-03-30T01:21:32.968+0000] {subprocess.py:106} INFO - [0m01:21:32  Using profiles.yml file at /opt/***/dbt/trans_snowf/profiles.yml
[2026-03-30T01:21:32.968+0000] {subprocess.py:106} INFO - [0m01:21:32  Using dbt_project.yml file at /opt/***/dbt/trans_snowf/dbt_project.yml
[2026-03-30T01:21:32.969+0000] {subprocess.py:106} INFO - [0m01:21:32  adapter type: snowflake
[2026-03-30T01:21:32.969+0000] {subprocess.py:106} INFO - [0m01:21:32  adapter version: 1.11.3
[2026-03-30T01:21:33.023+0000] {subprocess.py:106} INFO - [0m01:21:33  Configuration:
[2026-03-30T01:21:33.023+0000] {subprocess.py:106} INFO - [0m01:21:33    profiles.yml file [[32mOK found and valid[0m]
[2026-03-30T01:21:33.024+0000] {subprocess.py:106} INFO - [0m01:21:33    dbt_project.yml file [[32mOK found and valid[0m]
[2026-03-30T01:21:33.024+0000] {subprocess.py:106} INFO - [0m01:21:33  Required dependencies:
[2026-03-30T01:21:33.025+0000] {subprocess.py:106} INFO - [0m01:21:33   - git [[31mERROR[0m]
[2026-03-30T01:21:33.026+0000] {subprocess.py:106} INFO - 
[2026-03-30T01:21:33.026+0000] {subprocess.py:106} INFO - [0m01:21:33  Connection:
[2026-03-30T01:21:33.026+0000] {subprocess.py:106} INFO - [0m01:21:33    account: BBMCDSP-CT02489
[2026-03-30T01:21:33.026+0000] {subprocess.py:106} INFO - [0m01:21:33    user: user123
[2026-03-30T01:21:33.027+0000] {subprocess.py:106} INFO - [0m01:21:33    database: BANKING
[2026-03-30T01:21:33.027+0000] {subprocess.py:106} INFO - [0m01:21:33    warehouse: COMPUTE_WH
[2026-03-30T01:21:33.027+0000] {subprocess.py:106} INFO - [0m01:21:33    role: dbtadmin
[2026-03-30T01:21:33.028+0000] {subprocess.py:106} INFO - [0m01:21:33    schema: PUBLIC
[2026-03-30T01:21:33.028+0000] {subprocess.py:106} INFO - [0m01:21:33    authenticator: None
[2026-03-30T01:21:33.028+0000] {subprocess.py:106} INFO - [0m01:21:33    oauth_client_id: None
[2026-03-30T01:21:33.029+0000] {subprocess.py:106} INFO - [0m01:21:33    query_tag: None
[2026-03-30T01:21:33.029+0000] {subprocess.py:106} INFO - [0m01:21:33    client_session_keep_alive: False
[2026-03-30T01:21:33.029+0000] {subprocess.py:106} INFO - [0m01:21:33    host: None
[2026-03-30T01:21:33.029+0000] {subprocess.py:106} INFO - [0m01:21:33    port: None
[2026-03-30T01:21:33.030+0000] {subprocess.py:106} INFO - [0m01:21:33    proxy_host: None
[2026-03-30T01:21:33.030+0000] {subprocess.py:106} INFO - [0m01:21:33    proxy_port: None
[2026-03-30T01:21:33.030+0000] {subprocess.py:106} INFO - [0m01:21:33    protocol: None
[2026-03-30T01:21:33.031+0000] {subprocess.py:106} INFO - [0m01:21:33    connect_retries: 1
[2026-03-30T01:21:33.031+0000] {subprocess.py:106} INFO - [0m01:21:33    connect_timeout: None
[2026-03-30T01:21:33.031+0000] {subprocess.py:106} INFO - [0m01:21:33    retry_on_database_errors: False
[2026-03-30T01:21:33.031+0000] {subprocess.py:106} INFO - [0m01:21:33    retry_all: False
[2026-03-30T01:21:33.032+0000] {subprocess.py:106} INFO - [0m01:21:33    insecure_mode: False
[2026-03-30T01:21:33.032+0000] {subprocess.py:106} INFO - [0m01:21:33    reuse_connections: True
[2026-03-30T01:21:33.032+0000] {subprocess.py:106} INFO - [0m01:21:33    s3_stage_vpce_dns_name: None
[2026-03-30T01:21:33.033+0000] {subprocess.py:106} INFO - [0m01:21:33    platform_detection_timeout_seconds: 0.0
[2026-03-30T01:21:33.033+0000] {subprocess.py:106} INFO - [0m01:21:33  Registered adapter: snowflake=1.11.3
[2026-03-30T01:21:33.801+0000] {subprocess.py:106} INFO - [0m01:21:33    Connection test: [[32mOK connection ok[0m]
[2026-03-30T01:21:33.802+0000] {subprocess.py:106} INFO - 
[2026-03-30T01:21:33.803+0000] {subprocess.py:106} INFO - [0m01:21:33  [31m1 check failed:[0m
[2026-03-30T01:21:33.804+0000] {subprocess.py:106} INFO - [0m01:21:33  Error from git --help: Could not find command, ensure it is in the user's PATH: "git"
[2026-03-30T01:21:33.804+0000] {subprocess.py:106} INFO - 
[2026-03-30T01:21:35.550+0000] {subprocess.py:110} INFO - Command exited with return code 1
[2026-03-30T01:21:35.550+0000] {taskinstance.py:441} INFO - ::group::Post task execution logs
[2026-03-30T01:21:35.557+0000] {taskinstance.py:2905} ERROR - Task failed with exception
Traceback (most recent call last):
  File "/home/airflow/.local/lib/python3.12/site-packages/airflow/models/taskinstance.py", line 465, in _execute_task
    result = _execute_callable(context=context, **execute_callable_kwargs)
             ^^^^^^^^^^^^^^^^^^^^^^^^^^^^^^^^^^^^^^^^^^^^^^^^^^^^^^^^^^^^^
  File "/home/airflow/.local/lib/python3.12/site-packages/airflow/models/taskinstance.py", line 432, in _execute_callable
    return execute_callable(context=context, **execute_callable_kwargs)
           ^^^^^^^^^^^^^^^^^^^^^^^^^^^^^^^^^^^^^^^^^^^^^^^^^^^^^^^^^^^^
  File "/home/airflow/.local/lib/python3.12/site-packages/airflow/models/baseoperator.py", line 401, in wrapper
    return func(self, *args, **kwargs)
           ^^^^^^^^^^^^^^^^^^^^^^^^^^^
  File "/home/airflow/.local/lib/python3.12/site-packages/airflow/providers/standard/operators/bash.py", line 233, in execute
    raise AirflowException(
airflow.exceptions.AirflowException: Bash command failed. The command returned a non-zero exit code 1.
[2026-03-30T01:21:35.559+0000] {taskinstance.py:1206} INFO - Marking task as UP_FOR_RETRY. dag_id=banking_01_bronze_layer, task_id=debug, run_id=scheduled__2026-03-30T00:30:00+00:00, execution_date=20260330T003000, start_date=20260330T012131, end_date=20260330T012135
[2026-03-30T01:21:35.566+0000] {standard_task_runner.py:110} ERROR - Failed to execute job 7386 for task debug (Bash command failed. The command returned a non-zero exit code 1.; 6535)
[2026-03-30T01:21:35.610+0000] {local_task_job_runner.py:243} INFO - Task exited with return code 1
[2026-03-30T01:21:35.621+0000] {taskinstance.py:3503} INFO - 0 downstream tasks scheduled from follow-on schedule check
[2026-03-30T01:21:35.622+0000] {local_task_job_runner.py:222} INFO - ::endgroup::
