[2026-03-31T01:06:57.411+0000] {local_task_job_runner.py:120} INFO - ::group::Pre task execution logs
[2026-03-31T01:06:57.438+0000] {taskinstance.py:2076} INFO - Dependencies all met for dep_context=non-requeueable deps ti=<TaskInstance: banking_01_bronze_layer.debug manual__2026-03-31T01:01:39.085915+00:00 [queued]>
[2026-03-31T01:06:57.449+0000] {taskinstance.py:2076} INFO - Dependencies all met for dep_context=requeueable deps ti=<TaskInstance: banking_01_bronze_layer.debug manual__2026-03-31T01:01:39.085915+00:00 [queued]>
[2026-03-31T01:06:57.450+0000] {taskinstance.py:2306} INFO - Starting attempt 2 of 2
[2026-03-31T01:06:57.461+0000] {taskinstance.py:2330} INFO - Executing <Task(BashOperator): debug> on 2026-03-31 01:01:39.085915+00:00
[2026-03-31T01:06:57.466+0000] {standard_task_runner.py:64} INFO - Started process 42274 to run task
[2026-03-31T01:06:57.468+0000] {standard_task_runner.py:90} INFO - Running: ['***', 'tasks', 'run', 'banking_01_bronze_layer', 'debug', 'manual__2026-03-31T01:01:39.085915+00:00', '--job-id', '9561', '--raw', '--subdir', 'DAGS_FOLDER/dbt.py', '--cfg-path', '/tmp/tmpjlyu9vu0']
[2026-03-31T01:06:57.470+0000] {standard_task_runner.py:91} INFO - Job 9561: Subtask debug
[2026-03-31T01:06:57.603+0000] {task_command.py:426} INFO - Running <TaskInstance: banking_01_bronze_layer.debug manual__2026-03-31T01:01:39.085915+00:00 [running]> on host c990dffe13ae
[2026-03-31T01:06:57.666+0000] {taskinstance.py:2648} INFO - Exporting env vars: AIRFLOW_CTX_DAG_OWNER='risheek' AIRFLOW_CTX_DAG_ID='banking_01_bronze_layer' AIRFLOW_CTX_TASK_ID='debug' AIRFLOW_CTX_EXECUTION_DATE='2026-03-31T01:01:39.085915+00:00' AIRFLOW_CTX_TRY_NUMBER='2' AIRFLOW_CTX_DAG_RUN_ID='manual__2026-03-31T01:01:39.085915+00:00'
[2026-03-31T01:06:57.667+0000] {taskinstance.py:430} INFO - ::endgroup::
[2026-03-31T01:06:57.667+0000] {subprocess.py:78} INFO - Tmp dir root location: /tmp
[2026-03-31T01:06:57.668+0000] {subprocess.py:88} INFO - Running command: ['/usr/bin/bash', '-c', 'dbt debug --profiles-dir /opt/***/dbt/trans_snowf']
[2026-03-31T01:06:57.677+0000] {subprocess.py:99} INFO - Output:
[2026-03-31T01:06:59.433+0000] {subprocess.py:106} INFO - [0m01:06:59  Running with dbt=1.11.7
[2026-03-31T01:06:59.444+0000] {subprocess.py:106} INFO - [0m01:06:59  dbt version: 1.11.7
[2026-03-31T01:06:59.445+0000] {subprocess.py:106} INFO - [0m01:06:59  python version: 3.12.4
[2026-03-31T01:06:59.445+0000] {subprocess.py:106} INFO - [0m01:06:59  python path: /home/***/.local/bin/python
[2026-03-31T01:06:59.446+0000] {subprocess.py:106} INFO - [0m01:06:59  os info: Linux-6.12.76-linuxkit-aarch64-with-glibc2.36
[2026-03-31T01:07:00.288+0000] {subprocess.py:106} INFO - [0m01:07:00  Using profiles dir at /opt/***/dbt/trans_snowf
[2026-03-31T01:07:00.289+0000] {subprocess.py:106} INFO - [0m01:07:00  Using profiles.yml file at /opt/***/dbt/trans_snowf/profiles.yml
[2026-03-31T01:07:00.290+0000] {subprocess.py:106} INFO - [0m01:07:00  Using dbt_project.yml file at /opt/***/dbt/trans_snowf/dbt_project.yml
[2026-03-31T01:07:00.290+0000] {subprocess.py:106} INFO - [0m01:07:00  adapter type: snowflake
[2026-03-31T01:07:00.291+0000] {subprocess.py:106} INFO - [0m01:07:00  adapter version: 1.11.3
[2026-03-31T01:07:00.354+0000] {subprocess.py:106} INFO - [0m01:07:00  Configuration:
[2026-03-31T01:07:00.355+0000] {subprocess.py:106} INFO - [0m01:07:00    profiles.yml file [[32mOK found and valid[0m]
[2026-03-31T01:07:00.355+0000] {subprocess.py:106} INFO - [0m01:07:00    dbt_project.yml file [[32mOK found and valid[0m]
[2026-03-31T01:07:00.355+0000] {subprocess.py:106} INFO - [0m01:07:00  Required dependencies:
[2026-03-31T01:07:00.357+0000] {subprocess.py:106} INFO - [0m01:07:00   - git [[31mERROR[0m]
[2026-03-31T01:07:00.357+0000] {subprocess.py:106} INFO - 
[2026-03-31T01:07:00.357+0000] {subprocess.py:106} INFO - [0m01:07:00  Connection:
[2026-03-31T01:07:00.357+0000] {subprocess.py:106} INFO - [0m01:07:00    account: BBMCDSP-CT02489
[2026-03-31T01:07:00.358+0000] {subprocess.py:106} INFO - [0m01:07:00    user: user123
[2026-03-31T01:07:00.358+0000] {subprocess.py:106} INFO - [0m01:07:00    database: BANKING
[2026-03-31T01:07:00.358+0000] {subprocess.py:106} INFO - [0m01:07:00    warehouse: COMPUTE_WH
[2026-03-31T01:07:00.359+0000] {subprocess.py:106} INFO - [0m01:07:00    role: dbtadmin
[2026-03-31T01:07:00.359+0000] {subprocess.py:106} INFO - [0m01:07:00    schema: PUBLIC
[2026-03-31T01:07:00.359+0000] {subprocess.py:106} INFO - [0m01:07:00    authenticator: None
[2026-03-31T01:07:00.360+0000] {subprocess.py:106} INFO - [0m01:07:00    oauth_client_id: None
[2026-03-31T01:07:00.360+0000] {subprocess.py:106} INFO - [0m01:07:00    query_tag: None
[2026-03-31T01:07:00.360+0000] {subprocess.py:106} INFO - [0m01:07:00    client_session_keep_alive: False
[2026-03-31T01:07:00.360+0000] {subprocess.py:106} INFO - [0m01:07:00    host: None
[2026-03-31T01:07:00.361+0000] {subprocess.py:106} INFO - [0m01:07:00    port: None
[2026-03-31T01:07:00.361+0000] {subprocess.py:106} INFO - [0m01:07:00    proxy_host: None
[2026-03-31T01:07:00.361+0000] {subprocess.py:106} INFO - [0m01:07:00    proxy_port: None
[2026-03-31T01:07:00.362+0000] {subprocess.py:106} INFO - [0m01:07:00    protocol: None
[2026-03-31T01:07:00.362+0000] {subprocess.py:106} INFO - [0m01:07:00    connect_retries: 1
[2026-03-31T01:07:00.362+0000] {subprocess.py:106} INFO - [0m01:07:00    connect_timeout: None
[2026-03-31T01:07:00.363+0000] {subprocess.py:106} INFO - [0m01:07:00    retry_on_database_errors: False
[2026-03-31T01:07:00.363+0000] {subprocess.py:106} INFO - [0m01:07:00    retry_all: False
[2026-03-31T01:07:00.363+0000] {subprocess.py:106} INFO - [0m01:07:00    insecure_mode: False
[2026-03-31T01:07:00.364+0000] {subprocess.py:106} INFO - [0m01:07:00    reuse_connections: True
[2026-03-31T01:07:00.364+0000] {subprocess.py:106} INFO - [0m01:07:00    s3_stage_vpce_dns_name: None
[2026-03-31T01:07:00.364+0000] {subprocess.py:106} INFO - [0m01:07:00    platform_detection_timeout_seconds: 0.0
[2026-03-31T01:07:00.365+0000] {subprocess.py:106} INFO - [0m01:07:00  Registered adapter: snowflake=1.11.3
[2026-03-31T01:07:01.778+0000] {subprocess.py:106} INFO - [0m01:07:01    Connection test: [[32mOK connection ok[0m]
[2026-03-31T01:07:01.783+0000] {subprocess.py:106} INFO - 
[2026-03-31T01:07:01.784+0000] {subprocess.py:106} INFO - [0m01:07:01  [31m1 check failed:[0m
[2026-03-31T01:07:01.784+0000] {subprocess.py:106} INFO - [0m01:07:01  Error from git --help: Could not find command, ensure it is in the user's PATH: "git"
[2026-03-31T01:07:01.788+0000] {subprocess.py:106} INFO - 
[2026-03-31T01:07:04.212+0000] {subprocess.py:110} INFO - Command exited with return code 1
[2026-03-31T01:07:04.215+0000] {taskinstance.py:441} INFO - ::group::Post task execution logs
[2026-03-31T01:07:04.236+0000] {taskinstance.py:2905} ERROR - Task failed with exception
Traceback (most recent call last):
  File "/home/airflow/.local/lib/python3.12/site-packages/airflow/models/taskinstance.py", line 465, in _execute_task
    result = _execute_callable(context=context, **execute_callable_kwargs)
             ^^^^^^^^^^^^^^^^^^^^^^^^^^^^^^^^^^^^^^^^^^^^^^^^^^^^^^^^^^^^^
  File "/home/airflow/.local/lib/python3.12/site-packages/airflow/models/taskinstance.py", line 432, in _execute_callable
    return execute_callable(context=context, **execute_callable_kwargs)
           ^^^^^^^^^^^^^^^^^^^^^^^^^^^^^^^^^^^^^^^^^^^^^^^^^^^^^^^^^^^^
  File "/home/airflow/.local/lib/python3.12/site-packages/airflow/models/baseoperator.py", line 401, in wrapper
    return func(self, *args, **kwargs)
           ^^^^^^^^^^^^^^^^^^^^^^^^^^^
  File "/home/airflow/.local/lib/python3.12/site-packages/airflow/providers/standard/operators/bash.py", line 233, in execute
    raise AirflowException(
airflow.exceptions.AirflowException: Bash command failed. The command returned a non-zero exit code 1.
[2026-03-31T01:07:04.242+0000] {taskinstance.py:1206} INFO - Marking task as FAILED. dag_id=banking_01_bronze_layer, task_id=debug, run_id=manual__2026-03-31T01:01:39.085915+00:00, execution_date=20260331T010139, start_date=20260331T010657, end_date=20260331T010704
[2026-03-31T01:07:04.256+0000] {standard_task_runner.py:110} ERROR - Failed to execute job 9561 for task debug (Bash command failed. The command returned a non-zero exit code 1.; 42274)
[2026-03-31T01:07:04.283+0000] {local_task_job_runner.py:243} INFO - Task exited with return code 1
[2026-03-31T01:07:04.298+0000] {taskinstance.py:3503} INFO - 0 downstream tasks scheduled from follow-on schedule check
[2026-03-31T01:07:04.298+0000] {local_task_job_runner.py:222} INFO - ::endgroup::
