[2026-03-31T01:01:47.045+0000] {local_task_job_runner.py:120} INFO - ::group::Pre task execution logs
[2026-03-31T01:01:47.088+0000] {taskinstance.py:2076} INFO - Dependencies all met for dep_context=non-requeueable deps ti=<TaskInstance: banking_01_bronze_layer.debug manual__2026-03-31T01:01:39.085915+00:00 [queued]>
[2026-03-31T01:01:47.098+0000] {taskinstance.py:2076} INFO - Dependencies all met for dep_context=requeueable deps ti=<TaskInstance: banking_01_bronze_layer.debug manual__2026-03-31T01:01:39.085915+00:00 [queued]>
[2026-03-31T01:01:47.099+0000] {taskinstance.py:2306} INFO - Starting attempt 1 of 2
[2026-03-31T01:01:47.110+0000] {taskinstance.py:2330} INFO - Executing <Task(BashOperator): debug> on 2026-03-31 01:01:39.085915+00:00
[2026-03-31T01:01:47.117+0000] {standard_task_runner.py:64} INFO - Started process 42120 to run task
[2026-03-31T01:01:47.120+0000] {standard_task_runner.py:90} INFO - Running: ['***', 'tasks', 'run', 'banking_01_bronze_layer', 'debug', 'manual__2026-03-31T01:01:39.085915+00:00', '--job-id', '9556', '--raw', '--subdir', 'DAGS_FOLDER/dbt.py', '--cfg-path', '/tmp/tmpy50yrbeo']
[2026-03-31T01:01:47.122+0000] {standard_task_runner.py:91} INFO - Job 9556: Subtask debug
[2026-03-31T01:01:47.187+0000] {task_command.py:426} INFO - Running <TaskInstance: banking_01_bronze_layer.debug manual__2026-03-31T01:01:39.085915+00:00 [running]> on host c990dffe13ae
[2026-03-31T01:01:47.268+0000] {taskinstance.py:2648} INFO - Exporting env vars: AIRFLOW_CTX_DAG_OWNER='risheek' AIRFLOW_CTX_DAG_ID='banking_01_bronze_layer' AIRFLOW_CTX_TASK_ID='debug' AIRFLOW_CTX_EXECUTION_DATE='2026-03-31T01:01:39.085915+00:00' AIRFLOW_CTX_TRY_NUMBER='1' AIRFLOW_CTX_DAG_RUN_ID='manual__2026-03-31T01:01:39.085915+00:00'
[2026-03-31T01:01:47.270+0000] {taskinstance.py:430} INFO - ::endgroup::
[2026-03-31T01:01:47.275+0000] {subprocess.py:78} INFO - Tmp dir root location: /tmp
[2026-03-31T01:01:47.276+0000] {subprocess.py:88} INFO - Running command: ['/usr/bin/bash', '-c', 'dbt debug --profiles-dir /opt/***/dbt/trans_snowf']
[2026-03-31T01:01:47.293+0000] {subprocess.py:99} INFO - Output:
[2026-03-31T01:01:50.053+0000] {subprocess.py:106} INFO - [0m01:01:50  Running with dbt=1.11.7
[2026-03-31T01:01:50.072+0000] {subprocess.py:106} INFO - [0m01:01:50  dbt version: 1.11.7
[2026-03-31T01:01:50.073+0000] {subprocess.py:106} INFO - [0m01:01:50  python version: 3.12.4
[2026-03-31T01:01:50.073+0000] {subprocess.py:106} INFO - [0m01:01:50  python path: /home/***/.local/bin/python
[2026-03-31T01:01:50.074+0000] {subprocess.py:106} INFO - [0m01:01:50  os info: Linux-6.12.76-linuxkit-aarch64-with-glibc2.36
[2026-03-31T01:01:51.070+0000] {subprocess.py:106} INFO - [0m01:01:51  Using profiles dir at /opt/***/dbt/trans_snowf
[2026-03-31T01:01:51.071+0000] {subprocess.py:106} INFO - [0m01:01:51  Using profiles.yml file at /opt/***/dbt/trans_snowf/profiles.yml
[2026-03-31T01:01:51.072+0000] {subprocess.py:106} INFO - [0m01:01:51  Using dbt_project.yml file at /opt/***/dbt/trans_snowf/dbt_project.yml
[2026-03-31T01:01:51.072+0000] {subprocess.py:106} INFO - [0m01:01:51  adapter type: snowflake
[2026-03-31T01:01:51.073+0000] {subprocess.py:106} INFO - [0m01:01:51  adapter version: 1.11.3
[2026-03-31T01:01:51.132+0000] {subprocess.py:106} INFO - [0m01:01:51  Configuration:
[2026-03-31T01:01:51.133+0000] {subprocess.py:106} INFO - [0m01:01:51    profiles.yml file [[32mOK found and valid[0m]
[2026-03-31T01:01:51.133+0000] {subprocess.py:106} INFO - [0m01:01:51    dbt_project.yml file [[32mOK found and valid[0m]
[2026-03-31T01:01:51.133+0000] {subprocess.py:106} INFO - [0m01:01:51  Required dependencies:
[2026-03-31T01:01:51.135+0000] {subprocess.py:106} INFO - [0m01:01:51   - git [[31mERROR[0m]
[2026-03-31T01:01:51.135+0000] {subprocess.py:106} INFO - 
[2026-03-31T01:01:51.135+0000] {subprocess.py:106} INFO - [0m01:01:51  Connection:
[2026-03-31T01:01:51.135+0000] {subprocess.py:106} INFO - [0m01:01:51    account: BBMCDSP-CT02489
[2026-03-31T01:01:51.136+0000] {subprocess.py:106} INFO - [0m01:01:51    user: user123
[2026-03-31T01:01:51.136+0000] {subprocess.py:106} INFO - [0m01:01:51    database: BANKING
[2026-03-31T01:01:51.136+0000] {subprocess.py:106} INFO - [0m01:01:51    warehouse: COMPUTE_WH
[2026-03-31T01:01:51.137+0000] {subprocess.py:106} INFO - [0m01:01:51    role: dbtadmin
[2026-03-31T01:01:51.137+0000] {subprocess.py:106} INFO - [0m01:01:51    schema: PUBLIC
[2026-03-31T01:01:51.137+0000] {subprocess.py:106} INFO - [0m01:01:51    authenticator: None
[2026-03-31T01:01:51.137+0000] {subprocess.py:106} INFO - [0m01:01:51    oauth_client_id: None
[2026-03-31T01:01:51.138+0000] {subprocess.py:106} INFO - [0m01:01:51    query_tag: None
[2026-03-31T01:01:51.138+0000] {subprocess.py:106} INFO - [0m01:01:51    client_session_keep_alive: False
[2026-03-31T01:01:51.138+0000] {subprocess.py:106} INFO - [0m01:01:51    host: None
[2026-03-31T01:01:51.139+0000] {subprocess.py:106} INFO - [0m01:01:51    port: None
[2026-03-31T01:01:51.139+0000] {subprocess.py:106} INFO - [0m01:01:51    proxy_host: None
[2026-03-31T01:01:51.139+0000] {subprocess.py:106} INFO - [0m01:01:51    proxy_port: None
[2026-03-31T01:01:51.140+0000] {subprocess.py:106} INFO - [0m01:01:51    protocol: None
[2026-03-31T01:01:51.140+0000] {subprocess.py:106} INFO - [0m01:01:51    connect_retries: 1
[2026-03-31T01:01:51.140+0000] {subprocess.py:106} INFO - [0m01:01:51    connect_timeout: None
[2026-03-31T01:01:51.141+0000] {subprocess.py:106} INFO - [0m01:01:51    retry_on_database_errors: False
[2026-03-31T01:01:51.141+0000] {subprocess.py:106} INFO - [0m01:01:51    retry_all: False
[2026-03-31T01:01:51.141+0000] {subprocess.py:106} INFO - [0m01:01:51    insecure_mode: False
[2026-03-31T01:01:51.142+0000] {subprocess.py:106} INFO - [0m01:01:51    reuse_connections: True
[2026-03-31T01:01:51.142+0000] {subprocess.py:106} INFO - [0m01:01:51    s3_stage_vpce_dns_name: None
[2026-03-31T01:01:51.144+0000] {subprocess.py:106} INFO - [0m01:01:51    platform_detection_timeout_seconds: 0.0
[2026-03-31T01:01:51.145+0000] {subprocess.py:106} INFO - [0m01:01:51  Registered adapter: snowflake=1.11.3
[2026-03-31T01:01:52.320+0000] {subprocess.py:106} INFO - [0m01:01:52    Connection test: [[32mOK connection ok[0m]
[2026-03-31T01:01:52.322+0000] {subprocess.py:106} INFO - 
[2026-03-31T01:01:52.323+0000] {subprocess.py:106} INFO - [0m01:01:52  [31m1 check failed:[0m
[2026-03-31T01:01:52.323+0000] {subprocess.py:106} INFO - [0m01:01:52  Error from git --help: Could not find command, ensure it is in the user's PATH: "git"
[2026-03-31T01:01:52.323+0000] {subprocess.py:106} INFO - 
[2026-03-31T01:01:54.855+0000] {subprocess.py:110} INFO - Command exited with return code 1
[2026-03-31T01:01:54.859+0000] {taskinstance.py:441} INFO - ::group::Post task execution logs
[2026-03-31T01:01:54.892+0000] {taskinstance.py:2905} ERROR - Task failed with exception
Traceback (most recent call last):
  File "/home/airflow/.local/lib/python3.12/site-packages/airflow/models/taskinstance.py", line 465, in _execute_task
    result = _execute_callable(context=context, **execute_callable_kwargs)
             ^^^^^^^^^^^^^^^^^^^^^^^^^^^^^^^^^^^^^^^^^^^^^^^^^^^^^^^^^^^^^
  File "/home/airflow/.local/lib/python3.12/site-packages/airflow/models/taskinstance.py", line 432, in _execute_callable
    return execute_callable(context=context, **execute_callable_kwargs)
           ^^^^^^^^^^^^^^^^^^^^^^^^^^^^^^^^^^^^^^^^^^^^^^^^^^^^^^^^^^^^
  File "/home/airflow/.local/lib/python3.12/site-packages/airflow/models/baseoperator.py", line 401, in wrapper
    return func(self, *args, **kwargs)
           ^^^^^^^^^^^^^^^^^^^^^^^^^^^
  File "/home/airflow/.local/lib/python3.12/site-packages/airflow/providers/standard/operators/bash.py", line 233, in execute
    raise AirflowException(
airflow.exceptions.AirflowException: Bash command failed. The command returned a non-zero exit code 1.
[2026-03-31T01:01:54.900+0000] {taskinstance.py:1206} INFO - Marking task as UP_FOR_RETRY. dag_id=banking_01_bronze_layer, task_id=debug, run_id=manual__2026-03-31T01:01:39.085915+00:00, execution_date=20260331T010139, start_date=20260331T010147, end_date=20260331T010154
[2026-03-31T01:01:54.945+0000] {standard_task_runner.py:110} ERROR - Failed to execute job 9556 for task debug (Bash command failed. The command returned a non-zero exit code 1.; 42120)
[2026-03-31T01:01:54.977+0000] {local_task_job_runner.py:243} INFO - Task exited with return code 1
[2026-03-31T01:01:55.015+0000] {taskinstance.py:3503} INFO - 0 downstream tasks scheduled from follow-on schedule check
[2026-03-31T01:01:55.016+0000] {local_task_job_runner.py:222} INFO - ::endgroup::
