[2026-03-28T02:48:31.014+0000] {local_task_job_runner.py:120} INFO - ::group::Pre task execution logs
[2026-03-28T02:48:31.034+0000] {taskinstance.py:2076} INFO - Dependencies all met for dep_context=non-requeueable deps ti=<TaskInstance: banking_01_bronze_layer.debug scheduled__2026-03-27T22:00:00+00:00 [queued]>
[2026-03-28T02:48:31.039+0000] {taskinstance.py:2076} INFO - Dependencies all met for dep_context=requeueable deps ti=<TaskInstance: banking_01_bronze_layer.debug scheduled__2026-03-27T22:00:00+00:00 [queued]>
[2026-03-28T02:48:31.039+0000] {taskinstance.py:2306} INFO - Starting attempt 2 of 2
[2026-03-28T02:48:31.047+0000] {taskinstance.py:2330} INFO - Executing <Task(BashOperator): debug> on 2026-03-27 22:00:00+00:00
[2026-03-28T02:48:31.050+0000] {standard_task_runner.py:64} INFO - Started process 43632 to run task
[2026-03-28T02:48:31.052+0000] {standard_task_runner.py:90} INFO - Running: ['***', 'tasks', 'run', 'banking_01_bronze_layer', 'debug', 'scheduled__2026-03-27T22:00:00+00:00', '--job-id', '5695', '--raw', '--subdir', 'DAGS_FOLDER/dbt.py', '--cfg-path', '/tmp/tmp0mrs3ke4']
[2026-03-28T02:48:31.054+0000] {standard_task_runner.py:91} INFO - Job 5695: Subtask debug
[2026-03-28T02:48:31.089+0000] {task_command.py:426} INFO - Running <TaskInstance: banking_01_bronze_layer.debug scheduled__2026-03-27T22:00:00+00:00 [running]> on host c990dffe13ae
[2026-03-28T02:48:31.150+0000] {taskinstance.py:2648} INFO - Exporting env vars: AIRFLOW_CTX_DAG_OWNER='risheek' AIRFLOW_CTX_DAG_ID='banking_01_bronze_layer' AIRFLOW_CTX_TASK_ID='debug' AIRFLOW_CTX_EXECUTION_DATE='2026-03-27T22:00:00+00:00' AIRFLOW_CTX_TRY_NUMBER='2' AIRFLOW_CTX_DAG_RUN_ID='scheduled__2026-03-27T22:00:00+00:00'
[2026-03-28T02:48:31.150+0000] {taskinstance.py:430} INFO - ::endgroup::
[2026-03-28T02:48:31.151+0000] {subprocess.py:78} INFO - Tmp dir root location: /tmp
[2026-03-28T02:48:31.152+0000] {subprocess.py:88} INFO - Running command: ['/usr/bin/bash', '-c', 'dbt debug --profiles-dir /opt/***/dbt/trans_snowf']
[2026-03-28T02:48:31.159+0000] {subprocess.py:99} INFO - Output:
[2026-03-28T03:03:57.882+0000] {subprocess.py:106} INFO - [0m03:03:57  Running with dbt=1.11.7
[2026-03-28T03:03:57.891+0000] {subprocess.py:106} INFO - [0m03:03:57  dbt version: 1.11.7
[2026-03-28T03:03:57.891+0000] {subprocess.py:106} INFO - [0m03:03:57  python version: 3.12.4
[2026-03-28T03:03:57.892+0000] {subprocess.py:106} INFO - [0m03:03:57  python path: /home/***/.local/bin/python
[2026-03-28T03:03:57.892+0000] {subprocess.py:106} INFO - [0m03:03:57  os info: Linux-6.12.76-linuxkit-aarch64-with-glibc2.36
[2026-03-28T03:03:58.499+0000] {subprocess.py:106} INFO - [0m03:03:58  Using profiles dir at /opt/***/dbt/trans_snowf
[2026-03-28T03:03:58.501+0000] {subprocess.py:106} INFO - [0m03:03:58  Using profiles.yml file at /opt/***/dbt/trans_snowf/profiles.yml
[2026-03-28T03:03:58.501+0000] {subprocess.py:106} INFO - [0m03:03:58  Using dbt_project.yml file at /opt/***/dbt/trans_snowf/dbt_project.yml
[2026-03-28T03:03:58.502+0000] {subprocess.py:106} INFO - [0m03:03:58  adapter type: snowflake
[2026-03-28T03:03:58.502+0000] {subprocess.py:106} INFO - [0m03:03:58  adapter version: 1.11.3
[2026-03-28T03:03:58.582+0000] {subprocess.py:106} INFO - [0m03:03:58  Configuration:
[2026-03-28T03:03:58.582+0000] {subprocess.py:106} INFO - [0m03:03:58    profiles.yml file [[32mOK found and valid[0m]
[2026-03-28T03:03:58.583+0000] {subprocess.py:106} INFO - [0m03:03:58    dbt_project.yml file [[32mOK found and valid[0m]
[2026-03-28T03:03:58.583+0000] {subprocess.py:106} INFO - [0m03:03:58  Required dependencies:
[2026-03-28T03:03:58.585+0000] {subprocess.py:106} INFO - [0m03:03:58   - git [[31mERROR[0m]
[2026-03-28T03:03:58.585+0000] {subprocess.py:106} INFO - 
[2026-03-28T03:03:58.585+0000] {subprocess.py:106} INFO - [0m03:03:58  Connection:
[2026-03-28T03:03:58.585+0000] {subprocess.py:106} INFO - [0m03:03:58    account: BBMCDSP-CT02489
[2026-03-28T03:03:58.586+0000] {subprocess.py:106} INFO - [0m03:03:58    user: user123
[2026-03-28T03:03:58.586+0000] {subprocess.py:106} INFO - [0m03:03:58    database: BANKING
[2026-03-28T03:03:58.587+0000] {subprocess.py:106} INFO - [0m03:03:58    warehouse: COMPUTE_WH
[2026-03-28T03:03:58.587+0000] {subprocess.py:106} INFO - [0m03:03:58    role: dbtadmin
[2026-03-28T03:03:58.588+0000] {subprocess.py:106} INFO - [0m03:03:58    schema: PUBLIC
[2026-03-28T03:03:58.588+0000] {subprocess.py:106} INFO - [0m03:03:58    authenticator: None
[2026-03-28T03:03:58.588+0000] {subprocess.py:106} INFO - [0m03:03:58    oauth_client_id: None
[2026-03-28T03:03:58.589+0000] {subprocess.py:106} INFO - [0m03:03:58    query_tag: None
[2026-03-28T03:03:58.589+0000] {subprocess.py:106} INFO - [0m03:03:58    client_session_keep_alive: False
[2026-03-28T03:03:58.590+0000] {subprocess.py:106} INFO - [0m03:03:58    host: None
[2026-03-28T03:03:58.590+0000] {subprocess.py:106} INFO - [0m03:03:58    port: None
[2026-03-28T03:03:58.590+0000] {subprocess.py:106} INFO - [0m03:03:58    proxy_host: None
[2026-03-28T03:03:58.591+0000] {subprocess.py:106} INFO - [0m03:03:58    proxy_port: None
[2026-03-28T03:03:58.591+0000] {subprocess.py:106} INFO - [0m03:03:58    protocol: None
[2026-03-28T03:03:58.592+0000] {subprocess.py:106} INFO - [0m03:03:58    connect_retries: 1
[2026-03-28T03:03:58.592+0000] {subprocess.py:106} INFO - [0m03:03:58    connect_timeout: None
[2026-03-28T03:03:58.592+0000] {subprocess.py:106} INFO - [0m03:03:58    retry_on_database_errors: False
[2026-03-28T03:03:58.593+0000] {subprocess.py:106} INFO - [0m03:03:58    retry_all: False
[2026-03-28T03:03:58.593+0000] {subprocess.py:106} INFO - [0m03:03:58    insecure_mode: False
[2026-03-28T03:03:58.594+0000] {subprocess.py:106} INFO - [0m03:03:58    reuse_connections: True
[2026-03-28T03:03:58.594+0000] {subprocess.py:106} INFO - [0m03:03:58    s3_stage_vpce_dns_name: None
[2026-03-28T03:03:58.594+0000] {subprocess.py:106} INFO - [0m03:03:58    platform_detection_timeout_seconds: 0.0
[2026-03-28T03:03:58.595+0000] {subprocess.py:106} INFO - [0m03:03:58  Registered adapter: snowflake=1.11.3
[2026-03-28T03:03:59.460+0000] {subprocess.py:106} INFO - [0m03:03:59    Connection test: [[32mOK connection ok[0m]
[2026-03-28T03:03:59.463+0000] {subprocess.py:106} INFO - 
[2026-03-28T03:03:59.463+0000] {subprocess.py:106} INFO - [0m03:03:59  [31m1 check failed:[0m
[2026-03-28T03:03:59.480+0000] {subprocess.py:106} INFO - [0m03:03:59  Error from git --help: Could not find command, ensure it is in the user's PATH: "git"
[2026-03-28T03:03:59.480+0000] {subprocess.py:106} INFO - 
[2026-03-28T03:04:01.394+0000] {subprocess.py:110} INFO - Command exited with return code 1
[2026-03-28T03:04:01.396+0000] {taskinstance.py:441} INFO - ::group::Post task execution logs
[2026-03-28T03:04:01.417+0000] {taskinstance.py:2905} ERROR - Task failed with exception
Traceback (most recent call last):
  File "/home/airflow/.local/lib/python3.12/site-packages/airflow/models/taskinstance.py", line 465, in _execute_task
    result = _execute_callable(context=context, **execute_callable_kwargs)
             ^^^^^^^^^^^^^^^^^^^^^^^^^^^^^^^^^^^^^^^^^^^^^^^^^^^^^^^^^^^^^
  File "/home/airflow/.local/lib/python3.12/site-packages/airflow/models/taskinstance.py", line 432, in _execute_callable
    return execute_callable(context=context, **execute_callable_kwargs)
           ^^^^^^^^^^^^^^^^^^^^^^^^^^^^^^^^^^^^^^^^^^^^^^^^^^^^^^^^^^^^
  File "/home/airflow/.local/lib/python3.12/site-packages/airflow/models/baseoperator.py", line 401, in wrapper
    return func(self, *args, **kwargs)
           ^^^^^^^^^^^^^^^^^^^^^^^^^^^
  File "/home/airflow/.local/lib/python3.12/site-packages/airflow/providers/standard/operators/bash.py", line 233, in execute
    raise AirflowException(
airflow.exceptions.AirflowException: Bash command failed. The command returned a non-zero exit code 1.
[2026-03-28T03:04:01.422+0000] {taskinstance.py:1206} INFO - Marking task as FAILED. dag_id=banking_01_bronze_layer, task_id=debug, run_id=scheduled__2026-03-27T22:00:00+00:00, execution_date=20260327T220000, start_date=20260328T024831, end_date=20260328T030401
[2026-03-28T03:04:01.437+0000] {standard_task_runner.py:110} ERROR - Failed to execute job 5695 for task debug (Bash command failed. The command returned a non-zero exit code 1.; 43632)
[2026-03-28T03:04:01.480+0000] {local_task_job_runner.py:243} INFO - Task exited with return code 1
[2026-03-28T03:04:01.495+0000] {taskinstance.py:3503} INFO - 0 downstream tasks scheduled from follow-on schedule check
[2026-03-28T03:04:01.496+0000] {local_task_job_runner.py:222} INFO - ::endgroup::
