[2026-03-28T18:30:02.764+0000] {local_task_job_runner.py:120} INFO - ::group::Pre task execution logs
[2026-03-28T18:30:02.781+0000] {taskinstance.py:2076} INFO - Dependencies all met for dep_context=non-requeueable deps ti=<TaskInstance: banking_01_bronze_layer.debug scheduled__2026-03-28T18:00:00+00:00 [queued]>
[2026-03-28T18:30:02.784+0000] {taskinstance.py:2076} INFO - Dependencies all met for dep_context=requeueable deps ti=<TaskInstance: banking_01_bronze_layer.debug scheduled__2026-03-28T18:00:00+00:00 [queued]>
[2026-03-28T18:30:02.784+0000] {taskinstance.py:2306} INFO - Starting attempt 1 of 2
[2026-03-28T18:30:02.790+0000] {taskinstance.py:2330} INFO - Executing <Task(BashOperator): debug> on 2026-03-28 18:00:00+00:00
[2026-03-28T18:30:02.793+0000] {standard_task_runner.py:64} INFO - Started process 11666 to run task
[2026-03-28T18:30:02.795+0000] {standard_task_runner.py:90} INFO - Running: ['***', 'tasks', 'run', 'banking_01_bronze_layer', 'debug', 'scheduled__2026-03-28T18:00:00+00:00', '--job-id', '6933', '--raw', '--subdir', 'DAGS_FOLDER/dbt.py', '--cfg-path', '/tmp/tmpm3wo51t5']
[2026-03-28T18:30:02.796+0000] {standard_task_runner.py:91} INFO - Job 6933: Subtask debug
[2026-03-28T18:30:02.848+0000] {task_command.py:426} INFO - Running <TaskInstance: banking_01_bronze_layer.debug scheduled__2026-03-28T18:00:00+00:00 [running]> on host c990dffe13ae
[2026-03-28T18:30:02.911+0000] {taskinstance.py:2648} INFO - Exporting env vars: AIRFLOW_CTX_DAG_OWNER='risheek' AIRFLOW_CTX_DAG_ID='banking_01_bronze_layer' AIRFLOW_CTX_TASK_ID='debug' AIRFLOW_CTX_EXECUTION_DATE='2026-03-28T18:00:00+00:00' AIRFLOW_CTX_TRY_NUMBER='1' AIRFLOW_CTX_DAG_RUN_ID='scheduled__2026-03-28T18:00:00+00:00'
[2026-03-28T18:30:02.912+0000] {taskinstance.py:430} INFO - ::endgroup::
[2026-03-28T18:30:02.913+0000] {subprocess.py:78} INFO - Tmp dir root location: /tmp
[2026-03-28T18:30:02.914+0000] {subprocess.py:88} INFO - Running command: ['/usr/bin/bash', '-c', 'dbt debug --profiles-dir /opt/***/dbt/trans_snowf']
[2026-03-28T18:30:02.921+0000] {subprocess.py:99} INFO - Output:
[2026-03-28T18:30:04.560+0000] {subprocess.py:106} INFO - [0m18:30:04  Running with dbt=1.11.7
[2026-03-28T18:30:04.570+0000] {subprocess.py:106} INFO - [0m18:30:04  dbt version: 1.11.7
[2026-03-28T18:30:04.571+0000] {subprocess.py:106} INFO - [0m18:30:04  python version: 3.12.4
[2026-03-28T18:30:04.571+0000] {subprocess.py:106} INFO - [0m18:30:04  python path: /home/***/.local/bin/python
[2026-03-28T18:30:04.572+0000] {subprocess.py:106} INFO - [0m18:30:04  os info: Linux-6.12.76-linuxkit-aarch64-with-glibc2.36
[2026-03-28T18:30:05.114+0000] {subprocess.py:106} INFO - [0m18:30:05  Using profiles dir at /opt/***/dbt/trans_snowf
[2026-03-28T18:30:05.115+0000] {subprocess.py:106} INFO - [0m18:30:05  Using profiles.yml file at /opt/***/dbt/trans_snowf/profiles.yml
[2026-03-28T18:30:05.115+0000] {subprocess.py:106} INFO - [0m18:30:05  Using dbt_project.yml file at /opt/***/dbt/trans_snowf/dbt_project.yml
[2026-03-28T18:30:05.116+0000] {subprocess.py:106} INFO - [0m18:30:05  adapter type: snowflake
[2026-03-28T18:30:05.116+0000] {subprocess.py:106} INFO - [0m18:30:05  adapter version: 1.11.3
[2026-03-28T18:30:05.208+0000] {subprocess.py:106} INFO - [0m18:30:05  Configuration:
[2026-03-28T18:30:05.208+0000] {subprocess.py:106} INFO - [0m18:30:05    profiles.yml file [[32mOK found and valid[0m]
[2026-03-28T18:30:05.209+0000] {subprocess.py:106} INFO - [0m18:30:05    dbt_project.yml file [[32mOK found and valid[0m]
[2026-03-28T18:30:05.209+0000] {subprocess.py:106} INFO - [0m18:30:05  Required dependencies:
[2026-03-28T18:30:05.210+0000] {subprocess.py:106} INFO - [0m18:30:05   - git [[31mERROR[0m]
[2026-03-28T18:30:05.211+0000] {subprocess.py:106} INFO - 
[2026-03-28T18:30:05.211+0000] {subprocess.py:106} INFO - [0m18:30:05  Connection:
[2026-03-28T18:30:05.211+0000] {subprocess.py:106} INFO - [0m18:30:05    account: BBMCDSP-CT02489
[2026-03-28T18:30:05.212+0000] {subprocess.py:106} INFO - [0m18:30:05    user: user123
[2026-03-28T18:30:05.212+0000] {subprocess.py:106} INFO - [0m18:30:05    database: BANKING
[2026-03-28T18:30:05.213+0000] {subprocess.py:106} INFO - [0m18:30:05    warehouse: COMPUTE_WH
[2026-03-28T18:30:05.213+0000] {subprocess.py:106} INFO - [0m18:30:05    role: dbtadmin
[2026-03-28T18:30:05.214+0000] {subprocess.py:106} INFO - [0m18:30:05    schema: PUBLIC
[2026-03-28T18:30:05.214+0000] {subprocess.py:106} INFO - [0m18:30:05    authenticator: None
[2026-03-28T18:30:05.214+0000] {subprocess.py:106} INFO - [0m18:30:05    oauth_client_id: None
[2026-03-28T18:30:05.215+0000] {subprocess.py:106} INFO - [0m18:30:05    query_tag: None
[2026-03-28T18:30:05.216+0000] {subprocess.py:106} INFO - [0m18:30:05    client_session_keep_alive: False
[2026-03-28T18:30:05.217+0000] {subprocess.py:106} INFO - [0m18:30:05    host: None
[2026-03-28T18:30:05.218+0000] {subprocess.py:106} INFO - [0m18:30:05    port: None
[2026-03-28T18:30:05.218+0000] {subprocess.py:106} INFO - [0m18:30:05    proxy_host: None
[2026-03-28T18:30:05.219+0000] {subprocess.py:106} INFO - [0m18:30:05    proxy_port: None
[2026-03-28T18:30:05.219+0000] {subprocess.py:106} INFO - [0m18:30:05    protocol: None
[2026-03-28T18:30:05.219+0000] {subprocess.py:106} INFO - [0m18:30:05    connect_retries: 1
[2026-03-28T18:30:05.220+0000] {subprocess.py:106} INFO - [0m18:30:05    connect_timeout: None
[2026-03-28T18:30:05.220+0000] {subprocess.py:106} INFO - [0m18:30:05    retry_on_database_errors: False
[2026-03-28T18:30:05.220+0000] {subprocess.py:106} INFO - [0m18:30:05    retry_all: False
[2026-03-28T18:30:05.221+0000] {subprocess.py:106} INFO - [0m18:30:05    insecure_mode: False
[2026-03-28T18:30:05.221+0000] {subprocess.py:106} INFO - [0m18:30:05    reuse_connections: True
[2026-03-28T18:30:05.221+0000] {subprocess.py:106} INFO - [0m18:30:05    s3_stage_vpce_dns_name: None
[2026-03-28T18:30:05.222+0000] {subprocess.py:106} INFO - [0m18:30:05    platform_detection_timeout_seconds: 0.0
[2026-03-28T18:30:05.223+0000] {subprocess.py:106} INFO - [0m18:30:05  Registered adapter: snowflake=1.11.3
[2026-03-28T18:30:06.445+0000] {subprocess.py:106} INFO - [0m18:30:06    Connection test: [[32mOK connection ok[0m]
[2026-03-28T18:30:06.449+0000] {subprocess.py:106} INFO - 
[2026-03-28T18:30:06.450+0000] {subprocess.py:106} INFO - [0m18:30:06  [31m1 check failed:[0m
[2026-03-28T18:30:06.450+0000] {subprocess.py:106} INFO - [0m18:30:06  Error from git --help: Could not find command, ensure it is in the user's PATH: "git"
[2026-03-28T18:30:06.450+0000] {subprocess.py:106} INFO - 
[2026-03-28T18:30:07.687+0000] {subprocess.py:110} INFO - Command exited with return code 1
[2026-03-28T18:30:07.693+0000] {taskinstance.py:441} INFO - ::group::Post task execution logs
[2026-03-28T18:30:07.719+0000] {taskinstance.py:2905} ERROR - Task failed with exception
Traceback (most recent call last):
  File "/home/airflow/.local/lib/python3.12/site-packages/airflow/models/taskinstance.py", line 465, in _execute_task
    result = _execute_callable(context=context, **execute_callable_kwargs)
             ^^^^^^^^^^^^^^^^^^^^^^^^^^^^^^^^^^^^^^^^^^^^^^^^^^^^^^^^^^^^^
  File "/home/airflow/.local/lib/python3.12/site-packages/airflow/models/taskinstance.py", line 432, in _execute_callable
    return execute_callable(context=context, **execute_callable_kwargs)
           ^^^^^^^^^^^^^^^^^^^^^^^^^^^^^^^^^^^^^^^^^^^^^^^^^^^^^^^^^^^^
  File "/home/airflow/.local/lib/python3.12/site-packages/airflow/models/baseoperator.py", line 401, in wrapper
    return func(self, *args, **kwargs)
           ^^^^^^^^^^^^^^^^^^^^^^^^^^^
  File "/home/airflow/.local/lib/python3.12/site-packages/airflow/providers/standard/operators/bash.py", line 233, in execute
    raise AirflowException(
airflow.exceptions.AirflowException: Bash command failed. The command returned a non-zero exit code 1.
[2026-03-28T18:30:07.725+0000] {taskinstance.py:1206} INFO - Marking task as UP_FOR_RETRY. dag_id=banking_01_bronze_layer, task_id=debug, run_id=scheduled__2026-03-28T18:00:00+00:00, execution_date=20260328T180000, start_date=20260328T183002, end_date=20260328T183007
[2026-03-28T18:30:07.741+0000] {standard_task_runner.py:110} ERROR - Failed to execute job 6933 for task debug (Bash command failed. The command returned a non-zero exit code 1.; 11666)
[2026-03-28T18:30:07.776+0000] {local_task_job_runner.py:243} INFO - Task exited with return code 1
[2026-03-28T18:30:07.806+0000] {taskinstance.py:3503} INFO - 0 downstream tasks scheduled from follow-on schedule check
[2026-03-28T18:30:07.807+0000] {local_task_job_runner.py:222} INFO - ::endgroup::
