[2026-03-27T11:22:57.874+0000] {local_task_job_runner.py:120} INFO - ::group::Pre task execution logs
[2026-03-27T11:22:57.890+0000] {taskinstance.py:2076} INFO - Dependencies all met for dep_context=non-requeueable deps ti=<TaskInstance: transfer_from_minio_to_snowflake_accounts.create_stage scheduled__2026-03-27T11:21:00+00:00 [queued]>
[2026-03-27T11:22:57.894+0000] {taskinstance.py:2076} INFO - Dependencies all met for dep_context=requeueable deps ti=<TaskInstance: transfer_from_minio_to_snowflake_accounts.create_stage scheduled__2026-03-27T11:21:00+00:00 [queued]>
[2026-03-27T11:22:57.894+0000] {taskinstance.py:2306} INFO - Starting attempt 1 of 3
[2026-03-27T11:22:57.898+0000] {taskinstance.py:2330} INFO - Executing <Task(SQLExecuteQueryOperator): create_stage> on 2026-03-27 11:21:00+00:00
[2026-03-27T11:22:57.903+0000] {standard_task_runner.py:90} INFO - Running: ['***', 'tasks', 'run', 'transfer_from_minio_to_snowflake_accounts', 'create_stage', 'scheduled__2026-03-27T11:21:00+00:00', '--job-id', '5089', '--raw', '--subdir', 'DAGS_FOLDER/transfer.py', '--cfg-path', '/tmp/tmp34tj6yg3']
[2026-03-27T11:22:57.905+0000] {standard_task_runner.py:91} INFO - Job 5089: Subtask create_stage
[2026-03-27T11:22:57.904+0000] {logging_mixin.py:188} WARNING - /home/***/.local/lib/python3.12/site-packages/***/task/task_runner/standard_task_runner.py:62 DeprecationWarning: This process (pid=31360) is multi-threaded, use of fork() may lead to deadlocks in the child.
[2026-03-27T11:22:57.906+0000] {standard_task_runner.py:64} INFO - Started process 31372 to run task
[2026-03-27T11:22:57.933+0000] {task_command.py:426} INFO - Running <TaskInstance: transfer_from_minio_to_snowflake_accounts.create_stage scheduled__2026-03-27T11:21:00+00:00 [running]> on host c990dffe13ae
[2026-03-27T11:22:58.071+0000] {taskinstance.py:2648} INFO - Exporting env vars: AIRFLOW_CTX_DAG_OWNER='***' AIRFLOW_CTX_DAG_ID='transfer_from_minio_to_snowflake_accounts' AIRFLOW_CTX_TASK_ID='create_stage' AIRFLOW_CTX_EXECUTION_DATE='2026-03-27T11:21:00+00:00' AIRFLOW_CTX_TRY_NUMBER='1' AIRFLOW_CTX_DAG_RUN_ID='scheduled__2026-03-27T11:21:00+00:00'
[2026-03-27T11:22:58.072+0000] {taskinstance.py:430} INFO - ::endgroup::
[2026-03-27T11:22:58.072+0000] {sql.py:282} INFO - Executing:  CREATE STAGE IF NOT EXISTS incoming  
                 URL = 's3://de-project-banking-pipeline-dev-2/accounts'
                 STORAGE_INTEGRATION = my_s3_integration
                 FILE_FORMAT = (TYPE = 'JSON'); 
[2026-03-27T11:22:58.077+0000] {base.py:84} INFO - Using connection ID 'warehouse_id' for task execution.
[2026-03-27T11:22:58.108+0000] {base.py:84} INFO - Using connection ID 'warehouse_id' for task execution.
[2026-03-27T11:22:58.145+0000] {connection.py:613} INFO - Snowflake Connector for Python Version: 4.3.0, Python Version: 3.12.4, Platform: Linux-6.12.76-linuxkit-aarch64-with-glibc2.36
[2026-03-27T11:22:58.146+0000] {connection.py:1709} INFO - Connecting to GLOBAL Snowflake domain
[2026-03-27T11:22:58.899+0000] {sql.py:495} INFO - Running statement: CREATE STAGE IF NOT EXISTS incoming  
                 URL = 's3://de-project-banking-pipeline-dev-2/accounts'
                 STORAGE_INTEGRATION = my_s3_integration
                 FILE_FORMAT = (TYPE = 'JSON');, parameters: None
[2026-03-27T11:22:59.092+0000] {sql.py:504} INFO - Rows affected: 1
[2026-03-27T11:22:59.094+0000] {snowflake.py:422} INFO - Rows affected: 1
[2026-03-27T11:22:59.094+0000] {snowflake.py:423} INFO - Snowflake query id: 01c34e8a-3202-7c30-0014-90e600047e06
[2026-03-27T11:22:59.480+0000] {taskinstance.py:441} INFO - ::group::Post task execution logs
[2026-03-27T11:22:59.516+0000] {taskinstance.py:1206} INFO - Marking task as SUCCESS. dag_id=transfer_from_minio_to_snowflake_accounts, task_id=create_stage, run_id=scheduled__2026-03-27T11:21:00+00:00, execution_date=20260327T112100, start_date=20260327T112257, end_date=20260327T112259
[2026-03-27T11:22:59.542+0000] {local_task_job_runner.py:243} INFO - Task exited with return code 0
[2026-03-27T11:22:59.558+0000] {taskinstance.py:3503} INFO - 1 downstream tasks scheduled from follow-on schedule check
[2026-03-27T11:22:59.559+0000] {local_task_job_runner.py:222} INFO - ::endgroup::
