[2026-03-30T06:36:28.372+0000] {local_task_job_runner.py:120} INFO - ::group::Pre task execution logs
[2026-03-30T06:36:28.386+0000] {taskinstance.py:2076} INFO - Dependencies all met for dep_context=non-requeueable deps ti=<TaskInstance: banking_01_bronze_layer.build_bronze_cust scheduled__2026-03-30T06:00:00+00:00 [queued]>
[2026-03-30T06:36:28.389+0000] {taskinstance.py:2076} INFO - Dependencies all met for dep_context=requeueable deps ti=<TaskInstance: banking_01_bronze_layer.build_bronze_cust scheduled__2026-03-30T06:00:00+00:00 [queued]>
[2026-03-30T06:36:28.389+0000] {taskinstance.py:2306} INFO - Starting attempt 1 of 2
[2026-03-30T06:36:28.395+0000] {taskinstance.py:2330} INFO - Executing <Task(BashOperator): build_bronze_cust> on 2026-03-30 06:00:00+00:00
[2026-03-30T06:36:28.397+0000] {standard_task_runner.py:64} INFO - Started process 9183 to run task
[2026-03-30T06:36:28.399+0000] {standard_task_runner.py:90} INFO - Running: ['***', 'tasks', 'run', 'banking_01_bronze_layer', 'build_bronze_cust', 'scheduled__2026-03-30T06:00:00+00:00', '--job-id', '7463', '--raw', '--subdir', 'DAGS_FOLDER/dbt.py', '--cfg-path', '/tmp/tmpofnqqcet']
[2026-03-30T06:36:28.400+0000] {standard_task_runner.py:91} INFO - Job 7463: Subtask build_bronze_cust
[2026-03-30T06:36:28.424+0000] {task_command.py:426} INFO - Running <TaskInstance: banking_01_bronze_layer.build_bronze_cust scheduled__2026-03-30T06:00:00+00:00 [running]> on host c990dffe13ae
[2026-03-30T06:36:28.465+0000] {taskinstance.py:2648} INFO - Exporting env vars: AIRFLOW_CTX_DAG_OWNER='risheek' AIRFLOW_CTX_DAG_ID='banking_01_bronze_layer' AIRFLOW_CTX_TASK_ID='build_bronze_cust' AIRFLOW_CTX_EXECUTION_DATE='2026-03-30T06:00:00+00:00' AIRFLOW_CTX_TRY_NUMBER='1' AIRFLOW_CTX_DAG_RUN_ID='scheduled__2026-03-30T06:00:00+00:00'
[2026-03-30T06:36:28.466+0000] {taskinstance.py:430} INFO - ::endgroup::
[2026-03-30T06:36:28.466+0000] {subprocess.py:78} INFO - Tmp dir root location: /tmp
[2026-03-30T06:36:28.466+0000] {subprocess.py:88} INFO - Running command: ['/usr/bin/bash', '-c', 'dbt build --select bronze_cust']
[2026-03-30T06:36:28.469+0000] {subprocess.py:99} INFO - Output:
[2026-03-30T06:36:29.610+0000] {subprocess.py:106} INFO - [0m06:36:29  Running with dbt=1.11.7
[2026-03-30T06:36:30.060+0000] {subprocess.py:106} INFO - [0m06:36:30  Registered adapter: snowflake=1.11.3
[2026-03-30T06:36:30.189+0000] {subprocess.py:106} INFO - [0m06:36:30  [[33mWARNING[0m]: Configuration paths exist in your dbt_project.yml file which do not apply to any resources.
[2026-03-30T06:36:30.189+0000] {subprocess.py:106} INFO - There are 1 unused configuration paths:
[2026-03-30T06:36:30.189+0000] {subprocess.py:106} INFO - - models.trans_snowf.example
[2026-03-30T06:36:30.283+0000] {subprocess.py:106} INFO - [0m06:36:30  Found 14 models, 3 sources, 522 macros
[2026-03-30T06:36:30.284+0000] {subprocess.py:106} INFO - [0m06:36:30
[2026-03-30T06:36:30.285+0000] {subprocess.py:106} INFO - [0m06:36:30  Concurrency: 1 threads (target='dev')
[2026-03-30T06:36:30.285+0000] {subprocess.py:106} INFO - [0m06:36:30
[2026-03-30T06:36:31.812+0000] {subprocess.py:106} INFO - [0m06:36:31  1 of 1 START sql incremental model PUBLIC_BRONZE.bronze_cust ................... [RUN]
[2026-03-30T06:36:33.914+0000] {subprocess.py:106} INFO - [0m06:36:33  1 of 1 OK created sql incremental model PUBLIC_BRONZE.bronze_cust .............. [[32mSUCCESS 0[0m in 2.10s]
[2026-03-30T06:36:34.373+0000] {subprocess.py:106} INFO - [0m06:36:34
[2026-03-30T06:36:34.375+0000] {subprocess.py:106} INFO - [0m06:36:34  Finished running 1 incremental model in 0 hours 0 minutes and 4.09 seconds (4.09s).
[2026-03-30T06:36:34.438+0000] {subprocess.py:106} INFO - [0m06:36:34
[2026-03-30T06:36:34.439+0000] {subprocess.py:106} INFO - [0m06:36:34  [32mCompleted successfully[0m
[2026-03-30T06:36:34.439+0000] {subprocess.py:106} INFO - [0m06:36:34
[2026-03-30T06:36:34.440+0000] {subprocess.py:106} INFO - [0m06:36:34  Done. PASS=1 WARN=0 ERROR=0 SKIP=0 NO-OP=0 TOTAL=1
[2026-03-30T06:36:36.023+0000] {subprocess.py:110} INFO - Command exited with return code 0
[2026-03-30T06:36:36.024+0000] {taskinstance.py:441} INFO - ::group::Post task execution logs
[2026-03-30T06:36:36.040+0000] {taskinstance.py:1206} INFO - Marking task as SUCCESS. dag_id=banking_01_bronze_layer, task_id=build_bronze_cust, run_id=scheduled__2026-03-30T06:00:00+00:00, execution_date=20260330T060000, start_date=20260330T063628, end_date=20260330T063636
[2026-03-30T06:36:36.057+0000] {local_task_job_runner.py:243} INFO - Task exited with return code 0
[2026-03-30T06:36:36.066+0000] {taskinstance.py:3503} INFO - 0 downstream tasks scheduled from follow-on schedule check
[2026-03-30T06:36:36.067+0000] {local_task_job_runner.py:222} INFO - ::endgroup::
