[2026-03-25T15:18:13.535+0000] {local_task_job_runner.py:120} INFO - ::group::Pre task execution logs
[2026-03-25T15:18:13.553+0000] {taskinstance.py:2076} INFO - Dependencies all met for dep_context=non-requeueable deps ti=<TaskInstance: transfer_from_minio_to_snowflake_transactions.create_raw scheduled__2026-03-25T15:17:00+00:00 [queued]>
[2026-03-25T15:18:13.557+0000] {taskinstance.py:2076} INFO - Dependencies all met for dep_context=requeueable deps ti=<TaskInstance: transfer_from_minio_to_snowflake_transactions.create_raw scheduled__2026-03-25T15:17:00+00:00 [queued]>
[2026-03-25T15:18:13.557+0000] {taskinstance.py:2306} INFO - Starting attempt 1 of 3
[2026-03-25T15:18:13.563+0000] {taskinstance.py:2330} INFO - Executing <Task(SQLExecuteQueryOperator): create_raw> on 2026-03-25 15:17:00+00:00
[2026-03-25T15:18:13.569+0000] {standard_task_runner.py:90} INFO - Running: ['***', 'tasks', 'run', 'transfer_from_minio_to_snowflake_transactions', 'create_raw', 'scheduled__2026-03-25T15:17:00+00:00', '--job-id', '1659', '--raw', '--subdir', 'DAGS_FOLDER/transfer.py', '--cfg-path', '/tmp/tmp6t_qzofl']
[2026-03-25T15:18:13.580+0000] {standard_task_runner.py:91} INFO - Job 1659: Subtask create_raw
[2026-03-25T15:18:13.580+0000] {logging_mixin.py:188} WARNING - /home/***/.local/lib/python3.12/site-packages/***/task/task_runner/standard_task_runner.py:62 DeprecationWarning: This process (pid=6012) is multi-threaded, use of fork() may lead to deadlocks in the child.
[2026-03-25T15:18:13.580+0000] {standard_task_runner.py:64} INFO - Started process 6024 to run task
[2026-03-25T15:18:13.629+0000] {task_command.py:426} INFO - Running <TaskInstance: transfer_from_minio_to_snowflake_transactions.create_raw scheduled__2026-03-25T15:17:00+00:00 [running]> on host c990dffe13ae
[2026-03-25T15:18:13.823+0000] {taskinstance.py:2648} INFO - Exporting env vars: AIRFLOW_CTX_DAG_OWNER='***' AIRFLOW_CTX_DAG_ID='transfer_from_minio_to_snowflake_transactions' AIRFLOW_CTX_TASK_ID='create_raw' AIRFLOW_CTX_EXECUTION_DATE='2026-03-25T15:17:00+00:00' AIRFLOW_CTX_TRY_NUMBER='1' AIRFLOW_CTX_DAG_RUN_ID='scheduled__2026-03-25T15:17:00+00:00'
[2026-03-25T15:18:13.824+0000] {taskinstance.py:430} INFO - ::endgroup::
[2026-03-25T15:18:13.824+0000] {sql.py:282} INFO - Executing:  CREATE TABLE IF NOT EXISTS RAW_TRANSACTIONS (
                    raw_json VARIANT,
                    inserted_at TIMESTAMP_NTZ DEFAULT CURRENT_TIMESTAMP());
                  
[2026-03-25T15:18:13.830+0000] {base.py:84} INFO - Using connection ID 'warehouse_id' for task execution.
[2026-03-25T15:18:13.862+0000] {base.py:84} INFO - Using connection ID 'warehouse_id' for task execution.
[2026-03-25T15:18:13.900+0000] {connection.py:613} INFO - Snowflake Connector for Python Version: 4.3.0, Python Version: 3.12.4, Platform: Linux-6.12.76-linuxkit-aarch64-with-glibc2.36
[2026-03-25T15:18:13.901+0000] {connection.py:1709} INFO - Connecting to GLOBAL Snowflake domain
[2026-03-25T15:18:14.773+0000] {sql.py:495} INFO - Running statement: CREATE TABLE IF NOT EXISTS RAW_TRANSACTIONS (
                    raw_json VARIANT,
                    inserted_at TIMESTAMP_NTZ DEFAULT CURRENT_TIMESTAMP());, parameters: None
[2026-03-25T15:18:14.945+0000] {sql.py:504} INFO - Rows affected: 1
[2026-03-25T15:18:14.946+0000] {snowflake.py:422} INFO - Rows affected: 1
[2026-03-25T15:18:14.946+0000] {snowflake.py:423} INFO - Snowflake query id: 01c34436-3202-7cb1-0014-90e60003d086
[2026-03-25T15:18:15.782+0000] {taskinstance.py:441} INFO - ::group::Post task execution logs
[2026-03-25T15:18:15.823+0000] {taskinstance.py:1206} INFO - Marking task as SUCCESS. dag_id=transfer_from_minio_to_snowflake_transactions, task_id=create_raw, run_id=scheduled__2026-03-25T15:17:00+00:00, execution_date=20260325T151700, start_date=20260325T151813, end_date=20260325T151815
[2026-03-25T15:18:15.881+0000] {local_task_job_runner.py:243} INFO - Task exited with return code 0
[2026-03-25T15:18:15.910+0000] {taskinstance.py:3503} INFO - 1 downstream tasks scheduled from follow-on schedule check
[2026-03-25T15:18:15.911+0000] {local_task_job_runner.py:222} INFO - ::endgroup::
