[2026-03-30T21:16:28.249+0000] {local_task_job_runner.py:120} INFO - ::group::Pre task execution logs
[2026-03-30T21:16:28.269+0000] {taskinstance.py:2076} INFO - Dependencies all met for dep_context=non-requeueable deps ti=<TaskInstance: banking_01_bronze_layer.build_bronze_cust scheduled__2026-03-30T19:30:00+00:00 [queued]>
[2026-03-30T21:16:28.273+0000] {taskinstance.py:2076} INFO - Dependencies all met for dep_context=requeueable deps ti=<TaskInstance: banking_01_bronze_layer.build_bronze_cust scheduled__2026-03-30T19:30:00+00:00 [queued]>
[2026-03-30T21:16:28.273+0000] {taskinstance.py:2306} INFO - Starting attempt 1 of 2
[2026-03-30T21:16:28.279+0000] {taskinstance.py:2330} INFO - Executing <Task(BashOperator): build_bronze_cust> on 2026-03-30 19:30:00+00:00
[2026-03-30T21:16:28.282+0000] {standard_task_runner.py:64} INFO - Started process 25337 to run task
[2026-03-30T21:16:28.284+0000] {standard_task_runner.py:90} INFO - Running: ['***', 'tasks', 'run', 'banking_01_bronze_layer', 'build_bronze_cust', 'scheduled__2026-03-30T19:30:00+00:00', '--job-id', '8741', '--raw', '--subdir', 'DAGS_FOLDER/dbt.py', '--cfg-path', '/tmp/tmprdsrc_z5']
[2026-03-30T21:16:28.286+0000] {standard_task_runner.py:91} INFO - Job 8741: Subtask build_bronze_cust
[2026-03-30T21:16:28.336+0000] {task_command.py:426} INFO - Running <TaskInstance: banking_01_bronze_layer.build_bronze_cust scheduled__2026-03-30T19:30:00+00:00 [running]> on host c990dffe13ae
[2026-03-30T21:16:28.394+0000] {taskinstance.py:2648} INFO - Exporting env vars: AIRFLOW_CTX_DAG_OWNER='risheek' AIRFLOW_CTX_DAG_ID='banking_01_bronze_layer' AIRFLOW_CTX_TASK_ID='build_bronze_cust' AIRFLOW_CTX_EXECUTION_DATE='2026-03-30T19:30:00+00:00' AIRFLOW_CTX_TRY_NUMBER='1' AIRFLOW_CTX_DAG_RUN_ID='scheduled__2026-03-30T19:30:00+00:00'
[2026-03-30T21:16:28.394+0000] {taskinstance.py:430} INFO - ::endgroup::
[2026-03-30T21:16:28.395+0000] {subprocess.py:78} INFO - Tmp dir root location: /tmp
[2026-03-30T21:16:28.396+0000] {subprocess.py:88} INFO - Running command: ['/usr/bin/bash', '-c', 'dbt build --select bronze_cust']
[2026-03-30T21:16:28.399+0000] {subprocess.py:99} INFO - Output:
[2026-03-30T21:16:29.738+0000] {subprocess.py:106} INFO - [0m21:16:29  Running with dbt=1.11.7
[2026-03-30T21:16:30.289+0000] {subprocess.py:106} INFO - [0m21:16:30  Registered adapter: snowflake=1.11.3
[2026-03-30T21:16:30.439+0000] {subprocess.py:106} INFO - [0m21:16:30  [[33mWARNING[0m]: Configuration paths exist in your dbt_project.yml file which do not apply to any resources.
[2026-03-30T21:16:30.440+0000] {subprocess.py:106} INFO - There are 1 unused configuration paths:
[2026-03-30T21:16:30.440+0000] {subprocess.py:106} INFO - - models.trans_snowf.example
[2026-03-30T21:16:30.544+0000] {subprocess.py:106} INFO - [0m21:16:30  Found 14 models, 3 sources, 522 macros
[2026-03-30T21:16:30.545+0000] {subprocess.py:106} INFO - [0m21:16:30
[2026-03-30T21:16:30.546+0000] {subprocess.py:106} INFO - [0m21:16:30  Concurrency: 1 threads (target='dev')
[2026-03-30T21:16:30.546+0000] {subprocess.py:106} INFO - [0m21:16:30
[2026-03-30T21:16:32.927+0000] {subprocess.py:106} INFO - [0m21:16:32  1 of 1 START sql incremental model PUBLIC_BRONZE.bronze_cust ................... [RUN]
[2026-03-30T21:16:36.379+0000] {subprocess.py:106} INFO - [0m21:16:36  1 of 1 OK created sql incremental model PUBLIC_BRONZE.bronze_cust .............. [[32mSUCCESS 0[0m in 3.44s]
[2026-03-30T21:16:36.625+0000] {subprocess.py:106} INFO - [0m21:16:36
[2026-03-30T21:16:36.627+0000] {subprocess.py:106} INFO - [0m21:16:36  Finished running 1 incremental model in 0 hours 0 minutes and 6.08 seconds (6.08s).
[2026-03-30T21:16:36.707+0000] {subprocess.py:106} INFO - [0m21:16:36
[2026-03-30T21:16:36.707+0000] {subprocess.py:106} INFO - [0m21:16:36  [32mCompleted successfully[0m
[2026-03-30T21:16:36.708+0000] {subprocess.py:106} INFO - [0m21:16:36
[2026-03-30T21:16:36.708+0000] {subprocess.py:106} INFO - [0m21:16:36  Done. PASS=1 WARN=0 ERROR=0 SKIP=0 NO-OP=0 TOTAL=1
[2026-03-30T21:16:38.740+0000] {subprocess.py:110} INFO - Command exited with return code 0
[2026-03-30T21:16:38.742+0000] {taskinstance.py:441} INFO - ::group::Post task execution logs
[2026-03-30T21:16:38.781+0000] {taskinstance.py:1206} INFO - Marking task as SUCCESS. dag_id=banking_01_bronze_layer, task_id=build_bronze_cust, run_id=scheduled__2026-03-30T19:30:00+00:00, execution_date=20260330T193000, start_date=20260330T211628, end_date=20260330T211638
[2026-03-30T21:16:38.834+0000] {local_task_job_runner.py:243} INFO - Task exited with return code 0
[2026-03-30T21:16:38.860+0000] {taskinstance.py:3503} INFO - 0 downstream tasks scheduled from follow-on schedule check
[2026-03-30T21:16:38.861+0000] {local_task_job_runner.py:222} INFO - ::endgroup::
