[2026-03-28T03:37:43.528+0000] {local_task_job_runner.py:120} INFO - ::group::Pre task execution logs
[2026-03-28T03:37:43.546+0000] {taskinstance.py:2076} INFO - Dependencies all met for dep_context=non-requeueable deps ti=<TaskInstance: banking_01_bronze_layer.debug scheduled__2026-03-28T02:30:00+00:00 [queued]>
[2026-03-28T03:37:43.550+0000] {taskinstance.py:2076} INFO - Dependencies all met for dep_context=requeueable deps ti=<TaskInstance: banking_01_bronze_layer.debug scheduled__2026-03-28T02:30:00+00:00 [queued]>
[2026-03-28T03:37:43.550+0000] {taskinstance.py:2306} INFO - Starting attempt 1 of 2
[2026-03-28T03:37:43.555+0000] {taskinstance.py:2330} INFO - Executing <Task(BashOperator): debug> on 2026-03-28 02:30:00+00:00
[2026-03-28T03:37:43.558+0000] {standard_task_runner.py:64} INFO - Started process 44994 to run task
[2026-03-28T03:37:43.559+0000] {standard_task_runner.py:90} INFO - Running: ['***', 'tasks', 'run', 'banking_01_bronze_layer', 'debug', 'scheduled__2026-03-28T02:30:00+00:00', '--job-id', '5761', '--raw', '--subdir', 'DAGS_FOLDER/dbt.py', '--cfg-path', '/tmp/tmpvymwrbl7']
[2026-03-28T03:37:43.560+0000] {standard_task_runner.py:91} INFO - Job 5761: Subtask debug
[2026-03-28T03:37:43.586+0000] {task_command.py:426} INFO - Running <TaskInstance: banking_01_bronze_layer.debug scheduled__2026-03-28T02:30:00+00:00 [running]> on host c990dffe13ae
[2026-03-28T03:37:43.629+0000] {taskinstance.py:2648} INFO - Exporting env vars: AIRFLOW_CTX_DAG_OWNER='risheek' AIRFLOW_CTX_DAG_ID='banking_01_bronze_layer' AIRFLOW_CTX_TASK_ID='debug' AIRFLOW_CTX_EXECUTION_DATE='2026-03-28T02:30:00+00:00' AIRFLOW_CTX_TRY_NUMBER='1' AIRFLOW_CTX_DAG_RUN_ID='scheduled__2026-03-28T02:30:00+00:00'
[2026-03-28T03:37:43.629+0000] {taskinstance.py:430} INFO - ::endgroup::
[2026-03-28T03:37:43.630+0000] {subprocess.py:78} INFO - Tmp dir root location: /tmp
[2026-03-28T03:37:43.630+0000] {subprocess.py:88} INFO - Running command: ['/usr/bin/bash', '-c', 'dbt debug --profiles-dir /opt/***/dbt/trans_snowf']
[2026-03-28T03:37:43.633+0000] {subprocess.py:99} INFO - Output:
[2026-03-28T03:37:44.936+0000] {subprocess.py:106} INFO - [0m03:37:44  Running with dbt=1.11.7
[2026-03-28T03:37:44.942+0000] {subprocess.py:106} INFO - [0m03:37:44  dbt version: 1.11.7
[2026-03-28T03:37:44.943+0000] {subprocess.py:106} INFO - [0m03:37:44  python version: 3.12.4
[2026-03-28T03:37:44.943+0000] {subprocess.py:106} INFO - [0m03:37:44  python path: /home/***/.local/bin/python
[2026-03-28T03:37:44.943+0000] {subprocess.py:106} INFO - [0m03:37:44  os info: Linux-6.12.76-linuxkit-aarch64-with-glibc2.36
[2026-03-28T03:37:45.436+0000] {subprocess.py:106} INFO - [0m03:37:45  Using profiles dir at /opt/***/dbt/trans_snowf
[2026-03-28T03:37:45.437+0000] {subprocess.py:106} INFO - [0m03:37:45  Using profiles.yml file at /opt/***/dbt/trans_snowf/profiles.yml
[2026-03-28T03:37:45.438+0000] {subprocess.py:106} INFO - [0m03:37:45  Using dbt_project.yml file at /opt/***/dbt/trans_snowf/dbt_project.yml
[2026-03-28T03:37:45.438+0000] {subprocess.py:106} INFO - [0m03:37:45  adapter type: snowflake
[2026-03-28T03:37:45.439+0000] {subprocess.py:106} INFO - [0m03:37:45  adapter version: 1.11.3
[2026-03-28T03:37:45.496+0000] {subprocess.py:106} INFO - [0m03:37:45  Configuration:
[2026-03-28T03:37:45.496+0000] {subprocess.py:106} INFO - [0m03:37:45    profiles.yml file [[32mOK found and valid[0m]
[2026-03-28T03:37:45.497+0000] {subprocess.py:106} INFO - [0m03:37:45    dbt_project.yml file [[32mOK found and valid[0m]
[2026-03-28T03:37:45.497+0000] {subprocess.py:106} INFO - [0m03:37:45  Required dependencies:
[2026-03-28T03:37:45.498+0000] {subprocess.py:106} INFO - [0m03:37:45   - git [[31mERROR[0m]
[2026-03-28T03:37:45.498+0000] {subprocess.py:106} INFO - 
[2026-03-28T03:37:45.499+0000] {subprocess.py:106} INFO - [0m03:37:45  Connection:
[2026-03-28T03:37:45.499+0000] {subprocess.py:106} INFO - [0m03:37:45    account: BBMCDSP-CT02489
[2026-03-28T03:37:45.499+0000] {subprocess.py:106} INFO - [0m03:37:45    user: user123
[2026-03-28T03:37:45.500+0000] {subprocess.py:106} INFO - [0m03:37:45    database: BANKING
[2026-03-28T03:37:45.500+0000] {subprocess.py:106} INFO - [0m03:37:45    warehouse: COMPUTE_WH
[2026-03-28T03:37:45.501+0000] {subprocess.py:106} INFO - [0m03:37:45    role: dbtadmin
[2026-03-28T03:37:45.501+0000] {subprocess.py:106} INFO - [0m03:37:45    schema: PUBLIC
[2026-03-28T03:37:45.501+0000] {subprocess.py:106} INFO - [0m03:37:45    authenticator: None
[2026-03-28T03:37:45.502+0000] {subprocess.py:106} INFO - [0m03:37:45    oauth_client_id: None
[2026-03-28T03:37:45.502+0000] {subprocess.py:106} INFO - [0m03:37:45    query_tag: None
[2026-03-28T03:37:45.502+0000] {subprocess.py:106} INFO - [0m03:37:45    client_session_keep_alive: False
[2026-03-28T03:37:45.502+0000] {subprocess.py:106} INFO - [0m03:37:45    host: None
[2026-03-28T03:37:45.503+0000] {subprocess.py:106} INFO - [0m03:37:45    port: None
[2026-03-28T03:37:45.503+0000] {subprocess.py:106} INFO - [0m03:37:45    proxy_host: None
[2026-03-28T03:37:45.503+0000] {subprocess.py:106} INFO - [0m03:37:45    proxy_port: None
[2026-03-28T03:37:45.504+0000] {subprocess.py:106} INFO - [0m03:37:45    protocol: None
[2026-03-28T03:37:45.504+0000] {subprocess.py:106} INFO - [0m03:37:45    connect_retries: 1
[2026-03-28T03:37:45.504+0000] {subprocess.py:106} INFO - [0m03:37:45    connect_timeout: None
[2026-03-28T03:37:45.505+0000] {subprocess.py:106} INFO - [0m03:37:45    retry_on_database_errors: False
[2026-03-28T03:37:45.505+0000] {subprocess.py:106} INFO - [0m03:37:45    retry_all: False
[2026-03-28T03:37:45.505+0000] {subprocess.py:106} INFO - [0m03:37:45    insecure_mode: False
[2026-03-28T03:37:45.506+0000] {subprocess.py:106} INFO - [0m03:37:45    reuse_connections: True
[2026-03-28T03:37:45.506+0000] {subprocess.py:106} INFO - [0m03:37:45    s3_stage_vpce_dns_name: None
[2026-03-28T03:37:45.507+0000] {subprocess.py:106} INFO - [0m03:37:45    platform_detection_timeout_seconds: 0.0
[2026-03-28T03:37:45.508+0000] {subprocess.py:106} INFO - [0m03:37:45  Registered adapter: snowflake=1.11.3
[2026-03-28T03:37:46.381+0000] {subprocess.py:106} INFO - [0m03:37:46    Connection test: [[32mOK connection ok[0m]
[2026-03-28T03:37:46.382+0000] {subprocess.py:106} INFO - 
[2026-03-28T03:37:46.383+0000] {subprocess.py:106} INFO - [0m03:37:46  [31m1 check failed:[0m
[2026-03-28T03:37:46.384+0000] {subprocess.py:106} INFO - [0m03:37:46  Error from git --help: Could not find command, ensure it is in the user's PATH: "git"
[2026-03-28T03:37:46.385+0000] {subprocess.py:106} INFO - 
[2026-03-28T03:37:48.197+0000] {subprocess.py:110} INFO - Command exited with return code 1
[2026-03-28T03:37:48.198+0000] {taskinstance.py:441} INFO - ::group::Post task execution logs
[2026-03-28T03:37:48.226+0000] {taskinstance.py:2905} ERROR - Task failed with exception
Traceback (most recent call last):
  File "/home/airflow/.local/lib/python3.12/site-packages/airflow/models/taskinstance.py", line 465, in _execute_task
    result = _execute_callable(context=context, **execute_callable_kwargs)
             ^^^^^^^^^^^^^^^^^^^^^^^^^^^^^^^^^^^^^^^^^^^^^^^^^^^^^^^^^^^^^
  File "/home/airflow/.local/lib/python3.12/site-packages/airflow/models/taskinstance.py", line 432, in _execute_callable
    return execute_callable(context=context, **execute_callable_kwargs)
           ^^^^^^^^^^^^^^^^^^^^^^^^^^^^^^^^^^^^^^^^^^^^^^^^^^^^^^^^^^^^
  File "/home/airflow/.local/lib/python3.12/site-packages/airflow/models/baseoperator.py", line 401, in wrapper
    return func(self, *args, **kwargs)
           ^^^^^^^^^^^^^^^^^^^^^^^^^^^
  File "/home/airflow/.local/lib/python3.12/site-packages/airflow/providers/standard/operators/bash.py", line 233, in execute
    raise AirflowException(
airflow.exceptions.AirflowException: Bash command failed. The command returned a non-zero exit code 1.
[2026-03-28T03:37:48.234+0000] {taskinstance.py:1206} INFO - Marking task as UP_FOR_RETRY. dag_id=banking_01_bronze_layer, task_id=debug, run_id=scheduled__2026-03-28T02:30:00+00:00, execution_date=20260328T023000, start_date=20260328T033743, end_date=20260328T033748
[2026-03-28T03:37:48.251+0000] {standard_task_runner.py:110} ERROR - Failed to execute job 5761 for task debug (Bash command failed. The command returned a non-zero exit code 1.; 44994)
[2026-03-28T03:37:48.273+0000] {local_task_job_runner.py:243} INFO - Task exited with return code 1
[2026-03-28T03:37:48.306+0000] {taskinstance.py:3503} INFO - 0 downstream tasks scheduled from follow-on schedule check
[2026-03-28T03:37:48.307+0000] {local_task_job_runner.py:222} INFO - ::endgroup::
