[2026-03-30T15:55:13.025+0000] {local_task_job_runner.py:120} INFO - ::group::Pre task execution logs
[2026-03-30T15:55:13.071+0000] {taskinstance.py:2076} INFO - Dependencies all met for dep_context=non-requeueable deps ti=<TaskInstance: banking_01_bronze_layer.debug scheduled__2026-03-30T13:30:00+00:00 [queued]>
[2026-03-30T15:55:13.076+0000] {taskinstance.py:2076} INFO - Dependencies all met for dep_context=requeueable deps ti=<TaskInstance: banking_01_bronze_layer.debug scheduled__2026-03-30T13:30:00+00:00 [queued]>
[2026-03-30T15:55:13.076+0000] {taskinstance.py:2306} INFO - Starting attempt 2 of 2
[2026-03-30T15:55:13.084+0000] {taskinstance.py:2330} INFO - Executing <Task(BashOperator): debug> on 2026-03-30 13:30:00+00:00
[2026-03-30T15:55:13.086+0000] {standard_task_runner.py:64} INFO - Started process 12201 to run task
[2026-03-30T15:55:13.089+0000] {standard_task_runner.py:90} INFO - Running: ['***', 'tasks', 'run', 'banking_01_bronze_layer', 'debug', 'scheduled__2026-03-30T13:30:00+00:00', '--job-id', '8082', '--raw', '--subdir', 'DAGS_FOLDER/dbt.py', '--cfg-path', '/tmp/tmp2108nd2d']
[2026-03-30T15:55:13.091+0000] {standard_task_runner.py:91} INFO - Job 8082: Subtask debug
[2026-03-30T15:55:13.130+0000] {task_command.py:426} INFO - Running <TaskInstance: banking_01_bronze_layer.debug scheduled__2026-03-30T13:30:00+00:00 [running]> on host c990dffe13ae
[2026-03-30T15:55:13.375+0000] {taskinstance.py:2648} INFO - Exporting env vars: AIRFLOW_CTX_DAG_OWNER='risheek' AIRFLOW_CTX_DAG_ID='banking_01_bronze_layer' AIRFLOW_CTX_TASK_ID='debug' AIRFLOW_CTX_EXECUTION_DATE='2026-03-30T13:30:00+00:00' AIRFLOW_CTX_TRY_NUMBER='2' AIRFLOW_CTX_DAG_RUN_ID='scheduled__2026-03-30T13:30:00+00:00'
[2026-03-30T15:55:13.375+0000] {taskinstance.py:430} INFO - ::endgroup::
[2026-03-30T15:55:13.376+0000] {subprocess.py:78} INFO - Tmp dir root location: /tmp
[2026-03-30T15:55:13.377+0000] {subprocess.py:88} INFO - Running command: ['/usr/bin/bash', '-c', 'dbt debug --profiles-dir /opt/***/dbt/trans_snowf']
[2026-03-30T15:55:13.382+0000] {subprocess.py:99} INFO - Output:
[2026-03-30T15:55:14.996+0000] {subprocess.py:106} INFO - [0m15:55:14  Running with dbt=1.11.7
[2026-03-30T15:55:15.007+0000] {subprocess.py:106} INFO - [0m15:55:15  dbt version: 1.11.7
[2026-03-30T15:55:15.007+0000] {subprocess.py:106} INFO - [0m15:55:15  python version: 3.12.4
[2026-03-30T15:55:15.008+0000] {subprocess.py:106} INFO - [0m15:55:15  python path: /home/***/.local/bin/python
[2026-03-30T15:55:15.009+0000] {subprocess.py:106} INFO - [0m15:55:15  os info: Linux-6.12.76-linuxkit-aarch64-with-glibc2.36
[2026-03-30T15:55:15.551+0000] {subprocess.py:106} INFO - [0m15:55:15  Using profiles dir at /opt/***/dbt/trans_snowf
[2026-03-30T15:55:15.552+0000] {subprocess.py:106} INFO - [0m15:55:15  Using profiles.yml file at /opt/***/dbt/trans_snowf/profiles.yml
[2026-03-30T15:55:15.553+0000] {subprocess.py:106} INFO - [0m15:55:15  Using dbt_project.yml file at /opt/***/dbt/trans_snowf/dbt_project.yml
[2026-03-30T15:55:15.553+0000] {subprocess.py:106} INFO - [0m15:55:15  adapter type: snowflake
[2026-03-30T15:55:15.554+0000] {subprocess.py:106} INFO - [0m15:55:15  adapter version: 1.11.3
[2026-03-30T15:55:15.608+0000] {subprocess.py:106} INFO - [0m15:55:15  Configuration:
[2026-03-30T15:55:15.609+0000] {subprocess.py:106} INFO - [0m15:55:15    profiles.yml file [[32mOK found and valid[0m]
[2026-03-30T15:55:15.609+0000] {subprocess.py:106} INFO - [0m15:55:15    dbt_project.yml file [[32mOK found and valid[0m]
[2026-03-30T15:55:15.610+0000] {subprocess.py:106} INFO - [0m15:55:15  Required dependencies:
[2026-03-30T15:55:15.611+0000] {subprocess.py:106} INFO - [0m15:55:15   - git [[31mERROR[0m]
[2026-03-30T15:55:15.611+0000] {subprocess.py:106} INFO - 
[2026-03-30T15:55:15.611+0000] {subprocess.py:106} INFO - [0m15:55:15  Connection:
[2026-03-30T15:55:15.611+0000] {subprocess.py:106} INFO - [0m15:55:15    account: BBMCDSP-CT02489
[2026-03-30T15:55:15.612+0000] {subprocess.py:106} INFO - [0m15:55:15    user: user123
[2026-03-30T15:55:15.612+0000] {subprocess.py:106} INFO - [0m15:55:15    database: BANKING
[2026-03-30T15:55:15.613+0000] {subprocess.py:106} INFO - [0m15:55:15    warehouse: COMPUTE_WH
[2026-03-30T15:55:15.613+0000] {subprocess.py:106} INFO - [0m15:55:15    role: dbtadmin
[2026-03-30T15:55:15.613+0000] {subprocess.py:106} INFO - [0m15:55:15    schema: PUBLIC
[2026-03-30T15:55:15.614+0000] {subprocess.py:106} INFO - [0m15:55:15    authenticator: None
[2026-03-30T15:55:15.614+0000] {subprocess.py:106} INFO - [0m15:55:15    oauth_client_id: None
[2026-03-30T15:55:15.614+0000] {subprocess.py:106} INFO - [0m15:55:15    query_tag: None
[2026-03-30T15:55:15.615+0000] {subprocess.py:106} INFO - [0m15:55:15    client_session_keep_alive: False
[2026-03-30T15:55:15.615+0000] {subprocess.py:106} INFO - [0m15:55:15    host: None
[2026-03-30T15:55:15.615+0000] {subprocess.py:106} INFO - [0m15:55:15    port: None
[2026-03-30T15:55:15.616+0000] {subprocess.py:106} INFO - [0m15:55:15    proxy_host: None
[2026-03-30T15:55:15.616+0000] {subprocess.py:106} INFO - [0m15:55:15    proxy_port: None
[2026-03-30T15:55:15.616+0000] {subprocess.py:106} INFO - [0m15:55:15    protocol: None
[2026-03-30T15:55:15.617+0000] {subprocess.py:106} INFO - [0m15:55:15    connect_retries: 1
[2026-03-30T15:55:15.617+0000] {subprocess.py:106} INFO - [0m15:55:15    connect_timeout: None
[2026-03-30T15:55:15.617+0000] {subprocess.py:106} INFO - [0m15:55:15    retry_on_database_errors: False
[2026-03-30T15:55:15.618+0000] {subprocess.py:106} INFO - [0m15:55:15    retry_all: False
[2026-03-30T15:55:15.618+0000] {subprocess.py:106} INFO - [0m15:55:15    insecure_mode: False
[2026-03-30T15:55:15.618+0000] {subprocess.py:106} INFO - [0m15:55:15    reuse_connections: True
[2026-03-30T15:55:15.619+0000] {subprocess.py:106} INFO - [0m15:55:15    s3_stage_vpce_dns_name: None
[2026-03-30T15:55:15.619+0000] {subprocess.py:106} INFO - [0m15:55:15    platform_detection_timeout_seconds: 0.0
[2026-03-30T15:55:15.619+0000] {subprocess.py:106} INFO - [0m15:55:15  Registered adapter: snowflake=1.11.3
[2026-03-30T15:55:17.719+0000] {subprocess.py:106} INFO - [0m15:55:17    Connection test: [[31mERROR[0m]
[2026-03-30T15:55:17.720+0000] {subprocess.py:106} INFO - 
[2026-03-30T15:55:17.721+0000] {subprocess.py:106} INFO - [0m15:55:17  [31m2 checks failed:[0m
[2026-03-30T15:55:17.722+0000] {subprocess.py:106} INFO - [0m15:55:17  Error from git --help: Could not find command, ensure it is in the user's PATH: "git"
[2026-03-30T15:55:17.723+0000] {subprocess.py:106} INFO - 
[2026-03-30T15:55:17.723+0000] {subprocess.py:106} INFO - [0m15:55:17  dbt was unable to connect to the specified database.
[2026-03-30T15:55:17.724+0000] {subprocess.py:106} INFO - The database returned the following error:
[2026-03-30T15:55:17.724+0000] {subprocess.py:106} INFO - 
[2026-03-30T15:55:17.725+0000] {subprocess.py:106} INFO -   >Database Error
[2026-03-30T15:55:17.726+0000] {subprocess.py:106} INFO -   250001 (08001): Failed to connect to DB: BBMCDSP-CT02489.snowflakecomputing.com:443. JWT token is invalid. [750fa1a9-57b0-48d6-b41e-afd845b8403b]
[2026-03-30T15:55:17.726+0000] {subprocess.py:106} INFO - 
[2026-03-30T15:55:17.727+0000] {subprocess.py:106} INFO - Check your database credentials and try again. For more information, visit:
[2026-03-30T15:55:17.727+0000] {subprocess.py:106} INFO - https://docs.getdbt.com/docs/configure-your-profile
[2026-03-30T15:55:17.727+0000] {subprocess.py:106} INFO - 
[2026-03-30T15:55:17.728+0000] {subprocess.py:106} INFO - 
[2026-03-30T15:55:19.360+0000] {subprocess.py:110} INFO - Command exited with return code 1
[2026-03-30T15:55:19.363+0000] {taskinstance.py:441} INFO - ::group::Post task execution logs
[2026-03-30T15:55:19.381+0000] {taskinstance.py:2905} ERROR - Task failed with exception
Traceback (most recent call last):
  File "/home/airflow/.local/lib/python3.12/site-packages/airflow/models/taskinstance.py", line 465, in _execute_task
    result = _execute_callable(context=context, **execute_callable_kwargs)
             ^^^^^^^^^^^^^^^^^^^^^^^^^^^^^^^^^^^^^^^^^^^^^^^^^^^^^^^^^^^^^
  File "/home/airflow/.local/lib/python3.12/site-packages/airflow/models/taskinstance.py", line 432, in _execute_callable
    return execute_callable(context=context, **execute_callable_kwargs)
           ^^^^^^^^^^^^^^^^^^^^^^^^^^^^^^^^^^^^^^^^^^^^^^^^^^^^^^^^^^^^
  File "/home/airflow/.local/lib/python3.12/site-packages/airflow/models/baseoperator.py", line 401, in wrapper
    return func(self, *args, **kwargs)
           ^^^^^^^^^^^^^^^^^^^^^^^^^^^
  File "/home/airflow/.local/lib/python3.12/site-packages/airflow/providers/standard/operators/bash.py", line 233, in execute
    raise AirflowException(
airflow.exceptions.AirflowException: Bash command failed. The command returned a non-zero exit code 1.
[2026-03-30T15:55:19.386+0000] {taskinstance.py:1206} INFO - Marking task as FAILED. dag_id=banking_01_bronze_layer, task_id=debug, run_id=scheduled__2026-03-30T13:30:00+00:00, execution_date=20260330T133000, start_date=20260330T155513, end_date=20260330T155519
[2026-03-30T15:55:19.401+0000] {standard_task_runner.py:110} ERROR - Failed to execute job 8082 for task debug (Bash command failed. The command returned a non-zero exit code 1.; 12201)
[2026-03-30T15:55:19.425+0000] {local_task_job_runner.py:243} INFO - Task exited with return code 1
[2026-03-30T15:55:19.444+0000] {taskinstance.py:3503} INFO - 0 downstream tasks scheduled from follow-on schedule check
[2026-03-30T15:55:19.445+0000] {local_task_job_runner.py:222} INFO - ::endgroup::
