[2026-03-30T14:51:34.062+0000] {local_task_job_runner.py:120} INFO - ::group::Pre task execution logs
[2026-03-30T14:51:34.087+0000] {taskinstance.py:2076} INFO - Dependencies all met for dep_context=non-requeueable deps ti=<TaskInstance: banking_01_bronze_layer.debug scheduled__2026-03-30T13:30:00+00:00 [queued]>
[2026-03-30T14:51:34.092+0000] {taskinstance.py:2076} INFO - Dependencies all met for dep_context=requeueable deps ti=<TaskInstance: banking_01_bronze_layer.debug scheduled__2026-03-30T13:30:00+00:00 [queued]>
[2026-03-30T14:51:34.092+0000] {taskinstance.py:2306} INFO - Starting attempt 1 of 2
[2026-03-30T14:51:34.100+0000] {taskinstance.py:2330} INFO - Executing <Task(BashOperator): debug> on 2026-03-30 13:30:00+00:00
[2026-03-30T14:51:34.105+0000] {standard_task_runner.py:64} INFO - Started process 11614 to run task
[2026-03-30T14:51:34.108+0000] {standard_task_runner.py:90} INFO - Running: ['***', 'tasks', 'run', 'banking_01_bronze_layer', 'debug', 'scheduled__2026-03-30T13:30:00+00:00', '--job-id', '8054', '--raw', '--subdir', 'DAGS_FOLDER/dbt.py', '--cfg-path', '/tmp/tmprzsmc_t7']
[2026-03-30T14:51:34.110+0000] {standard_task_runner.py:91} INFO - Job 8054: Subtask debug
[2026-03-30T14:51:34.154+0000] {task_command.py:426} INFO - Running <TaskInstance: banking_01_bronze_layer.debug scheduled__2026-03-30T13:30:00+00:00 [running]> on host c990dffe13ae
[2026-03-30T14:51:34.216+0000] {taskinstance.py:2648} INFO - Exporting env vars: AIRFLOW_CTX_DAG_OWNER='risheek' AIRFLOW_CTX_DAG_ID='banking_01_bronze_layer' AIRFLOW_CTX_TASK_ID='debug' AIRFLOW_CTX_EXECUTION_DATE='2026-03-30T13:30:00+00:00' AIRFLOW_CTX_TRY_NUMBER='1' AIRFLOW_CTX_DAG_RUN_ID='scheduled__2026-03-30T13:30:00+00:00'
[2026-03-30T14:51:34.217+0000] {taskinstance.py:430} INFO - ::endgroup::
[2026-03-30T14:51:34.217+0000] {subprocess.py:78} INFO - Tmp dir root location: /tmp
[2026-03-30T14:51:34.218+0000] {subprocess.py:88} INFO - Running command: ['/usr/bin/bash', '-c', 'dbt debug --profiles-dir /opt/***/dbt/trans_snowf']
[2026-03-30T14:51:34.223+0000] {subprocess.py:99} INFO - Output:
[2026-03-30T14:51:35.868+0000] {subprocess.py:106} INFO - [0m14:51:35  Running with dbt=1.11.7
[2026-03-30T14:51:35.876+0000] {subprocess.py:106} INFO - [0m14:51:35  dbt version: 1.11.7
[2026-03-30T14:51:35.877+0000] {subprocess.py:106} INFO - [0m14:51:35  python version: 3.12.4
[2026-03-30T14:51:35.877+0000] {subprocess.py:106} INFO - [0m14:51:35  python path: /home/***/.local/bin/python
[2026-03-30T14:51:35.878+0000] {subprocess.py:106} INFO - [0m14:51:35  os info: Linux-6.12.76-linuxkit-aarch64-with-glibc2.36
[2026-03-30T14:51:36.408+0000] {subprocess.py:106} INFO - [0m14:51:36  Using profiles dir at /opt/***/dbt/trans_snowf
[2026-03-30T14:51:36.409+0000] {subprocess.py:106} INFO - [0m14:51:36  Using profiles.yml file at /opt/***/dbt/trans_snowf/profiles.yml
[2026-03-30T14:51:36.409+0000] {subprocess.py:106} INFO - [0m14:51:36  Using dbt_project.yml file at /opt/***/dbt/trans_snowf/dbt_project.yml
[2026-03-30T14:51:36.410+0000] {subprocess.py:106} INFO - [0m14:51:36  adapter type: snowflake
[2026-03-30T14:51:36.410+0000] {subprocess.py:106} INFO - [0m14:51:36  adapter version: 1.11.3
[2026-03-30T14:51:36.473+0000] {subprocess.py:106} INFO - [0m14:51:36  Configuration:
[2026-03-30T14:51:36.474+0000] {subprocess.py:106} INFO - [0m14:51:36    profiles.yml file [[32mOK found and valid[0m]
[2026-03-30T14:51:36.474+0000] {subprocess.py:106} INFO - [0m14:51:36    dbt_project.yml file [[32mOK found and valid[0m]
[2026-03-30T14:51:36.475+0000] {subprocess.py:106} INFO - [0m14:51:36  Required dependencies:
[2026-03-30T14:51:36.476+0000] {subprocess.py:106} INFO - [0m14:51:36   - git [[31mERROR[0m]
[2026-03-30T14:51:36.476+0000] {subprocess.py:106} INFO - 
[2026-03-30T14:51:36.476+0000] {subprocess.py:106} INFO - [0m14:51:36  Connection:
[2026-03-30T14:51:36.477+0000] {subprocess.py:106} INFO - [0m14:51:36    account: BBMCDSP-CT02489
[2026-03-30T14:51:36.477+0000] {subprocess.py:106} INFO - [0m14:51:36    user: user123
[2026-03-30T14:51:36.477+0000] {subprocess.py:106} INFO - [0m14:51:36    database: BANKING
[2026-03-30T14:51:36.478+0000] {subprocess.py:106} INFO - [0m14:51:36    warehouse: COMPUTE_WH
[2026-03-30T14:51:36.478+0000] {subprocess.py:106} INFO - [0m14:51:36    role: dbtadmin
[2026-03-30T14:51:36.478+0000] {subprocess.py:106} INFO - [0m14:51:36    schema: PUBLIC
[2026-03-30T14:51:36.479+0000] {subprocess.py:106} INFO - [0m14:51:36    authenticator: None
[2026-03-30T14:51:36.479+0000] {subprocess.py:106} INFO - [0m14:51:36    oauth_client_id: None
[2026-03-30T14:51:36.480+0000] {subprocess.py:106} INFO - [0m14:51:36    query_tag: None
[2026-03-30T14:51:36.480+0000] {subprocess.py:106} INFO - [0m14:51:36    client_session_keep_alive: False
[2026-03-30T14:51:36.480+0000] {subprocess.py:106} INFO - [0m14:51:36    host: None
[2026-03-30T14:51:36.481+0000] {subprocess.py:106} INFO - [0m14:51:36    port: None
[2026-03-30T14:51:36.481+0000] {subprocess.py:106} INFO - [0m14:51:36    proxy_host: None
[2026-03-30T14:51:36.481+0000] {subprocess.py:106} INFO - [0m14:51:36    proxy_port: None
[2026-03-30T14:51:36.482+0000] {subprocess.py:106} INFO - [0m14:51:36    protocol: None
[2026-03-30T14:51:36.482+0000] {subprocess.py:106} INFO - [0m14:51:36    connect_retries: 1
[2026-03-30T14:51:36.482+0000] {subprocess.py:106} INFO - [0m14:51:36    connect_timeout: None
[2026-03-30T14:51:36.483+0000] {subprocess.py:106} INFO - [0m14:51:36    retry_on_database_errors: False
[2026-03-30T14:51:36.483+0000] {subprocess.py:106} INFO - [0m14:51:36    retry_all: False
[2026-03-30T14:51:36.483+0000] {subprocess.py:106} INFO - [0m14:51:36    insecure_mode: False
[2026-03-30T14:51:36.484+0000] {subprocess.py:106} INFO - [0m14:51:36    reuse_connections: True
[2026-03-30T14:51:36.484+0000] {subprocess.py:106} INFO - [0m14:51:36    s3_stage_vpce_dns_name: None
[2026-03-30T14:51:36.485+0000] {subprocess.py:106} INFO - [0m14:51:36    platform_detection_timeout_seconds: 0.0
[2026-03-30T14:51:36.486+0000] {subprocess.py:106} INFO - [0m14:51:36  Registered adapter: snowflake=1.11.3
[2026-03-30T14:51:37.717+0000] {subprocess.py:106} INFO - [0m14:51:37    Connection test: [[32mOK connection ok[0m]
[2026-03-30T14:51:37.717+0000] {subprocess.py:106} INFO - 
[2026-03-30T14:51:37.717+0000] {subprocess.py:106} INFO - [0m14:51:37  [31m1 check failed:[0m
[2026-03-30T14:51:37.718+0000] {subprocess.py:106} INFO - [0m14:51:37  Error from git --help: Could not find command, ensure it is in the user's PATH: "git"
[2026-03-30T14:51:37.718+0000] {subprocess.py:106} INFO - 
[2026-03-30T14:51:41.375+0000] {subprocess.py:110} INFO - Command exited with return code 1
[2026-03-30T14:51:41.384+0000] {taskinstance.py:441} INFO - ::group::Post task execution logs
[2026-03-30T14:51:41.399+0000] {taskinstance.py:2905} ERROR - Task failed with exception
Traceback (most recent call last):
  File "/home/airflow/.local/lib/python3.12/site-packages/airflow/models/taskinstance.py", line 465, in _execute_task
    result = _execute_callable(context=context, **execute_callable_kwargs)
             ^^^^^^^^^^^^^^^^^^^^^^^^^^^^^^^^^^^^^^^^^^^^^^^^^^^^^^^^^^^^^
  File "/home/airflow/.local/lib/python3.12/site-packages/airflow/models/taskinstance.py", line 432, in _execute_callable
    return execute_callable(context=context, **execute_callable_kwargs)
           ^^^^^^^^^^^^^^^^^^^^^^^^^^^^^^^^^^^^^^^^^^^^^^^^^^^^^^^^^^^^
  File "/home/airflow/.local/lib/python3.12/site-packages/airflow/models/baseoperator.py", line 401, in wrapper
    return func(self, *args, **kwargs)
           ^^^^^^^^^^^^^^^^^^^^^^^^^^^
  File "/home/airflow/.local/lib/python3.12/site-packages/airflow/providers/standard/operators/bash.py", line 233, in execute
    raise AirflowException(
airflow.exceptions.AirflowException: Bash command failed. The command returned a non-zero exit code 1.
[2026-03-30T14:51:41.404+0000] {taskinstance.py:1206} INFO - Marking task as UP_FOR_RETRY. dag_id=banking_01_bronze_layer, task_id=debug, run_id=scheduled__2026-03-30T13:30:00+00:00, execution_date=20260330T133000, start_date=20260330T145134, end_date=20260330T145141
[2026-03-30T14:51:41.422+0000] {standard_task_runner.py:110} ERROR - Failed to execute job 8054 for task debug (Bash command failed. The command returned a non-zero exit code 1.; 11614)
[2026-03-30T14:51:41.443+0000] {local_task_job_runner.py:243} INFO - Task exited with return code 1
[2026-03-30T14:51:41.463+0000] {taskinstance.py:3503} INFO - 0 downstream tasks scheduled from follow-on schedule check
[2026-03-30T14:51:41.464+0000] {local_task_job_runner.py:222} INFO - ::endgroup::
