[2026-03-30T21:22:31.041+0000] {local_task_job_runner.py:120} INFO - ::group::Pre task execution logs
[2026-03-30T21:22:31.057+0000] {taskinstance.py:2076} INFO - Dependencies all met for dep_context=non-requeueable deps ti=<TaskInstance: banking_01_bronze_layer.debug scheduled__2026-03-30T19:00:00+00:00 [queued]>
[2026-03-30T21:22:31.061+0000] {taskinstance.py:2076} INFO - Dependencies all met for dep_context=requeueable deps ti=<TaskInstance: banking_01_bronze_layer.debug scheduled__2026-03-30T19:00:00+00:00 [queued]>
[2026-03-30T21:22:31.061+0000] {taskinstance.py:2306} INFO - Starting attempt 2 of 2
[2026-03-30T21:22:31.068+0000] {taskinstance.py:2330} INFO - Executing <Task(BashOperator): debug> on 2026-03-30 19:00:00+00:00
[2026-03-30T21:22:31.070+0000] {standard_task_runner.py:64} INFO - Started process 25664 to run task
[2026-03-30T21:22:31.073+0000] {standard_task_runner.py:90} INFO - Running: ['***', 'tasks', 'run', 'banking_01_bronze_layer', 'debug', 'scheduled__2026-03-30T19:00:00+00:00', '--job-id', '8755', '--raw', '--subdir', 'DAGS_FOLDER/dbt.py', '--cfg-path', '/tmp/tmpf4kuw7ff']
[2026-03-30T21:22:31.075+0000] {standard_task_runner.py:91} INFO - Job 8755: Subtask debug
[2026-03-30T21:22:31.109+0000] {task_command.py:426} INFO - Running <TaskInstance: banking_01_bronze_layer.debug scheduled__2026-03-30T19:00:00+00:00 [running]> on host c990dffe13ae
[2026-03-30T21:22:31.168+0000] {taskinstance.py:2648} INFO - Exporting env vars: AIRFLOW_CTX_DAG_OWNER='risheek' AIRFLOW_CTX_DAG_ID='banking_01_bronze_layer' AIRFLOW_CTX_TASK_ID='debug' AIRFLOW_CTX_EXECUTION_DATE='2026-03-30T19:00:00+00:00' AIRFLOW_CTX_TRY_NUMBER='2' AIRFLOW_CTX_DAG_RUN_ID='scheduled__2026-03-30T19:00:00+00:00'
[2026-03-30T21:22:31.169+0000] {taskinstance.py:430} INFO - ::endgroup::
[2026-03-30T21:22:31.169+0000] {subprocess.py:78} INFO - Tmp dir root location: /tmp
[2026-03-30T21:22:31.170+0000] {subprocess.py:88} INFO - Running command: ['/usr/bin/bash', '-c', 'dbt debug --profiles-dir /opt/***/dbt/trans_snowf']
[2026-03-30T21:22:31.174+0000] {subprocess.py:99} INFO - Output:
[2026-03-30T21:22:32.492+0000] {subprocess.py:106} INFO - [0m21:22:32  Running with dbt=1.11.7
[2026-03-30T21:22:32.499+0000] {subprocess.py:106} INFO - [0m21:22:32  dbt version: 1.11.7
[2026-03-30T21:22:32.499+0000] {subprocess.py:106} INFO - [0m21:22:32  python version: 3.12.4
[2026-03-30T21:22:32.499+0000] {subprocess.py:106} INFO - [0m21:22:32  python path: /home/***/.local/bin/python
[2026-03-30T21:22:32.500+0000] {subprocess.py:106} INFO - [0m21:22:32  os info: Linux-6.12.76-linuxkit-aarch64-with-glibc2.36
[2026-03-30T21:22:32.929+0000] {subprocess.py:106} INFO - [0m21:22:32  Using profiles dir at /opt/***/dbt/trans_snowf
[2026-03-30T21:22:32.929+0000] {subprocess.py:106} INFO - [0m21:22:32  Using profiles.yml file at /opt/***/dbt/trans_snowf/profiles.yml
[2026-03-30T21:22:32.929+0000] {subprocess.py:106} INFO - [0m21:22:32  Using dbt_project.yml file at /opt/***/dbt/trans_snowf/dbt_project.yml
[2026-03-30T21:22:32.930+0000] {subprocess.py:106} INFO - [0m21:22:32  adapter type: snowflake
[2026-03-30T21:22:32.930+0000] {subprocess.py:106} INFO - [0m21:22:32  adapter version: 1.11.3
[2026-03-30T21:22:32.983+0000] {subprocess.py:106} INFO - [0m21:22:32  Configuration:
[2026-03-30T21:22:32.984+0000] {subprocess.py:106} INFO - [0m21:22:32    profiles.yml file [[32mOK found and valid[0m]
[2026-03-30T21:22:32.984+0000] {subprocess.py:106} INFO - [0m21:22:32    dbt_project.yml file [[32mOK found and valid[0m]
[2026-03-30T21:22:32.985+0000] {subprocess.py:106} INFO - [0m21:22:32  Required dependencies:
[2026-03-30T21:22:32.986+0000] {subprocess.py:106} INFO - [0m21:22:32   - git [[31mERROR[0m]
[2026-03-30T21:22:32.986+0000] {subprocess.py:106} INFO - 
[2026-03-30T21:22:32.986+0000] {subprocess.py:106} INFO - [0m21:22:32  Connection:
[2026-03-30T21:22:32.986+0000] {subprocess.py:106} INFO - [0m21:22:32    account: BBMCDSP-CT02489
[2026-03-30T21:22:32.987+0000] {subprocess.py:106} INFO - [0m21:22:32    user: user123
[2026-03-30T21:22:32.987+0000] {subprocess.py:106} INFO - [0m21:22:32    database: BANKING
[2026-03-30T21:22:32.988+0000] {subprocess.py:106} INFO - [0m21:22:32    warehouse: COMPUTE_WH
[2026-03-30T21:22:32.988+0000] {subprocess.py:106} INFO - [0m21:22:32    role: dbtadmin
[2026-03-30T21:22:32.988+0000] {subprocess.py:106} INFO - [0m21:22:32    schema: PUBLIC
[2026-03-30T21:22:32.989+0000] {subprocess.py:106} INFO - [0m21:22:32    authenticator: None
[2026-03-30T21:22:32.989+0000] {subprocess.py:106} INFO - [0m21:22:32    oauth_client_id: None
[2026-03-30T21:22:32.990+0000] {subprocess.py:106} INFO - [0m21:22:32    query_tag: None
[2026-03-30T21:22:32.990+0000] {subprocess.py:106} INFO - [0m21:22:32    client_session_keep_alive: False
[2026-03-30T21:22:32.990+0000] {subprocess.py:106} INFO - [0m21:22:32    host: None
[2026-03-30T21:22:32.991+0000] {subprocess.py:106} INFO - [0m21:22:32    port: None
[2026-03-30T21:22:32.991+0000] {subprocess.py:106} INFO - [0m21:22:32    proxy_host: None
[2026-03-30T21:22:32.991+0000] {subprocess.py:106} INFO - [0m21:22:32    proxy_port: None
[2026-03-30T21:22:32.992+0000] {subprocess.py:106} INFO - [0m21:22:32    protocol: None
[2026-03-30T21:22:32.992+0000] {subprocess.py:106} INFO - [0m21:22:32    connect_retries: 1
[2026-03-30T21:22:32.992+0000] {subprocess.py:106} INFO - [0m21:22:32    connect_timeout: None
[2026-03-30T21:22:32.993+0000] {subprocess.py:106} INFO - [0m21:22:32    retry_on_database_errors: False
[2026-03-30T21:22:32.993+0000] {subprocess.py:106} INFO - [0m21:22:32    retry_all: False
[2026-03-30T21:22:32.993+0000] {subprocess.py:106} INFO - [0m21:22:32    insecure_mode: False
[2026-03-30T21:22:32.994+0000] {subprocess.py:106} INFO - [0m21:22:32    reuse_connections: True
[2026-03-30T21:22:32.994+0000] {subprocess.py:106} INFO - [0m21:22:32    s3_stage_vpce_dns_name: None
[2026-03-30T21:22:32.994+0000] {subprocess.py:106} INFO - [0m21:22:32    platform_detection_timeout_seconds: 0.0
[2026-03-30T21:22:32.995+0000] {subprocess.py:106} INFO - [0m21:22:32  Registered adapter: snowflake=1.11.3
[2026-03-30T21:22:33.799+0000] {subprocess.py:106} INFO - [0m21:22:33    Connection test: [[32mOK connection ok[0m]
[2026-03-30T21:22:33.800+0000] {subprocess.py:106} INFO - 
[2026-03-30T21:22:33.801+0000] {subprocess.py:106} INFO - [0m21:22:33  [31m1 check failed:[0m
[2026-03-30T21:22:33.801+0000] {subprocess.py:106} INFO - [0m21:22:33  Error from git --help: Could not find command, ensure it is in the user's PATH: "git"
[2026-03-30T21:22:33.802+0000] {subprocess.py:106} INFO - 
[2026-03-30T21:22:35.854+0000] {subprocess.py:110} INFO - Command exited with return code 1
[2026-03-30T21:22:35.855+0000] {taskinstance.py:441} INFO - ::group::Post task execution logs
[2026-03-30T21:22:35.866+0000] {taskinstance.py:2905} ERROR - Task failed with exception
Traceback (most recent call last):
  File "/home/airflow/.local/lib/python3.12/site-packages/airflow/models/taskinstance.py", line 465, in _execute_task
    result = _execute_callable(context=context, **execute_callable_kwargs)
             ^^^^^^^^^^^^^^^^^^^^^^^^^^^^^^^^^^^^^^^^^^^^^^^^^^^^^^^^^^^^^
  File "/home/airflow/.local/lib/python3.12/site-packages/airflow/models/taskinstance.py", line 432, in _execute_callable
    return execute_callable(context=context, **execute_callable_kwargs)
           ^^^^^^^^^^^^^^^^^^^^^^^^^^^^^^^^^^^^^^^^^^^^^^^^^^^^^^^^^^^^
  File "/home/airflow/.local/lib/python3.12/site-packages/airflow/models/baseoperator.py", line 401, in wrapper
    return func(self, *args, **kwargs)
           ^^^^^^^^^^^^^^^^^^^^^^^^^^^
  File "/home/airflow/.local/lib/python3.12/site-packages/airflow/providers/standard/operators/bash.py", line 233, in execute
    raise AirflowException(
airflow.exceptions.AirflowException: Bash command failed. The command returned a non-zero exit code 1.
[2026-03-30T21:22:35.869+0000] {taskinstance.py:1206} INFO - Marking task as FAILED. dag_id=banking_01_bronze_layer, task_id=debug, run_id=scheduled__2026-03-30T19:00:00+00:00, execution_date=20260330T190000, start_date=20260330T212231, end_date=20260330T212235
[2026-03-30T21:22:35.883+0000] {standard_task_runner.py:110} ERROR - Failed to execute job 8755 for task debug (Bash command failed. The command returned a non-zero exit code 1.; 25664)
[2026-03-30T21:22:35.901+0000] {local_task_job_runner.py:243} INFO - Task exited with return code 1
[2026-03-30T21:22:35.926+0000] {taskinstance.py:3503} INFO - 0 downstream tasks scheduled from follow-on schedule check
[2026-03-30T21:22:35.926+0000] {local_task_job_runner.py:222} INFO - ::endgroup::
