[2026-03-30T21:02:07.898+0000] {local_task_job_runner.py:120} INFO - ::group::Pre task execution logs
[2026-03-30T21:02:07.916+0000] {taskinstance.py:2076} INFO - Dependencies all met for dep_context=non-requeueable deps ti=<TaskInstance: banking_01_bronze_layer.debug scheduled__2026-03-30T19:00:00+00:00 [queued]>
[2026-03-30T21:02:07.920+0000] {taskinstance.py:2076} INFO - Dependencies all met for dep_context=requeueable deps ti=<TaskInstance: banking_01_bronze_layer.debug scheduled__2026-03-30T19:00:00+00:00 [queued]>
[2026-03-30T21:02:07.920+0000] {taskinstance.py:2306} INFO - Starting attempt 1 of 2
[2026-03-30T21:02:07.926+0000] {taskinstance.py:2330} INFO - Executing <Task(BashOperator): debug> on 2026-03-30 19:00:00+00:00
[2026-03-30T21:02:07.929+0000] {standard_task_runner.py:64} INFO - Started process 25000 to run task
[2026-03-30T21:02:07.931+0000] {standard_task_runner.py:90} INFO - Running: ['***', 'tasks', 'run', 'banking_01_bronze_layer', 'debug', 'scheduled__2026-03-30T19:00:00+00:00', '--job-id', '8725', '--raw', '--subdir', 'DAGS_FOLDER/dbt.py', '--cfg-path', '/tmp/tmpmgdwkv4x']
[2026-03-30T21:02:07.934+0000] {standard_task_runner.py:91} INFO - Job 8725: Subtask debug
[2026-03-30T21:02:07.988+0000] {task_command.py:426} INFO - Running <TaskInstance: banking_01_bronze_layer.debug scheduled__2026-03-30T19:00:00+00:00 [running]> on host c990dffe13ae
[2026-03-30T21:02:08.044+0000] {taskinstance.py:2648} INFO - Exporting env vars: AIRFLOW_CTX_DAG_OWNER='risheek' AIRFLOW_CTX_DAG_ID='banking_01_bronze_layer' AIRFLOW_CTX_TASK_ID='debug' AIRFLOW_CTX_EXECUTION_DATE='2026-03-30T19:00:00+00:00' AIRFLOW_CTX_TRY_NUMBER='1' AIRFLOW_CTX_DAG_RUN_ID='scheduled__2026-03-30T19:00:00+00:00'
[2026-03-30T21:02:08.045+0000] {taskinstance.py:430} INFO - ::endgroup::
[2026-03-30T21:02:08.046+0000] {subprocess.py:78} INFO - Tmp dir root location: /tmp
[2026-03-30T21:02:08.046+0000] {subprocess.py:88} INFO - Running command: ['/usr/bin/bash', '-c', 'dbt debug --profiles-dir /opt/***/dbt/trans_snowf']
[2026-03-30T21:02:08.051+0000] {subprocess.py:99} INFO - Output:
[2026-03-30T21:02:09.696+0000] {subprocess.py:106} INFO - [0m21:02:09  Running with dbt=1.11.7
[2026-03-30T21:02:09.711+0000] {subprocess.py:106} INFO - [0m21:02:09  dbt version: 1.11.7
[2026-03-30T21:02:09.712+0000] {subprocess.py:106} INFO - [0m21:02:09  python version: 3.12.4
[2026-03-30T21:02:09.712+0000] {subprocess.py:106} INFO - [0m21:02:09  python path: /home/***/.local/bin/python
[2026-03-30T21:02:09.713+0000] {subprocess.py:106} INFO - [0m21:02:09  os info: Linux-6.12.76-linuxkit-aarch64-with-glibc2.36
[2026-03-30T21:02:10.620+0000] {subprocess.py:106} INFO - [0m21:02:10  Using profiles dir at /opt/***/dbt/trans_snowf
[2026-03-30T21:02:10.623+0000] {subprocess.py:106} INFO - [0m21:02:10  Using profiles.yml file at /opt/***/dbt/trans_snowf/profiles.yml
[2026-03-30T21:02:10.623+0000] {subprocess.py:106} INFO - [0m21:02:10  Using dbt_project.yml file at /opt/***/dbt/trans_snowf/dbt_project.yml
[2026-03-30T21:02:10.624+0000] {subprocess.py:106} INFO - [0m21:02:10  adapter type: snowflake
[2026-03-30T21:02:10.624+0000] {subprocess.py:106} INFO - [0m21:02:10  adapter version: 1.11.3
[2026-03-30T21:02:10.680+0000] {subprocess.py:106} INFO - [0m21:02:10  Configuration:
[2026-03-30T21:02:10.680+0000] {subprocess.py:106} INFO - [0m21:02:10    profiles.yml file [[32mOK found and valid[0m]
[2026-03-30T21:02:10.681+0000] {subprocess.py:106} INFO - [0m21:02:10    dbt_project.yml file [[32mOK found and valid[0m]
[2026-03-30T21:02:10.681+0000] {subprocess.py:106} INFO - [0m21:02:10  Required dependencies:
[2026-03-30T21:02:10.683+0000] {subprocess.py:106} INFO - [0m21:02:10   - git [[31mERROR[0m]
[2026-03-30T21:02:10.683+0000] {subprocess.py:106} INFO - 
[2026-03-30T21:02:10.683+0000] {subprocess.py:106} INFO - [0m21:02:10  Connection:
[2026-03-30T21:02:10.683+0000] {subprocess.py:106} INFO - [0m21:02:10    account: BBMCDSP-CT02489
[2026-03-30T21:02:10.684+0000] {subprocess.py:106} INFO - [0m21:02:10    user: user123
[2026-03-30T21:02:10.684+0000] {subprocess.py:106} INFO - [0m21:02:10    database: BANKING
[2026-03-30T21:02:10.684+0000] {subprocess.py:106} INFO - [0m21:02:10    warehouse: COMPUTE_WH
[2026-03-30T21:02:10.685+0000] {subprocess.py:106} INFO - [0m21:02:10    role: dbtadmin
[2026-03-30T21:02:10.685+0000] {subprocess.py:106} INFO - [0m21:02:10    schema: PUBLIC
[2026-03-30T21:02:10.686+0000] {subprocess.py:106} INFO - [0m21:02:10    authenticator: None
[2026-03-30T21:02:10.686+0000] {subprocess.py:106} INFO - [0m21:02:10    oauth_client_id: None
[2026-03-30T21:02:10.686+0000] {subprocess.py:106} INFO - [0m21:02:10    query_tag: None
[2026-03-30T21:02:10.687+0000] {subprocess.py:106} INFO - [0m21:02:10    client_session_keep_alive: False
[2026-03-30T21:02:10.687+0000] {subprocess.py:106} INFO - [0m21:02:10    host: None
[2026-03-30T21:02:10.687+0000] {subprocess.py:106} INFO - [0m21:02:10    port: None
[2026-03-30T21:02:10.688+0000] {subprocess.py:106} INFO - [0m21:02:10    proxy_host: None
[2026-03-30T21:02:10.688+0000] {subprocess.py:106} INFO - [0m21:02:10    proxy_port: None
[2026-03-30T21:02:10.688+0000] {subprocess.py:106} INFO - [0m21:02:10    protocol: None
[2026-03-30T21:02:10.689+0000] {subprocess.py:106} INFO - [0m21:02:10    connect_retries: 1
[2026-03-30T21:02:10.689+0000] {subprocess.py:106} INFO - [0m21:02:10    connect_timeout: None
[2026-03-30T21:02:10.690+0000] {subprocess.py:106} INFO - [0m21:02:10    retry_on_database_errors: False
[2026-03-30T21:02:10.690+0000] {subprocess.py:106} INFO - [0m21:02:10    retry_all: False
[2026-03-30T21:02:10.691+0000] {subprocess.py:106} INFO - [0m21:02:10    insecure_mode: False
[2026-03-30T21:02:10.691+0000] {subprocess.py:106} INFO - [0m21:02:10    reuse_connections: True
[2026-03-30T21:02:10.692+0000] {subprocess.py:106} INFO - [0m21:02:10    s3_stage_vpce_dns_name: None
[2026-03-30T21:02:10.694+0000] {subprocess.py:106} INFO - [0m21:02:10    platform_detection_timeout_seconds: 0.0
[2026-03-30T21:02:10.695+0000] {subprocess.py:106} INFO - [0m21:02:10  Registered adapter: snowflake=1.11.3
[2026-03-30T21:02:11.366+0000] {subprocess.py:106} INFO - [0m21:02:11    Connection test: [[31mERROR[0m]
[2026-03-30T21:02:11.366+0000] {subprocess.py:106} INFO - 
[2026-03-30T21:02:11.366+0000] {subprocess.py:106} INFO - [0m21:02:11  [31m2 checks failed:[0m
[2026-03-30T21:02:11.367+0000] {subprocess.py:106} INFO - [0m21:02:11  Error from git --help: Could not find command, ensure it is in the user's PATH: "git"
[2026-03-30T21:02:11.367+0000] {subprocess.py:106} INFO - 
[2026-03-30T21:02:11.367+0000] {subprocess.py:106} INFO - [0m21:02:11  dbt was unable to connect to the specified database.
[2026-03-30T21:02:11.368+0000] {subprocess.py:106} INFO - The database returned the following error:
[2026-03-30T21:02:11.368+0000] {subprocess.py:106} INFO - 
[2026-03-30T21:02:11.368+0000] {subprocess.py:106} INFO -   >Database Error
[2026-03-30T21:02:11.368+0000] {subprocess.py:106} INFO -   250001 (08001): Failed to connect to DB: BBMCDSP-CT02489.snowflakecomputing.com:443. JWT token is invalid. [d4eba139-8bad-4a00-8b21-130893f8b6b6]
[2026-03-30T21:02:11.368+0000] {subprocess.py:106} INFO - 
[2026-03-30T21:02:11.369+0000] {subprocess.py:106} INFO - Check your database credentials and try again. For more information, visit:
[2026-03-30T21:02:11.369+0000] {subprocess.py:106} INFO - https://docs.getdbt.com/docs/configure-your-profile
[2026-03-30T21:02:11.369+0000] {subprocess.py:106} INFO - 
[2026-03-30T21:02:11.369+0000] {subprocess.py:106} INFO - 
[2026-03-30T21:02:13.395+0000] {subprocess.py:110} INFO - Command exited with return code 1
[2026-03-30T21:02:13.403+0000] {taskinstance.py:441} INFO - ::group::Post task execution logs
[2026-03-30T21:02:13.423+0000] {taskinstance.py:2905} ERROR - Task failed with exception
Traceback (most recent call last):
  File "/home/airflow/.local/lib/python3.12/site-packages/airflow/models/taskinstance.py", line 465, in _execute_task
    result = _execute_callable(context=context, **execute_callable_kwargs)
             ^^^^^^^^^^^^^^^^^^^^^^^^^^^^^^^^^^^^^^^^^^^^^^^^^^^^^^^^^^^^^
  File "/home/airflow/.local/lib/python3.12/site-packages/airflow/models/taskinstance.py", line 432, in _execute_callable
    return execute_callable(context=context, **execute_callable_kwargs)
           ^^^^^^^^^^^^^^^^^^^^^^^^^^^^^^^^^^^^^^^^^^^^^^^^^^^^^^^^^^^^
  File "/home/airflow/.local/lib/python3.12/site-packages/airflow/models/baseoperator.py", line 401, in wrapper
    return func(self, *args, **kwargs)
           ^^^^^^^^^^^^^^^^^^^^^^^^^^^
  File "/home/airflow/.local/lib/python3.12/site-packages/airflow/providers/standard/operators/bash.py", line 233, in execute
    raise AirflowException(
airflow.exceptions.AirflowException: Bash command failed. The command returned a non-zero exit code 1.
[2026-03-30T21:02:13.433+0000] {taskinstance.py:1206} INFO - Marking task as UP_FOR_RETRY. dag_id=banking_01_bronze_layer, task_id=debug, run_id=scheduled__2026-03-30T19:00:00+00:00, execution_date=20260330T190000, start_date=20260330T210207, end_date=20260330T210213
[2026-03-30T21:02:13.453+0000] {standard_task_runner.py:110} ERROR - Failed to execute job 8725 for task debug (Bash command failed. The command returned a non-zero exit code 1.; 25000)
[2026-03-30T21:02:13.469+0000] {local_task_job_runner.py:243} INFO - Task exited with return code 1
[2026-03-30T21:02:13.488+0000] {taskinstance.py:3503} INFO - 0 downstream tasks scheduled from follow-on schedule check
[2026-03-30T21:02:13.488+0000] {local_task_job_runner.py:222} INFO - ::endgroup::
