[2026-03-30T00:49:17.835+0000] {local_task_job_runner.py:120} INFO - ::group::Pre task execution logs
[2026-03-30T00:49:17.849+0000] {taskinstance.py:2076} INFO - Dependencies all met for dep_context=non-requeueable deps ti=<TaskInstance: banking_01_bronze_layer.build_bronze_trans scheduled__2026-03-30T00:00:00+00:00 [queued]>
[2026-03-30T00:49:17.853+0000] {taskinstance.py:2076} INFO - Dependencies all met for dep_context=requeueable deps ti=<TaskInstance: banking_01_bronze_layer.build_bronze_trans scheduled__2026-03-30T00:00:00+00:00 [queued]>
[2026-03-30T00:49:17.853+0000] {taskinstance.py:2306} INFO - Starting attempt 1 of 2
[2026-03-30T00:49:17.858+0000] {taskinstance.py:2330} INFO - Executing <Task(BashOperator): build_bronze_trans> on 2026-03-30 00:00:00+00:00
[2026-03-30T00:49:17.861+0000] {standard_task_runner.py:64} INFO - Started process 6451 to run task
[2026-03-30T00:49:17.863+0000] {standard_task_runner.py:90} INFO - Running: ['***', 'tasks', 'run', 'banking_01_bronze_layer', 'build_bronze_trans', 'scheduled__2026-03-30T00:00:00+00:00', '--job-id', '7383', '--raw', '--subdir', 'DAGS_FOLDER/dbt.py', '--cfg-path', '/tmp/tmptcglca71']
[2026-03-30T00:49:17.865+0000] {standard_task_runner.py:91} INFO - Job 7383: Subtask build_bronze_trans
[2026-03-30T00:49:17.892+0000] {task_command.py:426} INFO - Running <TaskInstance: banking_01_bronze_layer.build_bronze_trans scheduled__2026-03-30T00:00:00+00:00 [running]> on host c990dffe13ae
[2026-03-30T00:49:17.932+0000] {taskinstance.py:2648} INFO - Exporting env vars: AIRFLOW_CTX_DAG_OWNER='risheek' AIRFLOW_CTX_DAG_ID='banking_01_bronze_layer' AIRFLOW_CTX_TASK_ID='build_bronze_trans' AIRFLOW_CTX_EXECUTION_DATE='2026-03-30T00:00:00+00:00' AIRFLOW_CTX_TRY_NUMBER='1' AIRFLOW_CTX_DAG_RUN_ID='scheduled__2026-03-30T00:00:00+00:00'
[2026-03-30T00:49:17.933+0000] {taskinstance.py:430} INFO - ::endgroup::
[2026-03-30T00:49:17.933+0000] {subprocess.py:78} INFO - Tmp dir root location: /tmp
[2026-03-30T00:49:17.934+0000] {subprocess.py:88} INFO - Running command: ['/usr/bin/bash', '-c', 'dbt build --select bronze_trans']
[2026-03-30T00:49:17.937+0000] {subprocess.py:99} INFO - Output:
[2026-03-30T00:49:19.069+0000] {subprocess.py:106} INFO - [0m00:49:19  Running with dbt=1.11.7
[2026-03-30T00:49:19.500+0000] {subprocess.py:106} INFO - [0m00:49:19  Registered adapter: snowflake=1.11.3
[2026-03-30T00:49:19.628+0000] {subprocess.py:106} INFO - [0m00:49:19  [[33mWARNING[0m]: Configuration paths exist in your dbt_project.yml file which do not apply to any resources.
[2026-03-30T00:49:19.628+0000] {subprocess.py:106} INFO - There are 1 unused configuration paths:
[2026-03-30T00:49:19.628+0000] {subprocess.py:106} INFO - - models.trans_snowf.example
[2026-03-30T00:49:19.723+0000] {subprocess.py:106} INFO - [0m00:49:19  Found 14 models, 3 sources, 522 macros
[2026-03-30T00:49:19.724+0000] {subprocess.py:106} INFO - [0m00:49:19
[2026-03-30T00:49:19.724+0000] {subprocess.py:106} INFO - [0m00:49:19  Concurrency: 1 threads (target='dev')
[2026-03-30T00:49:19.724+0000] {subprocess.py:106} INFO - [0m00:49:19
[2026-03-30T00:49:22.154+0000] {subprocess.py:106} INFO - [0m00:49:22  1 of 1 START sql incremental model PUBLIC_BRONZE.bronze_trans .................. [RUN]
[2026-03-30T01:05:42.422+0000] {subprocess.py:106} INFO - [0m01:05:42  1 of 1 OK created sql incremental model PUBLIC_BRONZE.bronze_trans ............. [[32mSUCCESS 0[0m in 980.26s]
[2026-03-30T01:05:42.676+0000] {subprocess.py:106} INFO - [0m01:05:42
[2026-03-30T01:05:42.677+0000] {subprocess.py:106} INFO - [0m01:05:42  Finished running 1 incremental model in 0 hours 16 minutes and 22.95 seconds (982.95s).
[2026-03-30T01:05:42.727+0000] {subprocess.py:106} INFO - [0m01:05:42
[2026-03-30T01:05:42.728+0000] {subprocess.py:106} INFO - [0m01:05:42  [32mCompleted successfully[0m
[2026-03-30T01:05:42.728+0000] {subprocess.py:106} INFO - [0m01:05:42
[2026-03-30T01:05:42.729+0000] {subprocess.py:106} INFO - [0m01:05:42  Done. PASS=1 WARN=0 ERROR=0 SKIP=0 NO-OP=0 TOTAL=1
[2026-03-30T01:05:44.371+0000] {subprocess.py:110} INFO - Command exited with return code 0
[2026-03-30T01:05:44.373+0000] {taskinstance.py:441} INFO - ::group::Post task execution logs
[2026-03-30T01:05:44.433+0000] {taskinstance.py:1206} INFO - Marking task as SUCCESS. dag_id=banking_01_bronze_layer, task_id=build_bronze_trans, run_id=scheduled__2026-03-30T00:00:00+00:00, execution_date=20260330T000000, start_date=20260330T004917, end_date=20260330T010544
[2026-03-30T01:05:44.455+0000] {local_task_job_runner.py:243} INFO - Task exited with return code 0
[2026-03-30T01:05:44.472+0000] {taskinstance.py:3503} INFO - 0 downstream tasks scheduled from follow-on schedule check
[2026-03-30T01:05:44.473+0000] {local_task_job_runner.py:222} INFO - ::endgroup::
