[2026-03-28T16:58:48.131+0000] {local_task_job_runner.py:120} INFO - ::group::Pre task execution logs
[2026-03-28T16:58:48.145+0000] {taskinstance.py:2076} INFO - Dependencies all met for dep_context=non-requeueable deps ti=<TaskInstance: banking_01_bronze_layer.build_bronze_cust scheduled__2026-03-28T15:00:00+00:00 [queued]>
[2026-03-28T16:58:48.149+0000] {taskinstance.py:2076} INFO - Dependencies all met for dep_context=requeueable deps ti=<TaskInstance: banking_01_bronze_layer.build_bronze_cust scheduled__2026-03-28T15:00:00+00:00 [queued]>
[2026-03-28T16:58:48.149+0000] {taskinstance.py:2306} INFO - Starting attempt 2 of 2
[2026-03-28T16:58:48.154+0000] {taskinstance.py:2330} INFO - Executing <Task(BashOperator): build_bronze_cust> on 2026-03-28 15:00:00+00:00
[2026-03-28T16:58:48.156+0000] {standard_task_runner.py:64} INFO - Started process 10671 to run task
[2026-03-28T16:58:48.158+0000] {standard_task_runner.py:90} INFO - Running: ['***', 'tasks', 'run', 'banking_01_bronze_layer', 'build_bronze_cust', 'scheduled__2026-03-28T15:00:00+00:00', '--job-id', '6904', '--raw', '--subdir', 'DAGS_FOLDER/dbt.py', '--cfg-path', '/tmp/tmpwc17z511']
[2026-03-28T16:58:48.159+0000] {standard_task_runner.py:91} INFO - Job 6904: Subtask build_bronze_cust
[2026-03-28T16:58:48.184+0000] {task_command.py:426} INFO - Running <TaskInstance: banking_01_bronze_layer.build_bronze_cust scheduled__2026-03-28T15:00:00+00:00 [running]> on host c990dffe13ae
[2026-03-28T16:58:48.226+0000] {taskinstance.py:2648} INFO - Exporting env vars: AIRFLOW_CTX_DAG_OWNER='risheek' AIRFLOW_CTX_DAG_ID='banking_01_bronze_layer' AIRFLOW_CTX_TASK_ID='build_bronze_cust' AIRFLOW_CTX_EXECUTION_DATE='2026-03-28T15:00:00+00:00' AIRFLOW_CTX_TRY_NUMBER='2' AIRFLOW_CTX_DAG_RUN_ID='scheduled__2026-03-28T15:00:00+00:00'
[2026-03-28T16:58:48.227+0000] {taskinstance.py:430} INFO - ::endgroup::
[2026-03-28T16:58:48.227+0000] {subprocess.py:78} INFO - Tmp dir root location: /tmp
[2026-03-28T16:58:48.228+0000] {subprocess.py:88} INFO - Running command: ['/usr/bin/bash', '-c', 'dbt build --select bronze_cust']
[2026-03-28T16:58:48.231+0000] {subprocess.py:99} INFO - Output:
[2026-03-28T16:58:49.666+0000] {subprocess.py:106} INFO - [0m16:58:49  Running with dbt=1.11.7
[2026-03-28T16:58:50.167+0000] {subprocess.py:106} INFO - [0m16:58:50  Registered adapter: snowflake=1.11.3
[2026-03-28T16:58:50.314+0000] {subprocess.py:106} INFO - [0m16:58:50  [[33mWARNING[0m]: Configuration paths exist in your dbt_project.yml file which do not apply to any resources.
[2026-03-28T16:58:50.314+0000] {subprocess.py:106} INFO - There are 1 unused configuration paths:
[2026-03-28T16:58:50.314+0000] {subprocess.py:106} INFO - - models.trans_snowf.example
[2026-03-28T16:58:50.432+0000] {subprocess.py:106} INFO - [0m16:58:50  Found 14 models, 3 sources, 522 macros
[2026-03-28T16:58:50.433+0000] {subprocess.py:106} INFO - [0m16:58:50
[2026-03-28T16:58:50.434+0000] {subprocess.py:106} INFO - [0m16:58:50  Concurrency: 1 threads (target='dev')
[2026-03-28T16:58:50.434+0000] {subprocess.py:106} INFO - [0m16:58:50
[2026-03-28T16:58:50.957+0000] {subprocess.py:106} INFO - [0m16:58:50
[2026-03-28T16:58:50.958+0000] {subprocess.py:106} INFO - [0m16:58:50  Finished running  in 0 hours 0 minutes and 0.52 seconds (0.52s).
[2026-03-28T16:58:50.960+0000] {subprocess.py:106} INFO - [0m16:58:50  Encountered an error:
[2026-03-28T16:58:50.960+0000] {subprocess.py:106} INFO - Runtime Error
[2026-03-28T16:58:50.961+0000] {subprocess.py:106} INFO -   Database error while listing schemas in database "BANKING"
[2026-03-28T16:58:50.961+0000] {subprocess.py:106} INFO -   Database Error
[2026-03-28T16:58:50.962+0000] {subprocess.py:106} INFO -     250001 (08001): Failed to connect to DB: BBMCDSP-CT02489.snowflakecomputing.com:443. JWT token is invalid. [7186813e-edc3-4f08-aea2-7208f279c146]
[2026-03-28T16:58:53.295+0000] {subprocess.py:110} INFO - Command exited with return code 2
[2026-03-28T16:58:53.296+0000] {taskinstance.py:441} INFO - ::group::Post task execution logs
[2026-03-28T16:58:53.305+0000] {taskinstance.py:2905} ERROR - Task failed with exception
Traceback (most recent call last):
  File "/home/airflow/.local/lib/python3.12/site-packages/airflow/models/taskinstance.py", line 465, in _execute_task
    result = _execute_callable(context=context, **execute_callable_kwargs)
             ^^^^^^^^^^^^^^^^^^^^^^^^^^^^^^^^^^^^^^^^^^^^^^^^^^^^^^^^^^^^^
  File "/home/airflow/.local/lib/python3.12/site-packages/airflow/models/taskinstance.py", line 432, in _execute_callable
    return execute_callable(context=context, **execute_callable_kwargs)
           ^^^^^^^^^^^^^^^^^^^^^^^^^^^^^^^^^^^^^^^^^^^^^^^^^^^^^^^^^^^^
  File "/home/airflow/.local/lib/python3.12/site-packages/airflow/models/baseoperator.py", line 401, in wrapper
    return func(self, *args, **kwargs)
           ^^^^^^^^^^^^^^^^^^^^^^^^^^^
  File "/home/airflow/.local/lib/python3.12/site-packages/airflow/providers/standard/operators/bash.py", line 233, in execute
    raise AirflowException(
airflow.exceptions.AirflowException: Bash command failed. The command returned a non-zero exit code 2.
[2026-03-28T16:58:53.308+0000] {taskinstance.py:1206} INFO - Marking task as FAILED. dag_id=banking_01_bronze_layer, task_id=build_bronze_cust, run_id=scheduled__2026-03-28T15:00:00+00:00, execution_date=20260328T150000, start_date=20260328T165848, end_date=20260328T165853
[2026-03-28T16:58:53.315+0000] {standard_task_runner.py:110} ERROR - Failed to execute job 6904 for task build_bronze_cust (Bash command failed. The command returned a non-zero exit code 2.; 10671)
[2026-03-28T16:58:53.323+0000] {local_task_job_runner.py:243} INFO - Task exited with return code 1
[2026-03-28T16:58:53.332+0000] {taskinstance.py:3503} INFO - 0 downstream tasks scheduled from follow-on schedule check
[2026-03-28T16:58:53.333+0000] {local_task_job_runner.py:222} INFO - ::endgroup::
