[2026-03-27T23:34:25.615+0000] {local_task_job_runner.py:120} INFO - ::group::Pre task execution logs
[2026-03-27T23:34:25.633+0000] {taskinstance.py:2076} INFO - Dependencies all met for dep_context=non-requeueable deps ti=<TaskInstance: banking_01_bronze_layer.build_bronze_acc scheduled__2026-03-27T20:00:00+00:00 [queued]>
[2026-03-27T23:34:25.637+0000] {taskinstance.py:2076} INFO - Dependencies all met for dep_context=requeueable deps ti=<TaskInstance: banking_01_bronze_layer.build_bronze_acc scheduled__2026-03-27T20:00:00+00:00 [queued]>
[2026-03-27T23:34:25.638+0000] {taskinstance.py:2306} INFO - Starting attempt 1 of 2
[2026-03-27T23:34:25.645+0000] {taskinstance.py:2330} INFO - Executing <Task(BashOperator): build_bronze_acc> on 2026-03-27 20:00:00+00:00
[2026-03-27T23:34:25.647+0000] {standard_task_runner.py:64} INFO - Started process 42278 to run task
[2026-03-27T23:34:25.649+0000] {standard_task_runner.py:90} INFO - Running: ['***', 'tasks', 'run', 'banking_01_bronze_layer', 'build_bronze_acc', 'scheduled__2026-03-27T20:00:00+00:00', '--job-id', '5631', '--raw', '--subdir', 'DAGS_FOLDER/dbt.py', '--cfg-path', '/tmp/tmpst2iingf']
[2026-03-27T23:34:25.650+0000] {standard_task_runner.py:91} INFO - Job 5631: Subtask build_bronze_acc
[2026-03-27T23:34:25.682+0000] {task_command.py:426} INFO - Running <TaskInstance: banking_01_bronze_layer.build_bronze_acc scheduled__2026-03-27T20:00:00+00:00 [running]> on host c990dffe13ae
[2026-03-27T23:34:25.733+0000] {taskinstance.py:2648} INFO - Exporting env vars: AIRFLOW_CTX_DAG_OWNER='risheek' AIRFLOW_CTX_DAG_ID='banking_01_bronze_layer' AIRFLOW_CTX_TASK_ID='build_bronze_acc' AIRFLOW_CTX_EXECUTION_DATE='2026-03-27T20:00:00+00:00' AIRFLOW_CTX_TRY_NUMBER='1' AIRFLOW_CTX_DAG_RUN_ID='scheduled__2026-03-27T20:00:00+00:00'
[2026-03-27T23:34:25.734+0000] {taskinstance.py:430} INFO - ::endgroup::
[2026-03-27T23:34:25.734+0000] {subprocess.py:78} INFO - Tmp dir root location: /tmp
[2026-03-27T23:34:25.735+0000] {subprocess.py:88} INFO - Running command: ['/usr/bin/bash', '-c', 'dbt build --select bronze_acc']
[2026-03-27T23:34:25.739+0000] {subprocess.py:99} INFO - Output:
[2026-03-27T23:34:27.335+0000] {subprocess.py:106} INFO - [0m23:34:27  Running with dbt=1.11.7
[2026-03-27T23:34:28.097+0000] {subprocess.py:106} INFO - [0m23:34:28  Registered adapter: snowflake=1.11.3
[2026-03-27T23:34:28.356+0000] {subprocess.py:106} INFO - [0m23:34:28  [[33mWARNING[0m]: Configuration paths exist in your dbt_project.yml file which do not apply to any resources.
[2026-03-27T23:34:28.356+0000] {subprocess.py:106} INFO - There are 1 unused configuration paths:
[2026-03-27T23:34:28.356+0000] {subprocess.py:106} INFO - - models.trans_snowf.example
[2026-03-27T23:34:28.531+0000] {subprocess.py:106} INFO - [0m23:34:28  Found 14 models, 3 sources, 522 macros
[2026-03-27T23:34:28.533+0000] {subprocess.py:106} INFO - [0m23:34:28
[2026-03-27T23:34:28.534+0000] {subprocess.py:106} INFO - [0m23:34:28  Concurrency: 1 threads (target='dev')
[2026-03-27T23:34:28.534+0000] {subprocess.py:106} INFO - [0m23:34:28
[2026-03-27T23:34:29.895+0000] {subprocess.py:106} INFO - [0m23:34:29
[2026-03-27T23:34:29.897+0000] {subprocess.py:106} INFO - [0m23:34:29  Finished running  in 0 hours 0 minutes and 1.36 seconds (1.36s).
[2026-03-27T23:34:29.898+0000] {subprocess.py:106} INFO - [0m23:34:29  Encountered an error:
[2026-03-27T23:34:29.899+0000] {subprocess.py:106} INFO - Runtime Error
[2026-03-27T23:34:29.899+0000] {subprocess.py:106} INFO -   Database error while listing schemas in database "BANKING"
[2026-03-27T23:34:29.900+0000] {subprocess.py:106} INFO -   Database Error
[2026-03-27T23:34:29.900+0000] {subprocess.py:106} INFO -     250001 (08001): Failed to connect to DB: BBMCDSP-CT02489.snowflakecomputing.com:443. JWT token is invalid. [90f3b072-29cf-4fdc-b873-bb170b34e9a7]
[2026-03-27T23:34:32.445+0000] {subprocess.py:110} INFO - Command exited with return code 2
[2026-03-27T23:34:32.446+0000] {taskinstance.py:441} INFO - ::group::Post task execution logs
[2026-03-27T23:34:32.461+0000] {taskinstance.py:2905} ERROR - Task failed with exception
Traceback (most recent call last):
  File "/home/airflow/.local/lib/python3.12/site-packages/airflow/models/taskinstance.py", line 465, in _execute_task
    result = _execute_callable(context=context, **execute_callable_kwargs)
             ^^^^^^^^^^^^^^^^^^^^^^^^^^^^^^^^^^^^^^^^^^^^^^^^^^^^^^^^^^^^^
  File "/home/airflow/.local/lib/python3.12/site-packages/airflow/models/taskinstance.py", line 432, in _execute_callable
    return execute_callable(context=context, **execute_callable_kwargs)
           ^^^^^^^^^^^^^^^^^^^^^^^^^^^^^^^^^^^^^^^^^^^^^^^^^^^^^^^^^^^^
  File "/home/airflow/.local/lib/python3.12/site-packages/airflow/models/baseoperator.py", line 401, in wrapper
    return func(self, *args, **kwargs)
           ^^^^^^^^^^^^^^^^^^^^^^^^^^^
  File "/home/airflow/.local/lib/python3.12/site-packages/airflow/providers/standard/operators/bash.py", line 233, in execute
    raise AirflowException(
airflow.exceptions.AirflowException: Bash command failed. The command returned a non-zero exit code 2.
[2026-03-27T23:34:32.465+0000] {taskinstance.py:1206} INFO - Marking task as UP_FOR_RETRY. dag_id=banking_01_bronze_layer, task_id=build_bronze_acc, run_id=scheduled__2026-03-27T20:00:00+00:00, execution_date=20260327T200000, start_date=20260327T233425, end_date=20260327T233432
[2026-03-27T23:34:32.478+0000] {standard_task_runner.py:110} ERROR - Failed to execute job 5631 for task build_bronze_acc (Bash command failed. The command returned a non-zero exit code 2.; 42278)
[2026-03-27T23:34:32.492+0000] {local_task_job_runner.py:243} INFO - Task exited with return code 1
[2026-03-27T23:34:32.506+0000] {taskinstance.py:3503} INFO - 0 downstream tasks scheduled from follow-on schedule check
[2026-03-27T23:34:32.509+0000] {local_task_job_runner.py:222} INFO - ::endgroup::
