[2026-03-28T16:58:54.914+0000] {local_task_job_runner.py:120} INFO - ::group::Pre task execution logs
[2026-03-28T16:58:54.928+0000] {taskinstance.py:2076} INFO - Dependencies all met for dep_context=non-requeueable deps ti=<TaskInstance: banking_01_bronze_layer.debug scheduled__2026-03-28T16:00:00+00:00 [queued]>
[2026-03-28T16:58:54.932+0000] {taskinstance.py:2076} INFO - Dependencies all met for dep_context=requeueable deps ti=<TaskInstance: banking_01_bronze_layer.debug scheduled__2026-03-28T16:00:00+00:00 [queued]>
[2026-03-28T16:58:54.932+0000] {taskinstance.py:2306} INFO - Starting attempt 2 of 2
[2026-03-28T16:58:54.937+0000] {taskinstance.py:2330} INFO - Executing <Task(BashOperator): debug> on 2026-03-28 16:00:00+00:00
[2026-03-28T16:58:54.939+0000] {standard_task_runner.py:64} INFO - Started process 10694 to run task
[2026-03-28T16:58:54.940+0000] {standard_task_runner.py:90} INFO - Running: ['***', 'tasks', 'run', 'banking_01_bronze_layer', 'debug', 'scheduled__2026-03-28T16:00:00+00:00', '--job-id', '6905', '--raw', '--subdir', 'DAGS_FOLDER/dbt.py', '--cfg-path', '/tmp/tmpp3pc7083']
[2026-03-28T16:58:54.941+0000] {standard_task_runner.py:91} INFO - Job 6905: Subtask debug
[2026-03-28T16:58:54.966+0000] {task_command.py:426} INFO - Running <TaskInstance: banking_01_bronze_layer.debug scheduled__2026-03-28T16:00:00+00:00 [running]> on host c990dffe13ae
[2026-03-28T16:58:55.007+0000] {taskinstance.py:2648} INFO - Exporting env vars: AIRFLOW_CTX_DAG_OWNER='risheek' AIRFLOW_CTX_DAG_ID='banking_01_bronze_layer' AIRFLOW_CTX_TASK_ID='debug' AIRFLOW_CTX_EXECUTION_DATE='2026-03-28T16:00:00+00:00' AIRFLOW_CTX_TRY_NUMBER='2' AIRFLOW_CTX_DAG_RUN_ID='scheduled__2026-03-28T16:00:00+00:00'
[2026-03-28T16:58:55.008+0000] {taskinstance.py:430} INFO - ::endgroup::
[2026-03-28T16:58:55.008+0000] {subprocess.py:78} INFO - Tmp dir root location: /tmp
[2026-03-28T16:58:55.009+0000] {subprocess.py:88} INFO - Running command: ['/usr/bin/bash', '-c', 'dbt debug --profiles-dir /opt/***/dbt/trans_snowf']
[2026-03-28T16:58:55.012+0000] {subprocess.py:99} INFO - Output:
[2026-03-28T16:58:56.167+0000] {subprocess.py:106} INFO - [0m16:58:56  Running with dbt=1.11.7
[2026-03-28T16:58:56.172+0000] {subprocess.py:106} INFO - [0m16:58:56  dbt version: 1.11.7
[2026-03-28T16:58:56.172+0000] {subprocess.py:106} INFO - [0m16:58:56  python version: 3.12.4
[2026-03-28T16:58:56.173+0000] {subprocess.py:106} INFO - [0m16:58:56  python path: /home/***/.local/bin/python
[2026-03-28T16:58:56.173+0000] {subprocess.py:106} INFO - [0m16:58:56  os info: Linux-6.12.76-linuxkit-aarch64-with-glibc2.36
[2026-03-28T16:58:56.562+0000] {subprocess.py:106} INFO - [0m16:58:56  Using profiles dir at /opt/***/dbt/trans_snowf
[2026-03-28T16:58:56.563+0000] {subprocess.py:106} INFO - [0m16:58:56  Using profiles.yml file at /opt/***/dbt/trans_snowf/profiles.yml
[2026-03-28T16:58:56.563+0000] {subprocess.py:106} INFO - [0m16:58:56  Using dbt_project.yml file at /opt/***/dbt/trans_snowf/dbt_project.yml
[2026-03-28T16:58:56.564+0000] {subprocess.py:106} INFO - [0m16:58:56  adapter type: snowflake
[2026-03-28T16:58:56.564+0000] {subprocess.py:106} INFO - [0m16:58:56  adapter version: 1.11.3
[2026-03-28T16:58:56.624+0000] {subprocess.py:106} INFO - [0m16:58:56  Configuration:
[2026-03-28T16:58:56.625+0000] {subprocess.py:106} INFO - [0m16:58:56    profiles.yml file [[32mOK found and valid[0m]
[2026-03-28T16:58:56.625+0000] {subprocess.py:106} INFO - [0m16:58:56    dbt_project.yml file [[32mOK found and valid[0m]
[2026-03-28T16:58:56.625+0000] {subprocess.py:106} INFO - [0m16:58:56  Required dependencies:
[2026-03-28T16:58:56.626+0000] {subprocess.py:106} INFO - [0m16:58:56   - git [[31mERROR[0m]
[2026-03-28T16:58:56.627+0000] {subprocess.py:106} INFO - 
[2026-03-28T16:58:56.627+0000] {subprocess.py:106} INFO - [0m16:58:56  Connection:
[2026-03-28T16:58:56.627+0000] {subprocess.py:106} INFO - [0m16:58:56    account: BBMCDSP-CT02489
[2026-03-28T16:58:56.628+0000] {subprocess.py:106} INFO - [0m16:58:56    user: user123
[2026-03-28T16:58:56.628+0000] {subprocess.py:106} INFO - [0m16:58:56    database: BANKING
[2026-03-28T16:58:56.628+0000] {subprocess.py:106} INFO - [0m16:58:56    warehouse: COMPUTE_WH
[2026-03-28T16:58:56.629+0000] {subprocess.py:106} INFO - [0m16:58:56    role: dbtadmin
[2026-03-28T16:58:56.629+0000] {subprocess.py:106} INFO - [0m16:58:56    schema: PUBLIC
[2026-03-28T16:58:56.629+0000] {subprocess.py:106} INFO - [0m16:58:56    authenticator: None
[2026-03-28T16:58:56.630+0000] {subprocess.py:106} INFO - [0m16:58:56    oauth_client_id: None
[2026-03-28T16:58:56.630+0000] {subprocess.py:106} INFO - [0m16:58:56    query_tag: None
[2026-03-28T16:58:56.630+0000] {subprocess.py:106} INFO - [0m16:58:56    client_session_keep_alive: False
[2026-03-28T16:58:56.631+0000] {subprocess.py:106} INFO - [0m16:58:56    host: None
[2026-03-28T16:58:56.631+0000] {subprocess.py:106} INFO - [0m16:58:56    port: None
[2026-03-28T16:58:56.631+0000] {subprocess.py:106} INFO - [0m16:58:56    proxy_host: None
[2026-03-28T16:58:56.632+0000] {subprocess.py:106} INFO - [0m16:58:56    proxy_port: None
[2026-03-28T16:58:56.632+0000] {subprocess.py:106} INFO - [0m16:58:56    protocol: None
[2026-03-28T16:58:56.632+0000] {subprocess.py:106} INFO - [0m16:58:56    connect_retries: 1
[2026-03-28T16:58:56.632+0000] {subprocess.py:106} INFO - [0m16:58:56    connect_timeout: None
[2026-03-28T16:58:56.633+0000] {subprocess.py:106} INFO - [0m16:58:56    retry_on_database_errors: False
[2026-03-28T16:58:56.633+0000] {subprocess.py:106} INFO - [0m16:58:56    retry_all: False
[2026-03-28T16:58:56.633+0000] {subprocess.py:106} INFO - [0m16:58:56    insecure_mode: False
[2026-03-28T16:58:56.634+0000] {subprocess.py:106} INFO - [0m16:58:56    reuse_connections: True
[2026-03-28T16:58:56.634+0000] {subprocess.py:106} INFO - [0m16:58:56    s3_stage_vpce_dns_name: None
[2026-03-28T16:58:56.634+0000] {subprocess.py:106} INFO - [0m16:58:56    platform_detection_timeout_seconds: 0.0
[2026-03-28T16:58:56.635+0000] {subprocess.py:106} INFO - [0m16:58:56  Registered adapter: snowflake=1.11.3
[2026-03-28T16:58:57.199+0000] {subprocess.py:106} INFO - [0m16:58:57    Connection test: [[31mERROR[0m]
[2026-03-28T16:58:57.200+0000] {subprocess.py:106} INFO - 
[2026-03-28T16:58:57.201+0000] {subprocess.py:106} INFO - [0m16:58:57  [31m2 checks failed:[0m
[2026-03-28T16:58:57.201+0000] {subprocess.py:106} INFO - [0m16:58:57  Error from git --help: Could not find command, ensure it is in the user's PATH: "git"
[2026-03-28T16:58:57.202+0000] {subprocess.py:106} INFO - 
[2026-03-28T16:58:57.202+0000] {subprocess.py:106} INFO - [0m16:58:57  dbt was unable to connect to the specified database.
[2026-03-28T16:58:57.202+0000] {subprocess.py:106} INFO - The database returned the following error:
[2026-03-28T16:58:57.203+0000] {subprocess.py:106} INFO - 
[2026-03-28T16:58:57.203+0000] {subprocess.py:106} INFO -   >Database Error
[2026-03-28T16:58:57.203+0000] {subprocess.py:106} INFO -   250001 (08001): Failed to connect to DB: BBMCDSP-CT02489.snowflakecomputing.com:443. JWT token is invalid. [d3bc6077-a917-4bb5-a6e1-d14e00f7a4c8]
[2026-03-28T16:58:57.204+0000] {subprocess.py:106} INFO - 
[2026-03-28T16:58:57.204+0000] {subprocess.py:106} INFO - Check your database credentials and try again. For more information, visit:
[2026-03-28T16:58:57.204+0000] {subprocess.py:106} INFO - https://docs.getdbt.com/docs/configure-your-profile
[2026-03-28T16:58:57.205+0000] {subprocess.py:106} INFO - 
[2026-03-28T16:58:57.205+0000] {subprocess.py:106} INFO - 
[2026-03-28T16:58:58.882+0000] {subprocess.py:110} INFO - Command exited with return code 1
[2026-03-28T16:58:58.883+0000] {taskinstance.py:441} INFO - ::group::Post task execution logs
[2026-03-28T16:58:58.891+0000] {taskinstance.py:2905} ERROR - Task failed with exception
Traceback (most recent call last):
  File "/home/airflow/.local/lib/python3.12/site-packages/airflow/models/taskinstance.py", line 465, in _execute_task
    result = _execute_callable(context=context, **execute_callable_kwargs)
             ^^^^^^^^^^^^^^^^^^^^^^^^^^^^^^^^^^^^^^^^^^^^^^^^^^^^^^^^^^^^^
  File "/home/airflow/.local/lib/python3.12/site-packages/airflow/models/taskinstance.py", line 432, in _execute_callable
    return execute_callable(context=context, **execute_callable_kwargs)
           ^^^^^^^^^^^^^^^^^^^^^^^^^^^^^^^^^^^^^^^^^^^^^^^^^^^^^^^^^^^^
  File "/home/airflow/.local/lib/python3.12/site-packages/airflow/models/baseoperator.py", line 401, in wrapper
    return func(self, *args, **kwargs)
           ^^^^^^^^^^^^^^^^^^^^^^^^^^^
  File "/home/airflow/.local/lib/python3.12/site-packages/airflow/providers/standard/operators/bash.py", line 233, in execute
    raise AirflowException(
airflow.exceptions.AirflowException: Bash command failed. The command returned a non-zero exit code 1.
[2026-03-28T16:58:58.893+0000] {taskinstance.py:1206} INFO - Marking task as FAILED. dag_id=banking_01_bronze_layer, task_id=debug, run_id=scheduled__2026-03-28T16:00:00+00:00, execution_date=20260328T160000, start_date=20260328T165854, end_date=20260328T165858
[2026-03-28T16:58:58.899+0000] {standard_task_runner.py:110} ERROR - Failed to execute job 6905 for task debug (Bash command failed. The command returned a non-zero exit code 1.; 10694)
[2026-03-28T16:58:58.908+0000] {local_task_job_runner.py:243} INFO - Task exited with return code 1
[2026-03-28T16:58:58.918+0000] {taskinstance.py:3503} INFO - 0 downstream tasks scheduled from follow-on schedule check
[2026-03-28T16:58:58.919+0000] {local_task_job_runner.py:222} INFO - ::endgroup::
