[2026-03-28T16:40:33.087+0000] {local_task_job_runner.py:120} INFO - ::group::Pre task execution logs
[2026-03-28T16:40:33.101+0000] {taskinstance.py:2076} INFO - Dependencies all met for dep_context=non-requeueable deps ti=<TaskInstance: banking_01_bronze_layer.debug scheduled__2026-03-28T16:00:00+00:00 [queued]>
[2026-03-28T16:40:33.104+0000] {taskinstance.py:2076} INFO - Dependencies all met for dep_context=requeueable deps ti=<TaskInstance: banking_01_bronze_layer.debug scheduled__2026-03-28T16:00:00+00:00 [queued]>
[2026-03-28T16:40:33.105+0000] {taskinstance.py:2306} INFO - Starting attempt 1 of 2
[2026-03-28T16:40:33.110+0000] {taskinstance.py:2330} INFO - Executing <Task(BashOperator): debug> on 2026-03-28 16:00:00+00:00
[2026-03-28T16:40:33.112+0000] {standard_task_runner.py:64} INFO - Started process 10491 to run task
[2026-03-28T16:40:33.114+0000] {standard_task_runner.py:90} INFO - Running: ['***', 'tasks', 'run', 'banking_01_bronze_layer', 'debug', 'scheduled__2026-03-28T16:00:00+00:00', '--job-id', '6897', '--raw', '--subdir', 'DAGS_FOLDER/dbt.py', '--cfg-path', '/tmp/tmpi3zuk7so']
[2026-03-28T16:40:33.115+0000] {standard_task_runner.py:91} INFO - Job 6897: Subtask debug
[2026-03-28T16:40:33.141+0000] {task_command.py:426} INFO - Running <TaskInstance: banking_01_bronze_layer.debug scheduled__2026-03-28T16:00:00+00:00 [running]> on host c990dffe13ae
[2026-03-28T16:40:33.184+0000] {taskinstance.py:2648} INFO - Exporting env vars: AIRFLOW_CTX_DAG_OWNER='risheek' AIRFLOW_CTX_DAG_ID='banking_01_bronze_layer' AIRFLOW_CTX_TASK_ID='debug' AIRFLOW_CTX_EXECUTION_DATE='2026-03-28T16:00:00+00:00' AIRFLOW_CTX_TRY_NUMBER='1' AIRFLOW_CTX_DAG_RUN_ID='scheduled__2026-03-28T16:00:00+00:00'
[2026-03-28T16:40:33.184+0000] {taskinstance.py:430} INFO - ::endgroup::
[2026-03-28T16:40:33.185+0000] {subprocess.py:78} INFO - Tmp dir root location: /tmp
[2026-03-28T16:40:33.185+0000] {subprocess.py:88} INFO - Running command: ['/usr/bin/bash', '-c', 'dbt debug --profiles-dir /opt/***/dbt/trans_snowf']
[2026-03-28T16:40:33.189+0000] {subprocess.py:99} INFO - Output:
[2026-03-28T16:40:34.735+0000] {subprocess.py:106} INFO - [0m16:40:34  Running with dbt=1.11.7
[2026-03-28T16:40:34.746+0000] {subprocess.py:106} INFO - [0m16:40:34  dbt version: 1.11.7
[2026-03-28T16:40:34.747+0000] {subprocess.py:106} INFO - [0m16:40:34  python version: 3.12.4
[2026-03-28T16:40:34.747+0000] {subprocess.py:106} INFO - [0m16:40:34  python path: /home/***/.local/bin/python
[2026-03-28T16:40:34.748+0000] {subprocess.py:106} INFO - [0m16:40:34  os info: Linux-6.12.76-linuxkit-aarch64-with-glibc2.36
[2026-03-28T16:40:35.226+0000] {subprocess.py:106} INFO - [0m16:40:35  Using profiles dir at /opt/***/dbt/trans_snowf
[2026-03-28T16:40:35.227+0000] {subprocess.py:106} INFO - [0m16:40:35  Using profiles.yml file at /opt/***/dbt/trans_snowf/profiles.yml
[2026-03-28T16:40:35.227+0000] {subprocess.py:106} INFO - [0m16:40:35  Using dbt_project.yml file at /opt/***/dbt/trans_snowf/dbt_project.yml
[2026-03-28T16:40:35.228+0000] {subprocess.py:106} INFO - [0m16:40:35  adapter type: snowflake
[2026-03-28T16:40:35.228+0000] {subprocess.py:106} INFO - [0m16:40:35  adapter version: 1.11.3
[2026-03-28T16:40:35.286+0000] {subprocess.py:106} INFO - [0m16:40:35  Configuration:
[2026-03-28T16:40:35.287+0000] {subprocess.py:106} INFO - [0m16:40:35    profiles.yml file [[32mOK found and valid[0m]
[2026-03-28T16:40:35.287+0000] {subprocess.py:106} INFO - [0m16:40:35    dbt_project.yml file [[32mOK found and valid[0m]
[2026-03-28T16:40:35.287+0000] {subprocess.py:106} INFO - [0m16:40:35  Required dependencies:
[2026-03-28T16:40:35.289+0000] {subprocess.py:106} INFO - [0m16:40:35   - git [[31mERROR[0m]
[2026-03-28T16:40:35.289+0000] {subprocess.py:106} INFO - 
[2026-03-28T16:40:35.289+0000] {subprocess.py:106} INFO - [0m16:40:35  Connection:
[2026-03-28T16:40:35.289+0000] {subprocess.py:106} INFO - [0m16:40:35    account: BBMCDSP-CT02489
[2026-03-28T16:40:35.290+0000] {subprocess.py:106} INFO - [0m16:40:35    user: user123
[2026-03-28T16:40:35.290+0000] {subprocess.py:106} INFO - [0m16:40:35    database: BANKING
[2026-03-28T16:40:35.291+0000] {subprocess.py:106} INFO - [0m16:40:35    warehouse: COMPUTE_WH
[2026-03-28T16:40:35.291+0000] {subprocess.py:106} INFO - [0m16:40:35    role: dbtadmin
[2026-03-28T16:40:35.291+0000] {subprocess.py:106} INFO - [0m16:40:35    schema: PUBLIC
[2026-03-28T16:40:35.292+0000] {subprocess.py:106} INFO - [0m16:40:35    authenticator: None
[2026-03-28T16:40:35.292+0000] {subprocess.py:106} INFO - [0m16:40:35    oauth_client_id: None
[2026-03-28T16:40:35.292+0000] {subprocess.py:106} INFO - [0m16:40:35    query_tag: None
[2026-03-28T16:40:35.293+0000] {subprocess.py:106} INFO - [0m16:40:35    client_session_keep_alive: False
[2026-03-28T16:40:35.293+0000] {subprocess.py:106} INFO - [0m16:40:35    host: None
[2026-03-28T16:40:35.293+0000] {subprocess.py:106} INFO - [0m16:40:35    port: None
[2026-03-28T16:40:35.294+0000] {subprocess.py:106} INFO - [0m16:40:35    proxy_host: None
[2026-03-28T16:40:35.294+0000] {subprocess.py:106} INFO - [0m16:40:35    proxy_port: None
[2026-03-28T16:40:35.294+0000] {subprocess.py:106} INFO - [0m16:40:35    protocol: None
[2026-03-28T16:40:35.295+0000] {subprocess.py:106} INFO - [0m16:40:35    connect_retries: 1
[2026-03-28T16:40:35.295+0000] {subprocess.py:106} INFO - [0m16:40:35    connect_timeout: None
[2026-03-28T16:40:35.295+0000] {subprocess.py:106} INFO - [0m16:40:35    retry_on_database_errors: False
[2026-03-28T16:40:35.296+0000] {subprocess.py:106} INFO - [0m16:40:35    retry_all: False
[2026-03-28T16:40:35.296+0000] {subprocess.py:106} INFO - [0m16:40:35    insecure_mode: False
[2026-03-28T16:40:35.296+0000] {subprocess.py:106} INFO - [0m16:40:35    reuse_connections: True
[2026-03-28T16:40:35.296+0000] {subprocess.py:106} INFO - [0m16:40:35    s3_stage_vpce_dns_name: None
[2026-03-28T16:40:35.299+0000] {subprocess.py:106} INFO - [0m16:40:35    platform_detection_timeout_seconds: 0.0
[2026-03-28T16:40:35.299+0000] {subprocess.py:106} INFO - [0m16:40:35  Registered adapter: snowflake=1.11.3
[2026-03-28T16:40:36.790+0000] {subprocess.py:106} INFO - [0m16:40:36    Connection test: [[31mERROR[0m]
[2026-03-28T16:40:36.791+0000] {subprocess.py:106} INFO - 
[2026-03-28T16:40:36.792+0000] {subprocess.py:106} INFO - [0m16:40:36  [31m2 checks failed:[0m
[2026-03-28T16:40:36.793+0000] {subprocess.py:106} INFO - [0m16:40:36  Error from git --help: Could not find command, ensure it is in the user's PATH: "git"
[2026-03-28T16:40:36.793+0000] {subprocess.py:106} INFO - 
[2026-03-28T16:40:36.794+0000] {subprocess.py:106} INFO - [0m16:40:36  dbt was unable to connect to the specified database.
[2026-03-28T16:40:36.794+0000] {subprocess.py:106} INFO - The database returned the following error:
[2026-03-28T16:40:36.795+0000] {subprocess.py:106} INFO - 
[2026-03-28T16:40:36.796+0000] {subprocess.py:106} INFO -   >Database Error
[2026-03-28T16:40:36.796+0000] {subprocess.py:106} INFO -   250001 (08001): Failed to connect to DB: BBMCDSP-CT02489.snowflakecomputing.com:443. JWT token is invalid. [0394f140-1bc7-473b-9be3-406271a5987e]
[2026-03-28T16:40:36.796+0000] {subprocess.py:106} INFO - 
[2026-03-28T16:40:36.797+0000] {subprocess.py:106} INFO - Check your database credentials and try again. For more information, visit:
[2026-03-28T16:40:36.798+0000] {subprocess.py:106} INFO - https://docs.getdbt.com/docs/configure-your-profile
[2026-03-28T16:40:36.798+0000] {subprocess.py:106} INFO - 
[2026-03-28T16:40:36.798+0000] {subprocess.py:106} INFO - 
[2026-03-28T16:40:39.079+0000] {subprocess.py:110} INFO - Command exited with return code 1
[2026-03-28T16:40:39.080+0000] {taskinstance.py:441} INFO - ::group::Post task execution logs
[2026-03-28T16:40:39.098+0000] {taskinstance.py:2905} ERROR - Task failed with exception
Traceback (most recent call last):
  File "/home/airflow/.local/lib/python3.12/site-packages/airflow/models/taskinstance.py", line 465, in _execute_task
    result = _execute_callable(context=context, **execute_callable_kwargs)
             ^^^^^^^^^^^^^^^^^^^^^^^^^^^^^^^^^^^^^^^^^^^^^^^^^^^^^^^^^^^^^
  File "/home/airflow/.local/lib/python3.12/site-packages/airflow/models/taskinstance.py", line 432, in _execute_callable
    return execute_callable(context=context, **execute_callable_kwargs)
           ^^^^^^^^^^^^^^^^^^^^^^^^^^^^^^^^^^^^^^^^^^^^^^^^^^^^^^^^^^^^
  File "/home/airflow/.local/lib/python3.12/site-packages/airflow/models/baseoperator.py", line 401, in wrapper
    return func(self, *args, **kwargs)
           ^^^^^^^^^^^^^^^^^^^^^^^^^^^
  File "/home/airflow/.local/lib/python3.12/site-packages/airflow/providers/standard/operators/bash.py", line 233, in execute
    raise AirflowException(
airflow.exceptions.AirflowException: Bash command failed. The command returned a non-zero exit code 1.
[2026-03-28T16:40:39.103+0000] {taskinstance.py:1206} INFO - Marking task as UP_FOR_RETRY. dag_id=banking_01_bronze_layer, task_id=debug, run_id=scheduled__2026-03-28T16:00:00+00:00, execution_date=20260328T160000, start_date=20260328T164033, end_date=20260328T164039
[2026-03-28T16:40:39.121+0000] {standard_task_runner.py:110} ERROR - Failed to execute job 6897 for task debug (Bash command failed. The command returned a non-zero exit code 1.; 10491)
[2026-03-28T16:40:39.169+0000] {local_task_job_runner.py:243} INFO - Task exited with return code 1
[2026-03-28T16:40:39.198+0000] {taskinstance.py:3503} INFO - 0 downstream tasks scheduled from follow-on schedule check
[2026-03-28T16:40:39.200+0000] {local_task_job_runner.py:222} INFO - ::endgroup::
