[2026-03-27T17:51:12.979+0000] {local_task_job_runner.py:120} INFO - ::group::Pre task execution logs
[2026-03-27T17:51:12.994+0000] {taskinstance.py:2076} INFO - Dependencies all met for dep_context=non-requeueable deps ti=<TaskInstance: banking_01_bronze_layer.build_bronze_trans scheduled__2026-03-27T13:00:00+00:00 [queued]>
[2026-03-27T17:51:12.997+0000] {taskinstance.py:2076} INFO - Dependencies all met for dep_context=requeueable deps ti=<TaskInstance: banking_01_bronze_layer.build_bronze_trans scheduled__2026-03-27T13:00:00+00:00 [queued]>
[2026-03-27T17:51:12.997+0000] {taskinstance.py:2306} INFO - Starting attempt 2 of 2
[2026-03-27T17:51:13.003+0000] {taskinstance.py:2330} INFO - Executing <Task(BashOperator): build_bronze_trans> on 2026-03-27 13:00:00+00:00
[2026-03-27T17:51:13.005+0000] {standard_task_runner.py:64} INFO - Started process 39315 to run task
[2026-03-27T17:51:13.007+0000] {standard_task_runner.py:90} INFO - Running: ['***', 'tasks', 'run', 'banking_01_bronze_layer', 'build_bronze_trans', 'scheduled__2026-03-27T13:00:00+00:00', '--job-id', '5487', '--raw', '--subdir', 'DAGS_FOLDER/dbt.py', '--cfg-path', '/tmp/tmp8ms6bw22']
[2026-03-27T17:51:13.008+0000] {standard_task_runner.py:91} INFO - Job 5487: Subtask build_bronze_trans
[2026-03-27T17:51:13.032+0000] {task_command.py:426} INFO - Running <TaskInstance: banking_01_bronze_layer.build_bronze_trans scheduled__2026-03-27T13:00:00+00:00 [running]> on host c990dffe13ae
[2026-03-27T17:51:13.074+0000] {taskinstance.py:2648} INFO - Exporting env vars: AIRFLOW_CTX_DAG_OWNER='risheek' AIRFLOW_CTX_DAG_ID='banking_01_bronze_layer' AIRFLOW_CTX_TASK_ID='build_bronze_trans' AIRFLOW_CTX_EXECUTION_DATE='2026-03-27T13:00:00+00:00' AIRFLOW_CTX_TRY_NUMBER='2' AIRFLOW_CTX_DAG_RUN_ID='scheduled__2026-03-27T13:00:00+00:00'
[2026-03-27T17:51:13.075+0000] {taskinstance.py:430} INFO - ::endgroup::
[2026-03-27T17:51:13.075+0000] {subprocess.py:78} INFO - Tmp dir root location: /tmp
[2026-03-27T17:51:13.076+0000] {subprocess.py:88} INFO - Running command: ['/usr/bin/bash', '-c', 'dbt build --select bronze_trans']
[2026-03-27T17:51:13.079+0000] {subprocess.py:99} INFO - Output:
[2026-03-27T17:51:14.326+0000] {subprocess.py:106} INFO - [0m17:51:14  Running with dbt=1.11.7
[2026-03-27T17:51:14.855+0000] {subprocess.py:106} INFO - [0m17:51:14  Registered adapter: snowflake=1.11.3
[2026-03-27T17:51:15.009+0000] {subprocess.py:106} INFO - [0m17:51:15  [[33mWARNING[0m]: Configuration paths exist in your dbt_project.yml file which do not apply to any resources.
[2026-03-27T17:51:15.011+0000] {subprocess.py:106} INFO - There are 1 unused configuration paths:
[2026-03-27T17:51:15.012+0000] {subprocess.py:106} INFO - - models.trans_snowf.example
[2026-03-27T17:51:15.125+0000] {subprocess.py:106} INFO - [0m17:51:15  Found 14 models, 3 sources, 522 macros
[2026-03-27T17:51:15.126+0000] {subprocess.py:106} INFO - [0m17:51:15
[2026-03-27T17:51:15.127+0000] {subprocess.py:106} INFO - [0m17:51:15  Concurrency: 1 threads (target='dev')
[2026-03-27T17:51:15.127+0000] {subprocess.py:106} INFO - [0m17:51:15
[2026-03-27T17:51:16.979+0000] {subprocess.py:106} INFO - [0m17:51:16
[2026-03-27T17:51:16.982+0000] {subprocess.py:106} INFO - [0m17:51:16  Finished running  in 0 hours 0 minutes and 1.85 seconds (1.85s).
[2026-03-27T17:51:16.983+0000] {subprocess.py:106} INFO - [0m17:51:16  Encountered an error:
[2026-03-27T17:51:16.987+0000] {subprocess.py:106} INFO - Database Error
[2026-03-27T17:51:16.987+0000] {subprocess.py:106} INFO -   003001 (42501): SQL access control error:
[2026-03-27T17:51:16.987+0000] {subprocess.py:106} INFO -   Insufficient privileges to operate on database 'BANKING'.
[2026-03-27T17:51:19.744+0000] {subprocess.py:110} INFO - Command exited with return code 2
[2026-03-27T17:51:19.747+0000] {taskinstance.py:441} INFO - ::group::Post task execution logs
[2026-03-27T17:51:19.761+0000] {taskinstance.py:2905} ERROR - Task failed with exception
Traceback (most recent call last):
  File "/home/airflow/.local/lib/python3.12/site-packages/airflow/models/taskinstance.py", line 465, in _execute_task
    result = _execute_callable(context=context, **execute_callable_kwargs)
             ^^^^^^^^^^^^^^^^^^^^^^^^^^^^^^^^^^^^^^^^^^^^^^^^^^^^^^^^^^^^^
  File "/home/airflow/.local/lib/python3.12/site-packages/airflow/models/taskinstance.py", line 432, in _execute_callable
    return execute_callable(context=context, **execute_callable_kwargs)
           ^^^^^^^^^^^^^^^^^^^^^^^^^^^^^^^^^^^^^^^^^^^^^^^^^^^^^^^^^^^^
  File "/home/airflow/.local/lib/python3.12/site-packages/airflow/models/baseoperator.py", line 401, in wrapper
    return func(self, *args, **kwargs)
           ^^^^^^^^^^^^^^^^^^^^^^^^^^^
  File "/home/airflow/.local/lib/python3.12/site-packages/airflow/providers/standard/operators/bash.py", line 233, in execute
    raise AirflowException(
airflow.exceptions.AirflowException: Bash command failed. The command returned a non-zero exit code 2.
[2026-03-27T17:51:19.764+0000] {taskinstance.py:1206} INFO - Marking task as FAILED. dag_id=banking_01_bronze_layer, task_id=build_bronze_trans, run_id=scheduled__2026-03-27T13:00:00+00:00, execution_date=20260327T130000, start_date=20260327T175112, end_date=20260327T175119
[2026-03-27T17:51:19.772+0000] {standard_task_runner.py:110} ERROR - Failed to execute job 5487 for task build_bronze_trans (Bash command failed. The command returned a non-zero exit code 2.; 39315)
[2026-03-27T17:51:19.814+0000] {local_task_job_runner.py:243} INFO - Task exited with return code 1
[2026-03-27T17:51:19.826+0000] {taskinstance.py:3503} INFO - 0 downstream tasks scheduled from follow-on schedule check
[2026-03-27T17:51:19.827+0000] {local_task_job_runner.py:222} INFO - ::endgroup::
