[2026-03-30T21:31:01.871+0000] {local_task_job_runner.py:120} INFO - ::group::Pre task execution logs
[2026-03-30T21:31:01.887+0000] {taskinstance.py:2076} INFO - Dependencies all met for dep_context=non-requeueable deps ti=<TaskInstance: banking_01_bronze_layer.build_bronze_acc scheduled__2026-03-30T20:00:00+00:00 [queued]>
[2026-03-30T21:31:01.890+0000] {taskinstance.py:2076} INFO - Dependencies all met for dep_context=requeueable deps ti=<TaskInstance: banking_01_bronze_layer.build_bronze_acc scheduled__2026-03-30T20:00:00+00:00 [queued]>
[2026-03-30T21:31:01.890+0000] {taskinstance.py:2306} INFO - Starting attempt 1 of 2
[2026-03-30T21:31:01.896+0000] {taskinstance.py:2330} INFO - Executing <Task(BashOperator): build_bronze_acc> on 2026-03-30 20:00:00+00:00
[2026-03-30T21:31:01.898+0000] {standard_task_runner.py:64} INFO - Started process 25777 to run task
[2026-03-30T21:31:01.901+0000] {standard_task_runner.py:90} INFO - Running: ['***', 'tasks', 'run', 'banking_01_bronze_layer', 'build_bronze_acc', 'scheduled__2026-03-30T20:00:00+00:00', '--job-id', '8760', '--raw', '--subdir', 'DAGS_FOLDER/dbt.py', '--cfg-path', '/tmp/tmpmnquvn0p']
[2026-03-30T21:31:01.903+0000] {standard_task_runner.py:91} INFO - Job 8760: Subtask build_bronze_acc
[2026-03-30T21:31:01.931+0000] {task_command.py:426} INFO - Running <TaskInstance: banking_01_bronze_layer.build_bronze_acc scheduled__2026-03-30T20:00:00+00:00 [running]> on host c990dffe13ae
[2026-03-30T21:31:01.977+0000] {taskinstance.py:2648} INFO - Exporting env vars: AIRFLOW_CTX_DAG_OWNER='risheek' AIRFLOW_CTX_DAG_ID='banking_01_bronze_layer' AIRFLOW_CTX_TASK_ID='build_bronze_acc' AIRFLOW_CTX_EXECUTION_DATE='2026-03-30T20:00:00+00:00' AIRFLOW_CTX_TRY_NUMBER='1' AIRFLOW_CTX_DAG_RUN_ID='scheduled__2026-03-30T20:00:00+00:00'
[2026-03-30T21:31:01.977+0000] {taskinstance.py:430} INFO - ::endgroup::
[2026-03-30T21:31:01.978+0000] {subprocess.py:78} INFO - Tmp dir root location: /tmp
[2026-03-30T21:31:01.978+0000] {subprocess.py:88} INFO - Running command: ['/usr/bin/bash', '-c', 'dbt build --select bronze_acc']
[2026-03-30T21:31:01.983+0000] {subprocess.py:99} INFO - Output:
[2026-03-30T21:31:03.352+0000] {subprocess.py:106} INFO - [0m21:31:03  Running with dbt=1.11.7
[2026-03-30T21:31:03.910+0000] {subprocess.py:106} INFO - [0m21:31:03  Registered adapter: snowflake=1.11.3
[2026-03-30T21:31:04.062+0000] {subprocess.py:106} INFO - [0m21:31:04  [[33mWARNING[0m]: Configuration paths exist in your dbt_project.yml file which do not apply to any resources.
[2026-03-30T21:31:04.062+0000] {subprocess.py:106} INFO - There are 1 unused configuration paths:
[2026-03-30T21:31:04.062+0000] {subprocess.py:106} INFO - - models.trans_snowf.example
[2026-03-30T21:31:04.163+0000] {subprocess.py:106} INFO - [0m21:31:04  Found 14 models, 3 sources, 522 macros
[2026-03-30T21:31:04.164+0000] {subprocess.py:106} INFO - [0m21:31:04
[2026-03-30T21:31:04.164+0000] {subprocess.py:106} INFO - [0m21:31:04  Concurrency: 1 threads (target='dev')
[2026-03-30T21:31:04.165+0000] {subprocess.py:106} INFO - [0m21:31:04
[2026-03-30T21:31:06.801+0000] {subprocess.py:106} INFO - [0m21:31:06  1 of 1 START sql incremental model PUBLIC_BRONZE.bronze_acc .................... [RUN]
[2026-03-30T21:31:09.644+0000] {subprocess.py:106} INFO - [0m21:31:09  1 of 1 ERROR creating sql incremental model PUBLIC_BRONZE.bronze_acc ........... [[31mERROR[0m in 2.83s]
[2026-03-30T21:31:09.902+0000] {subprocess.py:106} INFO - [0m21:31:09
[2026-03-30T21:31:09.904+0000] {subprocess.py:106} INFO - [0m21:31:09  Finished running 1 incremental model in 0 hours 0 minutes and 5.74 seconds (5.74s).
[2026-03-30T21:31:09.979+0000] {subprocess.py:106} INFO - [0m21:31:09
[2026-03-30T21:31:09.979+0000] {subprocess.py:106} INFO - [0m21:31:09  [31mCompleted with 1 error, 0 partial successes, and 0 warnings:[0m
[2026-03-30T21:31:09.980+0000] {subprocess.py:106} INFO - [0m21:31:09
[2026-03-30T21:31:09.980+0000] {subprocess.py:106} INFO - [0m21:31:09  [31mFailure in model bronze_acc (models/staging/bronze_acc.sql)[0m
[2026-03-30T21:31:09.981+0000] {subprocess.py:106} INFO - [0m21:31:09    Database Error in model bronze_acc (models/staging/bronze_acc.sql)
[2026-03-30T21:31:09.981+0000] {subprocess.py:106} INFO -   100038 (22018): Numeric value 'DYmd' is not recognized
[2026-03-30T21:31:09.982+0000] {subprocess.py:106} INFO -   compiled code at target/run/trans_snowf/models/staging/bronze_acc.sql
[2026-03-30T21:31:09.982+0000] {subprocess.py:106} INFO - [0m21:31:09
[2026-03-30T21:31:09.982+0000] {subprocess.py:106} INFO - [0m21:31:09    compiled code at target/compiled/trans_snowf/models/staging/bronze_acc.sql
[2026-03-30T21:31:09.982+0000] {subprocess.py:106} INFO - [0m21:31:09
[2026-03-30T21:31:09.983+0000] {subprocess.py:106} INFO - [0m21:31:09  Done. PASS=0 WARN=0 ERROR=1 SKIP=0 NO-OP=0 TOTAL=1
[2026-03-30T21:31:12.646+0000] {subprocess.py:110} INFO - Command exited with return code 1
[2026-03-30T21:31:12.648+0000] {taskinstance.py:441} INFO - ::group::Post task execution logs
[2026-03-30T21:31:12.672+0000] {taskinstance.py:2905} ERROR - Task failed with exception
Traceback (most recent call last):
  File "/home/airflow/.local/lib/python3.12/site-packages/airflow/models/taskinstance.py", line 465, in _execute_task
    result = _execute_callable(context=context, **execute_callable_kwargs)
             ^^^^^^^^^^^^^^^^^^^^^^^^^^^^^^^^^^^^^^^^^^^^^^^^^^^^^^^^^^^^^
  File "/home/airflow/.local/lib/python3.12/site-packages/airflow/models/taskinstance.py", line 432, in _execute_callable
    return execute_callable(context=context, **execute_callable_kwargs)
           ^^^^^^^^^^^^^^^^^^^^^^^^^^^^^^^^^^^^^^^^^^^^^^^^^^^^^^^^^^^^
  File "/home/airflow/.local/lib/python3.12/site-packages/airflow/models/baseoperator.py", line 401, in wrapper
    return func(self, *args, **kwargs)
           ^^^^^^^^^^^^^^^^^^^^^^^^^^^
  File "/home/airflow/.local/lib/python3.12/site-packages/airflow/providers/standard/operators/bash.py", line 233, in execute
    raise AirflowException(
airflow.exceptions.AirflowException: Bash command failed. The command returned a non-zero exit code 1.
[2026-03-30T21:31:12.681+0000] {taskinstance.py:1206} INFO - Marking task as UP_FOR_RETRY. dag_id=banking_01_bronze_layer, task_id=build_bronze_acc, run_id=scheduled__2026-03-30T20:00:00+00:00, execution_date=20260330T200000, start_date=20260330T213101, end_date=20260330T213112
[2026-03-30T21:31:12.704+0000] {standard_task_runner.py:110} ERROR - Failed to execute job 8760 for task build_bronze_acc (Bash command failed. The command returned a non-zero exit code 1.; 25777)
[2026-03-30T21:31:12.737+0000] {local_task_job_runner.py:243} INFO - Task exited with return code 1
[2026-03-30T21:31:12.753+0000] {taskinstance.py:3503} INFO - 0 downstream tasks scheduled from follow-on schedule check
[2026-03-30T21:31:12.754+0000] {local_task_job_runner.py:222} INFO - ::endgroup::
