[2026-03-28T04:20:25.370+0000] {local_task_job_runner.py:120} INFO - ::group::Pre task execution logs
[2026-03-28T04:20:25.392+0000] {taskinstance.py:2076} INFO - Dependencies all met for dep_context=non-requeueable deps ti=<TaskInstance: transfer_from_minio_to_snowflake_customers.create_stage scheduled__2026-03-28T04:19:00+00:00 [queued]>
[2026-03-28T04:20:25.396+0000] {taskinstance.py:2076} INFO - Dependencies all met for dep_context=requeueable deps ti=<TaskInstance: transfer_from_minio_to_snowflake_customers.create_stage scheduled__2026-03-28T04:19:00+00:00 [queued]>
[2026-03-28T04:20:25.396+0000] {taskinstance.py:2306} INFO - Starting attempt 1 of 3
[2026-03-28T04:20:25.402+0000] {taskinstance.py:2330} INFO - Executing <Task(SQLExecuteQueryOperator): create_stage> on 2026-03-28 04:19:00+00:00
[2026-03-28T04:20:25.408+0000] {standard_task_runner.py:90} INFO - Running: ['***', 'tasks', 'run', 'transfer_from_minio_to_snowflake_customers', 'create_stage', 'scheduled__2026-03-28T04:19:00+00:00', '--job-id', '6187', '--raw', '--subdir', 'DAGS_FOLDER/transfer.py', '--cfg-path', '/tmp/tmpv88vy29s']
[2026-03-28T04:20:25.416+0000] {standard_task_runner.py:91} INFO - Job 6187: Subtask create_stage
[2026-03-28T04:20:25.415+0000] {logging_mixin.py:188} WARNING - /home/***/.local/lib/python3.12/site-packages/***/task/task_runner/standard_task_runner.py:62 DeprecationWarning: This process (pid=53295) is multi-threaded, use of fork() may lead to deadlocks in the child.
[2026-03-28T04:20:25.417+0000] {standard_task_runner.py:64} INFO - Started process 53307 to run task
[2026-03-28T04:20:25.452+0000] {task_command.py:426} INFO - Running <TaskInstance: transfer_from_minio_to_snowflake_customers.create_stage scheduled__2026-03-28T04:19:00+00:00 [running]> on host c990dffe13ae
[2026-03-28T04:20:25.650+0000] {taskinstance.py:2648} INFO - Exporting env vars: AIRFLOW_CTX_DAG_OWNER='***' AIRFLOW_CTX_DAG_ID='transfer_from_minio_to_snowflake_customers' AIRFLOW_CTX_TASK_ID='create_stage' AIRFLOW_CTX_EXECUTION_DATE='2026-03-28T04:19:00+00:00' AIRFLOW_CTX_TRY_NUMBER='1' AIRFLOW_CTX_DAG_RUN_ID='scheduled__2026-03-28T04:19:00+00:00'
[2026-03-28T04:20:25.650+0000] {taskinstance.py:430} INFO - ::endgroup::
[2026-03-28T04:20:25.651+0000] {sql.py:282} INFO - Executing:  CREATE STAGE IF NOT EXISTS incoming  
                 URL = 's3://de-project-banking-pipeline-dev-2/customers'
                 STORAGE_INTEGRATION = my_s3_integration
                 FILE_FORMAT = (TYPE = 'JSON'); 
[2026-03-28T04:20:25.656+0000] {base.py:84} INFO - Using connection ID 'warehouse_id' for task execution.
[2026-03-28T04:20:25.694+0000] {base.py:84} INFO - Using connection ID 'warehouse_id' for task execution.
[2026-03-28T04:20:25.733+0000] {connection.py:613} INFO - Snowflake Connector for Python Version: 4.3.0, Python Version: 3.12.4, Platform: Linux-6.12.76-linuxkit-aarch64-with-glibc2.36
[2026-03-28T04:20:25.734+0000] {connection.py:1709} INFO - Connecting to GLOBAL Snowflake domain
[2026-03-28T04:20:26.624+0000] {sql.py:495} INFO - Running statement: CREATE STAGE IF NOT EXISTS incoming  
                 URL = 's3://de-project-banking-pipeline-dev-2/customers'
                 STORAGE_INTEGRATION = my_s3_integration
                 FILE_FORMAT = (TYPE = 'JSON');, parameters: None
[2026-03-28T04:20:26.789+0000] {sql.py:504} INFO - Rows affected: 1
[2026-03-28T04:20:26.790+0000] {snowflake.py:422} INFO - Rows affected: 1
[2026-03-28T04:20:26.791+0000] {snowflake.py:423} INFO - Snowflake query id: 01c35284-3202-839d-0014-90e600051412
[2026-03-28T04:20:27.129+0000] {taskinstance.py:441} INFO - ::group::Post task execution logs
[2026-03-28T04:20:27.164+0000] {taskinstance.py:1206} INFO - Marking task as SUCCESS. dag_id=transfer_from_minio_to_snowflake_customers, task_id=create_stage, run_id=scheduled__2026-03-28T04:19:00+00:00, execution_date=20260328T041900, start_date=20260328T042025, end_date=20260328T042027
[2026-03-28T04:20:27.191+0000] {local_task_job_runner.py:243} INFO - Task exited with return code 0
[2026-03-28T04:20:27.215+0000] {taskinstance.py:3503} INFO - 1 downstream tasks scheduled from follow-on schedule check
[2026-03-28T04:20:27.216+0000] {local_task_job_runner.py:222} INFO - ::endgroup::
