[2026-03-30T18:25:14.496+0000] {local_task_job_runner.py:120} INFO - ::group::Pre task execution logs
[2026-03-30T18:25:14.512+0000] {taskinstance.py:2076} INFO - Dependencies all met for dep_context=non-requeueable deps ti=<TaskInstance: banking_01_bronze_layer.debug scheduled__2026-03-30T17:30:00+00:00 [queued]>
[2026-03-30T18:25:14.516+0000] {taskinstance.py:2076} INFO - Dependencies all met for dep_context=requeueable deps ti=<TaskInstance: banking_01_bronze_layer.debug scheduled__2026-03-30T17:30:00+00:00 [queued]>
[2026-03-30T18:25:14.516+0000] {taskinstance.py:2306} INFO - Starting attempt 2 of 2
[2026-03-30T18:25:14.523+0000] {taskinstance.py:2330} INFO - Executing <Task(BashOperator): debug> on 2026-03-30 17:30:00+00:00
[2026-03-30T18:25:14.526+0000] {standard_task_runner.py:64} INFO - Started process 22723 to run task
[2026-03-30T18:25:14.528+0000] {standard_task_runner.py:90} INFO - Running: ['***', 'tasks', 'run', 'banking_01_bronze_layer', 'debug', 'scheduled__2026-03-30T17:30:00+00:00', '--job-id', '8614', '--raw', '--subdir', 'DAGS_FOLDER/dbt.py', '--cfg-path', '/tmp/tmpsdutj6iw']
[2026-03-30T18:25:14.529+0000] {standard_task_runner.py:91} INFO - Job 8614: Subtask debug
[2026-03-30T18:25:14.564+0000] {task_command.py:426} INFO - Running <TaskInstance: banking_01_bronze_layer.debug scheduled__2026-03-30T17:30:00+00:00 [running]> on host c990dffe13ae
[2026-03-30T18:25:14.614+0000] {taskinstance.py:2648} INFO - Exporting env vars: AIRFLOW_CTX_DAG_OWNER='risheek' AIRFLOW_CTX_DAG_ID='banking_01_bronze_layer' AIRFLOW_CTX_TASK_ID='debug' AIRFLOW_CTX_EXECUTION_DATE='2026-03-30T17:30:00+00:00' AIRFLOW_CTX_TRY_NUMBER='2' AIRFLOW_CTX_DAG_RUN_ID='scheduled__2026-03-30T17:30:00+00:00'
[2026-03-30T18:25:14.616+0000] {taskinstance.py:430} INFO - ::endgroup::
[2026-03-30T18:25:14.616+0000] {subprocess.py:78} INFO - Tmp dir root location: /tmp
[2026-03-30T18:25:14.617+0000] {subprocess.py:88} INFO - Running command: ['/usr/bin/bash', '-c', 'dbt debug --profiles-dir /opt/***/dbt/trans_snowf']
[2026-03-30T18:25:14.623+0000] {subprocess.py:99} INFO - Output:
[2026-03-30T18:25:15.875+0000] {subprocess.py:106} INFO - [0m18:25:15  Running with dbt=1.11.7
[2026-03-30T18:25:15.881+0000] {subprocess.py:106} INFO - [0m18:25:15  dbt version: 1.11.7
[2026-03-30T18:25:15.881+0000] {subprocess.py:106} INFO - [0m18:25:15  python version: 3.12.4
[2026-03-30T18:25:15.882+0000] {subprocess.py:106} INFO - [0m18:25:15  python path: /home/***/.local/bin/python
[2026-03-30T18:25:15.882+0000] {subprocess.py:106} INFO - [0m18:25:15  os info: Linux-6.12.76-linuxkit-aarch64-with-glibc2.36
[2026-03-30T18:25:16.281+0000] {subprocess.py:106} INFO - [0m18:25:16  Using profiles dir at /opt/***/dbt/trans_snowf
[2026-03-30T18:25:16.282+0000] {subprocess.py:106} INFO - [0m18:25:16  Using profiles.yml file at /opt/***/dbt/trans_snowf/profiles.yml
[2026-03-30T18:25:16.282+0000] {subprocess.py:106} INFO - [0m18:25:16  Using dbt_project.yml file at /opt/***/dbt/trans_snowf/dbt_project.yml
[2026-03-30T18:25:16.283+0000] {subprocess.py:106} INFO - [0m18:25:16  adapter type: snowflake
[2026-03-30T18:25:16.283+0000] {subprocess.py:106} INFO - [0m18:25:16  adapter version: 1.11.3
[2026-03-30T18:25:16.337+0000] {subprocess.py:106} INFO - [0m18:25:16  Configuration:
[2026-03-30T18:25:16.337+0000] {subprocess.py:106} INFO - [0m18:25:16    profiles.yml file [[32mOK found and valid[0m]
[2026-03-30T18:25:16.337+0000] {subprocess.py:106} INFO - [0m18:25:16    dbt_project.yml file [[32mOK found and valid[0m]
[2026-03-30T18:25:16.338+0000] {subprocess.py:106} INFO - [0m18:25:16  Required dependencies:
[2026-03-30T18:25:16.338+0000] {subprocess.py:106} INFO - [0m18:25:16   - git [[31mERROR[0m]
[2026-03-30T18:25:16.339+0000] {subprocess.py:106} INFO - 
[2026-03-30T18:25:16.339+0000] {subprocess.py:106} INFO - [0m18:25:16  Connection:
[2026-03-30T18:25:16.339+0000] {subprocess.py:106} INFO - [0m18:25:16    account: BBMCDSP-CT02489
[2026-03-30T18:25:16.340+0000] {subprocess.py:106} INFO - [0m18:25:16    user: user123
[2026-03-30T18:25:16.340+0000] {subprocess.py:106} INFO - [0m18:25:16    database: BANKING
[2026-03-30T18:25:16.340+0000] {subprocess.py:106} INFO - [0m18:25:16    warehouse: COMPUTE_WH
[2026-03-30T18:25:16.340+0000] {subprocess.py:106} INFO - [0m18:25:16    role: dbtadmin
[2026-03-30T18:25:16.341+0000] {subprocess.py:106} INFO - [0m18:25:16    schema: PUBLIC
[2026-03-30T18:25:16.341+0000] {subprocess.py:106} INFO - [0m18:25:16    authenticator: None
[2026-03-30T18:25:16.341+0000] {subprocess.py:106} INFO - [0m18:25:16    oauth_client_id: None
[2026-03-30T18:25:16.342+0000] {subprocess.py:106} INFO - [0m18:25:16    query_tag: None
[2026-03-30T18:25:16.342+0000] {subprocess.py:106} INFO - [0m18:25:16    client_session_keep_alive: False
[2026-03-30T18:25:16.342+0000] {subprocess.py:106} INFO - [0m18:25:16    host: None
[2026-03-30T18:25:16.343+0000] {subprocess.py:106} INFO - [0m18:25:16    port: None
[2026-03-30T18:25:16.343+0000] {subprocess.py:106} INFO - [0m18:25:16    proxy_host: None
[2026-03-30T18:25:16.343+0000] {subprocess.py:106} INFO - [0m18:25:16    proxy_port: None
[2026-03-30T18:25:16.343+0000] {subprocess.py:106} INFO - [0m18:25:16    protocol: None
[2026-03-30T18:25:16.344+0000] {subprocess.py:106} INFO - [0m18:25:16    connect_retries: 1
[2026-03-30T18:25:16.344+0000] {subprocess.py:106} INFO - [0m18:25:16    connect_timeout: None
[2026-03-30T18:25:16.344+0000] {subprocess.py:106} INFO - [0m18:25:16    retry_on_database_errors: False
[2026-03-30T18:25:16.344+0000] {subprocess.py:106} INFO - [0m18:25:16    retry_all: False
[2026-03-30T18:25:16.345+0000] {subprocess.py:106} INFO - [0m18:25:16    insecure_mode: False
[2026-03-30T18:25:16.345+0000] {subprocess.py:106} INFO - [0m18:25:16    reuse_connections: True
[2026-03-30T18:25:16.345+0000] {subprocess.py:106} INFO - [0m18:25:16    s3_stage_vpce_dns_name: None
[2026-03-30T18:25:16.345+0000] {subprocess.py:106} INFO - [0m18:25:16    platform_detection_timeout_seconds: 0.0
[2026-03-30T18:25:16.346+0000] {subprocess.py:106} INFO - [0m18:25:16  Registered adapter: snowflake=1.11.3
[2026-03-30T18:25:17.113+0000] {subprocess.py:106} INFO - [0m18:25:17    Connection test: [[32mOK connection ok[0m]
[2026-03-30T18:25:17.113+0000] {subprocess.py:106} INFO - 
[2026-03-30T18:25:17.114+0000] {subprocess.py:106} INFO - [0m18:25:17  [31m1 check failed:[0m
[2026-03-30T18:25:17.114+0000] {subprocess.py:106} INFO - [0m18:25:17  Error from git --help: Could not find command, ensure it is in the user's PATH: "git"
[2026-03-30T18:25:17.115+0000] {subprocess.py:106} INFO - 
[2026-03-30T18:25:20.072+0000] {subprocess.py:110} INFO - Command exited with return code 1
[2026-03-30T18:25:20.073+0000] {taskinstance.py:441} INFO - ::group::Post task execution logs
[2026-03-30T18:25:20.081+0000] {taskinstance.py:2905} ERROR - Task failed with exception
Traceback (most recent call last):
  File "/home/airflow/.local/lib/python3.12/site-packages/airflow/models/taskinstance.py", line 465, in _execute_task
    result = _execute_callable(context=context, **execute_callable_kwargs)
             ^^^^^^^^^^^^^^^^^^^^^^^^^^^^^^^^^^^^^^^^^^^^^^^^^^^^^^^^^^^^^
  File "/home/airflow/.local/lib/python3.12/site-packages/airflow/models/taskinstance.py", line 432, in _execute_callable
    return execute_callable(context=context, **execute_callable_kwargs)
           ^^^^^^^^^^^^^^^^^^^^^^^^^^^^^^^^^^^^^^^^^^^^^^^^^^^^^^^^^^^^
  File "/home/airflow/.local/lib/python3.12/site-packages/airflow/models/baseoperator.py", line 401, in wrapper
    return func(self, *args, **kwargs)
           ^^^^^^^^^^^^^^^^^^^^^^^^^^^
  File "/home/airflow/.local/lib/python3.12/site-packages/airflow/providers/standard/operators/bash.py", line 233, in execute
    raise AirflowException(
airflow.exceptions.AirflowException: Bash command failed. The command returned a non-zero exit code 1.
[2026-03-30T18:25:20.083+0000] {taskinstance.py:1206} INFO - Marking task as FAILED. dag_id=banking_01_bronze_layer, task_id=debug, run_id=scheduled__2026-03-30T17:30:00+00:00, execution_date=20260330T173000, start_date=20260330T182514, end_date=20260330T182520
[2026-03-30T18:25:20.091+0000] {standard_task_runner.py:110} ERROR - Failed to execute job 8614 for task debug (Bash command failed. The command returned a non-zero exit code 1.; 22723)
[2026-03-30T18:25:20.108+0000] {local_task_job_runner.py:243} INFO - Task exited with return code 1
[2026-03-30T18:25:20.117+0000] {taskinstance.py:3503} INFO - 0 downstream tasks scheduled from follow-on schedule check
[2026-03-30T18:25:20.118+0000] {local_task_job_runner.py:222} INFO - ::endgroup::
