[2026-03-30T18:10:01.623+0000] {local_task_job_runner.py:120} INFO - ::group::Pre task execution logs
[2026-03-30T18:10:01.645+0000] {taskinstance.py:2076} INFO - Dependencies all met for dep_context=non-requeueable deps ti=<TaskInstance: banking_01_bronze_layer.debug scheduled__2026-03-30T17:30:00+00:00 [queued]>
[2026-03-30T18:10:01.649+0000] {taskinstance.py:2076} INFO - Dependencies all met for dep_context=requeueable deps ti=<TaskInstance: banking_01_bronze_layer.debug scheduled__2026-03-30T17:30:00+00:00 [queued]>
[2026-03-30T18:10:01.649+0000] {taskinstance.py:2306} INFO - Starting attempt 1 of 2
[2026-03-30T18:10:01.656+0000] {taskinstance.py:2330} INFO - Executing <Task(BashOperator): debug> on 2026-03-30 17:30:00+00:00
[2026-03-30T18:10:01.660+0000] {standard_task_runner.py:64} INFO - Started process 22269 to run task
[2026-03-30T18:10:01.662+0000] {standard_task_runner.py:90} INFO - Running: ['***', 'tasks', 'run', 'banking_01_bronze_layer', 'debug', 'scheduled__2026-03-30T17:30:00+00:00', '--job-id', '8591', '--raw', '--subdir', 'DAGS_FOLDER/dbt.py', '--cfg-path', '/tmp/tmpsl02v2ky']
[2026-03-30T18:10:01.666+0000] {standard_task_runner.py:91} INFO - Job 8591: Subtask debug
[2026-03-30T18:10:01.729+0000] {task_command.py:426} INFO - Running <TaskInstance: banking_01_bronze_layer.debug scheduled__2026-03-30T17:30:00+00:00 [running]> on host c990dffe13ae
[2026-03-30T18:10:01.789+0000] {taskinstance.py:2648} INFO - Exporting env vars: AIRFLOW_CTX_DAG_OWNER='risheek' AIRFLOW_CTX_DAG_ID='banking_01_bronze_layer' AIRFLOW_CTX_TASK_ID='debug' AIRFLOW_CTX_EXECUTION_DATE='2026-03-30T17:30:00+00:00' AIRFLOW_CTX_TRY_NUMBER='1' AIRFLOW_CTX_DAG_RUN_ID='scheduled__2026-03-30T17:30:00+00:00'
[2026-03-30T18:10:01.790+0000] {taskinstance.py:430} INFO - ::endgroup::
[2026-03-30T18:10:01.791+0000] {subprocess.py:78} INFO - Tmp dir root location: /tmp
[2026-03-30T18:10:01.791+0000] {subprocess.py:88} INFO - Running command: ['/usr/bin/bash', '-c', 'dbt debug --profiles-dir /opt/***/dbt/trans_snowf']
[2026-03-30T18:10:01.797+0000] {subprocess.py:99} INFO - Output:
[2026-03-30T18:10:03.152+0000] {subprocess.py:106} INFO - [0m18:10:03  Running with dbt=1.11.7
[2026-03-30T18:10:03.158+0000] {subprocess.py:106} INFO - [0m18:10:03  dbt version: 1.11.7
[2026-03-30T18:10:03.159+0000] {subprocess.py:106} INFO - [0m18:10:03  python version: 3.12.4
[2026-03-30T18:10:03.159+0000] {subprocess.py:106} INFO - [0m18:10:03  python path: /home/***/.local/bin/python
[2026-03-30T18:10:03.160+0000] {subprocess.py:106} INFO - [0m18:10:03  os info: Linux-6.12.76-linuxkit-aarch64-with-glibc2.36
[2026-03-30T18:10:03.636+0000] {subprocess.py:106} INFO - [0m18:10:03  Using profiles dir at /opt/***/dbt/trans_snowf
[2026-03-30T18:10:03.636+0000] {subprocess.py:106} INFO - [0m18:10:03  Using profiles.yml file at /opt/***/dbt/trans_snowf/profiles.yml
[2026-03-30T18:10:03.637+0000] {subprocess.py:106} INFO - [0m18:10:03  Using dbt_project.yml file at /opt/***/dbt/trans_snowf/dbt_project.yml
[2026-03-30T18:10:03.637+0000] {subprocess.py:106} INFO - [0m18:10:03  adapter type: snowflake
[2026-03-30T18:10:03.638+0000] {subprocess.py:106} INFO - [0m18:10:03  adapter version: 1.11.3
[2026-03-30T18:10:03.693+0000] {subprocess.py:106} INFO - [0m18:10:03  Configuration:
[2026-03-30T18:10:03.693+0000] {subprocess.py:106} INFO - [0m18:10:03    profiles.yml file [[32mOK found and valid[0m]
[2026-03-30T18:10:03.694+0000] {subprocess.py:106} INFO - [0m18:10:03    dbt_project.yml file [[32mOK found and valid[0m]
[2026-03-30T18:10:03.694+0000] {subprocess.py:106} INFO - [0m18:10:03  Required dependencies:
[2026-03-30T18:10:03.695+0000] {subprocess.py:106} INFO - [0m18:10:03   - git [[31mERROR[0m]
[2026-03-30T18:10:03.695+0000] {subprocess.py:106} INFO - 
[2026-03-30T18:10:03.696+0000] {subprocess.py:106} INFO - [0m18:10:03  Connection:
[2026-03-30T18:10:03.696+0000] {subprocess.py:106} INFO - [0m18:10:03    account: BBMCDSP-CT02489
[2026-03-30T18:10:03.696+0000] {subprocess.py:106} INFO - [0m18:10:03    user: user123
[2026-03-30T18:10:03.697+0000] {subprocess.py:106} INFO - [0m18:10:03    database: BANKING
[2026-03-30T18:10:03.697+0000] {subprocess.py:106} INFO - [0m18:10:03    warehouse: COMPUTE_WH
[2026-03-30T18:10:03.697+0000] {subprocess.py:106} INFO - [0m18:10:03    role: dbtadmin
[2026-03-30T18:10:03.698+0000] {subprocess.py:106} INFO - [0m18:10:03    schema: PUBLIC
[2026-03-30T18:10:03.698+0000] {subprocess.py:106} INFO - [0m18:10:03    authenticator: None
[2026-03-30T18:10:03.698+0000] {subprocess.py:106} INFO - [0m18:10:03    oauth_client_id: None
[2026-03-30T18:10:03.699+0000] {subprocess.py:106} INFO - [0m18:10:03    query_tag: None
[2026-03-30T18:10:03.699+0000] {subprocess.py:106} INFO - [0m18:10:03    client_session_keep_alive: False
[2026-03-30T18:10:03.699+0000] {subprocess.py:106} INFO - [0m18:10:03    host: None
[2026-03-30T18:10:03.700+0000] {subprocess.py:106} INFO - [0m18:10:03    port: None
[2026-03-30T18:10:03.700+0000] {subprocess.py:106} INFO - [0m18:10:03    proxy_host: None
[2026-03-30T18:10:03.700+0000] {subprocess.py:106} INFO - [0m18:10:03    proxy_port: None
[2026-03-30T18:10:03.701+0000] {subprocess.py:106} INFO - [0m18:10:03    protocol: None
[2026-03-30T18:10:03.701+0000] {subprocess.py:106} INFO - [0m18:10:03    connect_retries: 1
[2026-03-30T18:10:03.701+0000] {subprocess.py:106} INFO - [0m18:10:03    connect_timeout: None
[2026-03-30T18:10:03.702+0000] {subprocess.py:106} INFO - [0m18:10:03    retry_on_database_errors: False
[2026-03-30T18:10:03.702+0000] {subprocess.py:106} INFO - [0m18:10:03    retry_all: False
[2026-03-30T18:10:03.702+0000] {subprocess.py:106} INFO - [0m18:10:03    insecure_mode: False
[2026-03-30T18:10:03.702+0000] {subprocess.py:106} INFO - [0m18:10:03    reuse_connections: True
[2026-03-30T18:10:03.703+0000] {subprocess.py:106} INFO - [0m18:10:03    s3_stage_vpce_dns_name: None
[2026-03-30T18:10:03.703+0000] {subprocess.py:106} INFO - [0m18:10:03    platform_detection_timeout_seconds: 0.0
[2026-03-30T18:10:03.704+0000] {subprocess.py:106} INFO - [0m18:10:03  Registered adapter: snowflake=1.11.3
[2026-03-30T18:10:04.589+0000] {subprocess.py:106} INFO - [0m18:10:04    Connection test: [[32mOK connection ok[0m]
[2026-03-30T18:10:04.590+0000] {subprocess.py:106} INFO - 
[2026-03-30T18:10:04.591+0000] {subprocess.py:106} INFO - [0m18:10:04  [31m1 check failed:[0m
[2026-03-30T18:10:04.591+0000] {subprocess.py:106} INFO - [0m18:10:04  Error from git --help: Could not find command, ensure it is in the user's PATH: "git"
[2026-03-30T18:10:04.592+0000] {subprocess.py:106} INFO - 
[2026-03-30T18:10:06.516+0000] {subprocess.py:110} INFO - Command exited with return code 1
[2026-03-30T18:10:06.517+0000] {taskinstance.py:441} INFO - ::group::Post task execution logs
[2026-03-30T18:10:06.528+0000] {taskinstance.py:2905} ERROR - Task failed with exception
Traceback (most recent call last):
  File "/home/airflow/.local/lib/python3.12/site-packages/airflow/models/taskinstance.py", line 465, in _execute_task
    result = _execute_callable(context=context, **execute_callable_kwargs)
             ^^^^^^^^^^^^^^^^^^^^^^^^^^^^^^^^^^^^^^^^^^^^^^^^^^^^^^^^^^^^^
  File "/home/airflow/.local/lib/python3.12/site-packages/airflow/models/taskinstance.py", line 432, in _execute_callable
    return execute_callable(context=context, **execute_callable_kwargs)
           ^^^^^^^^^^^^^^^^^^^^^^^^^^^^^^^^^^^^^^^^^^^^^^^^^^^^^^^^^^^^
  File "/home/airflow/.local/lib/python3.12/site-packages/airflow/models/baseoperator.py", line 401, in wrapper
    return func(self, *args, **kwargs)
           ^^^^^^^^^^^^^^^^^^^^^^^^^^^
  File "/home/airflow/.local/lib/python3.12/site-packages/airflow/providers/standard/operators/bash.py", line 233, in execute
    raise AirflowException(
airflow.exceptions.AirflowException: Bash command failed. The command returned a non-zero exit code 1.
[2026-03-30T18:10:06.531+0000] {taskinstance.py:1206} INFO - Marking task as UP_FOR_RETRY. dag_id=banking_01_bronze_layer, task_id=debug, run_id=scheduled__2026-03-30T17:30:00+00:00, execution_date=20260330T173000, start_date=20260330T181001, end_date=20260330T181006
[2026-03-30T18:10:06.542+0000] {standard_task_runner.py:110} ERROR - Failed to execute job 8591 for task debug (Bash command failed. The command returned a non-zero exit code 1.; 22269)
[2026-03-30T18:10:06.576+0000] {local_task_job_runner.py:243} INFO - Task exited with return code 1
[2026-03-30T18:10:06.592+0000] {taskinstance.py:3503} INFO - 0 downstream tasks scheduled from follow-on schedule check
[2026-03-30T18:10:06.593+0000] {local_task_job_runner.py:222} INFO - ::endgroup::
