[2026-03-30T02:30:47.203+0000] {local_task_job_runner.py:120} INFO - ::group::Pre task execution logs
[2026-03-30T02:30:47.218+0000] {taskinstance.py:2076} INFO - Dependencies all met for dep_context=non-requeueable deps ti=<TaskInstance: banking_01_bronze_layer.build_bronze_trans scheduled__2026-03-30T02:00:00+00:00 [queued]>
[2026-03-30T02:30:47.221+0000] {taskinstance.py:2076} INFO - Dependencies all met for dep_context=requeueable deps ti=<TaskInstance: banking_01_bronze_layer.build_bronze_trans scheduled__2026-03-30T02:00:00+00:00 [queued]>
[2026-03-30T02:30:47.222+0000] {taskinstance.py:2306} INFO - Starting attempt 1 of 2
[2026-03-30T02:30:47.227+0000] {taskinstance.py:2330} INFO - Executing <Task(BashOperator): build_bronze_trans> on 2026-03-30 02:00:00+00:00
[2026-03-30T02:30:47.230+0000] {standard_task_runner.py:64} INFO - Started process 7379 to run task
[2026-03-30T02:30:47.231+0000] {standard_task_runner.py:90} INFO - Running: ['***', 'tasks', 'run', 'banking_01_bronze_layer', 'build_bronze_trans', 'scheduled__2026-03-30T02:00:00+00:00', '--job-id', '7413', '--raw', '--subdir', 'DAGS_FOLDER/dbt.py', '--cfg-path', '/tmp/tmpuf62wiqa']
[2026-03-30T02:30:47.232+0000] {standard_task_runner.py:91} INFO - Job 7413: Subtask build_bronze_trans
[2026-03-30T02:30:47.263+0000] {task_command.py:426} INFO - Running <TaskInstance: banking_01_bronze_layer.build_bronze_trans scheduled__2026-03-30T02:00:00+00:00 [running]> on host c990dffe13ae
[2026-03-30T02:30:47.307+0000] {taskinstance.py:2648} INFO - Exporting env vars: AIRFLOW_CTX_DAG_OWNER='risheek' AIRFLOW_CTX_DAG_ID='banking_01_bronze_layer' AIRFLOW_CTX_TASK_ID='build_bronze_trans' AIRFLOW_CTX_EXECUTION_DATE='2026-03-30T02:00:00+00:00' AIRFLOW_CTX_TRY_NUMBER='1' AIRFLOW_CTX_DAG_RUN_ID='scheduled__2026-03-30T02:00:00+00:00'
[2026-03-30T02:30:47.308+0000] {taskinstance.py:430} INFO - ::endgroup::
[2026-03-30T02:30:47.308+0000] {subprocess.py:78} INFO - Tmp dir root location: /tmp
[2026-03-30T02:30:47.309+0000] {subprocess.py:88} INFO - Running command: ['/usr/bin/bash', '-c', 'dbt build --select bronze_trans']
[2026-03-30T02:30:47.312+0000] {subprocess.py:99} INFO - Output:
[2026-03-30T02:30:48.536+0000] {subprocess.py:106} INFO - [0m02:30:48  Running with dbt=1.11.7
[2026-03-30T02:30:49.037+0000] {subprocess.py:106} INFO - [0m02:30:49  Registered adapter: snowflake=1.11.3
[2026-03-30T02:30:49.170+0000] {subprocess.py:106} INFO - [0m02:30:49  [[33mWARNING[0m]: Configuration paths exist in your dbt_project.yml file which do not apply to any resources.
[2026-03-30T02:30:49.170+0000] {subprocess.py:106} INFO - There are 1 unused configuration paths:
[2026-03-30T02:30:49.170+0000] {subprocess.py:106} INFO - - models.trans_snowf.example
[2026-03-30T02:30:49.266+0000] {subprocess.py:106} INFO - [0m02:30:49  Found 14 models, 3 sources, 522 macros
[2026-03-30T02:30:49.268+0000] {subprocess.py:106} INFO - [0m02:30:49
[2026-03-30T02:30:49.268+0000] {subprocess.py:106} INFO - [0m02:30:49  Concurrency: 1 threads (target='dev')
[2026-03-30T02:30:49.268+0000] {subprocess.py:106} INFO - [0m02:30:49
[2026-03-30T02:30:51.460+0000] {subprocess.py:106} INFO - [0m02:30:51  1 of 1 START sql incremental model PUBLIC_BRONZE.bronze_trans .................. [RUN]
[2026-03-30T02:30:55.407+0000] {subprocess.py:106} INFO - [0m02:30:55  1 of 1 OK created sql incremental model PUBLIC_BRONZE.bronze_trans ............. [[32mSUCCESS 0[0m in 3.94s]
[2026-03-30T02:30:56.356+0000] {subprocess.py:106} INFO - [0m02:30:56
[2026-03-30T02:30:56.359+0000] {subprocess.py:106} INFO - [0m02:30:56  Finished running 1 incremental model in 0 hours 0 minutes and 7.09 seconds (7.09s).
[2026-03-30T02:30:56.417+0000] {subprocess.py:106} INFO - [0m02:30:56
[2026-03-30T02:30:56.418+0000] {subprocess.py:106} INFO - [0m02:30:56  [32mCompleted successfully[0m
[2026-03-30T02:30:56.418+0000] {subprocess.py:106} INFO - [0m02:30:56
[2026-03-30T02:30:56.419+0000] {subprocess.py:106} INFO - [0m02:30:56  Done. PASS=1 WARN=0 ERROR=0 SKIP=0 NO-OP=0 TOTAL=1
[2026-03-30T02:30:58.282+0000] {subprocess.py:110} INFO - Command exited with return code 0
[2026-03-30T02:30:58.282+0000] {taskinstance.py:441} INFO - ::group::Post task execution logs
[2026-03-30T02:30:58.300+0000] {taskinstance.py:1206} INFO - Marking task as SUCCESS. dag_id=banking_01_bronze_layer, task_id=build_bronze_trans, run_id=scheduled__2026-03-30T02:00:00+00:00, execution_date=20260330T020000, start_date=20260330T023047, end_date=20260330T023058
[2026-03-30T02:30:58.319+0000] {local_task_job_runner.py:243} INFO - Task exited with return code 0
[2026-03-30T02:30:58.329+0000] {taskinstance.py:3503} INFO - 0 downstream tasks scheduled from follow-on schedule check
[2026-03-30T02:30:58.329+0000] {local_task_job_runner.py:222} INFO - ::endgroup::
