[2026-03-27T17:35:07.843+0000] {local_task_job_runner.py:120} INFO - ::group::Pre task execution logs
[2026-03-27T17:35:07.864+0000] {taskinstance.py:2076} INFO - Dependencies all met for dep_context=non-requeueable deps ti=<TaskInstance: banking_01_bronze_layer.debug scheduled__2026-03-27T12:30:00+00:00 [queued]>
[2026-03-27T17:35:07.868+0000] {taskinstance.py:2076} INFO - Dependencies all met for dep_context=requeueable deps ti=<TaskInstance: banking_01_bronze_layer.debug scheduled__2026-03-27T12:30:00+00:00 [queued]>
[2026-03-27T17:35:07.868+0000] {taskinstance.py:2306} INFO - Starting attempt 2 of 2
[2026-03-27T17:35:07.875+0000] {taskinstance.py:2330} INFO - Executing <Task(BashOperator): debug> on 2026-03-27 12:30:00+00:00
[2026-03-27T17:35:07.878+0000] {standard_task_runner.py:64} INFO - Started process 39244 to run task
[2026-03-27T17:35:07.880+0000] {standard_task_runner.py:90} INFO - Running: ['***', 'tasks', 'run', 'banking_01_bronze_layer', 'debug', 'scheduled__2026-03-27T12:30:00+00:00', '--job-id', '5484', '--raw', '--subdir', 'DAGS_FOLDER/dbt.py', '--cfg-path', '/tmp/tmpibzoqv92']
[2026-03-27T17:35:07.881+0000] {standard_task_runner.py:91} INFO - Job 5484: Subtask debug
[2026-03-27T17:35:07.910+0000] {task_command.py:426} INFO - Running <TaskInstance: banking_01_bronze_layer.debug scheduled__2026-03-27T12:30:00+00:00 [running]> on host c990dffe13ae
[2026-03-27T17:35:07.959+0000] {taskinstance.py:2648} INFO - Exporting env vars: AIRFLOW_CTX_DAG_OWNER='risheek' AIRFLOW_CTX_DAG_ID='banking_01_bronze_layer' AIRFLOW_CTX_TASK_ID='debug' AIRFLOW_CTX_EXECUTION_DATE='2026-03-27T12:30:00+00:00' AIRFLOW_CTX_TRY_NUMBER='2' AIRFLOW_CTX_DAG_RUN_ID='scheduled__2026-03-27T12:30:00+00:00'
[2026-03-27T17:35:07.959+0000] {taskinstance.py:430} INFO - ::endgroup::
[2026-03-27T17:35:07.960+0000] {subprocess.py:78} INFO - Tmp dir root location: /tmp
[2026-03-27T17:35:07.960+0000] {subprocess.py:88} INFO - Running command: ['/usr/bin/bash', '-c', 'dbt debug --profiles-dir /opt/***/dbt/trans_snowf']
[2026-03-27T17:35:07.964+0000] {subprocess.py:99} INFO - Output:
[2026-03-27T17:35:09.589+0000] {subprocess.py:106} INFO - [0m17:35:09  Running with dbt=1.11.7
[2026-03-27T17:35:09.597+0000] {subprocess.py:106} INFO - [0m17:35:09  dbt version: 1.11.7
[2026-03-27T17:35:09.597+0000] {subprocess.py:106} INFO - [0m17:35:09  python version: 3.12.4
[2026-03-27T17:35:09.598+0000] {subprocess.py:106} INFO - [0m17:35:09  python path: /home/***/.local/bin/python
[2026-03-27T17:35:09.598+0000] {subprocess.py:106} INFO - [0m17:35:09  os info: Linux-6.12.76-linuxkit-aarch64-with-glibc2.36
[2026-03-27T17:35:10.087+0000] {subprocess.py:106} INFO - [0m17:35:10  Using profiles dir at /opt/***/dbt/trans_snowf
[2026-03-27T17:35:10.088+0000] {subprocess.py:106} INFO - [0m17:35:10  Using profiles.yml file at /opt/***/dbt/trans_snowf/profiles.yml
[2026-03-27T17:35:10.088+0000] {subprocess.py:106} INFO - [0m17:35:10  Using dbt_project.yml file at /opt/***/dbt/trans_snowf/dbt_project.yml
[2026-03-27T17:35:10.089+0000] {subprocess.py:106} INFO - [0m17:35:10  adapter type: snowflake
[2026-03-27T17:35:10.089+0000] {subprocess.py:106} INFO - [0m17:35:10  adapter version: 1.11.3
[2026-03-27T17:35:10.157+0000] {subprocess.py:106} INFO - [0m17:35:10  Configuration:
[2026-03-27T17:35:10.158+0000] {subprocess.py:106} INFO - [0m17:35:10    profiles.yml file [[32mOK found and valid[0m]
[2026-03-27T17:35:10.159+0000] {subprocess.py:106} INFO - [0m17:35:10    dbt_project.yml file [[32mOK found and valid[0m]
[2026-03-27T17:35:10.159+0000] {subprocess.py:106} INFO - [0m17:35:10  Required dependencies:
[2026-03-27T17:35:10.161+0000] {subprocess.py:106} INFO - [0m17:35:10   - git [[31mERROR[0m]
[2026-03-27T17:35:10.161+0000] {subprocess.py:106} INFO - 
[2026-03-27T17:35:10.161+0000] {subprocess.py:106} INFO - [0m17:35:10  Connection:
[2026-03-27T17:35:10.162+0000] {subprocess.py:106} INFO - [0m17:35:10    account: BBMCDSP-CT02489
[2026-03-27T17:35:10.162+0000] {subprocess.py:106} INFO - [0m17:35:10    user: user123
[2026-03-27T17:35:10.163+0000] {subprocess.py:106} INFO - [0m17:35:10    database: BANKING
[2026-03-27T17:35:10.163+0000] {subprocess.py:106} INFO - [0m17:35:10    warehouse: COMPUTE_WH
[2026-03-27T17:35:10.163+0000] {subprocess.py:106} INFO - [0m17:35:10    role: dbtadmin
[2026-03-27T17:35:10.164+0000] {subprocess.py:106} INFO - [0m17:35:10    schema: PUBLIC
[2026-03-27T17:35:10.165+0000] {subprocess.py:106} INFO - [0m17:35:10    authenticator: None
[2026-03-27T17:35:10.165+0000] {subprocess.py:106} INFO - [0m17:35:10    oauth_client_id: None
[2026-03-27T17:35:10.166+0000] {subprocess.py:106} INFO - [0m17:35:10    query_tag: None
[2026-03-27T17:35:10.166+0000] {subprocess.py:106} INFO - [0m17:35:10    client_session_keep_alive: False
[2026-03-27T17:35:10.166+0000] {subprocess.py:106} INFO - [0m17:35:10    host: None
[2026-03-27T17:35:10.167+0000] {subprocess.py:106} INFO - [0m17:35:10    port: None
[2026-03-27T17:35:10.167+0000] {subprocess.py:106} INFO - [0m17:35:10    proxy_host: None
[2026-03-27T17:35:10.167+0000] {subprocess.py:106} INFO - [0m17:35:10    proxy_port: None
[2026-03-27T17:35:10.168+0000] {subprocess.py:106} INFO - [0m17:35:10    protocol: None
[2026-03-27T17:35:10.168+0000] {subprocess.py:106} INFO - [0m17:35:10    connect_retries: 1
[2026-03-27T17:35:10.168+0000] {subprocess.py:106} INFO - [0m17:35:10    connect_timeout: None
[2026-03-27T17:35:10.169+0000] {subprocess.py:106} INFO - [0m17:35:10    retry_on_database_errors: False
[2026-03-27T17:35:10.169+0000] {subprocess.py:106} INFO - [0m17:35:10    retry_all: False
[2026-03-27T17:35:10.169+0000] {subprocess.py:106} INFO - [0m17:35:10    insecure_mode: False
[2026-03-27T17:35:10.170+0000] {subprocess.py:106} INFO - [0m17:35:10    reuse_connections: True
[2026-03-27T17:35:10.170+0000] {subprocess.py:106} INFO - [0m17:35:10    s3_stage_vpce_dns_name: None
[2026-03-27T17:35:10.170+0000] {subprocess.py:106} INFO - [0m17:35:10    platform_detection_timeout_seconds: 0.0
[2026-03-27T17:35:10.171+0000] {subprocess.py:106} INFO - [0m17:35:10  Registered adapter: snowflake=1.11.3
[2026-03-27T17:35:25.440+0000] {subprocess.py:106} INFO - [0m17:35:25    Connection test: [[32mOK connection ok[0m]
[2026-03-27T17:35:25.443+0000] {subprocess.py:106} INFO - 
[2026-03-27T17:35:25.444+0000] {subprocess.py:106} INFO - [0m17:35:25  [31m1 check failed:[0m
[2026-03-27T17:35:25.445+0000] {subprocess.py:106} INFO - [0m17:35:25  Error from git --help: Could not find command, ensure it is in the user's PATH: "git"
[2026-03-27T17:35:25.445+0000] {subprocess.py:106} INFO - 
[2026-03-27T17:35:29.638+0000] {subprocess.py:110} INFO - Command exited with return code 1
[2026-03-27T17:35:29.639+0000] {taskinstance.py:441} INFO - ::group::Post task execution logs
[2026-03-27T17:35:29.655+0000] {taskinstance.py:2905} ERROR - Task failed with exception
Traceback (most recent call last):
  File "/home/airflow/.local/lib/python3.12/site-packages/airflow/models/taskinstance.py", line 465, in _execute_task
    result = _execute_callable(context=context, **execute_callable_kwargs)
             ^^^^^^^^^^^^^^^^^^^^^^^^^^^^^^^^^^^^^^^^^^^^^^^^^^^^^^^^^^^^^
  File "/home/airflow/.local/lib/python3.12/site-packages/airflow/models/taskinstance.py", line 432, in _execute_callable
    return execute_callable(context=context, **execute_callable_kwargs)
           ^^^^^^^^^^^^^^^^^^^^^^^^^^^^^^^^^^^^^^^^^^^^^^^^^^^^^^^^^^^^
  File "/home/airflow/.local/lib/python3.12/site-packages/airflow/models/baseoperator.py", line 401, in wrapper
    return func(self, *args, **kwargs)
           ^^^^^^^^^^^^^^^^^^^^^^^^^^^
  File "/home/airflow/.local/lib/python3.12/site-packages/airflow/providers/standard/operators/bash.py", line 233, in execute
    raise AirflowException(
airflow.exceptions.AirflowException: Bash command failed. The command returned a non-zero exit code 1.
[2026-03-27T17:35:29.661+0000] {taskinstance.py:1206} INFO - Marking task as FAILED. dag_id=banking_01_bronze_layer, task_id=debug, run_id=scheduled__2026-03-27T12:30:00+00:00, execution_date=20260327T123000, start_date=20260327T173507, end_date=20260327T173529
[2026-03-27T17:35:29.675+0000] {standard_task_runner.py:110} ERROR - Failed to execute job 5484 for task debug (Bash command failed. The command returned a non-zero exit code 1.; 39244)
[2026-03-27T17:35:29.681+0000] {local_task_job_runner.py:243} INFO - Task exited with return code 1
[2026-03-27T17:35:29.692+0000] {taskinstance.py:3503} INFO - 0 downstream tasks scheduled from follow-on schedule check
[2026-03-27T17:35:29.693+0000] {local_task_job_runner.py:222} INFO - ::endgroup::
