[2026-03-27T13:52:12.091+0000] {local_task_job_runner.py:120} INFO - ::group::Pre task execution logs
[2026-03-27T13:52:12.105+0000] {taskinstance.py:2076} INFO - Dependencies all met for dep_context=non-requeueable deps ti=<TaskInstance: banking_01_bronze_layer.debug scheduled__2026-03-27T12:30:00+00:00 [queued]>
[2026-03-27T13:52:12.109+0000] {taskinstance.py:2076} INFO - Dependencies all met for dep_context=requeueable deps ti=<TaskInstance: banking_01_bronze_layer.debug scheduled__2026-03-27T12:30:00+00:00 [queued]>
[2026-03-27T13:52:12.109+0000] {taskinstance.py:2306} INFO - Starting attempt 1 of 2
[2026-03-27T13:52:12.114+0000] {taskinstance.py:2330} INFO - Executing <Task(BashOperator): debug> on 2026-03-27 12:30:00+00:00
[2026-03-27T13:52:12.116+0000] {standard_task_runner.py:64} INFO - Started process 38416 to run task
[2026-03-27T13:52:12.121+0000] {standard_task_runner.py:90} INFO - Running: ['***', 'tasks', 'run', 'banking_01_bronze_layer', 'debug', 'scheduled__2026-03-27T12:30:00+00:00', '--job-id', '5453', '--raw', '--subdir', 'DAGS_FOLDER/dbt.py', '--cfg-path', '/tmp/tmpss48qo5t']
[2026-03-27T13:52:12.122+0000] {standard_task_runner.py:91} INFO - Job 5453: Subtask debug
[2026-03-27T13:52:12.146+0000] {task_command.py:426} INFO - Running <TaskInstance: banking_01_bronze_layer.debug scheduled__2026-03-27T12:30:00+00:00 [running]> on host c990dffe13ae
[2026-03-27T13:52:12.187+0000] {taskinstance.py:2648} INFO - Exporting env vars: AIRFLOW_CTX_DAG_OWNER='risheek' AIRFLOW_CTX_DAG_ID='banking_01_bronze_layer' AIRFLOW_CTX_TASK_ID='debug' AIRFLOW_CTX_EXECUTION_DATE='2026-03-27T12:30:00+00:00' AIRFLOW_CTX_TRY_NUMBER='1' AIRFLOW_CTX_DAG_RUN_ID='scheduled__2026-03-27T12:30:00+00:00'
[2026-03-27T13:52:12.187+0000] {taskinstance.py:430} INFO - ::endgroup::
[2026-03-27T13:52:12.188+0000] {subprocess.py:78} INFO - Tmp dir root location: /tmp
[2026-03-27T13:52:12.188+0000] {subprocess.py:88} INFO - Running command: ['/usr/bin/bash', '-c', 'dbt debug --profiles-dir /opt/***/dbt/trans_snowf']
[2026-03-27T13:52:12.192+0000] {subprocess.py:99} INFO - Output:
[2026-03-27T13:52:13.536+0000] {subprocess.py:106} INFO - [0m13:52:13  Running with dbt=1.11.7
[2026-03-27T13:52:13.543+0000] {subprocess.py:106} INFO - [0m13:52:13  dbt version: 1.11.7
[2026-03-27T13:52:13.543+0000] {subprocess.py:106} INFO - [0m13:52:13  python version: 3.12.4
[2026-03-27T13:52:13.544+0000] {subprocess.py:106} INFO - [0m13:52:13  python path: /home/***/.local/bin/python
[2026-03-27T13:52:13.544+0000] {subprocess.py:106} INFO - [0m13:52:13  os info: Linux-6.12.76-linuxkit-aarch64-with-glibc2.36
[2026-03-27T13:52:13.992+0000] {subprocess.py:106} INFO - [0m13:52:13  Using profiles dir at /opt/***/dbt/trans_snowf
[2026-03-27T13:52:13.993+0000] {subprocess.py:106} INFO - [0m13:52:13  Using profiles.yml file at /opt/***/dbt/trans_snowf/profiles.yml
[2026-03-27T13:52:13.994+0000] {subprocess.py:106} INFO - [0m13:52:13  Using dbt_project.yml file at /opt/***/dbt/trans_snowf/dbt_project.yml
[2026-03-27T13:52:13.994+0000] {subprocess.py:106} INFO - [0m13:52:13  adapter type: snowflake
[2026-03-27T13:52:13.995+0000] {subprocess.py:106} INFO - [0m13:52:13  adapter version: 1.11.3
[2026-03-27T13:52:14.053+0000] {subprocess.py:106} INFO - [0m13:52:14  Configuration:
[2026-03-27T13:52:14.054+0000] {subprocess.py:106} INFO - [0m13:52:14    profiles.yml file [[32mOK found and valid[0m]
[2026-03-27T13:52:14.054+0000] {subprocess.py:106} INFO - [0m13:52:14    dbt_project.yml file [[32mOK found and valid[0m]
[2026-03-27T13:52:14.055+0000] {subprocess.py:106} INFO - [0m13:52:14  Required dependencies:
[2026-03-27T13:52:14.056+0000] {subprocess.py:106} INFO - [0m13:52:14   - git [[31mERROR[0m]
[2026-03-27T13:52:14.056+0000] {subprocess.py:106} INFO - 
[2026-03-27T13:52:14.057+0000] {subprocess.py:106} INFO - [0m13:52:14  Connection:
[2026-03-27T13:52:14.057+0000] {subprocess.py:106} INFO - [0m13:52:14    account: BBMCDSP-CT02489
[2026-03-27T13:52:14.057+0000] {subprocess.py:106} INFO - [0m13:52:14    user: user123
[2026-03-27T13:52:14.058+0000] {subprocess.py:106} INFO - [0m13:52:14    database: BANKING
[2026-03-27T13:52:14.058+0000] {subprocess.py:106} INFO - [0m13:52:14    warehouse: COMPUTE_WH
[2026-03-27T13:52:14.059+0000] {subprocess.py:106} INFO - [0m13:52:14    role: dbtadmin
[2026-03-27T13:52:14.059+0000] {subprocess.py:106} INFO - [0m13:52:14    schema: PUBLIC
[2026-03-27T13:52:14.059+0000] {subprocess.py:106} INFO - [0m13:52:14    authenticator: None
[2026-03-27T13:52:14.060+0000] {subprocess.py:106} INFO - [0m13:52:14    oauth_client_id: None
[2026-03-27T13:52:14.060+0000] {subprocess.py:106} INFO - [0m13:52:14    query_tag: None
[2026-03-27T13:52:14.060+0000] {subprocess.py:106} INFO - [0m13:52:14    client_session_keep_alive: False
[2026-03-27T13:52:14.061+0000] {subprocess.py:106} INFO - [0m13:52:14    host: None
[2026-03-27T13:52:14.061+0000] {subprocess.py:106} INFO - [0m13:52:14    port: None
[2026-03-27T13:52:14.061+0000] {subprocess.py:106} INFO - [0m13:52:14    proxy_host: None
[2026-03-27T13:52:14.062+0000] {subprocess.py:106} INFO - [0m13:52:14    proxy_port: None
[2026-03-27T13:52:14.062+0000] {subprocess.py:106} INFO - [0m13:52:14    protocol: None
[2026-03-27T13:52:14.062+0000] {subprocess.py:106} INFO - [0m13:52:14    connect_retries: 1
[2026-03-27T13:52:14.063+0000] {subprocess.py:106} INFO - [0m13:52:14    connect_timeout: None
[2026-03-27T13:52:14.063+0000] {subprocess.py:106} INFO - [0m13:52:14    retry_on_database_errors: False
[2026-03-27T13:52:14.063+0000] {subprocess.py:106} INFO - [0m13:52:14    retry_all: False
[2026-03-27T13:52:14.064+0000] {subprocess.py:106} INFO - [0m13:52:14    insecure_mode: False
[2026-03-27T13:52:14.064+0000] {subprocess.py:106} INFO - [0m13:52:14    reuse_connections: True
[2026-03-27T13:52:14.064+0000] {subprocess.py:106} INFO - [0m13:52:14    s3_stage_vpce_dns_name: None
[2026-03-27T13:52:14.066+0000] {subprocess.py:106} INFO - [0m13:52:14    platform_detection_timeout_seconds: 0.0
[2026-03-27T13:52:14.066+0000] {subprocess.py:106} INFO - [0m13:52:14  Registered adapter: snowflake=1.11.3
[2026-03-27T13:52:14.901+0000] {subprocess.py:106} INFO - [0m13:52:14    Connection test: [[32mOK connection ok[0m]
[2026-03-27T13:52:14.903+0000] {subprocess.py:106} INFO - 
[2026-03-27T13:52:14.904+0000] {subprocess.py:106} INFO - [0m13:52:14  [31m1 check failed:[0m
[2026-03-27T13:52:14.905+0000] {subprocess.py:106} INFO - [0m13:52:14  Error from git --help: Could not find command, ensure it is in the user's PATH: "git"
[2026-03-27T13:52:14.905+0000] {subprocess.py:106} INFO - 
[2026-03-27T13:52:16.418+0000] {subprocess.py:110} INFO - Command exited with return code 1
[2026-03-27T13:52:16.419+0000] {taskinstance.py:441} INFO - ::group::Post task execution logs
[2026-03-27T13:52:16.442+0000] {taskinstance.py:2905} ERROR - Task failed with exception
Traceback (most recent call last):
  File "/home/airflow/.local/lib/python3.12/site-packages/airflow/models/taskinstance.py", line 465, in _execute_task
    result = _execute_callable(context=context, **execute_callable_kwargs)
             ^^^^^^^^^^^^^^^^^^^^^^^^^^^^^^^^^^^^^^^^^^^^^^^^^^^^^^^^^^^^^
  File "/home/airflow/.local/lib/python3.12/site-packages/airflow/models/taskinstance.py", line 432, in _execute_callable
    return execute_callable(context=context, **execute_callable_kwargs)
           ^^^^^^^^^^^^^^^^^^^^^^^^^^^^^^^^^^^^^^^^^^^^^^^^^^^^^^^^^^^^
  File "/home/airflow/.local/lib/python3.12/site-packages/airflow/models/baseoperator.py", line 401, in wrapper
    return func(self, *args, **kwargs)
           ^^^^^^^^^^^^^^^^^^^^^^^^^^^
  File "/home/airflow/.local/lib/python3.12/site-packages/airflow/providers/standard/operators/bash.py", line 233, in execute
    raise AirflowException(
airflow.exceptions.AirflowException: Bash command failed. The command returned a non-zero exit code 1.
[2026-03-27T13:52:16.451+0000] {taskinstance.py:1206} INFO - Marking task as UP_FOR_RETRY. dag_id=banking_01_bronze_layer, task_id=debug, run_id=scheduled__2026-03-27T12:30:00+00:00, execution_date=20260327T123000, start_date=20260327T135212, end_date=20260327T135216
[2026-03-27T13:52:16.470+0000] {standard_task_runner.py:110} ERROR - Failed to execute job 5453 for task debug (Bash command failed. The command returned a non-zero exit code 1.; 38416)
[2026-03-27T13:52:16.507+0000] {local_task_job_runner.py:243} INFO - Task exited with return code 1
[2026-03-27T13:52:16.536+0000] {taskinstance.py:3503} INFO - 0 downstream tasks scheduled from follow-on schedule check
[2026-03-27T13:52:16.537+0000] {local_task_job_runner.py:222} INFO - ::endgroup::
