[2026-03-31T00:48:17.352+0000] {local_task_job_runner.py:120} INFO - ::group::Pre task execution logs
[2026-03-31T00:48:17.372+0000] {taskinstance.py:2076} INFO - Dependencies all met for dep_context=non-requeueable deps ti=<TaskInstance: banking_01_bronze_layer.build_bronze_trans manual__2026-03-31T00:47:34.252602+00:00 [queued]>
[2026-03-31T00:48:17.376+0000] {taskinstance.py:2076} INFO - Dependencies all met for dep_context=requeueable deps ti=<TaskInstance: banking_01_bronze_layer.build_bronze_trans manual__2026-03-31T00:47:34.252602+00:00 [queued]>
[2026-03-31T00:48:17.376+0000] {taskinstance.py:2306} INFO - Starting attempt 1 of 2
[2026-03-31T00:48:17.384+0000] {taskinstance.py:2330} INFO - Executing <Task(BashOperator): build_bronze_trans> on 2026-03-31 00:47:34.252602+00:00
[2026-03-31T00:48:17.387+0000] {standard_task_runner.py:64} INFO - Started process 41989 to run task
[2026-03-31T00:48:17.389+0000] {standard_task_runner.py:90} INFO - Running: ['***', 'tasks', 'run', 'banking_01_bronze_layer', 'build_bronze_trans', 'manual__2026-03-31T00:47:34.252602+00:00', '--job-id', '9553', '--raw', '--subdir', 'DAGS_FOLDER/dbt.py', '--cfg-path', '/tmp/tmp4gctqamr']
[2026-03-31T00:48:17.390+0000] {standard_task_runner.py:91} INFO - Job 9553: Subtask build_bronze_trans
[2026-03-31T00:48:17.436+0000] {task_command.py:426} INFO - Running <TaskInstance: banking_01_bronze_layer.build_bronze_trans manual__2026-03-31T00:47:34.252602+00:00 [running]> on host c990dffe13ae
[2026-03-31T00:48:17.490+0000] {taskinstance.py:2648} INFO - Exporting env vars: AIRFLOW_CTX_DAG_OWNER='risheek' AIRFLOW_CTX_DAG_ID='banking_01_bronze_layer' AIRFLOW_CTX_TASK_ID='build_bronze_trans' AIRFLOW_CTX_EXECUTION_DATE='2026-03-31T00:47:34.252602+00:00' AIRFLOW_CTX_TRY_NUMBER='1' AIRFLOW_CTX_DAG_RUN_ID='manual__2026-03-31T00:47:34.252602+00:00'
[2026-03-31T00:48:17.491+0000] {taskinstance.py:430} INFO - ::endgroup::
[2026-03-31T00:48:17.492+0000] {subprocess.py:78} INFO - Tmp dir root location: /tmp
[2026-03-31T00:48:17.493+0000] {subprocess.py:88} INFO - Running command: ['/usr/bin/bash', '-c', 'dbt build --select bronze_trans']
[2026-03-31T00:48:17.497+0000] {subprocess.py:99} INFO - Output:
[2026-03-31T00:48:18.907+0000] {subprocess.py:106} INFO - [0m00:48:18  Running with dbt=1.11.7
[2026-03-31T00:48:19.513+0000] {subprocess.py:106} INFO - [0m00:48:19  Registered adapter: snowflake=1.11.3
[2026-03-31T00:48:19.791+0000] {subprocess.py:106} INFO - [0m00:48:19  [[33mWARNING[0m]: Configuration paths exist in your dbt_project.yml file which do not apply to any resources.
[2026-03-31T00:48:19.794+0000] {subprocess.py:106} INFO - There are 1 unused configuration paths:
[2026-03-31T00:48:19.796+0000] {subprocess.py:106} INFO - - models.trans_snowf.example
[2026-03-31T00:48:19.916+0000] {subprocess.py:106} INFO - [0m00:48:19  Found 14 models, 3 sources, 522 macros
[2026-03-31T00:48:19.918+0000] {subprocess.py:106} INFO - [0m00:48:19
[2026-03-31T00:48:19.918+0000] {subprocess.py:106} INFO - [0m00:48:19  Concurrency: 1 threads (target='dev')
[2026-03-31T00:48:19.919+0000] {subprocess.py:106} INFO - [0m00:48:19
[2026-03-31T00:48:21.731+0000] {subprocess.py:106} INFO - [0m00:48:21  1 of 1 START sql incremental model PUBLIC_BRONZE.bronze_trans .................. [RUN]
[2026-03-31T00:48:24.082+0000] {subprocess.py:106} INFO - [0m00:48:24  1 of 1 OK created sql incremental model PUBLIC_BRONZE.bronze_trans ............. [[32mSUCCESS 0[0m in 2.35s]
[2026-03-31T00:48:24.303+0000] {subprocess.py:106} INFO - [0m00:48:24
[2026-03-31T00:48:24.305+0000] {subprocess.py:106} INFO - [0m00:48:24  Finished running 1 incremental model in 0 hours 0 minutes and 4.38 seconds (4.38s).
[2026-03-31T00:48:24.371+0000] {subprocess.py:106} INFO - [0m00:48:24
[2026-03-31T00:48:24.372+0000] {subprocess.py:106} INFO - [0m00:48:24  [32mCompleted successfully[0m
[2026-03-31T00:48:24.373+0000] {subprocess.py:106} INFO - [0m00:48:24
[2026-03-31T00:48:24.374+0000] {subprocess.py:106} INFO - [0m00:48:24  Done. PASS=1 WARN=0 ERROR=0 SKIP=0 NO-OP=0 TOTAL=1
[2026-03-31T00:48:26.369+0000] {subprocess.py:110} INFO - Command exited with return code 0
[2026-03-31T00:48:26.378+0000] {taskinstance.py:441} INFO - ::group::Post task execution logs
[2026-03-31T00:48:26.436+0000] {taskinstance.py:1206} INFO - Marking task as SUCCESS. dag_id=banking_01_bronze_layer, task_id=build_bronze_trans, run_id=manual__2026-03-31T00:47:34.252602+00:00, execution_date=20260331T004734, start_date=20260331T004817, end_date=20260331T004826
[2026-03-31T00:48:26.477+0000] {local_task_job_runner.py:243} INFO - Task exited with return code 0
[2026-03-31T00:48:26.506+0000] {taskinstance.py:3503} INFO - 0 downstream tasks scheduled from follow-on schedule check
[2026-03-31T00:48:26.507+0000] {local_task_job_runner.py:222} INFO - ::endgroup::
