[2026-03-30T05:22:40.767+0000] {local_task_job_runner.py:120} INFO - ::group::Pre task execution logs
[2026-03-30T05:22:40.782+0000] {taskinstance.py:2076} INFO - Dependencies all met for dep_context=non-requeueable deps ti=<TaskInstance: banking_01_bronze_layer.build_bronze_trans scheduled__2026-03-30T04:30:00+00:00 [queued]>
[2026-03-30T05:22:40.785+0000] {taskinstance.py:2076} INFO - Dependencies all met for dep_context=requeueable deps ti=<TaskInstance: banking_01_bronze_layer.build_bronze_trans scheduled__2026-03-30T04:30:00+00:00 [queued]>
[2026-03-30T05:22:40.785+0000] {taskinstance.py:2306} INFO - Starting attempt 2 of 2
[2026-03-30T05:22:40.791+0000] {taskinstance.py:2330} INFO - Executing <Task(BashOperator): build_bronze_trans> on 2026-03-30 04:30:00+00:00
[2026-03-30T05:22:40.793+0000] {standard_task_runner.py:64} INFO - Started process 8727 to run task
[2026-03-30T05:22:40.795+0000] {standard_task_runner.py:90} INFO - Running: ['***', 'tasks', 'run', 'banking_01_bronze_layer', 'build_bronze_trans', 'scheduled__2026-03-30T04:30:00+00:00', '--job-id', '7446', '--raw', '--subdir', 'DAGS_FOLDER/dbt.py', '--cfg-path', '/tmp/tmp836_gzg1']
[2026-03-30T05:22:40.796+0000] {standard_task_runner.py:91} INFO - Job 7446: Subtask build_bronze_trans
[2026-03-30T05:22:40.821+0000] {task_command.py:426} INFO - Running <TaskInstance: banking_01_bronze_layer.build_bronze_trans scheduled__2026-03-30T04:30:00+00:00 [running]> on host c990dffe13ae
[2026-03-30T05:22:40.861+0000] {taskinstance.py:2648} INFO - Exporting env vars: AIRFLOW_CTX_DAG_OWNER='risheek' AIRFLOW_CTX_DAG_ID='banking_01_bronze_layer' AIRFLOW_CTX_TASK_ID='build_bronze_trans' AIRFLOW_CTX_EXECUTION_DATE='2026-03-30T04:30:00+00:00' AIRFLOW_CTX_TRY_NUMBER='2' AIRFLOW_CTX_DAG_RUN_ID='scheduled__2026-03-30T04:30:00+00:00'
[2026-03-30T05:22:40.861+0000] {taskinstance.py:430} INFO - ::endgroup::
[2026-03-30T05:22:40.862+0000] {subprocess.py:78} INFO - Tmp dir root location: /tmp
[2026-03-30T05:22:40.862+0000] {subprocess.py:88} INFO - Running command: ['/usr/bin/bash', '-c', 'dbt build --select bronze_trans']
[2026-03-30T05:22:40.866+0000] {subprocess.py:99} INFO - Output:
[2026-03-30T05:22:42.058+0000] {subprocess.py:106} INFO - [0m05:22:42  Running with dbt=1.11.7
[2026-03-30T05:22:42.533+0000] {subprocess.py:106} INFO - [0m05:22:42  Registered adapter: snowflake=1.11.3
[2026-03-30T05:22:42.665+0000] {subprocess.py:106} INFO - [0m05:22:42  [[33mWARNING[0m]: Configuration paths exist in your dbt_project.yml file which do not apply to any resources.
[2026-03-30T05:22:42.665+0000] {subprocess.py:106} INFO - There are 1 unused configuration paths:
[2026-03-30T05:22:42.665+0000] {subprocess.py:106} INFO - - models.trans_snowf.example
[2026-03-30T05:22:42.758+0000] {subprocess.py:106} INFO - [0m05:22:42  Found 14 models, 3 sources, 522 macros
[2026-03-30T05:22:42.759+0000] {subprocess.py:106} INFO - [0m05:22:42
[2026-03-30T05:22:42.759+0000] {subprocess.py:106} INFO - [0m05:22:42  Concurrency: 1 threads (target='dev')
[2026-03-30T05:22:42.759+0000] {subprocess.py:106} INFO - [0m05:22:42
[2026-03-30T05:22:44.628+0000] {subprocess.py:106} INFO - [0m05:22:44  1 of 1 START sql incremental model PUBLIC_BRONZE.bronze_trans .................. [RUN]
[2026-03-30T05:39:14.197+0000] {subprocess.py:106} INFO - [0m05:39:14  1 of 1 OK created sql incremental model PUBLIC_BRONZE.bronze_trans ............. [[32mSUCCESS 0[0m in 989.56s]
[2026-03-30T05:39:14.781+0000] {subprocess.py:106} INFO - [0m05:39:14
[2026-03-30T05:39:14.783+0000] {subprocess.py:106} INFO - [0m05:39:14  Finished running 1 incremental model in 0 hours 16 minutes and 32.02 seconds (992.02s).
[2026-03-30T05:39:14.857+0000] {subprocess.py:106} INFO - [0m05:39:14
[2026-03-30T05:39:14.857+0000] {subprocess.py:106} INFO - [0m05:39:14  [32mCompleted successfully[0m
[2026-03-30T05:39:14.858+0000] {subprocess.py:106} INFO - [0m05:39:14
[2026-03-30T05:39:14.859+0000] {subprocess.py:106} INFO - [0m05:39:14  Done. PASS=1 WARN=0 ERROR=0 SKIP=0 NO-OP=0 TOTAL=1
[2026-03-30T05:54:48.790+0000] {subprocess.py:110} INFO - Command exited with return code 0
[2026-03-30T05:54:48.792+0000] {taskinstance.py:441} INFO - ::group::Post task execution logs
[2026-03-30T05:54:48.837+0000] {taskinstance.py:1206} INFO - Marking task as SUCCESS. dag_id=banking_01_bronze_layer, task_id=build_bronze_trans, run_id=scheduled__2026-03-30T04:30:00+00:00, execution_date=20260330T043000, start_date=20260330T052240, end_date=20260330T055448
[2026-03-30T05:54:48.877+0000] {local_task_job_runner.py:243} INFO - Task exited with return code 0
[2026-03-30T05:54:48.916+0000] {taskinstance.py:3503} INFO - 0 downstream tasks scheduled from follow-on schedule check
[2026-03-30T05:54:48.917+0000] {local_task_job_runner.py:222} INFO - ::endgroup::
