[2026-03-29T10:52:45.941+0000] {local_task_job_runner.py:120} INFO - ::group::Pre task execution logs
[2026-03-29T10:52:45.955+0000] {taskinstance.py:2076} INFO - Dependencies all met for dep_context=non-requeueable deps ti=<TaskInstance: banking_01_bronze_layer.build_bronze_trans scheduled__2026-03-29T10:00:00+00:00 [queued]>
[2026-03-29T10:52:45.959+0000] {taskinstance.py:2076} INFO - Dependencies all met for dep_context=requeueable deps ti=<TaskInstance: banking_01_bronze_layer.build_bronze_trans scheduled__2026-03-29T10:00:00+00:00 [queued]>
[2026-03-29T10:52:45.959+0000] {taskinstance.py:2306} INFO - Starting attempt 1 of 2
[2026-03-29T10:52:45.964+0000] {taskinstance.py:2330} INFO - Executing <Task(BashOperator): build_bronze_trans> on 2026-03-29 10:00:00+00:00
[2026-03-29T10:52:45.967+0000] {standard_task_runner.py:64} INFO - Started process 1001 to run task
[2026-03-29T10:52:45.969+0000] {standard_task_runner.py:90} INFO - Running: ['***', 'tasks', 'run', 'banking_01_bronze_layer', 'build_bronze_trans', 'scheduled__2026-03-29T10:00:00+00:00', '--job-id', '7209', '--raw', '--subdir', 'DAGS_FOLDER/dbt.py', '--cfg-path', '/tmp/tmp6ym2djhe']
[2026-03-29T10:52:45.970+0000] {standard_task_runner.py:91} INFO - Job 7209: Subtask build_bronze_trans
[2026-03-29T10:52:45.996+0000] {task_command.py:426} INFO - Running <TaskInstance: banking_01_bronze_layer.build_bronze_trans scheduled__2026-03-29T10:00:00+00:00 [running]> on host c990dffe13ae
[2026-03-29T10:52:46.038+0000] {taskinstance.py:2648} INFO - Exporting env vars: AIRFLOW_CTX_DAG_OWNER='risheek' AIRFLOW_CTX_DAG_ID='banking_01_bronze_layer' AIRFLOW_CTX_TASK_ID='build_bronze_trans' AIRFLOW_CTX_EXECUTION_DATE='2026-03-29T10:00:00+00:00' AIRFLOW_CTX_TRY_NUMBER='1' AIRFLOW_CTX_DAG_RUN_ID='scheduled__2026-03-29T10:00:00+00:00'
[2026-03-29T10:52:46.039+0000] {taskinstance.py:430} INFO - ::endgroup::
[2026-03-29T10:52:46.039+0000] {subprocess.py:78} INFO - Tmp dir root location: /tmp
[2026-03-29T10:52:46.040+0000] {subprocess.py:88} INFO - Running command: ['/usr/bin/bash', '-c', 'dbt build --select bronze_trans']
[2026-03-29T10:52:46.043+0000] {subprocess.py:99} INFO - Output:
[2026-03-29T10:52:47.243+0000] {subprocess.py:106} INFO - [0m10:52:47  Running with dbt=1.11.7
[2026-03-29T10:52:47.737+0000] {subprocess.py:106} INFO - [0m10:52:47  Registered adapter: snowflake=1.11.3
[2026-03-29T10:52:47.873+0000] {subprocess.py:106} INFO - [0m10:52:47  [[33mWARNING[0m]: Configuration paths exist in your dbt_project.yml file which do not apply to any resources.
[2026-03-29T10:52:47.873+0000] {subprocess.py:106} INFO - There are 1 unused configuration paths:
[2026-03-29T10:52:47.873+0000] {subprocess.py:106} INFO - - models.trans_snowf.example
[2026-03-29T10:52:47.966+0000] {subprocess.py:106} INFO - [0m10:52:47  Found 14 models, 3 sources, 522 macros
[2026-03-29T10:52:47.967+0000] {subprocess.py:106} INFO - [0m10:52:47
[2026-03-29T10:52:47.968+0000] {subprocess.py:106} INFO - [0m10:52:47  Concurrency: 1 threads (target='dev')
[2026-03-29T10:52:47.968+0000] {subprocess.py:106} INFO - [0m10:52:47
[2026-03-29T10:52:49.346+0000] {subprocess.py:106} INFO - [0m10:52:49  1 of 1 START sql incremental model PUBLIC_BRONZE.bronze_trans .................. [RUN]
[2026-03-29T10:52:51.318+0000] {subprocess.py:106} INFO - [0m10:52:51  1 of 1 OK created sql incremental model PUBLIC_BRONZE.bronze_trans ............. [[32mSUCCESS 0[0m in 1.97s]
[2026-03-29T10:52:51.539+0000] {subprocess.py:106} INFO - [0m10:52:51
[2026-03-29T10:52:51.541+0000] {subprocess.py:106} INFO - [0m10:52:51  Finished running 1 incremental model in 0 hours 0 minutes and 3.57 seconds (3.57s).
[2026-03-29T10:52:51.602+0000] {subprocess.py:106} INFO - [0m10:52:51
[2026-03-29T10:52:51.603+0000] {subprocess.py:106} INFO - [0m10:52:51  [32mCompleted successfully[0m
[2026-03-29T10:52:51.603+0000] {subprocess.py:106} INFO - [0m10:52:51
[2026-03-29T10:52:51.604+0000] {subprocess.py:106} INFO - [0m10:52:51  Done. PASS=1 WARN=0 ERROR=0 SKIP=0 NO-OP=0 TOTAL=1
[2026-03-29T10:52:53.700+0000] {subprocess.py:110} INFO - Command exited with return code 0
[2026-03-29T10:52:53.701+0000] {taskinstance.py:441} INFO - ::group::Post task execution logs
[2026-03-29T10:52:53.721+0000] {taskinstance.py:1206} INFO - Marking task as SUCCESS. dag_id=banking_01_bronze_layer, task_id=build_bronze_trans, run_id=scheduled__2026-03-29T10:00:00+00:00, execution_date=20260329T100000, start_date=20260329T105245, end_date=20260329T105253
[2026-03-29T10:52:53.748+0000] {local_task_job_runner.py:243} INFO - Task exited with return code 0
[2026-03-29T10:52:53.758+0000] {taskinstance.py:3503} INFO - 0 downstream tasks scheduled from follow-on schedule check
[2026-03-29T10:52:53.759+0000] {local_task_job_runner.py:222} INFO - ::endgroup::
