[2026-02-08T18:39:09.877+0000] {local_task_job_runner.py:120} INFO - ::group::Pre task execution logs
[2026-02-08T18:39:09.891+0000] {taskinstance.py:2076} INFO - Dependencies all met for dep_context=non-requeueable deps ti=<TaskInstance: transfer_from_minio_to_snowflake.copy scheduled__2026-02-08T18:38:00+00:00 [queued]>
[2026-02-08T18:39:09.895+0000] {taskinstance.py:2076} INFO - Dependencies all met for dep_context=requeueable deps ti=<TaskInstance: transfer_from_minio_to_snowflake.copy scheduled__2026-02-08T18:38:00+00:00 [queued]>
[2026-02-08T18:39:09.895+0000] {taskinstance.py:2306} INFO - Starting attempt 1 of 3
[2026-02-08T18:39:09.900+0000] {taskinstance.py:2330} INFO - Executing <Task(CopyFromExternalStageToSnowflakeOperator): copy> on 2026-02-08 18:38:00+00:00
[2026-02-08T18:39:09.903+0000] {logging_mixin.py:188} WARNING - /home/***/.local/lib/python3.12/site-packages/***/task/task_runner/standard_task_runner.py:62 DeprecationWarning: This process (pid=9930) is multi-threaded, use of fork() may lead to deadlocks in the child.
[2026-02-08T18:39:09.904+0000] {standard_task_runner.py:64} INFO - Started process 9942 to run task
[2026-02-08T18:39:09.904+0000] {standard_task_runner.py:90} INFO - Running: ['***', 'tasks', 'run', 'transfer_from_minio_to_snowflake', 'copy', 'scheduled__2026-02-08T18:38:00+00:00', '--job-id', '657', '--raw', '--subdir', 'DAGS_FOLDER/transfer.py', '--cfg-path', '/tmp/tmptn_249mh']
[2026-02-08T18:39:09.905+0000] {standard_task_runner.py:91} INFO - Job 657: Subtask copy
[2026-02-08T18:39:09.930+0000] {task_command.py:426} INFO - Running <TaskInstance: transfer_from_minio_to_snowflake.copy scheduled__2026-02-08T18:38:00+00:00 [running]> on host 83f212180a9d
[2026-02-08T18:39:10.058+0000] {taskinstance.py:2648} INFO - Exporting env vars: AIRFLOW_CTX_DAG_OWNER='***' AIRFLOW_CTX_DAG_ID='transfer_from_minio_to_snowflake' AIRFLOW_CTX_TASK_ID='copy' AIRFLOW_CTX_EXECUTION_DATE='2026-02-08T18:38:00+00:00' AIRFLOW_CTX_TRY_NUMBER='1' AIRFLOW_CTX_DAG_RUN_ID='scheduled__2026-02-08T18:38:00+00:00'
[2026-02-08T18:39:10.058+0000] {taskinstance.py:430} INFO - ::endgroup::
[2026-02-08T18:39:10.059+0000] {copy_into_snowflake.py:142} INFO - Executing COPY command...
[2026-02-08T18:39:10.064+0000] {base.py:84} INFO - Using connection ID 'warehouse_id' for task execution.
[2026-02-08T18:39:10.100+0000] {connection.py:611} INFO - Snowflake Connector for Python Version: 4.2.0, Python Version: 3.12.4, Platform: Linux-6.12.67-linuxkit-aarch64-with-glibc2.36
[2026-02-08T18:39:10.101+0000] {connection.py:1695} INFO - Connecting to GLOBAL Snowflake domain
[2026-02-08T18:39:10.553+0000] {sql.py:495} INFO - Running statement: COPY INTO BRONZE
             FROM  @incoming/
        
        
        FILE_FORMAT=(TYPE= 'JSON')
        ON_ERROR= 'continue', parameters: None
[2026-02-08T18:39:12.763+0000] {sql.py:504} INFO - Rows affected: 1
[2026-02-08T18:39:12.764+0000] {snowflake.py:422} INFO - Rows affected: 1
[2026-02-08T18:39:12.764+0000] {snowflake.py:423} INFO - Snowflake query id: 01c247df-0001-8e08-000c-39020002a14e
[2026-02-08T18:39:12.859+0000] {copy_into_snowflake.py:149} INFO - COPY command completed
[2026-02-08T18:39:12.861+0000] {taskinstance.py:441} INFO - ::group::Post task execution logs
[2026-02-08T18:39:12.878+0000] {taskinstance.py:1206} INFO - Marking task as SUCCESS. dag_id=transfer_from_minio_to_snowflake, task_id=copy, run_id=scheduled__2026-02-08T18:38:00+00:00, execution_date=20260208T183800, start_date=20260208T183909, end_date=20260208T183912
[2026-02-08T18:39:12.933+0000] {local_task_job_runner.py:243} INFO - Task exited with return code 0
[2026-02-08T18:39:12.952+0000] {taskinstance.py:3503} INFO - 0 downstream tasks scheduled from follow-on schedule check
[2026-02-08T18:39:12.953+0000] {local_task_job_runner.py:222} INFO - ::endgroup::
