[2026-03-30T21:51:13.072+0000] {local_task_job_runner.py:120} INFO - ::group::Pre task execution logs
[2026-03-30T21:51:13.090+0000] {taskinstance.py:2076} INFO - Dependencies all met for dep_context=non-requeueable deps ti=<TaskInstance: banking_01_bronze_layer.build_bronze_cust scheduled__2026-03-30T21:00:00+00:00 [queued]>
[2026-03-30T21:51:13.095+0000] {taskinstance.py:2076} INFO - Dependencies all met for dep_context=requeueable deps ti=<TaskInstance: banking_01_bronze_layer.build_bronze_cust scheduled__2026-03-30T21:00:00+00:00 [queued]>
[2026-03-30T21:51:13.096+0000] {taskinstance.py:2306} INFO - Starting attempt 1 of 2
[2026-03-30T21:51:13.103+0000] {taskinstance.py:2330} INFO - Executing <Task(BashOperator): build_bronze_cust> on 2026-03-30 21:00:00+00:00
[2026-03-30T21:51:13.106+0000] {standard_task_runner.py:64} INFO - Started process 26758 to run task
[2026-03-30T21:51:13.108+0000] {standard_task_runner.py:90} INFO - Running: ['***', 'tasks', 'run', 'banking_01_bronze_layer', 'build_bronze_cust', 'scheduled__2026-03-30T21:00:00+00:00', '--job-id', '8804', '--raw', '--subdir', 'DAGS_FOLDER/dbt.py', '--cfg-path', '/tmp/tmp6m8k6nec']
[2026-03-30T21:51:13.110+0000] {standard_task_runner.py:91} INFO - Job 8804: Subtask build_bronze_cust
[2026-03-30T21:51:13.152+0000] {task_command.py:426} INFO - Running <TaskInstance: banking_01_bronze_layer.build_bronze_cust scheduled__2026-03-30T21:00:00+00:00 [running]> on host c990dffe13ae
[2026-03-30T21:51:13.203+0000] {taskinstance.py:2648} INFO - Exporting env vars: AIRFLOW_CTX_DAG_OWNER='risheek' AIRFLOW_CTX_DAG_ID='banking_01_bronze_layer' AIRFLOW_CTX_TASK_ID='build_bronze_cust' AIRFLOW_CTX_EXECUTION_DATE='2026-03-30T21:00:00+00:00' AIRFLOW_CTX_TRY_NUMBER='1' AIRFLOW_CTX_DAG_RUN_ID='scheduled__2026-03-30T21:00:00+00:00'
[2026-03-30T21:51:13.204+0000] {taskinstance.py:430} INFO - ::endgroup::
[2026-03-30T21:51:13.205+0000] {subprocess.py:78} INFO - Tmp dir root location: /tmp
[2026-03-30T21:51:13.206+0000] {subprocess.py:88} INFO - Running command: ['/usr/bin/bash', '-c', 'dbt build --select bronze_cust']
[2026-03-30T21:51:13.210+0000] {subprocess.py:99} INFO - Output:
[2026-03-30T21:51:14.633+0000] {subprocess.py:106} INFO - [0m21:51:14  Running with dbt=1.11.7
[2026-03-30T21:51:15.210+0000] {subprocess.py:106} INFO - [0m21:51:15  Registered adapter: snowflake=1.11.3
[2026-03-30T21:51:15.359+0000] {subprocess.py:106} INFO - [0m21:51:15  [[33mWARNING[0m]: Configuration paths exist in your dbt_project.yml file which do not apply to any resources.
[2026-03-30T21:51:15.359+0000] {subprocess.py:106} INFO - There are 1 unused configuration paths:
[2026-03-30T21:51:15.359+0000] {subprocess.py:106} INFO - - models.trans_snowf.example
[2026-03-30T21:51:15.464+0000] {subprocess.py:106} INFO - [0m21:51:15  Found 14 models, 3 sources, 522 macros
[2026-03-30T21:51:15.465+0000] {subprocess.py:106} INFO - [0m21:51:15
[2026-03-30T21:51:15.465+0000] {subprocess.py:106} INFO - [0m21:51:15  Concurrency: 1 threads (target='dev')
[2026-03-30T21:51:15.466+0000] {subprocess.py:106} INFO - [0m21:51:15
[2026-03-30T21:51:19.439+0000] {subprocess.py:106} INFO - [0m21:51:19  1 of 1 START sql incremental model PUBLIC_BRONZE.bronze_cust ................... [RUN]
[2026-03-30T21:51:23.447+0000] {subprocess.py:106} INFO - [0m21:51:23  1 of 1 OK created sql incremental model PUBLIC_BRONZE.bronze_cust .............. [[32mSUCCESS 0[0m in 4.00s]
[2026-03-30T21:51:23.692+0000] {subprocess.py:106} INFO - [0m21:51:23
[2026-03-30T21:51:23.694+0000] {subprocess.py:106} INFO - [0m21:51:23  Finished running 1 incremental model in 0 hours 0 minutes and 8.22 seconds (8.22s).
[2026-03-30T21:51:23.759+0000] {subprocess.py:106} INFO - [0m21:51:23
[2026-03-30T21:51:23.760+0000] {subprocess.py:106} INFO - [0m21:51:23  [32mCompleted successfully[0m
[2026-03-30T21:51:23.761+0000] {subprocess.py:106} INFO - [0m21:51:23
[2026-03-30T21:51:23.761+0000] {subprocess.py:106} INFO - [0m21:51:23  Done. PASS=1 WARN=0 ERROR=0 SKIP=0 NO-OP=0 TOTAL=1
[2026-03-30T21:51:26.353+0000] {subprocess.py:110} INFO - Command exited with return code 0
[2026-03-30T21:51:26.357+0000] {taskinstance.py:441} INFO - ::group::Post task execution logs
[2026-03-30T21:51:26.420+0000] {taskinstance.py:1206} INFO - Marking task as SUCCESS. dag_id=banking_01_bronze_layer, task_id=build_bronze_cust, run_id=scheduled__2026-03-30T21:00:00+00:00, execution_date=20260330T210000, start_date=20260330T215113, end_date=20260330T215126
[2026-03-30T21:51:26.480+0000] {local_task_job_runner.py:243} INFO - Task exited with return code 0
[2026-03-30T21:51:26.517+0000] {taskinstance.py:3503} INFO - 0 downstream tasks scheduled from follow-on schedule check
[2026-03-30T21:51:26.519+0000] {local_task_job_runner.py:222} INFO - ::endgroup::
