[2026-03-29T16:36:40.260+0000] {local_task_job_runner.py:120} INFO - ::group::Pre task execution logs
[2026-03-29T16:36:40.275+0000] {taskinstance.py:2076} INFO - Dependencies all met for dep_context=non-requeueable deps ti=<TaskInstance: banking_01_bronze_layer.build_bronze_cust scheduled__2026-03-29T16:00:00+00:00 [queued]>
[2026-03-29T16:36:40.278+0000] {taskinstance.py:2076} INFO - Dependencies all met for dep_context=requeueable deps ti=<TaskInstance: banking_01_bronze_layer.build_bronze_cust scheduled__2026-03-29T16:00:00+00:00 [queued]>
[2026-03-29T16:36:40.278+0000] {taskinstance.py:2306} INFO - Starting attempt 1 of 2
[2026-03-29T16:36:40.284+0000] {taskinstance.py:2330} INFO - Executing <Task(BashOperator): build_bronze_cust> on 2026-03-29 16:00:00+00:00
[2026-03-29T16:36:40.287+0000] {standard_task_runner.py:64} INFO - Started process 3396 to run task
[2026-03-29T16:36:40.288+0000] {standard_task_runner.py:90} INFO - Running: ['***', 'tasks', 'run', 'banking_01_bronze_layer', 'build_bronze_cust', 'scheduled__2026-03-29T16:00:00+00:00', '--job-id', '7292', '--raw', '--subdir', 'DAGS_FOLDER/dbt.py', '--cfg-path', '/tmp/tmp46q791y5']
[2026-03-29T16:36:40.290+0000] {standard_task_runner.py:91} INFO - Job 7292: Subtask build_bronze_cust
[2026-03-29T16:36:40.316+0000] {task_command.py:426} INFO - Running <TaskInstance: banking_01_bronze_layer.build_bronze_cust scheduled__2026-03-29T16:00:00+00:00 [running]> on host c990dffe13ae
[2026-03-29T16:36:40.358+0000] {taskinstance.py:2648} INFO - Exporting env vars: AIRFLOW_CTX_DAG_OWNER='risheek' AIRFLOW_CTX_DAG_ID='banking_01_bronze_layer' AIRFLOW_CTX_TASK_ID='build_bronze_cust' AIRFLOW_CTX_EXECUTION_DATE='2026-03-29T16:00:00+00:00' AIRFLOW_CTX_TRY_NUMBER='1' AIRFLOW_CTX_DAG_RUN_ID='scheduled__2026-03-29T16:00:00+00:00'
[2026-03-29T16:36:40.359+0000] {taskinstance.py:430} INFO - ::endgroup::
[2026-03-29T16:36:40.359+0000] {subprocess.py:78} INFO - Tmp dir root location: /tmp
[2026-03-29T16:36:40.359+0000] {subprocess.py:88} INFO - Running command: ['/usr/bin/bash', '-c', 'dbt build --select bronze_cust']
[2026-03-29T16:36:40.363+0000] {subprocess.py:99} INFO - Output:
[2026-03-29T16:36:41.567+0000] {subprocess.py:106} INFO - [0m16:36:41  Running with dbt=1.11.7
[2026-03-29T16:36:42.061+0000] {subprocess.py:106} INFO - [0m16:36:42  Registered adapter: snowflake=1.11.3
[2026-03-29T16:36:42.194+0000] {subprocess.py:106} INFO - [0m16:36:42  [[33mWARNING[0m]: Configuration paths exist in your dbt_project.yml file which do not apply to any resources.
[2026-03-29T16:36:42.194+0000] {subprocess.py:106} INFO - There are 1 unused configuration paths:
[2026-03-29T16:36:42.195+0000] {subprocess.py:106} INFO - - models.trans_snowf.example
[2026-03-29T16:36:42.289+0000] {subprocess.py:106} INFO - [0m16:36:42  Found 14 models, 3 sources, 522 macros
[2026-03-29T16:36:42.290+0000] {subprocess.py:106} INFO - [0m16:36:42
[2026-03-29T16:36:42.291+0000] {subprocess.py:106} INFO - [0m16:36:42  Concurrency: 1 threads (target='dev')
[2026-03-29T16:36:42.291+0000] {subprocess.py:106} INFO - [0m16:36:42
[2026-03-29T16:36:44.458+0000] {subprocess.py:106} INFO - [0m16:36:44  1 of 1 START sql incremental model PUBLIC_BRONZE.bronze_cust ................... [RUN]
[2026-03-29T16:36:46.631+0000] {subprocess.py:106} INFO - [0m16:36:46  1 of 1 OK created sql incremental model PUBLIC_BRONZE.bronze_cust .............. [[32mSUCCESS 0[0m in 2.17s]
[2026-03-29T16:36:47.071+0000] {subprocess.py:106} INFO - [0m16:36:47
[2026-03-29T16:36:47.073+0000] {subprocess.py:106} INFO - [0m16:36:47  Finished running 1 incremental model in 0 hours 0 minutes and 4.78 seconds (4.78s).
[2026-03-29T16:36:47.140+0000] {subprocess.py:106} INFO - [0m16:36:47
[2026-03-29T16:36:47.141+0000] {subprocess.py:106} INFO - [0m16:36:47  [32mCompleted successfully[0m
[2026-03-29T16:36:47.141+0000] {subprocess.py:106} INFO - [0m16:36:47
[2026-03-29T16:36:47.142+0000] {subprocess.py:106} INFO - [0m16:36:47  Done. PASS=1 WARN=0 ERROR=0 SKIP=0 NO-OP=0 TOTAL=1
[2026-03-29T16:36:49.677+0000] {subprocess.py:110} INFO - Command exited with return code 0
[2026-03-29T16:36:49.679+0000] {taskinstance.py:441} INFO - ::group::Post task execution logs
[2026-03-29T16:36:49.739+0000] {taskinstance.py:1206} INFO - Marking task as SUCCESS. dag_id=banking_01_bronze_layer, task_id=build_bronze_cust, run_id=scheduled__2026-03-29T16:00:00+00:00, execution_date=20260329T160000, start_date=20260329T163640, end_date=20260329T163649
[2026-03-29T16:36:49.763+0000] {local_task_job_runner.py:243} INFO - Task exited with return code 0
[2026-03-29T16:36:49.800+0000] {taskinstance.py:3503} INFO - 0 downstream tasks scheduled from follow-on schedule check
[2026-03-29T16:36:49.801+0000] {local_task_job_runner.py:222} INFO - ::endgroup::
