[2026-03-25T13:46:57.222+0000] {local_task_job_runner.py:120} INFO - ::group::Pre task execution logs
[2026-03-25T13:46:57.241+0000] {taskinstance.py:2076} INFO - Dependencies all met for dep_context=non-requeueable deps ti=<TaskInstance: banking_01_bronze_layer.build_bronze_acc manual__2026-03-25T13:46:48.571348+00:00 [queued]>
[2026-03-25T13:46:57.245+0000] {taskinstance.py:2076} INFO - Dependencies all met for dep_context=requeueable deps ti=<TaskInstance: banking_01_bronze_layer.build_bronze_acc manual__2026-03-25T13:46:48.571348+00:00 [queued]>
[2026-03-25T13:46:57.245+0000] {taskinstance.py:2306} INFO - Starting attempt 1 of 2
[2026-03-25T13:46:57.251+0000] {taskinstance.py:2330} INFO - Executing <Task(BashOperator): build_bronze_acc> on 2026-03-25 13:46:48.571348+00:00
[2026-03-25T13:46:57.255+0000] {standard_task_runner.py:64} INFO - Started process 726 to run task
[2026-03-25T13:46:57.256+0000] {standard_task_runner.py:90} INFO - Running: ['***', 'tasks', 'run', 'banking_01_bronze_layer', 'build_bronze_acc', 'manual__2026-03-25T13:46:48.571348+00:00', '--job-id', '1008', '--raw', '--subdir', 'DAGS_FOLDER/dbt.py', '--cfg-path', '/tmp/tmp4fgy7_dt']
[2026-03-25T13:46:57.259+0000] {standard_task_runner.py:91} INFO - Job 1008: Subtask build_bronze_acc
[2026-03-25T13:46:57.309+0000] {task_command.py:426} INFO - Running <TaskInstance: banking_01_bronze_layer.build_bronze_acc manual__2026-03-25T13:46:48.571348+00:00 [running]> on host 6fdc51cbadaf
[2026-03-25T13:46:57.367+0000] {taskinstance.py:2648} INFO - Exporting env vars: AIRFLOW_CTX_DAG_OWNER='risheek' AIRFLOW_CTX_DAG_ID='banking_01_bronze_layer' AIRFLOW_CTX_TASK_ID='build_bronze_acc' AIRFLOW_CTX_EXECUTION_DATE='2026-03-25T13:46:48.571348+00:00' AIRFLOW_CTX_TRY_NUMBER='1' AIRFLOW_CTX_DAG_RUN_ID='manual__2026-03-25T13:46:48.571348+00:00'
[2026-03-25T13:46:57.368+0000] {taskinstance.py:430} INFO - ::endgroup::
[2026-03-25T13:46:57.368+0000] {subprocess.py:78} INFO - Tmp dir root location: /tmp
[2026-03-25T13:46:57.369+0000] {subprocess.py:88} INFO - Running command: ['/usr/bin/bash', '-c', 'dbt build --select bronze_acc']
[2026-03-25T13:46:57.374+0000] {subprocess.py:99} INFO - Output:
[2026-03-25T13:46:57.375+0000] {subprocess.py:106} INFO - /usr/bin/bash: line 1: dbt: command not found
[2026-03-25T13:46:57.375+0000] {subprocess.py:110} INFO - Command exited with return code 127
[2026-03-25T13:46:57.376+0000] {taskinstance.py:441} INFO - ::group::Post task execution logs
[2026-03-25T13:46:57.384+0000] {taskinstance.py:2905} ERROR - Task failed with exception
Traceback (most recent call last):
  File "/home/airflow/.local/lib/python3.12/site-packages/airflow/models/taskinstance.py", line 465, in _execute_task
    result = _execute_callable(context=context, **execute_callable_kwargs)
             ^^^^^^^^^^^^^^^^^^^^^^^^^^^^^^^^^^^^^^^^^^^^^^^^^^^^^^^^^^^^^
  File "/home/airflow/.local/lib/python3.12/site-packages/airflow/models/taskinstance.py", line 432, in _execute_callable
    return execute_callable(context=context, **execute_callable_kwargs)
           ^^^^^^^^^^^^^^^^^^^^^^^^^^^^^^^^^^^^^^^^^^^^^^^^^^^^^^^^^^^^
  File "/home/airflow/.local/lib/python3.12/site-packages/airflow/models/baseoperator.py", line 401, in wrapper
    return func(self, *args, **kwargs)
           ^^^^^^^^^^^^^^^^^^^^^^^^^^^
  File "/home/airflow/.local/lib/python3.12/site-packages/airflow/providers/standard/operators/bash.py", line 233, in execute
    raise AirflowException(
airflow.exceptions.AirflowException: Bash command failed. The command returned a non-zero exit code 127.
[2026-03-25T13:46:57.391+0000] {taskinstance.py:1206} INFO - Marking task as UP_FOR_RETRY. dag_id=banking_01_bronze_layer, task_id=build_bronze_acc, run_id=manual__2026-03-25T13:46:48.571348+00:00, execution_date=20260325T134648, start_date=20260325T134657, end_date=20260325T134657
[2026-03-25T13:46:57.398+0000] {standard_task_runner.py:110} ERROR - Failed to execute job 1008 for task build_bronze_acc (Bash command failed. The command returned a non-zero exit code 127.; 726)
[2026-03-25T13:46:57.438+0000] {local_task_job_runner.py:243} INFO - Task exited with return code 1
[2026-03-25T13:46:57.450+0000] {taskinstance.py:3503} INFO - 0 downstream tasks scheduled from follow-on schedule check
[2026-03-25T13:46:57.451+0000] {local_task_job_runner.py:222} INFO - ::endgroup::
