[2026-03-28T05:01:01.809+0000] {local_task_job_runner.py:120} INFO - ::group::Pre task execution logs
[2026-03-28T05:01:01.832+0000] {taskinstance.py:2076} INFO - Dependencies all met for dep_context=non-requeueable deps ti=<TaskInstance: transfer_from_minio_to_snowflake_accounts.create_raw scheduled__2026-03-28T04:26:00+00:00 [queued]>
[2026-03-28T05:01:01.836+0000] {taskinstance.py:2076} INFO - Dependencies all met for dep_context=requeueable deps ti=<TaskInstance: transfer_from_minio_to_snowflake_accounts.create_raw scheduled__2026-03-28T04:26:00+00:00 [queued]>
[2026-03-28T05:01:01.836+0000] {taskinstance.py:2306} INFO - Starting attempt 2 of 3
[2026-03-28T05:01:01.841+0000] {taskinstance.py:2330} INFO - Executing <Task(SQLExecuteQueryOperator): create_raw> on 2026-03-28 04:26:00+00:00
[2026-03-28T05:01:01.848+0000] {standard_task_runner.py:90} INFO - Running: ['***', 'tasks', 'run', 'transfer_from_minio_to_snowflake_accounts', 'create_raw', 'scheduled__2026-03-28T04:26:00+00:00', '--job-id', '6248', '--raw', '--subdir', 'DAGS_FOLDER/transfer.py', '--cfg-path', '/tmp/tmp_i6hsvm8']
[2026-03-28T05:01:01.856+0000] {standard_task_runner.py:91} INFO - Job 6248: Subtask create_raw
[2026-03-28T05:01:01.855+0000] {logging_mixin.py:188} WARNING - /home/***/.local/lib/python3.12/site-packages/***/task/task_runner/standard_task_runner.py:62 DeprecationWarning: This process (pid=54532) is multi-threaded, use of fork() may lead to deadlocks in the child.
[2026-03-28T05:01:01.858+0000] {standard_task_runner.py:64} INFO - Started process 54544 to run task
[2026-03-28T05:01:01.899+0000] {task_command.py:426} INFO - Running <TaskInstance: transfer_from_minio_to_snowflake_accounts.create_raw scheduled__2026-03-28T04:26:00+00:00 [running]> on host c990dffe13ae
[2026-03-28T05:01:02.102+0000] {taskinstance.py:2648} INFO - Exporting env vars: AIRFLOW_CTX_DAG_OWNER='***' AIRFLOW_CTX_DAG_ID='transfer_from_minio_to_snowflake_accounts' AIRFLOW_CTX_TASK_ID='create_raw' AIRFLOW_CTX_EXECUTION_DATE='2026-03-28T04:26:00+00:00' AIRFLOW_CTX_TRY_NUMBER='2' AIRFLOW_CTX_DAG_RUN_ID='scheduled__2026-03-28T04:26:00+00:00'
[2026-03-28T05:01:02.103+0000] {taskinstance.py:430} INFO - ::endgroup::
[2026-03-28T05:01:02.103+0000] {sql.py:282} INFO - Executing:  CREATE TABLE IF NOT EXISTS RAW_ACCOUNTS (
                    raw_json VARIANT,
                    inserted_at TIMESTAMP_NTZ DEFAULT CURRENT_TIMESTAMP());
                  
[2026-03-28T05:01:02.109+0000] {base.py:84} INFO - Using connection ID 'warehouse_id' for task execution.
[2026-03-28T05:01:02.148+0000] {base.py:84} INFO - Using connection ID 'warehouse_id' for task execution.
[2026-03-28T05:01:02.187+0000] {connection.py:613} INFO - Snowflake Connector for Python Version: 4.3.0, Python Version: 3.12.4, Platform: Linux-6.12.76-linuxkit-aarch64-with-glibc2.36
[2026-03-28T05:01:02.187+0000] {connection.py:1709} INFO - Connecting to GLOBAL Snowflake domain
[2026-03-28T05:01:02.705+0000] {connectionpool.py:868} WARNING - Retrying (Retry(total=0, connect=None, read=None, redirect=None, status=None)) after connection broken by 'NewConnectionError("HTTPSConnection(host='bbmcdsp-ct02489.snowflakecomputing.com', port=443): Failed to establish a new connection: [Errno 111] Connection refused")': /session/v1/login-request?request_id=db9e8edf-21c7-4bea-9e81-cf4db84bca4e&databaseName=BANKING&schemaName=PUBLIC&warehouse=COMPUTE_WH&roleName=***&request_guid=9c6f8a91-203a-48fb-bf01-85e7491bd0f5
[2026-03-28T05:01:06.861+0000] {sql.py:495} INFO - Running statement: CREATE TABLE IF NOT EXISTS RAW_ACCOUNTS (
                    raw_json VARIANT,
                    inserted_at TIMESTAMP_NTZ DEFAULT CURRENT_TIMESTAMP());, parameters: None
[2026-03-28T05:01:07.049+0000] {sql.py:504} INFO - Rows affected: 1
[2026-03-28T05:01:07.050+0000] {snowflake.py:422} INFO - Rows affected: 1
[2026-03-28T05:01:07.050+0000] {snowflake.py:423} INFO - Snowflake query id: 01c352ad-3202-839d-0014-90e60005157a
[2026-03-28T05:01:07.438+0000] {taskinstance.py:441} INFO - ::group::Post task execution logs
[2026-03-28T05:01:07.498+0000] {taskinstance.py:1206} INFO - Marking task as SUCCESS. dag_id=transfer_from_minio_to_snowflake_accounts, task_id=create_raw, run_id=scheduled__2026-03-28T04:26:00+00:00, execution_date=20260328T042600, start_date=20260328T050101, end_date=20260328T050107
[2026-03-28T05:01:07.531+0000] {local_task_job_runner.py:243} INFO - Task exited with return code 0
[2026-03-28T05:01:07.558+0000] {taskinstance.py:3503} INFO - 1 downstream tasks scheduled from follow-on schedule check
[2026-03-28T05:01:07.558+0000] {local_task_job_runner.py:222} INFO - ::endgroup::
