[2026-03-25T15:41:15.130+0000] {local_task_job_runner.py:120} INFO - ::group::Pre task execution logs
[2026-03-25T15:41:15.146+0000] {taskinstance.py:2076} INFO - Dependencies all met for dep_context=non-requeueable deps ti=<TaskInstance: banking_01_bronze_layer.build_bronze_cust manual__2026-03-25T15:40:39.960623+00:00 [queued]>
[2026-03-25T15:41:15.150+0000] {taskinstance.py:2076} INFO - Dependencies all met for dep_context=requeueable deps ti=<TaskInstance: banking_01_bronze_layer.build_bronze_cust manual__2026-03-25T15:40:39.960623+00:00 [queued]>
[2026-03-25T15:41:15.150+0000] {taskinstance.py:2306} INFO - Starting attempt 1 of 2
[2026-03-25T15:41:15.156+0000] {taskinstance.py:2330} INFO - Executing <Task(BashOperator): build_bronze_cust> on 2026-03-25 15:40:39.960623+00:00
[2026-03-25T15:41:15.158+0000] {standard_task_runner.py:64} INFO - Started process 10464 to run task
[2026-03-25T15:41:15.160+0000] {standard_task_runner.py:90} INFO - Running: ['***', 'tasks', 'run', 'banking_01_bronze_layer', 'build_bronze_cust', 'manual__2026-03-25T15:40:39.960623+00:00', '--job-id', '1885', '--raw', '--subdir', 'DAGS_FOLDER/dbt.py', '--cfg-path', '/tmp/tmpilf1txyg']
[2026-03-25T15:41:15.161+0000] {standard_task_runner.py:91} INFO - Job 1885: Subtask build_bronze_cust
[2026-03-25T15:41:15.197+0000] {task_command.py:426} INFO - Running <TaskInstance: banking_01_bronze_layer.build_bronze_cust manual__2026-03-25T15:40:39.960623+00:00 [running]> on host c990dffe13ae
[2026-03-25T15:41:15.245+0000] {taskinstance.py:2648} INFO - Exporting env vars: AIRFLOW_CTX_DAG_OWNER='risheek' AIRFLOW_CTX_DAG_ID='banking_01_bronze_layer' AIRFLOW_CTX_TASK_ID='build_bronze_cust' AIRFLOW_CTX_EXECUTION_DATE='2026-03-25T15:40:39.960623+00:00' AIRFLOW_CTX_TRY_NUMBER='1' AIRFLOW_CTX_DAG_RUN_ID='manual__2026-03-25T15:40:39.960623+00:00'
[2026-03-25T15:41:15.246+0000] {taskinstance.py:430} INFO - ::endgroup::
[2026-03-25T15:41:15.247+0000] {subprocess.py:78} INFO - Tmp dir root location: /tmp
[2026-03-25T15:41:15.247+0000] {subprocess.py:88} INFO - Running command: ['/usr/bin/bash', '-c', 'dbt build --select bronze_cust']
[2026-03-25T15:41:15.251+0000] {subprocess.py:99} INFO - Output:
[2026-03-25T15:41:16.518+0000] {subprocess.py:106} INFO - [0m15:41:16  Running with dbt=1.11.7
[2026-03-25T15:41:17.054+0000] {subprocess.py:106} INFO - [0m15:41:17  Registered adapter: snowflake=1.11.3
[2026-03-25T15:41:17.188+0000] {subprocess.py:106} INFO - [0m15:41:17  [[33mWARNING[0m]: Configuration paths exist in your dbt_project.yml file which do not apply to any resources.
[2026-03-25T15:41:17.188+0000] {subprocess.py:106} INFO - There are 1 unused configuration paths:
[2026-03-25T15:41:17.189+0000] {subprocess.py:106} INFO - - models.trans_snowf.example
[2026-03-25T15:41:17.290+0000] {subprocess.py:106} INFO - [0m15:41:17  Found 14 models, 3 sources, 522 macros
[2026-03-25T15:41:17.291+0000] {subprocess.py:106} INFO - [0m15:41:17
[2026-03-25T15:41:17.292+0000] {subprocess.py:106} INFO - [0m15:41:17  Concurrency: 1 threads (target='dev')
[2026-03-25T15:41:17.292+0000] {subprocess.py:106} INFO - [0m15:41:17
[2026-03-25T15:41:18.496+0000] {subprocess.py:106} INFO - [0m15:41:18
[2026-03-25T15:41:18.498+0000] {subprocess.py:106} INFO - [0m15:41:18  Finished running  in 0 hours 0 minutes and 1.20 seconds (1.20s).
[2026-03-25T15:41:18.500+0000] {subprocess.py:106} INFO - [0m15:41:18  Encountered an error:
[2026-03-25T15:41:18.500+0000] {subprocess.py:106} INFO - Database Error
[2026-03-25T15:41:18.501+0000] {subprocess.py:106} INFO -   003001 (42501): SQL access control error:
[2026-03-25T15:41:18.502+0000] {subprocess.py:106} INFO -   Insufficient privileges to operate on database 'BANKING'.
[2026-03-25T15:41:22.365+0000] {subprocess.py:110} INFO - Command exited with return code 2
[2026-03-25T15:41:22.367+0000] {taskinstance.py:441} INFO - ::group::Post task execution logs
[2026-03-25T15:41:22.382+0000] {taskinstance.py:2905} ERROR - Task failed with exception
Traceback (most recent call last):
  File "/home/airflow/.local/lib/python3.12/site-packages/airflow/models/taskinstance.py", line 465, in _execute_task
    result = _execute_callable(context=context, **execute_callable_kwargs)
             ^^^^^^^^^^^^^^^^^^^^^^^^^^^^^^^^^^^^^^^^^^^^^^^^^^^^^^^^^^^^^
  File "/home/airflow/.local/lib/python3.12/site-packages/airflow/models/taskinstance.py", line 432, in _execute_callable
    return execute_callable(context=context, **execute_callable_kwargs)
           ^^^^^^^^^^^^^^^^^^^^^^^^^^^^^^^^^^^^^^^^^^^^^^^^^^^^^^^^^^^^
  File "/home/airflow/.local/lib/python3.12/site-packages/airflow/models/baseoperator.py", line 401, in wrapper
    return func(self, *args, **kwargs)
           ^^^^^^^^^^^^^^^^^^^^^^^^^^^
  File "/home/airflow/.local/lib/python3.12/site-packages/airflow/providers/standard/operators/bash.py", line 233, in execute
    raise AirflowException(
airflow.exceptions.AirflowException: Bash command failed. The command returned a non-zero exit code 2.
[2026-03-25T15:41:22.386+0000] {taskinstance.py:1206} INFO - Marking task as UP_FOR_RETRY. dag_id=banking_01_bronze_layer, task_id=build_bronze_cust, run_id=manual__2026-03-25T15:40:39.960623+00:00, execution_date=20260325T154039, start_date=20260325T154115, end_date=20260325T154122
[2026-03-25T15:41:22.399+0000] {standard_task_runner.py:110} ERROR - Failed to execute job 1885 for task build_bronze_cust (Bash command failed. The command returned a non-zero exit code 2.; 10464)
[2026-03-25T15:41:22.425+0000] {local_task_job_runner.py:243} INFO - Task exited with return code 1
[2026-03-25T15:41:22.441+0000] {taskinstance.py:3503} INFO - 0 downstream tasks scheduled from follow-on schedule check
[2026-03-25T15:41:22.441+0000] {local_task_job_runner.py:222} INFO - ::endgroup::
