[2026-04-04T05:26:04.458+0000] {local_task_job_runner.py:120} INFO - ::group::Pre task execution logs
[2026-04-04T05:26:04.473+0000] {taskinstance.py:2076} INFO - Dependencies all met for dep_context=non-requeueable deps ti=<TaskInstance: banking_01_silver_layer.build_silver_acc manual__2026-04-04T05:25:07.797971+00:00 [queued]>
[2026-04-04T05:26:04.476+0000] {taskinstance.py:2076} INFO - Dependencies all met for dep_context=requeueable deps ti=<TaskInstance: banking_01_silver_layer.build_silver_acc manual__2026-04-04T05:25:07.797971+00:00 [queued]>
[2026-04-04T05:26:04.476+0000] {taskinstance.py:2306} INFO - Starting attempt 1 of 2
[2026-04-04T05:26:04.482+0000] {taskinstance.py:2330} INFO - Executing <Task(BashOperator): build_silver_acc> on 2026-04-04 05:25:07.797971+00:00
[2026-04-04T05:26:04.484+0000] {standard_task_runner.py:64} INFO - Started process 212 to run task
[2026-04-04T05:26:04.486+0000] {standard_task_runner.py:90} INFO - Running: ['***', 'tasks', 'run', 'banking_01_silver_layer', 'build_silver_acc', 'manual__2026-04-04T05:25:07.797971+00:00', '--job-id', '9666', '--raw', '--subdir', 'DAGS_FOLDER/dbt.py', '--cfg-path', '/tmp/tmprqagbvxz']
[2026-04-04T05:26:04.487+0000] {standard_task_runner.py:91} INFO - Job 9666: Subtask build_silver_acc
[2026-04-04T05:26:04.521+0000] {task_command.py:426} INFO - Running <TaskInstance: banking_01_silver_layer.build_silver_acc manual__2026-04-04T05:25:07.797971+00:00 [running]> on host c990dffe13ae
[2026-04-04T05:26:04.563+0000] {taskinstance.py:2648} INFO - Exporting env vars: AIRFLOW_CTX_DAG_OWNER='risheek' AIRFLOW_CTX_DAG_ID='banking_01_silver_layer' AIRFLOW_CTX_TASK_ID='build_silver_acc' AIRFLOW_CTX_EXECUTION_DATE='2026-04-04T05:25:07.797971+00:00' AIRFLOW_CTX_TRY_NUMBER='1' AIRFLOW_CTX_DAG_RUN_ID='manual__2026-04-04T05:25:07.797971+00:00'
[2026-04-04T05:26:04.563+0000] {taskinstance.py:430} INFO - ::endgroup::
[2026-04-04T05:26:04.564+0000] {subprocess.py:78} INFO - Tmp dir root location: /tmp
[2026-04-04T05:26:04.564+0000] {subprocess.py:88} INFO - Running command: ['/usr/bin/bash', '-c', 'dbt build --select silver_acc']
[2026-04-04T05:26:04.568+0000] {subprocess.py:99} INFO - Output:
[2026-04-04T05:26:05.767+0000] {subprocess.py:106} INFO - [0m05:26:05  Running with dbt=1.11.7
[2026-04-04T05:26:06.256+0000] {subprocess.py:106} INFO - [0m05:26:06  Registered adapter: snowflake=1.11.3
[2026-04-04T05:26:06.394+0000] {subprocess.py:106} INFO - [0m05:26:06  [[33mWARNING[0m]: Configuration paths exist in your dbt_project.yml file which do not apply to any resources.
[2026-04-04T05:26:06.394+0000] {subprocess.py:106} INFO - There are 1 unused configuration paths:
[2026-04-04T05:26:06.394+0000] {subprocess.py:106} INFO - - models.trans_snowf.example
[2026-04-04T05:26:06.495+0000] {subprocess.py:106} INFO - [0m05:26:06  Found 14 models, 9 sources, 524 macros
[2026-04-04T05:26:06.496+0000] {subprocess.py:106} INFO - [0m05:26:06
[2026-04-04T05:26:06.496+0000] {subprocess.py:106} INFO - [0m05:26:06  Concurrency: 1 threads (target='dev')
[2026-04-04T05:26:06.497+0000] {subprocess.py:106} INFO - [0m05:26:06
[2026-04-04T05:26:08.748+0000] {subprocess.py:106} INFO - [0m05:26:08  1 of 1 START sql incremental model PUBLIC_SILVER.silver_acc .................... [RUN]
[2026-04-04T05:26:10.508+0000] {subprocess.py:106} INFO - [0m05:26:10  1 of 1 OK created sql incremental model PUBLIC_SILVER.silver_acc ............... [[32mSUCCESS 50[0m in 1.75s]
[2026-04-04T05:26:11.197+0000] {subprocess.py:106} INFO - [0m05:26:11
[2026-04-04T05:26:11.199+0000] {subprocess.py:106} INFO - [0m05:26:11  Finished running 1 incremental model in 0 hours 0 minutes and 4.70 seconds (4.70s).
[2026-04-04T05:26:11.270+0000] {subprocess.py:106} INFO - [0m05:26:11
[2026-04-04T05:26:11.271+0000] {subprocess.py:106} INFO - [0m05:26:11  [32mCompleted successfully[0m
[2026-04-04T05:26:11.271+0000] {subprocess.py:106} INFO - [0m05:26:11
[2026-04-04T05:26:11.271+0000] {subprocess.py:106} INFO - [0m05:26:11  Done. PASS=1 WARN=0 ERROR=0 SKIP=0 NO-OP=0 TOTAL=1
[2026-04-04T05:26:12.769+0000] {subprocess.py:110} INFO - Command exited with return code 0
[2026-04-04T05:26:12.770+0000] {taskinstance.py:441} INFO - ::group::Post task execution logs
[2026-04-04T05:26:12.802+0000] {taskinstance.py:1206} INFO - Marking task as SUCCESS. dag_id=banking_01_silver_layer, task_id=build_silver_acc, run_id=manual__2026-04-04T05:25:07.797971+00:00, execution_date=20260404T052507, start_date=20260404T052604, end_date=20260404T052612
[2026-04-04T05:26:12.835+0000] {local_task_job_runner.py:243} INFO - Task exited with return code 0
[2026-04-04T05:26:12.848+0000] {taskinstance.py:3503} INFO - 0 downstream tasks scheduled from follow-on schedule check
[2026-04-04T05:26:12.849+0000] {local_task_job_runner.py:222} INFO - ::endgroup::
