[2026-03-28T03:59:21.878+0000] {local_task_job_runner.py:120} INFO - ::group::Pre task execution logs
[2026-03-28T03:59:21.896+0000] {taskinstance.py:2076} INFO - Dependencies all met for dep_context=non-requeueable deps ti=<TaskInstance: transfer_from_minio_to_snowflake_accounts.create_stage scheduled__2026-03-28T03:58:00+00:00 [queued]>
[2026-03-28T03:59:21.900+0000] {taskinstance.py:2076} INFO - Dependencies all met for dep_context=requeueable deps ti=<TaskInstance: transfer_from_minio_to_snowflake_accounts.create_stage scheduled__2026-03-28T03:58:00+00:00 [queued]>
[2026-03-28T03:59:21.900+0000] {taskinstance.py:2306} INFO - Starting attempt 1 of 3
[2026-03-28T03:59:21.906+0000] {taskinstance.py:2330} INFO - Executing <Task(SQLExecuteQueryOperator): create_stage> on 2026-03-28 03:58:00+00:00
[2026-03-28T03:59:21.914+0000] {logging_mixin.py:188} WARNING - /home/***/.local/lib/python3.12/site-packages/***/task/task_runner/standard_task_runner.py:62 DeprecationWarning: This process (pid=49461) is multi-threaded, use of fork() may lead to deadlocks in the child.
[2026-03-28T03:59:21.912+0000] {standard_task_runner.py:90} INFO - Running: ['***', 'tasks', 'run', 'transfer_from_minio_to_snowflake_accounts', 'create_stage', 'scheduled__2026-03-28T03:58:00+00:00', '--job-id', '5989', '--raw', '--subdir', 'DAGS_FOLDER/transfer.py', '--cfg-path', '/tmp/tmpvfxzxo_1']
[2026-03-28T03:59:21.915+0000] {standard_task_runner.py:91} INFO - Job 5989: Subtask create_stage
[2026-03-28T03:59:21.914+0000] {standard_task_runner.py:64} INFO - Started process 49473 to run task
[2026-03-28T03:59:21.947+0000] {task_command.py:426} INFO - Running <TaskInstance: transfer_from_minio_to_snowflake_accounts.create_stage scheduled__2026-03-28T03:58:00+00:00 [running]> on host c990dffe13ae
[2026-03-28T03:59:22.125+0000] {taskinstance.py:2648} INFO - Exporting env vars: AIRFLOW_CTX_DAG_OWNER='***' AIRFLOW_CTX_DAG_ID='transfer_from_minio_to_snowflake_accounts' AIRFLOW_CTX_TASK_ID='create_stage' AIRFLOW_CTX_EXECUTION_DATE='2026-03-28T03:58:00+00:00' AIRFLOW_CTX_TRY_NUMBER='1' AIRFLOW_CTX_DAG_RUN_ID='scheduled__2026-03-28T03:58:00+00:00'
[2026-03-28T03:59:22.125+0000] {taskinstance.py:430} INFO - ::endgroup::
[2026-03-28T03:59:22.125+0000] {sql.py:282} INFO - Executing:  CREATE STAGE IF NOT EXISTS incoming  
                 URL = 's3://de-project-banking-pipeline-dev-2/accounts'
                 STORAGE_INTEGRATION = my_s3_integration
                 FILE_FORMAT = (TYPE = 'JSON'); 
[2026-03-28T03:59:22.131+0000] {base.py:84} INFO - Using connection ID 'warehouse_id' for task execution.
[2026-03-28T03:59:22.163+0000] {base.py:84} INFO - Using connection ID 'warehouse_id' for task execution.
[2026-03-28T03:59:22.201+0000] {connection.py:613} INFO - Snowflake Connector for Python Version: 4.3.0, Python Version: 3.12.4, Platform: Linux-6.12.76-linuxkit-aarch64-with-glibc2.36
[2026-03-28T03:59:22.201+0000] {connection.py:1709} INFO - Connecting to GLOBAL Snowflake domain
[2026-03-28T03:59:22.945+0000] {sql.py:495} INFO - Running statement: CREATE STAGE IF NOT EXISTS incoming  
                 URL = 's3://de-project-banking-pipeline-dev-2/accounts'
                 STORAGE_INTEGRATION = my_s3_integration
                 FILE_FORMAT = (TYPE = 'JSON');, parameters: None
[2026-03-28T03:59:23.109+0000] {sql.py:504} INFO - Rows affected: 1
[2026-03-28T03:59:23.112+0000] {snowflake.py:422} INFO - Rows affected: 1
[2026-03-28T03:59:23.112+0000] {snowflake.py:423} INFO - Snowflake query id: 01c3526f-3202-8315-0014-90e60004f47a
[2026-03-28T03:59:23.414+0000] {taskinstance.py:441} INFO - ::group::Post task execution logs
[2026-03-28T03:59:23.454+0000] {taskinstance.py:1206} INFO - Marking task as SUCCESS. dag_id=transfer_from_minio_to_snowflake_accounts, task_id=create_stage, run_id=scheduled__2026-03-28T03:58:00+00:00, execution_date=20260328T035800, start_date=20260328T035921, end_date=20260328T035923
[2026-03-28T03:59:23.508+0000] {local_task_job_runner.py:243} INFO - Task exited with return code 0
[2026-03-28T03:59:23.535+0000] {taskinstance.py:3503} INFO - 1 downstream tasks scheduled from follow-on schedule check
[2026-03-28T03:59:23.536+0000] {local_task_job_runner.py:222} INFO - ::endgroup::
