[2026-03-29T00:16:54.395+0000] {local_task_job_runner.py:120} INFO - ::group::Pre task execution logs
[2026-03-29T00:16:54.412+0000] {taskinstance.py:2076} INFO - Dependencies all met for dep_context=non-requeueable deps ti=<TaskInstance: banking_01_bronze_layer.debug scheduled__2026-03-28T23:30:00+00:00 [queued]>
[2026-03-29T00:16:54.416+0000] {taskinstance.py:2076} INFO - Dependencies all met for dep_context=requeueable deps ti=<TaskInstance: banking_01_bronze_layer.debug scheduled__2026-03-28T23:30:00+00:00 [queued]>
[2026-03-29T00:16:54.416+0000] {taskinstance.py:2306} INFO - Starting attempt 2 of 2
[2026-03-29T00:16:54.423+0000] {taskinstance.py:2330} INFO - Executing <Task(BashOperator): debug> on 2026-03-28 23:30:00+00:00
[2026-03-29T00:16:54.425+0000] {standard_task_runner.py:64} INFO - Started process 14693 to run task
[2026-03-29T00:16:54.427+0000] {standard_task_runner.py:90} INFO - Running: ['***', 'tasks', 'run', 'banking_01_bronze_layer', 'debug', 'scheduled__2026-03-28T23:30:00+00:00', '--job-id', '7028', '--raw', '--subdir', 'DAGS_FOLDER/dbt.py', '--cfg-path', '/tmp/tmpfu_q48bf']
[2026-03-29T00:16:54.428+0000] {standard_task_runner.py:91} INFO - Job 7028: Subtask debug
[2026-03-29T00:16:54.461+0000] {task_command.py:426} INFO - Running <TaskInstance: banking_01_bronze_layer.debug scheduled__2026-03-28T23:30:00+00:00 [running]> on host c990dffe13ae
[2026-03-29T00:16:54.514+0000] {taskinstance.py:2648} INFO - Exporting env vars: AIRFLOW_CTX_DAG_OWNER='risheek' AIRFLOW_CTX_DAG_ID='banking_01_bronze_layer' AIRFLOW_CTX_TASK_ID='debug' AIRFLOW_CTX_EXECUTION_DATE='2026-03-28T23:30:00+00:00' AIRFLOW_CTX_TRY_NUMBER='2' AIRFLOW_CTX_DAG_RUN_ID='scheduled__2026-03-28T23:30:00+00:00'
[2026-03-29T00:16:54.515+0000] {taskinstance.py:430} INFO - ::endgroup::
[2026-03-29T00:16:54.515+0000] {subprocess.py:78} INFO - Tmp dir root location: /tmp
[2026-03-29T00:16:54.516+0000] {subprocess.py:88} INFO - Running command: ['/usr/bin/bash', '-c', 'dbt debug --profiles-dir /opt/***/dbt/trans_snowf']
[2026-03-29T00:16:54.520+0000] {subprocess.py:99} INFO - Output:
[2026-03-29T00:16:55.883+0000] {subprocess.py:106} INFO - [0m00:16:55  Running with dbt=1.11.7
[2026-03-29T00:16:55.890+0000] {subprocess.py:106} INFO - [0m00:16:55  dbt version: 1.11.7
[2026-03-29T00:16:55.890+0000] {subprocess.py:106} INFO - [0m00:16:55  python version: 3.12.4
[2026-03-29T00:16:55.891+0000] {subprocess.py:106} INFO - [0m00:16:55  python path: /home/***/.local/bin/python
[2026-03-29T00:16:55.891+0000] {subprocess.py:106} INFO - [0m00:16:55  os info: Linux-6.12.76-linuxkit-aarch64-with-glibc2.36
[2026-03-29T00:16:56.343+0000] {subprocess.py:106} INFO - [0m00:16:56  Using profiles dir at /opt/***/dbt/trans_snowf
[2026-03-29T00:16:56.343+0000] {subprocess.py:106} INFO - [0m00:16:56  Using profiles.yml file at /opt/***/dbt/trans_snowf/profiles.yml
[2026-03-29T00:16:56.344+0000] {subprocess.py:106} INFO - [0m00:16:56  Using dbt_project.yml file at /opt/***/dbt/trans_snowf/dbt_project.yml
[2026-03-29T00:16:56.344+0000] {subprocess.py:106} INFO - [0m00:16:56  adapter type: snowflake
[2026-03-29T00:16:56.345+0000] {subprocess.py:106} INFO - [0m00:16:56  adapter version: 1.11.3
[2026-03-29T00:16:56.413+0000] {subprocess.py:106} INFO - [0m00:16:56  Configuration:
[2026-03-29T00:16:56.414+0000] {subprocess.py:106} INFO - [0m00:16:56    profiles.yml file [[32mOK found and valid[0m]
[2026-03-29T00:16:56.414+0000] {subprocess.py:106} INFO - [0m00:16:56    dbt_project.yml file [[32mOK found and valid[0m]
[2026-03-29T00:16:56.414+0000] {subprocess.py:106} INFO - [0m00:16:56  Required dependencies:
[2026-03-29T00:16:56.415+0000] {subprocess.py:106} INFO - [0m00:16:56   - git [[31mERROR[0m]
[2026-03-29T00:16:56.416+0000] {subprocess.py:106} INFO - 
[2026-03-29T00:16:56.416+0000] {subprocess.py:106} INFO - [0m00:16:56  Connection:
[2026-03-29T00:16:56.416+0000] {subprocess.py:106} INFO - [0m00:16:56    account: BBMCDSP-CT02489
[2026-03-29T00:16:56.417+0000] {subprocess.py:106} INFO - [0m00:16:56    user: user123
[2026-03-29T00:16:56.417+0000] {subprocess.py:106} INFO - [0m00:16:56    database: BANKING
[2026-03-29T00:16:56.417+0000] {subprocess.py:106} INFO - [0m00:16:56    warehouse: COMPUTE_WH
[2026-03-29T00:16:56.417+0000] {subprocess.py:106} INFO - [0m00:16:56    role: dbtadmin
[2026-03-29T00:16:56.418+0000] {subprocess.py:106} INFO - [0m00:16:56    schema: PUBLIC
[2026-03-29T00:16:56.418+0000] {subprocess.py:106} INFO - [0m00:16:56    authenticator: None
[2026-03-29T00:16:56.419+0000] {subprocess.py:106} INFO - [0m00:16:56    oauth_client_id: None
[2026-03-29T00:16:56.419+0000] {subprocess.py:106} INFO - [0m00:16:56    query_tag: None
[2026-03-29T00:16:56.419+0000] {subprocess.py:106} INFO - [0m00:16:56    client_session_keep_alive: False
[2026-03-29T00:16:56.419+0000] {subprocess.py:106} INFO - [0m00:16:56    host: None
[2026-03-29T00:16:56.420+0000] {subprocess.py:106} INFO - [0m00:16:56    port: None
[2026-03-29T00:16:56.420+0000] {subprocess.py:106} INFO - [0m00:16:56    proxy_host: None
[2026-03-29T00:16:56.420+0000] {subprocess.py:106} INFO - [0m00:16:56    proxy_port: None
[2026-03-29T00:16:56.421+0000] {subprocess.py:106} INFO - [0m00:16:56    protocol: None
[2026-03-29T00:16:56.421+0000] {subprocess.py:106} INFO - [0m00:16:56    connect_retries: 1
[2026-03-29T00:16:56.421+0000] {subprocess.py:106} INFO - [0m00:16:56    connect_timeout: None
[2026-03-29T00:16:56.422+0000] {subprocess.py:106} INFO - [0m00:16:56    retry_on_database_errors: False
[2026-03-29T00:16:56.422+0000] {subprocess.py:106} INFO - [0m00:16:56    retry_all: False
[2026-03-29T00:16:56.422+0000] {subprocess.py:106} INFO - [0m00:16:56    insecure_mode: False
[2026-03-29T00:16:56.423+0000] {subprocess.py:106} INFO - [0m00:16:56    reuse_connections: True
[2026-03-29T00:16:56.423+0000] {subprocess.py:106} INFO - [0m00:16:56    s3_stage_vpce_dns_name: None
[2026-03-29T00:16:56.423+0000] {subprocess.py:106} INFO - [0m00:16:56    platform_detection_timeout_seconds: 0.0
[2026-03-29T00:16:56.424+0000] {subprocess.py:106} INFO - [0m00:16:56  Registered adapter: snowflake=1.11.3
[2026-03-29T00:18:13.197+0000] {subprocess.py:106} INFO - [0m00:18:13    Connection test: [[32mOK connection ok[0m]
[2026-03-29T00:18:13.212+0000] {subprocess.py:106} INFO - 
[2026-03-29T00:18:13.213+0000] {subprocess.py:106} INFO - [0m00:18:13  [31m1 check failed:[0m
[2026-03-29T00:18:13.213+0000] {subprocess.py:106} INFO - [0m00:18:13  Error from git --help: Could not find command, ensure it is in the user's PATH: "git"
[2026-03-29T00:18:13.214+0000] {subprocess.py:106} INFO - 
[2026-03-29T00:18:19.700+0000] {subprocess.py:110} INFO - Command exited with return code 1
[2026-03-29T00:18:19.701+0000] {taskinstance.py:441} INFO - ::group::Post task execution logs
[2026-03-29T00:18:19.723+0000] {taskinstance.py:2905} ERROR - Task failed with exception
Traceback (most recent call last):
  File "/home/airflow/.local/lib/python3.12/site-packages/airflow/models/taskinstance.py", line 465, in _execute_task
    result = _execute_callable(context=context, **execute_callable_kwargs)
             ^^^^^^^^^^^^^^^^^^^^^^^^^^^^^^^^^^^^^^^^^^^^^^^^^^^^^^^^^^^^^
  File "/home/airflow/.local/lib/python3.12/site-packages/airflow/models/taskinstance.py", line 432, in _execute_callable
    return execute_callable(context=context, **execute_callable_kwargs)
           ^^^^^^^^^^^^^^^^^^^^^^^^^^^^^^^^^^^^^^^^^^^^^^^^^^^^^^^^^^^^
  File "/home/airflow/.local/lib/python3.12/site-packages/airflow/models/baseoperator.py", line 401, in wrapper
    return func(self, *args, **kwargs)
           ^^^^^^^^^^^^^^^^^^^^^^^^^^^
  File "/home/airflow/.local/lib/python3.12/site-packages/airflow/providers/standard/operators/bash.py", line 233, in execute
    raise AirflowException(
airflow.exceptions.AirflowException: Bash command failed. The command returned a non-zero exit code 1.
[2026-03-29T00:18:19.733+0000] {taskinstance.py:1206} INFO - Marking task as FAILED. dag_id=banking_01_bronze_layer, task_id=debug, run_id=scheduled__2026-03-28T23:30:00+00:00, execution_date=20260328T233000, start_date=20260329T001654, end_date=20260329T001819
[2026-03-29T00:18:19.751+0000] {standard_task_runner.py:110} ERROR - Failed to execute job 7028 for task debug (Bash command failed. The command returned a non-zero exit code 1.; 14693)
[2026-03-29T00:18:19.767+0000] {local_task_job_runner.py:243} INFO - Task exited with return code 1
[2026-03-29T00:18:19.783+0000] {taskinstance.py:3503} INFO - 0 downstream tasks scheduled from follow-on schedule check
[2026-03-29T00:18:19.783+0000] {local_task_job_runner.py:222} INFO - ::endgroup::
