[2026-03-28T04:05:28.288+0000] {local_task_job_runner.py:120} INFO - ::group::Pre task execution logs
[2026-03-28T04:05:28.303+0000] {taskinstance.py:2076} INFO - Dependencies all met for dep_context=non-requeueable deps ti=<TaskInstance: banking_01_bronze_layer.debug scheduled__2026-03-28T03:30:00+00:00 [queued]>
[2026-03-28T04:05:28.306+0000] {taskinstance.py:2076} INFO - Dependencies all met for dep_context=requeueable deps ti=<TaskInstance: banking_01_bronze_layer.debug scheduled__2026-03-28T03:30:00+00:00 [queued]>
[2026-03-28T04:05:28.306+0000] {taskinstance.py:2306} INFO - Starting attempt 2 of 2
[2026-03-28T04:05:28.312+0000] {taskinstance.py:2330} INFO - Executing <Task(BashOperator): debug> on 2026-03-28 03:30:00+00:00
[2026-03-28T04:05:28.314+0000] {standard_task_runner.py:64} INFO - Started process 50635 to run task
[2026-03-28T04:05:28.316+0000] {standard_task_runner.py:90} INFO - Running: ['***', 'tasks', 'run', 'banking_01_bronze_layer', 'debug', 'scheduled__2026-03-28T03:30:00+00:00', '--job-id', '6049', '--raw', '--subdir', 'DAGS_FOLDER/dbt.py', '--cfg-path', '/tmp/tmpy6lq751g']
[2026-03-28T04:05:28.317+0000] {standard_task_runner.py:91} INFO - Job 6049: Subtask debug
[2026-03-28T04:05:28.342+0000] {task_command.py:426} INFO - Running <TaskInstance: banking_01_bronze_layer.debug scheduled__2026-03-28T03:30:00+00:00 [running]> on host c990dffe13ae
[2026-03-28T04:05:28.385+0000] {taskinstance.py:2648} INFO - Exporting env vars: AIRFLOW_CTX_DAG_OWNER='risheek' AIRFLOW_CTX_DAG_ID='banking_01_bronze_layer' AIRFLOW_CTX_TASK_ID='debug' AIRFLOW_CTX_EXECUTION_DATE='2026-03-28T03:30:00+00:00' AIRFLOW_CTX_TRY_NUMBER='2' AIRFLOW_CTX_DAG_RUN_ID='scheduled__2026-03-28T03:30:00+00:00'
[2026-03-28T04:05:28.386+0000] {taskinstance.py:430} INFO - ::endgroup::
[2026-03-28T04:05:28.386+0000] {subprocess.py:78} INFO - Tmp dir root location: /tmp
[2026-03-28T04:05:28.387+0000] {subprocess.py:88} INFO - Running command: ['/usr/bin/bash', '-c', 'dbt debug --profiles-dir /opt/***/dbt/trans_snowf']
[2026-03-28T04:05:28.390+0000] {subprocess.py:99} INFO - Output:
[2026-03-28T04:05:29.657+0000] {subprocess.py:106} INFO - [0m04:05:29  Running with dbt=1.11.7
[2026-03-28T04:05:29.663+0000] {subprocess.py:106} INFO - [0m04:05:29  dbt version: 1.11.7
[2026-03-28T04:05:29.663+0000] {subprocess.py:106} INFO - [0m04:05:29  python version: 3.12.4
[2026-03-28T04:05:29.664+0000] {subprocess.py:106} INFO - [0m04:05:29  python path: /home/***/.local/bin/python
[2026-03-28T04:05:29.664+0000] {subprocess.py:106} INFO - [0m04:05:29  os info: Linux-6.12.76-linuxkit-aarch64-with-glibc2.36
[2026-03-28T04:05:30.077+0000] {subprocess.py:106} INFO - [0m04:05:30  Using profiles dir at /opt/***/dbt/trans_snowf
[2026-03-28T04:05:30.078+0000] {subprocess.py:106} INFO - [0m04:05:30  Using profiles.yml file at /opt/***/dbt/trans_snowf/profiles.yml
[2026-03-28T04:05:30.079+0000] {subprocess.py:106} INFO - [0m04:05:30  Using dbt_project.yml file at /opt/***/dbt/trans_snowf/dbt_project.yml
[2026-03-28T04:05:30.079+0000] {subprocess.py:106} INFO - [0m04:05:30  adapter type: snowflake
[2026-03-28T04:05:30.080+0000] {subprocess.py:106} INFO - [0m04:05:30  adapter version: 1.11.3
[2026-03-28T04:05:30.132+0000] {subprocess.py:106} INFO - [0m04:05:30  Configuration:
[2026-03-28T04:05:30.133+0000] {subprocess.py:106} INFO - [0m04:05:30    profiles.yml file [[32mOK found and valid[0m]
[2026-03-28T04:05:30.133+0000] {subprocess.py:106} INFO - [0m04:05:30    dbt_project.yml file [[32mOK found and valid[0m]
[2026-03-28T04:05:30.133+0000] {subprocess.py:106} INFO - [0m04:05:30  Required dependencies:
[2026-03-28T04:05:30.134+0000] {subprocess.py:106} INFO - [0m04:05:30   - git [[31mERROR[0m]
[2026-03-28T04:05:30.135+0000] {subprocess.py:106} INFO - 
[2026-03-28T04:05:30.135+0000] {subprocess.py:106} INFO - [0m04:05:30  Connection:
[2026-03-28T04:05:30.135+0000] {subprocess.py:106} INFO - [0m04:05:30    account: BBMCDSP-CT02489
[2026-03-28T04:05:30.136+0000] {subprocess.py:106} INFO - [0m04:05:30    user: user123
[2026-03-28T04:05:30.136+0000] {subprocess.py:106} INFO - [0m04:05:30    database: BANKING
[2026-03-28T04:05:30.136+0000] {subprocess.py:106} INFO - [0m04:05:30    warehouse: COMPUTE_WH
[2026-03-28T04:05:30.137+0000] {subprocess.py:106} INFO - [0m04:05:30    role: dbtadmin
[2026-03-28T04:05:30.137+0000] {subprocess.py:106} INFO - [0m04:05:30    schema: PUBLIC
[2026-03-28T04:05:30.137+0000] {subprocess.py:106} INFO - [0m04:05:30    authenticator: None
[2026-03-28T04:05:30.137+0000] {subprocess.py:106} INFO - [0m04:05:30    oauth_client_id: None
[2026-03-28T04:05:30.138+0000] {subprocess.py:106} INFO - [0m04:05:30    query_tag: None
[2026-03-28T04:05:30.138+0000] {subprocess.py:106} INFO - [0m04:05:30    client_session_keep_alive: False
[2026-03-28T04:05:30.138+0000] {subprocess.py:106} INFO - [0m04:05:30    host: None
[2026-03-28T04:05:30.139+0000] {subprocess.py:106} INFO - [0m04:05:30    port: None
[2026-03-28T04:05:30.139+0000] {subprocess.py:106} INFO - [0m04:05:30    proxy_host: None
[2026-03-28T04:05:30.139+0000] {subprocess.py:106} INFO - [0m04:05:30    proxy_port: None
[2026-03-28T04:05:30.140+0000] {subprocess.py:106} INFO - [0m04:05:30    protocol: None
[2026-03-28T04:05:30.140+0000] {subprocess.py:106} INFO - [0m04:05:30    connect_retries: 1
[2026-03-28T04:05:30.140+0000] {subprocess.py:106} INFO - [0m04:05:30    connect_timeout: None
[2026-03-28T04:05:30.141+0000] {subprocess.py:106} INFO - [0m04:05:30    retry_on_database_errors: False
[2026-03-28T04:05:30.141+0000] {subprocess.py:106} INFO - [0m04:05:30    retry_all: False
[2026-03-28T04:05:30.141+0000] {subprocess.py:106} INFO - [0m04:05:30    insecure_mode: False
[2026-03-28T04:05:30.142+0000] {subprocess.py:106} INFO - [0m04:05:30    reuse_connections: True
[2026-03-28T04:05:30.142+0000] {subprocess.py:106} INFO - [0m04:05:30    s3_stage_vpce_dns_name: None
[2026-03-28T04:05:30.142+0000] {subprocess.py:106} INFO - [0m04:05:30    platform_detection_timeout_seconds: 0.0
[2026-03-28T04:05:30.143+0000] {subprocess.py:106} INFO - [0m04:05:30  Registered adapter: snowflake=1.11.3
[2026-03-28T04:05:31.332+0000] {subprocess.py:106} INFO - [0m04:05:31    Connection test: [[32mOK connection ok[0m]
[2026-03-28T04:05:31.334+0000] {subprocess.py:106} INFO - 
[2026-03-28T04:05:31.335+0000] {subprocess.py:106} INFO - [0m04:05:31  [31m1 check failed:[0m
[2026-03-28T04:05:31.336+0000] {subprocess.py:106} INFO - [0m04:05:31  Error from git --help: Could not find command, ensure it is in the user's PATH: "git"
[2026-03-28T04:05:31.337+0000] {subprocess.py:106} INFO - 
[2026-03-28T04:05:33.424+0000] {subprocess.py:110} INFO - Command exited with return code 1
[2026-03-28T04:05:33.425+0000] {taskinstance.py:441} INFO - ::group::Post task execution logs
[2026-03-28T04:05:33.442+0000] {taskinstance.py:2905} ERROR - Task failed with exception
Traceback (most recent call last):
  File "/home/airflow/.local/lib/python3.12/site-packages/airflow/models/taskinstance.py", line 465, in _execute_task
    result = _execute_callable(context=context, **execute_callable_kwargs)
             ^^^^^^^^^^^^^^^^^^^^^^^^^^^^^^^^^^^^^^^^^^^^^^^^^^^^^^^^^^^^^
  File "/home/airflow/.local/lib/python3.12/site-packages/airflow/models/taskinstance.py", line 432, in _execute_callable
    return execute_callable(context=context, **execute_callable_kwargs)
           ^^^^^^^^^^^^^^^^^^^^^^^^^^^^^^^^^^^^^^^^^^^^^^^^^^^^^^^^^^^^
  File "/home/airflow/.local/lib/python3.12/site-packages/airflow/models/baseoperator.py", line 401, in wrapper
    return func(self, *args, **kwargs)
           ^^^^^^^^^^^^^^^^^^^^^^^^^^^
  File "/home/airflow/.local/lib/python3.12/site-packages/airflow/providers/standard/operators/bash.py", line 233, in execute
    raise AirflowException(
airflow.exceptions.AirflowException: Bash command failed. The command returned a non-zero exit code 1.
[2026-03-28T04:05:33.447+0000] {taskinstance.py:1206} INFO - Marking task as FAILED. dag_id=banking_01_bronze_layer, task_id=debug, run_id=scheduled__2026-03-28T03:30:00+00:00, execution_date=20260328T033000, start_date=20260328T040528, end_date=20260328T040533
[2026-03-28T04:05:33.459+0000] {standard_task_runner.py:110} ERROR - Failed to execute job 6049 for task debug (Bash command failed. The command returned a non-zero exit code 1.; 50635)
[2026-03-28T04:05:33.467+0000] {local_task_job_runner.py:243} INFO - Task exited with return code 1
[2026-03-28T04:05:33.484+0000] {taskinstance.py:3503} INFO - 0 downstream tasks scheduled from follow-on schedule check
[2026-03-28T04:05:33.485+0000] {local_task_job_runner.py:222} INFO - ::endgroup::
