[2026-03-28T21:42:55.646+0000] {local_task_job_runner.py:120} INFO - ::group::Pre task execution logs
[2026-03-28T21:42:55.660+0000] {taskinstance.py:2076} INFO - Dependencies all met for dep_context=non-requeueable deps ti=<TaskInstance: banking_01_bronze_layer.build_bronze_cust scheduled__2026-03-28T21:00:00+00:00 [queued]>
[2026-03-28T21:42:55.663+0000] {taskinstance.py:2076} INFO - Dependencies all met for dep_context=requeueable deps ti=<TaskInstance: banking_01_bronze_layer.build_bronze_cust scheduled__2026-03-28T21:00:00+00:00 [queued]>
[2026-03-28T21:42:55.663+0000] {taskinstance.py:2306} INFO - Starting attempt 2 of 2
[2026-03-28T21:42:55.668+0000] {taskinstance.py:2330} INFO - Executing <Task(BashOperator): build_bronze_cust> on 2026-03-28 21:00:00+00:00
[2026-03-28T21:42:55.670+0000] {standard_task_runner.py:64} INFO - Started process 13586 to run task
[2026-03-28T21:42:55.672+0000] {standard_task_runner.py:90} INFO - Running: ['***', 'tasks', 'run', 'banking_01_bronze_layer', 'build_bronze_cust', 'scheduled__2026-03-28T21:00:00+00:00', '--job-id', '6987', '--raw', '--subdir', 'DAGS_FOLDER/dbt.py', '--cfg-path', '/tmp/tmpjzgbowum']
[2026-03-28T21:42:55.673+0000] {standard_task_runner.py:91} INFO - Job 6987: Subtask build_bronze_cust
[2026-03-28T21:42:55.697+0000] {task_command.py:426} INFO - Running <TaskInstance: banking_01_bronze_layer.build_bronze_cust scheduled__2026-03-28T21:00:00+00:00 [running]> on host c990dffe13ae
[2026-03-28T21:42:55.736+0000] {taskinstance.py:2648} INFO - Exporting env vars: AIRFLOW_CTX_DAG_OWNER='risheek' AIRFLOW_CTX_DAG_ID='banking_01_bronze_layer' AIRFLOW_CTX_TASK_ID='build_bronze_cust' AIRFLOW_CTX_EXECUTION_DATE='2026-03-28T21:00:00+00:00' AIRFLOW_CTX_TRY_NUMBER='2' AIRFLOW_CTX_DAG_RUN_ID='scheduled__2026-03-28T21:00:00+00:00'
[2026-03-28T21:42:55.736+0000] {taskinstance.py:430} INFO - ::endgroup::
[2026-03-28T21:42:55.737+0000] {subprocess.py:78} INFO - Tmp dir root location: /tmp
[2026-03-28T21:42:55.737+0000] {subprocess.py:88} INFO - Running command: ['/usr/bin/bash', '-c', 'dbt build --select bronze_cust']
[2026-03-28T21:42:55.740+0000] {subprocess.py:99} INFO - Output:
[2026-03-28T21:42:56.981+0000] {subprocess.py:106} INFO - [0m21:42:56  Running with dbt=1.11.7
[2026-03-28T21:42:57.417+0000] {subprocess.py:106} INFO - [0m21:42:57  Registered adapter: snowflake=1.11.3
[2026-03-28T21:42:57.547+0000] {subprocess.py:106} INFO - [0m21:42:57  [[33mWARNING[0m]: Configuration paths exist in your dbt_project.yml file which do not apply to any resources.
[2026-03-28T21:42:57.547+0000] {subprocess.py:106} INFO - There are 1 unused configuration paths:
[2026-03-28T21:42:57.547+0000] {subprocess.py:106} INFO - - models.trans_snowf.example
[2026-03-28T21:42:57.647+0000] {subprocess.py:106} INFO - [0m21:42:57  Found 14 models, 3 sources, 522 macros
[2026-03-28T21:42:57.648+0000] {subprocess.py:106} INFO - [0m21:42:57
[2026-03-28T21:42:57.648+0000] {subprocess.py:106} INFO - [0m21:42:57  Concurrency: 1 threads (target='dev')
[2026-03-28T21:42:57.649+0000] {subprocess.py:106} INFO - [0m21:42:57
[2026-03-28T21:42:59.340+0000] {subprocess.py:106} INFO - [0m21:42:59  1 of 1 START sql incremental model PUBLIC_BRONZE.bronze_cust ................... [RUN]
[2026-03-28T21:42:59.574+0000] {subprocess.py:106} INFO - [0m21:42:59  1 of 1 ERROR creating sql incremental model PUBLIC_BRONZE.bronze_cust .......... [[31mERROR[0m in 0.23s]
[2026-03-28T21:42:59.804+0000] {subprocess.py:106} INFO - [0m21:42:59
[2026-03-28T21:42:59.805+0000] {subprocess.py:106} INFO - [0m21:42:59  Finished running 1 incremental model in 0 hours 0 minutes and 2.15 seconds (2.15s).
[2026-03-28T21:42:59.861+0000] {subprocess.py:106} INFO - [0m21:42:59
[2026-03-28T21:42:59.862+0000] {subprocess.py:106} INFO - [0m21:42:59  [31mCompleted with 1 error, 0 partial successes, and 0 warnings:[0m
[2026-03-28T21:42:59.862+0000] {subprocess.py:106} INFO - [0m21:42:59
[2026-03-28T21:42:59.863+0000] {subprocess.py:106} INFO - [0m21:42:59  [31mFailure in model bronze_cust (models/staging/bronze_cust.sql)[0m
[2026-03-28T21:42:59.863+0000] {subprocess.py:106} INFO - [0m21:42:59    Database Error in model bronze_cust (models/staging/bronze_cust.sql)
[2026-03-28T21:42:59.863+0000] {subprocess.py:106} INFO -   000904 (42000): SQL compilation error: error line 14 at position 8
[2026-03-28T21:42:59.864+0000] {subprocess.py:106} INFO -   invalid identifier 'PAYLOAD'
[2026-03-28T21:42:59.864+0000] {subprocess.py:106} INFO -   compiled code at target/run/trans_snowf/models/staging/bronze_cust.sql
[2026-03-28T21:42:59.864+0000] {subprocess.py:106} INFO - [0m21:42:59
[2026-03-28T21:42:59.864+0000] {subprocess.py:106} INFO - [0m21:42:59    compiled code at target/compiled/trans_snowf/models/staging/bronze_cust.sql
[2026-03-28T21:42:59.864+0000] {subprocess.py:106} INFO - [0m21:42:59
[2026-03-28T21:42:59.864+0000] {subprocess.py:106} INFO - [0m21:42:59  Done. PASS=0 WARN=0 ERROR=1 SKIP=0 NO-OP=0 TOTAL=1
[2026-03-28T21:43:00.734+0000] {subprocess.py:110} INFO - Command exited with return code 1
[2026-03-28T21:43:00.734+0000] {taskinstance.py:441} INFO - ::group::Post task execution logs
[2026-03-28T21:43:00.744+0000] {taskinstance.py:2905} ERROR - Task failed with exception
Traceback (most recent call last):
  File "/home/airflow/.local/lib/python3.12/site-packages/airflow/models/taskinstance.py", line 465, in _execute_task
    result = _execute_callable(context=context, **execute_callable_kwargs)
             ^^^^^^^^^^^^^^^^^^^^^^^^^^^^^^^^^^^^^^^^^^^^^^^^^^^^^^^^^^^^^
  File "/home/airflow/.local/lib/python3.12/site-packages/airflow/models/taskinstance.py", line 432, in _execute_callable
    return execute_callable(context=context, **execute_callable_kwargs)
           ^^^^^^^^^^^^^^^^^^^^^^^^^^^^^^^^^^^^^^^^^^^^^^^^^^^^^^^^^^^^
  File "/home/airflow/.local/lib/python3.12/site-packages/airflow/models/baseoperator.py", line 401, in wrapper
    return func(self, *args, **kwargs)
           ^^^^^^^^^^^^^^^^^^^^^^^^^^^
  File "/home/airflow/.local/lib/python3.12/site-packages/airflow/providers/standard/operators/bash.py", line 233, in execute
    raise AirflowException(
airflow.exceptions.AirflowException: Bash command failed. The command returned a non-zero exit code 1.
[2026-03-28T21:43:00.747+0000] {taskinstance.py:1206} INFO - Marking task as FAILED. dag_id=banking_01_bronze_layer, task_id=build_bronze_cust, run_id=scheduled__2026-03-28T21:00:00+00:00, execution_date=20260328T210000, start_date=20260328T214255, end_date=20260328T214300
[2026-03-28T21:43:00.756+0000] {standard_task_runner.py:110} ERROR - Failed to execute job 6987 for task build_bronze_cust (Bash command failed. The command returned a non-zero exit code 1.; 13586)
[2026-03-28T21:43:00.771+0000] {local_task_job_runner.py:243} INFO - Task exited with return code 1
[2026-03-28T21:43:00.781+0000] {taskinstance.py:3503} INFO - 0 downstream tasks scheduled from follow-on schedule check
[2026-03-28T21:43:00.782+0000] {local_task_job_runner.py:222} INFO - ::endgroup::
