[2026-04-04T05:43:43.985+0000] {local_task_job_runner.py:120} INFO - ::group::Pre task execution logs
[2026-04-04T05:43:44.003+0000] {taskinstance.py:2076} INFO - Dependencies all met for dep_context=non-requeueable deps ti=<TaskInstance: banking_02_aggregation_layer.build_aggregations manual__2026-04-04T05:43:41.486758+00:00 [queued]>
[2026-04-04T05:43:44.007+0000] {taskinstance.py:2076} INFO - Dependencies all met for dep_context=requeueable deps ti=<TaskInstance: banking_02_aggregation_layer.build_aggregations manual__2026-04-04T05:43:41.486758+00:00 [queued]>
[2026-04-04T05:43:44.007+0000] {taskinstance.py:2306} INFO - Starting attempt 1 of 2
[2026-04-04T05:43:44.014+0000] {taskinstance.py:2330} INFO - Executing <Task(BashOperator): build_aggregations> on 2026-04-04 05:43:41.486758+00:00
[2026-04-04T05:43:44.017+0000] {standard_task_runner.py:64} INFO - Started process 645 to run task
[2026-04-04T05:43:44.019+0000] {standard_task_runner.py:90} INFO - Running: ['***', 'tasks', 'run', 'banking_02_aggregation_layer', 'build_aggregations', 'manual__2026-04-04T05:43:41.486758+00:00', '--job-id', '9679', '--raw', '--subdir', 'DAGS_FOLDER/dbt.py', '--cfg-path', '/tmp/tmppsxatjz8']
[2026-04-04T05:43:44.021+0000] {standard_task_runner.py:91} INFO - Job 9679: Subtask build_aggregations
[2026-04-04T05:43:44.053+0000] {task_command.py:426} INFO - Running <TaskInstance: banking_02_aggregation_layer.build_aggregations manual__2026-04-04T05:43:41.486758+00:00 [running]> on host c990dffe13ae
[2026-04-04T05:43:44.099+0000] {taskinstance.py:2648} INFO - Exporting env vars: AIRFLOW_CTX_DAG_OWNER='risheek' AIRFLOW_CTX_DAG_ID='banking_02_aggregation_layer' AIRFLOW_CTX_TASK_ID='build_aggregations' AIRFLOW_CTX_EXECUTION_DATE='2026-04-04T05:43:41.486758+00:00' AIRFLOW_CTX_TRY_NUMBER='1' AIRFLOW_CTX_DAG_RUN_ID='manual__2026-04-04T05:43:41.486758+00:00'
[2026-04-04T05:43:44.100+0000] {taskinstance.py:430} INFO - ::endgroup::
[2026-04-04T05:43:44.100+0000] {subprocess.py:78} INFO - Tmp dir root location: /tmp
[2026-04-04T05:43:44.101+0000] {subprocess.py:88} INFO - Running command: ['/usr/bin/bash', '-c', 'dbt build --select path:models/aggregations']
[2026-04-04T05:43:44.106+0000] {subprocess.py:99} INFO - Output:
[2026-04-04T05:43:45.391+0000] {subprocess.py:106} INFO - [0m05:43:45  Running with dbt=1.11.7
[2026-04-04T05:43:46.060+0000] {subprocess.py:106} INFO - [0m05:43:46  Registered adapter: snowflake=1.11.3
[2026-04-04T05:43:46.375+0000] {subprocess.py:106} INFO - [0m05:43:46  Encountered an error:
[2026-04-04T05:43:46.375+0000] {subprocess.py:106} INFO - Compilation Error
[2026-04-04T05:43:46.375+0000] {subprocess.py:106} INFO -   Model 'model.trans_snowf.trans_type' (models/aggregations/trans_type.sql) depends on a node named 'BRONZE_TRANS' which was not found
[2026-04-04T05:43:48.082+0000] {subprocess.py:110} INFO - Command exited with return code 2
[2026-04-04T05:43:48.084+0000] {taskinstance.py:441} INFO - ::group::Post task execution logs
[2026-04-04T05:43:48.114+0000] {taskinstance.py:2905} ERROR - Task failed with exception
Traceback (most recent call last):
  File "/home/airflow/.local/lib/python3.12/site-packages/airflow/models/taskinstance.py", line 465, in _execute_task
    result = _execute_callable(context=context, **execute_callable_kwargs)
             ^^^^^^^^^^^^^^^^^^^^^^^^^^^^^^^^^^^^^^^^^^^^^^^^^^^^^^^^^^^^^
  File "/home/airflow/.local/lib/python3.12/site-packages/airflow/models/taskinstance.py", line 432, in _execute_callable
    return execute_callable(context=context, **execute_callable_kwargs)
           ^^^^^^^^^^^^^^^^^^^^^^^^^^^^^^^^^^^^^^^^^^^^^^^^^^^^^^^^^^^^
  File "/home/airflow/.local/lib/python3.12/site-packages/airflow/models/baseoperator.py", line 401, in wrapper
    return func(self, *args, **kwargs)
           ^^^^^^^^^^^^^^^^^^^^^^^^^^^
  File "/home/airflow/.local/lib/python3.12/site-packages/airflow/providers/standard/operators/bash.py", line 233, in execute
    raise AirflowException(
airflow.exceptions.AirflowException: Bash command failed. The command returned a non-zero exit code 2.
[2026-04-04T05:43:48.124+0000] {taskinstance.py:1206} INFO - Marking task as UP_FOR_RETRY. dag_id=banking_02_aggregation_layer, task_id=build_aggregations, run_id=manual__2026-04-04T05:43:41.486758+00:00, execution_date=20260404T054341, start_date=20260404T054344, end_date=20260404T054348
[2026-04-04T05:43:48.137+0000] {standard_task_runner.py:110} ERROR - Failed to execute job 9679 for task build_aggregations (Bash command failed. The command returned a non-zero exit code 2.; 645)
[2026-04-04T05:43:48.173+0000] {local_task_job_runner.py:243} INFO - Task exited with return code 1
[2026-04-04T05:43:48.200+0000] {taskinstance.py:3503} INFO - 0 downstream tasks scheduled from follow-on schedule check
[2026-04-04T05:43:48.201+0000] {local_task_job_runner.py:222} INFO - ::endgroup::
