[2026-03-25T16:35:34.151+0000] {local_task_job_runner.py:120} INFO - ::group::Pre task execution logs
[2026-03-25T16:35:34.168+0000] {taskinstance.py:2076} INFO - Dependencies all met for dep_context=non-requeueable deps ti=<TaskInstance: banking_01_bronze_layer.debug scheduled__2026-03-25T16:00:00+00:00 [queued]>
[2026-03-25T16:35:34.172+0000] {taskinstance.py:2076} INFO - Dependencies all met for dep_context=requeueable deps ti=<TaskInstance: banking_01_bronze_layer.debug scheduled__2026-03-25T16:00:00+00:00 [queued]>
[2026-03-25T16:35:34.172+0000] {taskinstance.py:2306} INFO - Starting attempt 2 of 2
[2026-03-25T16:35:34.178+0000] {taskinstance.py:2330} INFO - Executing <Task(BashOperator): debug> on 2026-03-25 16:00:00+00:00
[2026-03-25T16:35:34.181+0000] {standard_task_runner.py:64} INFO - Started process 20334 to run task
[2026-03-25T16:35:34.183+0000] {standard_task_runner.py:90} INFO - Running: ['***', 'tasks', 'run', 'banking_01_bronze_layer', 'debug', 'scheduled__2026-03-25T16:00:00+00:00', '--job-id', '2398', '--raw', '--subdir', 'DAGS_FOLDER/dbt.py', '--cfg-path', '/tmp/tmp4m8hnk9l']
[2026-03-25T16:35:34.184+0000] {standard_task_runner.py:91} INFO - Job 2398: Subtask debug
[2026-03-25T16:35:34.217+0000] {task_command.py:426} INFO - Running <TaskInstance: banking_01_bronze_layer.debug scheduled__2026-03-25T16:00:00+00:00 [running]> on host c990dffe13ae
[2026-03-25T16:35:34.265+0000] {taskinstance.py:2648} INFO - Exporting env vars: AIRFLOW_CTX_DAG_OWNER='risheek' AIRFLOW_CTX_DAG_ID='banking_01_bronze_layer' AIRFLOW_CTX_TASK_ID='debug' AIRFLOW_CTX_EXECUTION_DATE='2026-03-25T16:00:00+00:00' AIRFLOW_CTX_TRY_NUMBER='2' AIRFLOW_CTX_DAG_RUN_ID='scheduled__2026-03-25T16:00:00+00:00'
[2026-03-25T16:35:34.265+0000] {taskinstance.py:430} INFO - ::endgroup::
[2026-03-25T16:35:34.266+0000] {subprocess.py:78} INFO - Tmp dir root location: /tmp
[2026-03-25T16:35:34.266+0000] {subprocess.py:88} INFO - Running command: ['/usr/bin/bash', '-c', 'dbt debug --profiles-dir /opt/***/dbt/trans_snowf']
[2026-03-25T16:35:34.275+0000] {subprocess.py:99} INFO - Output:
[2026-03-25T16:35:35.753+0000] {subprocess.py:106} INFO - [0m16:35:35  Running with dbt=1.11.7
[2026-03-25T16:35:35.761+0000] {subprocess.py:106} INFO - [0m16:35:35  dbt version: 1.11.7
[2026-03-25T16:35:35.761+0000] {subprocess.py:106} INFO - [0m16:35:35  python version: 3.12.4
[2026-03-25T16:35:35.761+0000] {subprocess.py:106} INFO - [0m16:35:35  python path: /home/***/.local/bin/python
[2026-03-25T16:35:35.762+0000] {subprocess.py:106} INFO - [0m16:35:35  os info: Linux-6.12.76-linuxkit-aarch64-with-glibc2.36
[2026-03-25T16:35:36.205+0000] {subprocess.py:106} INFO - [0m16:35:36  Using profiles dir at /opt/***/dbt/trans_snowf
[2026-03-25T16:35:36.206+0000] {subprocess.py:106} INFO - [0m16:35:36  Using profiles.yml file at /opt/***/dbt/trans_snowf/profiles.yml
[2026-03-25T16:35:36.207+0000] {subprocess.py:106} INFO - [0m16:35:36  Using dbt_project.yml file at /opt/***/dbt/trans_snowf/dbt_project.yml
[2026-03-25T16:35:36.207+0000] {subprocess.py:106} INFO - [0m16:35:36  adapter type: snowflake
[2026-03-25T16:35:36.208+0000] {subprocess.py:106} INFO - [0m16:35:36  adapter version: 1.11.3
[2026-03-25T16:35:36.297+0000] {subprocess.py:106} INFO - [0m16:35:36  Configuration:
[2026-03-25T16:35:36.300+0000] {subprocess.py:106} INFO - [0m16:35:36    profiles.yml file [[32mOK found and valid[0m]
[2026-03-25T16:35:36.302+0000] {subprocess.py:106} INFO - [0m16:35:36    dbt_project.yml file [[32mOK found and valid[0m]
[2026-03-25T16:35:36.305+0000] {subprocess.py:106} INFO - [0m16:35:36  Required dependencies:
[2026-03-25T16:35:36.307+0000] {subprocess.py:106} INFO - [0m16:35:36   - git [[31mERROR[0m]
[2026-03-25T16:35:36.307+0000] {subprocess.py:106} INFO - 
[2026-03-25T16:35:36.307+0000] {subprocess.py:106} INFO - [0m16:35:36  Connection:
[2026-03-25T16:35:36.307+0000] {subprocess.py:106} INFO - [0m16:35:36    account: BBMCDSP-CT02489
[2026-03-25T16:35:36.308+0000] {subprocess.py:106} INFO - [0m16:35:36    user: user123
[2026-03-25T16:35:36.308+0000] {subprocess.py:106} INFO - [0m16:35:36    database: BANKING
[2026-03-25T16:35:36.308+0000] {subprocess.py:106} INFO - [0m16:35:36    warehouse: COMPUTE_WH
[2026-03-25T16:35:36.309+0000] {subprocess.py:106} INFO - [0m16:35:36    role: dbtadmin
[2026-03-25T16:35:36.309+0000] {subprocess.py:106} INFO - [0m16:35:36    schema: PUBLIC
[2026-03-25T16:35:36.310+0000] {subprocess.py:106} INFO - [0m16:35:36    authenticator: None
[2026-03-25T16:35:36.310+0000] {subprocess.py:106} INFO - [0m16:35:36    oauth_client_id: None
[2026-03-25T16:35:36.310+0000] {subprocess.py:106} INFO - [0m16:35:36    query_tag: None
[2026-03-25T16:35:36.311+0000] {subprocess.py:106} INFO - [0m16:35:36    client_session_keep_alive: False
[2026-03-25T16:35:36.311+0000] {subprocess.py:106} INFO - [0m16:35:36    host: None
[2026-03-25T16:35:36.311+0000] {subprocess.py:106} INFO - [0m16:35:36    port: None
[2026-03-25T16:35:36.311+0000] {subprocess.py:106} INFO - [0m16:35:36    proxy_host: None
[2026-03-25T16:35:36.312+0000] {subprocess.py:106} INFO - [0m16:35:36    proxy_port: None
[2026-03-25T16:35:36.312+0000] {subprocess.py:106} INFO - [0m16:35:36    protocol: None
[2026-03-25T16:35:36.312+0000] {subprocess.py:106} INFO - [0m16:35:36    connect_retries: 1
[2026-03-25T16:35:36.313+0000] {subprocess.py:106} INFO - [0m16:35:36    connect_timeout: None
[2026-03-25T16:35:36.313+0000] {subprocess.py:106} INFO - [0m16:35:36    retry_on_database_errors: False
[2026-03-25T16:35:36.313+0000] {subprocess.py:106} INFO - [0m16:35:36    retry_all: False
[2026-03-25T16:35:36.313+0000] {subprocess.py:106} INFO - [0m16:35:36    insecure_mode: False
[2026-03-25T16:35:36.314+0000] {subprocess.py:106} INFO - [0m16:35:36    reuse_connections: True
[2026-03-25T16:35:36.314+0000] {subprocess.py:106} INFO - [0m16:35:36    s3_stage_vpce_dns_name: None
[2026-03-25T16:35:36.314+0000] {subprocess.py:106} INFO - [0m16:35:36    platform_detection_timeout_seconds: 0.0
[2026-03-25T16:35:36.315+0000] {subprocess.py:106} INFO - [0m16:35:36  Registered adapter: snowflake=1.11.3
[2026-03-25T16:35:38.056+0000] {subprocess.py:106} INFO - [0m16:35:38    Connection test: [[32mOK connection ok[0m]
[2026-03-25T16:35:38.059+0000] {subprocess.py:106} INFO - 
[2026-03-25T16:35:38.061+0000] {subprocess.py:106} INFO - [0m16:35:38  [31m1 check failed:[0m
[2026-03-25T16:35:38.062+0000] {subprocess.py:106} INFO - [0m16:35:38  Error from git --help: Could not find command, ensure it is in the user's PATH: "git"
[2026-03-25T16:35:38.065+0000] {subprocess.py:106} INFO - 
[2026-03-25T16:35:40.325+0000] {subprocess.py:110} INFO - Command exited with return code 1
[2026-03-25T16:35:40.328+0000] {taskinstance.py:441} INFO - ::group::Post task execution logs
[2026-03-25T16:35:40.345+0000] {taskinstance.py:2905} ERROR - Task failed with exception
Traceback (most recent call last):
  File "/home/airflow/.local/lib/python3.12/site-packages/airflow/models/taskinstance.py", line 465, in _execute_task
    result = _execute_callable(context=context, **execute_callable_kwargs)
             ^^^^^^^^^^^^^^^^^^^^^^^^^^^^^^^^^^^^^^^^^^^^^^^^^^^^^^^^^^^^^
  File "/home/airflow/.local/lib/python3.12/site-packages/airflow/models/taskinstance.py", line 432, in _execute_callable
    return execute_callable(context=context, **execute_callable_kwargs)
           ^^^^^^^^^^^^^^^^^^^^^^^^^^^^^^^^^^^^^^^^^^^^^^^^^^^^^^^^^^^^
  File "/home/airflow/.local/lib/python3.12/site-packages/airflow/models/baseoperator.py", line 401, in wrapper
    return func(self, *args, **kwargs)
           ^^^^^^^^^^^^^^^^^^^^^^^^^^^
  File "/home/airflow/.local/lib/python3.12/site-packages/airflow/providers/standard/operators/bash.py", line 233, in execute
    raise AirflowException(
airflow.exceptions.AirflowException: Bash command failed. The command returned a non-zero exit code 1.
[2026-03-25T16:35:40.353+0000] {taskinstance.py:1206} INFO - Marking task as FAILED. dag_id=banking_01_bronze_layer, task_id=debug, run_id=scheduled__2026-03-25T16:00:00+00:00, execution_date=20260325T160000, start_date=20260325T163534, end_date=20260325T163540
[2026-03-25T16:35:40.369+0000] {standard_task_runner.py:110} ERROR - Failed to execute job 2398 for task debug (Bash command failed. The command returned a non-zero exit code 1.; 20334)
[2026-03-25T16:35:40.388+0000] {local_task_job_runner.py:243} INFO - Task exited with return code 1
[2026-03-25T16:35:40.406+0000] {taskinstance.py:3503} INFO - 0 downstream tasks scheduled from follow-on schedule check
[2026-03-25T16:35:40.406+0000] {local_task_job_runner.py:222} INFO - ::endgroup::
