[2026-03-29T22:01:21.545+0000] {local_task_job_runner.py:120} INFO - ::group::Pre task execution logs
[2026-03-29T22:01:21.581+0000] {taskinstance.py:2076} INFO - Dependencies all met for dep_context=non-requeueable deps ti=<TaskInstance: banking_01_bronze_layer.debug scheduled__2026-03-29T21:30:00+00:00 [queued]>
[2026-03-29T22:01:21.588+0000] {taskinstance.py:2076} INFO - Dependencies all met for dep_context=requeueable deps ti=<TaskInstance: banking_01_bronze_layer.debug scheduled__2026-03-29T21:30:00+00:00 [queued]>
[2026-03-29T22:01:21.588+0000] {taskinstance.py:2306} INFO - Starting attempt 1 of 2
[2026-03-29T22:01:21.597+0000] {taskinstance.py:2330} INFO - Executing <Task(BashOperator): debug> on 2026-03-29 21:30:00+00:00
[2026-03-29T22:01:21.601+0000] {standard_task_runner.py:64} INFO - Started process 5414 to run task
[2026-03-29T22:01:21.604+0000] {standard_task_runner.py:90} INFO - Running: ['***', 'tasks', 'run', 'banking_01_bronze_layer', 'debug', 'scheduled__2026-03-29T21:30:00+00:00', '--job-id', '7344', '--raw', '--subdir', 'DAGS_FOLDER/dbt.py', '--cfg-path', '/tmp/tmpo3huefoi']
[2026-03-29T22:01:21.605+0000] {standard_task_runner.py:91} INFO - Job 7344: Subtask debug
[2026-03-29T22:01:21.635+0000] {task_command.py:426} INFO - Running <TaskInstance: banking_01_bronze_layer.debug scheduled__2026-03-29T21:30:00+00:00 [running]> on host c990dffe13ae
[2026-03-29T22:01:21.678+0000] {taskinstance.py:2648} INFO - Exporting env vars: AIRFLOW_CTX_DAG_OWNER='risheek' AIRFLOW_CTX_DAG_ID='banking_01_bronze_layer' AIRFLOW_CTX_TASK_ID='debug' AIRFLOW_CTX_EXECUTION_DATE='2026-03-29T21:30:00+00:00' AIRFLOW_CTX_TRY_NUMBER='1' AIRFLOW_CTX_DAG_RUN_ID='scheduled__2026-03-29T21:30:00+00:00'
[2026-03-29T22:01:21.679+0000] {taskinstance.py:430} INFO - ::endgroup::
[2026-03-29T22:01:21.679+0000] {subprocess.py:78} INFO - Tmp dir root location: /tmp
[2026-03-29T22:01:21.680+0000] {subprocess.py:88} INFO - Running command: ['/usr/bin/bash', '-c', 'dbt debug --profiles-dir /opt/***/dbt/trans_snowf']
[2026-03-29T22:01:21.683+0000] {subprocess.py:99} INFO - Output:
[2026-03-29T22:01:22.831+0000] {subprocess.py:106} INFO - [0m22:01:22  Running with dbt=1.11.7
[2026-03-29T22:01:22.836+0000] {subprocess.py:106} INFO - [0m22:01:22  dbt version: 1.11.7
[2026-03-29T22:01:22.837+0000] {subprocess.py:106} INFO - [0m22:01:22  python version: 3.12.4
[2026-03-29T22:01:22.837+0000] {subprocess.py:106} INFO - [0m22:01:22  python path: /home/***/.local/bin/python
[2026-03-29T22:01:22.837+0000] {subprocess.py:106} INFO - [0m22:01:22  os info: Linux-6.12.76-linuxkit-aarch64-with-glibc2.36
[2026-03-29T22:01:23.186+0000] {subprocess.py:106} INFO - [0m22:01:23  Using profiles dir at /opt/***/dbt/trans_snowf
[2026-03-29T22:01:23.186+0000] {subprocess.py:106} INFO - [0m22:01:23  Using profiles.yml file at /opt/***/dbt/trans_snowf/profiles.yml
[2026-03-29T22:01:23.187+0000] {subprocess.py:106} INFO - [0m22:01:23  Using dbt_project.yml file at /opt/***/dbt/trans_snowf/dbt_project.yml
[2026-03-29T22:01:23.187+0000] {subprocess.py:106} INFO - [0m22:01:23  adapter type: snowflake
[2026-03-29T22:01:23.187+0000] {subprocess.py:106} INFO - [0m22:01:23  adapter version: 1.11.3
[2026-03-29T22:01:23.237+0000] {subprocess.py:106} INFO - [0m22:01:23  Configuration:
[2026-03-29T22:01:23.237+0000] {subprocess.py:106} INFO - [0m22:01:23    profiles.yml file [[32mOK found and valid[0m]
[2026-03-29T22:01:23.238+0000] {subprocess.py:106} INFO - [0m22:01:23    dbt_project.yml file [[32mOK found and valid[0m]
[2026-03-29T22:01:23.238+0000] {subprocess.py:106} INFO - [0m22:01:23  Required dependencies:
[2026-03-29T22:01:23.239+0000] {subprocess.py:106} INFO - [0m22:01:23   - git [[31mERROR[0m]
[2026-03-29T22:01:23.239+0000] {subprocess.py:106} INFO - 
[2026-03-29T22:01:23.239+0000] {subprocess.py:106} INFO - [0m22:01:23  Connection:
[2026-03-29T22:01:23.240+0000] {subprocess.py:106} INFO - [0m22:01:23    account: BBMCDSP-CT02489
[2026-03-29T22:01:23.240+0000] {subprocess.py:106} INFO - [0m22:01:23    user: user123
[2026-03-29T22:01:23.240+0000] {subprocess.py:106} INFO - [0m22:01:23    database: BANKING
[2026-03-29T22:01:23.241+0000] {subprocess.py:106} INFO - [0m22:01:23    warehouse: COMPUTE_WH
[2026-03-29T22:01:23.241+0000] {subprocess.py:106} INFO - [0m22:01:23    role: dbtadmin
[2026-03-29T22:01:23.241+0000] {subprocess.py:106} INFO - [0m22:01:23    schema: PUBLIC
[2026-03-29T22:01:23.242+0000] {subprocess.py:106} INFO - [0m22:01:23    authenticator: None
[2026-03-29T22:01:23.242+0000] {subprocess.py:106} INFO - [0m22:01:23    oauth_client_id: None
[2026-03-29T22:01:23.242+0000] {subprocess.py:106} INFO - [0m22:01:23    query_tag: None
[2026-03-29T22:01:23.243+0000] {subprocess.py:106} INFO - [0m22:01:23    client_session_keep_alive: False
[2026-03-29T22:01:23.243+0000] {subprocess.py:106} INFO - [0m22:01:23    host: None
[2026-03-29T22:01:23.243+0000] {subprocess.py:106} INFO - [0m22:01:23    port: None
[2026-03-29T22:01:23.243+0000] {subprocess.py:106} INFO - [0m22:01:23    proxy_host: None
[2026-03-29T22:01:23.244+0000] {subprocess.py:106} INFO - [0m22:01:23    proxy_port: None
[2026-03-29T22:01:23.244+0000] {subprocess.py:106} INFO - [0m22:01:23    protocol: None
[2026-03-29T22:01:23.244+0000] {subprocess.py:106} INFO - [0m22:01:23    connect_retries: 1
[2026-03-29T22:01:23.245+0000] {subprocess.py:106} INFO - [0m22:01:23    connect_timeout: None
[2026-03-29T22:01:23.245+0000] {subprocess.py:106} INFO - [0m22:01:23    retry_on_database_errors: False
[2026-03-29T22:01:23.245+0000] {subprocess.py:106} INFO - [0m22:01:23    retry_all: False
[2026-03-29T22:01:23.245+0000] {subprocess.py:106} INFO - [0m22:01:23    insecure_mode: False
[2026-03-29T22:01:23.246+0000] {subprocess.py:106} INFO - [0m22:01:23    reuse_connections: True
[2026-03-29T22:01:23.246+0000] {subprocess.py:106} INFO - [0m22:01:23    s3_stage_vpce_dns_name: None
[2026-03-29T22:01:23.247+0000] {subprocess.py:106} INFO - [0m22:01:23    platform_detection_timeout_seconds: 0.0
[2026-03-29T22:01:23.247+0000] {subprocess.py:106} INFO - [0m22:01:23  Registered adapter: snowflake=1.11.3
[2026-03-29T22:01:23.972+0000] {subprocess.py:106} INFO - [0m22:01:23    Connection test: [[32mOK connection ok[0m]
[2026-03-29T22:01:23.973+0000] {subprocess.py:106} INFO - 
[2026-03-29T22:01:23.974+0000] {subprocess.py:106} INFO - [0m22:01:23  [31m1 check failed:[0m
[2026-03-29T22:01:23.974+0000] {subprocess.py:106} INFO - [0m22:01:23  Error from git --help: Could not find command, ensure it is in the user's PATH: "git"
[2026-03-29T22:01:23.975+0000] {subprocess.py:106} INFO - 
[2026-03-29T22:01:25.894+0000] {subprocess.py:110} INFO - Command exited with return code 1
[2026-03-29T22:01:25.895+0000] {taskinstance.py:441} INFO - ::group::Post task execution logs
[2026-03-29T22:01:25.903+0000] {taskinstance.py:2905} ERROR - Task failed with exception
Traceback (most recent call last):
  File "/home/airflow/.local/lib/python3.12/site-packages/airflow/models/taskinstance.py", line 465, in _execute_task
    result = _execute_callable(context=context, **execute_callable_kwargs)
             ^^^^^^^^^^^^^^^^^^^^^^^^^^^^^^^^^^^^^^^^^^^^^^^^^^^^^^^^^^^^^
  File "/home/airflow/.local/lib/python3.12/site-packages/airflow/models/taskinstance.py", line 432, in _execute_callable
    return execute_callable(context=context, **execute_callable_kwargs)
           ^^^^^^^^^^^^^^^^^^^^^^^^^^^^^^^^^^^^^^^^^^^^^^^^^^^^^^^^^^^^
  File "/home/airflow/.local/lib/python3.12/site-packages/airflow/models/baseoperator.py", line 401, in wrapper
    return func(self, *args, **kwargs)
           ^^^^^^^^^^^^^^^^^^^^^^^^^^^
  File "/home/airflow/.local/lib/python3.12/site-packages/airflow/providers/standard/operators/bash.py", line 233, in execute
    raise AirflowException(
airflow.exceptions.AirflowException: Bash command failed. The command returned a non-zero exit code 1.
[2026-03-29T22:01:25.906+0000] {taskinstance.py:1206} INFO - Marking task as UP_FOR_RETRY. dag_id=banking_01_bronze_layer, task_id=debug, run_id=scheduled__2026-03-29T21:30:00+00:00, execution_date=20260329T213000, start_date=20260329T220121, end_date=20260329T220125
[2026-03-29T22:01:25.920+0000] {standard_task_runner.py:110} ERROR - Failed to execute job 7344 for task debug (Bash command failed. The command returned a non-zero exit code 1.; 5414)
[2026-03-29T22:01:25.960+0000] {local_task_job_runner.py:243} INFO - Task exited with return code 1
[2026-03-29T22:01:25.975+0000] {taskinstance.py:3503} INFO - 0 downstream tasks scheduled from follow-on schedule check
[2026-03-29T22:01:25.976+0000] {local_task_job_runner.py:222} INFO - ::endgroup::
