[2026-04-03T06:20:13.429+0000] {local_task_job_runner.py:120} INFO - ::group::Pre task execution logs
[2026-04-03T06:20:13.452+0000] {taskinstance.py:2076} INFO - Dependencies all met for dep_context=non-requeueable deps ti=<TaskInstance: banking_01_bronze_layer.debug manual__2026-04-03T06:14:40.696679+00:00 [queued]>
[2026-04-03T06:20:13.456+0000] {taskinstance.py:2076} INFO - Dependencies all met for dep_context=requeueable deps ti=<TaskInstance: banking_01_bronze_layer.debug manual__2026-04-03T06:14:40.696679+00:00 [queued]>
[2026-04-03T06:20:13.456+0000] {taskinstance.py:2306} INFO - Starting attempt 2 of 2
[2026-04-03T06:20:13.462+0000] {taskinstance.py:2330} INFO - Executing <Task(BashOperator): debug> on 2026-04-03 06:14:40.696679+00:00
[2026-04-03T06:20:13.466+0000] {standard_task_runner.py:64} INFO - Started process 773 to run task
[2026-04-03T06:20:13.467+0000] {standard_task_runner.py:90} INFO - Running: ['***', 'tasks', 'run', 'banking_01_bronze_layer', 'debug', 'manual__2026-04-03T06:14:40.696679+00:00', '--job-id', '9589', '--raw', '--subdir', 'DAGS_FOLDER/dbt.py', '--cfg-path', '/tmp/tmp2dtpe1zb']
[2026-04-03T06:20:13.469+0000] {standard_task_runner.py:91} INFO - Job 9589: Subtask debug
[2026-04-03T06:20:13.503+0000] {task_command.py:426} INFO - Running <TaskInstance: banking_01_bronze_layer.debug manual__2026-04-03T06:14:40.696679+00:00 [running]> on host c990dffe13ae
[2026-04-03T06:20:13.549+0000] {taskinstance.py:2648} INFO - Exporting env vars: AIRFLOW_CTX_DAG_OWNER='risheek' AIRFLOW_CTX_DAG_ID='banking_01_bronze_layer' AIRFLOW_CTX_TASK_ID='debug' AIRFLOW_CTX_EXECUTION_DATE='2026-04-03T06:14:40.696679+00:00' AIRFLOW_CTX_TRY_NUMBER='2' AIRFLOW_CTX_DAG_RUN_ID='manual__2026-04-03T06:14:40.696679+00:00'
[2026-04-03T06:20:13.549+0000] {taskinstance.py:430} INFO - ::endgroup::
[2026-04-03T06:20:13.550+0000] {subprocess.py:78} INFO - Tmp dir root location: /tmp
[2026-04-03T06:20:13.550+0000] {subprocess.py:88} INFO - Running command: ['/usr/bin/bash', '-c', 'dbt debug --profiles-dir /opt/***/dbt/trans_snowf']
[2026-04-03T06:20:13.554+0000] {subprocess.py:99} INFO - Output:
[2026-04-03T06:20:14.813+0000] {subprocess.py:106} INFO - [0m06:20:14  Running with dbt=1.11.7
[2026-04-03T06:20:14.819+0000] {subprocess.py:106} INFO - [0m06:20:14  dbt version: 1.11.7
[2026-04-03T06:20:14.820+0000] {subprocess.py:106} INFO - [0m06:20:14  python version: 3.12.4
[2026-04-03T06:20:14.820+0000] {subprocess.py:106} INFO - [0m06:20:14  python path: /home/***/.local/bin/python
[2026-04-03T06:20:14.820+0000] {subprocess.py:106} INFO - [0m06:20:14  os info: Linux-6.12.76-linuxkit-aarch64-with-glibc2.36
[2026-04-03T06:20:15.270+0000] {subprocess.py:106} INFO - [0m06:20:15  Using profiles dir at /opt/***/dbt/trans_snowf
[2026-04-03T06:20:15.271+0000] {subprocess.py:106} INFO - [0m06:20:15  Using profiles.yml file at /opt/***/dbt/trans_snowf/profiles.yml
[2026-04-03T06:20:15.272+0000] {subprocess.py:106} INFO - [0m06:20:15  Using dbt_project.yml file at /opt/***/dbt/trans_snowf/dbt_project.yml
[2026-04-03T06:20:15.272+0000] {subprocess.py:106} INFO - [0m06:20:15  adapter type: snowflake
[2026-04-03T06:20:15.273+0000] {subprocess.py:106} INFO - [0m06:20:15  adapter version: 1.11.3
[2026-04-03T06:20:15.326+0000] {subprocess.py:106} INFO - [0m06:20:15  Configuration:
[2026-04-03T06:20:15.326+0000] {subprocess.py:106} INFO - [0m06:20:15    profiles.yml file [[32mOK found and valid[0m]
[2026-04-03T06:20:15.327+0000] {subprocess.py:106} INFO - [0m06:20:15    dbt_project.yml file [[32mOK found and valid[0m]
[2026-04-03T06:20:15.327+0000] {subprocess.py:106} INFO - [0m06:20:15  Required dependencies:
[2026-04-03T06:20:15.329+0000] {subprocess.py:106} INFO - [0m06:20:15   - git [[31mERROR[0m]
[2026-04-03T06:20:15.329+0000] {subprocess.py:106} INFO - 
[2026-04-03T06:20:15.329+0000] {subprocess.py:106} INFO - [0m06:20:15  Connection:
[2026-04-03T06:20:15.330+0000] {subprocess.py:106} INFO - [0m06:20:15    account: BBMCDSP-CT02489
[2026-04-03T06:20:15.330+0000] {subprocess.py:106} INFO - [0m06:20:15    user: user123
[2026-04-03T06:20:15.330+0000] {subprocess.py:106} INFO - [0m06:20:15    database: BANKING
[2026-04-03T06:20:15.331+0000] {subprocess.py:106} INFO - [0m06:20:15    warehouse: COMPUTE_WH
[2026-04-03T06:20:15.331+0000] {subprocess.py:106} INFO - [0m06:20:15    role: dbtadmin
[2026-04-03T06:20:15.331+0000] {subprocess.py:106} INFO - [0m06:20:15    schema: PUBLIC
[2026-04-03T06:20:15.332+0000] {subprocess.py:106} INFO - [0m06:20:15    authenticator: None
[2026-04-03T06:20:15.332+0000] {subprocess.py:106} INFO - [0m06:20:15    oauth_client_id: None
[2026-04-03T06:20:15.332+0000] {subprocess.py:106} INFO - [0m06:20:15    query_tag: None
[2026-04-03T06:20:15.333+0000] {subprocess.py:106} INFO - [0m06:20:15    client_session_keep_alive: False
[2026-04-03T06:20:15.333+0000] {subprocess.py:106} INFO - [0m06:20:15    host: None
[2026-04-03T06:20:15.333+0000] {subprocess.py:106} INFO - [0m06:20:15    port: None
[2026-04-03T06:20:15.334+0000] {subprocess.py:106} INFO - [0m06:20:15    proxy_host: None
[2026-04-03T06:20:15.334+0000] {subprocess.py:106} INFO - [0m06:20:15    proxy_port: None
[2026-04-03T06:20:15.334+0000] {subprocess.py:106} INFO - [0m06:20:15    protocol: None
[2026-04-03T06:20:15.335+0000] {subprocess.py:106} INFO - [0m06:20:15    connect_retries: 1
[2026-04-03T06:20:15.335+0000] {subprocess.py:106} INFO - [0m06:20:15    connect_timeout: None
[2026-04-03T06:20:15.335+0000] {subprocess.py:106} INFO - [0m06:20:15    retry_on_database_errors: False
[2026-04-03T06:20:15.335+0000] {subprocess.py:106} INFO - [0m06:20:15    retry_all: False
[2026-04-03T06:20:15.336+0000] {subprocess.py:106} INFO - [0m06:20:15    insecure_mode: False
[2026-04-03T06:20:15.336+0000] {subprocess.py:106} INFO - [0m06:20:15    reuse_connections: True
[2026-04-03T06:20:15.336+0000] {subprocess.py:106} INFO - [0m06:20:15    s3_stage_vpce_dns_name: None
[2026-04-03T06:20:15.337+0000] {subprocess.py:106} INFO - [0m06:20:15    platform_detection_timeout_seconds: 0.0
[2026-04-03T06:20:15.337+0000] {subprocess.py:106} INFO - [0m06:20:15  Registered adapter: snowflake=1.11.3
[2026-04-03T06:20:16.315+0000] {subprocess.py:106} INFO - [0m06:20:16    Connection test: [[32mOK connection ok[0m]
[2026-04-03T06:20:16.316+0000] {subprocess.py:106} INFO - 
[2026-04-03T06:20:16.316+0000] {subprocess.py:106} INFO - [0m06:20:16  [31m1 check failed:[0m
[2026-04-03T06:20:16.318+0000] {subprocess.py:106} INFO - [0m06:20:16  Error from git --help: Could not find command, ensure it is in the user's PATH: "git"
[2026-04-03T06:20:16.319+0000] {subprocess.py:106} INFO - 
[2026-04-03T06:20:22.557+0000] {subprocess.py:110} INFO - Command exited with return code 1
[2026-04-03T06:20:22.566+0000] {taskinstance.py:441} INFO - ::group::Post task execution logs
[2026-04-03T06:20:22.587+0000] {taskinstance.py:2905} ERROR - Task failed with exception
Traceback (most recent call last):
  File "/home/airflow/.local/lib/python3.12/site-packages/airflow/models/taskinstance.py", line 465, in _execute_task
    result = _execute_callable(context=context, **execute_callable_kwargs)
             ^^^^^^^^^^^^^^^^^^^^^^^^^^^^^^^^^^^^^^^^^^^^^^^^^^^^^^^^^^^^^
  File "/home/airflow/.local/lib/python3.12/site-packages/airflow/models/taskinstance.py", line 432, in _execute_callable
    return execute_callable(context=context, **execute_callable_kwargs)
           ^^^^^^^^^^^^^^^^^^^^^^^^^^^^^^^^^^^^^^^^^^^^^^^^^^^^^^^^^^^^
  File "/home/airflow/.local/lib/python3.12/site-packages/airflow/models/baseoperator.py", line 401, in wrapper
    return func(self, *args, **kwargs)
           ^^^^^^^^^^^^^^^^^^^^^^^^^^^
  File "/home/airflow/.local/lib/python3.12/site-packages/airflow/providers/standard/operators/bash.py", line 233, in execute
    raise AirflowException(
airflow.exceptions.AirflowException: Bash command failed. The command returned a non-zero exit code 1.
[2026-04-03T06:20:22.592+0000] {taskinstance.py:1206} INFO - Marking task as FAILED. dag_id=banking_01_bronze_layer, task_id=debug, run_id=manual__2026-04-03T06:14:40.696679+00:00, execution_date=20260403T061440, start_date=20260403T062013, end_date=20260403T062022
[2026-04-03T06:20:22.609+0000] {standard_task_runner.py:110} ERROR - Failed to execute job 9589 for task debug (Bash command failed. The command returned a non-zero exit code 1.; 773)
[2026-04-03T06:20:22.622+0000] {local_task_job_runner.py:243} INFO - Task exited with return code 1
[2026-04-03T06:20:22.640+0000] {taskinstance.py:3503} INFO - 0 downstream tasks scheduled from follow-on schedule check
[2026-04-03T06:20:22.641+0000] {local_task_job_runner.py:222} INFO - ::endgroup::
