[2026-04-03T06:12:50.917+0000] {local_task_job_runner.py:120} INFO - ::group::Pre task execution logs
[2026-04-03T06:12:50.933+0000] {taskinstance.py:2076} INFO - Dependencies all met for dep_context=non-requeueable deps ti=<TaskInstance: banking_01_bronze_layer.debug manual__2026-04-03T06:07:37.226586+00:00 [queued]>
[2026-04-03T06:12:50.937+0000] {taskinstance.py:2076} INFO - Dependencies all met for dep_context=requeueable deps ti=<TaskInstance: banking_01_bronze_layer.debug manual__2026-04-03T06:07:37.226586+00:00 [queued]>
[2026-04-03T06:12:50.937+0000] {taskinstance.py:2306} INFO - Starting attempt 2 of 2
[2026-04-03T06:12:50.943+0000] {taskinstance.py:2330} INFO - Executing <Task(BashOperator): debug> on 2026-04-03 06:07:37.226586+00:00
[2026-04-03T06:12:50.946+0000] {standard_task_runner.py:64} INFO - Started process 424 to run task
[2026-04-03T06:12:50.948+0000] {standard_task_runner.py:90} INFO - Running: ['***', 'tasks', 'run', 'banking_01_bronze_layer', 'debug', 'manual__2026-04-03T06:07:37.226586+00:00', '--job-id', '9577', '--raw', '--subdir', 'DAGS_FOLDER/dbt.py', '--cfg-path', '/tmp/tmpdr2qqzt8']
[2026-04-03T06:12:50.949+0000] {standard_task_runner.py:91} INFO - Job 9577: Subtask debug
[2026-04-03T06:12:50.979+0000] {task_command.py:426} INFO - Running <TaskInstance: banking_01_bronze_layer.debug manual__2026-04-03T06:07:37.226586+00:00 [running]> on host c990dffe13ae
[2026-04-03T06:12:51.027+0000] {taskinstance.py:2648} INFO - Exporting env vars: AIRFLOW_CTX_DAG_OWNER='risheek' AIRFLOW_CTX_DAG_ID='banking_01_bronze_layer' AIRFLOW_CTX_TASK_ID='debug' AIRFLOW_CTX_EXECUTION_DATE='2026-04-03T06:07:37.226586+00:00' AIRFLOW_CTX_TRY_NUMBER='2' AIRFLOW_CTX_DAG_RUN_ID='manual__2026-04-03T06:07:37.226586+00:00'
[2026-04-03T06:12:51.027+0000] {taskinstance.py:430} INFO - ::endgroup::
[2026-04-03T06:12:51.028+0000] {subprocess.py:78} INFO - Tmp dir root location: /tmp
[2026-04-03T06:12:51.028+0000] {subprocess.py:88} INFO - Running command: ['/usr/bin/bash', '-c', 'dbt debug --profiles-dir /opt/***/dbt/trans_snowf']
[2026-04-03T06:12:51.032+0000] {subprocess.py:99} INFO - Output:
[2026-04-03T06:12:52.350+0000] {subprocess.py:106} INFO - [0m06:12:52  Running with dbt=1.11.7
[2026-04-03T06:12:52.359+0000] {subprocess.py:106} INFO - [0m06:12:52  dbt version: 1.11.7
[2026-04-03T06:12:52.360+0000] {subprocess.py:106} INFO - [0m06:12:52  python version: 3.12.4
[2026-04-03T06:12:52.361+0000] {subprocess.py:106} INFO - [0m06:12:52  python path: /home/***/.local/bin/python
[2026-04-03T06:12:52.361+0000] {subprocess.py:106} INFO - [0m06:12:52  os info: Linux-6.12.76-linuxkit-aarch64-with-glibc2.36
[2026-04-03T06:12:52.974+0000] {subprocess.py:106} INFO - [0m06:12:52  Using profiles dir at /opt/***/dbt/trans_snowf
[2026-04-03T06:12:52.977+0000] {subprocess.py:106} INFO - [0m06:12:52  Using profiles.yml file at /opt/***/dbt/trans_snowf/profiles.yml
[2026-04-03T06:12:52.977+0000] {subprocess.py:106} INFO - [0m06:12:52  Using dbt_project.yml file at /opt/***/dbt/trans_snowf/dbt_project.yml
[2026-04-03T06:12:52.978+0000] {subprocess.py:106} INFO - [0m06:12:52  adapter type: snowflake
[2026-04-03T06:12:52.978+0000] {subprocess.py:106} INFO - [0m06:12:52  adapter version: 1.11.3
[2026-04-03T06:12:53.033+0000] {subprocess.py:106} INFO - [0m06:12:53  Configuration:
[2026-04-03T06:12:53.034+0000] {subprocess.py:106} INFO - [0m06:12:53    profiles.yml file [[32mOK found and valid[0m]
[2026-04-03T06:12:53.034+0000] {subprocess.py:106} INFO - [0m06:12:53    dbt_project.yml file [[32mOK found and valid[0m]
[2026-04-03T06:12:53.034+0000] {subprocess.py:106} INFO - [0m06:12:53  Required dependencies:
[2026-04-03T06:12:53.036+0000] {subprocess.py:106} INFO - [0m06:12:53   - git [[31mERROR[0m]
[2026-04-03T06:12:53.036+0000] {subprocess.py:106} INFO - 
[2026-04-03T06:12:53.036+0000] {subprocess.py:106} INFO - [0m06:12:53  Connection:
[2026-04-03T06:12:53.036+0000] {subprocess.py:106} INFO - [0m06:12:53    account: BBMCDSP-CT02489
[2026-04-03T06:12:53.037+0000] {subprocess.py:106} INFO - [0m06:12:53    user: user123
[2026-04-03T06:12:53.037+0000] {subprocess.py:106} INFO - [0m06:12:53    database: BANKING
[2026-04-03T06:12:53.038+0000] {subprocess.py:106} INFO - [0m06:12:53    warehouse: COMPUTE_WH
[2026-04-03T06:12:53.038+0000] {subprocess.py:106} INFO - [0m06:12:53    role: dbtadmin
[2026-04-03T06:12:53.038+0000] {subprocess.py:106} INFO - [0m06:12:53    schema: PUBLIC
[2026-04-03T06:12:53.039+0000] {subprocess.py:106} INFO - [0m06:12:53    authenticator: None
[2026-04-03T06:12:53.039+0000] {subprocess.py:106} INFO - [0m06:12:53    oauth_client_id: None
[2026-04-03T06:12:53.039+0000] {subprocess.py:106} INFO - [0m06:12:53    query_tag: None
[2026-04-03T06:12:53.040+0000] {subprocess.py:106} INFO - [0m06:12:53    client_session_keep_alive: False
[2026-04-03T06:12:53.040+0000] {subprocess.py:106} INFO - [0m06:12:53    host: None
[2026-04-03T06:12:53.040+0000] {subprocess.py:106} INFO - [0m06:12:53    port: None
[2026-04-03T06:12:53.041+0000] {subprocess.py:106} INFO - [0m06:12:53    proxy_host: None
[2026-04-03T06:12:53.041+0000] {subprocess.py:106} INFO - [0m06:12:53    proxy_port: None
[2026-04-03T06:12:53.041+0000] {subprocess.py:106} INFO - [0m06:12:53    protocol: None
[2026-04-03T06:12:53.042+0000] {subprocess.py:106} INFO - [0m06:12:53    connect_retries: 1
[2026-04-03T06:12:53.042+0000] {subprocess.py:106} INFO - [0m06:12:53    connect_timeout: None
[2026-04-03T06:12:53.042+0000] {subprocess.py:106} INFO - [0m06:12:53    retry_on_database_errors: False
[2026-04-03T06:12:53.043+0000] {subprocess.py:106} INFO - [0m06:12:53    retry_all: False
[2026-04-03T06:12:53.043+0000] {subprocess.py:106} INFO - [0m06:12:53    insecure_mode: False
[2026-04-03T06:12:53.043+0000] {subprocess.py:106} INFO - [0m06:12:53    reuse_connections: True
[2026-04-03T06:12:53.044+0000] {subprocess.py:106} INFO - [0m06:12:53    s3_stage_vpce_dns_name: None
[2026-04-03T06:12:53.044+0000] {subprocess.py:106} INFO - [0m06:12:53    platform_detection_timeout_seconds: 0.0
[2026-04-03T06:12:53.044+0000] {subprocess.py:106} INFO - [0m06:12:53  Registered adapter: snowflake=1.11.3
[2026-04-03T06:12:54.444+0000] {subprocess.py:106} INFO - [0m06:12:54    Connection test: [[32mOK connection ok[0m]
[2026-04-03T06:12:54.445+0000] {subprocess.py:106} INFO - 
[2026-04-03T06:12:54.445+0000] {subprocess.py:106} INFO - [0m06:12:54  [31m1 check failed:[0m
[2026-04-03T06:12:54.446+0000] {subprocess.py:106} INFO - [0m06:12:54  Error from git --help: Could not find command, ensure it is in the user's PATH: "git"
[2026-04-03T06:12:54.447+0000] {subprocess.py:106} INFO - 
[2026-04-03T06:13:00.977+0000] {subprocess.py:110} INFO - Command exited with return code 1
[2026-04-03T06:13:00.979+0000] {taskinstance.py:441} INFO - ::group::Post task execution logs
[2026-04-03T06:13:01.000+0000] {taskinstance.py:2905} ERROR - Task failed with exception
Traceback (most recent call last):
  File "/home/airflow/.local/lib/python3.12/site-packages/airflow/models/taskinstance.py", line 465, in _execute_task
    result = _execute_callable(context=context, **execute_callable_kwargs)
             ^^^^^^^^^^^^^^^^^^^^^^^^^^^^^^^^^^^^^^^^^^^^^^^^^^^^^^^^^^^^^
  File "/home/airflow/.local/lib/python3.12/site-packages/airflow/models/taskinstance.py", line 432, in _execute_callable
    return execute_callable(context=context, **execute_callable_kwargs)
           ^^^^^^^^^^^^^^^^^^^^^^^^^^^^^^^^^^^^^^^^^^^^^^^^^^^^^^^^^^^^
  File "/home/airflow/.local/lib/python3.12/site-packages/airflow/models/baseoperator.py", line 401, in wrapper
    return func(self, *args, **kwargs)
           ^^^^^^^^^^^^^^^^^^^^^^^^^^^
  File "/home/airflow/.local/lib/python3.12/site-packages/airflow/providers/standard/operators/bash.py", line 233, in execute
    raise AirflowException(
airflow.exceptions.AirflowException: Bash command failed. The command returned a non-zero exit code 1.
[2026-04-03T06:13:01.004+0000] {taskinstance.py:1206} INFO - Marking task as FAILED. dag_id=banking_01_bronze_layer, task_id=debug, run_id=manual__2026-04-03T06:07:37.226586+00:00, execution_date=20260403T060737, start_date=20260403T061250, end_date=20260403T061301
[2026-04-03T06:13:01.023+0000] {standard_task_runner.py:110} ERROR - Failed to execute job 9577 for task debug (Bash command failed. The command returned a non-zero exit code 1.; 424)
[2026-04-03T06:13:01.065+0000] {local_task_job_runner.py:243} INFO - Task exited with return code 1
[2026-04-03T06:13:01.086+0000] {taskinstance.py:3503} INFO - 0 downstream tasks scheduled from follow-on schedule check
[2026-04-03T06:13:01.086+0000] {local_task_job_runner.py:222} INFO - ::endgroup::
