[2026-04-03T06:07:39.541+0000] {local_task_job_runner.py:120} INFO - ::group::Pre task execution logs
[2026-04-03T06:07:39.558+0000] {taskinstance.py:2076} INFO - Dependencies all met for dep_context=non-requeueable deps ti=<TaskInstance: banking_01_bronze_layer.debug manual__2026-04-03T06:07:37.226586+00:00 [queued]>
[2026-04-03T06:07:39.561+0000] {taskinstance.py:2076} INFO - Dependencies all met for dep_context=requeueable deps ti=<TaskInstance: banking_01_bronze_layer.debug manual__2026-04-03T06:07:37.226586+00:00 [queued]>
[2026-04-03T06:07:39.562+0000] {taskinstance.py:2306} INFO - Starting attempt 1 of 2
[2026-04-03T06:07:39.567+0000] {taskinstance.py:2330} INFO - Executing <Task(BashOperator): debug> on 2026-04-03 06:07:37.226586+00:00
[2026-04-03T06:07:39.571+0000] {standard_task_runner.py:64} INFO - Started process 270 to run task
[2026-04-03T06:07:39.573+0000] {standard_task_runner.py:90} INFO - Running: ['***', 'tasks', 'run', 'banking_01_bronze_layer', 'debug', 'manual__2026-04-03T06:07:37.226586+00:00', '--job-id', '9572', '--raw', '--subdir', 'DAGS_FOLDER/dbt.py', '--cfg-path', '/tmp/tmp9k6i7piy']
[2026-04-03T06:07:39.574+0000] {standard_task_runner.py:91} INFO - Job 9572: Subtask debug
[2026-04-03T06:07:39.606+0000] {task_command.py:426} INFO - Running <TaskInstance: banking_01_bronze_layer.debug manual__2026-04-03T06:07:37.226586+00:00 [running]> on host c990dffe13ae
[2026-04-03T06:07:39.658+0000] {taskinstance.py:2648} INFO - Exporting env vars: AIRFLOW_CTX_DAG_OWNER='risheek' AIRFLOW_CTX_DAG_ID='banking_01_bronze_layer' AIRFLOW_CTX_TASK_ID='debug' AIRFLOW_CTX_EXECUTION_DATE='2026-04-03T06:07:37.226586+00:00' AIRFLOW_CTX_TRY_NUMBER='1' AIRFLOW_CTX_DAG_RUN_ID='manual__2026-04-03T06:07:37.226586+00:00'
[2026-04-03T06:07:39.658+0000] {taskinstance.py:430} INFO - ::endgroup::
[2026-04-03T06:07:39.658+0000] {subprocess.py:78} INFO - Tmp dir root location: /tmp
[2026-04-03T06:07:39.659+0000] {subprocess.py:88} INFO - Running command: ['/usr/bin/bash', '-c', 'dbt debug --profiles-dir /opt/***/dbt/trans_snowf']
[2026-04-03T06:07:39.663+0000] {subprocess.py:99} INFO - Output:
[2026-04-03T06:07:40.905+0000] {subprocess.py:106} INFO - [0m06:07:40  Running with dbt=1.11.7
[2026-04-03T06:07:40.910+0000] {subprocess.py:106} INFO - [0m06:07:40  dbt version: 1.11.7
[2026-04-03T06:07:40.911+0000] {subprocess.py:106} INFO - [0m06:07:40  python version: 3.12.4
[2026-04-03T06:07:40.911+0000] {subprocess.py:106} INFO - [0m06:07:40  python path: /home/***/.local/bin/python
[2026-04-03T06:07:40.911+0000] {subprocess.py:106} INFO - [0m06:07:40  os info: Linux-6.12.76-linuxkit-aarch64-with-glibc2.36
[2026-04-03T06:07:41.330+0000] {subprocess.py:106} INFO - [0m06:07:41  Using profiles dir at /opt/***/dbt/trans_snowf
[2026-04-03T06:07:41.331+0000] {subprocess.py:106} INFO - [0m06:07:41  Using profiles.yml file at /opt/***/dbt/trans_snowf/profiles.yml
[2026-04-03T06:07:41.331+0000] {subprocess.py:106} INFO - [0m06:07:41  Using dbt_project.yml file at /opt/***/dbt/trans_snowf/dbt_project.yml
[2026-04-03T06:07:41.332+0000] {subprocess.py:106} INFO - [0m06:07:41  adapter type: snowflake
[2026-04-03T06:07:41.332+0000] {subprocess.py:106} INFO - [0m06:07:41  adapter version: 1.11.3
[2026-04-03T06:07:41.384+0000] {subprocess.py:106} INFO - [0m06:07:41  Configuration:
[2026-04-03T06:07:41.384+0000] {subprocess.py:106} INFO - [0m06:07:41    profiles.yml file [[32mOK found and valid[0m]
[2026-04-03T06:07:41.385+0000] {subprocess.py:106} INFO - [0m06:07:41    dbt_project.yml file [[32mOK found and valid[0m]
[2026-04-03T06:07:41.385+0000] {subprocess.py:106} INFO - [0m06:07:41  Required dependencies:
[2026-04-03T06:07:41.386+0000] {subprocess.py:106} INFO - [0m06:07:41   - git [[31mERROR[0m]
[2026-04-03T06:07:41.386+0000] {subprocess.py:106} INFO - 
[2026-04-03T06:07:41.386+0000] {subprocess.py:106} INFO - [0m06:07:41  Connection:
[2026-04-03T06:07:41.387+0000] {subprocess.py:106} INFO - [0m06:07:41    account: BBMCDSP-CT02489
[2026-04-03T06:07:41.387+0000] {subprocess.py:106} INFO - [0m06:07:41    user: user123
[2026-04-03T06:07:41.387+0000] {subprocess.py:106} INFO - [0m06:07:41    database: BANKING
[2026-04-03T06:07:41.388+0000] {subprocess.py:106} INFO - [0m06:07:41    warehouse: COMPUTE_WH
[2026-04-03T06:07:41.388+0000] {subprocess.py:106} INFO - [0m06:07:41    role: dbtadmin
[2026-04-03T06:07:41.388+0000] {subprocess.py:106} INFO - [0m06:07:41    schema: PUBLIC
[2026-04-03T06:07:41.389+0000] {subprocess.py:106} INFO - [0m06:07:41    authenticator: None
[2026-04-03T06:07:41.389+0000] {subprocess.py:106} INFO - [0m06:07:41    oauth_client_id: None
[2026-04-03T06:07:41.389+0000] {subprocess.py:106} INFO - [0m06:07:41    query_tag: None
[2026-04-03T06:07:41.389+0000] {subprocess.py:106} INFO - [0m06:07:41    client_session_keep_alive: False
[2026-04-03T06:07:41.390+0000] {subprocess.py:106} INFO - [0m06:07:41    host: None
[2026-04-03T06:07:41.390+0000] {subprocess.py:106} INFO - [0m06:07:41    port: None
[2026-04-03T06:07:41.390+0000] {subprocess.py:106} INFO - [0m06:07:41    proxy_host: None
[2026-04-03T06:07:41.391+0000] {subprocess.py:106} INFO - [0m06:07:41    proxy_port: None
[2026-04-03T06:07:41.391+0000] {subprocess.py:106} INFO - [0m06:07:41    protocol: None
[2026-04-03T06:07:41.391+0000] {subprocess.py:106} INFO - [0m06:07:41    connect_retries: 1
[2026-04-03T06:07:41.391+0000] {subprocess.py:106} INFO - [0m06:07:41    connect_timeout: None
[2026-04-03T06:07:41.392+0000] {subprocess.py:106} INFO - [0m06:07:41    retry_on_database_errors: False
[2026-04-03T06:07:41.392+0000] {subprocess.py:106} INFO - [0m06:07:41    retry_all: False
[2026-04-03T06:07:41.392+0000] {subprocess.py:106} INFO - [0m06:07:41    insecure_mode: False
[2026-04-03T06:07:41.393+0000] {subprocess.py:106} INFO - [0m06:07:41    reuse_connections: True
[2026-04-03T06:07:41.393+0000] {subprocess.py:106} INFO - [0m06:07:41    s3_stage_vpce_dns_name: None
[2026-04-03T06:07:41.393+0000] {subprocess.py:106} INFO - [0m06:07:41    platform_detection_timeout_seconds: 0.0
[2026-04-03T06:07:41.394+0000] {subprocess.py:106} INFO - [0m06:07:41  Registered adapter: snowflake=1.11.3
[2026-04-03T06:07:42.421+0000] {subprocess.py:106} INFO - [0m06:07:42    Connection test: [[32mOK connection ok[0m]
[2026-04-03T06:07:42.422+0000] {subprocess.py:106} INFO - 
[2026-04-03T06:07:42.422+0000] {subprocess.py:106} INFO - [0m06:07:42  [31m1 check failed:[0m
[2026-04-03T06:07:42.423+0000] {subprocess.py:106} INFO - [0m06:07:42  Error from git --help: Could not find command, ensure it is in the user's PATH: "git"
[2026-04-03T06:07:42.424+0000] {subprocess.py:106} INFO - 
[2026-04-03T06:07:48.763+0000] {subprocess.py:110} INFO - Command exited with return code 1
[2026-04-03T06:07:48.768+0000] {taskinstance.py:441} INFO - ::group::Post task execution logs
[2026-04-03T06:07:48.797+0000] {taskinstance.py:2905} ERROR - Task failed with exception
Traceback (most recent call last):
  File "/home/airflow/.local/lib/python3.12/site-packages/airflow/models/taskinstance.py", line 465, in _execute_task
    result = _execute_callable(context=context, **execute_callable_kwargs)
             ^^^^^^^^^^^^^^^^^^^^^^^^^^^^^^^^^^^^^^^^^^^^^^^^^^^^^^^^^^^^^
  File "/home/airflow/.local/lib/python3.12/site-packages/airflow/models/taskinstance.py", line 432, in _execute_callable
    return execute_callable(context=context, **execute_callable_kwargs)
           ^^^^^^^^^^^^^^^^^^^^^^^^^^^^^^^^^^^^^^^^^^^^^^^^^^^^^^^^^^^^
  File "/home/airflow/.local/lib/python3.12/site-packages/airflow/models/baseoperator.py", line 401, in wrapper
    return func(self, *args, **kwargs)
           ^^^^^^^^^^^^^^^^^^^^^^^^^^^
  File "/home/airflow/.local/lib/python3.12/site-packages/airflow/providers/standard/operators/bash.py", line 233, in execute
    raise AirflowException(
airflow.exceptions.AirflowException: Bash command failed. The command returned a non-zero exit code 1.
[2026-04-03T06:07:48.803+0000] {taskinstance.py:1206} INFO - Marking task as UP_FOR_RETRY. dag_id=banking_01_bronze_layer, task_id=debug, run_id=manual__2026-04-03T06:07:37.226586+00:00, execution_date=20260403T060737, start_date=20260403T060739, end_date=20260403T060748
[2026-04-03T06:07:48.820+0000] {standard_task_runner.py:110} ERROR - Failed to execute job 9572 for task debug (Bash command failed. The command returned a non-zero exit code 1.; 270)
[2026-04-03T06:07:48.845+0000] {local_task_job_runner.py:243} INFO - Task exited with return code 1
[2026-04-03T06:07:48.868+0000] {taskinstance.py:3503} INFO - 0 downstream tasks scheduled from follow-on schedule check
[2026-04-03T06:07:48.869+0000] {local_task_job_runner.py:222} INFO - ::endgroup::
