[2026-03-25T16:36:46.945+0000] {local_task_job_runner.py:120} INFO - ::group::Pre task execution logs
[2026-03-25T16:36:46.965+0000] {taskinstance.py:2076} INFO - Dependencies all met for dep_context=non-requeueable deps ti=<TaskInstance: transfer_from_minio_to_snowflake_customers.create_stage scheduled__2026-03-25T16:35:00+00:00 [queued]>
[2026-03-25T16:36:46.970+0000] {taskinstance.py:2076} INFO - Dependencies all met for dep_context=requeueable deps ti=<TaskInstance: transfer_from_minio_to_snowflake_customers.create_stage scheduled__2026-03-25T16:35:00+00:00 [queued]>
[2026-03-25T16:36:46.970+0000] {taskinstance.py:2306} INFO - Starting attempt 1 of 3
[2026-03-25T16:36:46.977+0000] {taskinstance.py:2330} INFO - Executing <Task(SQLExecuteQueryOperator): create_stage> on 2026-03-25 16:35:00+00:00
[2026-03-25T16:36:46.987+0000] {logging_mixin.py:188} WARNING - /home/***/.local/lib/python3.12/site-packages/***/task/task_runner/standard_task_runner.py:62 DeprecationWarning: This process (pid=20535) is multi-threaded, use of fork() may lead to deadlocks in the child.
[2026-03-25T16:36:46.986+0000] {standard_task_runner.py:90} INFO - Running: ['***', 'tasks', 'run', 'transfer_from_minio_to_snowflake_customers', 'create_stage', 'scheduled__2026-03-25T16:35:00+00:00', '--job-id', '2408', '--raw', '--subdir', 'DAGS_FOLDER/transfer.py', '--cfg-path', '/tmp/tmpq23trkmk']
[2026-03-25T16:36:46.988+0000] {standard_task_runner.py:91} INFO - Job 2408: Subtask create_stage
[2026-03-25T16:36:46.988+0000] {standard_task_runner.py:64} INFO - Started process 20547 to run task
[2026-03-25T16:36:47.036+0000] {task_command.py:426} INFO - Running <TaskInstance: transfer_from_minio_to_snowflake_customers.create_stage scheduled__2026-03-25T16:35:00+00:00 [running]> on host c990dffe13ae
[2026-03-25T16:36:47.349+0000] {taskinstance.py:2648} INFO - Exporting env vars: AIRFLOW_CTX_DAG_OWNER='***' AIRFLOW_CTX_DAG_ID='transfer_from_minio_to_snowflake_customers' AIRFLOW_CTX_TASK_ID='create_stage' AIRFLOW_CTX_EXECUTION_DATE='2026-03-25T16:35:00+00:00' AIRFLOW_CTX_TRY_NUMBER='1' AIRFLOW_CTX_DAG_RUN_ID='scheduled__2026-03-25T16:35:00+00:00'
[2026-03-25T16:36:47.349+0000] {taskinstance.py:430} INFO - ::endgroup::
[2026-03-25T16:36:47.350+0000] {sql.py:282} INFO - Executing:  CREATE STAGE IF NOT EXISTS incoming  
                 URL = 's3://de-project-banking-pipeline-dev-2/customers'
                 STORAGE_INTEGRATION = my_s3_integration
                 FILE_FORMAT = (TYPE = 'JSON'); 
[2026-03-25T16:36:47.356+0000] {base.py:84} INFO - Using connection ID 'warehouse_id' for task execution.
[2026-03-25T16:36:47.396+0000] {base.py:84} INFO - Using connection ID 'warehouse_id' for task execution.
[2026-03-25T16:36:47.441+0000] {connection.py:613} INFO - Snowflake Connector for Python Version: 4.3.0, Python Version: 3.12.4, Platform: Linux-6.12.76-linuxkit-aarch64-with-glibc2.36
[2026-03-25T16:36:47.442+0000] {connection.py:1709} INFO - Connecting to GLOBAL Snowflake domain
[2026-03-25T16:36:50.362+0000] {sql.py:495} INFO - Running statement: CREATE STAGE IF NOT EXISTS incoming  
                 URL = 's3://de-project-banking-pipeline-dev-2/customers'
                 STORAGE_INTEGRATION = my_s3_integration
                 FILE_FORMAT = (TYPE = 'JSON');, parameters: None
[2026-03-25T16:36:50.539+0000] {sql.py:504} INFO - Rows affected: 1
[2026-03-25T16:36:50.541+0000] {snowflake.py:422} INFO - Rows affected: 1
[2026-03-25T16:36:50.542+0000] {snowflake.py:423} INFO - Snowflake query id: 01c34484-3202-7c30-0014-90e60003ea16
[2026-03-25T16:36:50.896+0000] {taskinstance.py:441} INFO - ::group::Post task execution logs
[2026-03-25T16:36:50.944+0000] {taskinstance.py:1206} INFO - Marking task as SUCCESS. dag_id=transfer_from_minio_to_snowflake_customers, task_id=create_stage, run_id=scheduled__2026-03-25T16:35:00+00:00, execution_date=20260325T163500, start_date=20260325T163646, end_date=20260325T163650
[2026-03-25T16:36:50.970+0000] {local_task_job_runner.py:243} INFO - Task exited with return code 0
[2026-03-25T16:36:51.005+0000] {taskinstance.py:3503} INFO - 1 downstream tasks scheduled from follow-on schedule check
[2026-03-25T16:36:51.007+0000] {local_task_job_runner.py:222} INFO - ::endgroup::
