[2026-03-28T03:54:02.873+0000] {local_task_job_runner.py:120} INFO - ::group::Pre task execution logs
[2026-03-28T03:54:02.895+0000] {taskinstance.py:2076} INFO - Dependencies all met for dep_context=non-requeueable deps ti=<TaskInstance: transfer_from_minio_to_snowflake_accounts.create_raw scheduled__2026-03-28T03:53:00+00:00 [queued]>
[2026-03-28T03:54:02.899+0000] {taskinstance.py:2076} INFO - Dependencies all met for dep_context=requeueable deps ti=<TaskInstance: transfer_from_minio_to_snowflake_accounts.create_raw scheduled__2026-03-28T03:53:00+00:00 [queued]>
[2026-03-28T03:54:02.899+0000] {taskinstance.py:2306} INFO - Starting attempt 1 of 3
[2026-03-28T03:54:02.904+0000] {taskinstance.py:2330} INFO - Executing <Task(SQLExecuteQueryOperator): create_raw> on 2026-03-28 03:53:00+00:00
[2026-03-28T03:54:02.914+0000] {standard_task_runner.py:90} INFO - Running: ['***', 'tasks', 'run', 'transfer_from_minio_to_snowflake_accounts', 'create_raw', 'scheduled__2026-03-28T03:53:00+00:00', '--job-id', '5940', '--raw', '--subdir', 'DAGS_FOLDER/transfer.py', '--cfg-path', '/tmp/tmp8zaqj4en']
[2026-03-28T03:54:02.919+0000] {standard_task_runner.py:91} INFO - Job 5940: Subtask create_raw
[2026-03-28T03:54:02.919+0000] {logging_mixin.py:188} WARNING - /home/***/.local/lib/python3.12/site-packages/***/task/task_runner/standard_task_runner.py:62 DeprecationWarning: This process (pid=48521) is multi-threaded, use of fork() may lead to deadlocks in the child.
[2026-03-28T03:54:02.920+0000] {standard_task_runner.py:64} INFO - Started process 48533 to run task
[2026-03-28T03:54:02.961+0000] {task_command.py:426} INFO - Running <TaskInstance: transfer_from_minio_to_snowflake_accounts.create_raw scheduled__2026-03-28T03:53:00+00:00 [running]> on host c990dffe13ae
[2026-03-28T03:54:03.270+0000] {taskinstance.py:2648} INFO - Exporting env vars: AIRFLOW_CTX_DAG_OWNER='***' AIRFLOW_CTX_DAG_ID='transfer_from_minio_to_snowflake_accounts' AIRFLOW_CTX_TASK_ID='create_raw' AIRFLOW_CTX_EXECUTION_DATE='2026-03-28T03:53:00+00:00' AIRFLOW_CTX_TRY_NUMBER='1' AIRFLOW_CTX_DAG_RUN_ID='scheduled__2026-03-28T03:53:00+00:00'
[2026-03-28T03:54:03.271+0000] {taskinstance.py:430} INFO - ::endgroup::
[2026-03-28T03:54:03.271+0000] {sql.py:282} INFO - Executing:  CREATE TABLE IF NOT EXISTS RAW_ACCOUNTS (
                    raw_json VARIANT,
                    inserted_at TIMESTAMP_NTZ DEFAULT CURRENT_TIMESTAMP());
                  
[2026-03-28T03:54:03.278+0000] {base.py:84} INFO - Using connection ID 'warehouse_id' for task execution.
[2026-03-28T03:54:03.321+0000] {base.py:84} INFO - Using connection ID 'warehouse_id' for task execution.
[2026-03-28T03:54:03.361+0000] {connection.py:613} INFO - Snowflake Connector for Python Version: 4.3.0, Python Version: 3.12.4, Platform: Linux-6.12.76-linuxkit-aarch64-with-glibc2.36
[2026-03-28T03:54:03.361+0000] {connection.py:1709} INFO - Connecting to GLOBAL Snowflake domain
[2026-03-28T03:54:06.764+0000] {sql.py:495} INFO - Running statement: CREATE TABLE IF NOT EXISTS RAW_ACCOUNTS (
                    raw_json VARIANT,
                    inserted_at TIMESTAMP_NTZ DEFAULT CURRENT_TIMESTAMP());, parameters: None
[2026-03-28T03:54:06.951+0000] {sql.py:504} INFO - Rows affected: 1
[2026-03-28T03:54:06.953+0000] {snowflake.py:422} INFO - Rows affected: 1
[2026-03-28T03:54:06.954+0000] {snowflake.py:423} INFO - Snowflake query id: 01c3526a-3202-8315-0014-90e60004f22e
[2026-03-28T03:54:07.365+0000] {taskinstance.py:441} INFO - ::group::Post task execution logs
[2026-03-28T03:54:07.436+0000] {taskinstance.py:1206} INFO - Marking task as SUCCESS. dag_id=transfer_from_minio_to_snowflake_accounts, task_id=create_raw, run_id=scheduled__2026-03-28T03:53:00+00:00, execution_date=20260328T035300, start_date=20260328T035402, end_date=20260328T035407
[2026-03-28T03:54:07.477+0000] {local_task_job_runner.py:243} INFO - Task exited with return code 0
[2026-03-28T03:54:07.525+0000] {taskinstance.py:3503} INFO - 1 downstream tasks scheduled from follow-on schedule check
[2026-03-28T03:54:07.526+0000] {local_task_job_runner.py:222} INFO - ::endgroup::
