[2026-03-28T13:05:17.506+0000] {local_task_job_runner.py:120} INFO - ::group::Pre task execution logs
[2026-03-28T13:05:17.524+0000] {taskinstance.py:2076} INFO - Dependencies all met for dep_context=non-requeueable deps ti=<TaskInstance: banking_01_bronze_layer.build_bronze_acc scheduled__2026-03-28T12:30:00+00:00 [queued]>
[2026-03-28T13:05:17.528+0000] {taskinstance.py:2076} INFO - Dependencies all met for dep_context=requeueable deps ti=<TaskInstance: banking_01_bronze_layer.build_bronze_acc scheduled__2026-03-28T12:30:00+00:00 [queued]>
[2026-03-28T13:05:17.528+0000] {taskinstance.py:2306} INFO - Starting attempt 2 of 2
[2026-03-28T13:05:17.535+0000] {taskinstance.py:2330} INFO - Executing <Task(BashOperator): build_bronze_acc> on 2026-03-28 12:30:00+00:00
[2026-03-28T13:05:17.537+0000] {standard_task_runner.py:64} INFO - Started process 9330 to run task
[2026-03-28T13:05:17.540+0000] {standard_task_runner.py:90} INFO - Running: ['***', 'tasks', 'run', 'banking_01_bronze_layer', 'build_bronze_acc', 'scheduled__2026-03-28T12:30:00+00:00', '--job-id', '6854', '--raw', '--subdir', 'DAGS_FOLDER/dbt.py', '--cfg-path', '/tmp/tmpoi93k17f']
[2026-03-28T13:05:17.541+0000] {standard_task_runner.py:91} INFO - Job 6854: Subtask build_bronze_acc
[2026-03-28T13:05:17.578+0000] {task_command.py:426} INFO - Running <TaskInstance: banking_01_bronze_layer.build_bronze_acc scheduled__2026-03-28T12:30:00+00:00 [running]> on host c990dffe13ae
[2026-03-28T13:05:17.629+0000] {taskinstance.py:2648} INFO - Exporting env vars: AIRFLOW_CTX_DAG_OWNER='risheek' AIRFLOW_CTX_DAG_ID='banking_01_bronze_layer' AIRFLOW_CTX_TASK_ID='build_bronze_acc' AIRFLOW_CTX_EXECUTION_DATE='2026-03-28T12:30:00+00:00' AIRFLOW_CTX_TRY_NUMBER='2' AIRFLOW_CTX_DAG_RUN_ID='scheduled__2026-03-28T12:30:00+00:00'
[2026-03-28T13:05:17.630+0000] {taskinstance.py:430} INFO - ::endgroup::
[2026-03-28T13:05:17.630+0000] {subprocess.py:78} INFO - Tmp dir root location: /tmp
[2026-03-28T13:05:17.631+0000] {subprocess.py:88} INFO - Running command: ['/usr/bin/bash', '-c', 'dbt build --select bronze_acc']
[2026-03-28T13:05:17.635+0000] {subprocess.py:99} INFO - Output:
[2026-03-28T13:05:19.131+0000] {subprocess.py:106} INFO - [0m13:05:19  Running with dbt=1.11.7
[2026-03-28T13:05:19.701+0000] {subprocess.py:106} INFO - [0m13:05:19  Registered adapter: snowflake=1.11.3
[2026-03-28T13:05:19.863+0000] {subprocess.py:106} INFO - [0m13:05:19  [[33mWARNING[0m]: Configuration paths exist in your dbt_project.yml file which do not apply to any resources.
[2026-03-28T13:05:19.863+0000] {subprocess.py:106} INFO - There are 1 unused configuration paths:
[2026-03-28T13:05:19.866+0000] {subprocess.py:106} INFO - - models.trans_snowf.example
[2026-03-28T13:05:19.983+0000] {subprocess.py:106} INFO - [0m13:05:19  Found 14 models, 3 sources, 522 macros
[2026-03-28T13:05:19.984+0000] {subprocess.py:106} INFO - [0m13:05:19
[2026-03-28T13:05:19.985+0000] {subprocess.py:106} INFO - [0m13:05:19  Concurrency: 1 threads (target='dev')
[2026-03-28T13:05:19.985+0000] {subprocess.py:106} INFO - [0m13:05:19
[2026-03-28T13:05:22.608+0000] {subprocess.py:106} INFO - [0m13:05:22  1 of 1 START sql incremental model PUBLIC_BRONZE.bronze_acc .................... [RUN]
[2026-03-28T13:05:22.928+0000] {subprocess.py:106} INFO - [0m13:05:22  1 of 1 ERROR creating sql incremental model PUBLIC_BRONZE.bronze_acc ........... [[31mERROR[0m in 0.31s]
[2026-03-28T13:05:23.462+0000] {subprocess.py:106} INFO - [0m13:05:23
[2026-03-28T13:05:23.464+0000] {subprocess.py:106} INFO - [0m13:05:23  Finished running 1 incremental model in 0 hours 0 minutes and 3.47 seconds (3.47s).
[2026-03-28T13:05:23.521+0000] {subprocess.py:106} INFO - [0m13:05:23
[2026-03-28T13:05:23.522+0000] {subprocess.py:106} INFO - [0m13:05:23  [31mCompleted with 1 error, 0 partial successes, and 0 warnings:[0m
[2026-03-28T13:05:23.522+0000] {subprocess.py:106} INFO - [0m13:05:23
[2026-03-28T13:05:23.523+0000] {subprocess.py:106} INFO - [0m13:05:23  [31mFailure in model bronze_acc (models/staging/bronze_acc.sql)[0m
[2026-03-28T13:05:23.523+0000] {subprocess.py:106} INFO - [0m13:05:23    Database Error in model bronze_acc (models/staging/bronze_acc.sql)
[2026-03-28T13:05:23.523+0000] {subprocess.py:106} INFO -   000904 (42000): SQL compilation error: error line 14 at position 8
[2026-03-28T13:05:23.524+0000] {subprocess.py:106} INFO -   invalid identifier 'PAYLOAD'
[2026-03-28T13:05:23.524+0000] {subprocess.py:106} INFO -   compiled code at target/run/trans_snowf/models/staging/bronze_acc.sql
[2026-03-28T13:05:23.524+0000] {subprocess.py:106} INFO - [0m13:05:23
[2026-03-28T13:05:23.524+0000] {subprocess.py:106} INFO - [0m13:05:23    compiled code at target/compiled/trans_snowf/models/staging/bronze_acc.sql
[2026-03-28T13:05:23.525+0000] {subprocess.py:106} INFO - [0m13:05:23
[2026-03-28T13:05:23.525+0000] {subprocess.py:106} INFO - [0m13:05:23  Done. PASS=0 WARN=0 ERROR=1 SKIP=0 NO-OP=0 TOTAL=1
[2026-03-28T13:05:25.865+0000] {subprocess.py:110} INFO - Command exited with return code 1
[2026-03-28T13:05:25.866+0000] {taskinstance.py:441} INFO - ::group::Post task execution logs
[2026-03-28T13:05:25.877+0000] {taskinstance.py:2905} ERROR - Task failed with exception
Traceback (most recent call last):
  File "/home/airflow/.local/lib/python3.12/site-packages/airflow/models/taskinstance.py", line 465, in _execute_task
    result = _execute_callable(context=context, **execute_callable_kwargs)
             ^^^^^^^^^^^^^^^^^^^^^^^^^^^^^^^^^^^^^^^^^^^^^^^^^^^^^^^^^^^^^
  File "/home/airflow/.local/lib/python3.12/site-packages/airflow/models/taskinstance.py", line 432, in _execute_callable
    return execute_callable(context=context, **execute_callable_kwargs)
           ^^^^^^^^^^^^^^^^^^^^^^^^^^^^^^^^^^^^^^^^^^^^^^^^^^^^^^^^^^^^
  File "/home/airflow/.local/lib/python3.12/site-packages/airflow/models/baseoperator.py", line 401, in wrapper
    return func(self, *args, **kwargs)
           ^^^^^^^^^^^^^^^^^^^^^^^^^^^
  File "/home/airflow/.local/lib/python3.12/site-packages/airflow/providers/standard/operators/bash.py", line 233, in execute
    raise AirflowException(
airflow.exceptions.AirflowException: Bash command failed. The command returned a non-zero exit code 1.
[2026-03-28T13:05:25.880+0000] {taskinstance.py:1206} INFO - Marking task as FAILED. dag_id=banking_01_bronze_layer, task_id=build_bronze_acc, run_id=scheduled__2026-03-28T12:30:00+00:00, execution_date=20260328T123000, start_date=20260328T130517, end_date=20260328T130525
[2026-03-28T13:05:25.892+0000] {standard_task_runner.py:110} ERROR - Failed to execute job 6854 for task build_bronze_acc (Bash command failed. The command returned a non-zero exit code 1.; 9330)
[2026-03-28T13:05:25.945+0000] {local_task_job_runner.py:243} INFO - Task exited with return code 1
[2026-03-28T13:05:25.960+0000] {taskinstance.py:3503} INFO - 0 downstream tasks scheduled from follow-on schedule check
[2026-03-28T13:05:25.961+0000] {local_task_job_runner.py:222} INFO - ::endgroup::
