[2026-04-03T06:55:29.709+0000] {local_task_job_runner.py:120} INFO - ::group::Pre task execution logs
[2026-04-03T06:55:29.724+0000] {taskinstance.py:2076} INFO - Dependencies all met for dep_context=non-requeueable deps ti=<TaskInstance: banking_01_bronze_layer.debug manual__2026-04-03T06:50:04.576923+00:00 [queued]>
[2026-04-03T06:55:29.727+0000] {taskinstance.py:2076} INFO - Dependencies all met for dep_context=requeueable deps ti=<TaskInstance: banking_01_bronze_layer.debug manual__2026-04-03T06:50:04.576923+00:00 [queued]>
[2026-04-03T06:55:29.727+0000] {taskinstance.py:2306} INFO - Starting attempt 1 of 2
[2026-04-03T06:55:29.733+0000] {taskinstance.py:2330} INFO - Executing <Task(BashOperator): debug> on 2026-04-03 06:50:04.576923+00:00
[2026-04-03T06:55:29.735+0000] {standard_task_runner.py:64} INFO - Started process 1739 to run task
[2026-04-03T06:55:29.737+0000] {standard_task_runner.py:90} INFO - Running: ['***', 'tasks', 'run', 'banking_01_bronze_layer', 'debug', 'manual__2026-04-03T06:50:04.576923+00:00', '--job-id', '9621', '--raw', '--subdir', 'DAGS_FOLDER/dbt.py', '--cfg-path', '/tmp/tmp82qy0ccf']
[2026-04-03T06:55:29.738+0000] {standard_task_runner.py:91} INFO - Job 9621: Subtask debug
[2026-04-03T06:55:29.765+0000] {task_command.py:426} INFO - Running <TaskInstance: banking_01_bronze_layer.debug manual__2026-04-03T06:50:04.576923+00:00 [running]> on host c990dffe13ae
[2026-04-03T06:55:29.807+0000] {taskinstance.py:2648} INFO - Exporting env vars: AIRFLOW_CTX_DAG_OWNER='risheek' AIRFLOW_CTX_DAG_ID='banking_01_bronze_layer' AIRFLOW_CTX_TASK_ID='debug' AIRFLOW_CTX_EXECUTION_DATE='2026-04-03T06:50:04.576923+00:00' AIRFLOW_CTX_TRY_NUMBER='1' AIRFLOW_CTX_DAG_RUN_ID='manual__2026-04-03T06:50:04.576923+00:00'
[2026-04-03T06:55:29.808+0000] {taskinstance.py:430} INFO - ::endgroup::
[2026-04-03T06:55:29.808+0000] {subprocess.py:78} INFO - Tmp dir root location: /tmp
[2026-04-03T06:55:29.809+0000] {subprocess.py:88} INFO - Running command: ['/usr/bin/bash', '-c', 'dbt debug --profiles-dir /opt/***/dbt/trans_snowf']
[2026-04-03T06:55:29.814+0000] {subprocess.py:99} INFO - Output:
[2026-04-03T06:55:31.051+0000] {subprocess.py:106} INFO - [0m06:55:31  Running with dbt=1.11.7
[2026-04-03T06:55:31.057+0000] {subprocess.py:106} INFO - [0m06:55:31  dbt version: 1.11.7
[2026-04-03T06:55:31.058+0000] {subprocess.py:106} INFO - [0m06:55:31  python version: 3.12.4
[2026-04-03T06:55:31.058+0000] {subprocess.py:106} INFO - [0m06:55:31  python path: /home/***/.local/bin/python
[2026-04-03T06:55:31.058+0000] {subprocess.py:106} INFO - [0m06:55:31  os info: Linux-6.12.76-linuxkit-aarch64-with-glibc2.36
[2026-04-03T06:55:31.551+0000] {subprocess.py:106} INFO - [0m06:55:31  Using profiles dir at /opt/***/dbt/trans_snowf
[2026-04-03T06:55:31.551+0000] {subprocess.py:106} INFO - [0m06:55:31  Using profiles.yml file at /opt/***/dbt/trans_snowf/profiles.yml
[2026-04-03T06:55:31.552+0000] {subprocess.py:106} INFO - [0m06:55:31  Using dbt_project.yml file at /opt/***/dbt/trans_snowf/dbt_project.yml
[2026-04-03T06:55:31.552+0000] {subprocess.py:106} INFO - [0m06:55:31  adapter type: snowflake
[2026-04-03T06:55:31.553+0000] {subprocess.py:106} INFO - [0m06:55:31  adapter version: 1.11.3
[2026-04-03T06:55:31.612+0000] {subprocess.py:106} INFO - [0m06:55:31  Configuration:
[2026-04-03T06:55:31.613+0000] {subprocess.py:106} INFO - [0m06:55:31    profiles.yml file [[32mOK found and valid[0m]
[2026-04-03T06:55:31.614+0000] {subprocess.py:106} INFO - [0m06:55:31    dbt_project.yml file [[32mOK found and valid[0m]
[2026-04-03T06:55:31.615+0000] {subprocess.py:106} INFO - [0m06:55:31  Required dependencies:
[2026-04-03T06:55:31.618+0000] {subprocess.py:106} INFO - [0m06:55:31   - git [[31mERROR[0m]
[2026-04-03T06:55:31.619+0000] {subprocess.py:106} INFO - 
[2026-04-03T06:55:31.619+0000] {subprocess.py:106} INFO - [0m06:55:31  Connection:
[2026-04-03T06:55:31.620+0000] {subprocess.py:106} INFO - [0m06:55:31    account: BBMCDSP-CT02489
[2026-04-03T06:55:31.621+0000] {subprocess.py:106} INFO - [0m06:55:31    user: user123
[2026-04-03T06:55:31.622+0000] {subprocess.py:106} INFO - [0m06:55:31    database: BANKING
[2026-04-03T06:55:31.623+0000] {subprocess.py:106} INFO - [0m06:55:31    warehouse: COMPUTE_WH
[2026-04-03T06:55:31.624+0000] {subprocess.py:106} INFO - [0m06:55:31    role: dbtadmin
[2026-04-03T06:55:31.625+0000] {subprocess.py:106} INFO - [0m06:55:31    schema: PUBLIC
[2026-04-03T06:55:31.626+0000] {subprocess.py:106} INFO - [0m06:55:31    authenticator: None
[2026-04-03T06:55:31.627+0000] {subprocess.py:106} INFO - [0m06:55:31    oauth_client_id: None
[2026-04-03T06:55:31.628+0000] {subprocess.py:106} INFO - [0m06:55:31    query_tag: None
[2026-04-03T06:55:31.628+0000] {subprocess.py:106} INFO - [0m06:55:31    client_session_keep_alive: False
[2026-04-03T06:55:31.629+0000] {subprocess.py:106} INFO - [0m06:55:31    host: None
[2026-04-03T06:55:31.630+0000] {subprocess.py:106} INFO - [0m06:55:31    port: None
[2026-04-03T06:55:31.631+0000] {subprocess.py:106} INFO - [0m06:55:31    proxy_host: None
[2026-04-03T06:55:31.632+0000] {subprocess.py:106} INFO - [0m06:55:31    proxy_port: None
[2026-04-03T06:55:31.633+0000] {subprocess.py:106} INFO - [0m06:55:31    protocol: None
[2026-04-03T06:55:31.634+0000] {subprocess.py:106} INFO - [0m06:55:31    connect_retries: 1
[2026-04-03T06:55:31.636+0000] {subprocess.py:106} INFO - [0m06:55:31    connect_timeout: None
[2026-04-03T06:55:31.636+0000] {subprocess.py:106} INFO - [0m06:55:31    retry_on_database_errors: False
[2026-04-03T06:55:31.637+0000] {subprocess.py:106} INFO - [0m06:55:31    retry_all: False
[2026-04-03T06:55:31.638+0000] {subprocess.py:106} INFO - [0m06:55:31    insecure_mode: False
[2026-04-03T06:55:31.639+0000] {subprocess.py:106} INFO - [0m06:55:31    reuse_connections: True
[2026-04-03T06:55:31.640+0000] {subprocess.py:106} INFO - [0m06:55:31    s3_stage_vpce_dns_name: None
[2026-04-03T06:55:31.642+0000] {subprocess.py:106} INFO - [0m06:55:31    platform_detection_timeout_seconds: 0.0
[2026-04-03T06:55:31.643+0000] {subprocess.py:106} INFO - [0m06:55:31  Registered adapter: snowflake=1.11.3
[2026-04-03T06:55:32.432+0000] {subprocess.py:106} INFO - [0m06:55:32    Connection test: [[32mOK connection ok[0m]
[2026-04-03T06:55:32.434+0000] {subprocess.py:106} INFO - 
[2026-04-03T06:55:32.435+0000] {subprocess.py:106} INFO - [0m06:55:32  [31m1 check failed:[0m
[2026-04-03T06:55:32.436+0000] {subprocess.py:106} INFO - [0m06:55:32  Error from git --help: Could not find command, ensure it is in the user's PATH: "git"
[2026-04-03T06:55:32.437+0000] {subprocess.py:106} INFO - 
[2026-04-03T06:55:38.639+0000] {subprocess.py:110} INFO - Command exited with return code 1
[2026-04-03T06:55:38.641+0000] {taskinstance.py:441} INFO - ::group::Post task execution logs
[2026-04-03T06:55:38.655+0000] {taskinstance.py:2905} ERROR - Task failed with exception
Traceback (most recent call last):
  File "/home/airflow/.local/lib/python3.12/site-packages/airflow/models/taskinstance.py", line 465, in _execute_task
    result = _execute_callable(context=context, **execute_callable_kwargs)
             ^^^^^^^^^^^^^^^^^^^^^^^^^^^^^^^^^^^^^^^^^^^^^^^^^^^^^^^^^^^^^
  File "/home/airflow/.local/lib/python3.12/site-packages/airflow/models/taskinstance.py", line 432, in _execute_callable
    return execute_callable(context=context, **execute_callable_kwargs)
           ^^^^^^^^^^^^^^^^^^^^^^^^^^^^^^^^^^^^^^^^^^^^^^^^^^^^^^^^^^^^
  File "/home/airflow/.local/lib/python3.12/site-packages/airflow/models/baseoperator.py", line 401, in wrapper
    return func(self, *args, **kwargs)
           ^^^^^^^^^^^^^^^^^^^^^^^^^^^
  File "/home/airflow/.local/lib/python3.12/site-packages/airflow/providers/standard/operators/bash.py", line 233, in execute
    raise AirflowException(
airflow.exceptions.AirflowException: Bash command failed. The command returned a non-zero exit code 1.
[2026-04-03T06:55:38.658+0000] {taskinstance.py:1206} INFO - Marking task as UP_FOR_RETRY. dag_id=banking_01_bronze_layer, task_id=debug, run_id=manual__2026-04-03T06:50:04.576923+00:00, execution_date=20260403T065004, start_date=20260403T065529, end_date=20260403T065538
[2026-04-03T06:55:38.676+0000] {standard_task_runner.py:110} ERROR - Failed to execute job 9621 for task debug (Bash command failed. The command returned a non-zero exit code 1.; 1739)
[2026-04-03T06:55:38.684+0000] {local_task_job_runner.py:243} INFO - Task exited with return code 1
[2026-04-03T06:55:38.698+0000] {taskinstance.py:3503} INFO - 0 downstream tasks scheduled from follow-on schedule check
[2026-04-03T06:55:38.699+0000] {local_task_job_runner.py:222} INFO - ::endgroup::
