[2026-03-29T13:36:14.357+0000] {local_task_job_runner.py:120} INFO - ::group::Pre task execution logs
[2026-03-29T13:36:14.372+0000] {taskinstance.py:2076} INFO - Dependencies all met for dep_context=non-requeueable deps ti=<TaskInstance: banking_01_bronze_layer.build_bronze_acc scheduled__2026-03-29T13:00:00+00:00 [queued]>
[2026-03-29T13:36:14.375+0000] {taskinstance.py:2076} INFO - Dependencies all met for dep_context=requeueable deps ti=<TaskInstance: banking_01_bronze_layer.build_bronze_acc scheduled__2026-03-29T13:00:00+00:00 [queued]>
[2026-03-29T13:36:14.375+0000] {taskinstance.py:2306} INFO - Starting attempt 1 of 2
[2026-03-29T13:36:14.380+0000] {taskinstance.py:2330} INFO - Executing <Task(BashOperator): build_bronze_acc> on 2026-03-29 13:00:00+00:00
[2026-03-29T13:36:14.382+0000] {standard_task_runner.py:64} INFO - Started process 2245 to run task
[2026-03-29T13:36:14.384+0000] {standard_task_runner.py:90} INFO - Running: ['***', 'tasks', 'run', 'banking_01_bronze_layer', 'build_bronze_acc', 'scheduled__2026-03-29T13:00:00+00:00', '--job-id', '7249', '--raw', '--subdir', 'DAGS_FOLDER/dbt.py', '--cfg-path', '/tmp/tmpame_wm3_']
[2026-03-29T13:36:14.385+0000] {standard_task_runner.py:91} INFO - Job 7249: Subtask build_bronze_acc
[2026-03-29T13:36:14.410+0000] {task_command.py:426} INFO - Running <TaskInstance: banking_01_bronze_layer.build_bronze_acc scheduled__2026-03-29T13:00:00+00:00 [running]> on host c990dffe13ae
[2026-03-29T13:36:14.451+0000] {taskinstance.py:2648} INFO - Exporting env vars: AIRFLOW_CTX_DAG_OWNER='risheek' AIRFLOW_CTX_DAG_ID='banking_01_bronze_layer' AIRFLOW_CTX_TASK_ID='build_bronze_acc' AIRFLOW_CTX_EXECUTION_DATE='2026-03-29T13:00:00+00:00' AIRFLOW_CTX_TRY_NUMBER='1' AIRFLOW_CTX_DAG_RUN_ID='scheduled__2026-03-29T13:00:00+00:00'
[2026-03-29T13:36:14.452+0000] {taskinstance.py:430} INFO - ::endgroup::
[2026-03-29T13:36:14.452+0000] {subprocess.py:78} INFO - Tmp dir root location: /tmp
[2026-03-29T13:36:14.452+0000] {subprocess.py:88} INFO - Running command: ['/usr/bin/bash', '-c', 'dbt build --select bronze_acc']
[2026-03-29T13:36:14.456+0000] {subprocess.py:99} INFO - Output:
[2026-03-29T13:36:15.682+0000] {subprocess.py:106} INFO - [0m13:36:15  Running with dbt=1.11.7
[2026-03-29T13:36:16.191+0000] {subprocess.py:106} INFO - [0m13:36:16  Registered adapter: snowflake=1.11.3
[2026-03-29T13:36:16.339+0000] {subprocess.py:106} INFO - [0m13:36:16  [[33mWARNING[0m]: Configuration paths exist in your dbt_project.yml file which do not apply to any resources.
[2026-03-29T13:36:16.339+0000] {subprocess.py:106} INFO - There are 1 unused configuration paths:
[2026-03-29T13:36:16.339+0000] {subprocess.py:106} INFO - - models.trans_snowf.example
[2026-03-29T13:36:16.436+0000] {subprocess.py:106} INFO - [0m13:36:16  Found 14 models, 3 sources, 522 macros
[2026-03-29T13:36:16.438+0000] {subprocess.py:106} INFO - [0m13:36:16
[2026-03-29T13:36:16.438+0000] {subprocess.py:106} INFO - [0m13:36:16  Concurrency: 1 threads (target='dev')
[2026-03-29T13:36:16.439+0000] {subprocess.py:106} INFO - [0m13:36:16
[2026-03-29T13:36:18.030+0000] {subprocess.py:106} INFO - [0m13:36:18  1 of 1 START sql incremental model PUBLIC_BRONZE.bronze_acc .................... [RUN]
[2026-03-29T13:38:55.471+0000] {subprocess.py:106} INFO - [0m13:38:55  1 of 1 OK created sql incremental model PUBLIC_BRONZE.bronze_acc ............... [[32mSUCCESS 0[0m in 157.43s]
[2026-03-29T13:38:55.714+0000] {subprocess.py:106} INFO - [0m13:38:55
[2026-03-29T13:38:55.715+0000] {subprocess.py:106} INFO - [0m13:38:55  Finished running 1 incremental model in 0 hours 2 minutes and 39.27 seconds (159.27s).
[2026-03-29T13:38:55.787+0000] {subprocess.py:106} INFO - [0m13:38:55
[2026-03-29T13:38:55.788+0000] {subprocess.py:106} INFO - [0m13:38:55  [32mCompleted successfully[0m
[2026-03-29T13:38:55.788+0000] {subprocess.py:106} INFO - [0m13:38:55
[2026-03-29T13:38:55.789+0000] {subprocess.py:106} INFO - [0m13:38:55  Done. PASS=1 WARN=0 ERROR=0 SKIP=0 NO-OP=0 TOTAL=1
[2026-03-29T13:38:57.830+0000] {subprocess.py:110} INFO - Command exited with return code 0
[2026-03-29T13:38:57.832+0000] {taskinstance.py:441} INFO - ::group::Post task execution logs
[2026-03-29T13:38:57.881+0000] {taskinstance.py:1206} INFO - Marking task as SUCCESS. dag_id=banking_01_bronze_layer, task_id=build_bronze_acc, run_id=scheduled__2026-03-29T13:00:00+00:00, execution_date=20260329T130000, start_date=20260329T133614, end_date=20260329T133857
[2026-03-29T13:38:57.915+0000] {local_task_job_runner.py:243} INFO - Task exited with return code 0
[2026-03-29T13:38:57.931+0000] {taskinstance.py:3503} INFO - 0 downstream tasks scheduled from follow-on schedule check
[2026-03-29T13:38:57.932+0000] {local_task_job_runner.py:222} INFO - ::endgroup::
