[2026-03-28T15:06:12.779+0000] {local_task_job_runner.py:120} INFO - ::group::Pre task execution logs
[2026-03-28T15:06:12.795+0000] {taskinstance.py:2076} INFO - Dependencies all met for dep_context=non-requeueable deps ti=<TaskInstance: banking_01_bronze_layer.build_bronze_trans scheduled__2026-03-28T14:30:00+00:00 [queued]>
[2026-03-28T15:06:12.798+0000] {taskinstance.py:2076} INFO - Dependencies all met for dep_context=requeueable deps ti=<TaskInstance: banking_01_bronze_layer.build_bronze_trans scheduled__2026-03-28T14:30:00+00:00 [queued]>
[2026-03-28T15:06:12.798+0000] {taskinstance.py:2306} INFO - Starting attempt 1 of 2
[2026-03-28T15:06:12.804+0000] {taskinstance.py:2330} INFO - Executing <Task(BashOperator): build_bronze_trans> on 2026-03-28 14:30:00+00:00
[2026-03-28T15:06:12.807+0000] {standard_task_runner.py:64} INFO - Started process 10140 to run task
[2026-03-28T15:06:12.811+0000] {standard_task_runner.py:90} INFO - Running: ['***', 'tasks', 'run', 'banking_01_bronze_layer', 'build_bronze_trans', 'scheduled__2026-03-28T14:30:00+00:00', '--job-id', '6884', '--raw', '--subdir', 'DAGS_FOLDER/dbt.py', '--cfg-path', '/tmp/tmpf3q7piv3']
[2026-03-28T15:06:12.814+0000] {standard_task_runner.py:91} INFO - Job 6884: Subtask build_bronze_trans
[2026-03-28T15:06:12.846+0000] {task_command.py:426} INFO - Running <TaskInstance: banking_01_bronze_layer.build_bronze_trans scheduled__2026-03-28T14:30:00+00:00 [running]> on host c990dffe13ae
[2026-03-28T15:06:12.894+0000] {taskinstance.py:2648} INFO - Exporting env vars: AIRFLOW_CTX_DAG_OWNER='risheek' AIRFLOW_CTX_DAG_ID='banking_01_bronze_layer' AIRFLOW_CTX_TASK_ID='build_bronze_trans' AIRFLOW_CTX_EXECUTION_DATE='2026-03-28T14:30:00+00:00' AIRFLOW_CTX_TRY_NUMBER='1' AIRFLOW_CTX_DAG_RUN_ID='scheduled__2026-03-28T14:30:00+00:00'
[2026-03-28T15:06:12.895+0000] {taskinstance.py:430} INFO - ::endgroup::
[2026-03-28T15:06:12.895+0000] {subprocess.py:78} INFO - Tmp dir root location: /tmp
[2026-03-28T15:06:12.896+0000] {subprocess.py:88} INFO - Running command: ['/usr/bin/bash', '-c', 'dbt build --select bronze_trans']
[2026-03-28T15:06:12.900+0000] {subprocess.py:99} INFO - Output:
[2026-03-28T15:06:14.209+0000] {subprocess.py:106} INFO - [0m15:06:14  Running with dbt=1.11.7
[2026-03-28T15:06:15.041+0000] {subprocess.py:106} INFO - [0m15:06:15  Registered adapter: snowflake=1.11.3
[2026-03-28T15:06:15.248+0000] {subprocess.py:106} INFO - [0m15:06:15  [[33mWARNING[0m]: Configuration paths exist in your dbt_project.yml file which do not apply to any resources.
[2026-03-28T15:06:15.248+0000] {subprocess.py:106} INFO - There are 1 unused configuration paths:
[2026-03-28T15:06:15.248+0000] {subprocess.py:106} INFO - - models.trans_snowf.example
[2026-03-28T15:06:15.464+0000] {subprocess.py:106} INFO - [0m15:06:15  Found 14 models, 3 sources, 522 macros
[2026-03-28T15:06:15.466+0000] {subprocess.py:106} INFO - [0m15:06:15
[2026-03-28T15:06:15.466+0000] {subprocess.py:106} INFO - [0m15:06:15  Concurrency: 1 threads (target='dev')
[2026-03-28T15:06:15.467+0000] {subprocess.py:106} INFO - [0m15:06:15
[2026-03-28T15:06:16.613+0000] {subprocess.py:106} INFO - [0m15:06:16
[2026-03-28T15:06:16.615+0000] {subprocess.py:106} INFO - [0m15:06:16  Finished running  in 0 hours 0 minutes and 1.15 seconds (1.15s).
[2026-03-28T15:06:16.617+0000] {subprocess.py:106} INFO - [0m15:06:16  Encountered an error:
[2026-03-28T15:06:16.618+0000] {subprocess.py:106} INFO - Runtime Error
[2026-03-28T15:06:16.619+0000] {subprocess.py:106} INFO -   Database error while listing schemas in database "BANKING"
[2026-03-28T15:06:16.620+0000] {subprocess.py:106} INFO -   Database Error
[2026-03-28T15:06:16.621+0000] {subprocess.py:106} INFO -     250001 (08001): Failed to connect to DB: BBMCDSP-CT02489.snowflakecomputing.com:443. JWT token is invalid. [8848fc74-049c-41c3-b966-7f1b9cc51bbb]
[2026-03-28T15:06:19.332+0000] {subprocess.py:110} INFO - Command exited with return code 2
[2026-03-28T15:06:19.339+0000] {taskinstance.py:441} INFO - ::group::Post task execution logs
[2026-03-28T15:06:19.373+0000] {taskinstance.py:2905} ERROR - Task failed with exception
Traceback (most recent call last):
  File "/home/airflow/.local/lib/python3.12/site-packages/airflow/models/taskinstance.py", line 465, in _execute_task
    result = _execute_callable(context=context, **execute_callable_kwargs)
             ^^^^^^^^^^^^^^^^^^^^^^^^^^^^^^^^^^^^^^^^^^^^^^^^^^^^^^^^^^^^^
  File "/home/airflow/.local/lib/python3.12/site-packages/airflow/models/taskinstance.py", line 432, in _execute_callable
    return execute_callable(context=context, **execute_callable_kwargs)
           ^^^^^^^^^^^^^^^^^^^^^^^^^^^^^^^^^^^^^^^^^^^^^^^^^^^^^^^^^^^^
  File "/home/airflow/.local/lib/python3.12/site-packages/airflow/models/baseoperator.py", line 401, in wrapper
    return func(self, *args, **kwargs)
           ^^^^^^^^^^^^^^^^^^^^^^^^^^^
  File "/home/airflow/.local/lib/python3.12/site-packages/airflow/providers/standard/operators/bash.py", line 233, in execute
    raise AirflowException(
airflow.exceptions.AirflowException: Bash command failed. The command returned a non-zero exit code 2.
[2026-03-28T15:06:19.383+0000] {taskinstance.py:1206} INFO - Marking task as UP_FOR_RETRY. dag_id=banking_01_bronze_layer, task_id=build_bronze_trans, run_id=scheduled__2026-03-28T14:30:00+00:00, execution_date=20260328T143000, start_date=20260328T150612, end_date=20260328T150619
[2026-03-28T15:06:19.409+0000] {standard_task_runner.py:110} ERROR - Failed to execute job 6884 for task build_bronze_trans (Bash command failed. The command returned a non-zero exit code 2.; 10140)
[2026-03-28T15:06:19.426+0000] {local_task_job_runner.py:243} INFO - Task exited with return code 1
[2026-03-28T15:06:19.451+0000] {taskinstance.py:3503} INFO - 0 downstream tasks scheduled from follow-on schedule check
[2026-03-28T15:06:19.453+0000] {local_task_job_runner.py:222} INFO - ::endgroup::
