[2026-03-28T03:21:49.044+0000] {local_task_job_runner.py:120} INFO - ::group::Pre task execution logs
[2026-03-28T03:21:49.058+0000] {taskinstance.py:2076} INFO - Dependencies all met for dep_context=non-requeueable deps ti=<TaskInstance: banking_01_bronze_layer.build_bronze_cust scheduled__2026-03-28T00:00:00+00:00 [queued]>
[2026-03-28T03:21:49.061+0000] {taskinstance.py:2076} INFO - Dependencies all met for dep_context=requeueable deps ti=<TaskInstance: banking_01_bronze_layer.build_bronze_cust scheduled__2026-03-28T00:00:00+00:00 [queued]>
[2026-03-28T03:21:49.061+0000] {taskinstance.py:2306} INFO - Starting attempt 1 of 2
[2026-03-28T03:21:49.067+0000] {taskinstance.py:2330} INFO - Executing <Task(BashOperator): build_bronze_cust> on 2026-03-28 00:00:00+00:00
[2026-03-28T03:21:49.069+0000] {standard_task_runner.py:64} INFO - Started process 43998 to run task
[2026-03-28T03:21:49.070+0000] {standard_task_runner.py:90} INFO - Running: ['***', 'tasks', 'run', 'banking_01_bronze_layer', 'build_bronze_cust', 'scheduled__2026-03-28T00:00:00+00:00', '--job-id', '5713', '--raw', '--subdir', 'DAGS_FOLDER/dbt.py', '--cfg-path', '/tmp/tmp2ec51485']
[2026-03-28T03:21:49.071+0000] {standard_task_runner.py:91} INFO - Job 5713: Subtask build_bronze_cust
[2026-03-28T03:21:49.094+0000] {task_command.py:426} INFO - Running <TaskInstance: banking_01_bronze_layer.build_bronze_cust scheduled__2026-03-28T00:00:00+00:00 [running]> on host c990dffe13ae
[2026-03-28T03:21:49.134+0000] {taskinstance.py:2648} INFO - Exporting env vars: AIRFLOW_CTX_DAG_OWNER='risheek' AIRFLOW_CTX_DAG_ID='banking_01_bronze_layer' AIRFLOW_CTX_TASK_ID='build_bronze_cust' AIRFLOW_CTX_EXECUTION_DATE='2026-03-28T00:00:00+00:00' AIRFLOW_CTX_TRY_NUMBER='1' AIRFLOW_CTX_DAG_RUN_ID='scheduled__2026-03-28T00:00:00+00:00'
[2026-03-28T03:21:49.135+0000] {taskinstance.py:430} INFO - ::endgroup::
[2026-03-28T03:21:49.135+0000] {subprocess.py:78} INFO - Tmp dir root location: /tmp
[2026-03-28T03:21:49.136+0000] {subprocess.py:88} INFO - Running command: ['/usr/bin/bash', '-c', 'dbt build --select bronze_cust']
[2026-03-28T03:21:49.139+0000] {subprocess.py:99} INFO - Output:
[2026-03-28T03:21:50.299+0000] {subprocess.py:106} INFO - [0m03:21:50  Running with dbt=1.11.7
[2026-03-28T03:21:51.657+0000] {subprocess.py:106} INFO - [0m03:21:51  Registered adapter: snowflake=1.11.3
[2026-03-28T03:21:51.919+0000] {subprocess.py:106} INFO - [0m03:21:51  [[33mWARNING[0m]: Configuration paths exist in your dbt_project.yml file which do not apply to any resources.
[2026-03-28T03:21:51.920+0000] {subprocess.py:106} INFO - There are 1 unused configuration paths:
[2026-03-28T03:21:51.920+0000] {subprocess.py:106} INFO - - models.trans_snowf.example
[2026-03-28T03:21:52.112+0000] {subprocess.py:106} INFO - [0m03:21:52  Found 14 models, 3 sources, 522 macros
[2026-03-28T03:21:52.116+0000] {subprocess.py:106} INFO - [0m03:21:52
[2026-03-28T03:21:52.118+0000] {subprocess.py:106} INFO - [0m03:21:52  Concurrency: 1 threads (target='dev')
[2026-03-28T03:21:52.119+0000] {subprocess.py:106} INFO - [0m03:21:52
[2026-03-28T03:33:02.566+0000] {subprocess.py:106} INFO - [0m03:33:02
[2026-03-28T03:33:02.570+0000] {subprocess.py:106} INFO - [0m03:33:02  Finished running  in 0 hours 11 minutes and 10.44 seconds (670.44s).
[2026-03-28T03:33:02.571+0000] {subprocess.py:106} INFO - [0m03:33:02  Encountered an error:
[2026-03-28T03:33:02.571+0000] {subprocess.py:106} INFO - Runtime Error
[2026-03-28T03:33:02.571+0000] {subprocess.py:106} INFO -   Database error while listing schemas in database "BANKING"
[2026-03-28T03:33:02.571+0000] {subprocess.py:106} INFO -   Database Error
[2026-03-28T03:33:02.572+0000] {subprocess.py:106} INFO -     250001: Could not connect to Snowflake backend after 6 attempt(s).Aborting
[2026-03-28T03:33:02.958+0000] {subprocess.py:110} INFO - Command exited with return code 2
[2026-03-28T03:33:02.961+0000] {taskinstance.py:441} INFO - ::group::Post task execution logs
[2026-03-28T03:33:02.994+0000] {taskinstance.py:2905} ERROR - Task failed with exception
Traceback (most recent call last):
  File "/home/airflow/.local/lib/python3.12/site-packages/airflow/models/taskinstance.py", line 465, in _execute_task
    result = _execute_callable(context=context, **execute_callable_kwargs)
             ^^^^^^^^^^^^^^^^^^^^^^^^^^^^^^^^^^^^^^^^^^^^^^^^^^^^^^^^^^^^^
  File "/home/airflow/.local/lib/python3.12/site-packages/airflow/models/taskinstance.py", line 432, in _execute_callable
    return execute_callable(context=context, **execute_callable_kwargs)
           ^^^^^^^^^^^^^^^^^^^^^^^^^^^^^^^^^^^^^^^^^^^^^^^^^^^^^^^^^^^^
  File "/home/airflow/.local/lib/python3.12/site-packages/airflow/models/baseoperator.py", line 401, in wrapper
    return func(self, *args, **kwargs)
           ^^^^^^^^^^^^^^^^^^^^^^^^^^^
  File "/home/airflow/.local/lib/python3.12/site-packages/airflow/providers/standard/operators/bash.py", line 233, in execute
    raise AirflowException(
airflow.exceptions.AirflowException: Bash command failed. The command returned a non-zero exit code 2.
[2026-03-28T03:33:02.999+0000] {taskinstance.py:1206} INFO - Marking task as UP_FOR_RETRY. dag_id=banking_01_bronze_layer, task_id=build_bronze_cust, run_id=scheduled__2026-03-28T00:00:00+00:00, execution_date=20260328T000000, start_date=20260328T032149, end_date=20260328T033302
[2026-03-28T03:33:03.018+0000] {standard_task_runner.py:110} ERROR - Failed to execute job 5713 for task build_bronze_cust (Bash command failed. The command returned a non-zero exit code 2.; 43998)
[2026-03-28T03:33:03.032+0000] {local_task_job_runner.py:243} INFO - Task exited with return code 1
[2026-03-28T03:33:03.063+0000] {taskinstance.py:3503} INFO - 0 downstream tasks scheduled from follow-on schedule check
[2026-03-28T03:33:03.064+0000] {local_task_job_runner.py:222} INFO - ::endgroup::
