[2026-03-25T15:10:29.991+0000] {local_task_job_runner.py:120} INFO - ::group::Pre task execution logs
[2026-03-25T15:10:30.007+0000] {taskinstance.py:2076} INFO - Dependencies all met for dep_context=non-requeueable deps ti=<TaskInstance: transfer_from_minio_to_snowflake_accounts.copy_json_to_variant scheduled__2026-03-25T15:09:00+00:00 [queued]>
[2026-03-25T15:10:30.010+0000] {taskinstance.py:2076} INFO - Dependencies all met for dep_context=requeueable deps ti=<TaskInstance: transfer_from_minio_to_snowflake_accounts.copy_json_to_variant scheduled__2026-03-25T15:09:00+00:00 [queued]>
[2026-03-25T15:10:30.010+0000] {taskinstance.py:2306} INFO - Starting attempt 1 of 3
[2026-03-25T15:10:30.015+0000] {taskinstance.py:2330} INFO - Executing <Task(SQLExecuteQueryOperator): copy_json_to_variant> on 2026-03-25 15:09:00+00:00
[2026-03-25T15:10:30.023+0000] {logging_mixin.py:188} WARNING - /home/***/.local/lib/python3.12/site-packages/***/task/task_runner/standard_task_runner.py:62 DeprecationWarning: This process (pid=4716) is multi-threaded, use of fork() may lead to deadlocks in the child.
[2026-03-25T15:10:30.021+0000] {standard_task_runner.py:90} INFO - Running: ['***', 'tasks', 'run', 'transfer_from_minio_to_snowflake_accounts', 'copy_json_to_variant', 'scheduled__2026-03-25T15:09:00+00:00', '--job-id', '1591', '--raw', '--subdir', 'DAGS_FOLDER/transfer.py', '--cfg-path', '/tmp/tmp522vjvi4']
[2026-03-25T15:10:30.025+0000] {standard_task_runner.py:91} INFO - Job 1591: Subtask copy_json_to_variant
[2026-03-25T15:10:30.024+0000] {standard_task_runner.py:64} INFO - Started process 4728 to run task
[2026-03-25T15:10:30.059+0000] {task_command.py:426} INFO - Running <TaskInstance: transfer_from_minio_to_snowflake_accounts.copy_json_to_variant scheduled__2026-03-25T15:09:00+00:00 [running]> on host c990dffe13ae
[2026-03-25T15:10:30.208+0000] {taskinstance.py:2648} INFO - Exporting env vars: AIRFLOW_CTX_DAG_OWNER='***' AIRFLOW_CTX_DAG_ID='transfer_from_minio_to_snowflake_accounts' AIRFLOW_CTX_TASK_ID='copy_json_to_variant' AIRFLOW_CTX_EXECUTION_DATE='2026-03-25T15:09:00+00:00' AIRFLOW_CTX_TRY_NUMBER='1' AIRFLOW_CTX_DAG_RUN_ID='scheduled__2026-03-25T15:09:00+00:00'
[2026-03-25T15:10:30.208+0000] {taskinstance.py:430} INFO - ::endgroup::
[2026-03-25T15:10:30.208+0000] {sql.py:282} INFO - Executing: 
            COPY INTO RAW_ACCOUNTS (raw_json)
            FROM @incoming
            FILE_FORMAT = (TYPE = 'JSON')
            ON_ERROR = 'CONTINUE';
        
[2026-03-25T15:10:30.214+0000] {base.py:84} INFO - Using connection ID 'warehouse_id' for task execution.
[2026-03-25T15:10:30.245+0000] {base.py:84} INFO - Using connection ID 'warehouse_id' for task execution.
[2026-03-25T15:10:30.284+0000] {connection.py:613} INFO - Snowflake Connector for Python Version: 4.3.0, Python Version: 3.12.4, Platform: Linux-6.12.76-linuxkit-aarch64-with-glibc2.36
[2026-03-25T15:10:30.284+0000] {connection.py:1709} INFO - Connecting to GLOBAL Snowflake domain
[2026-03-25T15:10:33.123+0000] {sql.py:495} INFO - Running statement: COPY INTO RAW_ACCOUNTS (raw_json)
            FROM @incoming
            FILE_FORMAT = (TYPE = 'JSON')
            ON_ERROR = 'CONTINUE';, parameters: None
[2026-03-25T15:10:34.205+0000] {sql.py:504} INFO - Rows affected: 1
[2026-03-25T15:10:34.206+0000] {snowflake.py:422} INFO - Rows affected: 1
[2026-03-25T15:10:34.206+0000] {snowflake.py:423} INFO - Snowflake query id: 01c3442e-3202-7cb1-0014-90e60003be4e
[2026-03-25T15:10:34.601+0000] {taskinstance.py:441} INFO - ::group::Post task execution logs
[2026-03-25T15:10:34.642+0000] {taskinstance.py:1206} INFO - Marking task as SUCCESS. dag_id=transfer_from_minio_to_snowflake_accounts, task_id=copy_json_to_variant, run_id=scheduled__2026-03-25T15:09:00+00:00, execution_date=20260325T150900, start_date=20260325T151030, end_date=20260325T151034
[2026-03-25T15:10:34.687+0000] {local_task_job_runner.py:243} INFO - Task exited with return code 0
[2026-03-25T15:10:34.703+0000] {taskinstance.py:3503} INFO - 0 downstream tasks scheduled from follow-on schedule check
[2026-03-25T15:10:34.704+0000] {local_task_job_runner.py:222} INFO - ::endgroup::
