[2026-03-29T21:12:16.757+0000] {local_task_job_runner.py:120} INFO - ::group::Pre task execution logs
[2026-03-29T21:12:16.777+0000] {taskinstance.py:2076} INFO - Dependencies all met for dep_context=non-requeueable deps ti=<TaskInstance: banking_01_bronze_layer.build_bronze_acc scheduled__2026-03-29T20:30:00+00:00 [queued]>
[2026-03-29T21:12:16.781+0000] {taskinstance.py:2076} INFO - Dependencies all met for dep_context=requeueable deps ti=<TaskInstance: banking_01_bronze_layer.build_bronze_acc scheduled__2026-03-29T20:30:00+00:00 [queued]>
[2026-03-29T21:12:16.781+0000] {taskinstance.py:2306} INFO - Starting attempt 1 of 2
[2026-03-29T21:12:16.788+0000] {taskinstance.py:2330} INFO - Executing <Task(BashOperator): build_bronze_acc> on 2026-03-29 20:30:00+00:00
[2026-03-29T21:12:16.792+0000] {standard_task_runner.py:64} INFO - Started process 5166 to run task
[2026-03-29T21:12:16.795+0000] {standard_task_runner.py:90} INFO - Running: ['***', 'tasks', 'run', 'banking_01_bronze_layer', 'build_bronze_acc', 'scheduled__2026-03-29T20:30:00+00:00', '--job-id', '7335', '--raw', '--subdir', 'DAGS_FOLDER/dbt.py', '--cfg-path', '/tmp/tmponvecctt']
[2026-03-29T21:12:16.797+0000] {standard_task_runner.py:91} INFO - Job 7335: Subtask build_bronze_acc
[2026-03-29T21:12:16.837+0000] {task_command.py:426} INFO - Running <TaskInstance: banking_01_bronze_layer.build_bronze_acc scheduled__2026-03-29T20:30:00+00:00 [running]> on host c990dffe13ae
[2026-03-29T21:12:16.891+0000] {taskinstance.py:2648} INFO - Exporting env vars: AIRFLOW_CTX_DAG_OWNER='risheek' AIRFLOW_CTX_DAG_ID='banking_01_bronze_layer' AIRFLOW_CTX_TASK_ID='build_bronze_acc' AIRFLOW_CTX_EXECUTION_DATE='2026-03-29T20:30:00+00:00' AIRFLOW_CTX_TRY_NUMBER='1' AIRFLOW_CTX_DAG_RUN_ID='scheduled__2026-03-29T20:30:00+00:00'
[2026-03-29T21:12:16.892+0000] {taskinstance.py:430} INFO - ::endgroup::
[2026-03-29T21:12:16.893+0000] {subprocess.py:78} INFO - Tmp dir root location: /tmp
[2026-03-29T21:12:16.893+0000] {subprocess.py:88} INFO - Running command: ['/usr/bin/bash', '-c', 'dbt build --select bronze_acc']
[2026-03-29T21:12:16.897+0000] {subprocess.py:99} INFO - Output:
[2026-03-29T21:27:43.190+0000] {subprocess.py:106} INFO - [0m21:27:43  Running with dbt=1.11.7
[2026-03-29T21:27:43.717+0000] {subprocess.py:106} INFO - [0m21:27:43  Registered adapter: snowflake=1.11.3
[2026-03-29T21:27:43.861+0000] {subprocess.py:106} INFO - [0m21:27:43  [[33mWARNING[0m]: Configuration paths exist in your dbt_project.yml file which do not apply to any resources.
[2026-03-29T21:27:43.861+0000] {subprocess.py:106} INFO - There are 1 unused configuration paths:
[2026-03-29T21:27:43.862+0000] {subprocess.py:106} INFO - - models.trans_snowf.example
[2026-03-29T21:27:43.958+0000] {subprocess.py:106} INFO - [0m21:27:43  Found 14 models, 3 sources, 522 macros
[2026-03-29T21:27:43.960+0000] {subprocess.py:106} INFO - [0m21:27:43
[2026-03-29T21:27:43.960+0000] {subprocess.py:106} INFO - [0m21:27:43  Concurrency: 1 threads (target='dev')
[2026-03-29T21:27:43.960+0000] {subprocess.py:106} INFO - [0m21:27:43
[2026-03-29T21:27:46.580+0000] {subprocess.py:106} INFO - [0m21:27:46  1 of 1 START sql incremental model PUBLIC_BRONZE.bronze_acc .................... [RUN]
[2026-03-29T21:27:49.373+0000] {subprocess.py:106} INFO - [0m21:27:49  1 of 1 OK created sql incremental model PUBLIC_BRONZE.bronze_acc ............... [[32mSUCCESS 0[0m in 2.79s]
[2026-03-29T21:27:50.874+0000] {subprocess.py:106} INFO - [0m21:27:50
[2026-03-29T21:27:50.876+0000] {subprocess.py:106} INFO - [0m21:27:50  Finished running 1 incremental model in 0 hours 0 minutes and 6.91 seconds (6.91s).
[2026-03-29T21:27:50.935+0000] {subprocess.py:106} INFO - [0m21:27:50
[2026-03-29T21:27:50.935+0000] {subprocess.py:106} INFO - [0m21:27:50  [32mCompleted successfully[0m
[2026-03-29T21:27:50.936+0000] {subprocess.py:106} INFO - [0m21:27:50
[2026-03-29T21:27:50.936+0000] {subprocess.py:106} INFO - [0m21:27:50  Done. PASS=1 WARN=0 ERROR=0 SKIP=0 NO-OP=0 TOTAL=1
[2026-03-29T21:27:52.469+0000] {subprocess.py:110} INFO - Command exited with return code 0
[2026-03-29T21:27:52.471+0000] {taskinstance.py:441} INFO - ::group::Post task execution logs
[2026-03-29T21:27:52.511+0000] {taskinstance.py:1206} INFO - Marking task as SUCCESS. dag_id=banking_01_bronze_layer, task_id=build_bronze_acc, run_id=scheduled__2026-03-29T20:30:00+00:00, execution_date=20260329T203000, start_date=20260329T211216, end_date=20260329T212752
[2026-03-29T21:27:52.547+0000] {local_task_job_runner.py:243} INFO - Task exited with return code 0
[2026-03-29T21:27:52.560+0000] {taskinstance.py:3503} INFO - 0 downstream tasks scheduled from follow-on schedule check
[2026-03-29T21:27:52.561+0000] {local_task_job_runner.py:222} INFO - ::endgroup::
