[2026-03-25T16:17:45.019+0000] {local_task_job_runner.py:120} INFO - ::group::Pre task execution logs
[2026-03-25T16:17:45.044+0000] {taskinstance.py:2076} INFO - Dependencies all met for dep_context=non-requeueable deps ti=<TaskInstance: transfer_from_minio_to_snowflake_customers.copy_json_to_variant scheduled__2026-03-25T16:16:00+00:00 [queued]>
[2026-03-25T16:17:45.050+0000] {taskinstance.py:2076} INFO - Dependencies all met for dep_context=requeueable deps ti=<TaskInstance: transfer_from_minio_to_snowflake_customers.copy_json_to_variant scheduled__2026-03-25T16:16:00+00:00 [queued]>
[2026-03-25T16:17:45.050+0000] {taskinstance.py:2306} INFO - Starting attempt 1 of 3
[2026-03-25T16:17:45.056+0000] {taskinstance.py:2330} INFO - Executing <Task(SQLExecuteQueryOperator): copy_json_to_variant> on 2026-03-25 16:16:00+00:00
[2026-03-25T16:17:45.062+0000] {standard_task_runner.py:90} INFO - Running: ['***', 'tasks', 'run', 'transfer_from_minio_to_snowflake_customers', 'copy_json_to_variant', 'scheduled__2026-03-25T16:16:00+00:00', '--job-id', '2233', '--raw', '--subdir', 'DAGS_FOLDER/transfer.py', '--cfg-path', '/tmp/tmp3ordizbg']
[2026-03-25T16:17:45.066+0000] {logging_mixin.py:188} WARNING - /home/***/.local/lib/python3.12/site-packages/***/task/task_runner/standard_task_runner.py:62 DeprecationWarning: This process (pid=17151) is multi-threaded, use of fork() may lead to deadlocks in the child.
[2026-03-25T16:17:45.066+0000] {standard_task_runner.py:91} INFO - Job 2233: Subtask copy_json_to_variant
[2026-03-25T16:17:45.066+0000] {standard_task_runner.py:64} INFO - Started process 17163 to run task
[2026-03-25T16:17:45.111+0000] {task_command.py:426} INFO - Running <TaskInstance: transfer_from_minio_to_snowflake_customers.copy_json_to_variant scheduled__2026-03-25T16:16:00+00:00 [running]> on host c990dffe13ae
[2026-03-25T16:17:45.358+0000] {taskinstance.py:2648} INFO - Exporting env vars: AIRFLOW_CTX_DAG_OWNER='***' AIRFLOW_CTX_DAG_ID='transfer_from_minio_to_snowflake_customers' AIRFLOW_CTX_TASK_ID='copy_json_to_variant' AIRFLOW_CTX_EXECUTION_DATE='2026-03-25T16:16:00+00:00' AIRFLOW_CTX_TRY_NUMBER='1' AIRFLOW_CTX_DAG_RUN_ID='scheduled__2026-03-25T16:16:00+00:00'
[2026-03-25T16:17:45.359+0000] {taskinstance.py:430} INFO - ::endgroup::
[2026-03-25T16:17:45.359+0000] {sql.py:282} INFO - Executing: 
            COPY INTO RAW_CUSTOMERS (raw_json)
            FROM @incoming
            FILE_FORMAT = (TYPE = 'JSON')
            ON_ERROR = 'CONTINUE';
        
[2026-03-25T16:17:45.366+0000] {base.py:84} INFO - Using connection ID 'warehouse_id' for task execution.
[2026-03-25T16:17:45.401+0000] {base.py:84} INFO - Using connection ID 'warehouse_id' for task execution.
[2026-03-25T16:17:45.441+0000] {connection.py:613} INFO - Snowflake Connector for Python Version: 4.3.0, Python Version: 3.12.4, Platform: Linux-6.12.76-linuxkit-aarch64-with-glibc2.36
[2026-03-25T16:17:45.442+0000] {connection.py:1709} INFO - Connecting to GLOBAL Snowflake domain
[2026-03-25T16:17:47.771+0000] {sql.py:495} INFO - Running statement: COPY INTO RAW_CUSTOMERS (raw_json)
            FROM @incoming
            FILE_FORMAT = (TYPE = 'JSON')
            ON_ERROR = 'CONTINUE';, parameters: None
[2026-03-25T16:17:48.541+0000] {sql.py:504} INFO - Rows affected: 1
[2026-03-25T16:17:48.543+0000] {snowflake.py:422} INFO - Rows affected: 1
[2026-03-25T16:17:48.543+0000] {snowflake.py:423} INFO - Snowflake query id: 01c34471-3202-7c30-0014-90e60003e622
[2026-03-25T16:17:48.933+0000] {taskinstance.py:441} INFO - ::group::Post task execution logs
[2026-03-25T16:17:48.982+0000] {taskinstance.py:1206} INFO - Marking task as SUCCESS. dag_id=transfer_from_minio_to_snowflake_customers, task_id=copy_json_to_variant, run_id=scheduled__2026-03-25T16:16:00+00:00, execution_date=20260325T161600, start_date=20260325T161745, end_date=20260325T161748
[2026-03-25T16:17:49.005+0000] {local_task_job_runner.py:243} INFO - Task exited with return code 0
[2026-03-25T16:17:49.040+0000] {taskinstance.py:3503} INFO - 0 downstream tasks scheduled from follow-on schedule check
[2026-03-25T16:17:49.042+0000] {local_task_job_runner.py:222} INFO - ::endgroup::
