[2026-03-30T22:37:59.731+0000] {local_task_job_runner.py:120} INFO - ::group::Pre task execution logs
[2026-03-30T22:37:59.746+0000] {taskinstance.py:2076} INFO - Dependencies all met for dep_context=non-requeueable deps ti=<TaskInstance: banking_01_bronze_layer.debug scheduled__2026-03-30T22:00:00+00:00 [queued]>
[2026-03-30T22:37:59.750+0000] {taskinstance.py:2076} INFO - Dependencies all met for dep_context=requeueable deps ti=<TaskInstance: banking_01_bronze_layer.debug scheduled__2026-03-30T22:00:00+00:00 [queued]>
[2026-03-30T22:37:59.750+0000] {taskinstance.py:2306} INFO - Starting attempt 2 of 2
[2026-03-30T22:37:59.758+0000] {taskinstance.py:2330} INFO - Executing <Task(BashOperator): debug> on 2026-03-30 22:00:00+00:00
[2026-03-30T22:37:59.762+0000] {standard_task_runner.py:64} INFO - Started process 34573 to run task
[2026-03-30T22:37:59.763+0000] {standard_task_runner.py:90} INFO - Running: ['***', 'tasks', 'run', 'banking_01_bronze_layer', 'debug', 'scheduled__2026-03-30T22:00:00+00:00', '--job-id', '9203', '--raw', '--subdir', 'DAGS_FOLDER/dbt.py', '--cfg-path', '/tmp/tmp0m4_s4qg']
[2026-03-30T22:37:59.764+0000] {standard_task_runner.py:91} INFO - Job 9203: Subtask debug
[2026-03-30T22:37:59.791+0000] {task_command.py:426} INFO - Running <TaskInstance: banking_01_bronze_layer.debug scheduled__2026-03-30T22:00:00+00:00 [running]> on host c990dffe13ae
[2026-03-30T22:37:59.832+0000] {taskinstance.py:2648} INFO - Exporting env vars: AIRFLOW_CTX_DAG_OWNER='risheek' AIRFLOW_CTX_DAG_ID='banking_01_bronze_layer' AIRFLOW_CTX_TASK_ID='debug' AIRFLOW_CTX_EXECUTION_DATE='2026-03-30T22:00:00+00:00' AIRFLOW_CTX_TRY_NUMBER='2' AIRFLOW_CTX_DAG_RUN_ID='scheduled__2026-03-30T22:00:00+00:00'
[2026-03-30T22:37:59.833+0000] {taskinstance.py:430} INFO - ::endgroup::
[2026-03-30T22:37:59.833+0000] {subprocess.py:78} INFO - Tmp dir root location: /tmp
[2026-03-30T22:37:59.834+0000] {subprocess.py:88} INFO - Running command: ['/usr/bin/bash', '-c', 'dbt debug --profiles-dir /opt/***/dbt/trans_snowf']
[2026-03-30T22:37:59.838+0000] {subprocess.py:99} INFO - Output:
[2026-03-30T22:38:01.509+0000] {subprocess.py:106} INFO - [0m22:38:01  Running with dbt=1.11.7
[2026-03-30T22:38:01.524+0000] {subprocess.py:106} INFO - [0m22:38:01  dbt version: 1.11.7
[2026-03-30T22:38:01.525+0000] {subprocess.py:106} INFO - [0m22:38:01  python version: 3.12.4
[2026-03-30T22:38:01.525+0000] {subprocess.py:106} INFO - [0m22:38:01  python path: /home/***/.local/bin/python
[2026-03-30T22:38:01.526+0000] {subprocess.py:106} INFO - [0m22:38:01  os info: Linux-6.12.76-linuxkit-aarch64-with-glibc2.36
[2026-03-30T22:38:02.049+0000] {subprocess.py:106} INFO - [0m22:38:02  Using profiles dir at /opt/***/dbt/trans_snowf
[2026-03-30T22:38:02.050+0000] {subprocess.py:106} INFO - [0m22:38:02  Using profiles.yml file at /opt/***/dbt/trans_snowf/profiles.yml
[2026-03-30T22:38:02.051+0000] {subprocess.py:106} INFO - [0m22:38:02  Using dbt_project.yml file at /opt/***/dbt/trans_snowf/dbt_project.yml
[2026-03-30T22:38:02.051+0000] {subprocess.py:106} INFO - [0m22:38:02  adapter type: snowflake
[2026-03-30T22:38:02.052+0000] {subprocess.py:106} INFO - [0m22:38:02  adapter version: 1.11.3
[2026-03-30T22:38:02.113+0000] {subprocess.py:106} INFO - [0m22:38:02  Configuration:
[2026-03-30T22:38:02.113+0000] {subprocess.py:106} INFO - [0m22:38:02    profiles.yml file [[32mOK found and valid[0m]
[2026-03-30T22:38:02.114+0000] {subprocess.py:106} INFO - [0m22:38:02    dbt_project.yml file [[32mOK found and valid[0m]
[2026-03-30T22:38:02.114+0000] {subprocess.py:106} INFO - [0m22:38:02  Required dependencies:
[2026-03-30T22:38:02.115+0000] {subprocess.py:106} INFO - [0m22:38:02   - git [[31mERROR[0m]
[2026-03-30T22:38:02.115+0000] {subprocess.py:106} INFO - 
[2026-03-30T22:38:02.115+0000] {subprocess.py:106} INFO - [0m22:38:02  Connection:
[2026-03-30T22:38:02.116+0000] {subprocess.py:106} INFO - [0m22:38:02    account: BBMCDSP-CT02489
[2026-03-30T22:38:02.116+0000] {subprocess.py:106} INFO - [0m22:38:02    user: user123
[2026-03-30T22:38:02.116+0000] {subprocess.py:106} INFO - [0m22:38:02    database: BANKING
[2026-03-30T22:38:02.117+0000] {subprocess.py:106} INFO - [0m22:38:02    warehouse: COMPUTE_WH
[2026-03-30T22:38:02.118+0000] {subprocess.py:106} INFO - [0m22:38:02    role: dbtadmin
[2026-03-30T22:38:02.118+0000] {subprocess.py:106} INFO - [0m22:38:02    schema: PUBLIC
[2026-03-30T22:38:02.119+0000] {subprocess.py:106} INFO - [0m22:38:02    authenticator: None
[2026-03-30T22:38:02.119+0000] {subprocess.py:106} INFO - [0m22:38:02    oauth_client_id: None
[2026-03-30T22:38:02.119+0000] {subprocess.py:106} INFO - [0m22:38:02    query_tag: None
[2026-03-30T22:38:02.120+0000] {subprocess.py:106} INFO - [0m22:38:02    client_session_keep_alive: False
[2026-03-30T22:38:02.120+0000] {subprocess.py:106} INFO - [0m22:38:02    host: None
[2026-03-30T22:38:02.121+0000] {subprocess.py:106} INFO - [0m22:38:02    port: None
[2026-03-30T22:38:02.121+0000] {subprocess.py:106} INFO - [0m22:38:02    proxy_host: None
[2026-03-30T22:38:02.121+0000] {subprocess.py:106} INFO - [0m22:38:02    proxy_port: None
[2026-03-30T22:38:02.122+0000] {subprocess.py:106} INFO - [0m22:38:02    protocol: None
[2026-03-30T22:38:02.122+0000] {subprocess.py:106} INFO - [0m22:38:02    connect_retries: 1
[2026-03-30T22:38:02.122+0000] {subprocess.py:106} INFO - [0m22:38:02    connect_timeout: None
[2026-03-30T22:38:02.123+0000] {subprocess.py:106} INFO - [0m22:38:02    retry_on_database_errors: False
[2026-03-30T22:38:02.123+0000] {subprocess.py:106} INFO - [0m22:38:02    retry_all: False
[2026-03-30T22:38:02.123+0000] {subprocess.py:106} INFO - [0m22:38:02    insecure_mode: False
[2026-03-30T22:38:02.123+0000] {subprocess.py:106} INFO - [0m22:38:02    reuse_connections: True
[2026-03-30T22:38:02.124+0000] {subprocess.py:106} INFO - [0m22:38:02    s3_stage_vpce_dns_name: None
[2026-03-30T22:38:02.124+0000] {subprocess.py:106} INFO - [0m22:38:02    platform_detection_timeout_seconds: 0.0
[2026-03-30T22:38:02.125+0000] {subprocess.py:106} INFO - [0m22:38:02  Registered adapter: snowflake=1.11.3
[2026-03-30T22:38:03.741+0000] {subprocess.py:106} INFO - [0m22:38:03    Connection test: [[32mOK connection ok[0m]
[2026-03-30T22:38:03.741+0000] {subprocess.py:106} INFO - 
[2026-03-30T22:38:03.742+0000] {subprocess.py:106} INFO - [0m22:38:03  [31m1 check failed:[0m
[2026-03-30T22:38:03.743+0000] {subprocess.py:106} INFO - [0m22:38:03  Error from git --help: Could not find command, ensure it is in the user's PATH: "git"
[2026-03-30T22:38:03.743+0000] {subprocess.py:106} INFO - 
[2026-03-30T22:38:05.791+0000] {subprocess.py:110} INFO - Command exited with return code 1
[2026-03-30T22:38:05.793+0000] {taskinstance.py:441} INFO - ::group::Post task execution logs
[2026-03-30T22:38:05.814+0000] {taskinstance.py:2905} ERROR - Task failed with exception
Traceback (most recent call last):
  File "/home/airflow/.local/lib/python3.12/site-packages/airflow/models/taskinstance.py", line 465, in _execute_task
    result = _execute_callable(context=context, **execute_callable_kwargs)
             ^^^^^^^^^^^^^^^^^^^^^^^^^^^^^^^^^^^^^^^^^^^^^^^^^^^^^^^^^^^^^
  File "/home/airflow/.local/lib/python3.12/site-packages/airflow/models/taskinstance.py", line 432, in _execute_callable
    return execute_callable(context=context, **execute_callable_kwargs)
           ^^^^^^^^^^^^^^^^^^^^^^^^^^^^^^^^^^^^^^^^^^^^^^^^^^^^^^^^^^^^
  File "/home/airflow/.local/lib/python3.12/site-packages/airflow/models/baseoperator.py", line 401, in wrapper
    return func(self, *args, **kwargs)
           ^^^^^^^^^^^^^^^^^^^^^^^^^^^
  File "/home/airflow/.local/lib/python3.12/site-packages/airflow/providers/standard/operators/bash.py", line 233, in execute
    raise AirflowException(
airflow.exceptions.AirflowException: Bash command failed. The command returned a non-zero exit code 1.
[2026-03-30T22:38:05.818+0000] {taskinstance.py:1206} INFO - Marking task as FAILED. dag_id=banking_01_bronze_layer, task_id=debug, run_id=scheduled__2026-03-30T22:00:00+00:00, execution_date=20260330T220000, start_date=20260330T223759, end_date=20260330T223805
[2026-03-30T22:38:05.835+0000] {standard_task_runner.py:110} ERROR - Failed to execute job 9203 for task debug (Bash command failed. The command returned a non-zero exit code 1.; 34573)
[2026-03-30T22:38:05.848+0000] {local_task_job_runner.py:243} INFO - Task exited with return code 1
[2026-03-30T22:38:05.866+0000] {taskinstance.py:3503} INFO - 0 downstream tasks scheduled from follow-on schedule check
[2026-03-30T22:38:05.867+0000] {local_task_job_runner.py:222} INFO - ::endgroup::
