[2026-03-30T23:26:16.555+0000] {local_task_job_runner.py:120} INFO - ::group::Pre task execution logs
[2026-03-30T23:26:16.580+0000] {taskinstance.py:2076} INFO - Dependencies all met for dep_context=non-requeueable deps ti=<TaskInstance: banking_01_bronze_layer.debug manual__2026-03-30T23:26:12.929644+00:00 [queued]>
[2026-03-30T23:26:16.584+0000] {taskinstance.py:2076} INFO - Dependencies all met for dep_context=requeueable deps ti=<TaskInstance: banking_01_bronze_layer.debug manual__2026-03-30T23:26:12.929644+00:00 [queued]>
[2026-03-30T23:26:16.585+0000] {taskinstance.py:2306} INFO - Starting attempt 1 of 2
[2026-03-30T23:26:16.593+0000] {taskinstance.py:2330} INFO - Executing <Task(BashOperator): debug> on 2026-03-30 23:26:12.929644+00:00
[2026-03-30T23:26:16.597+0000] {standard_task_runner.py:64} INFO - Started process 40757 to run task
[2026-03-30T23:26:16.599+0000] {standard_task_runner.py:90} INFO - Running: ['***', 'tasks', 'run', 'banking_01_bronze_layer', 'debug', 'manual__2026-03-30T23:26:12.929644+00:00', '--job-id', '9516', '--raw', '--subdir', 'DAGS_FOLDER/dbt.py', '--cfg-path', '/tmp/tmpdrfwjfim']
[2026-03-30T23:26:16.600+0000] {standard_task_runner.py:91} INFO - Job 9516: Subtask debug
[2026-03-30T23:26:16.646+0000] {task_command.py:426} INFO - Running <TaskInstance: banking_01_bronze_layer.debug manual__2026-03-30T23:26:12.929644+00:00 [running]> on host c990dffe13ae
[2026-03-30T23:26:16.706+0000] {taskinstance.py:2648} INFO - Exporting env vars: AIRFLOW_CTX_DAG_OWNER='risheek' AIRFLOW_CTX_DAG_ID='banking_01_bronze_layer' AIRFLOW_CTX_TASK_ID='debug' AIRFLOW_CTX_EXECUTION_DATE='2026-03-30T23:26:12.929644+00:00' AIRFLOW_CTX_TRY_NUMBER='1' AIRFLOW_CTX_DAG_RUN_ID='manual__2026-03-30T23:26:12.929644+00:00'
[2026-03-30T23:26:16.707+0000] {taskinstance.py:430} INFO - ::endgroup::
[2026-03-30T23:26:16.708+0000] {subprocess.py:78} INFO - Tmp dir root location: /tmp
[2026-03-30T23:26:16.709+0000] {subprocess.py:88} INFO - Running command: ['/usr/bin/bash', '-c', 'dbt debug --profiles-dir /opt/***/dbt/trans_snowf']
[2026-03-30T23:26:16.714+0000] {subprocess.py:99} INFO - Output:
[2026-03-30T23:26:18.497+0000] {subprocess.py:106} INFO - [0m23:26:18  Running with dbt=1.11.7
[2026-03-30T23:26:18.510+0000] {subprocess.py:106} INFO - [0m23:26:18  dbt version: 1.11.7
[2026-03-30T23:26:18.511+0000] {subprocess.py:106} INFO - [0m23:26:18  python version: 3.12.4
[2026-03-30T23:26:18.511+0000] {subprocess.py:106} INFO - [0m23:26:18  python path: /home/***/.local/bin/python
[2026-03-30T23:26:18.512+0000] {subprocess.py:106} INFO - [0m23:26:18  os info: Linux-6.12.76-linuxkit-aarch64-with-glibc2.36
[2026-03-30T23:26:19.819+0000] {subprocess.py:106} INFO - [0m23:26:19  Using profiles dir at /opt/***/dbt/trans_snowf
[2026-03-30T23:26:19.825+0000] {subprocess.py:106} INFO - [0m23:26:19  Using profiles.yml file at /opt/***/dbt/trans_snowf/profiles.yml
[2026-03-30T23:26:19.825+0000] {subprocess.py:106} INFO - [0m23:26:19  Using dbt_project.yml file at /opt/***/dbt/trans_snowf/dbt_project.yml
[2026-03-30T23:26:19.825+0000] {subprocess.py:106} INFO - [0m23:26:19  adapter type: snowflake
[2026-03-30T23:26:19.826+0000] {subprocess.py:106} INFO - [0m23:26:19  adapter version: 1.11.3
[2026-03-30T23:26:19.907+0000] {subprocess.py:106} INFO - [0m23:26:19  Configuration:
[2026-03-30T23:26:19.908+0000] {subprocess.py:106} INFO - [0m23:26:19    profiles.yml file [[32mOK found and valid[0m]
[2026-03-30T23:26:19.908+0000] {subprocess.py:106} INFO - [0m23:26:19    dbt_project.yml file [[32mOK found and valid[0m]
[2026-03-30T23:26:19.909+0000] {subprocess.py:106} INFO - [0m23:26:19  Required dependencies:
[2026-03-30T23:26:19.911+0000] {subprocess.py:106} INFO - [0m23:26:19   - git [[31mERROR[0m]
[2026-03-30T23:26:19.912+0000] {subprocess.py:106} INFO - 
[2026-03-30T23:26:19.912+0000] {subprocess.py:106} INFO - [0m23:26:19  Connection:
[2026-03-30T23:26:19.912+0000] {subprocess.py:106} INFO - [0m23:26:19    account: BBMCDSP-CT02489
[2026-03-30T23:26:19.912+0000] {subprocess.py:106} INFO - [0m23:26:19    user: user123
[2026-03-30T23:26:19.913+0000] {subprocess.py:106} INFO - [0m23:26:19    database: BANKING
[2026-03-30T23:26:19.913+0000] {subprocess.py:106} INFO - [0m23:26:19    warehouse: COMPUTE_WH
[2026-03-30T23:26:19.913+0000] {subprocess.py:106} INFO - [0m23:26:19    role: dbtadmin
[2026-03-30T23:26:19.914+0000] {subprocess.py:106} INFO - [0m23:26:19    schema: PUBLIC
[2026-03-30T23:26:19.914+0000] {subprocess.py:106} INFO - [0m23:26:19    authenticator: None
[2026-03-30T23:26:19.915+0000] {subprocess.py:106} INFO - [0m23:26:19    oauth_client_id: None
[2026-03-30T23:26:19.915+0000] {subprocess.py:106} INFO - [0m23:26:19    query_tag: None
[2026-03-30T23:26:19.915+0000] {subprocess.py:106} INFO - [0m23:26:19    client_session_keep_alive: False
[2026-03-30T23:26:19.917+0000] {subprocess.py:106} INFO - [0m23:26:19    host: None
[2026-03-30T23:26:19.918+0000] {subprocess.py:106} INFO - [0m23:26:19    port: None
[2026-03-30T23:26:19.918+0000] {subprocess.py:106} INFO - [0m23:26:19    proxy_host: None
[2026-03-30T23:26:19.919+0000] {subprocess.py:106} INFO - [0m23:26:19    proxy_port: None
[2026-03-30T23:26:19.919+0000] {subprocess.py:106} INFO - [0m23:26:19    protocol: None
[2026-03-30T23:26:19.919+0000] {subprocess.py:106} INFO - [0m23:26:19    connect_retries: 1
[2026-03-30T23:26:19.920+0000] {subprocess.py:106} INFO - [0m23:26:19    connect_timeout: None
[2026-03-30T23:26:19.920+0000] {subprocess.py:106} INFO - [0m23:26:19    retry_on_database_errors: False
[2026-03-30T23:26:19.920+0000] {subprocess.py:106} INFO - [0m23:26:19    retry_all: False
[2026-03-30T23:26:19.921+0000] {subprocess.py:106} INFO - [0m23:26:19    insecure_mode: False
[2026-03-30T23:26:19.921+0000] {subprocess.py:106} INFO - [0m23:26:19    reuse_connections: True
[2026-03-30T23:26:19.921+0000] {subprocess.py:106} INFO - [0m23:26:19    s3_stage_vpce_dns_name: None
[2026-03-30T23:26:19.925+0000] {subprocess.py:106} INFO - [0m23:26:19    platform_detection_timeout_seconds: 0.0
[2026-03-30T23:26:19.925+0000] {subprocess.py:106} INFO - [0m23:26:19  Registered adapter: snowflake=1.11.3
[2026-03-30T23:26:20.968+0000] {subprocess.py:106} INFO - [0m23:26:20    Connection test: [[32mOK connection ok[0m]
[2026-03-30T23:26:20.973+0000] {subprocess.py:106} INFO - 
[2026-03-30T23:26:20.974+0000] {subprocess.py:106} INFO - [0m23:26:20  [31m1 check failed:[0m
[2026-03-30T23:26:20.974+0000] {subprocess.py:106} INFO - [0m23:26:20  Error from git --help: Could not find command, ensure it is in the user's PATH: "git"
[2026-03-30T23:26:20.974+0000] {subprocess.py:106} INFO - 
[2026-03-30T23:26:23.719+0000] {subprocess.py:110} INFO - Command exited with return code 1
[2026-03-30T23:26:23.731+0000] {taskinstance.py:441} INFO - ::group::Post task execution logs
[2026-03-30T23:26:23.778+0000] {taskinstance.py:2905} ERROR - Task failed with exception
Traceback (most recent call last):
  File "/home/airflow/.local/lib/python3.12/site-packages/airflow/models/taskinstance.py", line 465, in _execute_task
    result = _execute_callable(context=context, **execute_callable_kwargs)
             ^^^^^^^^^^^^^^^^^^^^^^^^^^^^^^^^^^^^^^^^^^^^^^^^^^^^^^^^^^^^^
  File "/home/airflow/.local/lib/python3.12/site-packages/airflow/models/taskinstance.py", line 432, in _execute_callable
    return execute_callable(context=context, **execute_callable_kwargs)
           ^^^^^^^^^^^^^^^^^^^^^^^^^^^^^^^^^^^^^^^^^^^^^^^^^^^^^^^^^^^^
  File "/home/airflow/.local/lib/python3.12/site-packages/airflow/models/baseoperator.py", line 401, in wrapper
    return func(self, *args, **kwargs)
           ^^^^^^^^^^^^^^^^^^^^^^^^^^^
  File "/home/airflow/.local/lib/python3.12/site-packages/airflow/providers/standard/operators/bash.py", line 233, in execute
    raise AirflowException(
airflow.exceptions.AirflowException: Bash command failed. The command returned a non-zero exit code 1.
[2026-03-30T23:26:23.790+0000] {taskinstance.py:1206} INFO - Marking task as UP_FOR_RETRY. dag_id=banking_01_bronze_layer, task_id=debug, run_id=manual__2026-03-30T23:26:12.929644+00:00, execution_date=20260330T232612, start_date=20260330T232616, end_date=20260330T232623
[2026-03-30T23:26:23.821+0000] {standard_task_runner.py:110} ERROR - Failed to execute job 9516 for task debug (Bash command failed. The command returned a non-zero exit code 1.; 40757)
[2026-03-30T23:26:23.838+0000] {local_task_job_runner.py:243} INFO - Task exited with return code 1
[2026-03-30T23:26:23.879+0000] {taskinstance.py:3503} INFO - 0 downstream tasks scheduled from follow-on schedule check
[2026-03-30T23:26:23.880+0000] {local_task_job_runner.py:222} INFO - ::endgroup::
