[2026-03-30T23:46:38.957+0000] {local_task_job_runner.py:120} INFO - ::group::Pre task execution logs
[2026-03-30T23:46:38.985+0000] {taskinstance.py:2076} INFO - Dependencies all met for dep_context=non-requeueable deps ti=<TaskInstance: banking_01_bronze_layer.debug manual__2026-03-30T23:26:12.929644+00:00 [queued]>
[2026-03-30T23:46:38.991+0000] {taskinstance.py:2076} INFO - Dependencies all met for dep_context=requeueable deps ti=<TaskInstance: banking_01_bronze_layer.debug manual__2026-03-30T23:26:12.929644+00:00 [queued]>
[2026-03-30T23:46:38.991+0000] {taskinstance.py:2306} INFO - Starting attempt 2 of 2
[2026-03-30T23:46:39.004+0000] {taskinstance.py:2330} INFO - Executing <Task(BashOperator): debug> on 2026-03-30 23:26:12.929644+00:00
[2026-03-30T23:46:39.008+0000] {standard_task_runner.py:64} INFO - Started process 41003 to run task
[2026-03-30T23:46:39.011+0000] {standard_task_runner.py:90} INFO - Running: ['***', 'tasks', 'run', 'banking_01_bronze_layer', 'debug', 'manual__2026-03-30T23:26:12.929644+00:00', '--job-id', '9523', '--raw', '--subdir', 'DAGS_FOLDER/dbt.py', '--cfg-path', '/tmp/tmp08jbiu1w']
[2026-03-30T23:46:39.014+0000] {standard_task_runner.py:91} INFO - Job 9523: Subtask debug
[2026-03-30T23:46:39.072+0000] {task_command.py:426} INFO - Running <TaskInstance: banking_01_bronze_layer.debug manual__2026-03-30T23:26:12.929644+00:00 [running]> on host c990dffe13ae
[2026-03-30T23:46:39.140+0000] {taskinstance.py:2648} INFO - Exporting env vars: AIRFLOW_CTX_DAG_OWNER='risheek' AIRFLOW_CTX_DAG_ID='banking_01_bronze_layer' AIRFLOW_CTX_TASK_ID='debug' AIRFLOW_CTX_EXECUTION_DATE='2026-03-30T23:26:12.929644+00:00' AIRFLOW_CTX_TRY_NUMBER='2' AIRFLOW_CTX_DAG_RUN_ID='manual__2026-03-30T23:26:12.929644+00:00'
[2026-03-30T23:46:39.141+0000] {taskinstance.py:430} INFO - ::endgroup::
[2026-03-30T23:46:39.142+0000] {subprocess.py:78} INFO - Tmp dir root location: /tmp
[2026-03-30T23:46:39.143+0000] {subprocess.py:88} INFO - Running command: ['/usr/bin/bash', '-c', 'dbt debug --profiles-dir /opt/***/dbt/trans_snowf']
[2026-03-30T23:46:39.149+0000] {subprocess.py:99} INFO - Output:
[2026-03-30T23:46:40.874+0000] {subprocess.py:106} INFO - [0m23:46:40  Running with dbt=1.11.7
[2026-03-30T23:46:40.883+0000] {subprocess.py:106} INFO - [0m23:46:40  dbt version: 1.11.7
[2026-03-30T23:46:40.883+0000] {subprocess.py:106} INFO - [0m23:46:40  python version: 3.12.4
[2026-03-30T23:46:40.884+0000] {subprocess.py:106} INFO - [0m23:46:40  python path: /home/***/.local/bin/python
[2026-03-30T23:46:40.884+0000] {subprocess.py:106} INFO - [0m23:46:40  os info: Linux-6.12.76-linuxkit-aarch64-with-glibc2.36
[2026-03-30T23:46:41.499+0000] {subprocess.py:106} INFO - [0m23:46:41  Using profiles dir at /opt/***/dbt/trans_snowf
[2026-03-30T23:46:41.500+0000] {subprocess.py:106} INFO - [0m23:46:41  Using profiles.yml file at /opt/***/dbt/trans_snowf/profiles.yml
[2026-03-30T23:46:41.501+0000] {subprocess.py:106} INFO - [0m23:46:41  Using dbt_project.yml file at /opt/***/dbt/trans_snowf/dbt_project.yml
[2026-03-30T23:46:41.501+0000] {subprocess.py:106} INFO - [0m23:46:41  adapter type: snowflake
[2026-03-30T23:46:41.502+0000] {subprocess.py:106} INFO - [0m23:46:41  adapter version: 1.11.3
[2026-03-30T23:46:41.570+0000] {subprocess.py:106} INFO - [0m23:46:41  Configuration:
[2026-03-30T23:46:41.571+0000] {subprocess.py:106} INFO - [0m23:46:41    profiles.yml file [[32mOK found and valid[0m]
[2026-03-30T23:46:41.571+0000] {subprocess.py:106} INFO - [0m23:46:41    dbt_project.yml file [[32mOK found and valid[0m]
[2026-03-30T23:46:41.572+0000] {subprocess.py:106} INFO - [0m23:46:41  Required dependencies:
[2026-03-30T23:46:41.573+0000] {subprocess.py:106} INFO - [0m23:46:41   - git [[31mERROR[0m]
[2026-03-30T23:46:41.573+0000] {subprocess.py:106} INFO - 
[2026-03-30T23:46:41.573+0000] {subprocess.py:106} INFO - [0m23:46:41  Connection:
[2026-03-30T23:46:41.574+0000] {subprocess.py:106} INFO - [0m23:46:41    account: BBMCDSP-CT02489
[2026-03-30T23:46:41.574+0000] {subprocess.py:106} INFO - [0m23:46:41    user: user123
[2026-03-30T23:46:41.575+0000] {subprocess.py:106} INFO - [0m23:46:41    database: BANKING
[2026-03-30T23:46:41.575+0000] {subprocess.py:106} INFO - [0m23:46:41    warehouse: COMPUTE_WH
[2026-03-30T23:46:41.575+0000] {subprocess.py:106} INFO - [0m23:46:41    role: dbtadmin
[2026-03-30T23:46:41.576+0000] {subprocess.py:106} INFO - [0m23:46:41    schema: PUBLIC
[2026-03-30T23:46:41.576+0000] {subprocess.py:106} INFO - [0m23:46:41    authenticator: None
[2026-03-30T23:46:41.577+0000] {subprocess.py:106} INFO - [0m23:46:41    oauth_client_id: None
[2026-03-30T23:46:41.577+0000] {subprocess.py:106} INFO - [0m23:46:41    query_tag: None
[2026-03-30T23:46:41.578+0000] {subprocess.py:106} INFO - [0m23:46:41    client_session_keep_alive: False
[2026-03-30T23:46:41.578+0000] {subprocess.py:106} INFO - [0m23:46:41    host: None
[2026-03-30T23:46:41.578+0000] {subprocess.py:106} INFO - [0m23:46:41    port: None
[2026-03-30T23:46:41.579+0000] {subprocess.py:106} INFO - [0m23:46:41    proxy_host: None
[2026-03-30T23:46:41.579+0000] {subprocess.py:106} INFO - [0m23:46:41    proxy_port: None
[2026-03-30T23:46:41.579+0000] {subprocess.py:106} INFO - [0m23:46:41    protocol: None
[2026-03-30T23:46:41.580+0000] {subprocess.py:106} INFO - [0m23:46:41    connect_retries: 1
[2026-03-30T23:46:41.580+0000] {subprocess.py:106} INFO - [0m23:46:41    connect_timeout: None
[2026-03-30T23:46:41.580+0000] {subprocess.py:106} INFO - [0m23:46:41    retry_on_database_errors: False
[2026-03-30T23:46:41.581+0000] {subprocess.py:106} INFO - [0m23:46:41    retry_all: False
[2026-03-30T23:46:41.581+0000] {subprocess.py:106} INFO - [0m23:46:41    insecure_mode: False
[2026-03-30T23:46:41.581+0000] {subprocess.py:106} INFO - [0m23:46:41    reuse_connections: True
[2026-03-30T23:46:41.582+0000] {subprocess.py:106} INFO - [0m23:46:41    s3_stage_vpce_dns_name: None
[2026-03-30T23:46:41.582+0000] {subprocess.py:106} INFO - [0m23:46:41    platform_detection_timeout_seconds: 0.0
[2026-03-30T23:46:41.583+0000] {subprocess.py:106} INFO - [0m23:46:41  Registered adapter: snowflake=1.11.3
[2026-03-30T23:46:44.001+0000] {subprocess.py:106} INFO - [0m23:46:44    Connection test: [[32mOK connection ok[0m]
[2026-03-30T23:46:44.002+0000] {subprocess.py:106} INFO - 
[2026-03-30T23:46:44.002+0000] {subprocess.py:106} INFO - [0m23:46:44  [31m1 check failed:[0m
[2026-03-30T23:46:44.003+0000] {subprocess.py:106} INFO - [0m23:46:44  Error from git --help: Could not find command, ensure it is in the user's PATH: "git"
[2026-03-30T23:46:44.003+0000] {subprocess.py:106} INFO - 
[2026-03-30T23:46:46.273+0000] {subprocess.py:110} INFO - Command exited with return code 1
[2026-03-30T23:46:46.278+0000] {taskinstance.py:441} INFO - ::group::Post task execution logs
[2026-03-30T23:46:46.321+0000] {taskinstance.py:2905} ERROR - Task failed with exception
Traceback (most recent call last):
  File "/home/airflow/.local/lib/python3.12/site-packages/airflow/models/taskinstance.py", line 465, in _execute_task
    result = _execute_callable(context=context, **execute_callable_kwargs)
             ^^^^^^^^^^^^^^^^^^^^^^^^^^^^^^^^^^^^^^^^^^^^^^^^^^^^^^^^^^^^^
  File "/home/airflow/.local/lib/python3.12/site-packages/airflow/models/taskinstance.py", line 432, in _execute_callable
    return execute_callable(context=context, **execute_callable_kwargs)
           ^^^^^^^^^^^^^^^^^^^^^^^^^^^^^^^^^^^^^^^^^^^^^^^^^^^^^^^^^^^^
  File "/home/airflow/.local/lib/python3.12/site-packages/airflow/models/baseoperator.py", line 401, in wrapper
    return func(self, *args, **kwargs)
           ^^^^^^^^^^^^^^^^^^^^^^^^^^^
  File "/home/airflow/.local/lib/python3.12/site-packages/airflow/providers/standard/operators/bash.py", line 233, in execute
    raise AirflowException(
airflow.exceptions.AirflowException: Bash command failed. The command returned a non-zero exit code 1.
[2026-03-30T23:46:46.327+0000] {taskinstance.py:1206} INFO - Marking task as FAILED. dag_id=banking_01_bronze_layer, task_id=debug, run_id=manual__2026-03-30T23:26:12.929644+00:00, execution_date=20260330T232612, start_date=20260330T234638, end_date=20260330T234646
[2026-03-30T23:46:46.356+0000] {standard_task_runner.py:110} ERROR - Failed to execute job 9523 for task debug (Bash command failed. The command returned a non-zero exit code 1.; 41003)
[2026-03-30T23:46:46.395+0000] {local_task_job_runner.py:243} INFO - Task exited with return code 1
[2026-03-30T23:46:46.424+0000] {taskinstance.py:3503} INFO - 0 downstream tasks scheduled from follow-on schedule check
[2026-03-30T23:46:46.426+0000] {local_task_job_runner.py:222} INFO - ::endgroup::
