[2026-03-28T14:25:40.409+0000] {local_task_job_runner.py:120} INFO - ::group::Pre task execution logs
[2026-03-28T14:25:40.439+0000] {taskinstance.py:2076} INFO - Dependencies all met for dep_context=non-requeueable deps ti=<TaskInstance: banking_01_bronze_layer.debug scheduled__2026-03-28T13:30:00+00:00 [queued]>
[2026-03-28T14:25:40.447+0000] {taskinstance.py:2076} INFO - Dependencies all met for dep_context=requeueable deps ti=<TaskInstance: banking_01_bronze_layer.debug scheduled__2026-03-28T13:30:00+00:00 [queued]>
[2026-03-28T14:25:40.447+0000] {taskinstance.py:2306} INFO - Starting attempt 1 of 2
[2026-03-28T14:25:40.458+0000] {taskinstance.py:2330} INFO - Executing <Task(BashOperator): debug> on 2026-03-28 13:30:00+00:00
[2026-03-28T14:25:40.464+0000] {standard_task_runner.py:64} INFO - Started process 9651 to run task
[2026-03-28T14:25:40.467+0000] {standard_task_runner.py:90} INFO - Running: ['***', 'tasks', 'run', 'banking_01_bronze_layer', 'debug', 'scheduled__2026-03-28T13:30:00+00:00', '--job-id', '6866', '--raw', '--subdir', 'DAGS_FOLDER/dbt.py', '--cfg-path', '/tmp/tmpg_6_p7it']
[2026-03-28T14:25:40.472+0000] {standard_task_runner.py:91} INFO - Job 6866: Subtask debug
[2026-03-28T14:25:40.538+0000] {task_command.py:426} INFO - Running <TaskInstance: banking_01_bronze_layer.debug scheduled__2026-03-28T13:30:00+00:00 [running]> on host c990dffe13ae
[2026-03-28T14:25:40.638+0000] {taskinstance.py:2648} INFO - Exporting env vars: AIRFLOW_CTX_DAG_OWNER='risheek' AIRFLOW_CTX_DAG_ID='banking_01_bronze_layer' AIRFLOW_CTX_TASK_ID='debug' AIRFLOW_CTX_EXECUTION_DATE='2026-03-28T13:30:00+00:00' AIRFLOW_CTX_TRY_NUMBER='1' AIRFLOW_CTX_DAG_RUN_ID='scheduled__2026-03-28T13:30:00+00:00'
[2026-03-28T14:25:40.639+0000] {taskinstance.py:430} INFO - ::endgroup::
[2026-03-28T14:25:40.640+0000] {subprocess.py:78} INFO - Tmp dir root location: /tmp
[2026-03-28T14:25:40.641+0000] {subprocess.py:88} INFO - Running command: ['/usr/bin/bash', '-c', 'dbt debug --profiles-dir /opt/***/dbt/trans_snowf']
[2026-03-28T14:25:40.648+0000] {subprocess.py:99} INFO - Output:
[2026-03-28T14:25:42.626+0000] {subprocess.py:106} INFO - [0m14:25:42  Running with dbt=1.11.7
[2026-03-28T14:25:42.634+0000] {subprocess.py:106} INFO - [0m14:25:42  dbt version: 1.11.7
[2026-03-28T14:25:42.635+0000] {subprocess.py:106} INFO - [0m14:25:42  python version: 3.12.4
[2026-03-28T14:25:42.635+0000] {subprocess.py:106} INFO - [0m14:25:42  python path: /home/***/.local/bin/python
[2026-03-28T14:25:42.636+0000] {subprocess.py:106} INFO - [0m14:25:42  os info: Linux-6.12.76-linuxkit-aarch64-with-glibc2.36
[2026-03-28T14:25:43.188+0000] {subprocess.py:106} INFO - [0m14:25:43  Using profiles dir at /opt/***/dbt/trans_snowf
[2026-03-28T14:25:43.188+0000] {subprocess.py:106} INFO - [0m14:25:43  Using profiles.yml file at /opt/***/dbt/trans_snowf/profiles.yml
[2026-03-28T14:25:43.189+0000] {subprocess.py:106} INFO - [0m14:25:43  Using dbt_project.yml file at /opt/***/dbt/trans_snowf/dbt_project.yml
[2026-03-28T14:25:43.189+0000] {subprocess.py:106} INFO - [0m14:25:43  adapter type: snowflake
[2026-03-28T14:25:43.190+0000] {subprocess.py:106} INFO - [0m14:25:43  adapter version: 1.11.3
[2026-03-28T14:25:43.260+0000] {subprocess.py:106} INFO - [0m14:25:43  Configuration:
[2026-03-28T14:25:43.260+0000] {subprocess.py:106} INFO - [0m14:25:43    profiles.yml file [[32mOK found and valid[0m]
[2026-03-28T14:25:43.261+0000] {subprocess.py:106} INFO - [0m14:25:43    dbt_project.yml file [[32mOK found and valid[0m]
[2026-03-28T14:25:43.261+0000] {subprocess.py:106} INFO - [0m14:25:43  Required dependencies:
[2026-03-28T14:25:43.262+0000] {subprocess.py:106} INFO - [0m14:25:43   - git [[31mERROR[0m]
[2026-03-28T14:25:43.263+0000] {subprocess.py:106} INFO - 
[2026-03-28T14:25:43.263+0000] {subprocess.py:106} INFO - [0m14:25:43  Connection:
[2026-03-28T14:25:43.263+0000] {subprocess.py:106} INFO - [0m14:25:43    account: BBMCDSP-CT02489
[2026-03-28T14:25:43.264+0000] {subprocess.py:106} INFO - [0m14:25:43    user: user123
[2026-03-28T14:25:43.264+0000] {subprocess.py:106} INFO - [0m14:25:43    database: BANKING
[2026-03-28T14:25:43.265+0000] {subprocess.py:106} INFO - [0m14:25:43    warehouse: COMPUTE_WH
[2026-03-28T14:25:43.265+0000] {subprocess.py:106} INFO - [0m14:25:43    role: dbtadmin
[2026-03-28T14:25:43.265+0000] {subprocess.py:106} INFO - [0m14:25:43    schema: PUBLIC
[2026-03-28T14:25:43.266+0000] {subprocess.py:106} INFO - [0m14:25:43    authenticator: None
[2026-03-28T14:25:43.266+0000] {subprocess.py:106} INFO - [0m14:25:43    oauth_client_id: None
[2026-03-28T14:25:43.266+0000] {subprocess.py:106} INFO - [0m14:25:43    query_tag: None
[2026-03-28T14:25:43.267+0000] {subprocess.py:106} INFO - [0m14:25:43    client_session_keep_alive: False
[2026-03-28T14:25:43.267+0000] {subprocess.py:106} INFO - [0m14:25:43    host: None
[2026-03-28T14:25:43.268+0000] {subprocess.py:106} INFO - [0m14:25:43    port: None
[2026-03-28T14:25:43.268+0000] {subprocess.py:106} INFO - [0m14:25:43    proxy_host: None
[2026-03-28T14:25:43.268+0000] {subprocess.py:106} INFO - [0m14:25:43    proxy_port: None
[2026-03-28T14:25:43.269+0000] {subprocess.py:106} INFO - [0m14:25:43    protocol: None
[2026-03-28T14:25:43.269+0000] {subprocess.py:106} INFO - [0m14:25:43    connect_retries: 1
[2026-03-28T14:25:43.270+0000] {subprocess.py:106} INFO - [0m14:25:43    connect_timeout: None
[2026-03-28T14:25:43.270+0000] {subprocess.py:106} INFO - [0m14:25:43    retry_on_database_errors: False
[2026-03-28T14:25:43.270+0000] {subprocess.py:106} INFO - [0m14:25:43    retry_all: False
[2026-03-28T14:25:43.271+0000] {subprocess.py:106} INFO - [0m14:25:43    insecure_mode: False
[2026-03-28T14:25:43.271+0000] {subprocess.py:106} INFO - [0m14:25:43    reuse_connections: True
[2026-03-28T14:25:43.272+0000] {subprocess.py:106} INFO - [0m14:25:43    s3_stage_vpce_dns_name: None
[2026-03-28T14:25:43.273+0000] {subprocess.py:106} INFO - [0m14:25:43    platform_detection_timeout_seconds: 0.0
[2026-03-28T14:25:43.273+0000] {subprocess.py:106} INFO - [0m14:25:43  Registered adapter: snowflake=1.11.3
[2026-03-28T14:25:44.834+0000] {subprocess.py:106} INFO - [0m14:25:44    Connection test: [[32mOK connection ok[0m]
[2026-03-28T14:25:44.859+0000] {subprocess.py:106} INFO - 
[2026-03-28T14:25:44.860+0000] {subprocess.py:106} INFO - [0m14:25:44  [31m1 check failed:[0m
[2026-03-28T14:25:44.864+0000] {subprocess.py:106} INFO - [0m14:25:44  Error from git --help: Could not find command, ensure it is in the user's PATH: "git"
[2026-03-28T14:25:44.864+0000] {subprocess.py:106} INFO - 
[2026-03-28T14:25:47.944+0000] {subprocess.py:110} INFO - Command exited with return code 1
[2026-03-28T14:25:47.946+0000] {taskinstance.py:441} INFO - ::group::Post task execution logs
[2026-03-28T14:25:47.963+0000] {taskinstance.py:2905} ERROR - Task failed with exception
Traceback (most recent call last):
  File "/home/airflow/.local/lib/python3.12/site-packages/airflow/models/taskinstance.py", line 465, in _execute_task
    result = _execute_callable(context=context, **execute_callable_kwargs)
             ^^^^^^^^^^^^^^^^^^^^^^^^^^^^^^^^^^^^^^^^^^^^^^^^^^^^^^^^^^^^^
  File "/home/airflow/.local/lib/python3.12/site-packages/airflow/models/taskinstance.py", line 432, in _execute_callable
    return execute_callable(context=context, **execute_callable_kwargs)
           ^^^^^^^^^^^^^^^^^^^^^^^^^^^^^^^^^^^^^^^^^^^^^^^^^^^^^^^^^^^^
  File "/home/airflow/.local/lib/python3.12/site-packages/airflow/models/baseoperator.py", line 401, in wrapper
    return func(self, *args, **kwargs)
           ^^^^^^^^^^^^^^^^^^^^^^^^^^^
  File "/home/airflow/.local/lib/python3.12/site-packages/airflow/providers/standard/operators/bash.py", line 233, in execute
    raise AirflowException(
airflow.exceptions.AirflowException: Bash command failed. The command returned a non-zero exit code 1.
[2026-03-28T14:25:47.969+0000] {taskinstance.py:1206} INFO - Marking task as UP_FOR_RETRY. dag_id=banking_01_bronze_layer, task_id=debug, run_id=scheduled__2026-03-28T13:30:00+00:00, execution_date=20260328T133000, start_date=20260328T142540, end_date=20260328T142547
[2026-03-28T14:25:47.993+0000] {standard_task_runner.py:110} ERROR - Failed to execute job 6866 for task debug (Bash command failed. The command returned a non-zero exit code 1.; 9651)
[2026-03-28T14:25:48.040+0000] {local_task_job_runner.py:243} INFO - Task exited with return code 1
[2026-03-28T14:25:48.060+0000] {taskinstance.py:3503} INFO - 0 downstream tasks scheduled from follow-on schedule check
[2026-03-28T14:25:48.061+0000] {local_task_job_runner.py:222} INFO - ::endgroup::
