[2026-03-26T20:09:33.924+0000] {local_task_job_runner.py:120} INFO - ::group::Pre task execution logs
[2026-03-26T20:09:33.939+0000] {taskinstance.py:2076} INFO - Dependencies all met for dep_context=non-requeueable deps ti=<TaskInstance: banking_01_bronze_layer.debug scheduled__2026-03-26T19:30:00+00:00 [queued]>
[2026-03-26T20:09:33.942+0000] {taskinstance.py:2076} INFO - Dependencies all met for dep_context=requeueable deps ti=<TaskInstance: banking_01_bronze_layer.debug scheduled__2026-03-26T19:30:00+00:00 [queued]>
[2026-03-26T20:09:33.942+0000] {taskinstance.py:2306} INFO - Starting attempt 1 of 2
[2026-03-26T20:09:33.948+0000] {taskinstance.py:2330} INFO - Executing <Task(BashOperator): debug> on 2026-03-26 19:30:00+00:00
[2026-03-26T20:09:33.950+0000] {standard_task_runner.py:64} INFO - Started process 5535 to run task
[2026-03-26T20:09:33.951+0000] {standard_task_runner.py:90} INFO - Running: ['***', 'tasks', 'run', 'banking_01_bronze_layer', 'debug', 'scheduled__2026-03-26T19:30:00+00:00', '--job-id', '3364', '--raw', '--subdir', 'DAGS_FOLDER/dbt.py', '--cfg-path', '/tmp/tmpjfqgyung']
[2026-03-26T20:09:33.952+0000] {standard_task_runner.py:91} INFO - Job 3364: Subtask debug
[2026-03-26T20:09:33.977+0000] {task_command.py:426} INFO - Running <TaskInstance: banking_01_bronze_layer.debug scheduled__2026-03-26T19:30:00+00:00 [running]> on host c990dffe13ae
[2026-03-26T20:09:34.021+0000] {taskinstance.py:2648} INFO - Exporting env vars: AIRFLOW_CTX_DAG_OWNER='risheek' AIRFLOW_CTX_DAG_ID='banking_01_bronze_layer' AIRFLOW_CTX_TASK_ID='debug' AIRFLOW_CTX_EXECUTION_DATE='2026-03-26T19:30:00+00:00' AIRFLOW_CTX_TRY_NUMBER='1' AIRFLOW_CTX_DAG_RUN_ID='scheduled__2026-03-26T19:30:00+00:00'
[2026-03-26T20:09:34.021+0000] {taskinstance.py:430} INFO - ::endgroup::
[2026-03-26T20:09:34.022+0000] {subprocess.py:78} INFO - Tmp dir root location: /tmp
[2026-03-26T20:09:34.022+0000] {subprocess.py:88} INFO - Running command: ['/usr/bin/bash', '-c', 'dbt debug --profiles-dir /opt/***/dbt/trans_snowf']
[2026-03-26T20:09:34.026+0000] {subprocess.py:99} INFO - Output:
[2026-03-26T20:09:35.431+0000] {subprocess.py:106} INFO - [0m20:09:35  Running with dbt=1.11.7
[2026-03-26T20:09:35.437+0000] {subprocess.py:106} INFO - [0m20:09:35  dbt version: 1.11.7
[2026-03-26T20:09:35.438+0000] {subprocess.py:106} INFO - [0m20:09:35  python version: 3.12.4
[2026-03-26T20:09:35.438+0000] {subprocess.py:106} INFO - [0m20:09:35  python path: /home/***/.local/bin/python
[2026-03-26T20:09:35.438+0000] {subprocess.py:106} INFO - [0m20:09:35  os info: Linux-6.12.76-linuxkit-aarch64-with-glibc2.36
[2026-03-26T20:09:35.854+0000] {subprocess.py:106} INFO - [0m20:09:35  Using profiles dir at /opt/***/dbt/trans_snowf
[2026-03-26T20:09:35.855+0000] {subprocess.py:106} INFO - [0m20:09:35  Using profiles.yml file at /opt/***/dbt/trans_snowf/profiles.yml
[2026-03-26T20:09:35.855+0000] {subprocess.py:106} INFO - [0m20:09:35  Using dbt_project.yml file at /opt/***/dbt/trans_snowf/dbt_project.yml
[2026-03-26T20:09:35.856+0000] {subprocess.py:106} INFO - [0m20:09:35  adapter type: snowflake
[2026-03-26T20:09:35.857+0000] {subprocess.py:106} INFO - [0m20:09:35  adapter version: 1.11.3
[2026-03-26T20:09:35.920+0000] {subprocess.py:106} INFO - [0m20:09:35  Configuration:
[2026-03-26T20:09:35.920+0000] {subprocess.py:106} INFO - [0m20:09:35    profiles.yml file [[32mOK found and valid[0m]
[2026-03-26T20:09:35.920+0000] {subprocess.py:106} INFO - [0m20:09:35    dbt_project.yml file [[32mOK found and valid[0m]
[2026-03-26T20:09:35.921+0000] {subprocess.py:106} INFO - [0m20:09:35  Required dependencies:
[2026-03-26T20:09:35.922+0000] {subprocess.py:106} INFO - [0m20:09:35   - git [[31mERROR[0m]
[2026-03-26T20:09:35.922+0000] {subprocess.py:106} INFO - 
[2026-03-26T20:09:35.922+0000] {subprocess.py:106} INFO - [0m20:09:35  Connection:
[2026-03-26T20:09:35.923+0000] {subprocess.py:106} INFO - [0m20:09:35    account: BBMCDSP-CT02489
[2026-03-26T20:09:35.923+0000] {subprocess.py:106} INFO - [0m20:09:35    user: user123
[2026-03-26T20:09:35.923+0000] {subprocess.py:106} INFO - [0m20:09:35    database: BANKING
[2026-03-26T20:09:35.924+0000] {subprocess.py:106} INFO - [0m20:09:35    warehouse: COMPUTE_WH
[2026-03-26T20:09:35.924+0000] {subprocess.py:106} INFO - [0m20:09:35    role: dbtadmin
[2026-03-26T20:09:35.924+0000] {subprocess.py:106} INFO - [0m20:09:35    schema: PUBLIC
[2026-03-26T20:09:35.925+0000] {subprocess.py:106} INFO - [0m20:09:35    authenticator: None
[2026-03-26T20:09:35.925+0000] {subprocess.py:106} INFO - [0m20:09:35    oauth_client_id: None
[2026-03-26T20:09:35.925+0000] {subprocess.py:106} INFO - [0m20:09:35    query_tag: None
[2026-03-26T20:09:35.926+0000] {subprocess.py:106} INFO - [0m20:09:35    client_session_keep_alive: False
[2026-03-26T20:09:35.926+0000] {subprocess.py:106} INFO - [0m20:09:35    host: None
[2026-03-26T20:09:35.926+0000] {subprocess.py:106} INFO - [0m20:09:35    port: None
[2026-03-26T20:09:35.927+0000] {subprocess.py:106} INFO - [0m20:09:35    proxy_host: None
[2026-03-26T20:09:35.927+0000] {subprocess.py:106} INFO - [0m20:09:35    proxy_port: None
[2026-03-26T20:09:35.927+0000] {subprocess.py:106} INFO - [0m20:09:35    protocol: None
[2026-03-26T20:09:35.928+0000] {subprocess.py:106} INFO - [0m20:09:35    connect_retries: 1
[2026-03-26T20:09:35.928+0000] {subprocess.py:106} INFO - [0m20:09:35    connect_timeout: None
[2026-03-26T20:09:35.928+0000] {subprocess.py:106} INFO - [0m20:09:35    retry_on_database_errors: False
[2026-03-26T20:09:35.929+0000] {subprocess.py:106} INFO - [0m20:09:35    retry_all: False
[2026-03-26T20:09:35.929+0000] {subprocess.py:106} INFO - [0m20:09:35    insecure_mode: False
[2026-03-26T20:09:35.929+0000] {subprocess.py:106} INFO - [0m20:09:35    reuse_connections: True
[2026-03-26T20:09:35.930+0000] {subprocess.py:106} INFO - [0m20:09:35    s3_stage_vpce_dns_name: None
[2026-03-26T20:09:35.930+0000] {subprocess.py:106} INFO - [0m20:09:35    platform_detection_timeout_seconds: 0.0
[2026-03-26T20:09:35.931+0000] {subprocess.py:106} INFO - [0m20:09:35  Registered adapter: snowflake=1.11.3
[2026-03-26T20:09:36.518+0000] {subprocess.py:106} INFO - [0m20:09:36    Connection test: [[31mERROR[0m]
[2026-03-26T20:09:36.519+0000] {subprocess.py:106} INFO - 
[2026-03-26T20:09:36.519+0000] {subprocess.py:106} INFO - [0m20:09:36  [31m2 checks failed:[0m
[2026-03-26T20:09:36.521+0000] {subprocess.py:106} INFO - [0m20:09:36  Error from git --help: Could not find command, ensure it is in the user's PATH: "git"
[2026-03-26T20:09:36.522+0000] {subprocess.py:106} INFO - 
[2026-03-26T20:09:36.522+0000] {subprocess.py:106} INFO - [0m20:09:36  dbt was unable to connect to the specified database.
[2026-03-26T20:09:36.523+0000] {subprocess.py:106} INFO - The database returned the following error:
[2026-03-26T20:09:36.523+0000] {subprocess.py:106} INFO - 
[2026-03-26T20:09:36.524+0000] {subprocess.py:106} INFO -   >Database Error
[2026-03-26T20:09:36.524+0000] {subprocess.py:106} INFO -   250001 (08001): Failed to connect to DB: BBMCDSP-CT02489.snowflakecomputing.com:443. JWT token is invalid. [5e5987ef-206f-4c16-87a9-7173290f7c87]
[2026-03-26T20:09:36.524+0000] {subprocess.py:106} INFO - 
[2026-03-26T20:09:36.524+0000] {subprocess.py:106} INFO - Check your database credentials and try again. For more information, visit:
[2026-03-26T20:09:36.525+0000] {subprocess.py:106} INFO - https://docs.getdbt.com/docs/configure-your-profile
[2026-03-26T20:09:36.525+0000] {subprocess.py:106} INFO - 
[2026-03-26T20:09:36.526+0000] {subprocess.py:106} INFO - 
[2026-03-26T20:25:31.862+0000] {subprocess.py:110} INFO - Command exited with return code 1
[2026-03-26T20:25:31.866+0000] {taskinstance.py:441} INFO - ::group::Post task execution logs
[2026-03-26T20:25:31.890+0000] {taskinstance.py:2905} ERROR - Task failed with exception
Traceback (most recent call last):
  File "/home/airflow/.local/lib/python3.12/site-packages/airflow/models/taskinstance.py", line 465, in _execute_task
    result = _execute_callable(context=context, **execute_callable_kwargs)
             ^^^^^^^^^^^^^^^^^^^^^^^^^^^^^^^^^^^^^^^^^^^^^^^^^^^^^^^^^^^^^
  File "/home/airflow/.local/lib/python3.12/site-packages/airflow/models/taskinstance.py", line 432, in _execute_callable
    return execute_callable(context=context, **execute_callable_kwargs)
           ^^^^^^^^^^^^^^^^^^^^^^^^^^^^^^^^^^^^^^^^^^^^^^^^^^^^^^^^^^^^
  File "/home/airflow/.local/lib/python3.12/site-packages/airflow/models/baseoperator.py", line 401, in wrapper
    return func(self, *args, **kwargs)
           ^^^^^^^^^^^^^^^^^^^^^^^^^^^
  File "/home/airflow/.local/lib/python3.12/site-packages/airflow/providers/standard/operators/bash.py", line 233, in execute
    raise AirflowException(
airflow.exceptions.AirflowException: Bash command failed. The command returned a non-zero exit code 1.
[2026-03-26T20:25:31.895+0000] {taskinstance.py:1206} INFO - Marking task as UP_FOR_RETRY. dag_id=banking_01_bronze_layer, task_id=debug, run_id=scheduled__2026-03-26T19:30:00+00:00, execution_date=20260326T193000, start_date=20260326T200933, end_date=20260326T202531
[2026-03-26T20:25:31.908+0000] {standard_task_runner.py:110} ERROR - Failed to execute job 3364 for task debug (Bash command failed. The command returned a non-zero exit code 1.; 5535)
[2026-03-26T20:25:31.932+0000] {local_task_job_runner.py:243} INFO - Task exited with return code 1
[2026-03-26T20:25:31.948+0000] {taskinstance.py:3503} INFO - 0 downstream tasks scheduled from follow-on schedule check
[2026-03-26T20:25:31.949+0000] {local_task_job_runner.py:222} INFO - ::endgroup::
