[2026-03-29T10:00:02.487+0000] {local_task_job_runner.py:120} INFO - ::group::Pre task execution logs
[2026-03-29T10:00:02.502+0000] {taskinstance.py:2076} INFO - Dependencies all met for dep_context=non-requeueable deps ti=<TaskInstance: banking_01_bronze_layer.debug scheduled__2026-03-29T09:30:00+00:00 [queued]>
[2026-03-29T10:00:02.505+0000] {taskinstance.py:2076} INFO - Dependencies all met for dep_context=requeueable deps ti=<TaskInstance: banking_01_bronze_layer.debug scheduled__2026-03-29T09:30:00+00:00 [queued]>
[2026-03-29T10:00:02.505+0000] {taskinstance.py:2306} INFO - Starting attempt 1 of 2
[2026-03-29T10:00:02.511+0000] {taskinstance.py:2330} INFO - Executing <Task(BashOperator): debug> on 2026-03-29 09:30:00+00:00
[2026-03-29T10:00:02.514+0000] {standard_task_runner.py:64} INFO - Started process 632 to run task
[2026-03-29T10:00:02.517+0000] {standard_task_runner.py:90} INFO - Running: ['***', 'tasks', 'run', 'banking_01_bronze_layer', 'debug', 'scheduled__2026-03-29T09:30:00+00:00', '--job-id', '7199', '--raw', '--subdir', 'DAGS_FOLDER/dbt.py', '--cfg-path', '/tmp/tmp07fdk9aa']
[2026-03-29T10:00:02.518+0000] {standard_task_runner.py:91} INFO - Job 7199: Subtask debug
[2026-03-29T10:00:02.554+0000] {task_command.py:426} INFO - Running <TaskInstance: banking_01_bronze_layer.debug scheduled__2026-03-29T09:30:00+00:00 [running]> on host c990dffe13ae
[2026-03-29T10:00:02.601+0000] {taskinstance.py:2648} INFO - Exporting env vars: AIRFLOW_CTX_DAG_OWNER='risheek' AIRFLOW_CTX_DAG_ID='banking_01_bronze_layer' AIRFLOW_CTX_TASK_ID='debug' AIRFLOW_CTX_EXECUTION_DATE='2026-03-29T09:30:00+00:00' AIRFLOW_CTX_TRY_NUMBER='1' AIRFLOW_CTX_DAG_RUN_ID='scheduled__2026-03-29T09:30:00+00:00'
[2026-03-29T10:00:02.601+0000] {taskinstance.py:430} INFO - ::endgroup::
[2026-03-29T10:00:02.602+0000] {subprocess.py:78} INFO - Tmp dir root location: /tmp
[2026-03-29T10:00:02.602+0000] {subprocess.py:88} INFO - Running command: ['/usr/bin/bash', '-c', 'dbt debug --profiles-dir /opt/***/dbt/trans_snowf']
[2026-03-29T10:00:02.609+0000] {subprocess.py:99} INFO - Output:
[2026-03-29T10:00:03.842+0000] {subprocess.py:106} INFO - [0m10:00:03  Running with dbt=1.11.7
[2026-03-29T10:00:03.849+0000] {subprocess.py:106} INFO - [0m10:00:03  dbt version: 1.11.7
[2026-03-29T10:00:03.850+0000] {subprocess.py:106} INFO - [0m10:00:03  python version: 3.12.4
[2026-03-29T10:00:03.850+0000] {subprocess.py:106} INFO - [0m10:00:03  python path: /home/***/.local/bin/python
[2026-03-29T10:00:03.850+0000] {subprocess.py:106} INFO - [0m10:00:03  os info: Linux-6.12.76-linuxkit-aarch64-with-glibc2.36
[2026-03-29T10:00:04.290+0000] {subprocess.py:106} INFO - [0m10:00:04  Using profiles dir at /opt/***/dbt/trans_snowf
[2026-03-29T10:00:04.291+0000] {subprocess.py:106} INFO - [0m10:00:04  Using profiles.yml file at /opt/***/dbt/trans_snowf/profiles.yml
[2026-03-29T10:00:04.291+0000] {subprocess.py:106} INFO - [0m10:00:04  Using dbt_project.yml file at /opt/***/dbt/trans_snowf/dbt_project.yml
[2026-03-29T10:00:04.292+0000] {subprocess.py:106} INFO - [0m10:00:04  adapter type: snowflake
[2026-03-29T10:00:04.292+0000] {subprocess.py:106} INFO - [0m10:00:04  adapter version: 1.11.3
[2026-03-29T10:00:04.344+0000] {subprocess.py:106} INFO - [0m10:00:04  Configuration:
[2026-03-29T10:00:04.344+0000] {subprocess.py:106} INFO - [0m10:00:04    profiles.yml file [[32mOK found and valid[0m]
[2026-03-29T10:00:04.345+0000] {subprocess.py:106} INFO - [0m10:00:04    dbt_project.yml file [[32mOK found and valid[0m]
[2026-03-29T10:00:04.345+0000] {subprocess.py:106} INFO - [0m10:00:04  Required dependencies:
[2026-03-29T10:00:04.346+0000] {subprocess.py:106} INFO - [0m10:00:04   - git [[31mERROR[0m]
[2026-03-29T10:00:04.346+0000] {subprocess.py:106} INFO - 
[2026-03-29T10:00:04.346+0000] {subprocess.py:106} INFO - [0m10:00:04  Connection:
[2026-03-29T10:00:04.347+0000] {subprocess.py:106} INFO - [0m10:00:04    account: BBMCDSP-CT02489
[2026-03-29T10:00:04.347+0000] {subprocess.py:106} INFO - [0m10:00:04    user: user123
[2026-03-29T10:00:04.347+0000] {subprocess.py:106} INFO - [0m10:00:04    database: BANKING
[2026-03-29T10:00:04.348+0000] {subprocess.py:106} INFO - [0m10:00:04    warehouse: COMPUTE_WH
[2026-03-29T10:00:04.348+0000] {subprocess.py:106} INFO - [0m10:00:04    role: dbtadmin
[2026-03-29T10:00:04.348+0000] {subprocess.py:106} INFO - [0m10:00:04    schema: PUBLIC
[2026-03-29T10:00:04.348+0000] {subprocess.py:106} INFO - [0m10:00:04    authenticator: None
[2026-03-29T10:00:04.349+0000] {subprocess.py:106} INFO - [0m10:00:04    oauth_client_id: None
[2026-03-29T10:00:04.349+0000] {subprocess.py:106} INFO - [0m10:00:04    query_tag: None
[2026-03-29T10:00:04.349+0000] {subprocess.py:106} INFO - [0m10:00:04    client_session_keep_alive: False
[2026-03-29T10:00:04.350+0000] {subprocess.py:106} INFO - [0m10:00:04    host: None
[2026-03-29T10:00:04.350+0000] {subprocess.py:106} INFO - [0m10:00:04    port: None
[2026-03-29T10:00:04.350+0000] {subprocess.py:106} INFO - [0m10:00:04    proxy_host: None
[2026-03-29T10:00:04.351+0000] {subprocess.py:106} INFO - [0m10:00:04    proxy_port: None
[2026-03-29T10:00:04.351+0000] {subprocess.py:106} INFO - [0m10:00:04    protocol: None
[2026-03-29T10:00:04.351+0000] {subprocess.py:106} INFO - [0m10:00:04    connect_retries: 1
[2026-03-29T10:00:04.351+0000] {subprocess.py:106} INFO - [0m10:00:04    connect_timeout: None
[2026-03-29T10:00:04.352+0000] {subprocess.py:106} INFO - [0m10:00:04    retry_on_database_errors: False
[2026-03-29T10:00:04.352+0000] {subprocess.py:106} INFO - [0m10:00:04    retry_all: False
[2026-03-29T10:00:04.352+0000] {subprocess.py:106} INFO - [0m10:00:04    insecure_mode: False
[2026-03-29T10:00:04.352+0000] {subprocess.py:106} INFO - [0m10:00:04    reuse_connections: True
[2026-03-29T10:00:04.353+0000] {subprocess.py:106} INFO - [0m10:00:04    s3_stage_vpce_dns_name: None
[2026-03-29T10:00:04.354+0000] {subprocess.py:106} INFO - [0m10:00:04    platform_detection_timeout_seconds: 0.0
[2026-03-29T10:00:04.355+0000] {subprocess.py:106} INFO - [0m10:00:04  Registered adapter: snowflake=1.11.3
[2026-03-29T10:00:06.124+0000] {subprocess.py:106} INFO - [0m10:00:06    Connection test: [[32mOK connection ok[0m]
[2026-03-29T10:00:06.126+0000] {subprocess.py:106} INFO - 
[2026-03-29T10:00:06.127+0000] {subprocess.py:106} INFO - [0m10:00:06  [31m1 check failed:[0m
[2026-03-29T10:00:06.128+0000] {subprocess.py:106} INFO - [0m10:00:06  Error from git --help: Could not find command, ensure it is in the user's PATH: "git"
[2026-03-29T10:00:06.128+0000] {subprocess.py:106} INFO - 
[2026-03-29T10:00:08.349+0000] {subprocess.py:110} INFO - Command exited with return code 1
[2026-03-29T10:00:08.352+0000] {taskinstance.py:441} INFO - ::group::Post task execution logs
[2026-03-29T10:00:08.369+0000] {taskinstance.py:2905} ERROR - Task failed with exception
Traceback (most recent call last):
  File "/home/airflow/.local/lib/python3.12/site-packages/airflow/models/taskinstance.py", line 465, in _execute_task
    result = _execute_callable(context=context, **execute_callable_kwargs)
             ^^^^^^^^^^^^^^^^^^^^^^^^^^^^^^^^^^^^^^^^^^^^^^^^^^^^^^^^^^^^^
  File "/home/airflow/.local/lib/python3.12/site-packages/airflow/models/taskinstance.py", line 432, in _execute_callable
    return execute_callable(context=context, **execute_callable_kwargs)
           ^^^^^^^^^^^^^^^^^^^^^^^^^^^^^^^^^^^^^^^^^^^^^^^^^^^^^^^^^^^^
  File "/home/airflow/.local/lib/python3.12/site-packages/airflow/models/baseoperator.py", line 401, in wrapper
    return func(self, *args, **kwargs)
           ^^^^^^^^^^^^^^^^^^^^^^^^^^^
  File "/home/airflow/.local/lib/python3.12/site-packages/airflow/providers/standard/operators/bash.py", line 233, in execute
    raise AirflowException(
airflow.exceptions.AirflowException: Bash command failed. The command returned a non-zero exit code 1.
[2026-03-29T10:00:08.374+0000] {taskinstance.py:1206} INFO - Marking task as UP_FOR_RETRY. dag_id=banking_01_bronze_layer, task_id=debug, run_id=scheduled__2026-03-29T09:30:00+00:00, execution_date=20260329T093000, start_date=20260329T100002, end_date=20260329T100008
[2026-03-29T10:00:08.393+0000] {standard_task_runner.py:110} ERROR - Failed to execute job 7199 for task debug (Bash command failed. The command returned a non-zero exit code 1.; 632)
[2026-03-29T10:00:08.402+0000] {local_task_job_runner.py:243} INFO - Task exited with return code 1
[2026-03-29T10:00:08.413+0000] {taskinstance.py:3503} INFO - 0 downstream tasks scheduled from follow-on schedule check
[2026-03-29T10:00:08.414+0000] {local_task_job_runner.py:222} INFO - ::endgroup::
