[2026-03-29T20:55:31.147+0000] {local_task_job_runner.py:120} INFO - ::group::Pre task execution logs
[2026-03-29T20:55:31.162+0000] {taskinstance.py:2076} INFO - Dependencies all met for dep_context=non-requeueable deps ti=<TaskInstance: banking_01_bronze_layer.build_bronze_trans scheduled__2026-03-29T20:00:00+00:00 [queued]>
[2026-03-29T20:55:31.165+0000] {taskinstance.py:2076} INFO - Dependencies all met for dep_context=requeueable deps ti=<TaskInstance: banking_01_bronze_layer.build_bronze_trans scheduled__2026-03-29T20:00:00+00:00 [queued]>
[2026-03-29T20:55:31.165+0000] {taskinstance.py:2306} INFO - Starting attempt 2 of 2
[2026-03-29T20:55:31.170+0000] {taskinstance.py:2330} INFO - Executing <Task(BashOperator): build_bronze_trans> on 2026-03-29 20:00:00+00:00
[2026-03-29T20:55:31.172+0000] {standard_task_runner.py:64} INFO - Started process 5056 to run task
[2026-03-29T20:55:31.174+0000] {standard_task_runner.py:90} INFO - Running: ['***', 'tasks', 'run', 'banking_01_bronze_layer', 'build_bronze_trans', 'scheduled__2026-03-29T20:00:00+00:00', '--job-id', '7331', '--raw', '--subdir', 'DAGS_FOLDER/dbt.py', '--cfg-path', '/tmp/tmpx27vs6no']
[2026-03-29T20:55:31.175+0000] {standard_task_runner.py:91} INFO - Job 7331: Subtask build_bronze_trans
[2026-03-29T20:55:31.199+0000] {task_command.py:426} INFO - Running <TaskInstance: banking_01_bronze_layer.build_bronze_trans scheduled__2026-03-29T20:00:00+00:00 [running]> on host c990dffe13ae
[2026-03-29T20:55:31.238+0000] {taskinstance.py:2648} INFO - Exporting env vars: AIRFLOW_CTX_DAG_OWNER='risheek' AIRFLOW_CTX_DAG_ID='banking_01_bronze_layer' AIRFLOW_CTX_TASK_ID='build_bronze_trans' AIRFLOW_CTX_EXECUTION_DATE='2026-03-29T20:00:00+00:00' AIRFLOW_CTX_TRY_NUMBER='2' AIRFLOW_CTX_DAG_RUN_ID='scheduled__2026-03-29T20:00:00+00:00'
[2026-03-29T20:55:31.239+0000] {taskinstance.py:430} INFO - ::endgroup::
[2026-03-29T20:55:31.239+0000] {subprocess.py:78} INFO - Tmp dir root location: /tmp
[2026-03-29T20:55:31.240+0000] {subprocess.py:88} INFO - Running command: ['/usr/bin/bash', '-c', 'dbt build --select bronze_trans']
[2026-03-29T20:55:31.243+0000] {subprocess.py:99} INFO - Output:
[2026-03-29T20:55:32.379+0000] {subprocess.py:106} INFO - [0m20:55:32  Running with dbt=1.11.7
[2026-03-29T20:55:32.820+0000] {subprocess.py:106} INFO - [0m20:55:32  Registered adapter: snowflake=1.11.3
[2026-03-29T20:55:32.950+0000] {subprocess.py:106} INFO - [0m20:55:32  [[33mWARNING[0m]: Configuration paths exist in your dbt_project.yml file which do not apply to any resources.
[2026-03-29T20:55:32.951+0000] {subprocess.py:106} INFO - There are 1 unused configuration paths:
[2026-03-29T20:55:32.951+0000] {subprocess.py:106} INFO - - models.trans_snowf.example
[2026-03-29T20:55:33.048+0000] {subprocess.py:106} INFO - [0m20:55:33  Found 14 models, 3 sources, 522 macros
[2026-03-29T20:55:33.049+0000] {subprocess.py:106} INFO - [0m20:55:33
[2026-03-29T20:55:33.049+0000] {subprocess.py:106} INFO - [0m20:55:33  Concurrency: 1 threads (target='dev')
[2026-03-29T20:55:33.050+0000] {subprocess.py:106} INFO - [0m20:55:33
[2026-03-29T20:55:35.816+0000] {subprocess.py:106} INFO - [0m20:55:35  1 of 1 START sql incremental model PUBLIC_BRONZE.bronze_trans .................. [RUN]
[2026-03-29T20:55:39.853+0000] {subprocess.py:106} INFO - [0m20:55:39  1 of 1 OK created sql incremental model PUBLIC_BRONZE.bronze_trans ............. [[32mSUCCESS 0[0m in 4.03s]
[2026-03-29T20:55:40.079+0000] {subprocess.py:106} INFO - [0m20:55:40
[2026-03-29T20:55:40.081+0000] {subprocess.py:106} INFO - [0m20:55:40  Finished running 1 incremental model in 0 hours 0 minutes and 7.03 seconds (7.03s).
[2026-03-29T20:55:40.143+0000] {subprocess.py:106} INFO - [0m20:55:40
[2026-03-29T20:55:40.143+0000] {subprocess.py:106} INFO - [0m20:55:40  [32mCompleted successfully[0m
[2026-03-29T20:55:40.144+0000] {subprocess.py:106} INFO - [0m20:55:40
[2026-03-29T20:55:40.144+0000] {subprocess.py:106} INFO - [0m20:55:40  Done. PASS=1 WARN=0 ERROR=0 SKIP=0 NO-OP=0 TOTAL=1
[2026-03-29T20:55:41.779+0000] {subprocess.py:110} INFO - Command exited with return code 0
[2026-03-29T20:55:41.780+0000] {taskinstance.py:441} INFO - ::group::Post task execution logs
[2026-03-29T20:55:41.819+0000] {taskinstance.py:1206} INFO - Marking task as SUCCESS. dag_id=banking_01_bronze_layer, task_id=build_bronze_trans, run_id=scheduled__2026-03-29T20:00:00+00:00, execution_date=20260329T200000, start_date=20260329T205531, end_date=20260329T205541
[2026-03-29T20:55:41.833+0000] {local_task_job_runner.py:243} INFO - Task exited with return code 0
[2026-03-29T20:55:41.844+0000] {taskinstance.py:3503} INFO - 0 downstream tasks scheduled from follow-on schedule check
[2026-03-29T20:55:41.845+0000] {local_task_job_runner.py:222} INFO - ::endgroup::
