[2026-03-29T20:36:13.656+0000] {local_task_job_runner.py:120} INFO - ::group::Pre task execution logs
[2026-03-29T20:36:13.670+0000] {taskinstance.py:2076} INFO - Dependencies all met for dep_context=non-requeueable deps ti=<TaskInstance: banking_01_bronze_layer.build_bronze_trans scheduled__2026-03-29T20:00:00+00:00 [queued]>
[2026-03-29T20:36:13.673+0000] {taskinstance.py:2076} INFO - Dependencies all met for dep_context=requeueable deps ti=<TaskInstance: banking_01_bronze_layer.build_bronze_trans scheduled__2026-03-29T20:00:00+00:00 [queued]>
[2026-03-29T20:36:13.673+0000] {taskinstance.py:2306} INFO - Starting attempt 1 of 2
[2026-03-29T20:36:13.679+0000] {taskinstance.py:2330} INFO - Executing <Task(BashOperator): build_bronze_trans> on 2026-03-29 20:00:00+00:00
[2026-03-29T20:36:13.681+0000] {standard_task_runner.py:64} INFO - Started process 5004 to run task
[2026-03-29T20:36:13.682+0000] {standard_task_runner.py:90} INFO - Running: ['***', 'tasks', 'run', 'banking_01_bronze_layer', 'build_bronze_trans', 'scheduled__2026-03-29T20:00:00+00:00', '--job-id', '7329', '--raw', '--subdir', 'DAGS_FOLDER/dbt.py', '--cfg-path', '/tmp/tmp4ypdxxum']
[2026-03-29T20:36:13.683+0000] {standard_task_runner.py:91} INFO - Job 7329: Subtask build_bronze_trans
[2026-03-29T20:36:13.710+0000] {task_command.py:426} INFO - Running <TaskInstance: banking_01_bronze_layer.build_bronze_trans scheduled__2026-03-29T20:00:00+00:00 [running]> on host c990dffe13ae
[2026-03-29T20:36:13.752+0000] {taskinstance.py:2648} INFO - Exporting env vars: AIRFLOW_CTX_DAG_OWNER='risheek' AIRFLOW_CTX_DAG_ID='banking_01_bronze_layer' AIRFLOW_CTX_TASK_ID='build_bronze_trans' AIRFLOW_CTX_EXECUTION_DATE='2026-03-29T20:00:00+00:00' AIRFLOW_CTX_TRY_NUMBER='1' AIRFLOW_CTX_DAG_RUN_ID='scheduled__2026-03-29T20:00:00+00:00'
[2026-03-29T20:36:13.752+0000] {taskinstance.py:430} INFO - ::endgroup::
[2026-03-29T20:36:13.752+0000] {subprocess.py:78} INFO - Tmp dir root location: /tmp
[2026-03-29T20:36:13.753+0000] {subprocess.py:88} INFO - Running command: ['/usr/bin/bash', '-c', 'dbt build --select bronze_trans']
[2026-03-29T20:36:13.756+0000] {subprocess.py:99} INFO - Output:
[2026-03-29T20:36:15.197+0000] {subprocess.py:106} INFO - [0m20:36:15  Running with dbt=1.11.7
[2026-03-29T20:36:15.729+0000] {subprocess.py:106} INFO - [0m20:36:15  Registered adapter: snowflake=1.11.3
[2026-03-29T20:36:15.878+0000] {subprocess.py:106} INFO - [0m20:36:15  [[33mWARNING[0m]: Configuration paths exist in your dbt_project.yml file which do not apply to any resources.
[2026-03-29T20:36:15.879+0000] {subprocess.py:106} INFO - There are 1 unused configuration paths:
[2026-03-29T20:36:15.879+0000] {subprocess.py:106} INFO - - models.trans_snowf.example
[2026-03-29T20:36:15.972+0000] {subprocess.py:106} INFO - [0m20:36:15  Found 14 models, 3 sources, 522 macros
[2026-03-29T20:36:15.973+0000] {subprocess.py:106} INFO - [0m20:36:15
[2026-03-29T20:36:15.974+0000] {subprocess.py:106} INFO - [0m20:36:15  Concurrency: 1 threads (target='dev')
[2026-03-29T20:36:15.974+0000] {subprocess.py:106} INFO - [0m20:36:15
[2026-03-29T20:36:17.596+0000] {subprocess.py:106} INFO - [0m20:36:17
[2026-03-29T20:36:17.597+0000] {subprocess.py:106} INFO - [0m20:36:17  Finished running  in 0 hours 0 minutes and 1.62 seconds (1.62s).
[2026-03-29T20:36:17.598+0000] {subprocess.py:106} INFO - [0m20:36:17  Encountered an error:
[2026-03-29T20:36:17.599+0000] {subprocess.py:106} INFO - Runtime Error
[2026-03-29T20:36:17.599+0000] {subprocess.py:106} INFO -   Database error while listing schemas in database "BANKING"
[2026-03-29T20:36:17.600+0000] {subprocess.py:106} INFO -   Database Error
[2026-03-29T20:36:17.600+0000] {subprocess.py:106} INFO -     250001 (08001): Failed to connect to DB: BBMCDSP-CT02489.snowflakecomputing.com:443. JWT token is invalid. [095d3869-4ef9-4b2a-bc22-5412fcedee99]
[2026-03-29T20:36:19.301+0000] {subprocess.py:110} INFO - Command exited with return code 2
[2026-03-29T20:36:19.302+0000] {taskinstance.py:441} INFO - ::group::Post task execution logs
[2026-03-29T20:36:19.322+0000] {taskinstance.py:2905} ERROR - Task failed with exception
Traceback (most recent call last):
  File "/home/airflow/.local/lib/python3.12/site-packages/airflow/models/taskinstance.py", line 465, in _execute_task
    result = _execute_callable(context=context, **execute_callable_kwargs)
             ^^^^^^^^^^^^^^^^^^^^^^^^^^^^^^^^^^^^^^^^^^^^^^^^^^^^^^^^^^^^^
  File "/home/airflow/.local/lib/python3.12/site-packages/airflow/models/taskinstance.py", line 432, in _execute_callable
    return execute_callable(context=context, **execute_callable_kwargs)
           ^^^^^^^^^^^^^^^^^^^^^^^^^^^^^^^^^^^^^^^^^^^^^^^^^^^^^^^^^^^^
  File "/home/airflow/.local/lib/python3.12/site-packages/airflow/models/baseoperator.py", line 401, in wrapper
    return func(self, *args, **kwargs)
           ^^^^^^^^^^^^^^^^^^^^^^^^^^^
  File "/home/airflow/.local/lib/python3.12/site-packages/airflow/providers/standard/operators/bash.py", line 233, in execute
    raise AirflowException(
airflow.exceptions.AirflowException: Bash command failed. The command returned a non-zero exit code 2.
[2026-03-29T20:36:19.327+0000] {taskinstance.py:1206} INFO - Marking task as UP_FOR_RETRY. dag_id=banking_01_bronze_layer, task_id=build_bronze_trans, run_id=scheduled__2026-03-29T20:00:00+00:00, execution_date=20260329T200000, start_date=20260329T203613, end_date=20260329T203619
[2026-03-29T20:36:19.343+0000] {standard_task_runner.py:110} ERROR - Failed to execute job 7329 for task build_bronze_trans (Bash command failed. The command returned a non-zero exit code 2.; 5004)
[2026-03-29T20:36:19.375+0000] {local_task_job_runner.py:243} INFO - Task exited with return code 1
[2026-03-29T20:36:19.391+0000] {taskinstance.py:3503} INFO - 0 downstream tasks scheduled from follow-on schedule check
[2026-03-29T20:36:19.392+0000] {local_task_job_runner.py:222} INFO - ::endgroup::
