[2026-03-25T14:46:45.329+0000] {local_task_job_runner.py:120} INFO - ::group::Pre task execution logs
[2026-03-25T14:46:45.346+0000] {taskinstance.py:2076} INFO - Dependencies all met for dep_context=non-requeueable deps ti=<TaskInstance: banking_01_bronze_layer.build_bronze_trans scheduled__2026-03-25T14:00:00+00:00 [queued]>
[2026-03-25T14:46:45.349+0000] {taskinstance.py:2076} INFO - Dependencies all met for dep_context=requeueable deps ti=<TaskInstance: banking_01_bronze_layer.build_bronze_trans scheduled__2026-03-25T14:00:00+00:00 [queued]>
[2026-03-25T14:46:45.349+0000] {taskinstance.py:2306} INFO - Starting attempt 1 of 2
[2026-03-25T14:46:45.355+0000] {taskinstance.py:2330} INFO - Executing <Task(BashOperator): build_bronze_trans> on 2026-03-25 14:00:00+00:00
[2026-03-25T14:46:45.357+0000] {standard_task_runner.py:64} INFO - Started process 95 to run task
[2026-03-25T14:46:45.359+0000] {standard_task_runner.py:90} INFO - Running: ['***', 'tasks', 'run', 'banking_01_bronze_layer', 'build_bronze_trans', 'scheduled__2026-03-25T14:00:00+00:00', '--job-id', '1351', '--raw', '--subdir', 'DAGS_FOLDER/dbt.py', '--cfg-path', '/tmp/tmp0esr5f8y']
[2026-03-25T14:46:45.360+0000] {standard_task_runner.py:91} INFO - Job 1351: Subtask build_bronze_trans
[2026-03-25T14:46:45.394+0000] {task_command.py:426} INFO - Running <TaskInstance: banking_01_bronze_layer.build_bronze_trans scheduled__2026-03-25T14:00:00+00:00 [running]> on host c990dffe13ae
[2026-03-25T14:46:45.438+0000] {taskinstance.py:2648} INFO - Exporting env vars: AIRFLOW_CTX_DAG_OWNER='risheek' AIRFLOW_CTX_DAG_ID='banking_01_bronze_layer' AIRFLOW_CTX_TASK_ID='build_bronze_trans' AIRFLOW_CTX_EXECUTION_DATE='2026-03-25T14:00:00+00:00' AIRFLOW_CTX_TRY_NUMBER='1' AIRFLOW_CTX_DAG_RUN_ID='scheduled__2026-03-25T14:00:00+00:00'
[2026-03-25T14:46:45.438+0000] {taskinstance.py:430} INFO - ::endgroup::
[2026-03-25T14:46:45.439+0000] {subprocess.py:78} INFO - Tmp dir root location: /tmp
[2026-03-25T14:46:45.439+0000] {subprocess.py:88} INFO - Running command: ['/usr/bin/bash', '-c', 'dbt build --select bronze_trans']
[2026-03-25T14:46:45.443+0000] {subprocess.py:99} INFO - Output:
[2026-03-25T14:46:46.849+0000] {subprocess.py:106} INFO - [0m14:46:46  Running with dbt=1.11.7
[2026-03-25T14:46:47.417+0000] {subprocess.py:106} INFO - [0m14:46:47  Registered adapter: snowflake=1.11.3
[2026-03-25T14:46:47.534+0000] {subprocess.py:106} INFO - [0m14:46:47  Unable to do partial parsing because of a version mismatch
[2026-03-25T14:46:48.116+0000] {subprocess.py:106} INFO - [0m14:46:48  [[33mWARNING[0m]: Did not find matching node for patch with name 'my_first_dbt_model' in the 'models' section of file 'models/staging/schema.yml'
[2026-03-25T14:46:48.117+0000] {subprocess.py:106} INFO - [0m14:46:48  [[33mWARNING[0m]: Did not find matching node for patch with name 'my_second_dbt_model' in the 'models' section of file 'models/staging/schema.yml'
[2026-03-25T14:46:48.207+0000] {subprocess.py:106} INFO - [0m14:46:48  [[33mWARNING[0m]: Test 'test.trans_snowf.unique_my_first_dbt_model_id.16e066b321' (models/staging/schema.yml) depends on a node named 'my_first_dbt_model' in package '' which was not found
[2026-03-25T14:46:48.208+0000] {subprocess.py:106} INFO - [0m14:46:48  [[33mWARNING[0m]: Test 'test.trans_snowf.not_null_my_first_dbt_model_id.5fb22c2710' (models/staging/schema.yml) depends on a node named 'my_first_dbt_model' in package '' which was not found
[2026-03-25T14:46:48.208+0000] {subprocess.py:106} INFO - [0m14:46:48  [[33mWARNING[0m]: Test 'test.trans_snowf.unique_my_second_dbt_model_id.57a0f8c493' (models/staging/schema.yml) depends on a node named 'my_second_dbt_model' in package '' which was not found
[2026-03-25T14:46:48.209+0000] {subprocess.py:106} INFO - [0m14:46:48  [[33mWARNING[0m]: Test 'test.trans_snowf.not_null_my_second_dbt_model_id.151b76d778' (models/staging/schema.yml) depends on a node named 'my_second_dbt_model' in package '' which was not found
[2026-03-25T14:46:48.254+0000] {subprocess.py:106} INFO - [0m14:46:48  [[33mWARNING[0m]: Configuration paths exist in your dbt_project.yml file which do not apply to any resources.
[2026-03-25T14:46:48.255+0000] {subprocess.py:106} INFO - There are 1 unused configuration paths:
[2026-03-25T14:46:48.255+0000] {subprocess.py:106} INFO - - models.trans_snowf.example
[2026-03-25T14:46:48.348+0000] {subprocess.py:106} INFO - [0m14:46:48  Found 14 models, 3 sources, 522 macros
[2026-03-25T14:46:48.349+0000] {subprocess.py:106} INFO - [0m14:46:48
[2026-03-25T14:46:48.350+0000] {subprocess.py:106} INFO - [0m14:46:48  Concurrency: 1 threads (target='dev')
[2026-03-25T14:46:48.350+0000] {subprocess.py:106} INFO - [0m14:46:48
[2026-03-25T14:46:48.394+0000] {subprocess.py:106} INFO - [0m14:46:48
[2026-03-25T14:46:48.394+0000] {subprocess.py:106} INFO - [0m14:46:48  Finished running  in 0 hours 0 minutes and 0.04 seconds (0.04s).
[2026-03-25T14:46:48.395+0000] {subprocess.py:106} INFO - [0m14:46:48  Encountered an error:
[2026-03-25T14:46:48.395+0000] {subprocess.py:106} INFO - Runtime Error
[2026-03-25T14:46:48.395+0000] {subprocess.py:106} INFO -   Database error while listing schemas in database "BANKING"
[2026-03-25T14:46:48.395+0000] {subprocess.py:106} INFO -   Database Error
[2026-03-25T14:46:48.395+0000] {subprocess.py:106} INFO -     [Errno 2] No such file or directory: '/Users/rish88k/data_analysis/de_project/keys_/dbt_user_latest/rsa_key.p8'
[2026-03-25T14:46:50.012+0000] {subprocess.py:110} INFO - Command exited with return code 2
[2026-03-25T14:46:50.013+0000] {taskinstance.py:441} INFO - ::group::Post task execution logs
[2026-03-25T14:46:50.031+0000] {taskinstance.py:2905} ERROR - Task failed with exception
Traceback (most recent call last):
  File "/home/airflow/.local/lib/python3.12/site-packages/airflow/models/taskinstance.py", line 465, in _execute_task
    result = _execute_callable(context=context, **execute_callable_kwargs)
             ^^^^^^^^^^^^^^^^^^^^^^^^^^^^^^^^^^^^^^^^^^^^^^^^^^^^^^^^^^^^^
  File "/home/airflow/.local/lib/python3.12/site-packages/airflow/models/taskinstance.py", line 432, in _execute_callable
    return execute_callable(context=context, **execute_callable_kwargs)
           ^^^^^^^^^^^^^^^^^^^^^^^^^^^^^^^^^^^^^^^^^^^^^^^^^^^^^^^^^^^^
  File "/home/airflow/.local/lib/python3.12/site-packages/airflow/models/baseoperator.py", line 401, in wrapper
    return func(self, *args, **kwargs)
           ^^^^^^^^^^^^^^^^^^^^^^^^^^^
  File "/home/airflow/.local/lib/python3.12/site-packages/airflow/providers/standard/operators/bash.py", line 233, in execute
    raise AirflowException(
airflow.exceptions.AirflowException: Bash command failed. The command returned a non-zero exit code 2.
[2026-03-25T14:46:50.037+0000] {taskinstance.py:1206} INFO - Marking task as UP_FOR_RETRY. dag_id=banking_01_bronze_layer, task_id=build_bronze_trans, run_id=scheduled__2026-03-25T14:00:00+00:00, execution_date=20260325T140000, start_date=20260325T144645, end_date=20260325T144650
[2026-03-25T14:46:50.054+0000] {standard_task_runner.py:110} ERROR - Failed to execute job 1351 for task build_bronze_trans (Bash command failed. The command returned a non-zero exit code 2.; 95)
[2026-03-25T14:46:50.079+0000] {local_task_job_runner.py:243} INFO - Task exited with return code 1
[2026-03-25T14:46:50.108+0000] {taskinstance.py:3503} INFO - 0 downstream tasks scheduled from follow-on schedule check
[2026-03-25T14:46:50.109+0000] {local_task_job_runner.py:222} INFO - ::endgroup::
