[2026-04-03T05:59:46.282+0000] {local_task_job_runner.py:120} INFO - ::group::Pre task execution logs
[2026-04-03T05:59:46.300+0000] {taskinstance.py:2076} INFO - Dependencies all met for dep_context=non-requeueable deps ti=<TaskInstance: banking_01_bronze_layer.debug manual__2026-04-03T05:59:43.919076+00:00 [queued]>
[2026-04-03T05:59:46.303+0000] {taskinstance.py:2076} INFO - Dependencies all met for dep_context=requeueable deps ti=<TaskInstance: banking_01_bronze_layer.debug manual__2026-04-03T05:59:43.919076+00:00 [queued]>
[2026-04-03T05:59:46.304+0000] {taskinstance.py:2306} INFO - Starting attempt 1 of 2
[2026-04-03T05:59:46.310+0000] {taskinstance.py:2330} INFO - Executing <Task(BashOperator): debug> on 2026-04-03 05:59:43.919076+00:00
[2026-04-03T05:59:46.311+0000] {standard_task_runner.py:64} INFO - Started process 53 to run task
[2026-04-03T05:59:46.313+0000] {standard_task_runner.py:90} INFO - Running: ['***', 'tasks', 'run', 'banking_01_bronze_layer', 'debug', 'manual__2026-04-03T05:59:43.919076+00:00', '--job-id', '9565', '--raw', '--subdir', 'DAGS_FOLDER/dbt.py', '--cfg-path', '/tmp/tmp3poyccjc']
[2026-04-03T05:59:46.314+0000] {standard_task_runner.py:91} INFO - Job 9565: Subtask debug
[2026-04-03T05:59:46.343+0000] {task_command.py:426} INFO - Running <TaskInstance: banking_01_bronze_layer.debug manual__2026-04-03T05:59:43.919076+00:00 [running]> on host c990dffe13ae
[2026-04-03T05:59:46.398+0000] {taskinstance.py:2648} INFO - Exporting env vars: AIRFLOW_CTX_DAG_OWNER='risheek' AIRFLOW_CTX_DAG_ID='banking_01_bronze_layer' AIRFLOW_CTX_TASK_ID='debug' AIRFLOW_CTX_EXECUTION_DATE='2026-04-03T05:59:43.919076+00:00' AIRFLOW_CTX_TRY_NUMBER='1' AIRFLOW_CTX_DAG_RUN_ID='manual__2026-04-03T05:59:43.919076+00:00'
[2026-04-03T05:59:46.399+0000] {taskinstance.py:430} INFO - ::endgroup::
[2026-04-03T05:59:46.399+0000] {subprocess.py:78} INFO - Tmp dir root location: /tmp
[2026-04-03T05:59:46.400+0000] {subprocess.py:88} INFO - Running command: ['/usr/bin/bash', '-c', 'dbt debug --profiles-dir /opt/***/dbt/trans_snowf']
[2026-04-03T05:59:46.403+0000] {subprocess.py:99} INFO - Output:
[2026-04-03T05:59:47.819+0000] {subprocess.py:106} INFO - [0m05:59:47  Running with dbt=1.11.7
[2026-04-03T05:59:47.827+0000] {subprocess.py:106} INFO - [0m05:59:47  dbt version: 1.11.7
[2026-04-03T05:59:47.827+0000] {subprocess.py:106} INFO - [0m05:59:47  python version: 3.12.4
[2026-04-03T05:59:47.827+0000] {subprocess.py:106} INFO - [0m05:59:47  python path: /home/***/.local/bin/python
[2026-04-03T05:59:47.828+0000] {subprocess.py:106} INFO - [0m05:59:47  os info: Linux-6.12.76-linuxkit-aarch64-with-glibc2.36
[2026-04-03T05:59:48.236+0000] {subprocess.py:106} INFO - [0m05:59:48  Using profiles dir at /opt/***/dbt/trans_snowf
[2026-04-03T05:59:48.236+0000] {subprocess.py:106} INFO - [0m05:59:48  Using profiles.yml file at /opt/***/dbt/trans_snowf/profiles.yml
[2026-04-03T05:59:48.237+0000] {subprocess.py:106} INFO - [0m05:59:48  Using dbt_project.yml file at /opt/***/dbt/trans_snowf/dbt_project.yml
[2026-04-03T05:59:48.237+0000] {subprocess.py:106} INFO - [0m05:59:48  adapter type: snowflake
[2026-04-03T05:59:48.238+0000] {subprocess.py:106} INFO - [0m05:59:48  adapter version: 1.11.3
[2026-04-03T05:59:48.289+0000] {subprocess.py:106} INFO - [0m05:59:48  Configuration:
[2026-04-03T05:59:48.289+0000] {subprocess.py:106} INFO - [0m05:59:48    profiles.yml file [[32mOK found and valid[0m]
[2026-04-03T05:59:48.289+0000] {subprocess.py:106} INFO - [0m05:59:48    dbt_project.yml file [[32mOK found and valid[0m]
[2026-04-03T05:59:48.290+0000] {subprocess.py:106} INFO - [0m05:59:48  Required dependencies:
[2026-04-03T05:59:48.291+0000] {subprocess.py:106} INFO - [0m05:59:48   - git [[31mERROR[0m]
[2026-04-03T05:59:48.291+0000] {subprocess.py:106} INFO - 
[2026-04-03T05:59:48.291+0000] {subprocess.py:106} INFO - [0m05:59:48  Connection:
[2026-04-03T05:59:48.292+0000] {subprocess.py:106} INFO - [0m05:59:48    account: BBMCDSP-CT02489
[2026-04-03T05:59:48.292+0000] {subprocess.py:106} INFO - [0m05:59:48    user: user123
[2026-04-03T05:59:48.292+0000] {subprocess.py:106} INFO - [0m05:59:48    database: BANKING
[2026-04-03T05:59:48.293+0000] {subprocess.py:106} INFO - [0m05:59:48    warehouse: COMPUTE_WH
[2026-04-03T05:59:48.293+0000] {subprocess.py:106} INFO - [0m05:59:48    role: dbtadmin
[2026-04-03T05:59:48.293+0000] {subprocess.py:106} INFO - [0m05:59:48    schema: PUBLIC
[2026-04-03T05:59:48.294+0000] {subprocess.py:106} INFO - [0m05:59:48    authenticator: None
[2026-04-03T05:59:48.294+0000] {subprocess.py:106} INFO - [0m05:59:48    oauth_client_id: None
[2026-04-03T05:59:48.294+0000] {subprocess.py:106} INFO - [0m05:59:48    query_tag: None
[2026-04-03T05:59:48.295+0000] {subprocess.py:106} INFO - [0m05:59:48    client_session_keep_alive: False
[2026-04-03T05:59:48.295+0000] {subprocess.py:106} INFO - [0m05:59:48    host: None
[2026-04-03T05:59:48.295+0000] {subprocess.py:106} INFO - [0m05:59:48    port: None
[2026-04-03T05:59:48.295+0000] {subprocess.py:106} INFO - [0m05:59:48    proxy_host: None
[2026-04-03T05:59:48.296+0000] {subprocess.py:106} INFO - [0m05:59:48    proxy_port: None
[2026-04-03T05:59:48.296+0000] {subprocess.py:106} INFO - [0m05:59:48    protocol: None
[2026-04-03T05:59:48.296+0000] {subprocess.py:106} INFO - [0m05:59:48    connect_retries: 1
[2026-04-03T05:59:48.297+0000] {subprocess.py:106} INFO - [0m05:59:48    connect_timeout: None
[2026-04-03T05:59:48.297+0000] {subprocess.py:106} INFO - [0m05:59:48    retry_on_database_errors: False
[2026-04-03T05:59:48.297+0000] {subprocess.py:106} INFO - [0m05:59:48    retry_all: False
[2026-04-03T05:59:48.297+0000] {subprocess.py:106} INFO - [0m05:59:48    insecure_mode: False
[2026-04-03T05:59:48.298+0000] {subprocess.py:106} INFO - [0m05:59:48    reuse_connections: True
[2026-04-03T05:59:48.298+0000] {subprocess.py:106} INFO - [0m05:59:48    s3_stage_vpce_dns_name: None
[2026-04-03T05:59:48.299+0000] {subprocess.py:106} INFO - [0m05:59:48    platform_detection_timeout_seconds: 0.0
[2026-04-03T05:59:48.300+0000] {subprocess.py:106} INFO - [0m05:59:48  Registered adapter: snowflake=1.11.3
[2026-04-03T05:59:49.451+0000] {subprocess.py:106} INFO - [0m05:59:49    Connection test: [[32mOK connection ok[0m]
[2026-04-03T05:59:49.451+0000] {subprocess.py:106} INFO - 
[2026-04-03T05:59:49.451+0000] {subprocess.py:106} INFO - [0m05:59:49  [31m1 check failed:[0m
[2026-04-03T05:59:49.452+0000] {subprocess.py:106} INFO - [0m05:59:49  Error from git --help: Could not find command, ensure it is in the user's PATH: "git"
[2026-04-03T05:59:49.452+0000] {subprocess.py:106} INFO - 
[2026-04-03T05:59:57.517+0000] {subprocess.py:110} INFO - Command exited with return code 1
[2026-04-03T05:59:57.522+0000] {taskinstance.py:441} INFO - ::group::Post task execution logs
[2026-04-03T05:59:57.545+0000] {taskinstance.py:2905} ERROR - Task failed with exception
Traceback (most recent call last):
  File "/home/airflow/.local/lib/python3.12/site-packages/airflow/models/taskinstance.py", line 465, in _execute_task
    result = _execute_callable(context=context, **execute_callable_kwargs)
             ^^^^^^^^^^^^^^^^^^^^^^^^^^^^^^^^^^^^^^^^^^^^^^^^^^^^^^^^^^^^^
  File "/home/airflow/.local/lib/python3.12/site-packages/airflow/models/taskinstance.py", line 432, in _execute_callable
    return execute_callable(context=context, **execute_callable_kwargs)
           ^^^^^^^^^^^^^^^^^^^^^^^^^^^^^^^^^^^^^^^^^^^^^^^^^^^^^^^^^^^^
  File "/home/airflow/.local/lib/python3.12/site-packages/airflow/models/baseoperator.py", line 401, in wrapper
    return func(self, *args, **kwargs)
           ^^^^^^^^^^^^^^^^^^^^^^^^^^^
  File "/home/airflow/.local/lib/python3.12/site-packages/airflow/providers/standard/operators/bash.py", line 233, in execute
    raise AirflowException(
airflow.exceptions.AirflowException: Bash command failed. The command returned a non-zero exit code 1.
[2026-04-03T05:59:57.550+0000] {taskinstance.py:1206} INFO - Marking task as UP_FOR_RETRY. dag_id=banking_01_bronze_layer, task_id=debug, run_id=manual__2026-04-03T05:59:43.919076+00:00, execution_date=20260403T055943, start_date=20260403T055946, end_date=20260403T055957
[2026-04-03T05:59:57.571+0000] {standard_task_runner.py:110} ERROR - Failed to execute job 9565 for task debug (Bash command failed. The command returned a non-zero exit code 1.; 53)
[2026-04-03T05:59:57.581+0000] {local_task_job_runner.py:243} INFO - Task exited with return code 1
[2026-04-03T05:59:57.599+0000] {taskinstance.py:3503} INFO - 0 downstream tasks scheduled from follow-on schedule check
[2026-04-03T05:59:57.600+0000] {local_task_job_runner.py:222} INFO - ::endgroup::
