[2026-03-26T22:06:19.506+0000] {local_task_job_runner.py:120} INFO - ::group::Pre task execution logs
[2026-03-26T22:06:19.521+0000] {taskinstance.py:2076} INFO - Dependencies all met for dep_context=non-requeueable deps ti=<TaskInstance: banking_01_bronze_layer.debug scheduled__2026-03-26T20:30:00+00:00 [queued]>
[2026-03-26T22:06:19.524+0000] {taskinstance.py:2076} INFO - Dependencies all met for dep_context=requeueable deps ti=<TaskInstance: banking_01_bronze_layer.debug scheduled__2026-03-26T20:30:00+00:00 [queued]>
[2026-03-26T22:06:19.525+0000] {taskinstance.py:2306} INFO - Starting attempt 1 of 2
[2026-03-26T22:06:19.530+0000] {taskinstance.py:2330} INFO - Executing <Task(BashOperator): debug> on 2026-03-26 20:30:00+00:00
[2026-03-26T22:06:19.532+0000] {standard_task_runner.py:64} INFO - Started process 6581 to run task
[2026-03-26T22:06:19.534+0000] {standard_task_runner.py:90} INFO - Running: ['***', 'tasks', 'run', 'banking_01_bronze_layer', 'debug', 'scheduled__2026-03-26T20:30:00+00:00', '--job-id', '3415', '--raw', '--subdir', 'DAGS_FOLDER/dbt.py', '--cfg-path', '/tmp/tmp35ps41df']
[2026-03-26T22:06:19.535+0000] {standard_task_runner.py:91} INFO - Job 3415: Subtask debug
[2026-03-26T22:06:19.560+0000] {task_command.py:426} INFO - Running <TaskInstance: banking_01_bronze_layer.debug scheduled__2026-03-26T20:30:00+00:00 [running]> on host c990dffe13ae
[2026-03-26T22:06:19.600+0000] {taskinstance.py:2648} INFO - Exporting env vars: AIRFLOW_CTX_DAG_OWNER='risheek' AIRFLOW_CTX_DAG_ID='banking_01_bronze_layer' AIRFLOW_CTX_TASK_ID='debug' AIRFLOW_CTX_EXECUTION_DATE='2026-03-26T20:30:00+00:00' AIRFLOW_CTX_TRY_NUMBER='1' AIRFLOW_CTX_DAG_RUN_ID='scheduled__2026-03-26T20:30:00+00:00'
[2026-03-26T22:06:19.601+0000] {taskinstance.py:430} INFO - ::endgroup::
[2026-03-26T22:06:19.601+0000] {subprocess.py:78} INFO - Tmp dir root location: /tmp
[2026-03-26T22:06:19.601+0000] {subprocess.py:88} INFO - Running command: ['/usr/bin/bash', '-c', 'dbt debug --profiles-dir /opt/***/dbt/trans_snowf']
[2026-03-26T22:06:19.605+0000] {subprocess.py:99} INFO - Output:
[2026-03-26T22:06:20.732+0000] {subprocess.py:106} INFO - [0m22:06:20  Running with dbt=1.11.7
[2026-03-26T22:06:20.737+0000] {subprocess.py:106} INFO - [0m22:06:20  dbt version: 1.11.7
[2026-03-26T22:06:20.737+0000] {subprocess.py:106} INFO - [0m22:06:20  python version: 3.12.4
[2026-03-26T22:06:20.737+0000] {subprocess.py:106} INFO - [0m22:06:20  python path: /home/***/.local/bin/python
[2026-03-26T22:06:20.738+0000] {subprocess.py:106} INFO - [0m22:06:20  os info: Linux-6.12.76-linuxkit-aarch64-with-glibc2.36
[2026-03-26T22:06:21.102+0000] {subprocess.py:106} INFO - [0m22:06:21  Using profiles dir at /opt/***/dbt/trans_snowf
[2026-03-26T22:06:21.102+0000] {subprocess.py:106} INFO - [0m22:06:21  Using profiles.yml file at /opt/***/dbt/trans_snowf/profiles.yml
[2026-03-26T22:06:21.103+0000] {subprocess.py:106} INFO - [0m22:06:21  Using dbt_project.yml file at /opt/***/dbt/trans_snowf/dbt_project.yml
[2026-03-26T22:06:21.103+0000] {subprocess.py:106} INFO - [0m22:06:21  adapter type: snowflake
[2026-03-26T22:06:21.103+0000] {subprocess.py:106} INFO - [0m22:06:21  adapter version: 1.11.3
[2026-03-26T22:06:21.154+0000] {subprocess.py:106} INFO - [0m22:06:21  Configuration:
[2026-03-26T22:06:21.155+0000] {subprocess.py:106} INFO - [0m22:06:21    profiles.yml file [[32mOK found and valid[0m]
[2026-03-26T22:06:21.155+0000] {subprocess.py:106} INFO - [0m22:06:21    dbt_project.yml file [[32mOK found and valid[0m]
[2026-03-26T22:06:21.155+0000] {subprocess.py:106} INFO - [0m22:06:21  Required dependencies:
[2026-03-26T22:06:21.156+0000] {subprocess.py:106} INFO - [0m22:06:21   - git [[31mERROR[0m]
[2026-03-26T22:06:21.156+0000] {subprocess.py:106} INFO - 
[2026-03-26T22:06:21.156+0000] {subprocess.py:106} INFO - [0m22:06:21  Connection:
[2026-03-26T22:06:21.157+0000] {subprocess.py:106} INFO - [0m22:06:21    account: BBMCDSP-CT02489
[2026-03-26T22:06:21.157+0000] {subprocess.py:106} INFO - [0m22:06:21    user: user123
[2026-03-26T22:06:21.157+0000] {subprocess.py:106} INFO - [0m22:06:21    database: BANKING
[2026-03-26T22:06:21.158+0000] {subprocess.py:106} INFO - [0m22:06:21    warehouse: COMPUTE_WH
[2026-03-26T22:06:21.158+0000] {subprocess.py:106} INFO - [0m22:06:21    role: dbtadmin
[2026-03-26T22:06:21.158+0000] {subprocess.py:106} INFO - [0m22:06:21    schema: PUBLIC
[2026-03-26T22:06:21.159+0000] {subprocess.py:106} INFO - [0m22:06:21    authenticator: None
[2026-03-26T22:06:21.159+0000] {subprocess.py:106} INFO - [0m22:06:21    oauth_client_id: None
[2026-03-26T22:06:21.159+0000] {subprocess.py:106} INFO - [0m22:06:21    query_tag: None
[2026-03-26T22:06:21.160+0000] {subprocess.py:106} INFO - [0m22:06:21    client_session_keep_alive: False
[2026-03-26T22:06:21.160+0000] {subprocess.py:106} INFO - [0m22:06:21    host: None
[2026-03-26T22:06:21.160+0000] {subprocess.py:106} INFO - [0m22:06:21    port: None
[2026-03-26T22:06:21.161+0000] {subprocess.py:106} INFO - [0m22:06:21    proxy_host: None
[2026-03-26T22:06:21.161+0000] {subprocess.py:106} INFO - [0m22:06:21    proxy_port: None
[2026-03-26T22:06:21.161+0000] {subprocess.py:106} INFO - [0m22:06:21    protocol: None
[2026-03-26T22:06:21.162+0000] {subprocess.py:106} INFO - [0m22:06:21    connect_retries: 1
[2026-03-26T22:06:21.162+0000] {subprocess.py:106} INFO - [0m22:06:21    connect_timeout: None
[2026-03-26T22:06:21.162+0000] {subprocess.py:106} INFO - [0m22:06:21    retry_on_database_errors: False
[2026-03-26T22:06:21.162+0000] {subprocess.py:106} INFO - [0m22:06:21    retry_all: False
[2026-03-26T22:06:21.163+0000] {subprocess.py:106} INFO - [0m22:06:21    insecure_mode: False
[2026-03-26T22:06:21.163+0000] {subprocess.py:106} INFO - [0m22:06:21    reuse_connections: True
[2026-03-26T22:06:21.163+0000] {subprocess.py:106} INFO - [0m22:06:21    s3_stage_vpce_dns_name: None
[2026-03-26T22:06:21.164+0000] {subprocess.py:106} INFO - [0m22:06:21    platform_detection_timeout_seconds: 0.0
[2026-03-26T22:06:21.164+0000] {subprocess.py:106} INFO - [0m22:06:21  Registered adapter: snowflake=1.11.3
[2026-03-26T22:06:22.261+0000] {subprocess.py:106} INFO - [0m22:06:22    Connection test: [[32mOK connection ok[0m]
[2026-03-26T22:06:22.262+0000] {subprocess.py:106} INFO - 
[2026-03-26T22:06:22.263+0000] {subprocess.py:106} INFO - [0m22:06:22  [31m1 check failed:[0m
[2026-03-26T22:06:22.264+0000] {subprocess.py:106} INFO - [0m22:06:22  Error from git --help: Could not find command, ensure it is in the user's PATH: "git"
[2026-03-26T22:06:22.264+0000] {subprocess.py:106} INFO - 
[2026-03-26T22:06:28.835+0000] {subprocess.py:110} INFO - Command exited with return code 1
[2026-03-26T22:06:28.836+0000] {taskinstance.py:441} INFO - ::group::Post task execution logs
[2026-03-26T22:06:28.844+0000] {taskinstance.py:2905} ERROR - Task failed with exception
Traceback (most recent call last):
  File "/home/airflow/.local/lib/python3.12/site-packages/airflow/models/taskinstance.py", line 465, in _execute_task
    result = _execute_callable(context=context, **execute_callable_kwargs)
             ^^^^^^^^^^^^^^^^^^^^^^^^^^^^^^^^^^^^^^^^^^^^^^^^^^^^^^^^^^^^^
  File "/home/airflow/.local/lib/python3.12/site-packages/airflow/models/taskinstance.py", line 432, in _execute_callable
    return execute_callable(context=context, **execute_callable_kwargs)
           ^^^^^^^^^^^^^^^^^^^^^^^^^^^^^^^^^^^^^^^^^^^^^^^^^^^^^^^^^^^^
  File "/home/airflow/.local/lib/python3.12/site-packages/airflow/models/baseoperator.py", line 401, in wrapper
    return func(self, *args, **kwargs)
           ^^^^^^^^^^^^^^^^^^^^^^^^^^^
  File "/home/airflow/.local/lib/python3.12/site-packages/airflow/providers/standard/operators/bash.py", line 233, in execute
    raise AirflowException(
airflow.exceptions.AirflowException: Bash command failed. The command returned a non-zero exit code 1.
[2026-03-26T22:06:28.846+0000] {taskinstance.py:1206} INFO - Marking task as UP_FOR_RETRY. dag_id=banking_01_bronze_layer, task_id=debug, run_id=scheduled__2026-03-26T20:30:00+00:00, execution_date=20260326T203000, start_date=20260326T220619, end_date=20260326T220628
[2026-03-26T22:06:28.853+0000] {standard_task_runner.py:110} ERROR - Failed to execute job 3415 for task debug (Bash command failed. The command returned a non-zero exit code 1.; 6581)
[2026-03-26T22:06:28.892+0000] {local_task_job_runner.py:243} INFO - Task exited with return code 1
[2026-03-26T22:06:28.903+0000] {taskinstance.py:3503} INFO - 0 downstream tasks scheduled from follow-on schedule check
[2026-03-26T22:06:28.903+0000] {local_task_job_runner.py:222} INFO - ::endgroup::
