[2026-03-29T13:39:09.887+0000] {local_task_job_runner.py:120} INFO - ::group::Pre task execution logs
[2026-03-29T13:39:09.901+0000] {taskinstance.py:2076} INFO - Dependencies all met for dep_context=non-requeueable deps ti=<TaskInstance: banking_01_bronze_layer.build_bronze_trans scheduled__2026-03-29T13:00:00+00:00 [queued]>
[2026-03-29T13:39:09.904+0000] {taskinstance.py:2076} INFO - Dependencies all met for dep_context=requeueable deps ti=<TaskInstance: banking_01_bronze_layer.build_bronze_trans scheduled__2026-03-29T13:00:00+00:00 [queued]>
[2026-03-29T13:39:09.905+0000] {taskinstance.py:2306} INFO - Starting attempt 1 of 2
[2026-03-29T13:39:09.911+0000] {taskinstance.py:2330} INFO - Executing <Task(BashOperator): build_bronze_trans> on 2026-03-29 13:00:00+00:00
[2026-03-29T13:39:09.913+0000] {standard_task_runner.py:64} INFO - Started process 2303 to run task
[2026-03-29T13:39:09.914+0000] {standard_task_runner.py:90} INFO - Running: ['***', 'tasks', 'run', 'banking_01_bronze_layer', 'build_bronze_trans', 'scheduled__2026-03-29T13:00:00+00:00', '--job-id', '7251', '--raw', '--subdir', 'DAGS_FOLDER/dbt.py', '--cfg-path', '/tmp/tmpc4a7525r']
[2026-03-29T13:39:09.916+0000] {standard_task_runner.py:91} INFO - Job 7251: Subtask build_bronze_trans
[2026-03-29T13:39:09.941+0000] {task_command.py:426} INFO - Running <TaskInstance: banking_01_bronze_layer.build_bronze_trans scheduled__2026-03-29T13:00:00+00:00 [running]> on host c990dffe13ae
[2026-03-29T13:39:09.985+0000] {taskinstance.py:2648} INFO - Exporting env vars: AIRFLOW_CTX_DAG_OWNER='risheek' AIRFLOW_CTX_DAG_ID='banking_01_bronze_layer' AIRFLOW_CTX_TASK_ID='build_bronze_trans' AIRFLOW_CTX_EXECUTION_DATE='2026-03-29T13:00:00+00:00' AIRFLOW_CTX_TRY_NUMBER='1' AIRFLOW_CTX_DAG_RUN_ID='scheduled__2026-03-29T13:00:00+00:00'
[2026-03-29T13:39:09.986+0000] {taskinstance.py:430} INFO - ::endgroup::
[2026-03-29T13:39:09.986+0000] {subprocess.py:78} INFO - Tmp dir root location: /tmp
[2026-03-29T13:39:09.986+0000] {subprocess.py:88} INFO - Running command: ['/usr/bin/bash', '-c', 'dbt build --select bronze_trans']
[2026-03-29T13:39:09.990+0000] {subprocess.py:99} INFO - Output:
[2026-03-29T13:39:11.120+0000] {subprocess.py:106} INFO - [0m13:39:11  Running with dbt=1.11.7
[2026-03-29T13:39:11.555+0000] {subprocess.py:106} INFO - [0m13:39:11  Registered adapter: snowflake=1.11.3
[2026-03-29T13:39:11.683+0000] {subprocess.py:106} INFO - [0m13:39:11  [[33mWARNING[0m]: Configuration paths exist in your dbt_project.yml file which do not apply to any resources.
[2026-03-29T13:39:11.684+0000] {subprocess.py:106} INFO - There are 1 unused configuration paths:
[2026-03-29T13:39:11.684+0000] {subprocess.py:106} INFO - - models.trans_snowf.example
[2026-03-29T13:39:11.774+0000] {subprocess.py:106} INFO - [0m13:39:11  Found 14 models, 3 sources, 522 macros
[2026-03-29T13:39:11.775+0000] {subprocess.py:106} INFO - [0m13:39:11
[2026-03-29T13:39:11.775+0000] {subprocess.py:106} INFO - [0m13:39:11  Concurrency: 1 threads (target='dev')
[2026-03-29T13:39:11.776+0000] {subprocess.py:106} INFO - [0m13:39:11
[2026-03-29T13:39:13.055+0000] {subprocess.py:106} INFO - [0m13:39:13  1 of 1 START sql incremental model PUBLIC_BRONZE.bronze_trans .................. [RUN]
[2026-03-29T13:39:15.011+0000] {subprocess.py:106} INFO - [0m13:39:15  1 of 1 OK created sql incremental model PUBLIC_BRONZE.bronze_trans ............. [[32mSUCCESS 0[0m in 1.95s]
[2026-03-29T13:39:15.207+0000] {subprocess.py:106} INFO - [0m13:39:15
[2026-03-29T13:39:15.209+0000] {subprocess.py:106} INFO - [0m13:39:15  Finished running 1 incremental model in 0 hours 0 minutes and 3.43 seconds (3.43s).
[2026-03-29T13:39:15.270+0000] {subprocess.py:106} INFO - [0m13:39:15
[2026-03-29T13:39:15.271+0000] {subprocess.py:106} INFO - [0m13:39:15  [32mCompleted successfully[0m
[2026-03-29T13:39:15.271+0000] {subprocess.py:106} INFO - [0m13:39:15
[2026-03-29T13:39:15.271+0000] {subprocess.py:106} INFO - [0m13:39:15  Done. PASS=1 WARN=0 ERROR=0 SKIP=0 NO-OP=0 TOTAL=1
[2026-03-29T13:39:17.200+0000] {subprocess.py:110} INFO - Command exited with return code 0
[2026-03-29T13:39:17.201+0000] {taskinstance.py:441} INFO - ::group::Post task execution logs
[2026-03-29T13:39:17.222+0000] {taskinstance.py:1206} INFO - Marking task as SUCCESS. dag_id=banking_01_bronze_layer, task_id=build_bronze_trans, run_id=scheduled__2026-03-29T13:00:00+00:00, execution_date=20260329T130000, start_date=20260329T133909, end_date=20260329T133917
[2026-03-29T13:39:17.267+0000] {local_task_job_runner.py:243} INFO - Task exited with return code 0
[2026-03-29T13:39:17.278+0000] {taskinstance.py:3503} INFO - 0 downstream tasks scheduled from follow-on schedule check
[2026-03-29T13:39:17.279+0000] {local_task_job_runner.py:222} INFO - ::endgroup::
