[2026-03-28T11:24:23.864+0000] {local_task_job_runner.py:120} INFO - ::group::Pre task execution logs
[2026-03-28T11:24:23.879+0000] {taskinstance.py:2076} INFO - Dependencies all met for dep_context=non-requeueable deps ti=<TaskInstance: banking_01_bronze_layer.debug scheduled__2026-03-28T10:30:00+00:00 [queued]>
[2026-03-28T11:24:23.883+0000] {taskinstance.py:2076} INFO - Dependencies all met for dep_context=requeueable deps ti=<TaskInstance: banking_01_bronze_layer.debug scheduled__2026-03-28T10:30:00+00:00 [queued]>
[2026-03-28T11:24:23.883+0000] {taskinstance.py:2306} INFO - Starting attempt 2 of 2
[2026-03-28T11:24:23.890+0000] {taskinstance.py:2330} INFO - Executing <Task(BashOperator): debug> on 2026-03-28 10:30:00+00:00
[2026-03-28T11:24:23.892+0000] {standard_task_runner.py:64} INFO - Started process 2204 to run task
[2026-03-28T11:24:23.894+0000] {standard_task_runner.py:90} INFO - Running: ['***', 'tasks', 'run', 'banking_01_bronze_layer', 'debug', 'scheduled__2026-03-28T10:30:00+00:00', '--job-id', '6503', '--raw', '--subdir', 'DAGS_FOLDER/dbt.py', '--cfg-path', '/tmp/tmp71iast62']
[2026-03-28T11:24:23.895+0000] {standard_task_runner.py:91} INFO - Job 6503: Subtask debug
[2026-03-28T11:24:23.937+0000] {task_command.py:426} INFO - Running <TaskInstance: banking_01_bronze_layer.debug scheduled__2026-03-28T10:30:00+00:00 [running]> on host c990dffe13ae
[2026-03-28T11:24:24.002+0000] {taskinstance.py:2648} INFO - Exporting env vars: AIRFLOW_CTX_DAG_OWNER='risheek' AIRFLOW_CTX_DAG_ID='banking_01_bronze_layer' AIRFLOW_CTX_TASK_ID='debug' AIRFLOW_CTX_EXECUTION_DATE='2026-03-28T10:30:00+00:00' AIRFLOW_CTX_TRY_NUMBER='2' AIRFLOW_CTX_DAG_RUN_ID='scheduled__2026-03-28T10:30:00+00:00'
[2026-03-28T11:24:24.003+0000] {taskinstance.py:430} INFO - ::endgroup::
[2026-03-28T11:24:24.004+0000] {subprocess.py:78} INFO - Tmp dir root location: /tmp
[2026-03-28T11:24:24.004+0000] {subprocess.py:88} INFO - Running command: ['/usr/bin/bash', '-c', 'dbt debug --profiles-dir /opt/***/dbt/trans_snowf']
[2026-03-28T11:24:24.008+0000] {subprocess.py:99} INFO - Output:
[2026-03-28T11:24:26.064+0000] {subprocess.py:106} INFO - [0m11:24:26  Running with dbt=1.11.7
[2026-03-28T11:24:26.084+0000] {subprocess.py:106} INFO - [0m11:24:26  dbt version: 1.11.7
[2026-03-28T11:24:26.084+0000] {subprocess.py:106} INFO - [0m11:24:26  python version: 3.12.4
[2026-03-28T11:24:26.085+0000] {subprocess.py:106} INFO - [0m11:24:26  python path: /home/***/.local/bin/python
[2026-03-28T11:24:26.085+0000] {subprocess.py:106} INFO - [0m11:24:26  os info: Linux-6.12.76-linuxkit-aarch64-with-glibc2.36
[2026-03-28T11:24:26.728+0000] {subprocess.py:106} INFO - [0m11:24:26  Using profiles dir at /opt/***/dbt/trans_snowf
[2026-03-28T11:24:26.729+0000] {subprocess.py:106} INFO - [0m11:24:26  Using profiles.yml file at /opt/***/dbt/trans_snowf/profiles.yml
[2026-03-28T11:24:26.729+0000] {subprocess.py:106} INFO - [0m11:24:26  Using dbt_project.yml file at /opt/***/dbt/trans_snowf/dbt_project.yml
[2026-03-28T11:24:26.730+0000] {subprocess.py:106} INFO - [0m11:24:26  adapter type: snowflake
[2026-03-28T11:24:26.730+0000] {subprocess.py:106} INFO - [0m11:24:26  adapter version: 1.11.3
[2026-03-28T11:24:26.792+0000] {subprocess.py:106} INFO - [0m11:24:26  Configuration:
[2026-03-28T11:24:26.792+0000] {subprocess.py:106} INFO - [0m11:24:26    profiles.yml file [[32mOK found and valid[0m]
[2026-03-28T11:24:26.793+0000] {subprocess.py:106} INFO - [0m11:24:26    dbt_project.yml file [[32mOK found and valid[0m]
[2026-03-28T11:24:26.793+0000] {subprocess.py:106} INFO - [0m11:24:26  Required dependencies:
[2026-03-28T11:24:26.794+0000] {subprocess.py:106} INFO - [0m11:24:26   - git [[31mERROR[0m]
[2026-03-28T11:24:26.794+0000] {subprocess.py:106} INFO - 
[2026-03-28T11:24:26.795+0000] {subprocess.py:106} INFO - [0m11:24:26  Connection:
[2026-03-28T11:24:26.795+0000] {subprocess.py:106} INFO - [0m11:24:26    account: BBMCDSP-CT02489
[2026-03-28T11:24:26.796+0000] {subprocess.py:106} INFO - [0m11:24:26    user: user123
[2026-03-28T11:24:26.796+0000] {subprocess.py:106} INFO - [0m11:24:26    database: BANKING
[2026-03-28T11:24:26.797+0000] {subprocess.py:106} INFO - [0m11:24:26    warehouse: COMPUTE_WH
[2026-03-28T11:24:26.797+0000] {subprocess.py:106} INFO - [0m11:24:26    role: dbtadmin
[2026-03-28T11:24:26.798+0000] {subprocess.py:106} INFO - [0m11:24:26    schema: PUBLIC
[2026-03-28T11:24:26.798+0000] {subprocess.py:106} INFO - [0m11:24:26    authenticator: None
[2026-03-28T11:24:26.798+0000] {subprocess.py:106} INFO - [0m11:24:26    oauth_client_id: None
[2026-03-28T11:24:26.799+0000] {subprocess.py:106} INFO - [0m11:24:26    query_tag: None
[2026-03-28T11:24:26.799+0000] {subprocess.py:106} INFO - [0m11:24:26    client_session_keep_alive: False
[2026-03-28T11:24:26.800+0000] {subprocess.py:106} INFO - [0m11:24:26    host: None
[2026-03-28T11:24:26.800+0000] {subprocess.py:106} INFO - [0m11:24:26    port: None
[2026-03-28T11:24:26.801+0000] {subprocess.py:106} INFO - [0m11:24:26    proxy_host: None
[2026-03-28T11:24:26.801+0000] {subprocess.py:106} INFO - [0m11:24:26    proxy_port: None
[2026-03-28T11:24:26.802+0000] {subprocess.py:106} INFO - [0m11:24:26    protocol: None
[2026-03-28T11:24:26.802+0000] {subprocess.py:106} INFO - [0m11:24:26    connect_retries: 1
[2026-03-28T11:24:26.803+0000] {subprocess.py:106} INFO - [0m11:24:26    connect_timeout: None
[2026-03-28T11:24:26.803+0000] {subprocess.py:106} INFO - [0m11:24:26    retry_on_database_errors: False
[2026-03-28T11:24:26.804+0000] {subprocess.py:106} INFO - [0m11:24:26    retry_all: False
[2026-03-28T11:24:26.804+0000] {subprocess.py:106} INFO - [0m11:24:26    insecure_mode: False
[2026-03-28T11:24:26.806+0000] {subprocess.py:106} INFO - [0m11:24:26    reuse_connections: True
[2026-03-28T11:24:26.807+0000] {subprocess.py:106} INFO - [0m11:24:26    s3_stage_vpce_dns_name: None
[2026-03-28T11:24:26.807+0000] {subprocess.py:106} INFO - [0m11:24:26    platform_detection_timeout_seconds: 0.0
[2026-03-28T11:24:26.808+0000] {subprocess.py:106} INFO - [0m11:24:26  Registered adapter: snowflake=1.11.3
[2026-03-28T11:24:27.541+0000] {subprocess.py:106} INFO - [0m11:24:27    Connection test: [[32mOK connection ok[0m]
[2026-03-28T11:24:27.542+0000] {subprocess.py:106} INFO - 
[2026-03-28T11:24:27.543+0000] {subprocess.py:106} INFO - [0m11:24:27  [31m1 check failed:[0m
[2026-03-28T11:24:27.544+0000] {subprocess.py:106} INFO - [0m11:24:27  Error from git --help: Could not find command, ensure it is in the user's PATH: "git"
[2026-03-28T11:24:27.544+0000] {subprocess.py:106} INFO - 
[2026-03-28T11:24:29.885+0000] {subprocess.py:110} INFO - Command exited with return code 1
[2026-03-28T11:24:29.890+0000] {taskinstance.py:441} INFO - ::group::Post task execution logs
[2026-03-28T11:24:29.910+0000] {taskinstance.py:2905} ERROR - Task failed with exception
Traceback (most recent call last):
  File "/home/airflow/.local/lib/python3.12/site-packages/airflow/models/taskinstance.py", line 465, in _execute_task
    result = _execute_callable(context=context, **execute_callable_kwargs)
             ^^^^^^^^^^^^^^^^^^^^^^^^^^^^^^^^^^^^^^^^^^^^^^^^^^^^^^^^^^^^^
  File "/home/airflow/.local/lib/python3.12/site-packages/airflow/models/taskinstance.py", line 432, in _execute_callable
    return execute_callable(context=context, **execute_callable_kwargs)
           ^^^^^^^^^^^^^^^^^^^^^^^^^^^^^^^^^^^^^^^^^^^^^^^^^^^^^^^^^^^^
  File "/home/airflow/.local/lib/python3.12/site-packages/airflow/models/baseoperator.py", line 401, in wrapper
    return func(self, *args, **kwargs)
           ^^^^^^^^^^^^^^^^^^^^^^^^^^^
  File "/home/airflow/.local/lib/python3.12/site-packages/airflow/providers/standard/operators/bash.py", line 233, in execute
    raise AirflowException(
airflow.exceptions.AirflowException: Bash command failed. The command returned a non-zero exit code 1.
[2026-03-28T11:24:29.916+0000] {taskinstance.py:1206} INFO - Marking task as FAILED. dag_id=banking_01_bronze_layer, task_id=debug, run_id=scheduled__2026-03-28T10:30:00+00:00, execution_date=20260328T103000, start_date=20260328T112423, end_date=20260328T112429
[2026-03-28T11:24:29.936+0000] {standard_task_runner.py:110} ERROR - Failed to execute job 6503 for task debug (Bash command failed. The command returned a non-zero exit code 1.; 2204)
[2026-03-28T11:24:29.983+0000] {local_task_job_runner.py:243} INFO - Task exited with return code 1
[2026-03-28T11:24:30.000+0000] {taskinstance.py:3503} INFO - 0 downstream tasks scheduled from follow-on schedule check
[2026-03-28T11:24:30.001+0000] {local_task_job_runner.py:222} INFO - ::endgroup::
