[2026-03-30T17:07:28.501+0000] {local_task_job_runner.py:120} INFO - ::group::Pre task execution logs
[2026-03-30T17:07:28.518+0000] {taskinstance.py:2076} INFO - Dependencies all met for dep_context=non-requeueable deps ti=<TaskInstance: transfer_from_minio_to_snowflake_accounts.create_raw scheduled__2026-03-30T17:06:00+00:00 [queued]>
[2026-03-30T17:07:28.521+0000] {taskinstance.py:2076} INFO - Dependencies all met for dep_context=requeueable deps ti=<TaskInstance: transfer_from_minio_to_snowflake_accounts.create_raw scheduled__2026-03-30T17:06:00+00:00 [queued]>
[2026-03-30T17:07:28.521+0000] {taskinstance.py:2306} INFO - Starting attempt 1 of 3
[2026-03-30T17:07:28.526+0000] {taskinstance.py:2330} INFO - Executing <Task(SQLExecuteQueryOperator): create_raw> on 2026-03-30 17:06:00+00:00
[2026-03-30T17:07:28.534+0000] {logging_mixin.py:188} WARNING - /home/***/.local/lib/python3.12/site-packages/***/task/task_runner/standard_task_runner.py:62 DeprecationWarning: This process (pid=18488) is multi-threaded, use of fork() may lead to deadlocks in the child.
[2026-03-30T17:07:28.532+0000] {standard_task_runner.py:90} INFO - Running: ['***', 'tasks', 'run', 'transfer_from_minio_to_snowflake_accounts', 'create_raw', 'scheduled__2026-03-30T17:06:00+00:00', '--job-id', '8398', '--raw', '--subdir', 'DAGS_FOLDER/transfer.py', '--cfg-path', '/tmp/tmpkd6b6aez']
[2026-03-30T17:07:28.535+0000] {standard_task_runner.py:91} INFO - Job 8398: Subtask create_raw
[2026-03-30T17:07:28.535+0000] {standard_task_runner.py:64} INFO - Started process 18500 to run task
[2026-03-30T17:07:28.570+0000] {task_command.py:426} INFO - Running <TaskInstance: transfer_from_minio_to_snowflake_accounts.create_raw scheduled__2026-03-30T17:06:00+00:00 [running]> on host c990dffe13ae
[2026-03-30T17:07:28.789+0000] {taskinstance.py:2648} INFO - Exporting env vars: AIRFLOW_CTX_DAG_OWNER='***' AIRFLOW_CTX_DAG_ID='transfer_from_minio_to_snowflake_accounts' AIRFLOW_CTX_TASK_ID='create_raw' AIRFLOW_CTX_EXECUTION_DATE='2026-03-30T17:06:00+00:00' AIRFLOW_CTX_TRY_NUMBER='1' AIRFLOW_CTX_DAG_RUN_ID='scheduled__2026-03-30T17:06:00+00:00'
[2026-03-30T17:07:28.790+0000] {taskinstance.py:430} INFO - ::endgroup::
[2026-03-30T17:07:28.790+0000] {sql.py:282} INFO - Executing:  CREATE TABLE IF NOT EXISTS RAW_ACCOUNTS (
                    raw_json VARIANT,
                    inserted_at TIMESTAMP_NTZ DEFAULT CURRENT_TIMESTAMP());
                  
[2026-03-30T17:07:28.796+0000] {base.py:84} INFO - Using connection ID 'warehouse_id' for task execution.
[2026-03-30T17:07:28.840+0000] {base.py:84} INFO - Using connection ID 'warehouse_id' for task execution.
[2026-03-30T17:07:28.879+0000] {connection.py:613} INFO - Snowflake Connector for Python Version: 4.3.0, Python Version: 3.12.4, Platform: Linux-6.12.76-linuxkit-aarch64-with-glibc2.36
[2026-03-30T17:07:28.880+0000] {connection.py:1709} INFO - Connecting to GLOBAL Snowflake domain
[2026-03-30T17:07:29.739+0000] {sql.py:495} INFO - Running statement: CREATE TABLE IF NOT EXISTS RAW_ACCOUNTS (
                    raw_json VARIANT,
                    inserted_at TIMESTAMP_NTZ DEFAULT CURRENT_TIMESTAMP());, parameters: None
[2026-03-30T17:07:29.883+0000] {sql.py:504} INFO - Rows affected: 1
[2026-03-30T17:07:29.887+0000] {snowflake.py:422} INFO - Rows affected: 1
[2026-03-30T17:07:29.887+0000] {snowflake.py:423} INFO - Snowflake query id: 01c360c3-3202-85e0-0014-90e60006a392
[2026-03-30T17:07:30.257+0000] {taskinstance.py:441} INFO - ::group::Post task execution logs
[2026-03-30T17:07:30.304+0000] {taskinstance.py:1206} INFO - Marking task as SUCCESS. dag_id=transfer_from_minio_to_snowflake_accounts, task_id=create_raw, run_id=scheduled__2026-03-30T17:06:00+00:00, execution_date=20260330T170600, start_date=20260330T170728, end_date=20260330T170730
[2026-03-30T17:07:30.353+0000] {local_task_job_runner.py:243} INFO - Task exited with return code 0
[2026-03-30T17:07:30.394+0000] {taskinstance.py:3503} INFO - 1 downstream tasks scheduled from follow-on schedule check
[2026-03-30T17:07:30.395+0000] {local_task_job_runner.py:222} INFO - ::endgroup::
