[2026-03-30T21:12:20.731+0000] {local_task_job_runner.py:120} INFO - ::group::Pre task execution logs
[2026-03-30T21:12:20.775+0000] {taskinstance.py:2076} INFO - Dependencies all met for dep_context=non-requeueable deps ti=<TaskInstance: banking_01_bronze_layer.debug scheduled__2026-03-30T18:30:00+00:00 [queued]>
[2026-03-30T21:12:20.783+0000] {taskinstance.py:2076} INFO - Dependencies all met for dep_context=requeueable deps ti=<TaskInstance: banking_01_bronze_layer.debug scheduled__2026-03-30T18:30:00+00:00 [queued]>
[2026-03-30T21:12:20.784+0000] {taskinstance.py:2306} INFO - Starting attempt 2 of 2
[2026-03-30T21:12:20.794+0000] {taskinstance.py:2330} INFO - Executing <Task(BashOperator): debug> on 2026-03-30 18:30:00+00:00
[2026-03-30T21:12:20.799+0000] {standard_task_runner.py:64} INFO - Started process 25252 to run task
[2026-03-30T21:12:20.801+0000] {standard_task_runner.py:90} INFO - Running: ['***', 'tasks', 'run', 'banking_01_bronze_layer', 'debug', 'scheduled__2026-03-30T18:30:00+00:00', '--job-id', '8737', '--raw', '--subdir', 'DAGS_FOLDER/dbt.py', '--cfg-path', '/tmp/tmpwfdr2r63']
[2026-03-30T21:12:20.802+0000] {standard_task_runner.py:91} INFO - Job 8737: Subtask debug
[2026-03-30T21:12:20.854+0000] {task_command.py:426} INFO - Running <TaskInstance: banking_01_bronze_layer.debug scheduled__2026-03-30T18:30:00+00:00 [running]> on host c990dffe13ae
[2026-03-30T21:12:20.907+0000] {taskinstance.py:2648} INFO - Exporting env vars: AIRFLOW_CTX_DAG_OWNER='risheek' AIRFLOW_CTX_DAG_ID='banking_01_bronze_layer' AIRFLOW_CTX_TASK_ID='debug' AIRFLOW_CTX_EXECUTION_DATE='2026-03-30T18:30:00+00:00' AIRFLOW_CTX_TRY_NUMBER='2' AIRFLOW_CTX_DAG_RUN_ID='scheduled__2026-03-30T18:30:00+00:00'
[2026-03-30T21:12:20.908+0000] {taskinstance.py:430} INFO - ::endgroup::
[2026-03-30T21:12:20.909+0000] {subprocess.py:78} INFO - Tmp dir root location: /tmp
[2026-03-30T21:12:20.909+0000] {subprocess.py:88} INFO - Running command: ['/usr/bin/bash', '-c', 'dbt debug --profiles-dir /opt/***/dbt/trans_snowf']
[2026-03-30T21:12:20.914+0000] {subprocess.py:99} INFO - Output:
[2026-03-30T21:12:22.175+0000] {subprocess.py:106} INFO - [0m21:12:22  Running with dbt=1.11.7
[2026-03-30T21:12:22.181+0000] {subprocess.py:106} INFO - [0m21:12:22  dbt version: 1.11.7
[2026-03-30T21:12:22.182+0000] {subprocess.py:106} INFO - [0m21:12:22  python version: 3.12.4
[2026-03-30T21:12:22.182+0000] {subprocess.py:106} INFO - [0m21:12:22  python path: /home/***/.local/bin/python
[2026-03-30T21:12:22.182+0000] {subprocess.py:106} INFO - [0m21:12:22  os info: Linux-6.12.76-linuxkit-aarch64-with-glibc2.36
[2026-03-30T21:12:22.629+0000] {subprocess.py:106} INFO - [0m21:12:22  Using profiles dir at /opt/***/dbt/trans_snowf
[2026-03-30T21:12:22.630+0000] {subprocess.py:106} INFO - [0m21:12:22  Using profiles.yml file at /opt/***/dbt/trans_snowf/profiles.yml
[2026-03-30T21:12:22.630+0000] {subprocess.py:106} INFO - [0m21:12:22  Using dbt_project.yml file at /opt/***/dbt/trans_snowf/dbt_project.yml
[2026-03-30T21:12:22.630+0000] {subprocess.py:106} INFO - [0m21:12:22  adapter type: snowflake
[2026-03-30T21:12:22.631+0000] {subprocess.py:106} INFO - [0m21:12:22  adapter version: 1.11.3
[2026-03-30T21:12:22.682+0000] {subprocess.py:106} INFO - [0m21:12:22  Configuration:
[2026-03-30T21:12:22.683+0000] {subprocess.py:106} INFO - [0m21:12:22    profiles.yml file [[32mOK found and valid[0m]
[2026-03-30T21:12:22.683+0000] {subprocess.py:106} INFO - [0m21:12:22    dbt_project.yml file [[32mOK found and valid[0m]
[2026-03-30T21:12:22.683+0000] {subprocess.py:106} INFO - [0m21:12:22  Required dependencies:
[2026-03-30T21:12:22.685+0000] {subprocess.py:106} INFO - [0m21:12:22   - git [[31mERROR[0m]
[2026-03-30T21:12:22.685+0000] {subprocess.py:106} INFO - 
[2026-03-30T21:12:22.685+0000] {subprocess.py:106} INFO - [0m21:12:22  Connection:
[2026-03-30T21:12:22.686+0000] {subprocess.py:106} INFO - [0m21:12:22    account: BBMCDSP-CT02489
[2026-03-30T21:12:22.686+0000] {subprocess.py:106} INFO - [0m21:12:22    user: user123
[2026-03-30T21:12:22.686+0000] {subprocess.py:106} INFO - [0m21:12:22    database: BANKING
[2026-03-30T21:12:22.687+0000] {subprocess.py:106} INFO - [0m21:12:22    warehouse: COMPUTE_WH
[2026-03-30T21:12:22.687+0000] {subprocess.py:106} INFO - [0m21:12:22    role: dbtadmin
[2026-03-30T21:12:22.687+0000] {subprocess.py:106} INFO - [0m21:12:22    schema: PUBLIC
[2026-03-30T21:12:22.688+0000] {subprocess.py:106} INFO - [0m21:12:22    authenticator: None
[2026-03-30T21:12:22.688+0000] {subprocess.py:106} INFO - [0m21:12:22    oauth_client_id: None
[2026-03-30T21:12:22.688+0000] {subprocess.py:106} INFO - [0m21:12:22    query_tag: None
[2026-03-30T21:12:22.689+0000] {subprocess.py:106} INFO - [0m21:12:22    client_session_keep_alive: False
[2026-03-30T21:12:22.689+0000] {subprocess.py:106} INFO - [0m21:12:22    host: None
[2026-03-30T21:12:22.689+0000] {subprocess.py:106} INFO - [0m21:12:22    port: None
[2026-03-30T21:12:22.690+0000] {subprocess.py:106} INFO - [0m21:12:22    proxy_host: None
[2026-03-30T21:12:22.690+0000] {subprocess.py:106} INFO - [0m21:12:22    proxy_port: None
[2026-03-30T21:12:22.690+0000] {subprocess.py:106} INFO - [0m21:12:22    protocol: None
[2026-03-30T21:12:22.691+0000] {subprocess.py:106} INFO - [0m21:12:22    connect_retries: 1
[2026-03-30T21:12:22.691+0000] {subprocess.py:106} INFO - [0m21:12:22    connect_timeout: None
[2026-03-30T21:12:22.691+0000] {subprocess.py:106} INFO - [0m21:12:22    retry_on_database_errors: False
[2026-03-30T21:12:22.692+0000] {subprocess.py:106} INFO - [0m21:12:22    retry_all: False
[2026-03-30T21:12:22.692+0000] {subprocess.py:106} INFO - [0m21:12:22    insecure_mode: False
[2026-03-30T21:12:22.692+0000] {subprocess.py:106} INFO - [0m21:12:22    reuse_connections: True
[2026-03-30T21:12:22.693+0000] {subprocess.py:106} INFO - [0m21:12:22    s3_stage_vpce_dns_name: None
[2026-03-30T21:12:22.693+0000] {subprocess.py:106} INFO - [0m21:12:22    platform_detection_timeout_seconds: 0.0
[2026-03-30T21:12:22.693+0000] {subprocess.py:106} INFO - [0m21:12:22  Registered adapter: snowflake=1.11.3
[2026-03-30T21:12:24.573+0000] {subprocess.py:106} INFO - [0m21:12:24    Connection test: [[31mERROR[0m]
[2026-03-30T21:12:24.577+0000] {subprocess.py:106} INFO - 
[2026-03-30T21:12:24.578+0000] {subprocess.py:106} INFO - [0m21:12:24  [31m2 checks failed:[0m
[2026-03-30T21:12:24.578+0000] {subprocess.py:106} INFO - [0m21:12:24  Error from git --help: Could not find command, ensure it is in the user's PATH: "git"
[2026-03-30T21:12:24.578+0000] {subprocess.py:106} INFO - 
[2026-03-30T21:12:24.578+0000] {subprocess.py:106} INFO - [0m21:12:24  dbt was unable to connect to the specified database.
[2026-03-30T21:12:24.590+0000] {subprocess.py:106} INFO - The database returned the following error:
[2026-03-30T21:12:24.590+0000] {subprocess.py:106} INFO - 
[2026-03-30T21:12:24.591+0000] {subprocess.py:106} INFO -   >Database Error
[2026-03-30T21:12:24.591+0000] {subprocess.py:106} INFO -   250001 (08001): Failed to connect to DB: BBMCDSP-CT02489.snowflakecomputing.com:443. JWT token is invalid. [190ab7c1-e5ca-47c6-9927-68b9bf11b353]
[2026-03-30T21:12:24.591+0000] {subprocess.py:106} INFO - 
[2026-03-30T21:12:24.591+0000] {subprocess.py:106} INFO - Check your database credentials and try again. For more information, visit:
[2026-03-30T21:12:24.592+0000] {subprocess.py:106} INFO - https://docs.getdbt.com/docs/configure-your-profile
[2026-03-30T21:12:24.592+0000] {subprocess.py:106} INFO - 
[2026-03-30T21:12:24.592+0000] {subprocess.py:106} INFO - 
[2026-03-30T21:12:26.197+0000] {subprocess.py:110} INFO - Command exited with return code 1
[2026-03-30T21:12:26.199+0000] {taskinstance.py:441} INFO - ::group::Post task execution logs
[2026-03-30T21:12:26.211+0000] {taskinstance.py:2905} ERROR - Task failed with exception
Traceback (most recent call last):
  File "/home/airflow/.local/lib/python3.12/site-packages/airflow/models/taskinstance.py", line 465, in _execute_task
    result = _execute_callable(context=context, **execute_callable_kwargs)
             ^^^^^^^^^^^^^^^^^^^^^^^^^^^^^^^^^^^^^^^^^^^^^^^^^^^^^^^^^^^^^
  File "/home/airflow/.local/lib/python3.12/site-packages/airflow/models/taskinstance.py", line 432, in _execute_callable
    return execute_callable(context=context, **execute_callable_kwargs)
           ^^^^^^^^^^^^^^^^^^^^^^^^^^^^^^^^^^^^^^^^^^^^^^^^^^^^^^^^^^^^
  File "/home/airflow/.local/lib/python3.12/site-packages/airflow/models/baseoperator.py", line 401, in wrapper
    return func(self, *args, **kwargs)
           ^^^^^^^^^^^^^^^^^^^^^^^^^^^
  File "/home/airflow/.local/lib/python3.12/site-packages/airflow/providers/standard/operators/bash.py", line 233, in execute
    raise AirflowException(
airflow.exceptions.AirflowException: Bash command failed. The command returned a non-zero exit code 1.
[2026-03-30T21:12:26.217+0000] {taskinstance.py:1206} INFO - Marking task as FAILED. dag_id=banking_01_bronze_layer, task_id=debug, run_id=scheduled__2026-03-30T18:30:00+00:00, execution_date=20260330T183000, start_date=20260330T211220, end_date=20260330T211226
[2026-03-30T21:12:26.235+0000] {standard_task_runner.py:110} ERROR - Failed to execute job 8737 for task debug (Bash command failed. The command returned a non-zero exit code 1.; 25252)
[2026-03-30T21:12:26.273+0000] {local_task_job_runner.py:243} INFO - Task exited with return code 1
[2026-03-30T21:12:26.293+0000] {taskinstance.py:3503} INFO - 0 downstream tasks scheduled from follow-on schedule check
[2026-03-30T21:12:26.295+0000] {local_task_job_runner.py:222} INFO - ::endgroup::
