[2026-03-30T20:15:48.407+0000] {local_task_job_runner.py:120} INFO - ::group::Pre task execution logs
[2026-03-30T20:15:48.429+0000] {taskinstance.py:2076} INFO - Dependencies all met for dep_context=non-requeueable deps ti=<TaskInstance: banking_01_bronze_layer.debug scheduled__2026-03-30T18:30:00+00:00 [queued]>
[2026-03-30T20:15:48.433+0000] {taskinstance.py:2076} INFO - Dependencies all met for dep_context=requeueable deps ti=<TaskInstance: banking_01_bronze_layer.debug scheduled__2026-03-30T18:30:00+00:00 [queued]>
[2026-03-30T20:15:48.433+0000] {taskinstance.py:2306} INFO - Starting attempt 1 of 2
[2026-03-30T20:15:48.439+0000] {taskinstance.py:2330} INFO - Executing <Task(BashOperator): debug> on 2026-03-30 18:30:00+00:00
[2026-03-30T20:15:48.443+0000] {standard_task_runner.py:64} INFO - Started process 24371 to run task
[2026-03-30T20:15:48.445+0000] {standard_task_runner.py:90} INFO - Running: ['***', 'tasks', 'run', 'banking_01_bronze_layer', 'debug', 'scheduled__2026-03-30T18:30:00+00:00', '--job-id', '8694', '--raw', '--subdir', 'DAGS_FOLDER/dbt.py', '--cfg-path', '/tmp/tmpbzkzegog']
[2026-03-30T20:15:48.446+0000] {standard_task_runner.py:91} INFO - Job 8694: Subtask debug
[2026-03-30T20:15:48.502+0000] {task_command.py:426} INFO - Running <TaskInstance: banking_01_bronze_layer.debug scheduled__2026-03-30T18:30:00+00:00 [running]> on host c990dffe13ae
[2026-03-30T20:15:48.564+0000] {taskinstance.py:2648} INFO - Exporting env vars: AIRFLOW_CTX_DAG_OWNER='risheek' AIRFLOW_CTX_DAG_ID='banking_01_bronze_layer' AIRFLOW_CTX_TASK_ID='debug' AIRFLOW_CTX_EXECUTION_DATE='2026-03-30T18:30:00+00:00' AIRFLOW_CTX_TRY_NUMBER='1' AIRFLOW_CTX_DAG_RUN_ID='scheduled__2026-03-30T18:30:00+00:00'
[2026-03-30T20:15:48.565+0000] {taskinstance.py:430} INFO - ::endgroup::
[2026-03-30T20:15:48.565+0000] {subprocess.py:78} INFO - Tmp dir root location: /tmp
[2026-03-30T20:15:48.566+0000] {subprocess.py:88} INFO - Running command: ['/usr/bin/bash', '-c', 'dbt debug --profiles-dir /opt/***/dbt/trans_snowf']
[2026-03-30T20:15:48.570+0000] {subprocess.py:99} INFO - Output:
[2026-03-30T20:15:50.017+0000] {subprocess.py:106} INFO - [0m20:15:50  Running with dbt=1.11.7
[2026-03-30T20:15:50.025+0000] {subprocess.py:106} INFO - [0m20:15:50  dbt version: 1.11.7
[2026-03-30T20:15:50.025+0000] {subprocess.py:106} INFO - [0m20:15:50  python version: 3.12.4
[2026-03-30T20:15:50.026+0000] {subprocess.py:106} INFO - [0m20:15:50  python path: /home/***/.local/bin/python
[2026-03-30T20:15:50.026+0000] {subprocess.py:106} INFO - [0m20:15:50  os info: Linux-6.12.76-linuxkit-aarch64-with-glibc2.36
[2026-03-30T20:15:50.497+0000] {subprocess.py:106} INFO - [0m20:15:50  Using profiles dir at /opt/***/dbt/trans_snowf
[2026-03-30T20:15:50.498+0000] {subprocess.py:106} INFO - [0m20:15:50  Using profiles.yml file at /opt/***/dbt/trans_snowf/profiles.yml
[2026-03-30T20:15:50.498+0000] {subprocess.py:106} INFO - [0m20:15:50  Using dbt_project.yml file at /opt/***/dbt/trans_snowf/dbt_project.yml
[2026-03-30T20:15:50.498+0000] {subprocess.py:106} INFO - [0m20:15:50  adapter type: snowflake
[2026-03-30T20:15:50.499+0000] {subprocess.py:106} INFO - [0m20:15:50  adapter version: 1.11.3
[2026-03-30T20:15:50.551+0000] {subprocess.py:106} INFO - [0m20:15:50  Configuration:
[2026-03-30T20:15:50.551+0000] {subprocess.py:106} INFO - [0m20:15:50    profiles.yml file [[32mOK found and valid[0m]
[2026-03-30T20:15:50.551+0000] {subprocess.py:106} INFO - [0m20:15:50    dbt_project.yml file [[32mOK found and valid[0m]
[2026-03-30T20:15:50.552+0000] {subprocess.py:106} INFO - [0m20:15:50  Required dependencies:
[2026-03-30T20:15:50.553+0000] {subprocess.py:106} INFO - [0m20:15:50   - git [[31mERROR[0m]
[2026-03-30T20:15:50.553+0000] {subprocess.py:106} INFO - 
[2026-03-30T20:15:50.553+0000] {subprocess.py:106} INFO - [0m20:15:50  Connection:
[2026-03-30T20:15:50.554+0000] {subprocess.py:106} INFO - [0m20:15:50    account: BBMCDSP-CT02489
[2026-03-30T20:15:50.554+0000] {subprocess.py:106} INFO - [0m20:15:50    user: user123
[2026-03-30T20:15:50.554+0000] {subprocess.py:106} INFO - [0m20:15:50    database: BANKING
[2026-03-30T20:15:50.554+0000] {subprocess.py:106} INFO - [0m20:15:50    warehouse: COMPUTE_WH
[2026-03-30T20:15:50.555+0000] {subprocess.py:106} INFO - [0m20:15:50    role: dbtadmin
[2026-03-30T20:15:50.555+0000] {subprocess.py:106} INFO - [0m20:15:50    schema: PUBLIC
[2026-03-30T20:15:50.555+0000] {subprocess.py:106} INFO - [0m20:15:50    authenticator: None
[2026-03-30T20:15:50.556+0000] {subprocess.py:106} INFO - [0m20:15:50    oauth_client_id: None
[2026-03-30T20:15:50.556+0000] {subprocess.py:106} INFO - [0m20:15:50    query_tag: None
[2026-03-30T20:15:50.556+0000] {subprocess.py:106} INFO - [0m20:15:50    client_session_keep_alive: False
[2026-03-30T20:15:50.557+0000] {subprocess.py:106} INFO - [0m20:15:50    host: None
[2026-03-30T20:15:50.557+0000] {subprocess.py:106} INFO - [0m20:15:50    port: None
[2026-03-30T20:15:50.557+0000] {subprocess.py:106} INFO - [0m20:15:50    proxy_host: None
[2026-03-30T20:15:50.558+0000] {subprocess.py:106} INFO - [0m20:15:50    proxy_port: None
[2026-03-30T20:15:50.558+0000] {subprocess.py:106} INFO - [0m20:15:50    protocol: None
[2026-03-30T20:15:50.559+0000] {subprocess.py:106} INFO - [0m20:15:50    connect_retries: 1
[2026-03-30T20:15:50.559+0000] {subprocess.py:106} INFO - [0m20:15:50    connect_timeout: None
[2026-03-30T20:15:50.559+0000] {subprocess.py:106} INFO - [0m20:15:50    retry_on_database_errors: False
[2026-03-30T20:15:50.559+0000] {subprocess.py:106} INFO - [0m20:15:50    retry_all: False
[2026-03-30T20:15:50.560+0000] {subprocess.py:106} INFO - [0m20:15:50    insecure_mode: False
[2026-03-30T20:15:50.560+0000] {subprocess.py:106} INFO - [0m20:15:50    reuse_connections: True
[2026-03-30T20:15:50.560+0000] {subprocess.py:106} INFO - [0m20:15:50    s3_stage_vpce_dns_name: None
[2026-03-30T20:15:50.561+0000] {subprocess.py:106} INFO - [0m20:15:50    platform_detection_timeout_seconds: 0.0
[2026-03-30T20:15:50.562+0000] {subprocess.py:106} INFO - [0m20:15:50  Registered adapter: snowflake=1.11.3
[2026-03-30T20:15:51.233+0000] {subprocess.py:106} INFO - [0m20:15:51    Connection test: [[31mERROR[0m]
[2026-03-30T20:15:51.234+0000] {subprocess.py:106} INFO - 
[2026-03-30T20:15:51.234+0000] {subprocess.py:106} INFO - [0m20:15:51  [31m2 checks failed:[0m
[2026-03-30T20:15:51.235+0000] {subprocess.py:106} INFO - [0m20:15:51  Error from git --help: Could not find command, ensure it is in the user's PATH: "git"
[2026-03-30T20:15:51.236+0000] {subprocess.py:106} INFO - 
[2026-03-30T20:15:51.236+0000] {subprocess.py:106} INFO - [0m20:15:51  dbt was unable to connect to the specified database.
[2026-03-30T20:15:51.237+0000] {subprocess.py:106} INFO - The database returned the following error:
[2026-03-30T20:15:51.237+0000] {subprocess.py:106} INFO - 
[2026-03-30T20:15:51.238+0000] {subprocess.py:106} INFO -   >Database Error
[2026-03-30T20:15:51.238+0000] {subprocess.py:106} INFO -   250001 (08001): Failed to connect to DB: BBMCDSP-CT02489.snowflakecomputing.com:443. JWT token is invalid. [9bac973e-92d2-4c51-a8f0-97488d32d885]
[2026-03-30T20:15:51.238+0000] {subprocess.py:106} INFO - 
[2026-03-30T20:15:51.239+0000] {subprocess.py:106} INFO - Check your database credentials and try again. For more information, visit:
[2026-03-30T20:15:51.239+0000] {subprocess.py:106} INFO - https://docs.getdbt.com/docs/configure-your-profile
[2026-03-30T20:15:51.239+0000] {subprocess.py:106} INFO - 
[2026-03-30T20:15:51.240+0000] {subprocess.py:106} INFO - 
[2026-03-30T20:15:53.075+0000] {subprocess.py:110} INFO - Command exited with return code 1
[2026-03-30T20:15:53.076+0000] {taskinstance.py:441} INFO - ::group::Post task execution logs
[2026-03-30T20:15:53.097+0000] {taskinstance.py:2905} ERROR - Task failed with exception
Traceback (most recent call last):
  File "/home/airflow/.local/lib/python3.12/site-packages/airflow/models/taskinstance.py", line 465, in _execute_task
    result = _execute_callable(context=context, **execute_callable_kwargs)
             ^^^^^^^^^^^^^^^^^^^^^^^^^^^^^^^^^^^^^^^^^^^^^^^^^^^^^^^^^^^^^
  File "/home/airflow/.local/lib/python3.12/site-packages/airflow/models/taskinstance.py", line 432, in _execute_callable
    return execute_callable(context=context, **execute_callable_kwargs)
           ^^^^^^^^^^^^^^^^^^^^^^^^^^^^^^^^^^^^^^^^^^^^^^^^^^^^^^^^^^^^
  File "/home/airflow/.local/lib/python3.12/site-packages/airflow/models/baseoperator.py", line 401, in wrapper
    return func(self, *args, **kwargs)
           ^^^^^^^^^^^^^^^^^^^^^^^^^^^
  File "/home/airflow/.local/lib/python3.12/site-packages/airflow/providers/standard/operators/bash.py", line 233, in execute
    raise AirflowException(
airflow.exceptions.AirflowException: Bash command failed. The command returned a non-zero exit code 1.
[2026-03-30T20:15:53.104+0000] {taskinstance.py:1206} INFO - Marking task as UP_FOR_RETRY. dag_id=banking_01_bronze_layer, task_id=debug, run_id=scheduled__2026-03-30T18:30:00+00:00, execution_date=20260330T183000, start_date=20260330T201548, end_date=20260330T201553
[2026-03-30T20:15:53.122+0000] {standard_task_runner.py:110} ERROR - Failed to execute job 8694 for task debug (Bash command failed. The command returned a non-zero exit code 1.; 24371)
[2026-03-30T20:15:53.168+0000] {local_task_job_runner.py:243} INFO - Task exited with return code 1
[2026-03-30T20:15:53.211+0000] {taskinstance.py:3503} INFO - 0 downstream tasks scheduled from follow-on schedule check
[2026-03-30T20:15:53.213+0000] {local_task_job_runner.py:222} INFO - ::endgroup::
