[2026-03-30T16:17:59.906+0000] {local_task_job_runner.py:120} INFO - ::group::Pre task execution logs
[2026-03-30T16:17:59.923+0000] {taskinstance.py:2076} INFO - Dependencies all met for dep_context=non-requeueable deps ti=<TaskInstance: banking_01_bronze_layer.debug scheduled__2026-03-30T14:00:00+00:00 [queued]>
[2026-03-30T16:17:59.926+0000] {taskinstance.py:2076} INFO - Dependencies all met for dep_context=requeueable deps ti=<TaskInstance: banking_01_bronze_layer.debug scheduled__2026-03-30T14:00:00+00:00 [queued]>
[2026-03-30T16:17:59.927+0000] {taskinstance.py:2306} INFO - Starting attempt 2 of 2
[2026-03-30T16:17:59.933+0000] {taskinstance.py:2330} INFO - Executing <Task(BashOperator): debug> on 2026-03-30 14:00:00+00:00
[2026-03-30T16:17:59.936+0000] {standard_task_runner.py:64} INFO - Started process 12484 to run task
[2026-03-30T16:17:59.937+0000] {standard_task_runner.py:90} INFO - Running: ['***', 'tasks', 'run', 'banking_01_bronze_layer', 'debug', 'scheduled__2026-03-30T14:00:00+00:00', '--job-id', '8095', '--raw', '--subdir', 'DAGS_FOLDER/dbt.py', '--cfg-path', '/tmp/tmpfo4kkc4c']
[2026-03-30T16:17:59.939+0000] {standard_task_runner.py:91} INFO - Job 8095: Subtask debug
[2026-03-30T16:17:59.977+0000] {task_command.py:426} INFO - Running <TaskInstance: banking_01_bronze_layer.debug scheduled__2026-03-30T14:00:00+00:00 [running]> on host c990dffe13ae
[2026-03-30T16:18:00.041+0000] {taskinstance.py:2648} INFO - Exporting env vars: AIRFLOW_CTX_DAG_OWNER='risheek' AIRFLOW_CTX_DAG_ID='banking_01_bronze_layer' AIRFLOW_CTX_TASK_ID='debug' AIRFLOW_CTX_EXECUTION_DATE='2026-03-30T14:00:00+00:00' AIRFLOW_CTX_TRY_NUMBER='2' AIRFLOW_CTX_DAG_RUN_ID='scheduled__2026-03-30T14:00:00+00:00'
[2026-03-30T16:18:00.043+0000] {taskinstance.py:430} INFO - ::endgroup::
[2026-03-30T16:18:00.043+0000] {subprocess.py:78} INFO - Tmp dir root location: /tmp
[2026-03-30T16:18:00.044+0000] {subprocess.py:88} INFO - Running command: ['/usr/bin/bash', '-c', 'dbt debug --profiles-dir /opt/***/dbt/trans_snowf']
[2026-03-30T16:18:00.050+0000] {subprocess.py:99} INFO - Output:
[2026-03-30T16:18:01.332+0000] {subprocess.py:106} INFO - [0m16:18:01  Running with dbt=1.11.7
[2026-03-30T16:18:01.339+0000] {subprocess.py:106} INFO - [0m16:18:01  dbt version: 1.11.7
[2026-03-30T16:18:01.339+0000] {subprocess.py:106} INFO - [0m16:18:01  python version: 3.12.4
[2026-03-30T16:18:01.339+0000] {subprocess.py:106} INFO - [0m16:18:01  python path: /home/***/.local/bin/python
[2026-03-30T16:18:01.340+0000] {subprocess.py:106} INFO - [0m16:18:01  os info: Linux-6.12.76-linuxkit-aarch64-with-glibc2.36
[2026-03-30T16:18:01.744+0000] {subprocess.py:106} INFO - [0m16:18:01  Using profiles dir at /opt/***/dbt/trans_snowf
[2026-03-30T16:18:01.744+0000] {subprocess.py:106} INFO - [0m16:18:01  Using profiles.yml file at /opt/***/dbt/trans_snowf/profiles.yml
[2026-03-30T16:18:01.745+0000] {subprocess.py:106} INFO - [0m16:18:01  Using dbt_project.yml file at /opt/***/dbt/trans_snowf/dbt_project.yml
[2026-03-30T16:18:01.745+0000] {subprocess.py:106} INFO - [0m16:18:01  adapter type: snowflake
[2026-03-30T16:18:01.745+0000] {subprocess.py:106} INFO - [0m16:18:01  adapter version: 1.11.3
[2026-03-30T16:18:01.798+0000] {subprocess.py:106} INFO - [0m16:18:01  Configuration:
[2026-03-30T16:18:01.798+0000] {subprocess.py:106} INFO - [0m16:18:01    profiles.yml file [[32mOK found and valid[0m]
[2026-03-30T16:18:01.799+0000] {subprocess.py:106} INFO - [0m16:18:01    dbt_project.yml file [[32mOK found and valid[0m]
[2026-03-30T16:18:01.799+0000] {subprocess.py:106} INFO - [0m16:18:01  Required dependencies:
[2026-03-30T16:18:01.800+0000] {subprocess.py:106} INFO - [0m16:18:01   - git [[31mERROR[0m]
[2026-03-30T16:18:01.800+0000] {subprocess.py:106} INFO - 
[2026-03-30T16:18:01.801+0000] {subprocess.py:106} INFO - [0m16:18:01  Connection:
[2026-03-30T16:18:01.801+0000] {subprocess.py:106} INFO - [0m16:18:01    account: BBMCDSP-CT02489
[2026-03-30T16:18:01.801+0000] {subprocess.py:106} INFO - [0m16:18:01    user: user123
[2026-03-30T16:18:01.802+0000] {subprocess.py:106} INFO - [0m16:18:01    database: BANKING
[2026-03-30T16:18:01.802+0000] {subprocess.py:106} INFO - [0m16:18:01    warehouse: COMPUTE_WH
[2026-03-30T16:18:01.802+0000] {subprocess.py:106} INFO - [0m16:18:01    role: dbtadmin
[2026-03-30T16:18:01.803+0000] {subprocess.py:106} INFO - [0m16:18:01    schema: PUBLIC
[2026-03-30T16:18:01.803+0000] {subprocess.py:106} INFO - [0m16:18:01    authenticator: None
[2026-03-30T16:18:01.803+0000] {subprocess.py:106} INFO - [0m16:18:01    oauth_client_id: None
[2026-03-30T16:18:01.804+0000] {subprocess.py:106} INFO - [0m16:18:01    query_tag: None
[2026-03-30T16:18:01.804+0000] {subprocess.py:106} INFO - [0m16:18:01    client_session_keep_alive: False
[2026-03-30T16:18:01.804+0000] {subprocess.py:106} INFO - [0m16:18:01    host: None
[2026-03-30T16:18:01.805+0000] {subprocess.py:106} INFO - [0m16:18:01    port: None
[2026-03-30T16:18:01.805+0000] {subprocess.py:106} INFO - [0m16:18:01    proxy_host: None
[2026-03-30T16:18:01.805+0000] {subprocess.py:106} INFO - [0m16:18:01    proxy_port: None
[2026-03-30T16:18:01.806+0000] {subprocess.py:106} INFO - [0m16:18:01    protocol: None
[2026-03-30T16:18:01.806+0000] {subprocess.py:106} INFO - [0m16:18:01    connect_retries: 1
[2026-03-30T16:18:01.806+0000] {subprocess.py:106} INFO - [0m16:18:01    connect_timeout: None
[2026-03-30T16:18:01.807+0000] {subprocess.py:106} INFO - [0m16:18:01    retry_on_database_errors: False
[2026-03-30T16:18:01.807+0000] {subprocess.py:106} INFO - [0m16:18:01    retry_all: False
[2026-03-30T16:18:01.807+0000] {subprocess.py:106} INFO - [0m16:18:01    insecure_mode: False
[2026-03-30T16:18:01.807+0000] {subprocess.py:106} INFO - [0m16:18:01    reuse_connections: True
[2026-03-30T16:18:01.808+0000] {subprocess.py:106} INFO - [0m16:18:01    s3_stage_vpce_dns_name: None
[2026-03-30T16:18:01.808+0000] {subprocess.py:106} INFO - [0m16:18:01    platform_detection_timeout_seconds: 0.0
[2026-03-30T16:18:01.808+0000] {subprocess.py:106} INFO - [0m16:18:01  Registered adapter: snowflake=1.11.3
[2026-03-30T16:18:04.060+0000] {subprocess.py:106} INFO - [0m16:18:04    Connection test: [[32mOK connection ok[0m]
[2026-03-30T16:18:04.061+0000] {subprocess.py:106} INFO - 
[2026-03-30T16:18:04.062+0000] {subprocess.py:106} INFO - [0m16:18:04  [31m1 check failed:[0m
[2026-03-30T16:18:04.063+0000] {subprocess.py:106} INFO - [0m16:18:04  Error from git --help: Could not find command, ensure it is in the user's PATH: "git"
[2026-03-30T16:18:04.064+0000] {subprocess.py:106} INFO - 
[2026-03-30T16:18:06.848+0000] {subprocess.py:110} INFO - Command exited with return code 1
[2026-03-30T16:18:06.850+0000] {taskinstance.py:441} INFO - ::group::Post task execution logs
[2026-03-30T16:18:06.862+0000] {taskinstance.py:2905} ERROR - Task failed with exception
Traceback (most recent call last):
  File "/home/airflow/.local/lib/python3.12/site-packages/airflow/models/taskinstance.py", line 465, in _execute_task
    result = _execute_callable(context=context, **execute_callable_kwargs)
             ^^^^^^^^^^^^^^^^^^^^^^^^^^^^^^^^^^^^^^^^^^^^^^^^^^^^^^^^^^^^^
  File "/home/airflow/.local/lib/python3.12/site-packages/airflow/models/taskinstance.py", line 432, in _execute_callable
    return execute_callable(context=context, **execute_callable_kwargs)
           ^^^^^^^^^^^^^^^^^^^^^^^^^^^^^^^^^^^^^^^^^^^^^^^^^^^^^^^^^^^^
  File "/home/airflow/.local/lib/python3.12/site-packages/airflow/models/baseoperator.py", line 401, in wrapper
    return func(self, *args, **kwargs)
           ^^^^^^^^^^^^^^^^^^^^^^^^^^^
  File "/home/airflow/.local/lib/python3.12/site-packages/airflow/providers/standard/operators/bash.py", line 233, in execute
    raise AirflowException(
airflow.exceptions.AirflowException: Bash command failed. The command returned a non-zero exit code 1.
[2026-03-30T16:18:06.866+0000] {taskinstance.py:1206} INFO - Marking task as FAILED. dag_id=banking_01_bronze_layer, task_id=debug, run_id=scheduled__2026-03-30T14:00:00+00:00, execution_date=20260330T140000, start_date=20260330T161759, end_date=20260330T161806
[2026-03-30T16:18:06.877+0000] {standard_task_runner.py:110} ERROR - Failed to execute job 8095 for task debug (Bash command failed. The command returned a non-zero exit code 1.; 12484)
[2026-03-30T16:18:06.889+0000] {local_task_job_runner.py:243} INFO - Task exited with return code 1
[2026-03-30T16:18:06.907+0000] {taskinstance.py:3503} INFO - 0 downstream tasks scheduled from follow-on schedule check
[2026-03-30T16:18:06.907+0000] {local_task_job_runner.py:222} INFO - ::endgroup::
