[2026-03-31T00:18:23.561+0000] {local_task_job_runner.py:120} INFO - ::group::Pre task execution logs
[2026-03-31T00:18:23.591+0000] {taskinstance.py:2076} INFO - Dependencies all met for dep_context=non-requeueable deps ti=<TaskInstance: banking_01_bronze_layer.debug manual__2026-03-31T00:18:16.747528+00:00 [queued]>
[2026-03-31T00:18:23.596+0000] {taskinstance.py:2076} INFO - Dependencies all met for dep_context=requeueable deps ti=<TaskInstance: banking_01_bronze_layer.debug manual__2026-03-31T00:18:16.747528+00:00 [queued]>
[2026-03-31T00:18:23.596+0000] {taskinstance.py:2306} INFO - Starting attempt 1 of 2
[2026-03-31T00:18:23.603+0000] {taskinstance.py:2330} INFO - Executing <Task(BashOperator): debug> on 2026-03-31 00:18:16.747528+00:00
[2026-03-31T00:18:23.617+0000] {standard_task_runner.py:90} INFO - Running: ['***', 'tasks', 'run', 'banking_01_bronze_layer', 'debug', 'manual__2026-03-31T00:18:16.747528+00:00', '--job-id', '9528', '--raw', '--subdir', 'DAGS_FOLDER/dbt.py', '--cfg-path', '/tmp/tmp1xv4j7o8']
[2026-03-31T00:18:23.620+0000] {standard_task_runner.py:91} INFO - Job 9528: Subtask debug
[2026-03-31T00:18:23.614+0000] {standard_task_runner.py:64} INFO - Started process 41210 to run task
[2026-03-31T00:18:23.695+0000] {task_command.py:426} INFO - Running <TaskInstance: banking_01_bronze_layer.debug manual__2026-03-31T00:18:16.747528+00:00 [running]> on host c990dffe13ae
[2026-03-31T00:18:23.786+0000] {taskinstance.py:2648} INFO - Exporting env vars: AIRFLOW_CTX_DAG_OWNER='risheek' AIRFLOW_CTX_DAG_ID='banking_01_bronze_layer' AIRFLOW_CTX_TASK_ID='debug' AIRFLOW_CTX_EXECUTION_DATE='2026-03-31T00:18:16.747528+00:00' AIRFLOW_CTX_TRY_NUMBER='1' AIRFLOW_CTX_DAG_RUN_ID='manual__2026-03-31T00:18:16.747528+00:00'
[2026-03-31T00:18:23.786+0000] {taskinstance.py:430} INFO - ::endgroup::
[2026-03-31T00:18:23.789+0000] {subprocess.py:78} INFO - Tmp dir root location: /tmp
[2026-03-31T00:18:23.790+0000] {subprocess.py:88} INFO - Running command: ['/usr/bin/bash', '-c', 'dbt debug --profiles-dir /opt/***/dbt/trans_snowf']
[2026-03-31T00:18:23.796+0000] {subprocess.py:99} INFO - Output:
[2026-03-31T00:18:26.246+0000] {subprocess.py:106} INFO - [0m00:18:26  Running with dbt=1.11.7
[2026-03-31T00:18:26.262+0000] {subprocess.py:106} INFO - [0m00:18:26  dbt version: 1.11.7
[2026-03-31T00:18:26.262+0000] {subprocess.py:106} INFO - [0m00:18:26  python version: 3.12.4
[2026-03-31T00:18:26.263+0000] {subprocess.py:106} INFO - [0m00:18:26  python path: /home/***/.local/bin/python
[2026-03-31T00:18:26.263+0000] {subprocess.py:106} INFO - [0m00:18:26  os info: Linux-6.12.76-linuxkit-aarch64-with-glibc2.36
[2026-03-31T00:18:27.273+0000] {subprocess.py:106} INFO - [0m00:18:27  Using profiles dir at /opt/***/dbt/trans_snowf
[2026-03-31T00:18:27.274+0000] {subprocess.py:106} INFO - [0m00:18:27  Using profiles.yml file at /opt/***/dbt/trans_snowf/profiles.yml
[2026-03-31T00:18:27.274+0000] {subprocess.py:106} INFO - [0m00:18:27  Using dbt_project.yml file at /opt/***/dbt/trans_snowf/dbt_project.yml
[2026-03-31T00:18:27.275+0000] {subprocess.py:106} INFO - [0m00:18:27  adapter type: snowflake
[2026-03-31T00:18:27.275+0000] {subprocess.py:106} INFO - [0m00:18:27  adapter version: 1.11.3
[2026-03-31T00:18:27.373+0000] {subprocess.py:106} INFO - [0m00:18:27  Configuration:
[2026-03-31T00:18:27.382+0000] {subprocess.py:106} INFO - [0m00:18:27    profiles.yml file [[32mOK found and valid[0m]
[2026-03-31T00:18:27.382+0000] {subprocess.py:106} INFO - [0m00:18:27    dbt_project.yml file [[32mOK found and valid[0m]
[2026-03-31T00:18:27.383+0000] {subprocess.py:106} INFO - [0m00:18:27  Required dependencies:
[2026-03-31T00:18:27.384+0000] {subprocess.py:106} INFO - [0m00:18:27   - git [[31mERROR[0m]
[2026-03-31T00:18:27.384+0000] {subprocess.py:106} INFO - 
[2026-03-31T00:18:27.384+0000] {subprocess.py:106} INFO - [0m00:18:27  Connection:
[2026-03-31T00:18:27.385+0000] {subprocess.py:106} INFO - [0m00:18:27    account: BBMCDSP-CT02489
[2026-03-31T00:18:27.385+0000] {subprocess.py:106} INFO - [0m00:18:27    user: user123
[2026-03-31T00:18:27.385+0000] {subprocess.py:106} INFO - [0m00:18:27    database: BANKING
[2026-03-31T00:18:27.386+0000] {subprocess.py:106} INFO - [0m00:18:27    warehouse: COMPUTE_WH
[2026-03-31T00:18:27.386+0000] {subprocess.py:106} INFO - [0m00:18:27    role: dbtadmin
[2026-03-31T00:18:27.386+0000] {subprocess.py:106} INFO - [0m00:18:27    schema: PUBLIC
[2026-03-31T00:18:27.387+0000] {subprocess.py:106} INFO - [0m00:18:27    authenticator: None
[2026-03-31T00:18:27.387+0000] {subprocess.py:106} INFO - [0m00:18:27    oauth_client_id: None
[2026-03-31T00:18:27.387+0000] {subprocess.py:106} INFO - [0m00:18:27    query_tag: None
[2026-03-31T00:18:27.387+0000] {subprocess.py:106} INFO - [0m00:18:27    client_session_keep_alive: False
[2026-03-31T00:18:27.388+0000] {subprocess.py:106} INFO - [0m00:18:27    host: None
[2026-03-31T00:18:27.388+0000] {subprocess.py:106} INFO - [0m00:18:27    port: None
[2026-03-31T00:18:27.388+0000] {subprocess.py:106} INFO - [0m00:18:27    proxy_host: None
[2026-03-31T00:18:27.389+0000] {subprocess.py:106} INFO - [0m00:18:27    proxy_port: None
[2026-03-31T00:18:27.389+0000] {subprocess.py:106} INFO - [0m00:18:27    protocol: None
[2026-03-31T00:18:27.389+0000] {subprocess.py:106} INFO - [0m00:18:27    connect_retries: 1
[2026-03-31T00:18:27.389+0000] {subprocess.py:106} INFO - [0m00:18:27    connect_timeout: None
[2026-03-31T00:18:27.390+0000] {subprocess.py:106} INFO - [0m00:18:27    retry_on_database_errors: False
[2026-03-31T00:18:27.390+0000] {subprocess.py:106} INFO - [0m00:18:27    retry_all: False
[2026-03-31T00:18:27.390+0000] {subprocess.py:106} INFO - [0m00:18:27    insecure_mode: False
[2026-03-31T00:18:27.390+0000] {subprocess.py:106} INFO - [0m00:18:27    reuse_connections: True
[2026-03-31T00:18:27.391+0000] {subprocess.py:106} INFO - [0m00:18:27    s3_stage_vpce_dns_name: None
[2026-03-31T00:18:27.392+0000] {subprocess.py:106} INFO - [0m00:18:27    platform_detection_timeout_seconds: 0.0
[2026-03-31T00:18:27.393+0000] {subprocess.py:106} INFO - [0m00:18:27  Registered adapter: snowflake=1.11.3
[2026-03-31T00:18:28.913+0000] {subprocess.py:106} INFO - [0m00:18:28    Connection test: [[32mOK connection ok[0m]
[2026-03-31T00:18:28.915+0000] {subprocess.py:106} INFO - 
[2026-03-31T00:18:28.915+0000] {subprocess.py:106} INFO - [0m00:18:28  [31m1 check failed:[0m
[2026-03-31T00:18:28.916+0000] {subprocess.py:106} INFO - [0m00:18:28  Error from git --help: Could not find command, ensure it is in the user's PATH: "git"
[2026-03-31T00:18:28.917+0000] {subprocess.py:106} INFO - 
[2026-03-31T00:18:31.112+0000] {subprocess.py:110} INFO - Command exited with return code 1
[2026-03-31T00:18:31.116+0000] {taskinstance.py:441} INFO - ::group::Post task execution logs
[2026-03-31T00:18:31.134+0000] {taskinstance.py:2905} ERROR - Task failed with exception
Traceback (most recent call last):
  File "/home/airflow/.local/lib/python3.12/site-packages/airflow/models/taskinstance.py", line 465, in _execute_task
    result = _execute_callable(context=context, **execute_callable_kwargs)
             ^^^^^^^^^^^^^^^^^^^^^^^^^^^^^^^^^^^^^^^^^^^^^^^^^^^^^^^^^^^^^
  File "/home/airflow/.local/lib/python3.12/site-packages/airflow/models/taskinstance.py", line 432, in _execute_callable
    return execute_callable(context=context, **execute_callable_kwargs)
           ^^^^^^^^^^^^^^^^^^^^^^^^^^^^^^^^^^^^^^^^^^^^^^^^^^^^^^^^^^^^
  File "/home/airflow/.local/lib/python3.12/site-packages/airflow/models/baseoperator.py", line 401, in wrapper
    return func(self, *args, **kwargs)
           ^^^^^^^^^^^^^^^^^^^^^^^^^^^
  File "/home/airflow/.local/lib/python3.12/site-packages/airflow/providers/standard/operators/bash.py", line 233, in execute
    raise AirflowException(
airflow.exceptions.AirflowException: Bash command failed. The command returned a non-zero exit code 1.
[2026-03-31T00:18:31.145+0000] {taskinstance.py:1206} INFO - Marking task as UP_FOR_RETRY. dag_id=banking_01_bronze_layer, task_id=debug, run_id=manual__2026-03-31T00:18:16.747528+00:00, execution_date=20260331T001816, start_date=20260331T001823, end_date=20260331T001831
[2026-03-31T00:18:31.173+0000] {standard_task_runner.py:110} ERROR - Failed to execute job 9528 for task debug (Bash command failed. The command returned a non-zero exit code 1.; 41210)
[2026-03-31T00:18:31.207+0000] {local_task_job_runner.py:243} INFO - Task exited with return code 1
[2026-03-31T00:18:31.229+0000] {taskinstance.py:3503} INFO - 0 downstream tasks scheduled from follow-on schedule check
[2026-03-31T00:18:31.230+0000] {local_task_job_runner.py:222} INFO - ::endgroup::
