[2026-03-30T12:14:42.943+0000] {local_task_job_runner.py:120} INFO - ::group::Pre task execution logs
[2026-03-30T12:14:42.957+0000] {taskinstance.py:2076} INFO - Dependencies all met for dep_context=non-requeueable deps ti=<TaskInstance: banking_01_bronze_layer.debug scheduled__2026-03-30T10:30:00+00:00 [queued]>
[2026-03-30T12:14:42.961+0000] {taskinstance.py:2076} INFO - Dependencies all met for dep_context=requeueable deps ti=<TaskInstance: banking_01_bronze_layer.debug scheduled__2026-03-30T10:30:00+00:00 [queued]>
[2026-03-30T12:14:42.961+0000] {taskinstance.py:2306} INFO - Starting attempt 2 of 2
[2026-03-30T12:14:42.967+0000] {taskinstance.py:2330} INFO - Executing <Task(BashOperator): debug> on 2026-03-30 10:30:00+00:00
[2026-03-30T12:14:42.969+0000] {standard_task_runner.py:64} INFO - Started process 9923 to run task
[2026-03-30T12:14:42.970+0000] {standard_task_runner.py:90} INFO - Running: ['***', 'tasks', 'run', 'banking_01_bronze_layer', 'debug', 'scheduled__2026-03-30T10:30:00+00:00', '--job-id', '7975', '--raw', '--subdir', 'DAGS_FOLDER/dbt.py', '--cfg-path', '/tmp/tmptgrq4_mc']
[2026-03-30T12:14:42.972+0000] {standard_task_runner.py:91} INFO - Job 7975: Subtask debug
[2026-03-30T12:14:42.998+0000] {task_command.py:426} INFO - Running <TaskInstance: banking_01_bronze_layer.debug scheduled__2026-03-30T10:30:00+00:00 [running]> on host c990dffe13ae
[2026-03-30T12:14:43.041+0000] {taskinstance.py:2648} INFO - Exporting env vars: AIRFLOW_CTX_DAG_OWNER='risheek' AIRFLOW_CTX_DAG_ID='banking_01_bronze_layer' AIRFLOW_CTX_TASK_ID='debug' AIRFLOW_CTX_EXECUTION_DATE='2026-03-30T10:30:00+00:00' AIRFLOW_CTX_TRY_NUMBER='2' AIRFLOW_CTX_DAG_RUN_ID='scheduled__2026-03-30T10:30:00+00:00'
[2026-03-30T12:14:43.042+0000] {taskinstance.py:430} INFO - ::endgroup::
[2026-03-30T12:14:43.042+0000] {subprocess.py:78} INFO - Tmp dir root location: /tmp
[2026-03-30T12:14:43.042+0000] {subprocess.py:88} INFO - Running command: ['/usr/bin/bash', '-c', 'dbt debug --profiles-dir /opt/***/dbt/trans_snowf']
[2026-03-30T12:14:43.046+0000] {subprocess.py:99} INFO - Output:
[2026-03-30T12:14:44.300+0000] {subprocess.py:106} INFO - [0m12:14:44  Running with dbt=1.11.7
[2026-03-30T12:14:44.306+0000] {subprocess.py:106} INFO - [0m12:14:44  dbt version: 1.11.7
[2026-03-30T12:14:44.306+0000] {subprocess.py:106} INFO - [0m12:14:44  python version: 3.12.4
[2026-03-30T12:14:44.306+0000] {subprocess.py:106} INFO - [0m12:14:44  python path: /home/***/.local/bin/python
[2026-03-30T12:14:44.306+0000] {subprocess.py:106} INFO - [0m12:14:44  os info: Linux-6.12.76-linuxkit-aarch64-with-glibc2.36
[2026-03-30T12:14:44.722+0000] {subprocess.py:106} INFO - [0m12:14:44  Using profiles dir at /opt/***/dbt/trans_snowf
[2026-03-30T12:14:44.722+0000] {subprocess.py:106} INFO - [0m12:14:44  Using profiles.yml file at /opt/***/dbt/trans_snowf/profiles.yml
[2026-03-30T12:14:44.723+0000] {subprocess.py:106} INFO - [0m12:14:44  Using dbt_project.yml file at /opt/***/dbt/trans_snowf/dbt_project.yml
[2026-03-30T12:14:44.723+0000] {subprocess.py:106} INFO - [0m12:14:44  adapter type: snowflake
[2026-03-30T12:14:44.724+0000] {subprocess.py:106} INFO - [0m12:14:44  adapter version: 1.11.3
[2026-03-30T12:14:44.776+0000] {subprocess.py:106} INFO - [0m12:14:44  Configuration:
[2026-03-30T12:14:44.776+0000] {subprocess.py:106} INFO - [0m12:14:44    profiles.yml file [[32mOK found and valid[0m]
[2026-03-30T12:14:44.776+0000] {subprocess.py:106} INFO - [0m12:14:44    dbt_project.yml file [[32mOK found and valid[0m]
[2026-03-30T12:14:44.777+0000] {subprocess.py:106} INFO - [0m12:14:44  Required dependencies:
[2026-03-30T12:14:44.778+0000] {subprocess.py:106} INFO - [0m12:14:44   - git [[31mERROR[0m]
[2026-03-30T12:14:44.778+0000] {subprocess.py:106} INFO - 
[2026-03-30T12:14:44.778+0000] {subprocess.py:106} INFO - [0m12:14:44  Connection:
[2026-03-30T12:14:44.779+0000] {subprocess.py:106} INFO - [0m12:14:44    account: BBMCDSP-CT02489
[2026-03-30T12:14:44.779+0000] {subprocess.py:106} INFO - [0m12:14:44    user: user123
[2026-03-30T12:14:44.779+0000] {subprocess.py:106} INFO - [0m12:14:44    database: BANKING
[2026-03-30T12:14:44.780+0000] {subprocess.py:106} INFO - [0m12:14:44    warehouse: COMPUTE_WH
[2026-03-30T12:14:44.780+0000] {subprocess.py:106} INFO - [0m12:14:44    role: dbtadmin
[2026-03-30T12:14:44.780+0000] {subprocess.py:106} INFO - [0m12:14:44    schema: PUBLIC
[2026-03-30T12:14:44.781+0000] {subprocess.py:106} INFO - [0m12:14:44    authenticator: None
[2026-03-30T12:14:44.781+0000] {subprocess.py:106} INFO - [0m12:14:44    oauth_client_id: None
[2026-03-30T12:14:44.781+0000] {subprocess.py:106} INFO - [0m12:14:44    query_tag: None
[2026-03-30T12:14:44.782+0000] {subprocess.py:106} INFO - [0m12:14:44    client_session_keep_alive: False
[2026-03-30T12:14:44.782+0000] {subprocess.py:106} INFO - [0m12:14:44    host: None
[2026-03-30T12:14:44.782+0000] {subprocess.py:106} INFO - [0m12:14:44    port: None
[2026-03-30T12:14:44.782+0000] {subprocess.py:106} INFO - [0m12:14:44    proxy_host: None
[2026-03-30T12:14:44.783+0000] {subprocess.py:106} INFO - [0m12:14:44    proxy_port: None
[2026-03-30T12:14:44.783+0000] {subprocess.py:106} INFO - [0m12:14:44    protocol: None
[2026-03-30T12:14:44.783+0000] {subprocess.py:106} INFO - [0m12:14:44    connect_retries: 1
[2026-03-30T12:14:44.784+0000] {subprocess.py:106} INFO - [0m12:14:44    connect_timeout: None
[2026-03-30T12:14:44.784+0000] {subprocess.py:106} INFO - [0m12:14:44    retry_on_database_errors: False
[2026-03-30T12:14:44.784+0000] {subprocess.py:106} INFO - [0m12:14:44    retry_all: False
[2026-03-30T12:14:44.785+0000] {subprocess.py:106} INFO - [0m12:14:44    insecure_mode: False
[2026-03-30T12:14:44.785+0000] {subprocess.py:106} INFO - [0m12:14:44    reuse_connections: True
[2026-03-30T12:14:44.785+0000] {subprocess.py:106} INFO - [0m12:14:44    s3_stage_vpce_dns_name: None
[2026-03-30T12:14:44.785+0000] {subprocess.py:106} INFO - [0m12:14:44    platform_detection_timeout_seconds: 0.0
[2026-03-30T12:14:44.786+0000] {subprocess.py:106} INFO - [0m12:14:44  Registered adapter: snowflake=1.11.3
[2026-03-30T12:14:45.649+0000] {subprocess.py:106} INFO - [0m12:14:45    Connection test: [[32mOK connection ok[0m]
[2026-03-30T12:14:45.651+0000] {subprocess.py:106} INFO - 
[2026-03-30T12:14:45.652+0000] {subprocess.py:106} INFO - [0m12:14:45  [31m1 check failed:[0m
[2026-03-30T12:14:45.653+0000] {subprocess.py:106} INFO - [0m12:14:45  Error from git --help: Could not find command, ensure it is in the user's PATH: "git"
[2026-03-30T12:14:45.653+0000] {subprocess.py:106} INFO - 
[2026-03-30T12:14:48.137+0000] {subprocess.py:110} INFO - Command exited with return code 1
[2026-03-30T12:14:48.139+0000] {taskinstance.py:441} INFO - ::group::Post task execution logs
[2026-03-30T12:14:48.160+0000] {taskinstance.py:2905} ERROR - Task failed with exception
Traceback (most recent call last):
  File "/home/airflow/.local/lib/python3.12/site-packages/airflow/models/taskinstance.py", line 465, in _execute_task
    result = _execute_callable(context=context, **execute_callable_kwargs)
             ^^^^^^^^^^^^^^^^^^^^^^^^^^^^^^^^^^^^^^^^^^^^^^^^^^^^^^^^^^^^^
  File "/home/airflow/.local/lib/python3.12/site-packages/airflow/models/taskinstance.py", line 432, in _execute_callable
    return execute_callable(context=context, **execute_callable_kwargs)
           ^^^^^^^^^^^^^^^^^^^^^^^^^^^^^^^^^^^^^^^^^^^^^^^^^^^^^^^^^^^^
  File "/home/airflow/.local/lib/python3.12/site-packages/airflow/models/baseoperator.py", line 401, in wrapper
    return func(self, *args, **kwargs)
           ^^^^^^^^^^^^^^^^^^^^^^^^^^^
  File "/home/airflow/.local/lib/python3.12/site-packages/airflow/providers/standard/operators/bash.py", line 233, in execute
    raise AirflowException(
airflow.exceptions.AirflowException: Bash command failed. The command returned a non-zero exit code 1.
[2026-03-30T12:14:48.164+0000] {taskinstance.py:1206} INFO - Marking task as FAILED. dag_id=banking_01_bronze_layer, task_id=debug, run_id=scheduled__2026-03-30T10:30:00+00:00, execution_date=20260330T103000, start_date=20260330T121442, end_date=20260330T121448
[2026-03-30T12:14:48.176+0000] {standard_task_runner.py:110} ERROR - Failed to execute job 7975 for task debug (Bash command failed. The command returned a non-zero exit code 1.; 9923)
[2026-03-30T12:14:48.215+0000] {local_task_job_runner.py:243} INFO - Task exited with return code 1
[2026-03-30T12:14:48.229+0000] {taskinstance.py:3503} INFO - 0 downstream tasks scheduled from follow-on schedule check
[2026-03-30T12:14:48.230+0000] {local_task_job_runner.py:222} INFO - ::endgroup::
