[2026-03-27T11:05:29.510+0000] {local_task_job_runner.py:120} INFO - ::group::Pre task execution logs
[2026-03-27T11:05:29.524+0000] {taskinstance.py:2076} INFO - Dependencies all met for dep_context=non-requeueable deps ti=<TaskInstance: banking_01_bronze_layer.debug scheduled__2026-03-27T10:30:00+00:00 [queued]>
[2026-03-27T11:05:29.527+0000] {taskinstance.py:2076} INFO - Dependencies all met for dep_context=requeueable deps ti=<TaskInstance: banking_01_bronze_layer.debug scheduled__2026-03-27T10:30:00+00:00 [queued]>
[2026-03-27T11:05:29.527+0000] {taskinstance.py:2306} INFO - Starting attempt 2 of 2
[2026-03-27T11:05:29.533+0000] {taskinstance.py:2330} INFO - Executing <Task(BashOperator): debug> on 2026-03-27 10:30:00+00:00
[2026-03-27T11:05:29.534+0000] {standard_task_runner.py:64} INFO - Started process 29084 to run task
[2026-03-27T11:05:29.536+0000] {standard_task_runner.py:90} INFO - Running: ['***', 'tasks', 'run', 'banking_01_bronze_layer', 'debug', 'scheduled__2026-03-27T10:30:00+00:00', '--job-id', '4969', '--raw', '--subdir', 'DAGS_FOLDER/dbt.py', '--cfg-path', '/tmp/tmpjic4kut0']
[2026-03-27T11:05:29.537+0000] {standard_task_runner.py:91} INFO - Job 4969: Subtask debug
[2026-03-27T11:05:29.561+0000] {task_command.py:426} INFO - Running <TaskInstance: banking_01_bronze_layer.debug scheduled__2026-03-27T10:30:00+00:00 [running]> on host c990dffe13ae
[2026-03-27T11:05:29.599+0000] {taskinstance.py:2648} INFO - Exporting env vars: AIRFLOW_CTX_DAG_OWNER='risheek' AIRFLOW_CTX_DAG_ID='banking_01_bronze_layer' AIRFLOW_CTX_TASK_ID='debug' AIRFLOW_CTX_EXECUTION_DATE='2026-03-27T10:30:00+00:00' AIRFLOW_CTX_TRY_NUMBER='2' AIRFLOW_CTX_DAG_RUN_ID='scheduled__2026-03-27T10:30:00+00:00'
[2026-03-27T11:05:29.599+0000] {taskinstance.py:430} INFO - ::endgroup::
[2026-03-27T11:05:29.600+0000] {subprocess.py:78} INFO - Tmp dir root location: /tmp
[2026-03-27T11:05:29.600+0000] {subprocess.py:88} INFO - Running command: ['/usr/bin/bash', '-c', 'dbt debug --profiles-dir /opt/***/dbt/trans_snowf']
[2026-03-27T11:05:29.603+0000] {subprocess.py:99} INFO - Output:
[2026-03-27T11:05:30.769+0000] {subprocess.py:106} INFO - [0m11:05:30  Running with dbt=1.11.7
[2026-03-27T11:05:30.775+0000] {subprocess.py:106} INFO - [0m11:05:30  dbt version: 1.11.7
[2026-03-27T11:05:30.776+0000] {subprocess.py:106} INFO - [0m11:05:30  python version: 3.12.4
[2026-03-27T11:05:30.776+0000] {subprocess.py:106} INFO - [0m11:05:30  python path: /home/***/.local/bin/python
[2026-03-27T11:05:30.777+0000] {subprocess.py:106} INFO - [0m11:05:30  os info: Linux-6.12.76-linuxkit-aarch64-with-glibc2.36
[2026-03-27T11:05:31.162+0000] {subprocess.py:106} INFO - [0m11:05:31  Using profiles dir at /opt/***/dbt/trans_snowf
[2026-03-27T11:05:31.162+0000] {subprocess.py:106} INFO - [0m11:05:31  Using profiles.yml file at /opt/***/dbt/trans_snowf/profiles.yml
[2026-03-27T11:05:31.163+0000] {subprocess.py:106} INFO - [0m11:05:31  Using dbt_project.yml file at /opt/***/dbt/trans_snowf/dbt_project.yml
[2026-03-27T11:05:31.163+0000] {subprocess.py:106} INFO - [0m11:05:31  adapter type: snowflake
[2026-03-27T11:05:31.163+0000] {subprocess.py:106} INFO - [0m11:05:31  adapter version: 1.11.3
[2026-03-27T11:05:31.215+0000] {subprocess.py:106} INFO - [0m11:05:31  Configuration:
[2026-03-27T11:05:31.215+0000] {subprocess.py:106} INFO - [0m11:05:31    profiles.yml file [[32mOK found and valid[0m]
[2026-03-27T11:05:31.216+0000] {subprocess.py:106} INFO - [0m11:05:31    dbt_project.yml file [[32mOK found and valid[0m]
[2026-03-27T11:05:31.216+0000] {subprocess.py:106} INFO - [0m11:05:31  Required dependencies:
[2026-03-27T11:05:31.217+0000] {subprocess.py:106} INFO - [0m11:05:31   - git [[31mERROR[0m]
[2026-03-27T11:05:31.217+0000] {subprocess.py:106} INFO - 
[2026-03-27T11:05:31.217+0000] {subprocess.py:106} INFO - [0m11:05:31  Connection:
[2026-03-27T11:05:31.218+0000] {subprocess.py:106} INFO - [0m11:05:31    account: BBMCDSP-CT02489
[2026-03-27T11:05:31.218+0000] {subprocess.py:106} INFO - [0m11:05:31    user: user123
[2026-03-27T11:05:31.218+0000] {subprocess.py:106} INFO - [0m11:05:31    database: BANKING
[2026-03-27T11:05:31.219+0000] {subprocess.py:106} INFO - [0m11:05:31    warehouse: COMPUTE_WH
[2026-03-27T11:05:31.219+0000] {subprocess.py:106} INFO - [0m11:05:31    role: dbtadmin
[2026-03-27T11:05:31.219+0000] {subprocess.py:106} INFO - [0m11:05:31    schema: PUBLIC
[2026-03-27T11:05:31.220+0000] {subprocess.py:106} INFO - [0m11:05:31    authenticator: None
[2026-03-27T11:05:31.220+0000] {subprocess.py:106} INFO - [0m11:05:31    oauth_client_id: None
[2026-03-27T11:05:31.220+0000] {subprocess.py:106} INFO - [0m11:05:31    query_tag: None
[2026-03-27T11:05:31.221+0000] {subprocess.py:106} INFO - [0m11:05:31    client_session_keep_alive: False
[2026-03-27T11:05:31.221+0000] {subprocess.py:106} INFO - [0m11:05:31    host: None
[2026-03-27T11:05:31.221+0000] {subprocess.py:106} INFO - [0m11:05:31    port: None
[2026-03-27T11:05:31.221+0000] {subprocess.py:106} INFO - [0m11:05:31    proxy_host: None
[2026-03-27T11:05:31.222+0000] {subprocess.py:106} INFO - [0m11:05:31    proxy_port: None
[2026-03-27T11:05:31.222+0000] {subprocess.py:106} INFO - [0m11:05:31    protocol: None
[2026-03-27T11:05:31.222+0000] {subprocess.py:106} INFO - [0m11:05:31    connect_retries: 1
[2026-03-27T11:05:31.223+0000] {subprocess.py:106} INFO - [0m11:05:31    connect_timeout: None
[2026-03-27T11:05:31.223+0000] {subprocess.py:106} INFO - [0m11:05:31    retry_on_database_errors: False
[2026-03-27T11:05:31.223+0000] {subprocess.py:106} INFO - [0m11:05:31    retry_all: False
[2026-03-27T11:05:31.224+0000] {subprocess.py:106} INFO - [0m11:05:31    insecure_mode: False
[2026-03-27T11:05:31.224+0000] {subprocess.py:106} INFO - [0m11:05:31    reuse_connections: True
[2026-03-27T11:05:31.224+0000] {subprocess.py:106} INFO - [0m11:05:31    s3_stage_vpce_dns_name: None
[2026-03-27T11:05:31.224+0000] {subprocess.py:106} INFO - [0m11:05:31    platform_detection_timeout_seconds: 0.0
[2026-03-27T11:05:31.225+0000] {subprocess.py:106} INFO - [0m11:05:31  Registered adapter: snowflake=1.11.3
[2026-03-27T11:05:31.994+0000] {subprocess.py:106} INFO - [0m11:05:31    Connection test: [[32mOK connection ok[0m]
[2026-03-27T11:05:31.995+0000] {subprocess.py:106} INFO - 
[2026-03-27T11:05:31.996+0000] {subprocess.py:106} INFO - [0m11:05:31  [31m1 check failed:[0m
[2026-03-27T11:05:31.997+0000] {subprocess.py:106} INFO - [0m11:05:31  Error from git --help: Could not find command, ensure it is in the user's PATH: "git"
[2026-03-27T11:05:31.997+0000] {subprocess.py:106} INFO - 
[2026-03-27T11:05:33.551+0000] {subprocess.py:110} INFO - Command exited with return code 1
[2026-03-27T11:05:33.551+0000] {taskinstance.py:441} INFO - ::group::Post task execution logs
[2026-03-27T11:05:33.559+0000] {taskinstance.py:2905} ERROR - Task failed with exception
Traceback (most recent call last):
  File "/home/airflow/.local/lib/python3.12/site-packages/airflow/models/taskinstance.py", line 465, in _execute_task
    result = _execute_callable(context=context, **execute_callable_kwargs)
             ^^^^^^^^^^^^^^^^^^^^^^^^^^^^^^^^^^^^^^^^^^^^^^^^^^^^^^^^^^^^^
  File "/home/airflow/.local/lib/python3.12/site-packages/airflow/models/taskinstance.py", line 432, in _execute_callable
    return execute_callable(context=context, **execute_callable_kwargs)
           ^^^^^^^^^^^^^^^^^^^^^^^^^^^^^^^^^^^^^^^^^^^^^^^^^^^^^^^^^^^^
  File "/home/airflow/.local/lib/python3.12/site-packages/airflow/models/baseoperator.py", line 401, in wrapper
    return func(self, *args, **kwargs)
           ^^^^^^^^^^^^^^^^^^^^^^^^^^^
  File "/home/airflow/.local/lib/python3.12/site-packages/airflow/providers/standard/operators/bash.py", line 233, in execute
    raise AirflowException(
airflow.exceptions.AirflowException: Bash command failed. The command returned a non-zero exit code 1.
[2026-03-27T11:05:33.561+0000] {taskinstance.py:1206} INFO - Marking task as FAILED. dag_id=banking_01_bronze_layer, task_id=debug, run_id=scheduled__2026-03-27T10:30:00+00:00, execution_date=20260327T103000, start_date=20260327T110529, end_date=20260327T110533
[2026-03-27T11:05:33.568+0000] {standard_task_runner.py:110} ERROR - Failed to execute job 4969 for task debug (Bash command failed. The command returned a non-zero exit code 1.; 29084)
[2026-03-27T11:05:33.572+0000] {local_task_job_runner.py:243} INFO - Task exited with return code 1
[2026-03-27T11:05:33.582+0000] {taskinstance.py:3503} INFO - 0 downstream tasks scheduled from follow-on schedule check
[2026-03-27T11:05:33.582+0000] {local_task_job_runner.py:222} INFO - ::endgroup::
