[2026-03-27T11:00:20.946+0000] {local_task_job_runner.py:120} INFO - ::group::Pre task execution logs
[2026-03-27T11:00:20.963+0000] {taskinstance.py:2076} INFO - Dependencies all met for dep_context=non-requeueable deps ti=<TaskInstance: banking_01_bronze_layer.debug scheduled__2026-03-27T10:30:00+00:00 [queued]>
[2026-03-27T11:00:20.966+0000] {taskinstance.py:2076} INFO - Dependencies all met for dep_context=requeueable deps ti=<TaskInstance: banking_01_bronze_layer.debug scheduled__2026-03-27T10:30:00+00:00 [queued]>
[2026-03-27T11:00:20.967+0000] {taskinstance.py:2306} INFO - Starting attempt 1 of 2
[2026-03-27T11:00:20.974+0000] {taskinstance.py:2330} INFO - Executing <Task(BashOperator): debug> on 2026-03-27 10:30:00+00:00
[2026-03-27T11:00:20.976+0000] {standard_task_runner.py:64} INFO - Started process 28089 to run task
[2026-03-27T11:00:20.977+0000] {standard_task_runner.py:90} INFO - Running: ['***', 'tasks', 'run', 'banking_01_bronze_layer', 'debug', 'scheduled__2026-03-27T10:30:00+00:00', '--job-id', '4917', '--raw', '--subdir', 'DAGS_FOLDER/dbt.py', '--cfg-path', '/tmp/tmpkwyzx7a9']
[2026-03-27T11:00:20.978+0000] {standard_task_runner.py:91} INFO - Job 4917: Subtask debug
[2026-03-27T11:00:21.004+0000] {task_command.py:426} INFO - Running <TaskInstance: banking_01_bronze_layer.debug scheduled__2026-03-27T10:30:00+00:00 [running]> on host c990dffe13ae
[2026-03-27T11:00:21.045+0000] {taskinstance.py:2648} INFO - Exporting env vars: AIRFLOW_CTX_DAG_OWNER='risheek' AIRFLOW_CTX_DAG_ID='banking_01_bronze_layer' AIRFLOW_CTX_TASK_ID='debug' AIRFLOW_CTX_EXECUTION_DATE='2026-03-27T10:30:00+00:00' AIRFLOW_CTX_TRY_NUMBER='1' AIRFLOW_CTX_DAG_RUN_ID='scheduled__2026-03-27T10:30:00+00:00'
[2026-03-27T11:00:21.046+0000] {taskinstance.py:430} INFO - ::endgroup::
[2026-03-27T11:00:21.046+0000] {subprocess.py:78} INFO - Tmp dir root location: /tmp
[2026-03-27T11:00:21.046+0000] {subprocess.py:88} INFO - Running command: ['/usr/bin/bash', '-c', 'dbt debug --profiles-dir /opt/***/dbt/trans_snowf']
[2026-03-27T11:00:21.050+0000] {subprocess.py:99} INFO - Output:
[2026-03-27T11:00:22.273+0000] {subprocess.py:106} INFO - [0m11:00:22  Running with dbt=1.11.7
[2026-03-27T11:00:22.279+0000] {subprocess.py:106} INFO - [0m11:00:22  dbt version: 1.11.7
[2026-03-27T11:00:22.279+0000] {subprocess.py:106} INFO - [0m11:00:22  python version: 3.12.4
[2026-03-27T11:00:22.279+0000] {subprocess.py:106} INFO - [0m11:00:22  python path: /home/***/.local/bin/python
[2026-03-27T11:00:22.280+0000] {subprocess.py:106} INFO - [0m11:00:22  os info: Linux-6.12.76-linuxkit-aarch64-with-glibc2.36
[2026-03-27T11:00:22.677+0000] {subprocess.py:106} INFO - [0m11:00:22  Using profiles dir at /opt/***/dbt/trans_snowf
[2026-03-27T11:00:22.677+0000] {subprocess.py:106} INFO - [0m11:00:22  Using profiles.yml file at /opt/***/dbt/trans_snowf/profiles.yml
[2026-03-27T11:00:22.677+0000] {subprocess.py:106} INFO - [0m11:00:22  Using dbt_project.yml file at /opt/***/dbt/trans_snowf/dbt_project.yml
[2026-03-27T11:00:22.678+0000] {subprocess.py:106} INFO - [0m11:00:22  adapter type: snowflake
[2026-03-27T11:00:22.678+0000] {subprocess.py:106} INFO - [0m11:00:22  adapter version: 1.11.3
[2026-03-27T11:00:22.730+0000] {subprocess.py:106} INFO - [0m11:00:22  Configuration:
[2026-03-27T11:00:22.731+0000] {subprocess.py:106} INFO - [0m11:00:22    profiles.yml file [[32mOK found and valid[0m]
[2026-03-27T11:00:22.731+0000] {subprocess.py:106} INFO - [0m11:00:22    dbt_project.yml file [[32mOK found and valid[0m]
[2026-03-27T11:00:22.732+0000] {subprocess.py:106} INFO - [0m11:00:22  Required dependencies:
[2026-03-27T11:00:22.733+0000] {subprocess.py:106} INFO - [0m11:00:22   - git [[31mERROR[0m]
[2026-03-27T11:00:22.733+0000] {subprocess.py:106} INFO - 
[2026-03-27T11:00:22.733+0000] {subprocess.py:106} INFO - [0m11:00:22  Connection:
[2026-03-27T11:00:22.733+0000] {subprocess.py:106} INFO - [0m11:00:22    account: BBMCDSP-CT02489
[2026-03-27T11:00:22.734+0000] {subprocess.py:106} INFO - [0m11:00:22    user: user123
[2026-03-27T11:00:22.734+0000] {subprocess.py:106} INFO - [0m11:00:22    database: BANKING
[2026-03-27T11:00:22.734+0000] {subprocess.py:106} INFO - [0m11:00:22    warehouse: COMPUTE_WH
[2026-03-27T11:00:22.735+0000] {subprocess.py:106} INFO - [0m11:00:22    role: dbtadmin
[2026-03-27T11:00:22.735+0000] {subprocess.py:106} INFO - [0m11:00:22    schema: PUBLIC
[2026-03-27T11:00:22.735+0000] {subprocess.py:106} INFO - [0m11:00:22    authenticator: None
[2026-03-27T11:00:22.736+0000] {subprocess.py:106} INFO - [0m11:00:22    oauth_client_id: None
[2026-03-27T11:00:22.736+0000] {subprocess.py:106} INFO - [0m11:00:22    query_tag: None
[2026-03-27T11:00:22.736+0000] {subprocess.py:106} INFO - [0m11:00:22    client_session_keep_alive: False
[2026-03-27T11:00:22.736+0000] {subprocess.py:106} INFO - [0m11:00:22    host: None
[2026-03-27T11:00:22.737+0000] {subprocess.py:106} INFO - [0m11:00:22    port: None
[2026-03-27T11:00:22.737+0000] {subprocess.py:106} INFO - [0m11:00:22    proxy_host: None
[2026-03-27T11:00:22.737+0000] {subprocess.py:106} INFO - [0m11:00:22    proxy_port: None
[2026-03-27T11:00:22.738+0000] {subprocess.py:106} INFO - [0m11:00:22    protocol: None
[2026-03-27T11:00:22.738+0000] {subprocess.py:106} INFO - [0m11:00:22    connect_retries: 1
[2026-03-27T11:00:22.738+0000] {subprocess.py:106} INFO - [0m11:00:22    connect_timeout: None
[2026-03-27T11:00:22.739+0000] {subprocess.py:106} INFO - [0m11:00:22    retry_on_database_errors: False
[2026-03-27T11:00:22.739+0000] {subprocess.py:106} INFO - [0m11:00:22    retry_all: False
[2026-03-27T11:00:22.739+0000] {subprocess.py:106} INFO - [0m11:00:22    insecure_mode: False
[2026-03-27T11:00:22.740+0000] {subprocess.py:106} INFO - [0m11:00:22    reuse_connections: True
[2026-03-27T11:00:22.740+0000] {subprocess.py:106} INFO - [0m11:00:22    s3_stage_vpce_dns_name: None
[2026-03-27T11:00:22.740+0000] {subprocess.py:106} INFO - [0m11:00:22    platform_detection_timeout_seconds: 0.0
[2026-03-27T11:00:22.741+0000] {subprocess.py:106} INFO - [0m11:00:22  Registered adapter: snowflake=1.11.3
[2026-03-27T11:00:23.745+0000] {subprocess.py:106} INFO - [0m11:00:23    Connection test: [[32mOK connection ok[0m]
[2026-03-27T11:00:23.746+0000] {subprocess.py:106} INFO - 
[2026-03-27T11:00:23.747+0000] {subprocess.py:106} INFO - [0m11:00:23  [31m1 check failed:[0m
[2026-03-27T11:00:23.749+0000] {subprocess.py:106} INFO - [0m11:00:23  Error from git --help: Could not find command, ensure it is in the user's PATH: "git"
[2026-03-27T11:00:23.749+0000] {subprocess.py:106} INFO - 
[2026-03-27T11:00:25.422+0000] {subprocess.py:110} INFO - Command exited with return code 1
[2026-03-27T11:00:25.423+0000] {taskinstance.py:441} INFO - ::group::Post task execution logs
[2026-03-27T11:00:25.431+0000] {taskinstance.py:2905} ERROR - Task failed with exception
Traceback (most recent call last):
  File "/home/airflow/.local/lib/python3.12/site-packages/airflow/models/taskinstance.py", line 465, in _execute_task
    result = _execute_callable(context=context, **execute_callable_kwargs)
             ^^^^^^^^^^^^^^^^^^^^^^^^^^^^^^^^^^^^^^^^^^^^^^^^^^^^^^^^^^^^^
  File "/home/airflow/.local/lib/python3.12/site-packages/airflow/models/taskinstance.py", line 432, in _execute_callable
    return execute_callable(context=context, **execute_callable_kwargs)
           ^^^^^^^^^^^^^^^^^^^^^^^^^^^^^^^^^^^^^^^^^^^^^^^^^^^^^^^^^^^^
  File "/home/airflow/.local/lib/python3.12/site-packages/airflow/models/baseoperator.py", line 401, in wrapper
    return func(self, *args, **kwargs)
           ^^^^^^^^^^^^^^^^^^^^^^^^^^^
  File "/home/airflow/.local/lib/python3.12/site-packages/airflow/providers/standard/operators/bash.py", line 233, in execute
    raise AirflowException(
airflow.exceptions.AirflowException: Bash command failed. The command returned a non-zero exit code 1.
[2026-03-27T11:00:25.434+0000] {taskinstance.py:1206} INFO - Marking task as UP_FOR_RETRY. dag_id=banking_01_bronze_layer, task_id=debug, run_id=scheduled__2026-03-27T10:30:00+00:00, execution_date=20260327T103000, start_date=20260327T110020, end_date=20260327T110025
[2026-03-27T11:00:25.441+0000] {standard_task_runner.py:110} ERROR - Failed to execute job 4917 for task debug (Bash command failed. The command returned a non-zero exit code 1.; 28089)
[2026-03-27T11:00:25.452+0000] {local_task_job_runner.py:243} INFO - Task exited with return code 1
[2026-03-27T11:00:25.462+0000] {taskinstance.py:3503} INFO - 0 downstream tasks scheduled from follow-on schedule check
[2026-03-27T11:00:25.463+0000] {local_task_job_runner.py:222} INFO - ::endgroup::
