[2026-03-28T03:34:48.618+0000] {local_task_job_runner.py:120} INFO - ::group::Pre task execution logs
[2026-03-28T03:34:48.636+0000] {taskinstance.py:2076} INFO - Dependencies all met for dep_context=non-requeueable deps ti=<TaskInstance: banking_01_bronze_layer.debug scheduled__2026-03-28T01:00:00+00:00 [queued]>
[2026-03-28T03:34:48.640+0000] {taskinstance.py:2076} INFO - Dependencies all met for dep_context=requeueable deps ti=<TaskInstance: banking_01_bronze_layer.debug scheduled__2026-03-28T01:00:00+00:00 [queued]>
[2026-03-28T03:34:48.640+0000] {taskinstance.py:2306} INFO - Starting attempt 1 of 2
[2026-03-28T03:34:48.646+0000] {taskinstance.py:2330} INFO - Executing <Task(BashOperator): debug> on 2026-03-28 01:00:00+00:00
[2026-03-28T03:34:48.649+0000] {standard_task_runner.py:64} INFO - Started process 44356 to run task
[2026-03-28T03:34:48.651+0000] {standard_task_runner.py:90} INFO - Running: ['***', 'tasks', 'run', 'banking_01_bronze_layer', 'debug', 'scheduled__2026-03-28T01:00:00+00:00', '--job-id', '5730', '--raw', '--subdir', 'DAGS_FOLDER/dbt.py', '--cfg-path', '/tmp/tmp7y4wtma6']
[2026-03-28T03:34:48.653+0000] {standard_task_runner.py:91} INFO - Job 5730: Subtask debug
[2026-03-28T03:34:48.679+0000] {task_command.py:426} INFO - Running <TaskInstance: banking_01_bronze_layer.debug scheduled__2026-03-28T01:00:00+00:00 [running]> on host c990dffe13ae
[2026-03-28T03:34:48.720+0000] {taskinstance.py:2648} INFO - Exporting env vars: AIRFLOW_CTX_DAG_OWNER='risheek' AIRFLOW_CTX_DAG_ID='banking_01_bronze_layer' AIRFLOW_CTX_TASK_ID='debug' AIRFLOW_CTX_EXECUTION_DATE='2026-03-28T01:00:00+00:00' AIRFLOW_CTX_TRY_NUMBER='1' AIRFLOW_CTX_DAG_RUN_ID='scheduled__2026-03-28T01:00:00+00:00'
[2026-03-28T03:34:48.721+0000] {taskinstance.py:430} INFO - ::endgroup::
[2026-03-28T03:34:48.721+0000] {subprocess.py:78} INFO - Tmp dir root location: /tmp
[2026-03-28T03:34:48.722+0000] {subprocess.py:88} INFO - Running command: ['/usr/bin/bash', '-c', 'dbt debug --profiles-dir /opt/***/dbt/trans_snowf']
[2026-03-28T03:34:48.725+0000] {subprocess.py:99} INFO - Output:
[2026-03-28T03:34:49.963+0000] {subprocess.py:106} INFO - [0m03:34:49  Running with dbt=1.11.7
[2026-03-28T03:34:49.968+0000] {subprocess.py:106} INFO - [0m03:34:49  dbt version: 1.11.7
[2026-03-28T03:34:49.968+0000] {subprocess.py:106} INFO - [0m03:34:49  python version: 3.12.4
[2026-03-28T03:34:49.969+0000] {subprocess.py:106} INFO - [0m03:34:49  python path: /home/***/.local/bin/python
[2026-03-28T03:34:49.969+0000] {subprocess.py:106} INFO - [0m03:34:49  os info: Linux-6.12.76-linuxkit-aarch64-with-glibc2.36
[2026-03-28T03:34:50.389+0000] {subprocess.py:106} INFO - [0m03:34:50  Using profiles dir at /opt/***/dbt/trans_snowf
[2026-03-28T03:34:50.390+0000] {subprocess.py:106} INFO - [0m03:34:50  Using profiles.yml file at /opt/***/dbt/trans_snowf/profiles.yml
[2026-03-28T03:34:50.391+0000] {subprocess.py:106} INFO - [0m03:34:50  Using dbt_project.yml file at /opt/***/dbt/trans_snowf/dbt_project.yml
[2026-03-28T03:34:50.391+0000] {subprocess.py:106} INFO - [0m03:34:50  adapter type: snowflake
[2026-03-28T03:34:50.392+0000] {subprocess.py:106} INFO - [0m03:34:50  adapter version: 1.11.3
[2026-03-28T03:34:50.447+0000] {subprocess.py:106} INFO - [0m03:34:50  Configuration:
[2026-03-28T03:34:50.448+0000] {subprocess.py:106} INFO - [0m03:34:50    profiles.yml file [[32mOK found and valid[0m]
[2026-03-28T03:34:50.448+0000] {subprocess.py:106} INFO - [0m03:34:50    dbt_project.yml file [[32mOK found and valid[0m]
[2026-03-28T03:34:50.449+0000] {subprocess.py:106} INFO - [0m03:34:50  Required dependencies:
[2026-03-28T03:34:50.450+0000] {subprocess.py:106} INFO - [0m03:34:50   - git [[31mERROR[0m]
[2026-03-28T03:34:50.450+0000] {subprocess.py:106} INFO - 
[2026-03-28T03:34:50.450+0000] {subprocess.py:106} INFO - [0m03:34:50  Connection:
[2026-03-28T03:34:50.451+0000] {subprocess.py:106} INFO - [0m03:34:50    account: BBMCDSP-CT02489
[2026-03-28T03:34:50.451+0000] {subprocess.py:106} INFO - [0m03:34:50    user: user123
[2026-03-28T03:34:50.451+0000] {subprocess.py:106} INFO - [0m03:34:50    database: BANKING
[2026-03-28T03:34:50.452+0000] {subprocess.py:106} INFO - [0m03:34:50    warehouse: COMPUTE_WH
[2026-03-28T03:34:50.452+0000] {subprocess.py:106} INFO - [0m03:34:50    role: dbtadmin
[2026-03-28T03:34:50.452+0000] {subprocess.py:106} INFO - [0m03:34:50    schema: PUBLIC
[2026-03-28T03:34:50.453+0000] {subprocess.py:106} INFO - [0m03:34:50    authenticator: None
[2026-03-28T03:34:50.453+0000] {subprocess.py:106} INFO - [0m03:34:50    oauth_client_id: None
[2026-03-28T03:34:50.453+0000] {subprocess.py:106} INFO - [0m03:34:50    query_tag: None
[2026-03-28T03:34:50.454+0000] {subprocess.py:106} INFO - [0m03:34:50    client_session_keep_alive: False
[2026-03-28T03:34:50.454+0000] {subprocess.py:106} INFO - [0m03:34:50    host: None
[2026-03-28T03:34:50.454+0000] {subprocess.py:106} INFO - [0m03:34:50    port: None
[2026-03-28T03:34:50.455+0000] {subprocess.py:106} INFO - [0m03:34:50    proxy_host: None
[2026-03-28T03:34:50.455+0000] {subprocess.py:106} INFO - [0m03:34:50    proxy_port: None
[2026-03-28T03:34:50.455+0000] {subprocess.py:106} INFO - [0m03:34:50    protocol: None
[2026-03-28T03:34:50.456+0000] {subprocess.py:106} INFO - [0m03:34:50    connect_retries: 1
[2026-03-28T03:34:50.456+0000] {subprocess.py:106} INFO - [0m03:34:50    connect_timeout: None
[2026-03-28T03:34:50.456+0000] {subprocess.py:106} INFO - [0m03:34:50    retry_on_database_errors: False
[2026-03-28T03:34:50.457+0000] {subprocess.py:106} INFO - [0m03:34:50    retry_all: False
[2026-03-28T03:34:50.457+0000] {subprocess.py:106} INFO - [0m03:34:50    insecure_mode: False
[2026-03-28T03:34:50.457+0000] {subprocess.py:106} INFO - [0m03:34:50    reuse_connections: True
[2026-03-28T03:34:50.458+0000] {subprocess.py:106} INFO - [0m03:34:50    s3_stage_vpce_dns_name: None
[2026-03-28T03:34:50.458+0000] {subprocess.py:106} INFO - [0m03:34:50    platform_detection_timeout_seconds: 0.0
[2026-03-28T03:34:50.458+0000] {subprocess.py:106} INFO - [0m03:34:50  Registered adapter: snowflake=1.11.3
[2026-03-28T03:34:51.189+0000] {subprocess.py:106} INFO - [0m03:34:51    Connection test: [[32mOK connection ok[0m]
[2026-03-28T03:34:51.191+0000] {subprocess.py:106} INFO - 
[2026-03-28T03:34:51.192+0000] {subprocess.py:106} INFO - [0m03:34:51  [31m1 check failed:[0m
[2026-03-28T03:34:51.193+0000] {subprocess.py:106} INFO - [0m03:34:51  Error from git --help: Could not find command, ensure it is in the user's PATH: "git"
[2026-03-28T03:34:51.193+0000] {subprocess.py:106} INFO - 
[2026-03-28T03:34:53.093+0000] {subprocess.py:110} INFO - Command exited with return code 1
[2026-03-28T03:34:53.095+0000] {taskinstance.py:441} INFO - ::group::Post task execution logs
[2026-03-28T03:34:53.108+0000] {taskinstance.py:2905} ERROR - Task failed with exception
Traceback (most recent call last):
  File "/home/airflow/.local/lib/python3.12/site-packages/airflow/models/taskinstance.py", line 465, in _execute_task
    result = _execute_callable(context=context, **execute_callable_kwargs)
             ^^^^^^^^^^^^^^^^^^^^^^^^^^^^^^^^^^^^^^^^^^^^^^^^^^^^^^^^^^^^^
  File "/home/airflow/.local/lib/python3.12/site-packages/airflow/models/taskinstance.py", line 432, in _execute_callable
    return execute_callable(context=context, **execute_callable_kwargs)
           ^^^^^^^^^^^^^^^^^^^^^^^^^^^^^^^^^^^^^^^^^^^^^^^^^^^^^^^^^^^^
  File "/home/airflow/.local/lib/python3.12/site-packages/airflow/models/baseoperator.py", line 401, in wrapper
    return func(self, *args, **kwargs)
           ^^^^^^^^^^^^^^^^^^^^^^^^^^^
  File "/home/airflow/.local/lib/python3.12/site-packages/airflow/providers/standard/operators/bash.py", line 233, in execute
    raise AirflowException(
airflow.exceptions.AirflowException: Bash command failed. The command returned a non-zero exit code 1.
[2026-03-28T03:34:53.111+0000] {taskinstance.py:1206} INFO - Marking task as UP_FOR_RETRY. dag_id=banking_01_bronze_layer, task_id=debug, run_id=scheduled__2026-03-28T01:00:00+00:00, execution_date=20260328T010000, start_date=20260328T033448, end_date=20260328T033453
[2026-03-28T03:34:53.120+0000] {standard_task_runner.py:110} ERROR - Failed to execute job 5730 for task debug (Bash command failed. The command returned a non-zero exit code 1.; 44356)
[2026-03-28T03:34:53.167+0000] {local_task_job_runner.py:243} INFO - Task exited with return code 1
[2026-03-28T03:34:53.185+0000] {taskinstance.py:3503} INFO - 0 downstream tasks scheduled from follow-on schedule check
[2026-03-28T03:34:53.187+0000] {local_task_job_runner.py:222} INFO - ::endgroup::
