[2026-03-28T03:41:17.864+0000] {local_task_job_runner.py:120} INFO - ::group::Pre task execution logs
[2026-03-28T03:41:17.879+0000] {taskinstance.py:2076} INFO - Dependencies all met for dep_context=non-requeueable deps ti=<TaskInstance: banking_01_bronze_layer.debug scheduled__2026-03-28T01:00:00+00:00 [queued]>
[2026-03-28T03:41:17.883+0000] {taskinstance.py:2076} INFO - Dependencies all met for dep_context=requeueable deps ti=<TaskInstance: banking_01_bronze_layer.debug scheduled__2026-03-28T01:00:00+00:00 [queued]>
[2026-03-28T03:41:17.883+0000] {taskinstance.py:2306} INFO - Starting attempt 2 of 2
[2026-03-28T03:41:17.890+0000] {taskinstance.py:2330} INFO - Executing <Task(BashOperator): debug> on 2026-03-28 01:00:00+00:00
[2026-03-28T03:41:17.892+0000] {standard_task_runner.py:64} INFO - Started process 45800 to run task
[2026-03-28T03:41:17.894+0000] {standard_task_runner.py:90} INFO - Running: ['***', 'tasks', 'run', 'banking_01_bronze_layer', 'debug', 'scheduled__2026-03-28T01:00:00+00:00', '--job-id', '5801', '--raw', '--subdir', 'DAGS_FOLDER/dbt.py', '--cfg-path', '/tmp/tmp004zkwm6']
[2026-03-28T03:41:17.895+0000] {standard_task_runner.py:91} INFO - Job 5801: Subtask debug
[2026-03-28T03:41:17.927+0000] {task_command.py:426} INFO - Running <TaskInstance: banking_01_bronze_layer.debug scheduled__2026-03-28T01:00:00+00:00 [running]> on host c990dffe13ae
[2026-03-28T03:41:17.970+0000] {taskinstance.py:2648} INFO - Exporting env vars: AIRFLOW_CTX_DAG_OWNER='risheek' AIRFLOW_CTX_DAG_ID='banking_01_bronze_layer' AIRFLOW_CTX_TASK_ID='debug' AIRFLOW_CTX_EXECUTION_DATE='2026-03-28T01:00:00+00:00' AIRFLOW_CTX_TRY_NUMBER='2' AIRFLOW_CTX_DAG_RUN_ID='scheduled__2026-03-28T01:00:00+00:00'
[2026-03-28T03:41:17.971+0000] {taskinstance.py:430} INFO - ::endgroup::
[2026-03-28T03:41:17.972+0000] {subprocess.py:78} INFO - Tmp dir root location: /tmp
[2026-03-28T03:41:17.972+0000] {subprocess.py:88} INFO - Running command: ['/usr/bin/bash', '-c', 'dbt debug --profiles-dir /opt/***/dbt/trans_snowf']
[2026-03-28T03:41:17.976+0000] {subprocess.py:99} INFO - Output:
[2026-03-28T03:41:19.202+0000] {subprocess.py:106} INFO - [0m03:41:19  Running with dbt=1.11.7
[2026-03-28T03:41:19.208+0000] {subprocess.py:106} INFO - [0m03:41:19  dbt version: 1.11.7
[2026-03-28T03:41:19.208+0000] {subprocess.py:106} INFO - [0m03:41:19  python version: 3.12.4
[2026-03-28T03:41:19.209+0000] {subprocess.py:106} INFO - [0m03:41:19  python path: /home/***/.local/bin/python
[2026-03-28T03:41:19.209+0000] {subprocess.py:106} INFO - [0m03:41:19  os info: Linux-6.12.76-linuxkit-aarch64-with-glibc2.36
[2026-03-28T03:41:19.625+0000] {subprocess.py:106} INFO - [0m03:41:19  Using profiles dir at /opt/***/dbt/trans_snowf
[2026-03-28T03:41:19.625+0000] {subprocess.py:106} INFO - [0m03:41:19  Using profiles.yml file at /opt/***/dbt/trans_snowf/profiles.yml
[2026-03-28T03:41:19.626+0000] {subprocess.py:106} INFO - [0m03:41:19  Using dbt_project.yml file at /opt/***/dbt/trans_snowf/dbt_project.yml
[2026-03-28T03:41:19.626+0000] {subprocess.py:106} INFO - [0m03:41:19  adapter type: snowflake
[2026-03-28T03:41:19.627+0000] {subprocess.py:106} INFO - [0m03:41:19  adapter version: 1.11.3
[2026-03-28T03:41:19.678+0000] {subprocess.py:106} INFO - [0m03:41:19  Configuration:
[2026-03-28T03:41:19.679+0000] {subprocess.py:106} INFO - [0m03:41:19    profiles.yml file [[32mOK found and valid[0m]
[2026-03-28T03:41:19.679+0000] {subprocess.py:106} INFO - [0m03:41:19    dbt_project.yml file [[32mOK found and valid[0m]
[2026-03-28T03:41:19.679+0000] {subprocess.py:106} INFO - [0m03:41:19  Required dependencies:
[2026-03-28T03:41:19.681+0000] {subprocess.py:106} INFO - [0m03:41:19   - git [[31mERROR[0m]
[2026-03-28T03:41:19.681+0000] {subprocess.py:106} INFO - 
[2026-03-28T03:41:19.681+0000] {subprocess.py:106} INFO - [0m03:41:19  Connection:
[2026-03-28T03:41:19.681+0000] {subprocess.py:106} INFO - [0m03:41:19    account: BBMCDSP-CT02489
[2026-03-28T03:41:19.682+0000] {subprocess.py:106} INFO - [0m03:41:19    user: user123
[2026-03-28T03:41:19.682+0000] {subprocess.py:106} INFO - [0m03:41:19    database: BANKING
[2026-03-28T03:41:19.682+0000] {subprocess.py:106} INFO - [0m03:41:19    warehouse: COMPUTE_WH
[2026-03-28T03:41:19.683+0000] {subprocess.py:106} INFO - [0m03:41:19    role: dbtadmin
[2026-03-28T03:41:19.683+0000] {subprocess.py:106} INFO - [0m03:41:19    schema: PUBLIC
[2026-03-28T03:41:19.683+0000] {subprocess.py:106} INFO - [0m03:41:19    authenticator: None
[2026-03-28T03:41:19.684+0000] {subprocess.py:106} INFO - [0m03:41:19    oauth_client_id: None
[2026-03-28T03:41:19.684+0000] {subprocess.py:106} INFO - [0m03:41:19    query_tag: None
[2026-03-28T03:41:19.684+0000] {subprocess.py:106} INFO - [0m03:41:19    client_session_keep_alive: False
[2026-03-28T03:41:19.685+0000] {subprocess.py:106} INFO - [0m03:41:19    host: None
[2026-03-28T03:41:19.685+0000] {subprocess.py:106} INFO - [0m03:41:19    port: None
[2026-03-28T03:41:19.685+0000] {subprocess.py:106} INFO - [0m03:41:19    proxy_host: None
[2026-03-28T03:41:19.685+0000] {subprocess.py:106} INFO - [0m03:41:19    proxy_port: None
[2026-03-28T03:41:19.686+0000] {subprocess.py:106} INFO - [0m03:41:19    protocol: None
[2026-03-28T03:41:19.686+0000] {subprocess.py:106} INFO - [0m03:41:19    connect_retries: 1
[2026-03-28T03:41:19.686+0000] {subprocess.py:106} INFO - [0m03:41:19    connect_timeout: None
[2026-03-28T03:41:19.687+0000] {subprocess.py:106} INFO - [0m03:41:19    retry_on_database_errors: False
[2026-03-28T03:41:19.687+0000] {subprocess.py:106} INFO - [0m03:41:19    retry_all: False
[2026-03-28T03:41:19.687+0000] {subprocess.py:106} INFO - [0m03:41:19    insecure_mode: False
[2026-03-28T03:41:19.688+0000] {subprocess.py:106} INFO - [0m03:41:19    reuse_connections: True
[2026-03-28T03:41:19.688+0000] {subprocess.py:106} INFO - [0m03:41:19    s3_stage_vpce_dns_name: None
[2026-03-28T03:41:19.688+0000] {subprocess.py:106} INFO - [0m03:41:19    platform_detection_timeout_seconds: 0.0
[2026-03-28T03:41:19.689+0000] {subprocess.py:106} INFO - [0m03:41:19  Registered adapter: snowflake=1.11.3
[2026-03-28T03:41:20.612+0000] {subprocess.py:106} INFO - [0m03:41:20    Connection test: [[32mOK connection ok[0m]
[2026-03-28T03:41:20.613+0000] {subprocess.py:106} INFO - 
[2026-03-28T03:41:20.614+0000] {subprocess.py:106} INFO - [0m03:41:20  [31m1 check failed:[0m
[2026-03-28T03:41:20.614+0000] {subprocess.py:106} INFO - [0m03:41:20  Error from git --help: Could not find command, ensure it is in the user's PATH: "git"
[2026-03-28T03:41:20.615+0000] {subprocess.py:106} INFO - 
[2026-03-28T03:41:22.800+0000] {subprocess.py:110} INFO - Command exited with return code 1
[2026-03-28T03:41:22.801+0000] {taskinstance.py:441} INFO - ::group::Post task execution logs
[2026-03-28T03:41:22.814+0000] {taskinstance.py:2905} ERROR - Task failed with exception
Traceback (most recent call last):
  File "/home/airflow/.local/lib/python3.12/site-packages/airflow/models/taskinstance.py", line 465, in _execute_task
    result = _execute_callable(context=context, **execute_callable_kwargs)
             ^^^^^^^^^^^^^^^^^^^^^^^^^^^^^^^^^^^^^^^^^^^^^^^^^^^^^^^^^^^^^
  File "/home/airflow/.local/lib/python3.12/site-packages/airflow/models/taskinstance.py", line 432, in _execute_callable
    return execute_callable(context=context, **execute_callable_kwargs)
           ^^^^^^^^^^^^^^^^^^^^^^^^^^^^^^^^^^^^^^^^^^^^^^^^^^^^^^^^^^^^
  File "/home/airflow/.local/lib/python3.12/site-packages/airflow/models/baseoperator.py", line 401, in wrapper
    return func(self, *args, **kwargs)
           ^^^^^^^^^^^^^^^^^^^^^^^^^^^
  File "/home/airflow/.local/lib/python3.12/site-packages/airflow/providers/standard/operators/bash.py", line 233, in execute
    raise AirflowException(
airflow.exceptions.AirflowException: Bash command failed. The command returned a non-zero exit code 1.
[2026-03-28T03:41:22.817+0000] {taskinstance.py:1206} INFO - Marking task as FAILED. dag_id=banking_01_bronze_layer, task_id=debug, run_id=scheduled__2026-03-28T01:00:00+00:00, execution_date=20260328T010000, start_date=20260328T034117, end_date=20260328T034122
[2026-03-28T03:41:22.826+0000] {standard_task_runner.py:110} ERROR - Failed to execute job 5801 for task debug (Bash command failed. The command returned a non-zero exit code 1.; 45800)
[2026-03-28T03:41:22.872+0000] {local_task_job_runner.py:243} INFO - Task exited with return code 1
[2026-03-28T03:41:22.888+0000] {taskinstance.py:3503} INFO - 0 downstream tasks scheduled from follow-on schedule check
[2026-03-28T03:41:22.889+0000] {local_task_job_runner.py:222} INFO - ::endgroup::
