[2026-04-04T05:25:47.497+0000] {local_task_job_runner.py:120} INFO - ::group::Pre task execution logs
[2026-04-04T05:25:47.513+0000] {taskinstance.py:2076} INFO - Dependencies all met for dep_context=non-requeueable deps ti=<TaskInstance: banking_01_silver_layer.compile manual__2026-04-04T05:25:07.797971+00:00 [queued]>
[2026-04-04T05:25:47.516+0000] {taskinstance.py:2076} INFO - Dependencies all met for dep_context=requeueable deps ti=<TaskInstance: banking_01_silver_layer.compile manual__2026-04-04T05:25:07.797971+00:00 [queued]>
[2026-04-04T05:25:47.517+0000] {taskinstance.py:2306} INFO - Starting attempt 1 of 2
[2026-04-04T05:25:47.522+0000] {taskinstance.py:2330} INFO - Executing <Task(BashOperator): compile> on 2026-04-04 05:25:07.797971+00:00
[2026-04-04T05:25:47.525+0000] {standard_task_runner.py:64} INFO - Started process 160 to run task
[2026-04-04T05:25:47.527+0000] {standard_task_runner.py:90} INFO - Running: ['***', 'tasks', 'run', 'banking_01_silver_layer', 'compile', 'manual__2026-04-04T05:25:07.797971+00:00', '--job-id', '9664', '--raw', '--subdir', 'DAGS_FOLDER/dbt.py', '--cfg-path', '/tmp/tmp9fin2yya']
[2026-04-04T05:25:47.528+0000] {standard_task_runner.py:91} INFO - Job 9664: Subtask compile
[2026-04-04T05:25:47.563+0000] {task_command.py:426} INFO - Running <TaskInstance: banking_01_silver_layer.compile manual__2026-04-04T05:25:07.797971+00:00 [running]> on host c990dffe13ae
[2026-04-04T05:25:47.611+0000] {taskinstance.py:2648} INFO - Exporting env vars: AIRFLOW_CTX_DAG_OWNER='risheek' AIRFLOW_CTX_DAG_ID='banking_01_silver_layer' AIRFLOW_CTX_TASK_ID='compile' AIRFLOW_CTX_EXECUTION_DATE='2026-04-04T05:25:07.797971+00:00' AIRFLOW_CTX_TRY_NUMBER='1' AIRFLOW_CTX_DAG_RUN_ID='manual__2026-04-04T05:25:07.797971+00:00'
[2026-04-04T05:25:47.612+0000] {taskinstance.py:430} INFO - ::endgroup::
[2026-04-04T05:25:47.612+0000] {subprocess.py:78} INFO - Tmp dir root location: /tmp
[2026-04-04T05:25:47.613+0000] {subprocess.py:88} INFO - Running command: ['/usr/bin/bash', '-c', 'dbt compile --profiles-dir /opt/***/dbt/trans_snowf']
[2026-04-04T05:25:47.616+0000] {subprocess.py:99} INFO - Output:
[2026-04-04T05:25:49.020+0000] {subprocess.py:106} INFO - [0m05:25:49  Running with dbt=1.11.7
[2026-04-04T05:25:49.540+0000] {subprocess.py:106} INFO - [0m05:25:49  Registered adapter: snowflake=1.11.3
[2026-04-04T05:25:49.685+0000] {subprocess.py:106} INFO - [0m05:25:49  [[33mWARNING[0m]: Configuration paths exist in your dbt_project.yml file which do not apply to any resources.
[2026-04-04T05:25:49.688+0000] {subprocess.py:106} INFO - There are 1 unused configuration paths:
[2026-04-04T05:25:49.689+0000] {subprocess.py:106} INFO - - models.trans_snowf.example
[2026-04-04T05:25:49.771+0000] {subprocess.py:106} INFO - [0m05:25:49  Found 14 models, 9 sources, 524 macros
[2026-04-04T05:25:49.772+0000] {subprocess.py:106} INFO - [0m05:25:49
[2026-04-04T05:25:49.773+0000] {subprocess.py:106} INFO - [0m05:25:49  Concurrency: 1 threads (target='dev')
[2026-04-04T05:25:49.773+0000] {subprocess.py:106} INFO - [0m05:25:49
[2026-04-04T05:25:55.137+0000] {subprocess.py:110} INFO - Command exited with return code 0
[2026-04-04T05:25:55.144+0000] {taskinstance.py:441} INFO - ::group::Post task execution logs
[2026-04-04T05:25:55.177+0000] {taskinstance.py:1206} INFO - Marking task as SUCCESS. dag_id=banking_01_silver_layer, task_id=compile, run_id=manual__2026-04-04T05:25:07.797971+00:00, execution_date=20260404T052507, start_date=20260404T052547, end_date=20260404T052555
[2026-04-04T05:25:55.205+0000] {local_task_job_runner.py:243} INFO - Task exited with return code 0
[2026-04-04T05:25:55.227+0000] {taskinstance.py:3503} INFO - 1 downstream tasks scheduled from follow-on schedule check
[2026-04-04T05:25:55.228+0000] {local_task_job_runner.py:222} INFO - ::endgroup::
