[2026-03-24T14:24:22.041+0000] {local_task_job_runner.py:120} INFO - ::group::Pre task execution logs
[2026-03-24T14:24:22.057+0000] {taskinstance.py:2076} INFO - Dependencies all met for dep_context=non-requeueable deps ti=<TaskInstance: transfer_from_minio_to_snowflake_transactions.create_raw scheduled__2026-03-24T14:23:00+00:00 [queued]>
[2026-03-24T14:24:22.060+0000] {taskinstance.py:2076} INFO - Dependencies all met for dep_context=requeueable deps ti=<TaskInstance: transfer_from_minio_to_snowflake_transactions.create_raw scheduled__2026-03-24T14:23:00+00:00 [queued]>
[2026-03-24T14:24:22.061+0000] {taskinstance.py:2306} INFO - Starting attempt 1 of 3
[2026-03-24T14:24:22.066+0000] {taskinstance.py:2330} INFO - Executing <Task(SQLExecuteQueryOperator): create_raw> on 2026-03-24 14:23:00+00:00
[2026-03-24T14:24:22.073+0000] {logging_mixin.py:188} WARNING - /home/***/.local/lib/python3.12/site-packages/***/task/task_runner/standard_task_runner.py:62 DeprecationWarning: This process (pid=1616) is multi-threaded, use of fork() may lead to deadlocks in the child.
[2026-03-24T14:24:22.074+0000] {standard_task_runner.py:64} INFO - Started process 1626 to run task
[2026-03-24T14:24:22.073+0000] {standard_task_runner.py:90} INFO - Running: ['***', 'tasks', 'run', 'transfer_from_minio_to_snowflake_transactions', 'create_raw', 'scheduled__2026-03-24T14:23:00+00:00', '--job-id', '684', '--raw', '--subdir', 'DAGS_FOLDER/transfer.py', '--cfg-path', '/tmp/tmpyxuw6noj']
[2026-03-24T14:24:22.075+0000] {standard_task_runner.py:91} INFO - Job 684: Subtask create_raw
[2026-03-24T14:24:22.106+0000] {task_command.py:426} INFO - Running <TaskInstance: transfer_from_minio_to_snowflake_transactions.create_raw scheduled__2026-03-24T14:23:00+00:00 [running]> on host 6fdc51cbadaf
[2026-03-24T14:24:22.152+0000] {taskinstance.py:2648} INFO - Exporting env vars: AIRFLOW_CTX_DAG_OWNER='***' AIRFLOW_CTX_DAG_ID='transfer_from_minio_to_snowflake_transactions' AIRFLOW_CTX_TASK_ID='create_raw' AIRFLOW_CTX_EXECUTION_DATE='2026-03-24T14:23:00+00:00' AIRFLOW_CTX_TRY_NUMBER='1' AIRFLOW_CTX_DAG_RUN_ID='scheduled__2026-03-24T14:23:00+00:00'
[2026-03-24T14:24:22.153+0000] {taskinstance.py:430} INFO - ::endgroup::
[2026-03-24T14:24:22.154+0000] {sql.py:282} INFO - Executing:  CREATE TABLE IF NOT EXISTS RAW_TRANSACTIONS (
                    raw_json VARIANT,
                    inserted_at TIMESTAMP_NTZ DEFAULT CURRENT_TIMESTAMP());
                  
[2026-03-24T14:24:22.161+0000] {base.py:84} INFO - Using connection ID 'warehouse_id' for task execution.
[2026-03-24T14:24:22.200+0000] {base.py:84} INFO - Using connection ID 'warehouse_id' for task execution.
[2026-03-24T14:24:22.240+0000] {connection.py:408} INFO - Snowflake Connector for Python Version: 3.11.0, Python Version: 3.12.4, Platform: Linux-6.12.76-linuxkit-aarch64-with-glibc2.36
[2026-03-24T14:24:22.241+0000] {connection.py:1258} INFO - This connection is in OCSP Fail Open Mode. TLS Certificates would be checked for validity and revocation status. Any other Certificate Revocation related exceptions or OCSP Responder failures would be disregarded in favor of connectivity.
[2026-03-24T14:24:22.902+0000] {cursor.py:1149} INFO - Number of results in first chunk: 1
[2026-03-24T14:24:22.903+0000] {sql.py:495} INFO - Running statement: CREATE TABLE IF NOT EXISTS RAW_TRANSACTIONS (
                    raw_json VARIANT,
                    inserted_at TIMESTAMP_NTZ DEFAULT CURRENT_TIMESTAMP());, parameters: None
[2026-03-24T14:24:23.054+0000] {cursor.py:1149} INFO - Number of results in first chunk: 1
[2026-03-24T14:24:23.055+0000] {sql.py:504} INFO - Rows affected: 1
[2026-03-24T14:24:23.056+0000] {snowflake.py:422} INFO - Rows affected: 1
[2026-03-24T14:24:23.057+0000] {snowflake.py:423} INFO - Snowflake query id: 01c33e60-3202-7cb1-0014-90e600039576
[2026-03-24T14:24:23.195+0000] {cursor.py:1149} INFO - Number of results in first chunk: 1
[2026-03-24T14:24:23.196+0000] {connection.py:773} INFO - closed
[2026-03-24T14:24:23.305+0000] {connection.py:779} INFO - No async queries seem to be running, deleting session
[2026-03-24T14:46:02.145+0000] {network.py:994} ERROR - HTTPSConnectionPool(host='bbmcdsp-ct02489.snowflakecomputing.com', port=443): Read timed out. (read timeout=60)
Traceback (most recent call last):
  File "/home/airflow/.local/lib/python3.12/site-packages/snowflake/connector/vendored/urllib3/connectionpool.py", line 467, in _make_request
    six.raise_from(e, None)
  File "<string>", line 3, in raise_from
  File "/home/airflow/.local/lib/python3.12/site-packages/snowflake/connector/vendored/urllib3/connectionpool.py", line 462, in _make_request
    httplib_response = conn.getresponse()
                       ^^^^^^^^^^^^^^^^^^
  File "/usr/local/lib/python3.12/http/client.py", line 1428, in getresponse
    response.begin()
  File "/usr/local/lib/python3.12/http/client.py", line 331, in begin
    version, status, reason = self._read_status()
                              ^^^^^^^^^^^^^^^^^^^
  File "/usr/local/lib/python3.12/http/client.py", line 292, in _read_status
    line = str(self.fp.readline(_MAXLINE + 1), "iso-8859-1")
               ^^^^^^^^^^^^^^^^^^^^^^^^^^^^^^
  File "/usr/local/lib/python3.12/socket.py", line 708, in readinto
    return self._sock.recv_into(b)
           ^^^^^^^^^^^^^^^^^^^^^^^
  File "/home/airflow/.local/lib/python3.12/site-packages/snowflake/connector/vendored/urllib3/contrib/pyopenssl.py", line 331, in recv_into
    raise timeout("The read operation timed out")
TimeoutError: The read operation timed out

During handling of the above exception, another exception occurred:

Traceback (most recent call last):
  File "/home/airflow/.local/lib/python3.12/site-packages/snowflake/connector/vendored/requests/adapters.py", line 486, in send
    resp = conn.urlopen(
           ^^^^^^^^^^^^^
  File "/home/airflow/.local/lib/python3.12/site-packages/snowflake/connector/vendored/urllib3/connectionpool.py", line 799, in urlopen
    retries = retries.increment(
              ^^^^^^^^^^^^^^^^^^
  File "/home/airflow/.local/lib/python3.12/site-packages/snowflake/connector/vendored/urllib3/util/retry.py", line 550, in increment
    raise six.reraise(type(error), error, _stacktrace)
          ^^^^^^^^^^^^^^^^^^^^^^^^^^^^^^^^^^^^^^^^^^^^
  File "/home/airflow/.local/lib/python3.12/site-packages/snowflake/connector/vendored/urllib3/packages/six.py", line 770, in reraise
    raise value
  File "/home/airflow/.local/lib/python3.12/site-packages/snowflake/connector/vendored/urllib3/connectionpool.py", line 715, in urlopen
    httplib_response = self._make_request(
                       ^^^^^^^^^^^^^^^^^^^
  File "/home/airflow/.local/lib/python3.12/site-packages/snowflake/connector/vendored/urllib3/connectionpool.py", line 469, in _make_request
    self._raise_timeout(err=e, url=url, timeout_value=read_timeout)
  File "/home/airflow/.local/lib/python3.12/site-packages/snowflake/connector/vendored/urllib3/connectionpool.py", line 358, in _raise_timeout
    raise ReadTimeoutError(
snowflake.connector.vendored.urllib3.exceptions.ReadTimeoutError: HTTPSConnectionPool(host='bbmcdsp-ct02489.snowflakecomputing.com', port=443): Read timed out. (read timeout=60)

During handling of the above exception, another exception occurred:

Traceback (most recent call last):
  File "/home/airflow/.local/lib/python3.12/site-packages/snowflake/connector/network.py", line 1078, in _request_exec
    raw_ret = session.request(
              ^^^^^^^^^^^^^^^^
  File "/home/airflow/.local/lib/python3.12/site-packages/snowflake/connector/vendored/requests/sessions.py", line 589, in request
    resp = self.send(prep, **send_kwargs)
           ^^^^^^^^^^^^^^^^^^^^^^^^^^^^^^
  File "/home/airflow/.local/lib/python3.12/site-packages/snowflake/connector/vendored/requests/sessions.py", line 703, in send
    r = adapter.send(request, **kwargs)
        ^^^^^^^^^^^^^^^^^^^^^^^^^^^^^^^
  File "/home/airflow/.local/lib/python3.12/site-packages/snowflake/connector/vendored/requests/adapters.py", line 532, in send
    raise ReadTimeout(e, request=request)
snowflake.connector.vendored.requests.exceptions.ReadTimeout: HTTPSConnectionPool(host='bbmcdsp-ct02489.snowflakecomputing.com', port=443): Read timed out. (read timeout=60)

During handling of the above exception, another exception occurred:

Traceback (most recent call last):
  File "/home/airflow/.local/lib/python3.12/site-packages/snowflake/connector/network.py", line 884, in _request_exec_wrapper
    return_object = self._request_exec(
                    ^^^^^^^^^^^^^^^^^^^
  File "/home/airflow/.local/lib/python3.12/site-packages/snowflake/connector/network.py", line 1182, in _request_exec
    raise RetryRequest(err)
snowflake.connector.network.RetryRequest: HTTPSConnectionPool(host='bbmcdsp-ct02489.snowflakecomputing.com', port=443): Read timed out. (read timeout=60)
[2026-03-24T14:46:02.187+0000] {taskinstance.py:441} INFO - ::group::Post task execution logs
[2026-03-24T14:46:02.236+0000] {taskinstance.py:1206} INFO - Marking task as SUCCESS. dag_id=transfer_from_minio_to_snowflake_transactions, task_id=create_raw, run_id=scheduled__2026-03-24T14:23:00+00:00, execution_date=20260324T142300, start_date=20260324T142422, end_date=20260324T144602
[2026-03-24T14:46:02.272+0000] {local_task_job_runner.py:243} INFO - Task exited with return code 0
[2026-03-24T14:46:02.297+0000] {taskinstance.py:3503} INFO - 1 downstream tasks scheduled from follow-on schedule check
[2026-03-24T14:46:02.298+0000] {local_task_job_runner.py:222} INFO - ::endgroup::
