[2026-03-25T14:53:07.769+0000] {local_task_job_runner.py:120} INFO - ::group::Pre task execution logs
[2026-03-25T14:53:07.792+0000] {taskinstance.py:2076} INFO - Dependencies all met for dep_context=non-requeueable deps ti=<TaskInstance: banking_01_bronze_layer.build_bronze_cust scheduled__2026-03-25T14:00:00+00:00 [queued]>
[2026-03-25T14:53:07.796+0000] {taskinstance.py:2076} INFO - Dependencies all met for dep_context=requeueable deps ti=<TaskInstance: banking_01_bronze_layer.build_bronze_cust scheduled__2026-03-25T14:00:00+00:00 [queued]>
[2026-03-25T14:53:07.796+0000] {taskinstance.py:2306} INFO - Starting attempt 2 of 2
[2026-03-25T14:53:07.805+0000] {taskinstance.py:2330} INFO - Executing <Task(BashOperator): build_bronze_cust> on 2026-03-25 14:00:00+00:00
[2026-03-25T14:53:07.808+0000] {standard_task_runner.py:64} INFO - Started process 1417 to run task
[2026-03-25T14:53:07.810+0000] {standard_task_runner.py:90} INFO - Running: ['***', 'tasks', 'run', 'banking_01_bronze_layer', 'build_bronze_cust', 'scheduled__2026-03-25T14:00:00+00:00', '--job-id', '1419', '--raw', '--subdir', 'DAGS_FOLDER/dbt.py', '--cfg-path', '/tmp/tmpk2vxf3fj']
[2026-03-25T14:53:07.811+0000] {standard_task_runner.py:91} INFO - Job 1419: Subtask build_bronze_cust
[2026-03-25T14:53:07.845+0000] {task_command.py:426} INFO - Running <TaskInstance: banking_01_bronze_layer.build_bronze_cust scheduled__2026-03-25T14:00:00+00:00 [running]> on host c990dffe13ae
[2026-03-25T14:53:07.891+0000] {taskinstance.py:2648} INFO - Exporting env vars: AIRFLOW_CTX_DAG_OWNER='risheek' AIRFLOW_CTX_DAG_ID='banking_01_bronze_layer' AIRFLOW_CTX_TASK_ID='build_bronze_cust' AIRFLOW_CTX_EXECUTION_DATE='2026-03-25T14:00:00+00:00' AIRFLOW_CTX_TRY_NUMBER='2' AIRFLOW_CTX_DAG_RUN_ID='scheduled__2026-03-25T14:00:00+00:00'
[2026-03-25T14:53:07.891+0000] {taskinstance.py:430} INFO - ::endgroup::
[2026-03-25T14:53:07.892+0000] {subprocess.py:78} INFO - Tmp dir root location: /tmp
[2026-03-25T14:53:07.892+0000] {subprocess.py:88} INFO - Running command: ['/usr/bin/bash', '-c', 'dbt build --select bronze_cust']
[2026-03-25T14:53:07.896+0000] {subprocess.py:99} INFO - Output:
[2026-03-25T14:53:09.246+0000] {subprocess.py:106} INFO - [0m14:53:09  Running with dbt=1.11.7
[2026-03-25T14:53:09.754+0000] {subprocess.py:106} INFO - [0m14:53:09  Registered adapter: snowflake=1.11.3
[2026-03-25T14:53:09.910+0000] {subprocess.py:106} INFO - [0m14:53:09  [[33mWARNING[0m]: Configuration paths exist in your dbt_project.yml file which do not apply to any resources.
[2026-03-25T14:53:09.911+0000] {subprocess.py:106} INFO - There are 1 unused configuration paths:
[2026-03-25T14:53:09.911+0000] {subprocess.py:106} INFO - - models.trans_snowf.example
[2026-03-25T14:53:10.023+0000] {subprocess.py:106} INFO - [0m14:53:10  Found 14 models, 3 sources, 522 macros
[2026-03-25T14:53:10.024+0000] {subprocess.py:106} INFO - [0m14:53:10
[2026-03-25T14:53:10.025+0000] {subprocess.py:106} INFO - [0m14:53:10  Concurrency: 1 threads (target='dev')
[2026-03-25T14:53:10.025+0000] {subprocess.py:106} INFO - [0m14:53:10
[2026-03-25T14:53:10.055+0000] {subprocess.py:106} INFO - [0m14:53:10
[2026-03-25T14:53:10.056+0000] {subprocess.py:106} INFO - [0m14:53:10  Finished running  in 0 hours 0 minutes and 0.03 seconds (0.03s).
[2026-03-25T14:53:10.056+0000] {subprocess.py:106} INFO - [0m14:53:10  Encountered an error:
[2026-03-25T14:53:10.057+0000] {subprocess.py:106} INFO - Runtime Error
[2026-03-25T14:53:10.057+0000] {subprocess.py:106} INFO -   Database error while listing schemas in database "BANKING"
[2026-03-25T14:53:10.057+0000] {subprocess.py:106} INFO -   Database Error
[2026-03-25T14:53:10.057+0000] {subprocess.py:106} INFO -     [Errno 2] No such file or directory: '/Users/rish88k/data_analysis/de_project/keys_/dbt_user_latest/rsa_key.p8'
[2026-03-25T14:53:11.881+0000] {subprocess.py:110} INFO - Command exited with return code 2
[2026-03-25T14:53:11.894+0000] {taskinstance.py:441} INFO - ::group::Post task execution logs
[2026-03-25T14:53:12.036+0000] {taskinstance.py:2905} ERROR - Task failed with exception
Traceback (most recent call last):
  File "/home/airflow/.local/lib/python3.12/site-packages/airflow/models/taskinstance.py", line 465, in _execute_task
    result = _execute_callable(context=context, **execute_callable_kwargs)
             ^^^^^^^^^^^^^^^^^^^^^^^^^^^^^^^^^^^^^^^^^^^^^^^^^^^^^^^^^^^^^
  File "/home/airflow/.local/lib/python3.12/site-packages/airflow/models/taskinstance.py", line 432, in _execute_callable
    return execute_callable(context=context, **execute_callable_kwargs)
           ^^^^^^^^^^^^^^^^^^^^^^^^^^^^^^^^^^^^^^^^^^^^^^^^^^^^^^^^^^^^
  File "/home/airflow/.local/lib/python3.12/site-packages/airflow/models/baseoperator.py", line 401, in wrapper
    return func(self, *args, **kwargs)
           ^^^^^^^^^^^^^^^^^^^^^^^^^^^
  File "/home/airflow/.local/lib/python3.12/site-packages/airflow/providers/standard/operators/bash.py", line 233, in execute
    raise AirflowException(
airflow.exceptions.AirflowException: Bash command failed. The command returned a non-zero exit code 2.
[2026-03-25T14:53:12.113+0000] {taskinstance.py:1206} INFO - Marking task as FAILED. dag_id=banking_01_bronze_layer, task_id=build_bronze_cust, run_id=scheduled__2026-03-25T14:00:00+00:00, execution_date=20260325T140000, start_date=20260325T145307, end_date=20260325T145312
[2026-03-25T14:53:12.179+0000] {standard_task_runner.py:110} ERROR - Failed to execute job 1419 for task build_bronze_cust (Bash command failed. The command returned a non-zero exit code 2.; 1417)
[2026-03-25T14:53:12.223+0000] {local_task_job_runner.py:243} INFO - Task exited with return code 1
[2026-03-25T14:53:12.278+0000] {taskinstance.py:3503} INFO - 0 downstream tasks scheduled from follow-on schedule check
[2026-03-25T14:53:12.280+0000] {local_task_job_runner.py:222} INFO - ::endgroup::
