[2026-03-28T11:35:30.300+0000] {local_task_job_runner.py:120} INFO - ::group::Pre task execution logs
[2026-03-28T11:35:30.314+0000] {taskinstance.py:2076} INFO - Dependencies all met for dep_context=non-requeueable deps ti=<TaskInstance: banking_01_bronze_layer.debug scheduled__2026-03-28T11:00:00+00:00 [queued]>
[2026-03-28T11:35:30.318+0000] {taskinstance.py:2076} INFO - Dependencies all met for dep_context=requeueable deps ti=<TaskInstance: banking_01_bronze_layer.debug scheduled__2026-03-28T11:00:00+00:00 [queued]>
[2026-03-28T11:35:30.318+0000] {taskinstance.py:2306} INFO - Starting attempt 2 of 2
[2026-03-28T11:35:30.324+0000] {taskinstance.py:2330} INFO - Executing <Task(BashOperator): debug> on 2026-03-28 11:00:00+00:00
[2026-03-28T11:35:30.326+0000] {standard_task_runner.py:64} INFO - Started process 4490 to run task
[2026-03-28T11:35:30.328+0000] {standard_task_runner.py:90} INFO - Running: ['***', 'tasks', 'run', 'banking_01_bronze_layer', 'debug', 'scheduled__2026-03-28T11:00:00+00:00', '--job-id', '6623', '--raw', '--subdir', 'DAGS_FOLDER/dbt.py', '--cfg-path', '/tmp/tmpvs5q857i']
[2026-03-28T11:35:30.329+0000] {standard_task_runner.py:91} INFO - Job 6623: Subtask debug
[2026-03-28T11:35:30.357+0000] {task_command.py:426} INFO - Running <TaskInstance: banking_01_bronze_layer.debug scheduled__2026-03-28T11:00:00+00:00 [running]> on host c990dffe13ae
[2026-03-28T11:35:30.398+0000] {taskinstance.py:2648} INFO - Exporting env vars: AIRFLOW_CTX_DAG_OWNER='risheek' AIRFLOW_CTX_DAG_ID='banking_01_bronze_layer' AIRFLOW_CTX_TASK_ID='debug' AIRFLOW_CTX_EXECUTION_DATE='2026-03-28T11:00:00+00:00' AIRFLOW_CTX_TRY_NUMBER='2' AIRFLOW_CTX_DAG_RUN_ID='scheduled__2026-03-28T11:00:00+00:00'
[2026-03-28T11:35:30.399+0000] {taskinstance.py:430} INFO - ::endgroup::
[2026-03-28T11:35:30.399+0000] {subprocess.py:78} INFO - Tmp dir root location: /tmp
[2026-03-28T11:35:30.400+0000] {subprocess.py:88} INFO - Running command: ['/usr/bin/bash', '-c', 'dbt debug --profiles-dir /opt/***/dbt/trans_snowf']
[2026-03-28T11:35:30.403+0000] {subprocess.py:99} INFO - Output:
[2026-03-28T11:35:31.746+0000] {subprocess.py:106} INFO - [0m11:35:31  Running with dbt=1.11.7
[2026-03-28T11:35:31.760+0000] {subprocess.py:106} INFO - [0m11:35:31  dbt version: 1.11.7
[2026-03-28T11:35:31.762+0000] {subprocess.py:106} INFO - [0m11:35:31  python version: 3.12.4
[2026-03-28T11:35:31.763+0000] {subprocess.py:106} INFO - [0m11:35:31  python path: /home/***/.local/bin/python
[2026-03-28T11:35:31.763+0000] {subprocess.py:106} INFO - [0m11:35:31  os info: Linux-6.12.76-linuxkit-aarch64-with-glibc2.36
[2026-03-28T11:35:32.251+0000] {subprocess.py:106} INFO - [0m11:35:32  Using profiles dir at /opt/***/dbt/trans_snowf
[2026-03-28T11:35:32.252+0000] {subprocess.py:106} INFO - [0m11:35:32  Using profiles.yml file at /opt/***/dbt/trans_snowf/profiles.yml
[2026-03-28T11:35:32.253+0000] {subprocess.py:106} INFO - [0m11:35:32  Using dbt_project.yml file at /opt/***/dbt/trans_snowf/dbt_project.yml
[2026-03-28T11:35:32.253+0000] {subprocess.py:106} INFO - [0m11:35:32  adapter type: snowflake
[2026-03-28T11:35:32.254+0000] {subprocess.py:106} INFO - [0m11:35:32  adapter version: 1.11.3
[2026-03-28T11:35:32.315+0000] {subprocess.py:106} INFO - [0m11:35:32  Configuration:
[2026-03-28T11:35:32.316+0000] {subprocess.py:106} INFO - [0m11:35:32    profiles.yml file [[32mOK found and valid[0m]
[2026-03-28T11:35:32.316+0000] {subprocess.py:106} INFO - [0m11:35:32    dbt_project.yml file [[32mOK found and valid[0m]
[2026-03-28T11:35:32.317+0000] {subprocess.py:106} INFO - [0m11:35:32  Required dependencies:
[2026-03-28T11:35:32.319+0000] {subprocess.py:106} INFO - [0m11:35:32   - git [[31mERROR[0m]
[2026-03-28T11:35:32.319+0000] {subprocess.py:106} INFO - 
[2026-03-28T11:35:32.319+0000] {subprocess.py:106} INFO - [0m11:35:32  Connection:
[2026-03-28T11:35:32.320+0000] {subprocess.py:106} INFO - [0m11:35:32    account: BBMCDSP-CT02489
[2026-03-28T11:35:32.320+0000] {subprocess.py:106} INFO - [0m11:35:32    user: user123
[2026-03-28T11:35:32.320+0000] {subprocess.py:106} INFO - [0m11:35:32    database: BANKING
[2026-03-28T11:35:32.321+0000] {subprocess.py:106} INFO - [0m11:35:32    warehouse: COMPUTE_WH
[2026-03-28T11:35:32.321+0000] {subprocess.py:106} INFO - [0m11:35:32    role: dbtadmin
[2026-03-28T11:35:32.321+0000] {subprocess.py:106} INFO - [0m11:35:32    schema: PUBLIC
[2026-03-28T11:35:32.322+0000] {subprocess.py:106} INFO - [0m11:35:32    authenticator: None
[2026-03-28T11:35:32.322+0000] {subprocess.py:106} INFO - [0m11:35:32    oauth_client_id: None
[2026-03-28T11:35:32.322+0000] {subprocess.py:106} INFO - [0m11:35:32    query_tag: None
[2026-03-28T11:35:32.323+0000] {subprocess.py:106} INFO - [0m11:35:32    client_session_keep_alive: False
[2026-03-28T11:35:32.323+0000] {subprocess.py:106} INFO - [0m11:35:32    host: None
[2026-03-28T11:35:32.323+0000] {subprocess.py:106} INFO - [0m11:35:32    port: None
[2026-03-28T11:35:32.323+0000] {subprocess.py:106} INFO - [0m11:35:32    proxy_host: None
[2026-03-28T11:35:32.324+0000] {subprocess.py:106} INFO - [0m11:35:32    proxy_port: None
[2026-03-28T11:35:32.324+0000] {subprocess.py:106} INFO - [0m11:35:32    protocol: None
[2026-03-28T11:35:32.325+0000] {subprocess.py:106} INFO - [0m11:35:32    connect_retries: 1
[2026-03-28T11:35:32.325+0000] {subprocess.py:106} INFO - [0m11:35:32    connect_timeout: None
[2026-03-28T11:35:32.325+0000] {subprocess.py:106} INFO - [0m11:35:32    retry_on_database_errors: False
[2026-03-28T11:35:32.325+0000] {subprocess.py:106} INFO - [0m11:35:32    retry_all: False
[2026-03-28T11:35:32.326+0000] {subprocess.py:106} INFO - [0m11:35:32    insecure_mode: False
[2026-03-28T11:35:32.326+0000] {subprocess.py:106} INFO - [0m11:35:32    reuse_connections: True
[2026-03-28T11:35:32.326+0000] {subprocess.py:106} INFO - [0m11:35:32    s3_stage_vpce_dns_name: None
[2026-03-28T11:35:32.327+0000] {subprocess.py:106} INFO - [0m11:35:32    platform_detection_timeout_seconds: 0.0
[2026-03-28T11:35:32.327+0000] {subprocess.py:106} INFO - [0m11:35:32  Registered adapter: snowflake=1.11.3
[2026-03-28T11:35:34.118+0000] {subprocess.py:106} INFO - [0m11:35:34    Connection test: [[32mOK connection ok[0m]
[2026-03-28T11:35:34.121+0000] {subprocess.py:106} INFO - 
[2026-03-28T11:35:34.124+0000] {subprocess.py:106} INFO - [0m11:35:34  [31m1 check failed:[0m
[2026-03-28T11:35:34.124+0000] {subprocess.py:106} INFO - [0m11:35:34  Error from git --help: Could not find command, ensure it is in the user's PATH: "git"
[2026-03-28T11:35:34.125+0000] {subprocess.py:106} INFO - 
[2026-03-28T11:35:36.359+0000] {subprocess.py:110} INFO - Command exited with return code 1
[2026-03-28T11:35:36.363+0000] {taskinstance.py:441} INFO - ::group::Post task execution logs
[2026-03-28T11:35:36.380+0000] {taskinstance.py:2905} ERROR - Task failed with exception
Traceback (most recent call last):
  File "/home/airflow/.local/lib/python3.12/site-packages/airflow/models/taskinstance.py", line 465, in _execute_task
    result = _execute_callable(context=context, **execute_callable_kwargs)
             ^^^^^^^^^^^^^^^^^^^^^^^^^^^^^^^^^^^^^^^^^^^^^^^^^^^^^^^^^^^^^
  File "/home/airflow/.local/lib/python3.12/site-packages/airflow/models/taskinstance.py", line 432, in _execute_callable
    return execute_callable(context=context, **execute_callable_kwargs)
           ^^^^^^^^^^^^^^^^^^^^^^^^^^^^^^^^^^^^^^^^^^^^^^^^^^^^^^^^^^^^
  File "/home/airflow/.local/lib/python3.12/site-packages/airflow/models/baseoperator.py", line 401, in wrapper
    return func(self, *args, **kwargs)
           ^^^^^^^^^^^^^^^^^^^^^^^^^^^
  File "/home/airflow/.local/lib/python3.12/site-packages/airflow/providers/standard/operators/bash.py", line 233, in execute
    raise AirflowException(
airflow.exceptions.AirflowException: Bash command failed. The command returned a non-zero exit code 1.
[2026-03-28T11:35:36.390+0000] {taskinstance.py:1206} INFO - Marking task as FAILED. dag_id=banking_01_bronze_layer, task_id=debug, run_id=scheduled__2026-03-28T11:00:00+00:00, execution_date=20260328T110000, start_date=20260328T113530, end_date=20260328T113536
[2026-03-28T11:35:36.404+0000] {standard_task_runner.py:110} ERROR - Failed to execute job 6623 for task debug (Bash command failed. The command returned a non-zero exit code 1.; 4490)
[2026-03-28T11:35:36.458+0000] {local_task_job_runner.py:243} INFO - Task exited with return code 1
[2026-03-28T11:35:36.475+0000] {taskinstance.py:3503} INFO - 0 downstream tasks scheduled from follow-on schedule check
[2026-03-28T11:35:36.476+0000] {local_task_job_runner.py:222} INFO - ::endgroup::
