[2026-03-30T01:47:11.264+0000] {local_task_job_runner.py:120} INFO - ::group::Pre task execution logs
[2026-03-30T01:47:11.279+0000] {taskinstance.py:2076} INFO - Dependencies all met for dep_context=non-requeueable deps ti=<TaskInstance: banking_01_bronze_layer.compile scheduled__2026-03-30T01:00:00+00:00 [queued]>
[2026-03-30T01:47:11.283+0000] {taskinstance.py:2076} INFO - Dependencies all met for dep_context=requeueable deps ti=<TaskInstance: banking_01_bronze_layer.compile scheduled__2026-03-30T01:00:00+00:00 [queued]>
[2026-03-30T01:47:11.283+0000] {taskinstance.py:2306} INFO - Starting attempt 1 of 2
[2026-03-30T01:47:11.288+0000] {taskinstance.py:2330} INFO - Executing <Task(BashOperator): compile> on 2026-03-30 01:00:00+00:00
[2026-03-30T01:47:11.290+0000] {standard_task_runner.py:64} INFO - Started process 6816 to run task
[2026-03-30T01:47:11.292+0000] {standard_task_runner.py:90} INFO - Running: ['***', 'tasks', 'run', 'banking_01_bronze_layer', 'compile', 'scheduled__2026-03-30T01:00:00+00:00', '--job-id', '7397', '--raw', '--subdir', 'DAGS_FOLDER/dbt.py', '--cfg-path', '/tmp/tmp5hqjkqst']
[2026-03-30T01:47:11.293+0000] {standard_task_runner.py:91} INFO - Job 7397: Subtask compile
[2026-03-30T01:47:11.317+0000] {task_command.py:426} INFO - Running <TaskInstance: banking_01_bronze_layer.compile scheduled__2026-03-30T01:00:00+00:00 [running]> on host c990dffe13ae
[2026-03-30T01:47:11.358+0000] {taskinstance.py:2648} INFO - Exporting env vars: AIRFLOW_CTX_DAG_OWNER='risheek' AIRFLOW_CTX_DAG_ID='banking_01_bronze_layer' AIRFLOW_CTX_TASK_ID='compile' AIRFLOW_CTX_EXECUTION_DATE='2026-03-30T01:00:00+00:00' AIRFLOW_CTX_TRY_NUMBER='1' AIRFLOW_CTX_DAG_RUN_ID='scheduled__2026-03-30T01:00:00+00:00'
[2026-03-30T01:47:11.358+0000] {taskinstance.py:430} INFO - ::endgroup::
[2026-03-30T01:47:11.359+0000] {subprocess.py:78} INFO - Tmp dir root location: /tmp
[2026-03-30T01:47:11.359+0000] {subprocess.py:88} INFO - Running command: ['/usr/bin/bash', '-c', 'dbt compile --profiles-dir /opt/***/dbt/trans_snowf']
[2026-03-30T01:47:11.362+0000] {subprocess.py:99} INFO - Output:
[2026-03-30T01:47:12.506+0000] {subprocess.py:106} INFO - [0m01:47:12  Running with dbt=1.11.7
[2026-03-30T01:47:13.221+0000] {subprocess.py:106} INFO - [0m01:47:13  Registered adapter: snowflake=1.11.3
[2026-03-30T01:47:14.398+0000] {subprocess.py:106} INFO - [0m01:47:14  [[33mWARNING[0m]: Configuration paths exist in your dbt_project.yml file which do not apply to any resources.
[2026-03-30T01:47:14.403+0000] {subprocess.py:106} INFO - There are 1 unused configuration paths:
[2026-03-30T01:47:14.403+0000] {subprocess.py:106} INFO - - models.trans_snowf.example
[2026-03-30T01:47:14.514+0000] {subprocess.py:106} INFO - [0m01:47:14  Found 14 models, 3 sources, 522 macros
[2026-03-30T01:47:14.518+0000] {subprocess.py:106} INFO - [0m01:47:14
[2026-03-30T01:47:14.518+0000] {subprocess.py:106} INFO - [0m01:47:14  Concurrency: 1 threads (target='dev')
[2026-03-30T01:47:14.519+0000] {subprocess.py:106} INFO - [0m01:47:14
[2026-03-30T01:47:19.631+0000] {subprocess.py:106} INFO - [0m01:47:19  Encountered an error:
[2026-03-30T01:47:19.639+0000] {subprocess.py:106} INFO - Database Error
[2026-03-30T01:47:19.639+0000] {subprocess.py:106} INFO -   250001 (08001): Failed to connect to DB: BBMCDSP-CT02489.snowflakecomputing.com:443. JWT token is invalid. [10f15bd6-72bd-44df-8bac-1e055255702f]
[2026-03-30T01:47:21.262+0000] {subprocess.py:110} INFO - Command exited with return code 2
[2026-03-30T01:47:21.265+0000] {taskinstance.py:441} INFO - ::group::Post task execution logs
[2026-03-30T01:47:21.306+0000] {taskinstance.py:2905} ERROR - Task failed with exception
Traceback (most recent call last):
  File "/home/airflow/.local/lib/python3.12/site-packages/airflow/models/taskinstance.py", line 465, in _execute_task
    result = _execute_callable(context=context, **execute_callable_kwargs)
             ^^^^^^^^^^^^^^^^^^^^^^^^^^^^^^^^^^^^^^^^^^^^^^^^^^^^^^^^^^^^^
  File "/home/airflow/.local/lib/python3.12/site-packages/airflow/models/taskinstance.py", line 432, in _execute_callable
    return execute_callable(context=context, **execute_callable_kwargs)
           ^^^^^^^^^^^^^^^^^^^^^^^^^^^^^^^^^^^^^^^^^^^^^^^^^^^^^^^^^^^^
  File "/home/airflow/.local/lib/python3.12/site-packages/airflow/models/baseoperator.py", line 401, in wrapper
    return func(self, *args, **kwargs)
           ^^^^^^^^^^^^^^^^^^^^^^^^^^^
  File "/home/airflow/.local/lib/python3.12/site-packages/airflow/providers/standard/operators/bash.py", line 233, in execute
    raise AirflowException(
airflow.exceptions.AirflowException: Bash command failed. The command returned a non-zero exit code 2.
[2026-03-30T01:47:21.318+0000] {taskinstance.py:1206} INFO - Marking task as UP_FOR_RETRY. dag_id=banking_01_bronze_layer, task_id=compile, run_id=scheduled__2026-03-30T01:00:00+00:00, execution_date=20260330T010000, start_date=20260330T014711, end_date=20260330T014721
[2026-03-30T01:47:21.341+0000] {standard_task_runner.py:110} ERROR - Failed to execute job 7397 for task compile (Bash command failed. The command returned a non-zero exit code 2.; 6816)
[2026-03-30T01:47:21.352+0000] {local_task_job_runner.py:243} INFO - Task exited with return code 1
[2026-03-30T01:47:21.389+0000] {taskinstance.py:3503} INFO - 0 downstream tasks scheduled from follow-on schedule check
[2026-03-30T01:47:21.390+0000] {local_task_job_runner.py:222} INFO - ::endgroup::
