[2026-03-25T16:41:19.688+0000] {local_task_job_runner.py:120} INFO - ::group::Pre task execution logs
[2026-03-25T16:41:19.708+0000] {taskinstance.py:2076} INFO - Dependencies all met for dep_context=non-requeueable deps ti=<TaskInstance: transfer_from_minio_to_snowflake_accounts.create_stage scheduled__2026-03-25T16:40:00+00:00 [queued]>
[2026-03-25T16:41:19.711+0000] {taskinstance.py:2076} INFO - Dependencies all met for dep_context=requeueable deps ti=<TaskInstance: transfer_from_minio_to_snowflake_accounts.create_stage scheduled__2026-03-25T16:40:00+00:00 [queued]>
[2026-03-25T16:41:19.711+0000] {taskinstance.py:2306} INFO - Starting attempt 1 of 3
[2026-03-25T16:41:19.717+0000] {taskinstance.py:2330} INFO - Executing <Task(SQLExecuteQueryOperator): create_stage> on 2026-03-25 16:40:00+00:00
[2026-03-25T16:41:19.723+0000] {standard_task_runner.py:90} INFO - Running: ['***', 'tasks', 'run', 'transfer_from_minio_to_snowflake_accounts', 'create_stage', 'scheduled__2026-03-25T16:40:00+00:00', '--job-id', '2453', '--raw', '--subdir', 'DAGS_FOLDER/transfer.py', '--cfg-path', '/tmp/tmpusu_dq2n']
[2026-03-25T16:41:19.726+0000] {logging_mixin.py:188} WARNING - /home/***/.local/lib/python3.12/site-packages/***/task/task_runner/standard_task_runner.py:62 DeprecationWarning: This process (pid=21390) is multi-threaded, use of fork() may lead to deadlocks in the child.
[2026-03-25T16:41:19.728+0000] {standard_task_runner.py:64} INFO - Started process 21402 to run task
[2026-03-25T16:41:19.728+0000] {standard_task_runner.py:91} INFO - Job 2453: Subtask create_stage
[2026-03-25T16:41:19.794+0000] {task_command.py:426} INFO - Running <TaskInstance: transfer_from_minio_to_snowflake_accounts.create_stage scheduled__2026-03-25T16:40:00+00:00 [running]> on host c990dffe13ae
[2026-03-25T16:41:20.044+0000] {taskinstance.py:2648} INFO - Exporting env vars: AIRFLOW_CTX_DAG_OWNER='***' AIRFLOW_CTX_DAG_ID='transfer_from_minio_to_snowflake_accounts' AIRFLOW_CTX_TASK_ID='create_stage' AIRFLOW_CTX_EXECUTION_DATE='2026-03-25T16:40:00+00:00' AIRFLOW_CTX_TRY_NUMBER='1' AIRFLOW_CTX_DAG_RUN_ID='scheduled__2026-03-25T16:40:00+00:00'
[2026-03-25T16:41:20.044+0000] {taskinstance.py:430} INFO - ::endgroup::
[2026-03-25T16:41:20.045+0000] {sql.py:282} INFO - Executing:  CREATE STAGE IF NOT EXISTS incoming  
                 URL = 's3://de-project-banking-pipeline-dev-2/accounts'
                 STORAGE_INTEGRATION = my_s3_integration
                 FILE_FORMAT = (TYPE = 'JSON'); 
[2026-03-25T16:41:20.051+0000] {base.py:84} INFO - Using connection ID 'warehouse_id' for task execution.
[2026-03-25T16:41:20.129+0000] {base.py:84} INFO - Using connection ID 'warehouse_id' for task execution.
[2026-03-25T16:41:20.169+0000] {connection.py:613} INFO - Snowflake Connector for Python Version: 4.3.0, Python Version: 3.12.4, Platform: Linux-6.12.76-linuxkit-aarch64-with-glibc2.36
[2026-03-25T16:41:20.170+0000] {connection.py:1709} INFO - Connecting to GLOBAL Snowflake domain
[2026-03-25T16:41:21.080+0000] {sql.py:495} INFO - Running statement: CREATE STAGE IF NOT EXISTS incoming  
                 URL = 's3://de-project-banking-pipeline-dev-2/accounts'
                 STORAGE_INTEGRATION = my_s3_integration
                 FILE_FORMAT = (TYPE = 'JSON');, parameters: None
[2026-03-25T16:41:21.264+0000] {sql.py:504} INFO - Rows affected: 1
[2026-03-25T16:41:21.265+0000] {snowflake.py:422} INFO - Rows affected: 1
[2026-03-25T16:41:21.265+0000] {snowflake.py:423} INFO - Snowflake query id: 01c34489-3202-7cb1-0014-90e60003f332
[2026-03-25T16:41:21.812+0000] {taskinstance.py:441} INFO - ::group::Post task execution logs
[2026-03-25T16:41:21.846+0000] {taskinstance.py:1206} INFO - Marking task as SUCCESS. dag_id=transfer_from_minio_to_snowflake_accounts, task_id=create_stage, run_id=scheduled__2026-03-25T16:40:00+00:00, execution_date=20260325T164000, start_date=20260325T164119, end_date=20260325T164121
[2026-03-25T16:41:21.878+0000] {local_task_job_runner.py:243} INFO - Task exited with return code 0
[2026-03-25T16:41:21.905+0000] {taskinstance.py:3503} INFO - 1 downstream tasks scheduled from follow-on schedule check
[2026-03-25T16:41:21.906+0000] {local_task_job_runner.py:222} INFO - ::endgroup::
