[2026-03-28T03:37:22.333+0000] {local_task_job_runner.py:120} INFO - ::group::Pre task execution logs
[2026-03-28T03:37:22.364+0000] {taskinstance.py:2076} INFO - Dependencies all met for dep_context=non-requeueable deps ti=<TaskInstance: banking_01_bronze_layer.build_bronze_acc scheduled__2026-03-28T02:00:00+00:00 [queued]>
[2026-03-28T03:37:22.377+0000] {taskinstance.py:2076} INFO - Dependencies all met for dep_context=requeueable deps ti=<TaskInstance: banking_01_bronze_layer.build_bronze_acc scheduled__2026-03-28T02:00:00+00:00 [queued]>
[2026-03-28T03:37:22.378+0000] {taskinstance.py:2306} INFO - Starting attempt 1 of 2
[2026-03-28T03:37:22.409+0000] {taskinstance.py:2330} INFO - Executing <Task(BashOperator): build_bronze_acc> on 2026-03-28 02:00:00+00:00
[2026-03-28T03:37:22.413+0000] {standard_task_runner.py:64} INFO - Started process 44923 to run task
[2026-03-28T03:37:22.416+0000] {standard_task_runner.py:90} INFO - Running: ['***', 'tasks', 'run', 'banking_01_bronze_layer', 'build_bronze_acc', 'scheduled__2026-03-28T02:00:00+00:00', '--job-id', '5758', '--raw', '--subdir', 'DAGS_FOLDER/dbt.py', '--cfg-path', '/tmp/tmpvh7oqi1l']
[2026-03-28T03:37:22.419+0000] {standard_task_runner.py:91} INFO - Job 5758: Subtask build_bronze_acc
[2026-03-28T03:37:22.453+0000] {task_command.py:426} INFO - Running <TaskInstance: banking_01_bronze_layer.build_bronze_acc scheduled__2026-03-28T02:00:00+00:00 [running]> on host c990dffe13ae
[2026-03-28T03:37:22.501+0000] {taskinstance.py:2648} INFO - Exporting env vars: AIRFLOW_CTX_DAG_OWNER='risheek' AIRFLOW_CTX_DAG_ID='banking_01_bronze_layer' AIRFLOW_CTX_TASK_ID='build_bronze_acc' AIRFLOW_CTX_EXECUTION_DATE='2026-03-28T02:00:00+00:00' AIRFLOW_CTX_TRY_NUMBER='1' AIRFLOW_CTX_DAG_RUN_ID='scheduled__2026-03-28T02:00:00+00:00'
[2026-03-28T03:37:22.501+0000] {taskinstance.py:430} INFO - ::endgroup::
[2026-03-28T03:37:22.502+0000] {subprocess.py:78} INFO - Tmp dir root location: /tmp
[2026-03-28T03:37:22.502+0000] {subprocess.py:88} INFO - Running command: ['/usr/bin/bash', '-c', 'dbt build --select bronze_acc']
[2026-03-28T03:37:22.506+0000] {subprocess.py:99} INFO - Output:
[2026-03-28T03:37:23.773+0000] {subprocess.py:106} INFO - [0m03:37:23  Running with dbt=1.11.7
[2026-03-28T03:37:24.294+0000] {subprocess.py:106} INFO - [0m03:37:24  Registered adapter: snowflake=1.11.3
[2026-03-28T03:37:24.463+0000] {subprocess.py:106} INFO - [0m03:37:24  [[33mWARNING[0m]: Configuration paths exist in your dbt_project.yml file which do not apply to any resources.
[2026-03-28T03:37:24.463+0000] {subprocess.py:106} INFO - There are 1 unused configuration paths:
[2026-03-28T03:37:24.467+0000] {subprocess.py:106} INFO - - models.trans_snowf.example
[2026-03-28T03:37:24.562+0000] {subprocess.py:106} INFO - [0m03:37:24  Found 14 models, 3 sources, 522 macros
[2026-03-28T03:37:24.563+0000] {subprocess.py:106} INFO - [0m03:37:24
[2026-03-28T03:37:24.563+0000] {subprocess.py:106} INFO - [0m03:37:24  Concurrency: 1 threads (target='dev')
[2026-03-28T03:37:24.564+0000] {subprocess.py:106} INFO - [0m03:37:24
[2026-03-28T03:37:25.806+0000] {subprocess.py:106} INFO - [0m03:37:25
[2026-03-28T03:37:25.808+0000] {subprocess.py:106} INFO - [0m03:37:25  Finished running  in 0 hours 0 minutes and 1.24 seconds (1.24s).
[2026-03-28T03:37:25.811+0000] {subprocess.py:106} INFO - [0m03:37:25  Encountered an error:
[2026-03-28T03:37:25.814+0000] {subprocess.py:106} INFO - Database Error
[2026-03-28T03:37:25.814+0000] {subprocess.py:106} INFO -   003001 (42501): SQL access control error:
[2026-03-28T03:37:25.815+0000] {subprocess.py:106} INFO -   Insufficient privileges to operate on database 'BANKING'.
[2026-03-28T03:37:27.479+0000] {subprocess.py:110} INFO - Command exited with return code 2
[2026-03-28T03:37:27.482+0000] {taskinstance.py:441} INFO - ::group::Post task execution logs
[2026-03-28T03:37:27.499+0000] {taskinstance.py:2905} ERROR - Task failed with exception
Traceback (most recent call last):
  File "/home/airflow/.local/lib/python3.12/site-packages/airflow/models/taskinstance.py", line 465, in _execute_task
    result = _execute_callable(context=context, **execute_callable_kwargs)
             ^^^^^^^^^^^^^^^^^^^^^^^^^^^^^^^^^^^^^^^^^^^^^^^^^^^^^^^^^^^^^
  File "/home/airflow/.local/lib/python3.12/site-packages/airflow/models/taskinstance.py", line 432, in _execute_callable
    return execute_callable(context=context, **execute_callable_kwargs)
           ^^^^^^^^^^^^^^^^^^^^^^^^^^^^^^^^^^^^^^^^^^^^^^^^^^^^^^^^^^^^
  File "/home/airflow/.local/lib/python3.12/site-packages/airflow/models/baseoperator.py", line 401, in wrapper
    return func(self, *args, **kwargs)
           ^^^^^^^^^^^^^^^^^^^^^^^^^^^
  File "/home/airflow/.local/lib/python3.12/site-packages/airflow/providers/standard/operators/bash.py", line 233, in execute
    raise AirflowException(
airflow.exceptions.AirflowException: Bash command failed. The command returned a non-zero exit code 2.
[2026-03-28T03:37:27.504+0000] {taskinstance.py:1206} INFO - Marking task as UP_FOR_RETRY. dag_id=banking_01_bronze_layer, task_id=build_bronze_acc, run_id=scheduled__2026-03-28T02:00:00+00:00, execution_date=20260328T020000, start_date=20260328T033722, end_date=20260328T033727
[2026-03-28T03:37:27.524+0000] {standard_task_runner.py:110} ERROR - Failed to execute job 5758 for task build_bronze_acc (Bash command failed. The command returned a non-zero exit code 2.; 44923)
[2026-03-28T03:37:27.556+0000] {local_task_job_runner.py:243} INFO - Task exited with return code 1
[2026-03-28T03:37:27.574+0000] {taskinstance.py:3503} INFO - 0 downstream tasks scheduled from follow-on schedule check
[2026-03-28T03:37:27.575+0000] {local_task_job_runner.py:222} INFO - ::endgroup::
