[2026-03-25T15:37:47.339+0000] {local_task_job_runner.py:120} INFO - ::group::Pre task execution logs
[2026-03-25T15:37:47.364+0000] {taskinstance.py:2076} INFO - Dependencies all met for dep_context=non-requeueable deps ti=<TaskInstance: transfer_from_minio_to_snowflake_customers.create_stage scheduled__2026-03-25T15:35:00+00:00 [queued]>
[2026-03-25T15:37:47.371+0000] {taskinstance.py:2076} INFO - Dependencies all met for dep_context=requeueable deps ti=<TaskInstance: transfer_from_minio_to_snowflake_customers.create_stage scheduled__2026-03-25T15:35:00+00:00 [queued]>
[2026-03-25T15:37:47.371+0000] {taskinstance.py:2306} INFO - Starting attempt 1 of 3
[2026-03-25T15:37:47.377+0000] {taskinstance.py:2330} INFO - Executing <Task(SQLExecuteQueryOperator): create_stage> on 2026-03-25 15:35:00+00:00
[2026-03-25T15:37:47.395+0000] {logging_mixin.py:188} WARNING - /home/***/.local/lib/python3.12/site-packages/***/task/task_runner/standard_task_runner.py:62 DeprecationWarning: This process (pid=9763) is multi-threaded, use of fork() may lead to deadlocks in the child.
[2026-03-25T15:37:47.397+0000] {standard_task_runner.py:64} INFO - Started process 9776 to run task
[2026-03-25T15:37:47.392+0000] {standard_task_runner.py:90} INFO - Running: ['***', 'tasks', 'run', 'transfer_from_minio_to_snowflake_customers', 'create_stage', 'scheduled__2026-03-25T15:35:00+00:00', '--job-id', '1849', '--raw', '--subdir', 'DAGS_FOLDER/transfer.py', '--cfg-path', '/tmp/tmpgirsz42o']
[2026-03-25T15:37:47.398+0000] {standard_task_runner.py:91} INFO - Job 1849: Subtask create_stage
[2026-03-25T15:37:47.451+0000] {task_command.py:426} INFO - Running <TaskInstance: transfer_from_minio_to_snowflake_customers.create_stage scheduled__2026-03-25T15:35:00+00:00 [running]> on host c990dffe13ae
[2026-03-25T15:37:47.746+0000] {taskinstance.py:2648} INFO - Exporting env vars: AIRFLOW_CTX_DAG_OWNER='***' AIRFLOW_CTX_DAG_ID='transfer_from_minio_to_snowflake_customers' AIRFLOW_CTX_TASK_ID='create_stage' AIRFLOW_CTX_EXECUTION_DATE='2026-03-25T15:35:00+00:00' AIRFLOW_CTX_TRY_NUMBER='1' AIRFLOW_CTX_DAG_RUN_ID='scheduled__2026-03-25T15:35:00+00:00'
[2026-03-25T15:37:47.747+0000] {taskinstance.py:430} INFO - ::endgroup::
[2026-03-25T15:37:47.747+0000] {sql.py:282} INFO - Executing:  CREATE STAGE IF NOT EXISTS incoming  
                 URL = 's3://de-project-banking-pipeline-dev-2/customers'
                 STORAGE_INTEGRATION = my_s3_integration
                 FILE_FORMAT = (TYPE = 'JSON'); 
[2026-03-25T15:37:47.754+0000] {base.py:84} INFO - Using connection ID 'warehouse_id' for task execution.
[2026-03-25T15:37:47.796+0000] {base.py:84} INFO - Using connection ID 'warehouse_id' for task execution.
[2026-03-25T15:37:47.837+0000] {connection.py:613} INFO - Snowflake Connector for Python Version: 4.3.0, Python Version: 3.12.4, Platform: Linux-6.12.76-linuxkit-aarch64-with-glibc2.36
[2026-03-25T15:37:47.838+0000] {connection.py:1709} INFO - Connecting to GLOBAL Snowflake domain
[2026-03-25T15:37:51.617+0000] {sql.py:495} INFO - Running statement: CREATE STAGE IF NOT EXISTS incoming  
                 URL = 's3://de-project-banking-pipeline-dev-2/customers'
                 STORAGE_INTEGRATION = my_s3_integration
                 FILE_FORMAT = (TYPE = 'JSON');, parameters: None
[2026-03-25T15:37:51.808+0000] {sql.py:504} INFO - Rows affected: 1
[2026-03-25T15:37:51.809+0000] {snowflake.py:422} INFO - Rows affected: 1
[2026-03-25T15:37:51.810+0000] {snowflake.py:423} INFO - Snowflake query id: 01c34449-3202-7c30-0014-90e60003cd52
[2026-03-25T15:37:52.157+0000] {taskinstance.py:441} INFO - ::group::Post task execution logs
[2026-03-25T15:37:52.196+0000] {taskinstance.py:1206} INFO - Marking task as SUCCESS. dag_id=transfer_from_minio_to_snowflake_customers, task_id=create_stage, run_id=scheduled__2026-03-25T15:35:00+00:00, execution_date=20260325T153500, start_date=20260325T153747, end_date=20260325T153752
[2026-03-25T15:37:52.250+0000] {local_task_job_runner.py:243} INFO - Task exited with return code 0
[2026-03-25T15:37:52.292+0000] {taskinstance.py:3503} INFO - 1 downstream tasks scheduled from follow-on schedule check
[2026-03-25T15:37:52.295+0000] {local_task_job_runner.py:222} INFO - ::endgroup::
