[2026-03-28T01:36:02.407+0000] {local_task_job_runner.py:120} INFO - ::group::Pre task execution logs
[2026-03-28T01:36:02.425+0000] {taskinstance.py:2076} INFO - Dependencies all met for dep_context=non-requeueable deps ti=<TaskInstance: banking_01_bronze_layer.build_bronze_cust scheduled__2026-03-27T21:00:00+00:00 [queued]>
[2026-03-28T01:36:02.429+0000] {taskinstance.py:2076} INFO - Dependencies all met for dep_context=requeueable deps ti=<TaskInstance: banking_01_bronze_layer.build_bronze_cust scheduled__2026-03-27T21:00:00+00:00 [queued]>
[2026-03-28T01:36:02.429+0000] {taskinstance.py:2306} INFO - Starting attempt 1 of 2
[2026-03-28T01:36:02.436+0000] {taskinstance.py:2330} INFO - Executing <Task(BashOperator): build_bronze_cust> on 2026-03-27 21:00:00+00:00
[2026-03-28T01:36:02.438+0000] {standard_task_runner.py:64} INFO - Started process 43022 to run task
[2026-03-28T01:36:02.440+0000] {standard_task_runner.py:90} INFO - Running: ['***', 'tasks', 'run', 'banking_01_bronze_layer', 'build_bronze_cust', 'scheduled__2026-03-27T21:00:00+00:00', '--job-id', '5666', '--raw', '--subdir', 'DAGS_FOLDER/dbt.py', '--cfg-path', '/tmp/tmp538zlxii']
[2026-03-28T01:36:02.441+0000] {standard_task_runner.py:91} INFO - Job 5666: Subtask build_bronze_cust
[2026-03-28T01:36:02.470+0000] {task_command.py:426} INFO - Running <TaskInstance: banking_01_bronze_layer.build_bronze_cust scheduled__2026-03-27T21:00:00+00:00 [running]> on host c990dffe13ae
[2026-03-28T01:36:02.523+0000] {taskinstance.py:2648} INFO - Exporting env vars: AIRFLOW_CTX_DAG_OWNER='risheek' AIRFLOW_CTX_DAG_ID='banking_01_bronze_layer' AIRFLOW_CTX_TASK_ID='build_bronze_cust' AIRFLOW_CTX_EXECUTION_DATE='2026-03-27T21:00:00+00:00' AIRFLOW_CTX_TRY_NUMBER='1' AIRFLOW_CTX_DAG_RUN_ID='scheduled__2026-03-27T21:00:00+00:00'
[2026-03-28T01:36:02.524+0000] {taskinstance.py:430} INFO - ::endgroup::
[2026-03-28T01:36:02.525+0000] {subprocess.py:78} INFO - Tmp dir root location: /tmp
[2026-03-28T01:36:02.525+0000] {subprocess.py:88} INFO - Running command: ['/usr/bin/bash', '-c', 'dbt build --select bronze_cust']
[2026-03-28T01:36:02.529+0000] {subprocess.py:99} INFO - Output:
[2026-03-28T01:36:04.220+0000] {subprocess.py:106} INFO - [0m01:36:04  Running with dbt=1.11.7
[2026-03-28T01:36:04.850+0000] {subprocess.py:106} INFO - [0m01:36:04  Registered adapter: snowflake=1.11.3
[2026-03-28T01:36:05.032+0000] {subprocess.py:106} INFO - [0m01:36:05  [[33mWARNING[0m]: Configuration paths exist in your dbt_project.yml file which do not apply to any resources.
[2026-03-28T01:36:05.032+0000] {subprocess.py:106} INFO - There are 1 unused configuration paths:
[2026-03-28T01:36:05.032+0000] {subprocess.py:106} INFO - - models.trans_snowf.example
[2026-03-28T01:36:05.169+0000] {subprocess.py:106} INFO - [0m01:36:05  Found 14 models, 3 sources, 522 macros
[2026-03-28T01:36:05.170+0000] {subprocess.py:106} INFO - [0m01:36:05
[2026-03-28T01:36:05.171+0000] {subprocess.py:106} INFO - [0m01:36:05  Concurrency: 1 threads (target='dev')
[2026-03-28T01:36:05.171+0000] {subprocess.py:106} INFO - [0m01:36:05
[2026-03-28T01:36:06.506+0000] {subprocess.py:106} INFO - [0m01:36:06
[2026-03-28T01:36:06.508+0000] {subprocess.py:106} INFO - [0m01:36:06  Finished running  in 0 hours 0 minutes and 1.33 seconds (1.33s).
[2026-03-28T01:36:06.509+0000] {subprocess.py:106} INFO - [0m01:36:06  Encountered an error:
[2026-03-28T01:36:06.510+0000] {subprocess.py:106} INFO - Runtime Error
[2026-03-28T01:36:06.510+0000] {subprocess.py:106} INFO -   Database error while listing schemas in database "BANKING"
[2026-03-28T01:36:06.510+0000] {subprocess.py:106} INFO -   Database Error
[2026-03-28T01:36:06.511+0000] {subprocess.py:106} INFO -     250001 (08001): Failed to connect to DB: BBMCDSP-CT02489.snowflakecomputing.com:443. JWT token is invalid. [28f88e22-b36a-445b-b59f-de6daae1ddec]
[2026-03-28T01:36:09.058+0000] {subprocess.py:110} INFO - Command exited with return code 2
[2026-03-28T01:36:09.060+0000] {taskinstance.py:441} INFO - ::group::Post task execution logs
[2026-03-28T01:36:09.074+0000] {taskinstance.py:2905} ERROR - Task failed with exception
Traceback (most recent call last):
  File "/home/airflow/.local/lib/python3.12/site-packages/airflow/models/taskinstance.py", line 465, in _execute_task
    result = _execute_callable(context=context, **execute_callable_kwargs)
             ^^^^^^^^^^^^^^^^^^^^^^^^^^^^^^^^^^^^^^^^^^^^^^^^^^^^^^^^^^^^^
  File "/home/airflow/.local/lib/python3.12/site-packages/airflow/models/taskinstance.py", line 432, in _execute_callable
    return execute_callable(context=context, **execute_callable_kwargs)
           ^^^^^^^^^^^^^^^^^^^^^^^^^^^^^^^^^^^^^^^^^^^^^^^^^^^^^^^^^^^^
  File "/home/airflow/.local/lib/python3.12/site-packages/airflow/models/baseoperator.py", line 401, in wrapper
    return func(self, *args, **kwargs)
           ^^^^^^^^^^^^^^^^^^^^^^^^^^^
  File "/home/airflow/.local/lib/python3.12/site-packages/airflow/providers/standard/operators/bash.py", line 233, in execute
    raise AirflowException(
airflow.exceptions.AirflowException: Bash command failed. The command returned a non-zero exit code 2.
[2026-03-28T01:36:09.085+0000] {taskinstance.py:1206} INFO - Marking task as UP_FOR_RETRY. dag_id=banking_01_bronze_layer, task_id=build_bronze_cust, run_id=scheduled__2026-03-27T21:00:00+00:00, execution_date=20260327T210000, start_date=20260328T013602, end_date=20260328T013609
[2026-03-28T01:36:09.096+0000] {standard_task_runner.py:110} ERROR - Failed to execute job 5666 for task build_bronze_cust (Bash command failed. The command returned a non-zero exit code 2.; 43022)
[2026-03-28T01:36:09.139+0000] {local_task_job_runner.py:243} INFO - Task exited with return code 1
[2026-03-28T01:36:09.154+0000] {taskinstance.py:3503} INFO - 0 downstream tasks scheduled from follow-on schedule check
[2026-03-28T01:36:09.155+0000] {local_task_job_runner.py:222} INFO - ::endgroup::
