[2026-03-29T20:05:10.801+0000] {local_task_job_runner.py:120} INFO - ::group::Pre task execution logs
[2026-03-29T20:05:10.817+0000] {taskinstance.py:2076} INFO - Dependencies all met for dep_context=non-requeueable deps ti=<TaskInstance: banking_01_bronze_layer.debug scheduled__2026-03-29T19:30:00+00:00 [queued]>
[2026-03-29T20:05:10.821+0000] {taskinstance.py:2076} INFO - Dependencies all met for dep_context=requeueable deps ti=<TaskInstance: banking_01_bronze_layer.debug scheduled__2026-03-29T19:30:00+00:00 [queued]>
[2026-03-29T20:05:10.821+0000] {taskinstance.py:2306} INFO - Starting attempt 2 of 2
[2026-03-29T20:05:10.826+0000] {taskinstance.py:2330} INFO - Executing <Task(BashOperator): debug> on 2026-03-29 19:30:00+00:00
[2026-03-29T20:05:10.829+0000] {standard_task_runner.py:64} INFO - Started process 4775 to run task
[2026-03-29T20:05:10.830+0000] {standard_task_runner.py:90} INFO - Running: ['***', 'tasks', 'run', 'banking_01_bronze_layer', 'debug', 'scheduled__2026-03-29T19:30:00+00:00', '--job-id', '7324', '--raw', '--subdir', 'DAGS_FOLDER/dbt.py', '--cfg-path', '/tmp/tmpglflr15n']
[2026-03-29T20:05:10.836+0000] {standard_task_runner.py:91} INFO - Job 7324: Subtask debug
[2026-03-29T20:05:10.870+0000] {task_command.py:426} INFO - Running <TaskInstance: banking_01_bronze_layer.debug scheduled__2026-03-29T19:30:00+00:00 [running]> on host c990dffe13ae
[2026-03-29T20:05:10.915+0000] {taskinstance.py:2648} INFO - Exporting env vars: AIRFLOW_CTX_DAG_OWNER='risheek' AIRFLOW_CTX_DAG_ID='banking_01_bronze_layer' AIRFLOW_CTX_TASK_ID='debug' AIRFLOW_CTX_EXECUTION_DATE='2026-03-29T19:30:00+00:00' AIRFLOW_CTX_TRY_NUMBER='2' AIRFLOW_CTX_DAG_RUN_ID='scheduled__2026-03-29T19:30:00+00:00'
[2026-03-29T20:05:10.916+0000] {taskinstance.py:430} INFO - ::endgroup::
[2026-03-29T20:05:10.916+0000] {subprocess.py:78} INFO - Tmp dir root location: /tmp
[2026-03-29T20:05:10.917+0000] {subprocess.py:88} INFO - Running command: ['/usr/bin/bash', '-c', 'dbt debug --profiles-dir /opt/***/dbt/trans_snowf']
[2026-03-29T20:05:10.923+0000] {subprocess.py:99} INFO - Output:
[2026-03-29T20:05:12.133+0000] {subprocess.py:106} INFO - [0m20:05:12  Running with dbt=1.11.7
[2026-03-29T20:05:12.139+0000] {subprocess.py:106} INFO - [0m20:05:12  dbt version: 1.11.7
[2026-03-29T20:05:12.139+0000] {subprocess.py:106} INFO - [0m20:05:12  python version: 3.12.4
[2026-03-29T20:05:12.139+0000] {subprocess.py:106} INFO - [0m20:05:12  python path: /home/***/.local/bin/python
[2026-03-29T20:05:12.139+0000] {subprocess.py:106} INFO - [0m20:05:12  os info: Linux-6.12.76-linuxkit-aarch64-with-glibc2.36
[2026-03-29T20:05:12.551+0000] {subprocess.py:106} INFO - [0m20:05:12  Using profiles dir at /opt/***/dbt/trans_snowf
[2026-03-29T20:05:12.552+0000] {subprocess.py:106} INFO - [0m20:05:12  Using profiles.yml file at /opt/***/dbt/trans_snowf/profiles.yml
[2026-03-29T20:05:12.552+0000] {subprocess.py:106} INFO - [0m20:05:12  Using dbt_project.yml file at /opt/***/dbt/trans_snowf/dbt_project.yml
[2026-03-29T20:05:12.553+0000] {subprocess.py:106} INFO - [0m20:05:12  adapter type: snowflake
[2026-03-29T20:05:12.553+0000] {subprocess.py:106} INFO - [0m20:05:12  adapter version: 1.11.3
[2026-03-29T20:05:12.604+0000] {subprocess.py:106} INFO - [0m20:05:12  Configuration:
[2026-03-29T20:05:12.604+0000] {subprocess.py:106} INFO - [0m20:05:12    profiles.yml file [[32mOK found and valid[0m]
[2026-03-29T20:05:12.605+0000] {subprocess.py:106} INFO - [0m20:05:12    dbt_project.yml file [[32mOK found and valid[0m]
[2026-03-29T20:05:12.605+0000] {subprocess.py:106} INFO - [0m20:05:12  Required dependencies:
[2026-03-29T20:05:12.606+0000] {subprocess.py:106} INFO - [0m20:05:12   - git [[31mERROR[0m]
[2026-03-29T20:05:12.606+0000] {subprocess.py:106} INFO - 
[2026-03-29T20:05:12.606+0000] {subprocess.py:106} INFO - [0m20:05:12  Connection:
[2026-03-29T20:05:12.607+0000] {subprocess.py:106} INFO - [0m20:05:12    account: BBMCDSP-CT02489
[2026-03-29T20:05:12.607+0000] {subprocess.py:106} INFO - [0m20:05:12    user: user123
[2026-03-29T20:05:12.607+0000] {subprocess.py:106} INFO - [0m20:05:12    database: BANKING
[2026-03-29T20:05:12.607+0000] {subprocess.py:106} INFO - [0m20:05:12    warehouse: COMPUTE_WH
[2026-03-29T20:05:12.608+0000] {subprocess.py:106} INFO - [0m20:05:12    role: dbtadmin
[2026-03-29T20:05:12.608+0000] {subprocess.py:106} INFO - [0m20:05:12    schema: PUBLIC
[2026-03-29T20:05:12.608+0000] {subprocess.py:106} INFO - [0m20:05:12    authenticator: None
[2026-03-29T20:05:12.609+0000] {subprocess.py:106} INFO - [0m20:05:12    oauth_client_id: None
[2026-03-29T20:05:12.609+0000] {subprocess.py:106} INFO - [0m20:05:12    query_tag: None
[2026-03-29T20:05:12.609+0000] {subprocess.py:106} INFO - [0m20:05:12    client_session_keep_alive: False
[2026-03-29T20:05:12.609+0000] {subprocess.py:106} INFO - [0m20:05:12    host: None
[2026-03-29T20:05:12.610+0000] {subprocess.py:106} INFO - [0m20:05:12    port: None
[2026-03-29T20:05:12.610+0000] {subprocess.py:106} INFO - [0m20:05:12    proxy_host: None
[2026-03-29T20:05:12.610+0000] {subprocess.py:106} INFO - [0m20:05:12    proxy_port: None
[2026-03-29T20:05:12.610+0000] {subprocess.py:106} INFO - [0m20:05:12    protocol: None
[2026-03-29T20:05:12.611+0000] {subprocess.py:106} INFO - [0m20:05:12    connect_retries: 1
[2026-03-29T20:05:12.611+0000] {subprocess.py:106} INFO - [0m20:05:12    connect_timeout: None
[2026-03-29T20:05:12.611+0000] {subprocess.py:106} INFO - [0m20:05:12    retry_on_database_errors: False
[2026-03-29T20:05:12.612+0000] {subprocess.py:106} INFO - [0m20:05:12    retry_all: False
[2026-03-29T20:05:12.612+0000] {subprocess.py:106} INFO - [0m20:05:12    insecure_mode: False
[2026-03-29T20:05:12.612+0000] {subprocess.py:106} INFO - [0m20:05:12    reuse_connections: True
[2026-03-29T20:05:12.612+0000] {subprocess.py:106} INFO - [0m20:05:12    s3_stage_vpce_dns_name: None
[2026-03-29T20:05:12.613+0000] {subprocess.py:106} INFO - [0m20:05:12    platform_detection_timeout_seconds: 0.0
[2026-03-29T20:05:12.613+0000] {subprocess.py:106} INFO - [0m20:05:12  Registered adapter: snowflake=1.11.3
[2026-03-29T20:05:14.283+0000] {subprocess.py:106} INFO - [0m20:05:14    Connection test: [[32mOK connection ok[0m]
[2026-03-29T20:05:14.285+0000] {subprocess.py:106} INFO - 
[2026-03-29T20:05:14.288+0000] {subprocess.py:106} INFO - [0m20:05:14  [31m1 check failed:[0m
[2026-03-29T20:05:14.288+0000] {subprocess.py:106} INFO - [0m20:05:14  Error from git --help: Could not find command, ensure it is in the user's PATH: "git"
[2026-03-29T20:05:14.289+0000] {subprocess.py:106} INFO - 
[2026-03-29T20:05:16.433+0000] {subprocess.py:110} INFO - Command exited with return code 1
[2026-03-29T20:05:16.434+0000] {taskinstance.py:441} INFO - ::group::Post task execution logs
[2026-03-29T20:05:16.444+0000] {taskinstance.py:2905} ERROR - Task failed with exception
Traceback (most recent call last):
  File "/home/airflow/.local/lib/python3.12/site-packages/airflow/models/taskinstance.py", line 465, in _execute_task
    result = _execute_callable(context=context, **execute_callable_kwargs)
             ^^^^^^^^^^^^^^^^^^^^^^^^^^^^^^^^^^^^^^^^^^^^^^^^^^^^^^^^^^^^^
  File "/home/airflow/.local/lib/python3.12/site-packages/airflow/models/taskinstance.py", line 432, in _execute_callable
    return execute_callable(context=context, **execute_callable_kwargs)
           ^^^^^^^^^^^^^^^^^^^^^^^^^^^^^^^^^^^^^^^^^^^^^^^^^^^^^^^^^^^^
  File "/home/airflow/.local/lib/python3.12/site-packages/airflow/models/baseoperator.py", line 401, in wrapper
    return func(self, *args, **kwargs)
           ^^^^^^^^^^^^^^^^^^^^^^^^^^^
  File "/home/airflow/.local/lib/python3.12/site-packages/airflow/providers/standard/operators/bash.py", line 233, in execute
    raise AirflowException(
airflow.exceptions.AirflowException: Bash command failed. The command returned a non-zero exit code 1.
[2026-03-29T20:05:16.447+0000] {taskinstance.py:1206} INFO - Marking task as FAILED. dag_id=banking_01_bronze_layer, task_id=debug, run_id=scheduled__2026-03-29T19:30:00+00:00, execution_date=20260329T193000, start_date=20260329T200510, end_date=20260329T200516
[2026-03-29T20:05:16.457+0000] {standard_task_runner.py:110} ERROR - Failed to execute job 7324 for task debug (Bash command failed. The command returned a non-zero exit code 1.; 4775)
[2026-03-29T20:05:16.477+0000] {local_task_job_runner.py:243} INFO - Task exited with return code 1
[2026-03-29T20:05:16.487+0000] {taskinstance.py:3503} INFO - 0 downstream tasks scheduled from follow-on schedule check
[2026-03-29T20:05:16.487+0000] {local_task_job_runner.py:222} INFO - ::endgroup::
