[2026-03-27T12:37:31.881+0000] {local_task_job_runner.py:120} INFO - ::group::Pre task execution logs
[2026-03-27T12:37:31.897+0000] {taskinstance.py:2076} INFO - Dependencies all met for dep_context=non-requeueable deps ti=<TaskInstance: banking_01_bronze_layer.debug scheduled__2026-03-27T11:30:00+00:00 [queued]>
[2026-03-27T12:37:31.901+0000] {taskinstance.py:2076} INFO - Dependencies all met for dep_context=requeueable deps ti=<TaskInstance: banking_01_bronze_layer.debug scheduled__2026-03-27T11:30:00+00:00 [queued]>
[2026-03-27T12:37:31.901+0000] {taskinstance.py:2306} INFO - Starting attempt 1 of 2
[2026-03-27T12:37:31.908+0000] {taskinstance.py:2330} INFO - Executing <Task(BashOperator): debug> on 2026-03-27 11:30:00+00:00
[2026-03-27T12:37:31.910+0000] {standard_task_runner.py:64} INFO - Started process 37154 to run task
[2026-03-27T12:37:31.911+0000] {standard_task_runner.py:90} INFO - Running: ['***', 'tasks', 'run', 'banking_01_bronze_layer', 'debug', 'scheduled__2026-03-27T11:30:00+00:00', '--job-id', '5391', '--raw', '--subdir', 'DAGS_FOLDER/dbt.py', '--cfg-path', '/tmp/tmp7mzlcfme']
[2026-03-27T12:37:31.912+0000] {standard_task_runner.py:91} INFO - Job 5391: Subtask debug
[2026-03-27T12:37:31.940+0000] {task_command.py:426} INFO - Running <TaskInstance: banking_01_bronze_layer.debug scheduled__2026-03-27T11:30:00+00:00 [running]> on host c990dffe13ae
[2026-03-27T12:37:31.983+0000] {taskinstance.py:2648} INFO - Exporting env vars: AIRFLOW_CTX_DAG_OWNER='risheek' AIRFLOW_CTX_DAG_ID='banking_01_bronze_layer' AIRFLOW_CTX_TASK_ID='debug' AIRFLOW_CTX_EXECUTION_DATE='2026-03-27T11:30:00+00:00' AIRFLOW_CTX_TRY_NUMBER='1' AIRFLOW_CTX_DAG_RUN_ID='scheduled__2026-03-27T11:30:00+00:00'
[2026-03-27T12:37:31.983+0000] {taskinstance.py:430} INFO - ::endgroup::
[2026-03-27T12:37:31.984+0000] {subprocess.py:78} INFO - Tmp dir root location: /tmp
[2026-03-27T12:37:31.984+0000] {subprocess.py:88} INFO - Running command: ['/usr/bin/bash', '-c', 'dbt debug --profiles-dir /opt/***/dbt/trans_snowf']
[2026-03-27T12:37:31.987+0000] {subprocess.py:99} INFO - Output:
[2026-03-27T12:37:33.332+0000] {subprocess.py:106} INFO - [0m12:37:33  Running with dbt=1.11.7
[2026-03-27T12:37:33.338+0000] {subprocess.py:106} INFO - [0m12:37:33  dbt version: 1.11.7
[2026-03-27T12:37:33.338+0000] {subprocess.py:106} INFO - [0m12:37:33  python version: 3.12.4
[2026-03-27T12:37:33.339+0000] {subprocess.py:106} INFO - [0m12:37:33  python path: /home/***/.local/bin/python
[2026-03-27T12:37:33.339+0000] {subprocess.py:106} INFO - [0m12:37:33  os info: Linux-6.12.76-linuxkit-aarch64-with-glibc2.36
[2026-03-27T12:37:33.865+0000] {subprocess.py:106} INFO - [0m12:37:33  Using profiles dir at /opt/***/dbt/trans_snowf
[2026-03-27T12:37:33.866+0000] {subprocess.py:106} INFO - [0m12:37:33  Using profiles.yml file at /opt/***/dbt/trans_snowf/profiles.yml
[2026-03-27T12:37:33.866+0000] {subprocess.py:106} INFO - [0m12:37:33  Using dbt_project.yml file at /opt/***/dbt/trans_snowf/dbt_project.yml
[2026-03-27T12:37:33.867+0000] {subprocess.py:106} INFO - [0m12:37:33  adapter type: snowflake
[2026-03-27T12:37:33.867+0000] {subprocess.py:106} INFO - [0m12:37:33  adapter version: 1.11.3
[2026-03-27T12:37:33.936+0000] {subprocess.py:106} INFO - [0m12:37:33  Configuration:
[2026-03-27T12:37:33.937+0000] {subprocess.py:106} INFO - [0m12:37:33    profiles.yml file [[32mOK found and valid[0m]
[2026-03-27T12:37:33.937+0000] {subprocess.py:106} INFO - [0m12:37:33    dbt_project.yml file [[32mOK found and valid[0m]
[2026-03-27T12:37:33.938+0000] {subprocess.py:106} INFO - [0m12:37:33  Required dependencies:
[2026-03-27T12:37:33.939+0000] {subprocess.py:106} INFO - [0m12:37:33   - git [[31mERROR[0m]
[2026-03-27T12:37:33.939+0000] {subprocess.py:106} INFO - 
[2026-03-27T12:37:33.939+0000] {subprocess.py:106} INFO - [0m12:37:33  Connection:
[2026-03-27T12:37:33.940+0000] {subprocess.py:106} INFO - [0m12:37:33    account: BBMCDSP-CT02489
[2026-03-27T12:37:33.940+0000] {subprocess.py:106} INFO - [0m12:37:33    user: user123
[2026-03-27T12:37:33.940+0000] {subprocess.py:106} INFO - [0m12:37:33    database: BANKING
[2026-03-27T12:37:33.941+0000] {subprocess.py:106} INFO - [0m12:37:33    warehouse: COMPUTE_WH
[2026-03-27T12:37:33.941+0000] {subprocess.py:106} INFO - [0m12:37:33    role: dbtadmin
[2026-03-27T12:37:33.942+0000] {subprocess.py:106} INFO - [0m12:37:33    schema: PUBLIC
[2026-03-27T12:37:33.942+0000] {subprocess.py:106} INFO - [0m12:37:33    authenticator: None
[2026-03-27T12:37:33.942+0000] {subprocess.py:106} INFO - [0m12:37:33    oauth_client_id: None
[2026-03-27T12:37:33.943+0000] {subprocess.py:106} INFO - [0m12:37:33    query_tag: None
[2026-03-27T12:37:33.943+0000] {subprocess.py:106} INFO - [0m12:37:33    client_session_keep_alive: False
[2026-03-27T12:37:33.943+0000] {subprocess.py:106} INFO - [0m12:37:33    host: None
[2026-03-27T12:37:33.944+0000] {subprocess.py:106} INFO - [0m12:37:33    port: None
[2026-03-27T12:37:33.944+0000] {subprocess.py:106} INFO - [0m12:37:33    proxy_host: None
[2026-03-27T12:37:33.944+0000] {subprocess.py:106} INFO - [0m12:37:33    proxy_port: None
[2026-03-27T12:37:33.945+0000] {subprocess.py:106} INFO - [0m12:37:33    protocol: None
[2026-03-27T12:37:33.945+0000] {subprocess.py:106} INFO - [0m12:37:33    connect_retries: 1
[2026-03-27T12:37:33.946+0000] {subprocess.py:106} INFO - [0m12:37:33    connect_timeout: None
[2026-03-27T12:37:33.946+0000] {subprocess.py:106} INFO - [0m12:37:33    retry_on_database_errors: False
[2026-03-27T12:37:33.946+0000] {subprocess.py:106} INFO - [0m12:37:33    retry_all: False
[2026-03-27T12:37:33.947+0000] {subprocess.py:106} INFO - [0m12:37:33    insecure_mode: False
[2026-03-27T12:37:33.947+0000] {subprocess.py:106} INFO - [0m12:37:33    reuse_connections: True
[2026-03-27T12:37:33.947+0000] {subprocess.py:106} INFO - [0m12:37:33    s3_stage_vpce_dns_name: None
[2026-03-27T12:37:33.948+0000] {subprocess.py:106} INFO - [0m12:37:33    platform_detection_timeout_seconds: 0.0
[2026-03-27T12:37:33.949+0000] {subprocess.py:106} INFO - [0m12:37:33  Registered adapter: snowflake=1.11.3
[2026-03-27T12:37:34.859+0000] {subprocess.py:106} INFO - [0m12:37:34    Connection test: [[32mOK connection ok[0m]
[2026-03-27T12:37:34.860+0000] {subprocess.py:106} INFO - 
[2026-03-27T12:37:34.860+0000] {subprocess.py:106} INFO - [0m12:37:34  [31m1 check failed:[0m
[2026-03-27T12:37:34.861+0000] {subprocess.py:106} INFO - [0m12:37:34  Error from git --help: Could not find command, ensure it is in the user's PATH: "git"
[2026-03-27T12:37:34.862+0000] {subprocess.py:106} INFO - 
[2026-03-27T12:37:36.817+0000] {subprocess.py:110} INFO - Command exited with return code 1
[2026-03-27T12:37:36.818+0000] {taskinstance.py:441} INFO - ::group::Post task execution logs
[2026-03-27T12:37:36.841+0000] {taskinstance.py:2905} ERROR - Task failed with exception
Traceback (most recent call last):
  File "/home/airflow/.local/lib/python3.12/site-packages/airflow/models/taskinstance.py", line 465, in _execute_task
    result = _execute_callable(context=context, **execute_callable_kwargs)
             ^^^^^^^^^^^^^^^^^^^^^^^^^^^^^^^^^^^^^^^^^^^^^^^^^^^^^^^^^^^^^
  File "/home/airflow/.local/lib/python3.12/site-packages/airflow/models/taskinstance.py", line 432, in _execute_callable
    return execute_callable(context=context, **execute_callable_kwargs)
           ^^^^^^^^^^^^^^^^^^^^^^^^^^^^^^^^^^^^^^^^^^^^^^^^^^^^^^^^^^^^
  File "/home/airflow/.local/lib/python3.12/site-packages/airflow/models/baseoperator.py", line 401, in wrapper
    return func(self, *args, **kwargs)
           ^^^^^^^^^^^^^^^^^^^^^^^^^^^
  File "/home/airflow/.local/lib/python3.12/site-packages/airflow/providers/standard/operators/bash.py", line 233, in execute
    raise AirflowException(
airflow.exceptions.AirflowException: Bash command failed. The command returned a non-zero exit code 1.
[2026-03-27T12:37:36.845+0000] {taskinstance.py:1206} INFO - Marking task as UP_FOR_RETRY. dag_id=banking_01_bronze_layer, task_id=debug, run_id=scheduled__2026-03-27T11:30:00+00:00, execution_date=20260327T113000, start_date=20260327T123731, end_date=20260327T123736
[2026-03-27T12:37:36.854+0000] {standard_task_runner.py:110} ERROR - Failed to execute job 5391 for task debug (Bash command failed. The command returned a non-zero exit code 1.; 37154)
[2026-03-27T12:37:36.867+0000] {local_task_job_runner.py:243} INFO - Task exited with return code 1
[2026-03-27T12:37:36.882+0000] {taskinstance.py:3503} INFO - 0 downstream tasks scheduled from follow-on schedule check
[2026-03-27T12:37:36.883+0000] {local_task_job_runner.py:222} INFO - ::endgroup::
