[2026-03-25T17:27:02.988+0000] {local_task_job_runner.py:120} INFO - ::group::Pre task execution logs
[2026-03-25T17:27:03.004+0000] {taskinstance.py:2076} INFO - Dependencies all met for dep_context=non-requeueable deps ti=<TaskInstance: transfer_from_minio_to_snowflake_accounts.create_raw scheduled__2026-03-25T17:26:00+00:00 [queued]>
[2026-03-25T17:27:03.008+0000] {taskinstance.py:2076} INFO - Dependencies all met for dep_context=requeueable deps ti=<TaskInstance: transfer_from_minio_to_snowflake_accounts.create_raw scheduled__2026-03-25T17:26:00+00:00 [queued]>
[2026-03-25T17:27:03.008+0000] {taskinstance.py:2306} INFO - Starting attempt 1 of 3
[2026-03-25T17:27:03.014+0000] {taskinstance.py:2330} INFO - Executing <Task(SQLExecuteQueryOperator): create_raw> on 2026-03-25 17:26:00+00:00
[2026-03-25T17:27:03.019+0000] {standard_task_runner.py:90} INFO - Running: ['***', 'tasks', 'run', 'transfer_from_minio_to_snowflake_accounts', 'create_raw', 'scheduled__2026-03-25T17:26:00+00:00', '--job-id', '2872', '--raw', '--subdir', 'DAGS_FOLDER/transfer.py', '--cfg-path', '/tmp/tmpm3hfzexw']
[2026-03-25T17:27:03.021+0000] {standard_task_runner.py:91} INFO - Job 2872: Subtask create_raw
[2026-03-25T17:27:03.021+0000] {logging_mixin.py:188} WARNING - /home/***/.local/lib/python3.12/site-packages/***/task/task_runner/standard_task_runner.py:62 DeprecationWarning: This process (pid=29430) is multi-threaded, use of fork() may lead to deadlocks in the child.
[2026-03-25T17:27:03.021+0000] {standard_task_runner.py:64} INFO - Started process 29442 to run task
[2026-03-25T17:27:03.053+0000] {task_command.py:426} INFO - Running <TaskInstance: transfer_from_minio_to_snowflake_accounts.create_raw scheduled__2026-03-25T17:26:00+00:00 [running]> on host c990dffe13ae
[2026-03-25T17:27:03.277+0000] {taskinstance.py:2648} INFO - Exporting env vars: AIRFLOW_CTX_DAG_OWNER='***' AIRFLOW_CTX_DAG_ID='transfer_from_minio_to_snowflake_accounts' AIRFLOW_CTX_TASK_ID='create_raw' AIRFLOW_CTX_EXECUTION_DATE='2026-03-25T17:26:00+00:00' AIRFLOW_CTX_TRY_NUMBER='1' AIRFLOW_CTX_DAG_RUN_ID='scheduled__2026-03-25T17:26:00+00:00'
[2026-03-25T17:27:03.278+0000] {taskinstance.py:430} INFO - ::endgroup::
[2026-03-25T17:27:03.278+0000] {sql.py:282} INFO - Executing:  CREATE TABLE IF NOT EXISTS RAW_ACCOUNTS (
                    raw_json VARIANT,
                    inserted_at TIMESTAMP_NTZ DEFAULT CURRENT_TIMESTAMP());
                  
[2026-03-25T17:27:03.284+0000] {base.py:84} INFO - Using connection ID 'warehouse_id' for task execution.
[2026-03-25T17:27:03.317+0000] {base.py:84} INFO - Using connection ID 'warehouse_id' for task execution.
[2026-03-25T17:27:03.354+0000] {connection.py:613} INFO - Snowflake Connector for Python Version: 4.3.0, Python Version: 3.12.4, Platform: Linux-6.12.76-linuxkit-aarch64-with-glibc2.36
[2026-03-25T17:27:03.355+0000] {connection.py:1709} INFO - Connecting to GLOBAL Snowflake domain
[2026-03-25T17:27:06.211+0000] {sql.py:495} INFO - Running statement: CREATE TABLE IF NOT EXISTS RAW_ACCOUNTS (
                    raw_json VARIANT,
                    inserted_at TIMESTAMP_NTZ DEFAULT CURRENT_TIMESTAMP());, parameters: None
[2026-03-25T17:27:06.361+0000] {sql.py:504} INFO - Rows affected: 1
[2026-03-25T17:27:06.362+0000] {snowflake.py:422} INFO - Rows affected: 1
[2026-03-25T17:27:06.363+0000] {snowflake.py:423} INFO - Snowflake query id: 01c344b7-3202-7cb1-0014-90e60003fd42
[2026-03-25T17:27:06.937+0000] {taskinstance.py:441} INFO - ::group::Post task execution logs
[2026-03-25T17:27:06.974+0000] {taskinstance.py:1206} INFO - Marking task as SUCCESS. dag_id=transfer_from_minio_to_snowflake_accounts, task_id=create_raw, run_id=scheduled__2026-03-25T17:26:00+00:00, execution_date=20260325T172600, start_date=20260325T172703, end_date=20260325T172706
[2026-03-25T17:27:06.997+0000] {local_task_job_runner.py:243} INFO - Task exited with return code 0
[2026-03-25T17:27:07.019+0000] {taskinstance.py:3503} INFO - 1 downstream tasks scheduled from follow-on schedule check
[2026-03-25T17:27:07.020+0000] {local_task_job_runner.py:222} INFO - ::endgroup::
