[2026-03-25T17:17:03.772+0000] {local_task_job_runner.py:120} INFO - ::group::Pre task execution logs
[2026-03-25T17:17:03.790+0000] {taskinstance.py:2076} INFO - Dependencies all met for dep_context=non-requeueable deps ti=<TaskInstance: transfer_from_minio_to_snowflake_customers.create_raw scheduled__2026-03-25T17:16:00+00:00 [queued]>
[2026-03-25T17:17:03.794+0000] {taskinstance.py:2076} INFO - Dependencies all met for dep_context=requeueable deps ti=<TaskInstance: transfer_from_minio_to_snowflake_customers.create_raw scheduled__2026-03-25T17:16:00+00:00 [queued]>
[2026-03-25T17:17:03.794+0000] {taskinstance.py:2306} INFO - Starting attempt 1 of 3
[2026-03-25T17:17:03.799+0000] {taskinstance.py:2330} INFO - Executing <Task(SQLExecuteQueryOperator): create_raw> on 2026-03-25 17:16:00+00:00
[2026-03-25T17:17:03.807+0000] {standard_task_runner.py:90} INFO - Running: ['***', 'tasks', 'run', 'transfer_from_minio_to_snowflake_customers', 'create_raw', 'scheduled__2026-03-25T17:16:00+00:00', '--job-id', '2782', '--raw', '--subdir', 'DAGS_FOLDER/transfer.py', '--cfg-path', '/tmp/tmptf7nr05m']
[2026-03-25T17:17:03.811+0000] {standard_task_runner.py:91} INFO - Job 2782: Subtask create_raw
[2026-03-25T17:17:03.810+0000] {logging_mixin.py:188} WARNING - /home/***/.local/lib/python3.12/site-packages/***/task/task_runner/standard_task_runner.py:62 DeprecationWarning: This process (pid=27718) is multi-threaded, use of fork() may lead to deadlocks in the child.
[2026-03-25T17:17:03.812+0000] {standard_task_runner.py:64} INFO - Started process 27730 to run task
[2026-03-25T17:17:03.852+0000] {task_command.py:426} INFO - Running <TaskInstance: transfer_from_minio_to_snowflake_customers.create_raw scheduled__2026-03-25T17:16:00+00:00 [running]> on host c990dffe13ae
[2026-03-25T17:17:04.079+0000] {taskinstance.py:2648} INFO - Exporting env vars: AIRFLOW_CTX_DAG_OWNER='***' AIRFLOW_CTX_DAG_ID='transfer_from_minio_to_snowflake_customers' AIRFLOW_CTX_TASK_ID='create_raw' AIRFLOW_CTX_EXECUTION_DATE='2026-03-25T17:16:00+00:00' AIRFLOW_CTX_TRY_NUMBER='1' AIRFLOW_CTX_DAG_RUN_ID='scheduled__2026-03-25T17:16:00+00:00'
[2026-03-25T17:17:04.079+0000] {taskinstance.py:430} INFO - ::endgroup::
[2026-03-25T17:17:04.080+0000] {sql.py:282} INFO - Executing:  CREATE TABLE IF NOT EXISTS RAW_CUSTOMERS (
                    raw_json VARIANT,
                    inserted_at TIMESTAMP_NTZ DEFAULT CURRENT_TIMESTAMP());
                  
[2026-03-25T17:17:04.090+0000] {base.py:84} INFO - Using connection ID 'warehouse_id' for task execution.
[2026-03-25T17:17:04.132+0000] {base.py:84} INFO - Using connection ID 'warehouse_id' for task execution.
[2026-03-25T17:17:04.172+0000] {connection.py:613} INFO - Snowflake Connector for Python Version: 4.3.0, Python Version: 3.12.4, Platform: Linux-6.12.76-linuxkit-aarch64-with-glibc2.36
[2026-03-25T17:17:04.173+0000] {connection.py:1709} INFO - Connecting to GLOBAL Snowflake domain
[2026-03-25T17:17:05.167+0000] {sql.py:495} INFO - Running statement: CREATE TABLE IF NOT EXISTS RAW_CUSTOMERS (
                    raw_json VARIANT,
                    inserted_at TIMESTAMP_NTZ DEFAULT CURRENT_TIMESTAMP());, parameters: None
[2026-03-25T17:17:05.336+0000] {sql.py:504} INFO - Rows affected: 1
[2026-03-25T17:17:05.339+0000] {snowflake.py:422} INFO - Rows affected: 1
[2026-03-25T17:17:05.340+0000] {snowflake.py:423} INFO - Snowflake query id: 01c344ad-3202-7cb1-0014-90e60003faf2
[2026-03-25T17:17:05.708+0000] {taskinstance.py:441} INFO - ::group::Post task execution logs
[2026-03-25T17:17:05.746+0000] {taskinstance.py:1206} INFO - Marking task as SUCCESS. dag_id=transfer_from_minio_to_snowflake_customers, task_id=create_raw, run_id=scheduled__2026-03-25T17:16:00+00:00, execution_date=20260325T171600, start_date=20260325T171703, end_date=20260325T171705
[2026-03-25T17:17:05.788+0000] {local_task_job_runner.py:243} INFO - Task exited with return code 0
[2026-03-25T17:17:05.807+0000] {taskinstance.py:3503} INFO - 1 downstream tasks scheduled from follow-on schedule check
[2026-03-25T17:17:05.808+0000] {local_task_job_runner.py:222} INFO - ::endgroup::
