[2026-03-10T07:51:08.837+0000] {local_task_job_runner.py:120} INFO - ::group::Pre task execution logs
[2026-03-10T07:51:08.853+0000] {taskinstance.py:2076} INFO - Dependencies all met for dep_context=non-requeueable deps ti=<TaskInstance: transfer_from_minio_to_snowflake.create_raw scheduled__2026-03-10T07:45:00+00:00 [queued]>
[2026-03-10T07:51:08.856+0000] {taskinstance.py:2076} INFO - Dependencies all met for dep_context=requeueable deps ti=<TaskInstance: transfer_from_minio_to_snowflake.create_raw scheduled__2026-03-10T07:45:00+00:00 [queued]>
[2026-03-10T07:51:08.856+0000] {taskinstance.py:2306} INFO - Starting attempt 2 of 3
[2026-03-10T07:51:08.861+0000] {taskinstance.py:2330} INFO - Executing <Task(SQLExecuteQueryOperator): create_raw> on 2026-03-10 07:45:00+00:00
[2026-03-10T07:51:08.866+0000] {logging_mixin.py:188} WARNING - /home/***/.local/lib/python3.12/site-packages/***/task/task_runner/standard_task_runner.py:62 DeprecationWarning: This process (pid=420) is multi-threaded, use of fork() may lead to deadlocks in the child.
[2026-03-10T07:51:08.867+0000] {standard_task_runner.py:64} INFO - Started process 432 to run task
[2026-03-10T07:51:08.866+0000] {standard_task_runner.py:90} INFO - Running: ['***', 'tasks', 'run', 'transfer_from_minio_to_snowflake', 'create_raw', 'scheduled__2026-03-10T07:45:00+00:00', '--job-id', '16', '--raw', '--subdir', 'DAGS_FOLDER/transfer.py', '--cfg-path', '/tmp/tmpimc4z00j']
[2026-03-10T07:51:08.868+0000] {standard_task_runner.py:91} INFO - Job 16: Subtask create_raw
[2026-03-10T07:51:08.897+0000] {task_command.py:426} INFO - Running <TaskInstance: transfer_from_minio_to_snowflake.create_raw scheduled__2026-03-10T07:45:00+00:00 [running]> on host 2f61e461b291
[2026-03-10T07:51:09.028+0000] {taskinstance.py:2648} INFO - Exporting env vars: AIRFLOW_CTX_DAG_OWNER='***' AIRFLOW_CTX_DAG_ID='transfer_from_minio_to_snowflake' AIRFLOW_CTX_TASK_ID='create_raw' AIRFLOW_CTX_EXECUTION_DATE='2026-03-10T07:45:00+00:00' AIRFLOW_CTX_TRY_NUMBER='2' AIRFLOW_CTX_DAG_RUN_ID='scheduled__2026-03-10T07:45:00+00:00'
[2026-03-10T07:51:09.028+0000] {taskinstance.py:430} INFO - ::endgroup::
[2026-03-10T07:51:09.029+0000] {sql.py:282} INFO - Executing:  CREATE TABLE IF NOT EXISTS RAW (
                    raw_json VARIANT,
                    inserted_at TIMESTAMP_NTZ DEFAULT CURRENT_TIMESTAMP());
                  
[2026-03-10T07:51:09.034+0000] {base.py:84} INFO - Using connection ID 'warehouse_id' for task execution.
[2026-03-10T07:51:09.061+0000] {base.py:84} INFO - Using connection ID 'warehouse_id' for task execution.
[2026-03-10T07:51:09.098+0000] {connection.py:613} INFO - Snowflake Connector for Python Version: 4.3.0, Python Version: 3.12.4, Platform: Linux-6.12.72-linuxkit-aarch64-with-glibc2.36
[2026-03-10T07:51:09.098+0000] {connection.py:1709} INFO - Connecting to GLOBAL Snowflake domain
[2026-03-10T07:51:10.941+0000] {sql.py:495} INFO - Running statement: CREATE TABLE IF NOT EXISTS RAW (
                    raw_json VARIANT,
                    inserted_at TIMESTAMP_NTZ DEFAULT CURRENT_TIMESTAMP());, parameters: None
[2026-03-10T07:51:11.391+0000] {taskinstance.py:441} INFO - ::group::Post task execution logs
[2026-03-10T07:51:11.393+0000] {taskinstance.py:2905} ERROR - Task failed with exception
Traceback (most recent call last):
  File "/home/airflow/.local/lib/python3.12/site-packages/airflow/models/taskinstance.py", line 465, in _execute_task
    result = _execute_callable(context=context, **execute_callable_kwargs)
             ^^^^^^^^^^^^^^^^^^^^^^^^^^^^^^^^^^^^^^^^^^^^^^^^^^^^^^^^^^^^^
  File "/home/airflow/.local/lib/python3.12/site-packages/airflow/models/taskinstance.py", line 432, in _execute_callable
    return execute_callable(context=context, **execute_callable_kwargs)
           ^^^^^^^^^^^^^^^^^^^^^^^^^^^^^^^^^^^^^^^^^^^^^^^^^^^^^^^^^^^^
  File "/home/airflow/.local/lib/python3.12/site-packages/airflow/models/baseoperator.py", line 401, in wrapper
    return func(self, *args, **kwargs)
           ^^^^^^^^^^^^^^^^^^^^^^^^^^^
  File "/home/airflow/.local/lib/python3.12/site-packages/airflow/providers/common/sql/operators/sql.py", line 288, in execute
    output = hook.run(
             ^^^^^^^^^
  File "/home/airflow/.local/lib/python3.12/site-packages/airflow/providers/snowflake/hooks/snowflake.py", line 410, in run
    self._run_command(cur, sql_statement, parameters)  # type: ignore[attr-defined]
    ^^^^^^^^^^^^^^^^^^^^^^^^^^^^^^^^^^^^^^^^^^^^^^^^^
  File "/home/airflow/.local/lib/python3.12/site-packages/airflow/providers/common/sql/hooks/sql.py", line 500, in _run_command
    cur.execute(sql_statement)
  File "/home/airflow/.local/lib/python3.12/site-packages/snowflake/connector/cursor.py", line 1144, in execute
    Error.errorhandler_wrapper(self.connection, self, error_class, errvalue)
  File "/home/airflow/.local/lib/python3.12/site-packages/snowflake/connector/errors.py", line 298, in errorhandler_wrapper
    handed_over = Error.hand_to_other_handler(
                  ^^^^^^^^^^^^^^^^^^^^^^^^^^^^
  File "/home/airflow/.local/lib/python3.12/site-packages/snowflake/connector/errors.py", line 354, in hand_to_other_handler
    cursor.errorhandler(connection, cursor, error_class, error_value)
  File "/home/airflow/.local/lib/python3.12/site-packages/snowflake/connector/errors.py", line 229, in default_errorhandler
    raise error_class(
snowflake.connector.errors.ProgrammingError: 003001 (42501): 01c2ee17-3202-6cb7-0000-001490e6925d: SQL access control error:
Insufficient privileges to operate on schema 'PUBLIC'.
[2026-03-10T07:51:11.429+0000] {taskinstance.py:1206} INFO - Marking task as UP_FOR_RETRY. dag_id=transfer_from_minio_to_snowflake, task_id=create_raw, run_id=scheduled__2026-03-10T07:45:00+00:00, execution_date=20260310T074500, start_date=20260310T075108, end_date=20260310T075111
[2026-03-10T07:51:11.446+0000] {standard_task_runner.py:110} ERROR - Failed to execute job 16 for task create_raw (003001 (42501): 01c2ee17-3202-6cb7-0000-001490e6925d: SQL access control error:
Insufficient privileges to operate on schema 'PUBLIC'.; 432)
[2026-03-10T07:51:11.498+0000] {local_task_job_runner.py:243} INFO - Task exited with return code 1
[2026-03-10T07:51:11.524+0000] {taskinstance.py:3503} INFO - 0 downstream tasks scheduled from follow-on schedule check
[2026-03-10T07:51:11.525+0000] {local_task_job_runner.py:222} INFO - ::endgroup::
