[2026-03-27T11:35:27.244+0000] {local_task_job_runner.py:120} INFO - ::group::Pre task execution logs
[2026-03-27T11:35:27.259+0000] {taskinstance.py:2076} INFO - Dependencies all met for dep_context=non-requeueable deps ti=<TaskInstance: banking_01_bronze_layer.debug scheduled__2026-03-27T11:00:00+00:00 [queued]>
[2026-03-27T11:35:27.262+0000] {taskinstance.py:2076} INFO - Dependencies all met for dep_context=requeueable deps ti=<TaskInstance: banking_01_bronze_layer.debug scheduled__2026-03-27T11:00:00+00:00 [queued]>
[2026-03-27T11:35:27.262+0000] {taskinstance.py:2306} INFO - Starting attempt 2 of 2
[2026-03-27T11:35:27.268+0000] {taskinstance.py:2330} INFO - Executing <Task(BashOperator): debug> on 2026-03-27 11:00:00+00:00
[2026-03-27T11:35:27.270+0000] {standard_task_runner.py:64} INFO - Started process 33759 to run task
[2026-03-27T11:35:27.271+0000] {standard_task_runner.py:90} INFO - Running: ['***', 'tasks', 'run', 'banking_01_bronze_layer', 'debug', 'scheduled__2026-03-27T11:00:00+00:00', '--job-id', '5214', '--raw', '--subdir', 'DAGS_FOLDER/dbt.py', '--cfg-path', '/tmp/tmph1jwj736']
[2026-03-27T11:35:27.272+0000] {standard_task_runner.py:91} INFO - Job 5214: Subtask debug
[2026-03-27T11:35:27.298+0000] {task_command.py:426} INFO - Running <TaskInstance: banking_01_bronze_layer.debug scheduled__2026-03-27T11:00:00+00:00 [running]> on host c990dffe13ae
[2026-03-27T11:35:27.339+0000] {taskinstance.py:2648} INFO - Exporting env vars: AIRFLOW_CTX_DAG_OWNER='risheek' AIRFLOW_CTX_DAG_ID='banking_01_bronze_layer' AIRFLOW_CTX_TASK_ID='debug' AIRFLOW_CTX_EXECUTION_DATE='2026-03-27T11:00:00+00:00' AIRFLOW_CTX_TRY_NUMBER='2' AIRFLOW_CTX_DAG_RUN_ID='scheduled__2026-03-27T11:00:00+00:00'
[2026-03-27T11:35:27.340+0000] {taskinstance.py:430} INFO - ::endgroup::
[2026-03-27T11:35:27.340+0000] {subprocess.py:78} INFO - Tmp dir root location: /tmp
[2026-03-27T11:35:27.340+0000] {subprocess.py:88} INFO - Running command: ['/usr/bin/bash', '-c', 'dbt debug --profiles-dir /opt/***/dbt/trans_snowf']
[2026-03-27T11:35:27.344+0000] {subprocess.py:99} INFO - Output:
[2026-03-27T11:35:28.588+0000] {subprocess.py:106} INFO - [0m11:35:28  Running with dbt=1.11.7
[2026-03-27T11:35:28.593+0000] {subprocess.py:106} INFO - [0m11:35:28  dbt version: 1.11.7
[2026-03-27T11:35:28.594+0000] {subprocess.py:106} INFO - [0m11:35:28  python version: 3.12.4
[2026-03-27T11:35:28.594+0000] {subprocess.py:106} INFO - [0m11:35:28  python path: /home/***/.local/bin/python
[2026-03-27T11:35:28.594+0000] {subprocess.py:106} INFO - [0m11:35:28  os info: Linux-6.12.76-linuxkit-aarch64-with-glibc2.36
[2026-03-27T11:35:28.969+0000] {subprocess.py:106} INFO - [0m11:35:28  Using profiles dir at /opt/***/dbt/trans_snowf
[2026-03-27T11:35:28.970+0000] {subprocess.py:106} INFO - [0m11:35:28  Using profiles.yml file at /opt/***/dbt/trans_snowf/profiles.yml
[2026-03-27T11:35:28.970+0000] {subprocess.py:106} INFO - [0m11:35:28  Using dbt_project.yml file at /opt/***/dbt/trans_snowf/dbt_project.yml
[2026-03-27T11:35:28.971+0000] {subprocess.py:106} INFO - [0m11:35:28  adapter type: snowflake
[2026-03-27T11:35:28.971+0000] {subprocess.py:106} INFO - [0m11:35:28  adapter version: 1.11.3
[2026-03-27T11:35:29.023+0000] {subprocess.py:106} INFO - [0m11:35:29  Configuration:
[2026-03-27T11:35:29.023+0000] {subprocess.py:106} INFO - [0m11:35:29    profiles.yml file [[32mOK found and valid[0m]
[2026-03-27T11:35:29.023+0000] {subprocess.py:106} INFO - [0m11:35:29    dbt_project.yml file [[32mOK found and valid[0m]
[2026-03-27T11:35:29.024+0000] {subprocess.py:106} INFO - [0m11:35:29  Required dependencies:
[2026-03-27T11:35:29.025+0000] {subprocess.py:106} INFO - [0m11:35:29   - git [[31mERROR[0m]
[2026-03-27T11:35:29.025+0000] {subprocess.py:106} INFO - 
[2026-03-27T11:35:29.025+0000] {subprocess.py:106} INFO - [0m11:35:29  Connection:
[2026-03-27T11:35:29.025+0000] {subprocess.py:106} INFO - [0m11:35:29    account: BBMCDSP-CT02489
[2026-03-27T11:35:29.026+0000] {subprocess.py:106} INFO - [0m11:35:29    user: user123
[2026-03-27T11:35:29.026+0000] {subprocess.py:106} INFO - [0m11:35:29    database: BANKING
[2026-03-27T11:35:29.026+0000] {subprocess.py:106} INFO - [0m11:35:29    warehouse: COMPUTE_WH
[2026-03-27T11:35:29.027+0000] {subprocess.py:106} INFO - [0m11:35:29    role: dbtadmin
[2026-03-27T11:35:29.027+0000] {subprocess.py:106} INFO - [0m11:35:29    schema: PUBLIC
[2026-03-27T11:35:29.027+0000] {subprocess.py:106} INFO - [0m11:35:29    authenticator: None
[2026-03-27T11:35:29.027+0000] {subprocess.py:106} INFO - [0m11:35:29    oauth_client_id: None
[2026-03-27T11:35:29.028+0000] {subprocess.py:106} INFO - [0m11:35:29    query_tag: None
[2026-03-27T11:35:29.028+0000] {subprocess.py:106} INFO - [0m11:35:29    client_session_keep_alive: False
[2026-03-27T11:35:29.028+0000] {subprocess.py:106} INFO - [0m11:35:29    host: None
[2026-03-27T11:35:29.029+0000] {subprocess.py:106} INFO - [0m11:35:29    port: None
[2026-03-27T11:35:29.029+0000] {subprocess.py:106} INFO - [0m11:35:29    proxy_host: None
[2026-03-27T11:35:29.029+0000] {subprocess.py:106} INFO - [0m11:35:29    proxy_port: None
[2026-03-27T11:35:29.030+0000] {subprocess.py:106} INFO - [0m11:35:29    protocol: None
[2026-03-27T11:35:29.030+0000] {subprocess.py:106} INFO - [0m11:35:29    connect_retries: 1
[2026-03-27T11:35:29.030+0000] {subprocess.py:106} INFO - [0m11:35:29    connect_timeout: None
[2026-03-27T11:35:29.030+0000] {subprocess.py:106} INFO - [0m11:35:29    retry_on_database_errors: False
[2026-03-27T11:35:29.031+0000] {subprocess.py:106} INFO - [0m11:35:29    retry_all: False
[2026-03-27T11:35:29.031+0000] {subprocess.py:106} INFO - [0m11:35:29    insecure_mode: False
[2026-03-27T11:35:29.031+0000] {subprocess.py:106} INFO - [0m11:35:29    reuse_connections: True
[2026-03-27T11:35:29.032+0000] {subprocess.py:106} INFO - [0m11:35:29    s3_stage_vpce_dns_name: None
[2026-03-27T11:35:29.032+0000] {subprocess.py:106} INFO - [0m11:35:29    platform_detection_timeout_seconds: 0.0
[2026-03-27T11:35:29.032+0000] {subprocess.py:106} INFO - [0m11:35:29  Registered adapter: snowflake=1.11.3
[2026-03-27T11:35:29.896+0000] {subprocess.py:106} INFO - [0m11:35:29    Connection test: [[32mOK connection ok[0m]
[2026-03-27T11:35:29.897+0000] {subprocess.py:106} INFO - 
[2026-03-27T11:35:29.898+0000] {subprocess.py:106} INFO - [0m11:35:29  [31m1 check failed:[0m
[2026-03-27T11:35:29.899+0000] {subprocess.py:106} INFO - [0m11:35:29  Error from git --help: Could not find command, ensure it is in the user's PATH: "git"
[2026-03-27T11:35:29.899+0000] {subprocess.py:106} INFO - 
[2026-03-27T11:35:31.693+0000] {subprocess.py:110} INFO - Command exited with return code 1
[2026-03-27T11:35:31.694+0000] {taskinstance.py:441} INFO - ::group::Post task execution logs
[2026-03-27T11:35:31.700+0000] {taskinstance.py:2905} ERROR - Task failed with exception
Traceback (most recent call last):
  File "/home/airflow/.local/lib/python3.12/site-packages/airflow/models/taskinstance.py", line 465, in _execute_task
    result = _execute_callable(context=context, **execute_callable_kwargs)
             ^^^^^^^^^^^^^^^^^^^^^^^^^^^^^^^^^^^^^^^^^^^^^^^^^^^^^^^^^^^^^
  File "/home/airflow/.local/lib/python3.12/site-packages/airflow/models/taskinstance.py", line 432, in _execute_callable
    return execute_callable(context=context, **execute_callable_kwargs)
           ^^^^^^^^^^^^^^^^^^^^^^^^^^^^^^^^^^^^^^^^^^^^^^^^^^^^^^^^^^^^
  File "/home/airflow/.local/lib/python3.12/site-packages/airflow/models/baseoperator.py", line 401, in wrapper
    return func(self, *args, **kwargs)
           ^^^^^^^^^^^^^^^^^^^^^^^^^^^
  File "/home/airflow/.local/lib/python3.12/site-packages/airflow/providers/standard/operators/bash.py", line 233, in execute
    raise AirflowException(
airflow.exceptions.AirflowException: Bash command failed. The command returned a non-zero exit code 1.
[2026-03-27T11:35:31.702+0000] {taskinstance.py:1206} INFO - Marking task as FAILED. dag_id=banking_01_bronze_layer, task_id=debug, run_id=scheduled__2026-03-27T11:00:00+00:00, execution_date=20260327T110000, start_date=20260327T113527, end_date=20260327T113531
[2026-03-27T11:35:31.709+0000] {standard_task_runner.py:110} ERROR - Failed to execute job 5214 for task debug (Bash command failed. The command returned a non-zero exit code 1.; 33759)
[2026-03-27T11:35:31.724+0000] {local_task_job_runner.py:243} INFO - Task exited with return code 1
[2026-03-27T11:35:31.734+0000] {taskinstance.py:3503} INFO - 0 downstream tasks scheduled from follow-on schedule check
[2026-03-27T11:35:31.734+0000] {local_task_job_runner.py:222} INFO - ::endgroup::
