[2026-03-29T10:00:17.283+0000] {local_task_job_runner.py:120} INFO - ::group::Pre task execution logs
[2026-03-29T10:00:17.298+0000] {taskinstance.py:2076} INFO - Dependencies all met for dep_context=non-requeueable deps ti=<TaskInstance: banking_01_bronze_layer.build_bronze_acc scheduled__2026-03-29T09:30:00+00:00 [queued]>
[2026-03-29T10:00:17.301+0000] {taskinstance.py:2076} INFO - Dependencies all met for dep_context=requeueable deps ti=<TaskInstance: banking_01_bronze_layer.build_bronze_acc scheduled__2026-03-29T09:30:00+00:00 [queued]>
[2026-03-29T10:00:17.301+0000] {taskinstance.py:2306} INFO - Starting attempt 1 of 2
[2026-03-29T10:00:17.307+0000] {taskinstance.py:2330} INFO - Executing <Task(BashOperator): build_bronze_acc> on 2026-03-29 09:30:00+00:00
[2026-03-29T10:00:17.309+0000] {standard_task_runner.py:64} INFO - Started process 682 to run task
[2026-03-29T10:00:17.311+0000] {standard_task_runner.py:90} INFO - Running: ['***', 'tasks', 'run', 'banking_01_bronze_layer', 'build_bronze_acc', 'scheduled__2026-03-29T09:30:00+00:00', '--job-id', '7201', '--raw', '--subdir', 'DAGS_FOLDER/dbt.py', '--cfg-path', '/tmp/tmppd5eu8fz']
[2026-03-29T10:00:17.312+0000] {standard_task_runner.py:91} INFO - Job 7201: Subtask build_bronze_acc
[2026-03-29T10:00:17.337+0000] {task_command.py:426} INFO - Running <TaskInstance: banking_01_bronze_layer.build_bronze_acc scheduled__2026-03-29T09:30:00+00:00 [running]> on host c990dffe13ae
[2026-03-29T10:00:17.378+0000] {taskinstance.py:2648} INFO - Exporting env vars: AIRFLOW_CTX_DAG_OWNER='risheek' AIRFLOW_CTX_DAG_ID='banking_01_bronze_layer' AIRFLOW_CTX_TASK_ID='build_bronze_acc' AIRFLOW_CTX_EXECUTION_DATE='2026-03-29T09:30:00+00:00' AIRFLOW_CTX_TRY_NUMBER='1' AIRFLOW_CTX_DAG_RUN_ID='scheduled__2026-03-29T09:30:00+00:00'
[2026-03-29T10:00:17.379+0000] {taskinstance.py:430} INFO - ::endgroup::
[2026-03-29T10:00:17.379+0000] {subprocess.py:78} INFO - Tmp dir root location: /tmp
[2026-03-29T10:00:17.380+0000] {subprocess.py:88} INFO - Running command: ['/usr/bin/bash', '-c', 'dbt build --select bronze_acc']
[2026-03-29T10:00:17.384+0000] {subprocess.py:99} INFO - Output:
[2026-03-29T10:00:18.568+0000] {subprocess.py:106} INFO - [0m10:00:18  Running with dbt=1.11.7
[2026-03-29T10:00:19.132+0000] {subprocess.py:106} INFO - [0m10:00:19  Registered adapter: snowflake=1.11.3
[2026-03-29T10:00:19.265+0000] {subprocess.py:106} INFO - [0m10:00:19  [[33mWARNING[0m]: Configuration paths exist in your dbt_project.yml file which do not apply to any resources.
[2026-03-29T10:00:19.266+0000] {subprocess.py:106} INFO - There are 1 unused configuration paths:
[2026-03-29T10:00:19.266+0000] {subprocess.py:106} INFO - - models.trans_snowf.example
[2026-03-29T10:00:19.361+0000] {subprocess.py:106} INFO - [0m10:00:19  Found 14 models, 3 sources, 522 macros
[2026-03-29T10:00:19.362+0000] {subprocess.py:106} INFO - [0m10:00:19
[2026-03-29T10:00:19.363+0000] {subprocess.py:106} INFO - [0m10:00:19  Concurrency: 1 threads (target='dev')
[2026-03-29T10:00:19.363+0000] {subprocess.py:106} INFO - [0m10:00:19
[2026-03-29T10:00:20.774+0000] {subprocess.py:106} INFO - [0m10:00:20  1 of 1 START sql incremental model PUBLIC_BRONZE.bronze_acc .................... [RUN]
[2026-03-29T10:00:23.626+0000] {subprocess.py:106} INFO - [0m10:00:23  1 of 1 OK created sql incremental model PUBLIC_BRONZE.bronze_acc ............... [[32mSUCCESS 0[0m in 2.85s]
[2026-03-29T10:00:23.849+0000] {subprocess.py:106} INFO - [0m10:00:23
[2026-03-29T10:00:23.852+0000] {subprocess.py:106} INFO - [0m10:00:23  Finished running 1 incremental model in 0 hours 0 minutes and 4.48 seconds (4.48s).
[2026-03-29T10:00:23.914+0000] {subprocess.py:106} INFO - [0m10:00:23
[2026-03-29T10:00:23.915+0000] {subprocess.py:106} INFO - [0m10:00:23  [32mCompleted successfully[0m
[2026-03-29T10:00:23.915+0000] {subprocess.py:106} INFO - [0m10:00:23
[2026-03-29T10:00:23.916+0000] {subprocess.py:106} INFO - [0m10:00:23  Done. PASS=1 WARN=0 ERROR=0 SKIP=0 NO-OP=0 TOTAL=1
[2026-03-29T10:00:25.810+0000] {subprocess.py:110} INFO - Command exited with return code 0
[2026-03-29T10:00:25.812+0000] {taskinstance.py:441} INFO - ::group::Post task execution logs
[2026-03-29T10:00:25.851+0000] {taskinstance.py:1206} INFO - Marking task as SUCCESS. dag_id=banking_01_bronze_layer, task_id=build_bronze_acc, run_id=scheduled__2026-03-29T09:30:00+00:00, execution_date=20260329T093000, start_date=20260329T100017, end_date=20260329T100025
[2026-03-29T10:00:25.870+0000] {local_task_job_runner.py:243} INFO - Task exited with return code 0
[2026-03-29T10:00:25.890+0000] {taskinstance.py:3503} INFO - 0 downstream tasks scheduled from follow-on schedule check
[2026-03-29T10:00:25.891+0000] {local_task_job_runner.py:222} INFO - ::endgroup::
