[2026-03-27T17:56:32.425+0000] {local_task_job_runner.py:120} INFO - ::group::Pre task execution logs
[2026-03-27T17:56:32.443+0000] {taskinstance.py:2076} INFO - Dependencies all met for dep_context=non-requeueable deps ti=<TaskInstance: transfer_from_minio_to_snowflake_accounts.create_raw scheduled__2026-03-27T17:50:00+00:00 [queued]>
[2026-03-27T17:56:32.447+0000] {taskinstance.py:2076} INFO - Dependencies all met for dep_context=requeueable deps ti=<TaskInstance: transfer_from_minio_to_snowflake_accounts.create_raw scheduled__2026-03-27T17:50:00+00:00 [queued]>
[2026-03-27T17:56:32.447+0000] {taskinstance.py:2306} INFO - Starting attempt 1 of 3
[2026-03-27T17:56:32.452+0000] {taskinstance.py:2330} INFO - Executing <Task(SQLExecuteQueryOperator): create_raw> on 2026-03-27 17:50:00+00:00
[2026-03-27T17:56:32.458+0000] {logging_mixin.py:188} WARNING - /home/***/.local/lib/python3.12/site-packages/***/task/task_runner/standard_task_runner.py:62 DeprecationWarning: This process (pid=39479) is multi-threaded, use of fork() may lead to deadlocks in the child.
[2026-03-27T17:56:32.457+0000] {standard_task_runner.py:90} INFO - Running: ['***', 'tasks', 'run', 'transfer_from_minio_to_snowflake_accounts', 'create_raw', 'scheduled__2026-03-27T17:50:00+00:00', '--job-id', '5495', '--raw', '--subdir', 'DAGS_FOLDER/transfer.py', '--cfg-path', '/tmp/tmplnmf_pdv']
[2026-03-27T17:56:32.459+0000] {standard_task_runner.py:91} INFO - Job 5495: Subtask create_raw
[2026-03-27T17:56:32.458+0000] {standard_task_runner.py:64} INFO - Started process 39491 to run task
[2026-03-27T17:56:32.489+0000] {task_command.py:426} INFO - Running <TaskInstance: transfer_from_minio_to_snowflake_accounts.create_raw scheduled__2026-03-27T17:50:00+00:00 [running]> on host c990dffe13ae
[2026-03-27T17:56:32.628+0000] {taskinstance.py:2648} INFO - Exporting env vars: AIRFLOW_CTX_DAG_OWNER='***' AIRFLOW_CTX_DAG_ID='transfer_from_minio_to_snowflake_accounts' AIRFLOW_CTX_TASK_ID='create_raw' AIRFLOW_CTX_EXECUTION_DATE='2026-03-27T17:50:00+00:00' AIRFLOW_CTX_TRY_NUMBER='1' AIRFLOW_CTX_DAG_RUN_ID='scheduled__2026-03-27T17:50:00+00:00'
[2026-03-27T17:56:32.629+0000] {taskinstance.py:430} INFO - ::endgroup::
[2026-03-27T17:56:32.629+0000] {sql.py:282} INFO - Executing:  CREATE TABLE IF NOT EXISTS RAW_ACCOUNTS (
                    raw_json VARIANT,
                    inserted_at TIMESTAMP_NTZ DEFAULT CURRENT_TIMESTAMP());
                  
[2026-03-27T17:56:32.635+0000] {base.py:84} INFO - Using connection ID 'warehouse_id' for task execution.
[2026-03-27T17:56:32.670+0000] {base.py:84} INFO - Using connection ID 'warehouse_id' for task execution.
[2026-03-27T17:56:32.717+0000] {connection.py:613} INFO - Snowflake Connector for Python Version: 4.3.0, Python Version: 3.12.4, Platform: Linux-6.12.76-linuxkit-aarch64-with-glibc2.36
[2026-03-27T17:56:32.718+0000] {connection.py:1709} INFO - Connecting to GLOBAL Snowflake domain
[2026-03-27T17:56:34.364+0000] {sql.py:495} INFO - Running statement: CREATE TABLE IF NOT EXISTS RAW_ACCOUNTS (
                    raw_json VARIANT,
                    inserted_at TIMESTAMP_NTZ DEFAULT CURRENT_TIMESTAMP());, parameters: None
[2026-03-27T17:56:34.566+0000] {sql.py:504} INFO - Rows affected: 1
[2026-03-27T17:56:34.567+0000] {snowflake.py:422} INFO - Rows affected: 1
[2026-03-27T17:56:34.567+0000] {snowflake.py:423} INFO - Snowflake query id: 01c35014-3202-8315-0014-90e60004c0ee
[2026-03-27T17:56:35.066+0000] {taskinstance.py:441} INFO - ::group::Post task execution logs
[2026-03-27T17:56:35.098+0000] {taskinstance.py:1206} INFO - Marking task as SUCCESS. dag_id=transfer_from_minio_to_snowflake_accounts, task_id=create_raw, run_id=scheduled__2026-03-27T17:50:00+00:00, execution_date=20260327T175000, start_date=20260327T175632, end_date=20260327T175635
[2026-03-27T17:56:35.141+0000] {local_task_job_runner.py:243} INFO - Task exited with return code 0
[2026-03-27T17:56:35.161+0000] {taskinstance.py:3503} INFO - 1 downstream tasks scheduled from follow-on schedule check
[2026-03-27T17:56:35.162+0000] {local_task_job_runner.py:222} INFO - ::endgroup::
