[2026-03-29T02:35:00.650+0000] {local_task_job_runner.py:120} INFO - ::group::Pre task execution logs
[2026-03-29T02:35:00.668+0000] {taskinstance.py:2076} INFO - Dependencies all met for dep_context=non-requeueable deps ti=<TaskInstance: banking_01_bronze_layer.debug scheduled__2026-03-29T01:00:00+00:00 [queued]>
[2026-03-29T02:35:00.671+0000] {taskinstance.py:2076} INFO - Dependencies all met for dep_context=requeueable deps ti=<TaskInstance: banking_01_bronze_layer.debug scheduled__2026-03-29T01:00:00+00:00 [queued]>
[2026-03-29T02:35:00.671+0000] {taskinstance.py:2306} INFO - Starting attempt 2 of 2
[2026-03-29T02:35:00.677+0000] {taskinstance.py:2330} INFO - Executing <Task(BashOperator): debug> on 2026-03-29 01:00:00+00:00
[2026-03-29T02:35:00.679+0000] {standard_task_runner.py:64} INFO - Started process 15614 to run task
[2026-03-29T02:35:00.681+0000] {standard_task_runner.py:90} INFO - Running: ['***', 'tasks', 'run', 'banking_01_bronze_layer', 'debug', 'scheduled__2026-03-29T01:00:00+00:00', '--job-id', '7062', '--raw', '--subdir', 'DAGS_FOLDER/dbt.py', '--cfg-path', '/tmp/tmp6zc4xl2t']
[2026-03-29T02:35:00.682+0000] {standard_task_runner.py:91} INFO - Job 7062: Subtask debug
[2026-03-29T02:35:00.715+0000] {task_command.py:426} INFO - Running <TaskInstance: banking_01_bronze_layer.debug scheduled__2026-03-29T01:00:00+00:00 [running]> on host c990dffe13ae
[2026-03-29T02:35:00.762+0000] {taskinstance.py:2648} INFO - Exporting env vars: AIRFLOW_CTX_DAG_OWNER='risheek' AIRFLOW_CTX_DAG_ID='banking_01_bronze_layer' AIRFLOW_CTX_TASK_ID='debug' AIRFLOW_CTX_EXECUTION_DATE='2026-03-29T01:00:00+00:00' AIRFLOW_CTX_TRY_NUMBER='2' AIRFLOW_CTX_DAG_RUN_ID='scheduled__2026-03-29T01:00:00+00:00'
[2026-03-29T02:35:00.763+0000] {taskinstance.py:430} INFO - ::endgroup::
[2026-03-29T02:35:00.763+0000] {subprocess.py:78} INFO - Tmp dir root location: /tmp
[2026-03-29T02:35:00.764+0000] {subprocess.py:88} INFO - Running command: ['/usr/bin/bash', '-c', 'dbt debug --profiles-dir /opt/***/dbt/trans_snowf']
[2026-03-29T02:35:00.767+0000] {subprocess.py:99} INFO - Output:
[2026-03-29T02:35:02.054+0000] {subprocess.py:106} INFO - [0m02:35:02  Running with dbt=1.11.7
[2026-03-29T02:35:02.060+0000] {subprocess.py:106} INFO - [0m02:35:02  dbt version: 1.11.7
[2026-03-29T02:35:02.061+0000] {subprocess.py:106} INFO - [0m02:35:02  python version: 3.12.4
[2026-03-29T02:35:02.061+0000] {subprocess.py:106} INFO - [0m02:35:02  python path: /home/***/.local/bin/python
[2026-03-29T02:35:02.061+0000] {subprocess.py:106} INFO - [0m02:35:02  os info: Linux-6.12.76-linuxkit-aarch64-with-glibc2.36
[2026-03-29T02:35:02.517+0000] {subprocess.py:106} INFO - [0m02:35:02  Using profiles dir at /opt/***/dbt/trans_snowf
[2026-03-29T02:35:02.518+0000] {subprocess.py:106} INFO - [0m02:35:02  Using profiles.yml file at /opt/***/dbt/trans_snowf/profiles.yml
[2026-03-29T02:35:02.518+0000] {subprocess.py:106} INFO - [0m02:35:02  Using dbt_project.yml file at /opt/***/dbt/trans_snowf/dbt_project.yml
[2026-03-29T02:35:02.519+0000] {subprocess.py:106} INFO - [0m02:35:02  adapter type: snowflake
[2026-03-29T02:35:02.519+0000] {subprocess.py:106} INFO - [0m02:35:02  adapter version: 1.11.3
[2026-03-29T02:35:02.580+0000] {subprocess.py:106} INFO - [0m02:35:02  Configuration:
[2026-03-29T02:35:02.581+0000] {subprocess.py:106} INFO - [0m02:35:02    profiles.yml file [[32mOK found and valid[0m]
[2026-03-29T02:35:02.581+0000] {subprocess.py:106} INFO - [0m02:35:02    dbt_project.yml file [[32mOK found and valid[0m]
[2026-03-29T02:35:02.582+0000] {subprocess.py:106} INFO - [0m02:35:02  Required dependencies:
[2026-03-29T02:35:02.583+0000] {subprocess.py:106} INFO - [0m02:35:02   - git [[31mERROR[0m]
[2026-03-29T02:35:02.583+0000] {subprocess.py:106} INFO - 
[2026-03-29T02:35:02.583+0000] {subprocess.py:106} INFO - [0m02:35:02  Connection:
[2026-03-29T02:35:02.584+0000] {subprocess.py:106} INFO - [0m02:35:02    account: BBMCDSP-CT02489
[2026-03-29T02:35:02.584+0000] {subprocess.py:106} INFO - [0m02:35:02    user: user123
[2026-03-29T02:35:02.584+0000] {subprocess.py:106} INFO - [0m02:35:02    database: BANKING
[2026-03-29T02:35:02.585+0000] {subprocess.py:106} INFO - [0m02:35:02    warehouse: COMPUTE_WH
[2026-03-29T02:35:02.585+0000] {subprocess.py:106} INFO - [0m02:35:02    role: dbtadmin
[2026-03-29T02:35:02.586+0000] {subprocess.py:106} INFO - [0m02:35:02    schema: PUBLIC
[2026-03-29T02:35:02.586+0000] {subprocess.py:106} INFO - [0m02:35:02    authenticator: None
[2026-03-29T02:35:02.586+0000] {subprocess.py:106} INFO - [0m02:35:02    oauth_client_id: None
[2026-03-29T02:35:02.587+0000] {subprocess.py:106} INFO - [0m02:35:02    query_tag: None
[2026-03-29T02:35:02.587+0000] {subprocess.py:106} INFO - [0m02:35:02    client_session_keep_alive: False
[2026-03-29T02:35:02.587+0000] {subprocess.py:106} INFO - [0m02:35:02    host: None
[2026-03-29T02:35:02.588+0000] {subprocess.py:106} INFO - [0m02:35:02    port: None
[2026-03-29T02:35:02.588+0000] {subprocess.py:106} INFO - [0m02:35:02    proxy_host: None
[2026-03-29T02:35:02.588+0000] {subprocess.py:106} INFO - [0m02:35:02    proxy_port: None
[2026-03-29T02:35:02.589+0000] {subprocess.py:106} INFO - [0m02:35:02    protocol: None
[2026-03-29T02:35:02.589+0000] {subprocess.py:106} INFO - [0m02:35:02    connect_retries: 1
[2026-03-29T02:35:02.589+0000] {subprocess.py:106} INFO - [0m02:35:02    connect_timeout: None
[2026-03-29T02:35:02.590+0000] {subprocess.py:106} INFO - [0m02:35:02    retry_on_database_errors: False
[2026-03-29T02:35:02.590+0000] {subprocess.py:106} INFO - [0m02:35:02    retry_all: False
[2026-03-29T02:35:02.590+0000] {subprocess.py:106} INFO - [0m02:35:02    insecure_mode: False
[2026-03-29T02:35:02.590+0000] {subprocess.py:106} INFO - [0m02:35:02    reuse_connections: True
[2026-03-29T02:35:02.591+0000] {subprocess.py:106} INFO - [0m02:35:02    s3_stage_vpce_dns_name: None
[2026-03-29T02:35:02.591+0000] {subprocess.py:106} INFO - [0m02:35:02    platform_detection_timeout_seconds: 0.0
[2026-03-29T02:35:02.592+0000] {subprocess.py:106} INFO - [0m02:35:02  Registered adapter: snowflake=1.11.3
[2026-03-29T02:35:03.499+0000] {subprocess.py:106} INFO - [0m02:35:03    Connection test: [[32mOK connection ok[0m]
[2026-03-29T02:35:03.501+0000] {subprocess.py:106} INFO - 
[2026-03-29T02:35:03.501+0000] {subprocess.py:106} INFO - [0m02:35:03  [31m1 check failed:[0m
[2026-03-29T02:35:03.502+0000] {subprocess.py:106} INFO - [0m02:35:03  Error from git --help: Could not find command, ensure it is in the user's PATH: "git"
[2026-03-29T02:35:03.502+0000] {subprocess.py:106} INFO - 
[2026-03-29T02:35:05.247+0000] {subprocess.py:110} INFO - Command exited with return code 1
[2026-03-29T02:35:05.248+0000] {taskinstance.py:441} INFO - ::group::Post task execution logs
[2026-03-29T02:35:05.272+0000] {taskinstance.py:2905} ERROR - Task failed with exception
Traceback (most recent call last):
  File "/home/airflow/.local/lib/python3.12/site-packages/airflow/models/taskinstance.py", line 465, in _execute_task
    result = _execute_callable(context=context, **execute_callable_kwargs)
             ^^^^^^^^^^^^^^^^^^^^^^^^^^^^^^^^^^^^^^^^^^^^^^^^^^^^^^^^^^^^^
  File "/home/airflow/.local/lib/python3.12/site-packages/airflow/models/taskinstance.py", line 432, in _execute_callable
    return execute_callable(context=context, **execute_callable_kwargs)
           ^^^^^^^^^^^^^^^^^^^^^^^^^^^^^^^^^^^^^^^^^^^^^^^^^^^^^^^^^^^^
  File "/home/airflow/.local/lib/python3.12/site-packages/airflow/models/baseoperator.py", line 401, in wrapper
    return func(self, *args, **kwargs)
           ^^^^^^^^^^^^^^^^^^^^^^^^^^^
  File "/home/airflow/.local/lib/python3.12/site-packages/airflow/providers/standard/operators/bash.py", line 233, in execute
    raise AirflowException(
airflow.exceptions.AirflowException: Bash command failed. The command returned a non-zero exit code 1.
[2026-03-29T02:35:05.276+0000] {taskinstance.py:1206} INFO - Marking task as FAILED. dag_id=banking_01_bronze_layer, task_id=debug, run_id=scheduled__2026-03-29T01:00:00+00:00, execution_date=20260329T010000, start_date=20260329T023500, end_date=20260329T023505
[2026-03-29T02:35:05.292+0000] {standard_task_runner.py:110} ERROR - Failed to execute job 7062 for task debug (Bash command failed. The command returned a non-zero exit code 1.; 15614)
[2026-03-29T02:35:05.320+0000] {local_task_job_runner.py:243} INFO - Task exited with return code 1
[2026-03-29T02:35:05.344+0000] {taskinstance.py:3503} INFO - 0 downstream tasks scheduled from follow-on schedule check
[2026-03-29T02:35:05.346+0000] {local_task_job_runner.py:222} INFO - ::endgroup::
