[2026-03-28T22:01:29.344+0000] {local_task_job_runner.py:120} INFO - ::group::Pre task execution logs
[2026-03-28T22:01:29.358+0000] {taskinstance.py:2076} INFO - Dependencies all met for dep_context=non-requeueable deps ti=<TaskInstance: banking_01_bronze_layer.build_bronze_trans scheduled__2026-03-28T21:30:00+00:00 [queued]>
[2026-03-28T22:01:29.361+0000] {taskinstance.py:2076} INFO - Dependencies all met for dep_context=requeueable deps ti=<TaskInstance: banking_01_bronze_layer.build_bronze_trans scheduled__2026-03-28T21:30:00+00:00 [queued]>
[2026-03-28T22:01:29.361+0000] {taskinstance.py:2306} INFO - Starting attempt 1 of 2
[2026-03-28T22:01:29.367+0000] {taskinstance.py:2330} INFO - Executing <Task(BashOperator): build_bronze_trans> on 2026-03-28 21:30:00+00:00
[2026-03-28T22:01:29.369+0000] {standard_task_runner.py:64} INFO - Started process 13754 to run task
[2026-03-28T22:01:29.370+0000] {standard_task_runner.py:90} INFO - Running: ['***', 'tasks', 'run', 'banking_01_bronze_layer', 'build_bronze_trans', 'scheduled__2026-03-28T21:30:00+00:00', '--job-id', '6993', '--raw', '--subdir', 'DAGS_FOLDER/dbt.py', '--cfg-path', '/tmp/tmp4d5fb45l']
[2026-03-28T22:01:29.371+0000] {standard_task_runner.py:91} INFO - Job 6993: Subtask build_bronze_trans
[2026-03-28T22:01:29.398+0000] {task_command.py:426} INFO - Running <TaskInstance: banking_01_bronze_layer.build_bronze_trans scheduled__2026-03-28T21:30:00+00:00 [running]> on host c990dffe13ae
[2026-03-28T22:01:29.439+0000] {taskinstance.py:2648} INFO - Exporting env vars: AIRFLOW_CTX_DAG_OWNER='risheek' AIRFLOW_CTX_DAG_ID='banking_01_bronze_layer' AIRFLOW_CTX_TASK_ID='build_bronze_trans' AIRFLOW_CTX_EXECUTION_DATE='2026-03-28T21:30:00+00:00' AIRFLOW_CTX_TRY_NUMBER='1' AIRFLOW_CTX_DAG_RUN_ID='scheduled__2026-03-28T21:30:00+00:00'
[2026-03-28T22:01:29.440+0000] {taskinstance.py:430} INFO - ::endgroup::
[2026-03-28T22:01:29.440+0000] {subprocess.py:78} INFO - Tmp dir root location: /tmp
[2026-03-28T22:01:29.441+0000] {subprocess.py:88} INFO - Running command: ['/usr/bin/bash', '-c', 'dbt build --select bronze_trans']
[2026-03-28T22:01:29.444+0000] {subprocess.py:99} INFO - Output:
[2026-03-28T22:01:30.612+0000] {subprocess.py:106} INFO - [0m22:01:30  Running with dbt=1.11.7
[2026-03-28T22:01:31.103+0000] {subprocess.py:106} INFO - [0m22:01:31  Registered adapter: snowflake=1.11.3
[2026-03-28T22:01:31.254+0000] {subprocess.py:106} INFO - [0m22:01:31  [[33mWARNING[0m]: Configuration paths exist in your dbt_project.yml file which do not apply to any resources.
[2026-03-28T22:01:31.255+0000] {subprocess.py:106} INFO - There are 1 unused configuration paths:
[2026-03-28T22:01:31.255+0000] {subprocess.py:106} INFO - - models.trans_snowf.example
[2026-03-28T22:01:31.358+0000] {subprocess.py:106} INFO - [0m22:01:31  Found 14 models, 3 sources, 522 macros
[2026-03-28T22:01:31.359+0000] {subprocess.py:106} INFO - [0m22:01:31
[2026-03-28T22:01:31.360+0000] {subprocess.py:106} INFO - [0m22:01:31  Concurrency: 1 threads (target='dev')
[2026-03-28T22:01:31.360+0000] {subprocess.py:106} INFO - [0m22:01:31
[2026-03-28T22:01:33.630+0000] {subprocess.py:106} INFO - [0m22:01:33  1 of 1 START sql incremental model PUBLIC_BRONZE.bronze_trans .................. [RUN]
[2026-03-28T22:25:23.308+0000] {subprocess.py:106} INFO - [0m22:25:23  1 of 1 OK created sql incremental model PUBLIC_BRONZE.bronze_trans ............. [[32mSUCCESS 0[0m in 1429.66s]
[2026-03-28T22:25:24.351+0000] {subprocess.py:106} INFO - [0m22:25:24
[2026-03-28T22:25:24.355+0000] {subprocess.py:106} INFO - [0m22:25:24  Finished running 1 incremental model in 0 hours 23 minutes and 52.99 seconds (1432.99s).
[2026-03-28T22:25:24.429+0000] {subprocess.py:106} INFO - [0m22:25:24
[2026-03-28T22:25:24.430+0000] {subprocess.py:106} INFO - [0m22:25:24  [32mCompleted successfully[0m
[2026-03-28T22:25:24.432+0000] {subprocess.py:106} INFO - [0m22:25:24
[2026-03-28T22:25:24.433+0000] {subprocess.py:106} INFO - [0m22:25:24  Done. PASS=1 WARN=0 ERROR=0 SKIP=0 NO-OP=0 TOTAL=1
[2026-03-28T22:25:25.356+0000] {subprocess.py:110} INFO - Command exited with return code 0
[2026-03-28T22:25:25.358+0000] {taskinstance.py:441} INFO - ::group::Post task execution logs
[2026-03-28T22:25:25.402+0000] {taskinstance.py:1206} INFO - Marking task as SUCCESS. dag_id=banking_01_bronze_layer, task_id=build_bronze_trans, run_id=scheduled__2026-03-28T21:30:00+00:00, execution_date=20260328T213000, start_date=20260328T220129, end_date=20260328T222525
[2026-03-28T22:25:25.447+0000] {local_task_job_runner.py:243} INFO - Task exited with return code 0
[2026-03-28T22:25:25.462+0000] {taskinstance.py:3503} INFO - 0 downstream tasks scheduled from follow-on schedule check
[2026-03-28T22:25:25.463+0000] {local_task_job_runner.py:222} INFO - ::endgroup::
