[2026-03-30T11:45:29.652+0000] {local_task_job_runner.py:120} INFO - ::group::Pre task execution logs
[2026-03-30T11:45:29.668+0000] {taskinstance.py:2076} INFO - Dependencies all met for dep_context=non-requeueable deps ti=<TaskInstance: banking_01_bronze_layer.build_bronze_trans scheduled__2026-03-30T10:30:00+00:00 [queued]>
[2026-03-30T11:45:29.672+0000] {taskinstance.py:2076} INFO - Dependencies all met for dep_context=requeueable deps ti=<TaskInstance: banking_01_bronze_layer.build_bronze_trans scheduled__2026-03-30T10:30:00+00:00 [queued]>
[2026-03-30T11:45:29.672+0000] {taskinstance.py:2306} INFO - Starting attempt 1 of 2
[2026-03-30T11:45:29.678+0000] {taskinstance.py:2330} INFO - Executing <Task(BashOperator): build_bronze_trans> on 2026-03-30 10:30:00+00:00
[2026-03-30T11:45:29.681+0000] {standard_task_runner.py:64} INFO - Started process 9543 to run task
[2026-03-30T11:45:29.683+0000] {standard_task_runner.py:90} INFO - Running: ['***', 'tasks', 'run', 'banking_01_bronze_layer', 'build_bronze_trans', 'scheduled__2026-03-30T10:30:00+00:00', '--job-id', '7957', '--raw', '--subdir', 'DAGS_FOLDER/dbt.py', '--cfg-path', '/tmp/tmpoxqr_vlh']
[2026-03-30T11:45:29.686+0000] {standard_task_runner.py:91} INFO - Job 7957: Subtask build_bronze_trans
[2026-03-30T11:45:29.737+0000] {task_command.py:426} INFO - Running <TaskInstance: banking_01_bronze_layer.build_bronze_trans scheduled__2026-03-30T10:30:00+00:00 [running]> on host c990dffe13ae
[2026-03-30T11:45:29.805+0000] {taskinstance.py:2648} INFO - Exporting env vars: AIRFLOW_CTX_DAG_OWNER='risheek' AIRFLOW_CTX_DAG_ID='banking_01_bronze_layer' AIRFLOW_CTX_TASK_ID='build_bronze_trans' AIRFLOW_CTX_EXECUTION_DATE='2026-03-30T10:30:00+00:00' AIRFLOW_CTX_TRY_NUMBER='1' AIRFLOW_CTX_DAG_RUN_ID='scheduled__2026-03-30T10:30:00+00:00'
[2026-03-30T11:45:29.806+0000] {taskinstance.py:430} INFO - ::endgroup::
[2026-03-30T11:45:29.807+0000] {subprocess.py:78} INFO - Tmp dir root location: /tmp
[2026-03-30T11:45:29.808+0000] {subprocess.py:88} INFO - Running command: ['/usr/bin/bash', '-c', 'dbt build --select bronze_trans']
[2026-03-30T11:45:29.812+0000] {subprocess.py:99} INFO - Output:
[2026-03-30T11:45:31.504+0000] {subprocess.py:106} INFO - [0m11:45:31  Running with dbt=1.11.7
[2026-03-30T11:45:32.286+0000] {subprocess.py:106} INFO - [0m11:45:32  Registered adapter: snowflake=1.11.3
[2026-03-30T11:45:32.477+0000] {subprocess.py:106} INFO - [0m11:45:32  [[33mWARNING[0m]: Configuration paths exist in your dbt_project.yml file which do not apply to any resources.
[2026-03-30T11:45:32.478+0000] {subprocess.py:106} INFO - There are 1 unused configuration paths:
[2026-03-30T11:45:32.478+0000] {subprocess.py:106} INFO - - models.trans_snowf.example
[2026-03-30T11:45:32.613+0000] {subprocess.py:106} INFO - [0m11:45:32  Found 14 models, 3 sources, 522 macros
[2026-03-30T11:45:32.615+0000] {subprocess.py:106} INFO - [0m11:45:32
[2026-03-30T11:45:32.616+0000] {subprocess.py:106} INFO - [0m11:45:32  Concurrency: 1 threads (target='dev')
[2026-03-30T11:45:32.616+0000] {subprocess.py:106} INFO - [0m11:45:32
[2026-03-30T11:45:34.584+0000] {subprocess.py:106} INFO - [0m11:45:34  1 of 1 START sql incremental model PUBLIC_BRONZE.bronze_trans .................. [RUN]
[2026-03-30T11:45:37.011+0000] {subprocess.py:106} INFO - [0m11:45:37  1 of 1 OK created sql incremental model PUBLIC_BRONZE.bronze_trans ............. [[32mSUCCESS 0[0m in 2.42s]
[2026-03-30T11:45:37.247+0000] {subprocess.py:106} INFO - [0m11:45:37
[2026-03-30T11:45:37.249+0000] {subprocess.py:106} INFO - [0m11:45:37  Finished running 1 incremental model in 0 hours 0 minutes and 4.63 seconds (4.63s).
[2026-03-30T11:45:37.311+0000] {subprocess.py:106} INFO - [0m11:45:37
[2026-03-30T11:45:37.312+0000] {subprocess.py:106} INFO - [0m11:45:37  [32mCompleted successfully[0m
[2026-03-30T11:45:37.312+0000] {subprocess.py:106} INFO - [0m11:45:37
[2026-03-30T11:45:37.313+0000] {subprocess.py:106} INFO - [0m11:45:37  Done. PASS=1 WARN=0 ERROR=0 SKIP=0 NO-OP=0 TOTAL=1
[2026-03-30T11:45:39.012+0000] {subprocess.py:110} INFO - Command exited with return code 0
[2026-03-30T11:45:39.014+0000] {taskinstance.py:441} INFO - ::group::Post task execution logs
[2026-03-30T11:45:39.068+0000] {taskinstance.py:1206} INFO - Marking task as SUCCESS. dag_id=banking_01_bronze_layer, task_id=build_bronze_trans, run_id=scheduled__2026-03-30T10:30:00+00:00, execution_date=20260330T103000, start_date=20260330T114529, end_date=20260330T114539
[2026-03-30T11:45:39.097+0000] {local_task_job_runner.py:243} INFO - Task exited with return code 0
[2026-03-30T11:45:39.117+0000] {taskinstance.py:3503} INFO - 0 downstream tasks scheduled from follow-on schedule check
[2026-03-30T11:45:39.118+0000] {local_task_job_runner.py:222} INFO - ::endgroup::
