[2026-03-30T00:32:40.900+0000] {local_task_job_runner.py:120} INFO - ::group::Pre task execution logs
[2026-03-30T00:32:40.916+0000] {taskinstance.py:2076} INFO - Dependencies all met for dep_context=non-requeueable deps ti=<TaskInstance: banking_01_bronze_layer.build_bronze_cust scheduled__2026-03-29T23:30:00+00:00 [queued]>
[2026-03-30T00:32:40.920+0000] {taskinstance.py:2076} INFO - Dependencies all met for dep_context=requeueable deps ti=<TaskInstance: banking_01_bronze_layer.build_bronze_cust scheduled__2026-03-29T23:30:00+00:00 [queued]>
[2026-03-30T00:32:40.920+0000] {taskinstance.py:2306} INFO - Starting attempt 1 of 2
[2026-03-30T00:32:40.927+0000] {taskinstance.py:2330} INFO - Executing <Task(BashOperator): build_bronze_cust> on 2026-03-29 23:30:00+00:00
[2026-03-30T00:32:40.930+0000] {standard_task_runner.py:64} INFO - Started process 6294 to run task
[2026-03-30T00:32:40.932+0000] {standard_task_runner.py:90} INFO - Running: ['***', 'tasks', 'run', 'banking_01_bronze_layer', 'build_bronze_cust', 'scheduled__2026-03-29T23:30:00+00:00', '--job-id', '7377', '--raw', '--subdir', 'DAGS_FOLDER/dbt.py', '--cfg-path', '/tmp/tmpec2zx8dg']
[2026-03-30T00:32:40.933+0000] {standard_task_runner.py:91} INFO - Job 7377: Subtask build_bronze_cust
[2026-03-30T00:32:40.962+0000] {task_command.py:426} INFO - Running <TaskInstance: banking_01_bronze_layer.build_bronze_cust scheduled__2026-03-29T23:30:00+00:00 [running]> on host c990dffe13ae
[2026-03-30T00:32:41.007+0000] {taskinstance.py:2648} INFO - Exporting env vars: AIRFLOW_CTX_DAG_OWNER='risheek' AIRFLOW_CTX_DAG_ID='banking_01_bronze_layer' AIRFLOW_CTX_TASK_ID='build_bronze_cust' AIRFLOW_CTX_EXECUTION_DATE='2026-03-29T23:30:00+00:00' AIRFLOW_CTX_TRY_NUMBER='1' AIRFLOW_CTX_DAG_RUN_ID='scheduled__2026-03-29T23:30:00+00:00'
[2026-03-30T00:32:41.007+0000] {taskinstance.py:430} INFO - ::endgroup::
[2026-03-30T00:32:41.008+0000] {subprocess.py:78} INFO - Tmp dir root location: /tmp
[2026-03-30T00:32:41.008+0000] {subprocess.py:88} INFO - Running command: ['/usr/bin/bash', '-c', 'dbt build --select bronze_cust']
[2026-03-30T00:32:41.012+0000] {subprocess.py:99} INFO - Output:
[2026-03-30T00:32:42.345+0000] {subprocess.py:106} INFO - [0m00:32:42  Running with dbt=1.11.7
[2026-03-30T00:32:42.868+0000] {subprocess.py:106} INFO - [0m00:32:42  Registered adapter: snowflake=1.11.3
[2026-03-30T00:32:43.032+0000] {subprocess.py:106} INFO - [0m00:32:43  [[33mWARNING[0m]: Configuration paths exist in your dbt_project.yml file which do not apply to any resources.
[2026-03-30T00:32:43.032+0000] {subprocess.py:106} INFO - There are 1 unused configuration paths:
[2026-03-30T00:32:43.033+0000] {subprocess.py:106} INFO - - models.trans_snowf.example
[2026-03-30T00:32:43.155+0000] {subprocess.py:106} INFO - [0m00:32:43  Found 14 models, 3 sources, 522 macros
[2026-03-30T00:32:43.156+0000] {subprocess.py:106} INFO - [0m00:32:43
[2026-03-30T00:32:43.157+0000] {subprocess.py:106} INFO - [0m00:32:43  Concurrency: 1 threads (target='dev')
[2026-03-30T00:32:43.157+0000] {subprocess.py:106} INFO - [0m00:32:43
[2026-03-30T00:32:44.722+0000] {subprocess.py:106} INFO - [0m00:32:44  1 of 1 START sql incremental model PUBLIC_BRONZE.bronze_cust ................... [RUN]
[2026-03-30T00:32:47.458+0000] {subprocess.py:106} INFO - [0m00:32:47  1 of 1 OK created sql incremental model PUBLIC_BRONZE.bronze_cust .............. [[32mSUCCESS 0[0m in 2.73s]
[2026-03-30T00:32:48.026+0000] {subprocess.py:106} INFO - [0m00:32:48
[2026-03-30T00:32:48.029+0000] {subprocess.py:106} INFO - [0m00:32:48  Finished running 1 incremental model in 0 hours 0 minutes and 4.87 seconds (4.87s).
[2026-03-30T00:32:48.097+0000] {subprocess.py:106} INFO - [0m00:32:48
[2026-03-30T00:32:48.098+0000] {subprocess.py:106} INFO - [0m00:32:48  [32mCompleted successfully[0m
[2026-03-30T00:32:48.098+0000] {subprocess.py:106} INFO - [0m00:32:48
[2026-03-30T00:32:48.099+0000] {subprocess.py:106} INFO - [0m00:32:48  Done. PASS=1 WARN=0 ERROR=0 SKIP=0 NO-OP=0 TOTAL=1
[2026-03-30T00:32:50.406+0000] {subprocess.py:110} INFO - Command exited with return code 0
[2026-03-30T00:32:50.407+0000] {taskinstance.py:441} INFO - ::group::Post task execution logs
[2026-03-30T00:32:50.435+0000] {taskinstance.py:1206} INFO - Marking task as SUCCESS. dag_id=banking_01_bronze_layer, task_id=build_bronze_cust, run_id=scheduled__2026-03-29T23:30:00+00:00, execution_date=20260329T233000, start_date=20260330T003240, end_date=20260330T003250
[2026-03-30T00:32:50.464+0000] {local_task_job_runner.py:243} INFO - Task exited with return code 0
[2026-03-30T00:32:50.480+0000] {taskinstance.py:3503} INFO - 0 downstream tasks scheduled from follow-on schedule check
[2026-03-30T00:32:50.480+0000] {local_task_job_runner.py:222} INFO - ::endgroup::
