[2026-03-28T11:02:45.588+0000] {local_task_job_runner.py:120} INFO - ::group::Pre task execution logs
[2026-03-28T11:02:45.607+0000] {taskinstance.py:2076} INFO - Dependencies all met for dep_context=non-requeueable deps ti=<TaskInstance: transfer_from_minio_to_snowflake_customers.copy_json_to_variant scheduled__2026-03-28T09:16:00+00:00 [queued]>
[2026-03-28T11:02:45.613+0000] {taskinstance.py:2076} INFO - Dependencies all met for dep_context=requeueable deps ti=<TaskInstance: transfer_from_minio_to_snowflake_customers.copy_json_to_variant scheduled__2026-03-28T09:16:00+00:00 [queued]>
[2026-03-28T11:02:45.613+0000] {taskinstance.py:2306} INFO - Starting attempt 1 of 3
[2026-03-28T11:02:45.620+0000] {taskinstance.py:2330} INFO - Executing <Task(SQLExecuteQueryOperator): copy_json_to_variant> on 2026-03-28 09:16:00+00:00
[2026-03-28T11:02:45.627+0000] {standard_task_runner.py:90} INFO - Running: ['***', 'tasks', 'run', 'transfer_from_minio_to_snowflake_customers', 'copy_json_to_variant', 'scheduled__2026-03-28T09:16:00+00:00', '--job-id', '6378', '--raw', '--subdir', 'DAGS_FOLDER/transfer.py', '--cfg-path', '/tmp/tmprhc_m5bj']
[2026-03-28T11:02:45.630+0000] {standard_task_runner.py:91} INFO - Job 6378: Subtask copy_json_to_variant
[2026-03-28T11:02:45.630+0000] {logging_mixin.py:188} WARNING - /home/***/.local/lib/python3.12/site-packages/***/task/task_runner/standard_task_runner.py:62 DeprecationWarning: This process (pid=57175) is multi-threaded, use of fork() may lead to deadlocks in the child.
[2026-03-28T11:02:45.632+0000] {standard_task_runner.py:64} INFO - Started process 57187 to run task
[2026-03-28T11:02:45.669+0000] {task_command.py:426} INFO - Running <TaskInstance: transfer_from_minio_to_snowflake_customers.copy_json_to_variant scheduled__2026-03-28T09:16:00+00:00 [running]> on host c990dffe13ae
[2026-03-28T11:02:45.905+0000] {taskinstance.py:2648} INFO - Exporting env vars: AIRFLOW_CTX_DAG_OWNER='***' AIRFLOW_CTX_DAG_ID='transfer_from_minio_to_snowflake_customers' AIRFLOW_CTX_TASK_ID='copy_json_to_variant' AIRFLOW_CTX_EXECUTION_DATE='2026-03-28T09:16:00+00:00' AIRFLOW_CTX_TRY_NUMBER='1' AIRFLOW_CTX_DAG_RUN_ID='scheduled__2026-03-28T09:16:00+00:00'
[2026-03-28T11:02:45.906+0000] {taskinstance.py:430} INFO - ::endgroup::
[2026-03-28T11:02:45.906+0000] {sql.py:282} INFO - Executing: 
            COPY INTO RAW_CUSTOMERS (raw_json)
            FROM @incoming
            FILE_FORMAT = (TYPE = 'JSON')
            ON_ERROR = 'CONTINUE';
        
[2026-03-28T11:02:45.913+0000] {base.py:84} INFO - Using connection ID 'warehouse_id' for task execution.
[2026-03-28T11:02:45.952+0000] {base.py:84} INFO - Using connection ID 'warehouse_id' for task execution.
[2026-03-28T11:02:46.019+0000] {connection.py:613} INFO - Snowflake Connector for Python Version: 4.3.0, Python Version: 3.12.4, Platform: Linux-6.12.76-linuxkit-aarch64-with-glibc2.36
[2026-03-28T11:02:46.019+0000] {connection.py:1709} INFO - Connecting to GLOBAL Snowflake domain
