[2026-03-29T15:26:58.350+0000] {local_task_job_runner.py:120} INFO - ::group::Pre task execution logs
[2026-03-29T15:26:58.364+0000] {taskinstance.py:2076} INFO - Dependencies all met for dep_context=non-requeueable deps ti=<TaskInstance: banking_01_bronze_layer.build_bronze_trans scheduled__2026-03-29T14:30:00+00:00 [queued]>
[2026-03-29T15:26:58.367+0000] {taskinstance.py:2076} INFO - Dependencies all met for dep_context=requeueable deps ti=<TaskInstance: banking_01_bronze_layer.build_bronze_trans scheduled__2026-03-29T14:30:00+00:00 [queued]>
[2026-03-29T15:26:58.368+0000] {taskinstance.py:2306} INFO - Starting attempt 2 of 2
[2026-03-29T15:26:58.373+0000] {taskinstance.py:2330} INFO - Executing <Task(BashOperator): build_bronze_trans> on 2026-03-29 14:30:00+00:00
[2026-03-29T15:26:58.375+0000] {standard_task_runner.py:64} INFO - Started process 2922 to run task
[2026-03-29T15:26:58.377+0000] {standard_task_runner.py:90} INFO - Running: ['***', 'tasks', 'run', 'banking_01_bronze_layer', 'build_bronze_trans', 'scheduled__2026-03-29T14:30:00+00:00', '--job-id', '7274', '--raw', '--subdir', 'DAGS_FOLDER/dbt.py', '--cfg-path', '/tmp/tmpj9lflpqn']
[2026-03-29T15:26:58.378+0000] {standard_task_runner.py:91} INFO - Job 7274: Subtask build_bronze_trans
[2026-03-29T15:26:58.405+0000] {task_command.py:426} INFO - Running <TaskInstance: banking_01_bronze_layer.build_bronze_trans scheduled__2026-03-29T14:30:00+00:00 [running]> on host c990dffe13ae
[2026-03-29T15:26:58.444+0000] {taskinstance.py:2648} INFO - Exporting env vars: AIRFLOW_CTX_DAG_OWNER='risheek' AIRFLOW_CTX_DAG_ID='banking_01_bronze_layer' AIRFLOW_CTX_TASK_ID='build_bronze_trans' AIRFLOW_CTX_EXECUTION_DATE='2026-03-29T14:30:00+00:00' AIRFLOW_CTX_TRY_NUMBER='2' AIRFLOW_CTX_DAG_RUN_ID='scheduled__2026-03-29T14:30:00+00:00'
[2026-03-29T15:26:58.445+0000] {taskinstance.py:430} INFO - ::endgroup::
[2026-03-29T15:26:58.445+0000] {subprocess.py:78} INFO - Tmp dir root location: /tmp
[2026-03-29T15:26:58.445+0000] {subprocess.py:88} INFO - Running command: ['/usr/bin/bash', '-c', 'dbt build --select bronze_trans']
[2026-03-29T15:26:58.449+0000] {subprocess.py:99} INFO - Output:
[2026-03-29T15:26:59.572+0000] {subprocess.py:106} INFO - [0m15:26:59  Running with dbt=1.11.7
[2026-03-29T15:27:00.004+0000] {subprocess.py:106} INFO - [0m15:27:00  Registered adapter: snowflake=1.11.3
[2026-03-29T15:27:00.129+0000] {subprocess.py:106} INFO - [0m15:27:00  [[33mWARNING[0m]: Configuration paths exist in your dbt_project.yml file which do not apply to any resources.
[2026-03-29T15:27:00.130+0000] {subprocess.py:106} INFO - There are 1 unused configuration paths:
[2026-03-29T15:27:00.130+0000] {subprocess.py:106} INFO - - models.trans_snowf.example
[2026-03-29T15:27:00.221+0000] {subprocess.py:106} INFO - [0m15:27:00  Found 14 models, 3 sources, 522 macros
[2026-03-29T15:27:00.222+0000] {subprocess.py:106} INFO - [0m15:27:00
[2026-03-29T15:27:00.222+0000] {subprocess.py:106} INFO - [0m15:27:00  Concurrency: 1 threads (target='dev')
[2026-03-29T15:27:00.223+0000] {subprocess.py:106} INFO - [0m15:27:00
[2026-03-29T15:27:00.838+0000] {subprocess.py:106} INFO - [0m15:27:00
[2026-03-29T15:27:00.839+0000] {subprocess.py:106} INFO - [0m15:27:00  Finished running  in 0 hours 0 minutes and 0.61 seconds (0.61s).
[2026-03-29T15:27:00.840+0000] {subprocess.py:106} INFO - [0m15:27:00  Encountered an error:
[2026-03-29T15:27:00.841+0000] {subprocess.py:106} INFO - Runtime Error
[2026-03-29T15:27:00.841+0000] {subprocess.py:106} INFO -   Database error while listing schemas in database "BANKING"
[2026-03-29T15:27:00.841+0000] {subprocess.py:106} INFO -   Database Error
[2026-03-29T15:27:00.842+0000] {subprocess.py:106} INFO -     250001 (08001): Failed to connect to DB: BBMCDSP-CT02489.snowflakecomputing.com:443. JWT token is invalid. [e9320767-581b-4340-b7c9-5e667f8c0434]
[2026-03-29T15:42:28.973+0000] {subprocess.py:110} INFO - Command exited with return code 2
[2026-03-29T15:42:28.976+0000] {taskinstance.py:441} INFO - ::group::Post task execution logs
[2026-03-29T15:42:28.998+0000] {taskinstance.py:2905} ERROR - Task failed with exception
Traceback (most recent call last):
  File "/home/airflow/.local/lib/python3.12/site-packages/airflow/models/taskinstance.py", line 465, in _execute_task
    result = _execute_callable(context=context, **execute_callable_kwargs)
             ^^^^^^^^^^^^^^^^^^^^^^^^^^^^^^^^^^^^^^^^^^^^^^^^^^^^^^^^^^^^^
  File "/home/airflow/.local/lib/python3.12/site-packages/airflow/models/taskinstance.py", line 432, in _execute_callable
    return execute_callable(context=context, **execute_callable_kwargs)
           ^^^^^^^^^^^^^^^^^^^^^^^^^^^^^^^^^^^^^^^^^^^^^^^^^^^^^^^^^^^^
  File "/home/airflow/.local/lib/python3.12/site-packages/airflow/models/baseoperator.py", line 401, in wrapper
    return func(self, *args, **kwargs)
           ^^^^^^^^^^^^^^^^^^^^^^^^^^^
  File "/home/airflow/.local/lib/python3.12/site-packages/airflow/providers/standard/operators/bash.py", line 233, in execute
    raise AirflowException(
airflow.exceptions.AirflowException: Bash command failed. The command returned a non-zero exit code 2.
[2026-03-29T15:42:29.003+0000] {taskinstance.py:1206} INFO - Marking task as FAILED. dag_id=banking_01_bronze_layer, task_id=build_bronze_trans, run_id=scheduled__2026-03-29T14:30:00+00:00, execution_date=20260329T143000, start_date=20260329T152658, end_date=20260329T154229
[2026-03-29T15:42:29.015+0000] {standard_task_runner.py:110} ERROR - Failed to execute job 7274 for task build_bronze_trans (Bash command failed. The command returned a non-zero exit code 2.; 2922)
[2026-03-29T15:42:29.057+0000] {local_task_job_runner.py:243} INFO - Task exited with return code 1
[2026-03-29T15:42:29.071+0000] {taskinstance.py:3503} INFO - 0 downstream tasks scheduled from follow-on schedule check
[2026-03-29T15:42:29.072+0000] {local_task_job_runner.py:222} INFO - ::endgroup::
