[2026-03-28T03:21:26.957+0000] {local_task_job_runner.py:120} INFO - ::group::Pre task execution logs
[2026-03-28T03:21:26.971+0000] {taskinstance.py:2076} INFO - Dependencies all met for dep_context=non-requeueable deps ti=<TaskInstance: banking_01_bronze_layer.build_bronze_trans scheduled__2026-03-27T23:00:00+00:00 [queued]>
[2026-03-28T03:21:26.974+0000] {taskinstance.py:2076} INFO - Dependencies all met for dep_context=requeueable deps ti=<TaskInstance: banking_01_bronze_layer.build_bronze_trans scheduled__2026-03-27T23:00:00+00:00 [queued]>
[2026-03-28T03:21:26.974+0000] {taskinstance.py:2306} INFO - Starting attempt 1 of 2
[2026-03-28T03:21:26.980+0000] {taskinstance.py:2330} INFO - Executing <Task(BashOperator): build_bronze_trans> on 2026-03-27 23:00:00+00:00
[2026-03-28T03:21:26.982+0000] {standard_task_runner.py:64} INFO - Started process 43919 to run task
[2026-03-28T03:21:26.983+0000] {standard_task_runner.py:90} INFO - Running: ['***', 'tasks', 'run', 'banking_01_bronze_layer', 'build_bronze_trans', 'scheduled__2026-03-27T23:00:00+00:00', '--job-id', '5709', '--raw', '--subdir', 'DAGS_FOLDER/dbt.py', '--cfg-path', '/tmp/tmpu6c116cx']
[2026-03-28T03:21:26.984+0000] {standard_task_runner.py:91} INFO - Job 5709: Subtask build_bronze_trans
[2026-03-28T03:21:27.008+0000] {task_command.py:426} INFO - Running <TaskInstance: banking_01_bronze_layer.build_bronze_trans scheduled__2026-03-27T23:00:00+00:00 [running]> on host c990dffe13ae
[2026-03-28T03:21:27.048+0000] {taskinstance.py:2648} INFO - Exporting env vars: AIRFLOW_CTX_DAG_OWNER='risheek' AIRFLOW_CTX_DAG_ID='banking_01_bronze_layer' AIRFLOW_CTX_TASK_ID='build_bronze_trans' AIRFLOW_CTX_EXECUTION_DATE='2026-03-27T23:00:00+00:00' AIRFLOW_CTX_TRY_NUMBER='1' AIRFLOW_CTX_DAG_RUN_ID='scheduled__2026-03-27T23:00:00+00:00'
[2026-03-28T03:21:27.049+0000] {taskinstance.py:430} INFO - ::endgroup::
[2026-03-28T03:21:27.049+0000] {subprocess.py:78} INFO - Tmp dir root location: /tmp
[2026-03-28T03:21:27.050+0000] {subprocess.py:88} INFO - Running command: ['/usr/bin/bash', '-c', 'dbt build --select bronze_trans']
[2026-03-28T03:21:27.053+0000] {subprocess.py:99} INFO - Output:
[2026-03-28T03:21:28.206+0000] {subprocess.py:106} INFO - [0m03:21:28  Running with dbt=1.11.7
[2026-03-28T03:21:28.680+0000] {subprocess.py:106} INFO - [0m03:21:28  Registered adapter: snowflake=1.11.3
[2026-03-28T03:21:28.808+0000] {subprocess.py:106} INFO - [0m03:21:28  [[33mWARNING[0m]: Configuration paths exist in your dbt_project.yml file which do not apply to any resources.
[2026-03-28T03:21:28.809+0000] {subprocess.py:106} INFO - There are 1 unused configuration paths:
[2026-03-28T03:21:28.809+0000] {subprocess.py:106} INFO - - models.trans_snowf.example
[2026-03-28T03:21:28.903+0000] {subprocess.py:106} INFO - [0m03:21:28  Found 14 models, 3 sources, 522 macros
[2026-03-28T03:21:28.904+0000] {subprocess.py:106} INFO - [0m03:21:28
[2026-03-28T03:21:28.905+0000] {subprocess.py:106} INFO - [0m03:21:28  Concurrency: 1 threads (target='dev')
[2026-03-28T03:21:28.905+0000] {subprocess.py:106} INFO - [0m03:21:28
[2026-03-28T03:21:30.368+0000] {subprocess.py:106} INFO - [0m03:21:30
[2026-03-28T03:21:30.370+0000] {subprocess.py:106} INFO - [0m03:21:30  Finished running  in 0 hours 0 minutes and 1.46 seconds (1.46s).
[2026-03-28T03:21:30.372+0000] {subprocess.py:106} INFO - [0m03:21:30  Encountered an error:
[2026-03-28T03:21:30.372+0000] {subprocess.py:106} INFO - Database Error
[2026-03-28T03:21:30.373+0000] {subprocess.py:106} INFO -   003001 (42501): SQL access control error:
[2026-03-28T03:21:30.373+0000] {subprocess.py:106} INFO -   Insufficient privileges to operate on database 'BANKING'.
[2026-03-28T03:21:31.724+0000] {subprocess.py:110} INFO - Command exited with return code 2
[2026-03-28T03:21:31.728+0000] {taskinstance.py:441} INFO - ::group::Post task execution logs
[2026-03-28T03:21:31.747+0000] {taskinstance.py:2905} ERROR - Task failed with exception
Traceback (most recent call last):
  File "/home/airflow/.local/lib/python3.12/site-packages/airflow/models/taskinstance.py", line 465, in _execute_task
    result = _execute_callable(context=context, **execute_callable_kwargs)
             ^^^^^^^^^^^^^^^^^^^^^^^^^^^^^^^^^^^^^^^^^^^^^^^^^^^^^^^^^^^^^
  File "/home/airflow/.local/lib/python3.12/site-packages/airflow/models/taskinstance.py", line 432, in _execute_callable
    return execute_callable(context=context, **execute_callable_kwargs)
           ^^^^^^^^^^^^^^^^^^^^^^^^^^^^^^^^^^^^^^^^^^^^^^^^^^^^^^^^^^^^
  File "/home/airflow/.local/lib/python3.12/site-packages/airflow/models/baseoperator.py", line 401, in wrapper
    return func(self, *args, **kwargs)
           ^^^^^^^^^^^^^^^^^^^^^^^^^^^
  File "/home/airflow/.local/lib/python3.12/site-packages/airflow/providers/standard/operators/bash.py", line 233, in execute
    raise AirflowException(
airflow.exceptions.AirflowException: Bash command failed. The command returned a non-zero exit code 2.
[2026-03-28T03:21:31.751+0000] {taskinstance.py:1206} INFO - Marking task as UP_FOR_RETRY. dag_id=banking_01_bronze_layer, task_id=build_bronze_trans, run_id=scheduled__2026-03-27T23:00:00+00:00, execution_date=20260327T230000, start_date=20260328T032126, end_date=20260328T032131
[2026-03-28T03:21:31.764+0000] {standard_task_runner.py:110} ERROR - Failed to execute job 5709 for task build_bronze_trans (Bash command failed. The command returned a non-zero exit code 2.; 43919)
[2026-03-28T03:21:31.794+0000] {local_task_job_runner.py:243} INFO - Task exited with return code 1
[2026-03-28T03:21:31.814+0000] {taskinstance.py:3503} INFO - 0 downstream tasks scheduled from follow-on schedule check
[2026-03-28T03:21:31.815+0000] {local_task_job_runner.py:222} INFO - ::endgroup::
