[2026-03-31T00:52:47.579+0000] {local_task_job_runner.py:120} INFO - ::group::Pre task execution logs
[2026-03-31T00:52:47.603+0000] {taskinstance.py:2076} INFO - Dependencies all met for dep_context=non-requeueable deps ti=<TaskInstance: banking_01_bronze_layer.debug manual__2026-03-31T00:47:34.252602+00:00 [queued]>
[2026-03-31T00:52:47.608+0000] {taskinstance.py:2076} INFO - Dependencies all met for dep_context=requeueable deps ti=<TaskInstance: banking_01_bronze_layer.debug manual__2026-03-31T00:47:34.252602+00:00 [queued]>
[2026-03-31T00:52:47.608+0000] {taskinstance.py:2306} INFO - Starting attempt 2 of 2
[2026-03-31T00:52:47.616+0000] {taskinstance.py:2330} INFO - Executing <Task(BashOperator): debug> on 2026-03-31 00:47:34.252602+00:00
[2026-03-31T00:52:47.621+0000] {standard_task_runner.py:64} INFO - Started process 42033 to run task
[2026-03-31T00:52:47.624+0000] {standard_task_runner.py:90} INFO - Running: ['***', 'tasks', 'run', 'banking_01_bronze_layer', 'debug', 'manual__2026-03-31T00:47:34.252602+00:00', '--job-id', '9554', '--raw', '--subdir', 'DAGS_FOLDER/dbt.py', '--cfg-path', '/tmp/tmpdvfp_i29']
[2026-03-31T00:52:47.626+0000] {standard_task_runner.py:91} INFO - Job 9554: Subtask debug
[2026-03-31T00:52:47.668+0000] {task_command.py:426} INFO - Running <TaskInstance: banking_01_bronze_layer.debug manual__2026-03-31T00:47:34.252602+00:00 [running]> on host c990dffe13ae
[2026-03-31T00:52:47.777+0000] {taskinstance.py:2648} INFO - Exporting env vars: AIRFLOW_CTX_DAG_OWNER='risheek' AIRFLOW_CTX_DAG_ID='banking_01_bronze_layer' AIRFLOW_CTX_TASK_ID='debug' AIRFLOW_CTX_EXECUTION_DATE='2026-03-31T00:47:34.252602+00:00' AIRFLOW_CTX_TRY_NUMBER='2' AIRFLOW_CTX_DAG_RUN_ID='manual__2026-03-31T00:47:34.252602+00:00'
[2026-03-31T00:52:47.779+0000] {taskinstance.py:430} INFO - ::endgroup::
[2026-03-31T00:52:47.780+0000] {subprocess.py:78} INFO - Tmp dir root location: /tmp
[2026-03-31T00:52:47.782+0000] {subprocess.py:88} INFO - Running command: ['/usr/bin/bash', '-c', 'dbt debug --profiles-dir /opt/***/dbt/trans_snowf']
[2026-03-31T00:52:47.793+0000] {subprocess.py:99} INFO - Output:
[2026-03-31T00:52:50.184+0000] {subprocess.py:106} INFO - [0m00:52:50  Running with dbt=1.11.7
[2026-03-31T00:52:50.194+0000] {subprocess.py:106} INFO - [0m00:52:50  dbt version: 1.11.7
[2026-03-31T00:52:50.195+0000] {subprocess.py:106} INFO - [0m00:52:50  python version: 3.12.4
[2026-03-31T00:52:50.195+0000] {subprocess.py:106} INFO - [0m00:52:50  python path: /home/***/.local/bin/python
[2026-03-31T00:52:50.196+0000] {subprocess.py:106} INFO - [0m00:52:50  os info: Linux-6.12.76-linuxkit-aarch64-with-glibc2.36
[2026-03-31T00:52:51.134+0000] {subprocess.py:106} INFO - [0m00:52:51  Using profiles dir at /opt/***/dbt/trans_snowf
[2026-03-31T00:52:51.134+0000] {subprocess.py:106} INFO - [0m00:52:51  Using profiles.yml file at /opt/***/dbt/trans_snowf/profiles.yml
[2026-03-31T00:52:51.135+0000] {subprocess.py:106} INFO - [0m00:52:51  Using dbt_project.yml file at /opt/***/dbt/trans_snowf/dbt_project.yml
[2026-03-31T00:52:51.135+0000] {subprocess.py:106} INFO - [0m00:52:51  adapter type: snowflake
[2026-03-31T00:52:51.136+0000] {subprocess.py:106} INFO - [0m00:52:51  adapter version: 1.11.3
[2026-03-31T00:52:51.349+0000] {subprocess.py:106} INFO - [0m00:52:51  Configuration:
[2026-03-31T00:52:51.350+0000] {subprocess.py:106} INFO - [0m00:52:51    profiles.yml file [[32mOK found and valid[0m]
[2026-03-31T00:52:51.350+0000] {subprocess.py:106} INFO - [0m00:52:51    dbt_project.yml file [[32mOK found and valid[0m]
[2026-03-31T00:52:51.351+0000] {subprocess.py:106} INFO - [0m00:52:51  Required dependencies:
[2026-03-31T00:52:51.353+0000] {subprocess.py:106} INFO - [0m00:52:51   - git [[31mERROR[0m]
[2026-03-31T00:52:51.353+0000] {subprocess.py:106} INFO - 
[2026-03-31T00:52:51.355+0000] {subprocess.py:106} INFO - [0m00:52:51  Connection:
[2026-03-31T00:52:51.356+0000] {subprocess.py:106} INFO - [0m00:52:51    account: BBMCDSP-CT02489
[2026-03-31T00:52:51.357+0000] {subprocess.py:106} INFO - [0m00:52:51    user: user123
[2026-03-31T00:52:51.357+0000] {subprocess.py:106} INFO - [0m00:52:51    database: BANKING
[2026-03-31T00:52:51.358+0000] {subprocess.py:106} INFO - [0m00:52:51    warehouse: COMPUTE_WH
[2026-03-31T00:52:51.359+0000] {subprocess.py:106} INFO - [0m00:52:51    role: dbtadmin
[2026-03-31T00:52:51.359+0000] {subprocess.py:106} INFO - [0m00:52:51    schema: PUBLIC
[2026-03-31T00:52:51.359+0000] {subprocess.py:106} INFO - [0m00:52:51    authenticator: None
[2026-03-31T00:52:51.360+0000] {subprocess.py:106} INFO - [0m00:52:51    oauth_client_id: None
[2026-03-31T00:52:51.361+0000] {subprocess.py:106} INFO - [0m00:52:51    query_tag: None
[2026-03-31T00:52:51.361+0000] {subprocess.py:106} INFO - [0m00:52:51    client_session_keep_alive: False
[2026-03-31T00:52:51.361+0000] {subprocess.py:106} INFO - [0m00:52:51    host: None
[2026-03-31T00:52:51.361+0000] {subprocess.py:106} INFO - [0m00:52:51    port: None
[2026-03-31T00:52:51.362+0000] {subprocess.py:106} INFO - [0m00:52:51    proxy_host: None
[2026-03-31T00:52:51.363+0000] {subprocess.py:106} INFO - [0m00:52:51    proxy_port: None
[2026-03-31T00:52:51.363+0000] {subprocess.py:106} INFO - [0m00:52:51    protocol: None
[2026-03-31T00:52:51.363+0000] {subprocess.py:106} INFO - [0m00:52:51    connect_retries: 1
[2026-03-31T00:52:51.364+0000] {subprocess.py:106} INFO - [0m00:52:51    connect_timeout: None
[2026-03-31T00:52:51.364+0000] {subprocess.py:106} INFO - [0m00:52:51    retry_on_database_errors: False
[2026-03-31T00:52:51.364+0000] {subprocess.py:106} INFO - [0m00:52:51    retry_all: False
[2026-03-31T00:52:51.367+0000] {subprocess.py:106} INFO - [0m00:52:51    insecure_mode: False
[2026-03-31T00:52:51.369+0000] {subprocess.py:106} INFO - [0m00:52:51    reuse_connections: True
[2026-03-31T00:52:51.371+0000] {subprocess.py:106} INFO - [0m00:52:51    s3_stage_vpce_dns_name: None
[2026-03-31T00:52:51.371+0000] {subprocess.py:106} INFO - [0m00:52:51    platform_detection_timeout_seconds: 0.0
[2026-03-31T00:52:51.372+0000] {subprocess.py:106} INFO - [0m00:52:51  Registered adapter: snowflake=1.11.3
[2026-03-31T00:52:53.210+0000] {subprocess.py:106} INFO - [0m00:52:53    Connection test: [[32mOK connection ok[0m]
[2026-03-31T00:52:53.218+0000] {subprocess.py:106} INFO - 
[2026-03-31T00:52:53.219+0000] {subprocess.py:106} INFO - [0m00:52:53  [31m1 check failed:[0m
[2026-03-31T00:52:53.219+0000] {subprocess.py:106} INFO - [0m00:52:53  Error from git --help: Could not find command, ensure it is in the user's PATH: "git"
[2026-03-31T00:52:53.219+0000] {subprocess.py:106} INFO - 
[2026-03-31T00:52:55.920+0000] {subprocess.py:110} INFO - Command exited with return code 1
[2026-03-31T00:52:55.931+0000] {taskinstance.py:441} INFO - ::group::Post task execution logs
[2026-03-31T00:52:55.956+0000] {taskinstance.py:2905} ERROR - Task failed with exception
Traceback (most recent call last):
  File "/home/airflow/.local/lib/python3.12/site-packages/airflow/models/taskinstance.py", line 465, in _execute_task
    result = _execute_callable(context=context, **execute_callable_kwargs)
             ^^^^^^^^^^^^^^^^^^^^^^^^^^^^^^^^^^^^^^^^^^^^^^^^^^^^^^^^^^^^^
  File "/home/airflow/.local/lib/python3.12/site-packages/airflow/models/taskinstance.py", line 432, in _execute_callable
    return execute_callable(context=context, **execute_callable_kwargs)
           ^^^^^^^^^^^^^^^^^^^^^^^^^^^^^^^^^^^^^^^^^^^^^^^^^^^^^^^^^^^^
  File "/home/airflow/.local/lib/python3.12/site-packages/airflow/models/baseoperator.py", line 401, in wrapper
    return func(self, *args, **kwargs)
           ^^^^^^^^^^^^^^^^^^^^^^^^^^^
  File "/home/airflow/.local/lib/python3.12/site-packages/airflow/providers/standard/operators/bash.py", line 233, in execute
    raise AirflowException(
airflow.exceptions.AirflowException: Bash command failed. The command returned a non-zero exit code 1.
[2026-03-31T00:52:55.961+0000] {taskinstance.py:1206} INFO - Marking task as FAILED. dag_id=banking_01_bronze_layer, task_id=debug, run_id=manual__2026-03-31T00:47:34.252602+00:00, execution_date=20260331T004734, start_date=20260331T005247, end_date=20260331T005255
[2026-03-31T00:52:56.003+0000] {standard_task_runner.py:110} ERROR - Failed to execute job 9554 for task debug (Bash command failed. The command returned a non-zero exit code 1.; 42033)
[2026-03-31T00:52:56.047+0000] {local_task_job_runner.py:243} INFO - Task exited with return code 1
[2026-03-31T00:52:56.066+0000] {taskinstance.py:3503} INFO - 0 downstream tasks scheduled from follow-on schedule check
[2026-03-31T00:52:56.067+0000] {local_task_job_runner.py:222} INFO - ::endgroup::
