[2026-03-30T00:33:08.773+0000] {local_task_job_runner.py:120} INFO - ::group::Pre task execution logs
[2026-03-30T00:33:08.791+0000] {taskinstance.py:2076} INFO - Dependencies all met for dep_context=non-requeueable deps ti=<TaskInstance: banking_01_bronze_layer.compile scheduled__2026-03-30T00:00:00+00:00 [queued]>
[2026-03-30T00:33:08.795+0000] {taskinstance.py:2076} INFO - Dependencies all met for dep_context=requeueable deps ti=<TaskInstance: banking_01_bronze_layer.compile scheduled__2026-03-30T00:00:00+00:00 [queued]>
[2026-03-30T00:33:08.795+0000] {taskinstance.py:2306} INFO - Starting attempt 1 of 2
[2026-03-30T00:33:08.803+0000] {taskinstance.py:2330} INFO - Executing <Task(BashOperator): compile> on 2026-03-30 00:00:00+00:00
[2026-03-30T00:33:08.807+0000] {standard_task_runner.py:64} INFO - Started process 6370 to run task
[2026-03-30T00:33:08.814+0000] {standard_task_runner.py:90} INFO - Running: ['***', 'tasks', 'run', 'banking_01_bronze_layer', 'compile', 'scheduled__2026-03-30T00:00:00+00:00', '--job-id', '7380', '--raw', '--subdir', 'DAGS_FOLDER/dbt.py', '--cfg-path', '/tmp/tmpk5zbcao_']
[2026-03-30T00:33:08.816+0000] {standard_task_runner.py:91} INFO - Job 7380: Subtask compile
[2026-03-30T00:33:08.857+0000] {task_command.py:426} INFO - Running <TaskInstance: banking_01_bronze_layer.compile scheduled__2026-03-30T00:00:00+00:00 [running]> on host c990dffe13ae
[2026-03-30T00:33:08.907+0000] {taskinstance.py:2648} INFO - Exporting env vars: AIRFLOW_CTX_DAG_OWNER='risheek' AIRFLOW_CTX_DAG_ID='banking_01_bronze_layer' AIRFLOW_CTX_TASK_ID='compile' AIRFLOW_CTX_EXECUTION_DATE='2026-03-30T00:00:00+00:00' AIRFLOW_CTX_TRY_NUMBER='1' AIRFLOW_CTX_DAG_RUN_ID='scheduled__2026-03-30T00:00:00+00:00'
[2026-03-30T00:33:08.907+0000] {taskinstance.py:430} INFO - ::endgroup::
[2026-03-30T00:33:08.908+0000] {subprocess.py:78} INFO - Tmp dir root location: /tmp
[2026-03-30T00:33:08.909+0000] {subprocess.py:88} INFO - Running command: ['/usr/bin/bash', '-c', 'dbt compile --profiles-dir /opt/***/dbt/trans_snowf']
[2026-03-30T00:33:08.913+0000] {subprocess.py:99} INFO - Output:
[2026-03-30T00:33:10.169+0000] {subprocess.py:106} INFO - [0m00:33:10  Running with dbt=1.11.7
[2026-03-30T00:33:10.686+0000] {subprocess.py:106} INFO - [0m00:33:10  Registered adapter: snowflake=1.11.3
[2026-03-30T00:33:10.825+0000] {subprocess.py:106} INFO - [0m00:33:10  [[33mWARNING[0m]: Configuration paths exist in your dbt_project.yml file which do not apply to any resources.
[2026-03-30T00:33:10.825+0000] {subprocess.py:106} INFO - There are 1 unused configuration paths:
[2026-03-30T00:33:10.829+0000] {subprocess.py:106} INFO - - models.trans_snowf.example
[2026-03-30T00:33:10.915+0000] {subprocess.py:106} INFO - [0m00:33:10  Found 14 models, 3 sources, 522 macros
[2026-03-30T00:33:10.917+0000] {subprocess.py:106} INFO - [0m00:33:10
[2026-03-30T00:33:10.917+0000] {subprocess.py:106} INFO - [0m00:33:10  Concurrency: 1 threads (target='dev')
[2026-03-30T00:33:10.917+0000] {subprocess.py:106} INFO - [0m00:33:10
[2026-03-30T00:48:50.135+0000] {subprocess.py:106} INFO - [0m00:48:50  Encountered an error:
[2026-03-30T00:48:50.142+0000] {subprocess.py:106} INFO - Database Error
[2026-03-30T00:48:50.143+0000] {subprocess.py:106} INFO -   250001 (08001): Failed to connect to DB: BBMCDSP-CT02489.snowflakecomputing.com:443. JWT token is invalid. [90bf8aac-8a86-43ae-895b-fdbc59d90ff2]
[2026-03-30T00:48:51.856+0000] {subprocess.py:110} INFO - Command exited with return code 2
[2026-03-30T00:48:51.859+0000] {taskinstance.py:441} INFO - ::group::Post task execution logs
[2026-03-30T00:48:51.878+0000] {taskinstance.py:2905} ERROR - Task failed with exception
Traceback (most recent call last):
  File "/home/airflow/.local/lib/python3.12/site-packages/airflow/models/taskinstance.py", line 465, in _execute_task
    result = _execute_callable(context=context, **execute_callable_kwargs)
             ^^^^^^^^^^^^^^^^^^^^^^^^^^^^^^^^^^^^^^^^^^^^^^^^^^^^^^^^^^^^^
  File "/home/airflow/.local/lib/python3.12/site-packages/airflow/models/taskinstance.py", line 432, in _execute_callable
    return execute_callable(context=context, **execute_callable_kwargs)
           ^^^^^^^^^^^^^^^^^^^^^^^^^^^^^^^^^^^^^^^^^^^^^^^^^^^^^^^^^^^^
  File "/home/airflow/.local/lib/python3.12/site-packages/airflow/models/baseoperator.py", line 401, in wrapper
    return func(self, *args, **kwargs)
           ^^^^^^^^^^^^^^^^^^^^^^^^^^^
  File "/home/airflow/.local/lib/python3.12/site-packages/airflow/providers/standard/operators/bash.py", line 233, in execute
    raise AirflowException(
airflow.exceptions.AirflowException: Bash command failed. The command returned a non-zero exit code 2.
[2026-03-30T00:48:51.882+0000] {taskinstance.py:1206} INFO - Marking task as UP_FOR_RETRY. dag_id=banking_01_bronze_layer, task_id=compile, run_id=scheduled__2026-03-30T00:00:00+00:00, execution_date=20260330T000000, start_date=20260330T003308, end_date=20260330T004851
[2026-03-30T00:48:51.901+0000] {standard_task_runner.py:110} ERROR - Failed to execute job 7380 for task compile (Bash command failed. The command returned a non-zero exit code 2.; 6370)
[2026-03-30T00:48:51.946+0000] {local_task_job_runner.py:243} INFO - Task exited with return code 1
[2026-03-30T00:48:51.973+0000] {taskinstance.py:3503} INFO - 0 downstream tasks scheduled from follow-on schedule check
[2026-03-30T00:48:51.974+0000] {local_task_job_runner.py:222} INFO - ::endgroup::
