[2026-03-28T17:30:17.939+0000] {local_task_job_runner.py:120} INFO - ::group::Pre task execution logs
[2026-03-28T17:30:17.954+0000] {taskinstance.py:2076} INFO - Dependencies all met for dep_context=non-requeueable deps ti=<TaskInstance: banking_01_bronze_layer.build_bronze_acc scheduled__2026-03-28T17:00:00+00:00 [queued]>
[2026-03-28T17:30:17.958+0000] {taskinstance.py:2076} INFO - Dependencies all met for dep_context=requeueable deps ti=<TaskInstance: banking_01_bronze_layer.build_bronze_acc scheduled__2026-03-28T17:00:00+00:00 [queued]>
[2026-03-28T17:30:17.958+0000] {taskinstance.py:2306} INFO - Starting attempt 1 of 2
[2026-03-28T17:30:17.965+0000] {taskinstance.py:2330} INFO - Executing <Task(BashOperator): build_bronze_acc> on 2026-03-28 17:00:00+00:00
[2026-03-28T17:30:17.968+0000] {standard_task_runner.py:64} INFO - Started process 11100 to run task
[2026-03-28T17:30:17.969+0000] {standard_task_runner.py:90} INFO - Running: ['***', 'tasks', 'run', 'banking_01_bronze_layer', 'build_bronze_acc', 'scheduled__2026-03-28T17:00:00+00:00', '--job-id', '6919', '--raw', '--subdir', 'DAGS_FOLDER/dbt.py', '--cfg-path', '/tmp/tmpfdmiw54g']
[2026-03-28T17:30:17.971+0000] {standard_task_runner.py:91} INFO - Job 6919: Subtask build_bronze_acc
[2026-03-28T17:30:18.001+0000] {task_command.py:426} INFO - Running <TaskInstance: banking_01_bronze_layer.build_bronze_acc scheduled__2026-03-28T17:00:00+00:00 [running]> on host c990dffe13ae
[2026-03-28T17:30:18.053+0000] {taskinstance.py:2648} INFO - Exporting env vars: AIRFLOW_CTX_DAG_OWNER='risheek' AIRFLOW_CTX_DAG_ID='banking_01_bronze_layer' AIRFLOW_CTX_TASK_ID='build_bronze_acc' AIRFLOW_CTX_EXECUTION_DATE='2026-03-28T17:00:00+00:00' AIRFLOW_CTX_TRY_NUMBER='1' AIRFLOW_CTX_DAG_RUN_ID='scheduled__2026-03-28T17:00:00+00:00'
[2026-03-28T17:30:18.054+0000] {taskinstance.py:430} INFO - ::endgroup::
[2026-03-28T17:30:18.054+0000] {subprocess.py:78} INFO - Tmp dir root location: /tmp
[2026-03-28T17:30:18.055+0000] {subprocess.py:88} INFO - Running command: ['/usr/bin/bash', '-c', 'dbt build --select bronze_acc']
[2026-03-28T17:30:18.058+0000] {subprocess.py:99} INFO - Output:
[2026-03-28T17:30:19.287+0000] {subprocess.py:106} INFO - [0m17:30:19  Running with dbt=1.11.7
[2026-03-28T17:30:19.848+0000] {subprocess.py:106} INFO - [0m17:30:19  Registered adapter: snowflake=1.11.3
[2026-03-28T17:30:19.996+0000] {subprocess.py:106} INFO - [0m17:30:19  [[33mWARNING[0m]: Configuration paths exist in your dbt_project.yml file which do not apply to any resources.
[2026-03-28T17:30:19.996+0000] {subprocess.py:106} INFO - There are 1 unused configuration paths:
[2026-03-28T17:30:19.996+0000] {subprocess.py:106} INFO - - models.trans_snowf.example
[2026-03-28T17:30:20.100+0000] {subprocess.py:106} INFO - [0m17:30:20  Found 14 models, 3 sources, 522 macros
[2026-03-28T17:30:20.101+0000] {subprocess.py:106} INFO - [0m17:30:20
[2026-03-28T17:30:20.102+0000] {subprocess.py:106} INFO - [0m17:30:20  Concurrency: 1 threads (target='dev')
[2026-03-28T17:30:20.102+0000] {subprocess.py:106} INFO - [0m17:30:20
[2026-03-28T17:30:21.581+0000] {subprocess.py:106} INFO - [0m17:30:21  1 of 1 START sql incremental model PUBLIC_BRONZE.bronze_acc .................... [RUN]
[2026-03-28T17:30:21.836+0000] {subprocess.py:106} INFO - [0m17:30:21  1 of 1 ERROR creating sql incremental model PUBLIC_BRONZE.bronze_acc ........... [[31mERROR[0m in 0.25s]
[2026-03-28T17:30:22.069+0000] {subprocess.py:106} INFO - [0m17:30:22
[2026-03-28T17:30:22.071+0000] {subprocess.py:106} INFO - [0m17:30:22  Finished running 1 incremental model in 0 hours 0 minutes and 1.97 seconds (1.97s).
[2026-03-28T17:30:22.134+0000] {subprocess.py:106} INFO - [0m17:30:22
[2026-03-28T17:30:22.134+0000] {subprocess.py:106} INFO - [0m17:30:22  [31mCompleted with 1 error, 0 partial successes, and 0 warnings:[0m
[2026-03-28T17:30:22.135+0000] {subprocess.py:106} INFO - [0m17:30:22
[2026-03-28T17:30:22.135+0000] {subprocess.py:106} INFO - [0m17:30:22  [31mFailure in model bronze_acc (models/staging/bronze_acc.sql)[0m
[2026-03-28T17:30:22.136+0000] {subprocess.py:106} INFO - [0m17:30:22    Database Error in model bronze_acc (models/staging/bronze_acc.sql)
[2026-03-28T17:30:22.136+0000] {subprocess.py:106} INFO -   000904 (42000): SQL compilation error: error line 14 at position 8
[2026-03-28T17:30:22.136+0000] {subprocess.py:106} INFO -   invalid identifier 'PAYLOAD'
[2026-03-28T17:30:22.136+0000] {subprocess.py:106} INFO -   compiled code at target/run/trans_snowf/models/staging/bronze_acc.sql
[2026-03-28T17:30:22.136+0000] {subprocess.py:106} INFO - [0m17:30:22
[2026-03-28T17:30:22.136+0000] {subprocess.py:106} INFO - [0m17:30:22    compiled code at target/compiled/trans_snowf/models/staging/bronze_acc.sql
[2026-03-28T17:30:22.137+0000] {subprocess.py:106} INFO - [0m17:30:22
[2026-03-28T17:30:22.137+0000] {subprocess.py:106} INFO - [0m17:30:22  Done. PASS=0 WARN=0 ERROR=1 SKIP=0 NO-OP=0 TOTAL=1
[2026-03-28T17:30:24.571+0000] {subprocess.py:110} INFO - Command exited with return code 1
[2026-03-28T17:30:24.573+0000] {taskinstance.py:441} INFO - ::group::Post task execution logs
[2026-03-28T17:30:24.597+0000] {taskinstance.py:2905} ERROR - Task failed with exception
Traceback (most recent call last):
  File "/home/airflow/.local/lib/python3.12/site-packages/airflow/models/taskinstance.py", line 465, in _execute_task
    result = _execute_callable(context=context, **execute_callable_kwargs)
             ^^^^^^^^^^^^^^^^^^^^^^^^^^^^^^^^^^^^^^^^^^^^^^^^^^^^^^^^^^^^^
  File "/home/airflow/.local/lib/python3.12/site-packages/airflow/models/taskinstance.py", line 432, in _execute_callable
    return execute_callable(context=context, **execute_callable_kwargs)
           ^^^^^^^^^^^^^^^^^^^^^^^^^^^^^^^^^^^^^^^^^^^^^^^^^^^^^^^^^^^^
  File "/home/airflow/.local/lib/python3.12/site-packages/airflow/models/baseoperator.py", line 401, in wrapper
    return func(self, *args, **kwargs)
           ^^^^^^^^^^^^^^^^^^^^^^^^^^^
  File "/home/airflow/.local/lib/python3.12/site-packages/airflow/providers/standard/operators/bash.py", line 233, in execute
    raise AirflowException(
airflow.exceptions.AirflowException: Bash command failed. The command returned a non-zero exit code 1.
[2026-03-28T17:30:24.603+0000] {taskinstance.py:1206} INFO - Marking task as UP_FOR_RETRY. dag_id=banking_01_bronze_layer, task_id=build_bronze_acc, run_id=scheduled__2026-03-28T17:00:00+00:00, execution_date=20260328T170000, start_date=20260328T173017, end_date=20260328T173024
[2026-03-28T17:30:24.625+0000] {standard_task_runner.py:110} ERROR - Failed to execute job 6919 for task build_bronze_acc (Bash command failed. The command returned a non-zero exit code 1.; 11100)
[2026-03-28T17:30:24.661+0000] {local_task_job_runner.py:243} INFO - Task exited with return code 1
[2026-03-28T17:30:24.676+0000] {taskinstance.py:3503} INFO - 0 downstream tasks scheduled from follow-on schedule check
[2026-03-28T17:30:24.677+0000] {local_task_job_runner.py:222} INFO - ::endgroup::
