[2026-03-30T22:01:50.522+0000] {local_task_job_runner.py:120} INFO - ::group::Pre task execution logs
[2026-03-30T22:01:50.540+0000] {taskinstance.py:2076} INFO - Dependencies all met for dep_context=non-requeueable deps ti=<TaskInstance: banking_01_bronze_layer.debug scheduled__2026-03-30T21:30:00+00:00 [queued]>
[2026-03-30T22:01:50.543+0000] {taskinstance.py:2076} INFO - Dependencies all met for dep_context=requeueable deps ti=<TaskInstance: banking_01_bronze_layer.debug scheduled__2026-03-30T21:30:00+00:00 [queued]>
[2026-03-30T22:01:50.544+0000] {taskinstance.py:2306} INFO - Starting attempt 1 of 2
[2026-03-30T22:01:50.549+0000] {taskinstance.py:2330} INFO - Executing <Task(BashOperator): debug> on 2026-03-30 21:30:00+00:00
[2026-03-30T22:01:50.553+0000] {standard_task_runner.py:64} INFO - Started process 28338 to run task
[2026-03-30T22:01:50.555+0000] {standard_task_runner.py:90} INFO - Running: ['***', 'tasks', 'run', 'banking_01_bronze_layer', 'debug', 'scheduled__2026-03-30T21:30:00+00:00', '--job-id', '8882', '--raw', '--subdir', 'DAGS_FOLDER/dbt.py', '--cfg-path', '/tmp/tmpyc6jychn']
[2026-03-30T22:01:50.556+0000] {standard_task_runner.py:91} INFO - Job 8882: Subtask debug
[2026-03-30T22:01:50.599+0000] {task_command.py:426} INFO - Running <TaskInstance: banking_01_bronze_layer.debug scheduled__2026-03-30T21:30:00+00:00 [running]> on host c990dffe13ae
[2026-03-30T22:01:50.659+0000] {taskinstance.py:2648} INFO - Exporting env vars: AIRFLOW_CTX_DAG_OWNER='risheek' AIRFLOW_CTX_DAG_ID='banking_01_bronze_layer' AIRFLOW_CTX_TASK_ID='debug' AIRFLOW_CTX_EXECUTION_DATE='2026-03-30T21:30:00+00:00' AIRFLOW_CTX_TRY_NUMBER='1' AIRFLOW_CTX_DAG_RUN_ID='scheduled__2026-03-30T21:30:00+00:00'
[2026-03-30T22:01:50.660+0000] {taskinstance.py:430} INFO - ::endgroup::
[2026-03-30T22:01:50.661+0000] {subprocess.py:78} INFO - Tmp dir root location: /tmp
[2026-03-30T22:01:50.662+0000] {subprocess.py:88} INFO - Running command: ['/usr/bin/bash', '-c', 'dbt debug --profiles-dir /opt/***/dbt/trans_snowf']
[2026-03-30T22:01:50.666+0000] {subprocess.py:99} INFO - Output:
[2026-03-30T22:01:52.020+0000] {subprocess.py:106} INFO - [0m22:01:52  Running with dbt=1.11.7
[2026-03-30T22:01:52.026+0000] {subprocess.py:106} INFO - [0m22:01:52  dbt version: 1.11.7
[2026-03-30T22:01:52.027+0000] {subprocess.py:106} INFO - [0m22:01:52  python version: 3.12.4
[2026-03-30T22:01:52.027+0000] {subprocess.py:106} INFO - [0m22:01:52  python path: /home/***/.local/bin/python
[2026-03-30T22:01:52.027+0000] {subprocess.py:106} INFO - [0m22:01:52  os info: Linux-6.12.76-linuxkit-aarch64-with-glibc2.36
[2026-03-30T22:01:52.535+0000] {subprocess.py:106} INFO - [0m22:01:52  Using profiles dir at /opt/***/dbt/trans_snowf
[2026-03-30T22:01:52.536+0000] {subprocess.py:106} INFO - [0m22:01:52  Using profiles.yml file at /opt/***/dbt/trans_snowf/profiles.yml
[2026-03-30T22:01:52.536+0000] {subprocess.py:106} INFO - [0m22:01:52  Using dbt_project.yml file at /opt/***/dbt/trans_snowf/dbt_project.yml
[2026-03-30T22:01:52.537+0000] {subprocess.py:106} INFO - [0m22:01:52  adapter type: snowflake
[2026-03-30T22:01:52.537+0000] {subprocess.py:106} INFO - [0m22:01:52  adapter version: 1.11.3
[2026-03-30T22:01:52.590+0000] {subprocess.py:106} INFO - [0m22:01:52  Configuration:
[2026-03-30T22:01:52.590+0000] {subprocess.py:106} INFO - [0m22:01:52    profiles.yml file [[32mOK found and valid[0m]
[2026-03-30T22:01:52.590+0000] {subprocess.py:106} INFO - [0m22:01:52    dbt_project.yml file [[32mOK found and valid[0m]
[2026-03-30T22:01:52.591+0000] {subprocess.py:106} INFO - [0m22:01:52  Required dependencies:
[2026-03-30T22:01:52.592+0000] {subprocess.py:106} INFO - [0m22:01:52   - git [[31mERROR[0m]
[2026-03-30T22:01:52.592+0000] {subprocess.py:106} INFO - 
[2026-03-30T22:01:52.592+0000] {subprocess.py:106} INFO - [0m22:01:52  Connection:
[2026-03-30T22:01:52.592+0000] {subprocess.py:106} INFO - [0m22:01:52    account: BBMCDSP-CT02489
[2026-03-30T22:01:52.593+0000] {subprocess.py:106} INFO - [0m22:01:52    user: user123
[2026-03-30T22:01:52.593+0000] {subprocess.py:106} INFO - [0m22:01:52    database: BANKING
[2026-03-30T22:01:52.594+0000] {subprocess.py:106} INFO - [0m22:01:52    warehouse: COMPUTE_WH
[2026-03-30T22:01:52.595+0000] {subprocess.py:106} INFO - [0m22:01:52    role: dbtadmin
[2026-03-30T22:01:52.595+0000] {subprocess.py:106} INFO - [0m22:01:52    schema: PUBLIC
[2026-03-30T22:01:52.595+0000] {subprocess.py:106} INFO - [0m22:01:52    authenticator: None
[2026-03-30T22:01:52.596+0000] {subprocess.py:106} INFO - [0m22:01:52    oauth_client_id: None
[2026-03-30T22:01:52.596+0000] {subprocess.py:106} INFO - [0m22:01:52    query_tag: None
[2026-03-30T22:01:52.596+0000] {subprocess.py:106} INFO - [0m22:01:52    client_session_keep_alive: False
[2026-03-30T22:01:52.597+0000] {subprocess.py:106} INFO - [0m22:01:52    host: None
[2026-03-30T22:01:52.597+0000] {subprocess.py:106} INFO - [0m22:01:52    port: None
[2026-03-30T22:01:52.597+0000] {subprocess.py:106} INFO - [0m22:01:52    proxy_host: None
[2026-03-30T22:01:52.598+0000] {subprocess.py:106} INFO - [0m22:01:52    proxy_port: None
[2026-03-30T22:01:52.598+0000] {subprocess.py:106} INFO - [0m22:01:52    protocol: None
[2026-03-30T22:01:52.598+0000] {subprocess.py:106} INFO - [0m22:01:52    connect_retries: 1
[2026-03-30T22:01:52.598+0000] {subprocess.py:106} INFO - [0m22:01:52    connect_timeout: None
[2026-03-30T22:01:52.599+0000] {subprocess.py:106} INFO - [0m22:01:52    retry_on_database_errors: False
[2026-03-30T22:01:52.599+0000] {subprocess.py:106} INFO - [0m22:01:52    retry_all: False
[2026-03-30T22:01:52.599+0000] {subprocess.py:106} INFO - [0m22:01:52    insecure_mode: False
[2026-03-30T22:01:52.600+0000] {subprocess.py:106} INFO - [0m22:01:52    reuse_connections: True
[2026-03-30T22:01:52.600+0000] {subprocess.py:106} INFO - [0m22:01:52    s3_stage_vpce_dns_name: None
[2026-03-30T22:01:52.601+0000] {subprocess.py:106} INFO - [0m22:01:52    platform_detection_timeout_seconds: 0.0
[2026-03-30T22:01:52.601+0000] {subprocess.py:106} INFO - [0m22:01:52  Registered adapter: snowflake=1.11.3
[2026-03-30T22:01:53.813+0000] {subprocess.py:106} INFO - [0m22:01:53    Connection test: [[32mOK connection ok[0m]
[2026-03-30T22:01:53.815+0000] {subprocess.py:106} INFO - 
[2026-03-30T22:01:53.816+0000] {subprocess.py:106} INFO - [0m22:01:53  [31m1 check failed:[0m
[2026-03-30T22:01:53.817+0000] {subprocess.py:106} INFO - [0m22:01:53  Error from git --help: Could not find command, ensure it is in the user's PATH: "git"
[2026-03-30T22:01:53.818+0000] {subprocess.py:106} INFO - 
[2026-03-30T22:01:55.778+0000] {subprocess.py:110} INFO - Command exited with return code 1
[2026-03-30T22:01:55.782+0000] {taskinstance.py:441} INFO - ::group::Post task execution logs
[2026-03-30T22:01:55.806+0000] {taskinstance.py:2905} ERROR - Task failed with exception
Traceback (most recent call last):
  File "/home/airflow/.local/lib/python3.12/site-packages/airflow/models/taskinstance.py", line 465, in _execute_task
    result = _execute_callable(context=context, **execute_callable_kwargs)
             ^^^^^^^^^^^^^^^^^^^^^^^^^^^^^^^^^^^^^^^^^^^^^^^^^^^^^^^^^^^^^
  File "/home/airflow/.local/lib/python3.12/site-packages/airflow/models/taskinstance.py", line 432, in _execute_callable
    return execute_callable(context=context, **execute_callable_kwargs)
           ^^^^^^^^^^^^^^^^^^^^^^^^^^^^^^^^^^^^^^^^^^^^^^^^^^^^^^^^^^^^
  File "/home/airflow/.local/lib/python3.12/site-packages/airflow/models/baseoperator.py", line 401, in wrapper
    return func(self, *args, **kwargs)
           ^^^^^^^^^^^^^^^^^^^^^^^^^^^
  File "/home/airflow/.local/lib/python3.12/site-packages/airflow/providers/standard/operators/bash.py", line 233, in execute
    raise AirflowException(
airflow.exceptions.AirflowException: Bash command failed. The command returned a non-zero exit code 1.
[2026-03-30T22:01:55.821+0000] {taskinstance.py:1206} INFO - Marking task as UP_FOR_RETRY. dag_id=banking_01_bronze_layer, task_id=debug, run_id=scheduled__2026-03-30T21:30:00+00:00, execution_date=20260330T213000, start_date=20260330T220150, end_date=20260330T220155
[2026-03-30T22:01:55.842+0000] {standard_task_runner.py:110} ERROR - Failed to execute job 8882 for task debug (Bash command failed. The command returned a non-zero exit code 1.; 28338)
[2026-03-30T22:01:55.886+0000] {local_task_job_runner.py:243} INFO - Task exited with return code 1
[2026-03-30T22:01:55.918+0000] {taskinstance.py:3503} INFO - 0 downstream tasks scheduled from follow-on schedule check
[2026-03-30T22:01:55.920+0000] {local_task_job_runner.py:222} INFO - ::endgroup::
