[2026-03-27T08:20:41.166+0000] {local_task_job_runner.py:120} INFO - ::group::Pre task execution logs
[2026-03-27T08:20:41.180+0000] {taskinstance.py:2076} INFO - Dependencies all met for dep_context=non-requeueable deps ti=<TaskInstance: banking_01_bronze_layer.debug scheduled__2026-03-27T07:30:00+00:00 [queued]>
[2026-03-27T08:20:41.183+0000] {taskinstance.py:2076} INFO - Dependencies all met for dep_context=requeueable deps ti=<TaskInstance: banking_01_bronze_layer.debug scheduled__2026-03-27T07:30:00+00:00 [queued]>
[2026-03-27T08:20:41.184+0000] {taskinstance.py:2306} INFO - Starting attempt 1 of 2
[2026-03-27T08:20:41.189+0000] {taskinstance.py:2330} INFO - Executing <Task(BashOperator): debug> on 2026-03-27 07:30:00+00:00
[2026-03-27T08:20:41.191+0000] {standard_task_runner.py:64} INFO - Started process 1225 to run task
[2026-03-27T08:20:41.193+0000] {standard_task_runner.py:90} INFO - Running: ['***', 'tasks', 'run', 'banking_01_bronze_layer', 'debug', 'scheduled__2026-03-27T07:30:00+00:00', '--job-id', '3508', '--raw', '--subdir', 'DAGS_FOLDER/dbt.py', '--cfg-path', '/tmp/tmpgqotfn_z']
[2026-03-27T08:20:41.194+0000] {standard_task_runner.py:91} INFO - Job 3508: Subtask debug
[2026-03-27T08:20:41.218+0000] {task_command.py:426} INFO - Running <TaskInstance: banking_01_bronze_layer.debug scheduled__2026-03-27T07:30:00+00:00 [running]> on host c990dffe13ae
[2026-03-27T08:20:41.258+0000] {taskinstance.py:2648} INFO - Exporting env vars: AIRFLOW_CTX_DAG_OWNER='risheek' AIRFLOW_CTX_DAG_ID='banking_01_bronze_layer' AIRFLOW_CTX_TASK_ID='debug' AIRFLOW_CTX_EXECUTION_DATE='2026-03-27T07:30:00+00:00' AIRFLOW_CTX_TRY_NUMBER='1' AIRFLOW_CTX_DAG_RUN_ID='scheduled__2026-03-27T07:30:00+00:00'
[2026-03-27T08:20:41.258+0000] {taskinstance.py:430} INFO - ::endgroup::
[2026-03-27T08:20:41.258+0000] {subprocess.py:78} INFO - Tmp dir root location: /tmp
[2026-03-27T08:20:41.259+0000] {subprocess.py:88} INFO - Running command: ['/usr/bin/bash', '-c', 'dbt debug --profiles-dir /opt/***/dbt/trans_snowf']
[2026-03-27T08:20:41.262+0000] {subprocess.py:99} INFO - Output:
[2026-03-27T08:20:42.417+0000] {subprocess.py:106} INFO - [0m08:20:42  Running with dbt=1.11.7
[2026-03-27T08:20:42.422+0000] {subprocess.py:106} INFO - [0m08:20:42  dbt version: 1.11.7
[2026-03-27T08:20:42.423+0000] {subprocess.py:106} INFO - [0m08:20:42  python version: 3.12.4
[2026-03-27T08:20:42.423+0000] {subprocess.py:106} INFO - [0m08:20:42  python path: /home/***/.local/bin/python
[2026-03-27T08:20:42.424+0000] {subprocess.py:106} INFO - [0m08:20:42  os info: Linux-6.12.76-linuxkit-aarch64-with-glibc2.36
[2026-03-27T08:20:42.782+0000] {subprocess.py:106} INFO - [0m08:20:42  Using profiles dir at /opt/***/dbt/trans_snowf
[2026-03-27T08:20:42.782+0000] {subprocess.py:106} INFO - [0m08:20:42  Using profiles.yml file at /opt/***/dbt/trans_snowf/profiles.yml
[2026-03-27T08:20:42.782+0000] {subprocess.py:106} INFO - [0m08:20:42  Using dbt_project.yml file at /opt/***/dbt/trans_snowf/dbt_project.yml
[2026-03-27T08:20:42.783+0000] {subprocess.py:106} INFO - [0m08:20:42  adapter type: snowflake
[2026-03-27T08:20:42.783+0000] {subprocess.py:106} INFO - [0m08:20:42  adapter version: 1.11.3
[2026-03-27T08:20:42.832+0000] {subprocess.py:106} INFO - [0m08:20:42  Configuration:
[2026-03-27T08:20:42.833+0000] {subprocess.py:106} INFO - [0m08:20:42    profiles.yml file [[32mOK found and valid[0m]
[2026-03-27T08:20:42.833+0000] {subprocess.py:106} INFO - [0m08:20:42    dbt_project.yml file [[32mOK found and valid[0m]
[2026-03-27T08:20:42.833+0000] {subprocess.py:106} INFO - [0m08:20:42  Required dependencies:
[2026-03-27T08:20:42.834+0000] {subprocess.py:106} INFO - [0m08:20:42   - git [[31mERROR[0m]
[2026-03-27T08:20:42.834+0000] {subprocess.py:106} INFO - 
[2026-03-27T08:20:42.835+0000] {subprocess.py:106} INFO - [0m08:20:42  Connection:
[2026-03-27T08:20:42.835+0000] {subprocess.py:106} INFO - [0m08:20:42    account: BBMCDSP-CT02489
[2026-03-27T08:20:42.835+0000] {subprocess.py:106} INFO - [0m08:20:42    user: user123
[2026-03-27T08:20:42.835+0000] {subprocess.py:106} INFO - [0m08:20:42    database: BANKING
[2026-03-27T08:20:42.836+0000] {subprocess.py:106} INFO - [0m08:20:42    warehouse: COMPUTE_WH
[2026-03-27T08:20:42.836+0000] {subprocess.py:106} INFO - [0m08:20:42    role: dbtadmin
[2026-03-27T08:20:42.836+0000] {subprocess.py:106} INFO - [0m08:20:42    schema: PUBLIC
[2026-03-27T08:20:42.836+0000] {subprocess.py:106} INFO - [0m08:20:42    authenticator: None
[2026-03-27T08:20:42.837+0000] {subprocess.py:106} INFO - [0m08:20:42    oauth_client_id: None
[2026-03-27T08:20:42.837+0000] {subprocess.py:106} INFO - [0m08:20:42    query_tag: None
[2026-03-27T08:20:42.837+0000] {subprocess.py:106} INFO - [0m08:20:42    client_session_keep_alive: False
[2026-03-27T08:20:42.837+0000] {subprocess.py:106} INFO - [0m08:20:42    host: None
[2026-03-27T08:20:42.838+0000] {subprocess.py:106} INFO - [0m08:20:42    port: None
[2026-03-27T08:20:42.838+0000] {subprocess.py:106} INFO - [0m08:20:42    proxy_host: None
[2026-03-27T08:20:42.838+0000] {subprocess.py:106} INFO - [0m08:20:42    proxy_port: None
[2026-03-27T08:20:42.839+0000] {subprocess.py:106} INFO - [0m08:20:42    protocol: None
[2026-03-27T08:20:42.839+0000] {subprocess.py:106} INFO - [0m08:20:42    connect_retries: 1
[2026-03-27T08:20:42.839+0000] {subprocess.py:106} INFO - [0m08:20:42    connect_timeout: None
[2026-03-27T08:20:42.839+0000] {subprocess.py:106} INFO - [0m08:20:42    retry_on_database_errors: False
[2026-03-27T08:20:42.840+0000] {subprocess.py:106} INFO - [0m08:20:42    retry_all: False
[2026-03-27T08:20:42.840+0000] {subprocess.py:106} INFO - [0m08:20:42    insecure_mode: False
[2026-03-27T08:20:42.840+0000] {subprocess.py:106} INFO - [0m08:20:42    reuse_connections: True
[2026-03-27T08:20:42.841+0000] {subprocess.py:106} INFO - [0m08:20:42    s3_stage_vpce_dns_name: None
[2026-03-27T08:20:42.841+0000] {subprocess.py:106} INFO - [0m08:20:42    platform_detection_timeout_seconds: 0.0
[2026-03-27T08:20:42.841+0000] {subprocess.py:106} INFO - [0m08:20:42  Registered adapter: snowflake=1.11.3
[2026-03-27T08:20:43.671+0000] {subprocess.py:106} INFO - [0m08:20:43    Connection test: [[32mOK connection ok[0m]
[2026-03-27T08:20:43.672+0000] {subprocess.py:106} INFO - 
[2026-03-27T08:20:43.673+0000] {subprocess.py:106} INFO - [0m08:20:43  [31m1 check failed:[0m
[2026-03-27T08:20:43.673+0000] {subprocess.py:106} INFO - [0m08:20:43  Error from git --help: Could not find command, ensure it is in the user's PATH: "git"
[2026-03-27T08:20:43.674+0000] {subprocess.py:106} INFO - 
[2026-03-27T08:20:45.331+0000] {subprocess.py:110} INFO - Command exited with return code 1
[2026-03-27T08:20:45.332+0000] {taskinstance.py:441} INFO - ::group::Post task execution logs
[2026-03-27T08:20:45.341+0000] {taskinstance.py:2905} ERROR - Task failed with exception
Traceback (most recent call last):
  File "/home/airflow/.local/lib/python3.12/site-packages/airflow/models/taskinstance.py", line 465, in _execute_task
    result = _execute_callable(context=context, **execute_callable_kwargs)
             ^^^^^^^^^^^^^^^^^^^^^^^^^^^^^^^^^^^^^^^^^^^^^^^^^^^^^^^^^^^^^
  File "/home/airflow/.local/lib/python3.12/site-packages/airflow/models/taskinstance.py", line 432, in _execute_callable
    return execute_callable(context=context, **execute_callable_kwargs)
           ^^^^^^^^^^^^^^^^^^^^^^^^^^^^^^^^^^^^^^^^^^^^^^^^^^^^^^^^^^^^
  File "/home/airflow/.local/lib/python3.12/site-packages/airflow/models/baseoperator.py", line 401, in wrapper
    return func(self, *args, **kwargs)
           ^^^^^^^^^^^^^^^^^^^^^^^^^^^
  File "/home/airflow/.local/lib/python3.12/site-packages/airflow/providers/standard/operators/bash.py", line 233, in execute
    raise AirflowException(
airflow.exceptions.AirflowException: Bash command failed. The command returned a non-zero exit code 1.
[2026-03-27T08:20:45.343+0000] {taskinstance.py:1206} INFO - Marking task as UP_FOR_RETRY. dag_id=banking_01_bronze_layer, task_id=debug, run_id=scheduled__2026-03-27T07:30:00+00:00, execution_date=20260327T073000, start_date=20260327T082041, end_date=20260327T082045
[2026-03-27T08:20:45.350+0000] {standard_task_runner.py:110} ERROR - Failed to execute job 3508 for task debug (Bash command failed. The command returned a non-zero exit code 1.; 1225)
[2026-03-27T08:20:45.364+0000] {local_task_job_runner.py:243} INFO - Task exited with return code 1
[2026-03-27T08:20:45.374+0000] {taskinstance.py:3503} INFO - 0 downstream tasks scheduled from follow-on schedule check
[2026-03-27T08:20:45.374+0000] {local_task_job_runner.py:222} INFO - ::endgroup::
