[2026-03-30T21:32:55.487+0000] {local_task_job_runner.py:120} INFO - ::group::Pre task execution logs
[2026-03-30T21:32:55.507+0000] {taskinstance.py:2076} INFO - Dependencies all met for dep_context=non-requeueable deps ti=<TaskInstance: banking_01_bronze_layer.debug scheduled__2026-03-30T19:30:00+00:00 [queued]>
[2026-03-30T21:32:55.511+0000] {taskinstance.py:2076} INFO - Dependencies all met for dep_context=requeueable deps ti=<TaskInstance: banking_01_bronze_layer.debug scheduled__2026-03-30T19:30:00+00:00 [queued]>
[2026-03-30T21:32:55.511+0000] {taskinstance.py:2306} INFO - Starting attempt 2 of 2
[2026-03-30T21:32:55.517+0000] {taskinstance.py:2330} INFO - Executing <Task(BashOperator): debug> on 2026-03-30 19:30:00+00:00
[2026-03-30T21:32:55.519+0000] {standard_task_runner.py:64} INFO - Started process 25948 to run task
[2026-03-30T21:32:55.527+0000] {standard_task_runner.py:90} INFO - Running: ['***', 'tasks', 'run', 'banking_01_bronze_layer', 'debug', 'scheduled__2026-03-30T19:30:00+00:00', '--job-id', '8768', '--raw', '--subdir', 'DAGS_FOLDER/dbt.py', '--cfg-path', '/tmp/tmpl3o90v34']
[2026-03-30T21:32:55.528+0000] {standard_task_runner.py:91} INFO - Job 8768: Subtask debug
[2026-03-30T21:32:55.562+0000] {task_command.py:426} INFO - Running <TaskInstance: banking_01_bronze_layer.debug scheduled__2026-03-30T19:30:00+00:00 [running]> on host c990dffe13ae
[2026-03-30T21:32:55.610+0000] {taskinstance.py:2648} INFO - Exporting env vars: AIRFLOW_CTX_DAG_OWNER='risheek' AIRFLOW_CTX_DAG_ID='banking_01_bronze_layer' AIRFLOW_CTX_TASK_ID='debug' AIRFLOW_CTX_EXECUTION_DATE='2026-03-30T19:30:00+00:00' AIRFLOW_CTX_TRY_NUMBER='2' AIRFLOW_CTX_DAG_RUN_ID='scheduled__2026-03-30T19:30:00+00:00'
[2026-03-30T21:32:55.611+0000] {taskinstance.py:430} INFO - ::endgroup::
[2026-03-30T21:32:55.611+0000] {subprocess.py:78} INFO - Tmp dir root location: /tmp
[2026-03-30T21:32:55.612+0000] {subprocess.py:88} INFO - Running command: ['/usr/bin/bash', '-c', 'dbt debug --profiles-dir /opt/***/dbt/trans_snowf']
[2026-03-30T21:32:55.616+0000] {subprocess.py:99} INFO - Output:
[2026-03-30T21:32:56.988+0000] {subprocess.py:106} INFO - [0m21:32:56  Running with dbt=1.11.7
[2026-03-30T21:32:56.996+0000] {subprocess.py:106} INFO - [0m21:32:56  dbt version: 1.11.7
[2026-03-30T21:32:56.997+0000] {subprocess.py:106} INFO - [0m21:32:56  python version: 3.12.4
[2026-03-30T21:32:56.997+0000] {subprocess.py:106} INFO - [0m21:32:56  python path: /home/***/.local/bin/python
[2026-03-30T21:32:56.998+0000] {subprocess.py:106} INFO - [0m21:32:56  os info: Linux-6.12.76-linuxkit-aarch64-with-glibc2.36
[2026-03-30T21:32:57.448+0000] {subprocess.py:106} INFO - [0m21:32:57  Using profiles dir at /opt/***/dbt/trans_snowf
[2026-03-30T21:32:57.449+0000] {subprocess.py:106} INFO - [0m21:32:57  Using profiles.yml file at /opt/***/dbt/trans_snowf/profiles.yml
[2026-03-30T21:32:57.449+0000] {subprocess.py:106} INFO - [0m21:32:57  Using dbt_project.yml file at /opt/***/dbt/trans_snowf/dbt_project.yml
[2026-03-30T21:32:57.450+0000] {subprocess.py:106} INFO - [0m21:32:57  adapter type: snowflake
[2026-03-30T21:32:57.450+0000] {subprocess.py:106} INFO - [0m21:32:57  adapter version: 1.11.3
[2026-03-30T21:32:57.501+0000] {subprocess.py:106} INFO - [0m21:32:57  Configuration:
[2026-03-30T21:32:57.502+0000] {subprocess.py:106} INFO - [0m21:32:57    profiles.yml file [[32mOK found and valid[0m]
[2026-03-30T21:32:57.502+0000] {subprocess.py:106} INFO - [0m21:32:57    dbt_project.yml file [[32mOK found and valid[0m]
[2026-03-30T21:32:57.502+0000] {subprocess.py:106} INFO - [0m21:32:57  Required dependencies:
[2026-03-30T21:32:57.504+0000] {subprocess.py:106} INFO - [0m21:32:57   - git [[31mERROR[0m]
[2026-03-30T21:32:57.504+0000] {subprocess.py:106} INFO - 
[2026-03-30T21:32:57.504+0000] {subprocess.py:106} INFO - [0m21:32:57  Connection:
[2026-03-30T21:32:57.504+0000] {subprocess.py:106} INFO - [0m21:32:57    account: BBMCDSP-CT02489
[2026-03-30T21:32:57.505+0000] {subprocess.py:106} INFO - [0m21:32:57    user: user123
[2026-03-30T21:32:57.505+0000] {subprocess.py:106} INFO - [0m21:32:57    database: BANKING
[2026-03-30T21:32:57.505+0000] {subprocess.py:106} INFO - [0m21:32:57    warehouse: COMPUTE_WH
[2026-03-30T21:32:57.506+0000] {subprocess.py:106} INFO - [0m21:32:57    role: dbtadmin
[2026-03-30T21:32:57.506+0000] {subprocess.py:106} INFO - [0m21:32:57    schema: PUBLIC
[2026-03-30T21:32:57.506+0000] {subprocess.py:106} INFO - [0m21:32:57    authenticator: None
[2026-03-30T21:32:57.507+0000] {subprocess.py:106} INFO - [0m21:32:57    oauth_client_id: None
[2026-03-30T21:32:57.507+0000] {subprocess.py:106} INFO - [0m21:32:57    query_tag: None
[2026-03-30T21:32:57.507+0000] {subprocess.py:106} INFO - [0m21:32:57    client_session_keep_alive: False
[2026-03-30T21:32:57.508+0000] {subprocess.py:106} INFO - [0m21:32:57    host: None
[2026-03-30T21:32:57.508+0000] {subprocess.py:106} INFO - [0m21:32:57    port: None
[2026-03-30T21:32:57.508+0000] {subprocess.py:106} INFO - [0m21:32:57    proxy_host: None
[2026-03-30T21:32:57.509+0000] {subprocess.py:106} INFO - [0m21:32:57    proxy_port: None
[2026-03-30T21:32:57.509+0000] {subprocess.py:106} INFO - [0m21:32:57    protocol: None
[2026-03-30T21:32:57.509+0000] {subprocess.py:106} INFO - [0m21:32:57    connect_retries: 1
[2026-03-30T21:32:57.510+0000] {subprocess.py:106} INFO - [0m21:32:57    connect_timeout: None
[2026-03-30T21:32:57.510+0000] {subprocess.py:106} INFO - [0m21:32:57    retry_on_database_errors: False
[2026-03-30T21:32:57.511+0000] {subprocess.py:106} INFO - [0m21:32:57    retry_all: False
[2026-03-30T21:32:57.511+0000] {subprocess.py:106} INFO - [0m21:32:57    insecure_mode: False
[2026-03-30T21:32:57.511+0000] {subprocess.py:106} INFO - [0m21:32:57    reuse_connections: True
[2026-03-30T21:32:57.511+0000] {subprocess.py:106} INFO - [0m21:32:57    s3_stage_vpce_dns_name: None
[2026-03-30T21:32:57.512+0000] {subprocess.py:106} INFO - [0m21:32:57    platform_detection_timeout_seconds: 0.0
[2026-03-30T21:32:57.512+0000] {subprocess.py:106} INFO - [0m21:32:57  Registered adapter: snowflake=1.11.3
[2026-03-30T21:32:59.090+0000] {subprocess.py:106} INFO - [0m21:32:59    Connection test: [[32mOK connection ok[0m]
[2026-03-30T21:32:59.091+0000] {subprocess.py:106} INFO - 
[2026-03-30T21:32:59.091+0000] {subprocess.py:106} INFO - [0m21:32:59  [31m1 check failed:[0m
[2026-03-30T21:32:59.092+0000] {subprocess.py:106} INFO - [0m21:32:59  Error from git --help: Could not find command, ensure it is in the user's PATH: "git"
[2026-03-30T21:32:59.093+0000] {subprocess.py:106} INFO - 
[2026-03-30T21:33:01.415+0000] {subprocess.py:110} INFO - Command exited with return code 1
[2026-03-30T21:33:01.417+0000] {taskinstance.py:441} INFO - ::group::Post task execution logs
[2026-03-30T21:33:01.436+0000] {taskinstance.py:2905} ERROR - Task failed with exception
Traceback (most recent call last):
  File "/home/airflow/.local/lib/python3.12/site-packages/airflow/models/taskinstance.py", line 465, in _execute_task
    result = _execute_callable(context=context, **execute_callable_kwargs)
             ^^^^^^^^^^^^^^^^^^^^^^^^^^^^^^^^^^^^^^^^^^^^^^^^^^^^^^^^^^^^^
  File "/home/airflow/.local/lib/python3.12/site-packages/airflow/models/taskinstance.py", line 432, in _execute_callable
    return execute_callable(context=context, **execute_callable_kwargs)
           ^^^^^^^^^^^^^^^^^^^^^^^^^^^^^^^^^^^^^^^^^^^^^^^^^^^^^^^^^^^^
  File "/home/airflow/.local/lib/python3.12/site-packages/airflow/models/baseoperator.py", line 401, in wrapper
    return func(self, *args, **kwargs)
           ^^^^^^^^^^^^^^^^^^^^^^^^^^^
  File "/home/airflow/.local/lib/python3.12/site-packages/airflow/providers/standard/operators/bash.py", line 233, in execute
    raise AirflowException(
airflow.exceptions.AirflowException: Bash command failed. The command returned a non-zero exit code 1.
[2026-03-30T21:33:01.440+0000] {taskinstance.py:1206} INFO - Marking task as FAILED. dag_id=banking_01_bronze_layer, task_id=debug, run_id=scheduled__2026-03-30T19:30:00+00:00, execution_date=20260330T193000, start_date=20260330T213255, end_date=20260330T213301
[2026-03-30T21:33:01.457+0000] {standard_task_runner.py:110} ERROR - Failed to execute job 8768 for task debug (Bash command failed. The command returned a non-zero exit code 1.; 25948)
[2026-03-30T21:33:01.467+0000] {local_task_job_runner.py:243} INFO - Task exited with return code 1
[2026-03-30T21:33:01.481+0000] {taskinstance.py:3503} INFO - 0 downstream tasks scheduled from follow-on schedule check
[2026-03-30T21:33:01.482+0000] {local_task_job_runner.py:222} INFO - ::endgroup::
