[2026-03-30T21:16:40.822+0000] {local_task_job_runner.py:120} INFO - ::group::Pre task execution logs
[2026-03-30T21:16:40.838+0000] {taskinstance.py:2076} INFO - Dependencies all met for dep_context=non-requeueable deps ti=<TaskInstance: banking_01_bronze_layer.debug scheduled__2026-03-30T19:30:00+00:00 [queued]>
[2026-03-30T21:16:40.842+0000] {taskinstance.py:2076} INFO - Dependencies all met for dep_context=requeueable deps ti=<TaskInstance: banking_01_bronze_layer.debug scheduled__2026-03-30T19:30:00+00:00 [queued]>
[2026-03-30T21:16:40.842+0000] {taskinstance.py:2306} INFO - Starting attempt 1 of 2
[2026-03-30T21:16:40.848+0000] {taskinstance.py:2330} INFO - Executing <Task(BashOperator): debug> on 2026-03-30 19:30:00+00:00
[2026-03-30T21:16:40.850+0000] {standard_task_runner.py:64} INFO - Started process 25365 to run task
[2026-03-30T21:16:40.852+0000] {standard_task_runner.py:90} INFO - Running: ['***', 'tasks', 'run', 'banking_01_bronze_layer', 'debug', 'scheduled__2026-03-30T19:30:00+00:00', '--job-id', '8742', '--raw', '--subdir', 'DAGS_FOLDER/dbt.py', '--cfg-path', '/tmp/tmpuzrgrox8']
[2026-03-30T21:16:40.854+0000] {standard_task_runner.py:91} INFO - Job 8742: Subtask debug
[2026-03-30T21:16:40.888+0000] {task_command.py:426} INFO - Running <TaskInstance: banking_01_bronze_layer.debug scheduled__2026-03-30T19:30:00+00:00 [running]> on host c990dffe13ae
[2026-03-30T21:16:40.935+0000] {taskinstance.py:2648} INFO - Exporting env vars: AIRFLOW_CTX_DAG_OWNER='risheek' AIRFLOW_CTX_DAG_ID='banking_01_bronze_layer' AIRFLOW_CTX_TASK_ID='debug' AIRFLOW_CTX_EXECUTION_DATE='2026-03-30T19:30:00+00:00' AIRFLOW_CTX_TRY_NUMBER='1' AIRFLOW_CTX_DAG_RUN_ID='scheduled__2026-03-30T19:30:00+00:00'
[2026-03-30T21:16:40.936+0000] {taskinstance.py:430} INFO - ::endgroup::
[2026-03-30T21:16:40.936+0000] {subprocess.py:78} INFO - Tmp dir root location: /tmp
[2026-03-30T21:16:40.937+0000] {subprocess.py:88} INFO - Running command: ['/usr/bin/bash', '-c', 'dbt debug --profiles-dir /opt/***/dbt/trans_snowf']
[2026-03-30T21:16:40.940+0000] {subprocess.py:99} INFO - Output:
[2026-03-30T21:16:42.224+0000] {subprocess.py:106} INFO - [0m21:16:42  Running with dbt=1.11.7
[2026-03-30T21:16:42.231+0000] {subprocess.py:106} INFO - [0m21:16:42  dbt version: 1.11.7
[2026-03-30T21:16:42.231+0000] {subprocess.py:106} INFO - [0m21:16:42  python version: 3.12.4
[2026-03-30T21:16:42.231+0000] {subprocess.py:106} INFO - [0m21:16:42  python path: /home/***/.local/bin/python
[2026-03-30T21:16:42.232+0000] {subprocess.py:106} INFO - [0m21:16:42  os info: Linux-6.12.76-linuxkit-aarch64-with-glibc2.36
[2026-03-30T21:16:42.677+0000] {subprocess.py:106} INFO - [0m21:16:42  Using profiles dir at /opt/***/dbt/trans_snowf
[2026-03-30T21:16:42.678+0000] {subprocess.py:106} INFO - [0m21:16:42  Using profiles.yml file at /opt/***/dbt/trans_snowf/profiles.yml
[2026-03-30T21:16:42.679+0000] {subprocess.py:106} INFO - [0m21:16:42  Using dbt_project.yml file at /opt/***/dbt/trans_snowf/dbt_project.yml
[2026-03-30T21:16:42.679+0000] {subprocess.py:106} INFO - [0m21:16:42  adapter type: snowflake
[2026-03-30T21:16:42.680+0000] {subprocess.py:106} INFO - [0m21:16:42  adapter version: 1.11.3
[2026-03-30T21:16:42.735+0000] {subprocess.py:106} INFO - [0m21:16:42  Configuration:
[2026-03-30T21:16:42.736+0000] {subprocess.py:106} INFO - [0m21:16:42    profiles.yml file [[32mOK found and valid[0m]
[2026-03-30T21:16:42.736+0000] {subprocess.py:106} INFO - [0m21:16:42    dbt_project.yml file [[32mOK found and valid[0m]
[2026-03-30T21:16:42.737+0000] {subprocess.py:106} INFO - [0m21:16:42  Required dependencies:
[2026-03-30T21:16:42.738+0000] {subprocess.py:106} INFO - [0m21:16:42   - git [[31mERROR[0m]
[2026-03-30T21:16:42.738+0000] {subprocess.py:106} INFO - 
[2026-03-30T21:16:42.738+0000] {subprocess.py:106} INFO - [0m21:16:42  Connection:
[2026-03-30T21:16:42.738+0000] {subprocess.py:106} INFO - [0m21:16:42    account: BBMCDSP-CT02489
[2026-03-30T21:16:42.739+0000] {subprocess.py:106} INFO - [0m21:16:42    user: user123
[2026-03-30T21:16:42.739+0000] {subprocess.py:106} INFO - [0m21:16:42    database: BANKING
[2026-03-30T21:16:42.739+0000] {subprocess.py:106} INFO - [0m21:16:42    warehouse: COMPUTE_WH
[2026-03-30T21:16:42.739+0000] {subprocess.py:106} INFO - [0m21:16:42    role: dbtadmin
[2026-03-30T21:16:42.740+0000] {subprocess.py:106} INFO - [0m21:16:42    schema: PUBLIC
[2026-03-30T21:16:42.740+0000] {subprocess.py:106} INFO - [0m21:16:42    authenticator: None
[2026-03-30T21:16:42.740+0000] {subprocess.py:106} INFO - [0m21:16:42    oauth_client_id: None
[2026-03-30T21:16:42.741+0000] {subprocess.py:106} INFO - [0m21:16:42    query_tag: None
[2026-03-30T21:16:42.741+0000] {subprocess.py:106} INFO - [0m21:16:42    client_session_keep_alive: False
[2026-03-30T21:16:42.741+0000] {subprocess.py:106} INFO - [0m21:16:42    host: None
[2026-03-30T21:16:42.742+0000] {subprocess.py:106} INFO - [0m21:16:42    port: None
[2026-03-30T21:16:42.742+0000] {subprocess.py:106} INFO - [0m21:16:42    proxy_host: None
[2026-03-30T21:16:42.742+0000] {subprocess.py:106} INFO - [0m21:16:42    proxy_port: None
[2026-03-30T21:16:42.743+0000] {subprocess.py:106} INFO - [0m21:16:42    protocol: None
[2026-03-30T21:16:42.743+0000] {subprocess.py:106} INFO - [0m21:16:42    connect_retries: 1
[2026-03-30T21:16:42.743+0000] {subprocess.py:106} INFO - [0m21:16:42    connect_timeout: None
[2026-03-30T21:16:42.744+0000] {subprocess.py:106} INFO - [0m21:16:42    retry_on_database_errors: False
[2026-03-30T21:16:42.744+0000] {subprocess.py:106} INFO - [0m21:16:42    retry_all: False
[2026-03-30T21:16:42.744+0000] {subprocess.py:106} INFO - [0m21:16:42    insecure_mode: False
[2026-03-30T21:16:42.744+0000] {subprocess.py:106} INFO - [0m21:16:42    reuse_connections: True
[2026-03-30T21:16:42.745+0000] {subprocess.py:106} INFO - [0m21:16:42    s3_stage_vpce_dns_name: None
[2026-03-30T21:16:42.746+0000] {subprocess.py:106} INFO - [0m21:16:42    platform_detection_timeout_seconds: 0.0
[2026-03-30T21:16:42.746+0000] {subprocess.py:106} INFO - [0m21:16:42  Registered adapter: snowflake=1.11.3
[2026-03-30T21:16:43.583+0000] {subprocess.py:106} INFO - [0m21:16:43    Connection test: [[32mOK connection ok[0m]
[2026-03-30T21:16:43.584+0000] {subprocess.py:106} INFO - 
[2026-03-30T21:16:43.585+0000] {subprocess.py:106} INFO - [0m21:16:43  [31m1 check failed:[0m
[2026-03-30T21:16:43.586+0000] {subprocess.py:106} INFO - [0m21:16:43  Error from git --help: Could not find command, ensure it is in the user's PATH: "git"
[2026-03-30T21:16:43.586+0000] {subprocess.py:106} INFO - 
[2026-03-30T21:16:45.764+0000] {subprocess.py:110} INFO - Command exited with return code 1
[2026-03-30T21:16:45.765+0000] {taskinstance.py:441} INFO - ::group::Post task execution logs
[2026-03-30T21:16:45.789+0000] {taskinstance.py:2905} ERROR - Task failed with exception
Traceback (most recent call last):
  File "/home/airflow/.local/lib/python3.12/site-packages/airflow/models/taskinstance.py", line 465, in _execute_task
    result = _execute_callable(context=context, **execute_callable_kwargs)
             ^^^^^^^^^^^^^^^^^^^^^^^^^^^^^^^^^^^^^^^^^^^^^^^^^^^^^^^^^^^^^
  File "/home/airflow/.local/lib/python3.12/site-packages/airflow/models/taskinstance.py", line 432, in _execute_callable
    return execute_callable(context=context, **execute_callable_kwargs)
           ^^^^^^^^^^^^^^^^^^^^^^^^^^^^^^^^^^^^^^^^^^^^^^^^^^^^^^^^^^^^
  File "/home/airflow/.local/lib/python3.12/site-packages/airflow/models/baseoperator.py", line 401, in wrapper
    return func(self, *args, **kwargs)
           ^^^^^^^^^^^^^^^^^^^^^^^^^^^
  File "/home/airflow/.local/lib/python3.12/site-packages/airflow/providers/standard/operators/bash.py", line 233, in execute
    raise AirflowException(
airflow.exceptions.AirflowException: Bash command failed. The command returned a non-zero exit code 1.
[2026-03-30T21:16:45.799+0000] {taskinstance.py:1206} INFO - Marking task as UP_FOR_RETRY. dag_id=banking_01_bronze_layer, task_id=debug, run_id=scheduled__2026-03-30T19:30:00+00:00, execution_date=20260330T193000, start_date=20260330T211640, end_date=20260330T211645
[2026-03-30T21:16:45.822+0000] {standard_task_runner.py:110} ERROR - Failed to execute job 8742 for task debug (Bash command failed. The command returned a non-zero exit code 1.; 25365)
[2026-03-30T21:16:45.846+0000] {local_task_job_runner.py:243} INFO - Task exited with return code 1
[2026-03-30T21:16:45.884+0000] {taskinstance.py:3503} INFO - 0 downstream tasks scheduled from follow-on schedule check
[2026-03-30T21:16:45.885+0000] {local_task_job_runner.py:222} INFO - ::endgroup::
