[2026-03-27T08:19:33.226+0000] {local_task_job_runner.py:120} INFO - ::group::Pre task execution logs
[2026-03-27T08:19:33.239+0000] {taskinstance.py:2076} INFO - Dependencies all met for dep_context=non-requeueable deps ti=<TaskInstance: banking_01_bronze_layer.debug scheduled__2026-03-26T22:30:00+00:00 [queued]>
[2026-03-27T08:19:33.243+0000] {taskinstance.py:2076} INFO - Dependencies all met for dep_context=requeueable deps ti=<TaskInstance: banking_01_bronze_layer.debug scheduled__2026-03-26T22:30:00+00:00 [queued]>
[2026-03-27T08:19:33.243+0000] {taskinstance.py:2306} INFO - Starting attempt 1 of 2
[2026-03-27T08:19:33.248+0000] {taskinstance.py:2330} INFO - Executing <Task(BashOperator): debug> on 2026-03-26 22:30:00+00:00
[2026-03-27T08:19:33.250+0000] {standard_task_runner.py:64} INFO - Started process 949 to run task
[2026-03-27T08:19:33.251+0000] {standard_task_runner.py:90} INFO - Running: ['***', 'tasks', 'run', 'banking_01_bronze_layer', 'debug', 'scheduled__2026-03-26T22:30:00+00:00', '--job-id', '3494', '--raw', '--subdir', 'DAGS_FOLDER/dbt.py', '--cfg-path', '/tmp/tmpc5pd3_s3']
[2026-03-27T08:19:33.252+0000] {standard_task_runner.py:91} INFO - Job 3494: Subtask debug
[2026-03-27T08:19:33.275+0000] {task_command.py:426} INFO - Running <TaskInstance: banking_01_bronze_layer.debug scheduled__2026-03-26T22:30:00+00:00 [running]> on host c990dffe13ae
[2026-03-27T08:19:33.314+0000] {taskinstance.py:2648} INFO - Exporting env vars: AIRFLOW_CTX_DAG_OWNER='risheek' AIRFLOW_CTX_DAG_ID='banking_01_bronze_layer' AIRFLOW_CTX_TASK_ID='debug' AIRFLOW_CTX_EXECUTION_DATE='2026-03-26T22:30:00+00:00' AIRFLOW_CTX_TRY_NUMBER='1' AIRFLOW_CTX_DAG_RUN_ID='scheduled__2026-03-26T22:30:00+00:00'
[2026-03-27T08:19:33.314+0000] {taskinstance.py:430} INFO - ::endgroup::
[2026-03-27T08:19:33.315+0000] {subprocess.py:78} INFO - Tmp dir root location: /tmp
[2026-03-27T08:19:33.315+0000] {subprocess.py:88} INFO - Running command: ['/usr/bin/bash', '-c', 'dbt debug --profiles-dir /opt/***/dbt/trans_snowf']
[2026-03-27T08:19:33.318+0000] {subprocess.py:99} INFO - Output:
[2026-03-27T08:19:34.457+0000] {subprocess.py:106} INFO - [0m08:19:34  Running with dbt=1.11.7
[2026-03-27T08:19:34.462+0000] {subprocess.py:106} INFO - [0m08:19:34  dbt version: 1.11.7
[2026-03-27T08:19:34.462+0000] {subprocess.py:106} INFO - [0m08:19:34  python version: 3.12.4
[2026-03-27T08:19:34.463+0000] {subprocess.py:106} INFO - [0m08:19:34  python path: /home/***/.local/bin/python
[2026-03-27T08:19:34.463+0000] {subprocess.py:106} INFO - [0m08:19:34  os info: Linux-6.12.76-linuxkit-aarch64-with-glibc2.36
[2026-03-27T08:19:34.845+0000] {subprocess.py:106} INFO - [0m08:19:34  Using profiles dir at /opt/***/dbt/trans_snowf
[2026-03-27T08:19:34.846+0000] {subprocess.py:106} INFO - [0m08:19:34  Using profiles.yml file at /opt/***/dbt/trans_snowf/profiles.yml
[2026-03-27T08:19:34.846+0000] {subprocess.py:106} INFO - [0m08:19:34  Using dbt_project.yml file at /opt/***/dbt/trans_snowf/dbt_project.yml
[2026-03-27T08:19:34.846+0000] {subprocess.py:106} INFO - [0m08:19:34  adapter type: snowflake
[2026-03-27T08:19:34.847+0000] {subprocess.py:106} INFO - [0m08:19:34  adapter version: 1.11.3
[2026-03-27T08:19:34.897+0000] {subprocess.py:106} INFO - [0m08:19:34  Configuration:
[2026-03-27T08:19:34.898+0000] {subprocess.py:106} INFO - [0m08:19:34    profiles.yml file [[32mOK found and valid[0m]
[2026-03-27T08:19:34.898+0000] {subprocess.py:106} INFO - [0m08:19:34    dbt_project.yml file [[32mOK found and valid[0m]
[2026-03-27T08:19:34.899+0000] {subprocess.py:106} INFO - [0m08:19:34  Required dependencies:
[2026-03-27T08:19:34.900+0000] {subprocess.py:106} INFO - [0m08:19:34   - git [[31mERROR[0m]
[2026-03-27T08:19:34.900+0000] {subprocess.py:106} INFO - 
[2026-03-27T08:19:34.900+0000] {subprocess.py:106} INFO - [0m08:19:34  Connection:
[2026-03-27T08:19:34.900+0000] {subprocess.py:106} INFO - [0m08:19:34    account: BBMCDSP-CT02489
[2026-03-27T08:19:34.901+0000] {subprocess.py:106} INFO - [0m08:19:34    user: user123
[2026-03-27T08:19:34.901+0000] {subprocess.py:106} INFO - [0m08:19:34    database: BANKING
[2026-03-27T08:19:34.901+0000] {subprocess.py:106} INFO - [0m08:19:34    warehouse: COMPUTE_WH
[2026-03-27T08:19:34.902+0000] {subprocess.py:106} INFO - [0m08:19:34    role: dbtadmin
[2026-03-27T08:19:34.902+0000] {subprocess.py:106} INFO - [0m08:19:34    schema: PUBLIC
[2026-03-27T08:19:34.902+0000] {subprocess.py:106} INFO - [0m08:19:34    authenticator: None
[2026-03-27T08:19:34.903+0000] {subprocess.py:106} INFO - [0m08:19:34    oauth_client_id: None
[2026-03-27T08:19:34.903+0000] {subprocess.py:106} INFO - [0m08:19:34    query_tag: None
[2026-03-27T08:19:34.903+0000] {subprocess.py:106} INFO - [0m08:19:34    client_session_keep_alive: False
[2026-03-27T08:19:34.903+0000] {subprocess.py:106} INFO - [0m08:19:34    host: None
[2026-03-27T08:19:34.904+0000] {subprocess.py:106} INFO - [0m08:19:34    port: None
[2026-03-27T08:19:34.904+0000] {subprocess.py:106} INFO - [0m08:19:34    proxy_host: None
[2026-03-27T08:19:34.904+0000] {subprocess.py:106} INFO - [0m08:19:34    proxy_port: None
[2026-03-27T08:19:34.905+0000] {subprocess.py:106} INFO - [0m08:19:34    protocol: None
[2026-03-27T08:19:34.905+0000] {subprocess.py:106} INFO - [0m08:19:34    connect_retries: 1
[2026-03-27T08:19:34.905+0000] {subprocess.py:106} INFO - [0m08:19:34    connect_timeout: None
[2026-03-27T08:19:34.905+0000] {subprocess.py:106} INFO - [0m08:19:34    retry_on_database_errors: False
[2026-03-27T08:19:34.906+0000] {subprocess.py:106} INFO - [0m08:19:34    retry_all: False
[2026-03-27T08:19:34.906+0000] {subprocess.py:106} INFO - [0m08:19:34    insecure_mode: False
[2026-03-27T08:19:34.906+0000] {subprocess.py:106} INFO - [0m08:19:34    reuse_connections: True
[2026-03-27T08:19:34.907+0000] {subprocess.py:106} INFO - [0m08:19:34    s3_stage_vpce_dns_name: None
[2026-03-27T08:19:34.907+0000] {subprocess.py:106} INFO - [0m08:19:34    platform_detection_timeout_seconds: 0.0
[2026-03-27T08:19:34.908+0000] {subprocess.py:106} INFO - [0m08:19:34  Registered adapter: snowflake=1.11.3
[2026-03-27T08:19:36.110+0000] {subprocess.py:106} INFO - [0m08:19:36    Connection test: [[32mOK connection ok[0m]
[2026-03-27T08:19:36.111+0000] {subprocess.py:106} INFO - 
[2026-03-27T08:19:36.111+0000] {subprocess.py:106} INFO - [0m08:19:36  [31m1 check failed:[0m
[2026-03-27T08:19:36.112+0000] {subprocess.py:106} INFO - [0m08:19:36  Error from git --help: Could not find command, ensure it is in the user's PATH: "git"
[2026-03-27T08:19:36.113+0000] {subprocess.py:106} INFO - 
[2026-03-27T08:19:37.672+0000] {subprocess.py:110} INFO - Command exited with return code 1
[2026-03-27T08:19:37.673+0000] {taskinstance.py:441} INFO - ::group::Post task execution logs
[2026-03-27T08:19:37.683+0000] {taskinstance.py:2905} ERROR - Task failed with exception
Traceback (most recent call last):
  File "/home/airflow/.local/lib/python3.12/site-packages/airflow/models/taskinstance.py", line 465, in _execute_task
    result = _execute_callable(context=context, **execute_callable_kwargs)
             ^^^^^^^^^^^^^^^^^^^^^^^^^^^^^^^^^^^^^^^^^^^^^^^^^^^^^^^^^^^^^
  File "/home/airflow/.local/lib/python3.12/site-packages/airflow/models/taskinstance.py", line 432, in _execute_callable
    return execute_callable(context=context, **execute_callable_kwargs)
           ^^^^^^^^^^^^^^^^^^^^^^^^^^^^^^^^^^^^^^^^^^^^^^^^^^^^^^^^^^^^
  File "/home/airflow/.local/lib/python3.12/site-packages/airflow/models/baseoperator.py", line 401, in wrapper
    return func(self, *args, **kwargs)
           ^^^^^^^^^^^^^^^^^^^^^^^^^^^
  File "/home/airflow/.local/lib/python3.12/site-packages/airflow/providers/standard/operators/bash.py", line 233, in execute
    raise AirflowException(
airflow.exceptions.AirflowException: Bash command failed. The command returned a non-zero exit code 1.
[2026-03-27T08:19:37.686+0000] {taskinstance.py:1206} INFO - Marking task as UP_FOR_RETRY. dag_id=banking_01_bronze_layer, task_id=debug, run_id=scheduled__2026-03-26T22:30:00+00:00, execution_date=20260326T223000, start_date=20260327T081933, end_date=20260327T081937
[2026-03-27T08:19:37.695+0000] {standard_task_runner.py:110} ERROR - Failed to execute job 3494 for task debug (Bash command failed. The command returned a non-zero exit code 1.; 949)
[2026-03-27T08:19:37.728+0000] {local_task_job_runner.py:243} INFO - Task exited with return code 1
[2026-03-27T08:19:37.741+0000] {taskinstance.py:3503} INFO - 0 downstream tasks scheduled from follow-on schedule check
[2026-03-27T08:19:37.742+0000] {local_task_job_runner.py:222} INFO - ::endgroup::
