[2026-03-29T10:00:37.501+0000] {local_task_job_runner.py:120} INFO - ::group::Pre task execution logs
[2026-03-29T10:00:37.517+0000] {taskinstance.py:2076} INFO - Dependencies all met for dep_context=non-requeueable deps ti=<TaskInstance: banking_01_bronze_layer.build_bronze_trans scheduled__2026-03-29T09:30:00+00:00 [queued]>
[2026-03-29T10:00:37.521+0000] {taskinstance.py:2076} INFO - Dependencies all met for dep_context=requeueable deps ti=<TaskInstance: banking_01_bronze_layer.build_bronze_trans scheduled__2026-03-29T09:30:00+00:00 [queued]>
[2026-03-29T10:00:37.521+0000] {taskinstance.py:2306} INFO - Starting attempt 1 of 2
[2026-03-29T10:00:37.527+0000] {taskinstance.py:2330} INFO - Executing <Task(BashOperator): build_bronze_trans> on 2026-03-29 09:30:00+00:00
[2026-03-29T10:00:37.529+0000] {standard_task_runner.py:64} INFO - Started process 740 to run task
[2026-03-29T10:00:37.530+0000] {standard_task_runner.py:90} INFO - Running: ['***', 'tasks', 'run', 'banking_01_bronze_layer', 'build_bronze_trans', 'scheduled__2026-03-29T09:30:00+00:00', '--job-id', '7203', '--raw', '--subdir', 'DAGS_FOLDER/dbt.py', '--cfg-path', '/tmp/tmpzeymfcq6']
[2026-03-29T10:00:37.531+0000] {standard_task_runner.py:91} INFO - Job 7203: Subtask build_bronze_trans
[2026-03-29T10:00:37.560+0000] {task_command.py:426} INFO - Running <TaskInstance: banking_01_bronze_layer.build_bronze_trans scheduled__2026-03-29T09:30:00+00:00 [running]> on host c990dffe13ae
[2026-03-29T10:00:37.604+0000] {taskinstance.py:2648} INFO - Exporting env vars: AIRFLOW_CTX_DAG_OWNER='risheek' AIRFLOW_CTX_DAG_ID='banking_01_bronze_layer' AIRFLOW_CTX_TASK_ID='build_bronze_trans' AIRFLOW_CTX_EXECUTION_DATE='2026-03-29T09:30:00+00:00' AIRFLOW_CTX_TRY_NUMBER='1' AIRFLOW_CTX_DAG_RUN_ID='scheduled__2026-03-29T09:30:00+00:00'
[2026-03-29T10:00:37.604+0000] {taskinstance.py:430} INFO - ::endgroup::
[2026-03-29T10:00:37.605+0000] {subprocess.py:78} INFO - Tmp dir root location: /tmp
[2026-03-29T10:00:37.605+0000] {subprocess.py:88} INFO - Running command: ['/usr/bin/bash', '-c', 'dbt build --select bronze_trans']
[2026-03-29T10:00:37.609+0000] {subprocess.py:99} INFO - Output:
[2026-03-29T10:00:38.807+0000] {subprocess.py:106} INFO - [0m10:00:38  Running with dbt=1.11.7
[2026-03-29T10:00:39.289+0000] {subprocess.py:106} INFO - [0m10:00:39  Registered adapter: snowflake=1.11.3
[2026-03-29T10:00:39.425+0000] {subprocess.py:106} INFO - [0m10:00:39  [[33mWARNING[0m]: Configuration paths exist in your dbt_project.yml file which do not apply to any resources.
[2026-03-29T10:00:39.425+0000] {subprocess.py:106} INFO - There are 1 unused configuration paths:
[2026-03-29T10:00:39.425+0000] {subprocess.py:106} INFO - - models.trans_snowf.example
[2026-03-29T10:00:39.523+0000] {subprocess.py:106} INFO - [0m10:00:39  Found 14 models, 3 sources, 522 macros
[2026-03-29T10:00:39.524+0000] {subprocess.py:106} INFO - [0m10:00:39
[2026-03-29T10:00:39.524+0000] {subprocess.py:106} INFO - [0m10:00:39  Concurrency: 1 threads (target='dev')
[2026-03-29T10:00:39.525+0000] {subprocess.py:106} INFO - [0m10:00:39
[2026-03-29T10:00:40.805+0000] {subprocess.py:106} INFO - [0m10:00:40  1 of 1 START sql incremental model PUBLIC_BRONZE.bronze_trans .................. [RUN]
[2026-03-29T10:00:42.837+0000] {subprocess.py:106} INFO - [0m10:00:42  1 of 1 OK created sql incremental model PUBLIC_BRONZE.bronze_trans ............. [[32mSUCCESS 0[0m in 2.03s]
[2026-03-29T10:00:43.036+0000] {subprocess.py:106} INFO - [0m10:00:43
[2026-03-29T10:00:43.038+0000] {subprocess.py:106} INFO - [0m10:00:43  Finished running 1 incremental model in 0 hours 0 minutes and 3.51 seconds (3.51s).
[2026-03-29T10:00:43.105+0000] {subprocess.py:106} INFO - [0m10:00:43
[2026-03-29T10:00:43.106+0000] {subprocess.py:106} INFO - [0m10:00:43  [32mCompleted successfully[0m
[2026-03-29T10:00:43.106+0000] {subprocess.py:106} INFO - [0m10:00:43
[2026-03-29T10:00:43.106+0000] {subprocess.py:106} INFO - [0m10:00:43  Done. PASS=1 WARN=0 ERROR=0 SKIP=0 NO-OP=0 TOTAL=1
[2026-03-29T10:00:44.798+0000] {subprocess.py:110} INFO - Command exited with return code 0
[2026-03-29T10:00:44.800+0000] {taskinstance.py:441} INFO - ::group::Post task execution logs
[2026-03-29T10:00:44.845+0000] {taskinstance.py:1206} INFO - Marking task as SUCCESS. dag_id=banking_01_bronze_layer, task_id=build_bronze_trans, run_id=scheduled__2026-03-29T09:30:00+00:00, execution_date=20260329T093000, start_date=20260329T100037, end_date=20260329T100044
[2026-03-29T10:00:44.883+0000] {local_task_job_runner.py:243} INFO - Task exited with return code 0
[2026-03-29T10:00:44.899+0000] {taskinstance.py:3503} INFO - 0 downstream tasks scheduled from follow-on schedule check
[2026-03-29T10:00:44.900+0000] {local_task_job_runner.py:222} INFO - ::endgroup::
