[2026-03-30T04:30:31.550+0000] {local_task_job_runner.py:120} INFO - ::group::Pre task execution logs
[2026-03-30T04:30:31.565+0000] {taskinstance.py:2076} INFO - Dependencies all met for dep_context=non-requeueable deps ti=<TaskInstance: banking_01_bronze_layer.build_bronze_cust scheduled__2026-03-30T04:00:00+00:00 [queued]>
[2026-03-30T04:30:31.568+0000] {taskinstance.py:2076} INFO - Dependencies all met for dep_context=requeueable deps ti=<TaskInstance: banking_01_bronze_layer.build_bronze_cust scheduled__2026-03-30T04:00:00+00:00 [queued]>
[2026-03-30T04:30:31.569+0000] {taskinstance.py:2306} INFO - Starting attempt 1 of 2
[2026-03-30T04:30:31.574+0000] {taskinstance.py:2330} INFO - Executing <Task(BashOperator): build_bronze_cust> on 2026-03-30 04:00:00+00:00
[2026-03-30T04:30:31.577+0000] {standard_task_runner.py:64} INFO - Started process 8449 to run task
[2026-03-30T04:30:31.579+0000] {standard_task_runner.py:90} INFO - Running: ['***', 'tasks', 'run', 'banking_01_bronze_layer', 'build_bronze_cust', 'scheduled__2026-03-30T04:00:00+00:00', '--job-id', '7436', '--raw', '--subdir', 'DAGS_FOLDER/dbt.py', '--cfg-path', '/tmp/tmp_qufr8bg']
[2026-03-30T04:30:31.580+0000] {standard_task_runner.py:91} INFO - Job 7436: Subtask build_bronze_cust
[2026-03-30T04:30:31.605+0000] {task_command.py:426} INFO - Running <TaskInstance: banking_01_bronze_layer.build_bronze_cust scheduled__2026-03-30T04:00:00+00:00 [running]> on host c990dffe13ae
[2026-03-30T04:30:31.648+0000] {taskinstance.py:2648} INFO - Exporting env vars: AIRFLOW_CTX_DAG_OWNER='risheek' AIRFLOW_CTX_DAG_ID='banking_01_bronze_layer' AIRFLOW_CTX_TASK_ID='build_bronze_cust' AIRFLOW_CTX_EXECUTION_DATE='2026-03-30T04:00:00+00:00' AIRFLOW_CTX_TRY_NUMBER='1' AIRFLOW_CTX_DAG_RUN_ID='scheduled__2026-03-30T04:00:00+00:00'
[2026-03-30T04:30:31.648+0000] {taskinstance.py:430} INFO - ::endgroup::
[2026-03-30T04:30:31.649+0000] {subprocess.py:78} INFO - Tmp dir root location: /tmp
[2026-03-30T04:30:31.649+0000] {subprocess.py:88} INFO - Running command: ['/usr/bin/bash', '-c', 'dbt build --select bronze_cust']
[2026-03-30T04:30:31.653+0000] {subprocess.py:99} INFO - Output:
[2026-03-30T04:30:32.915+0000] {subprocess.py:106} INFO - [0m04:30:32  Running with dbt=1.11.7
[2026-03-30T04:30:33.434+0000] {subprocess.py:106} INFO - [0m04:30:33  Registered adapter: snowflake=1.11.3
[2026-03-30T04:30:33.568+0000] {subprocess.py:106} INFO - [0m04:30:33  [[33mWARNING[0m]: Configuration paths exist in your dbt_project.yml file which do not apply to any resources.
[2026-03-30T04:30:33.569+0000] {subprocess.py:106} INFO - There are 1 unused configuration paths:
[2026-03-30T04:30:33.569+0000] {subprocess.py:106} INFO - - models.trans_snowf.example
[2026-03-30T04:30:33.664+0000] {subprocess.py:106} INFO - [0m04:30:33  Found 14 models, 3 sources, 522 macros
[2026-03-30T04:30:33.665+0000] {subprocess.py:106} INFO - [0m04:30:33
[2026-03-30T04:30:33.665+0000] {subprocess.py:106} INFO - [0m04:30:33  Concurrency: 1 threads (target='dev')
[2026-03-30T04:30:33.666+0000] {subprocess.py:106} INFO - [0m04:30:33
[2026-03-30T04:30:35.094+0000] {subprocess.py:106} INFO - [0m04:30:35  1 of 1 START sql incremental model PUBLIC_BRONZE.bronze_cust ................... [RUN]
[2026-03-30T04:30:37.410+0000] {subprocess.py:106} INFO - [0m04:30:37  1 of 1 OK created sql incremental model PUBLIC_BRONZE.bronze_cust .............. [[32mSUCCESS 0[0m in 2.31s]
[2026-03-30T04:30:37.647+0000] {subprocess.py:106} INFO - [0m04:30:37
[2026-03-30T04:30:37.649+0000] {subprocess.py:106} INFO - [0m04:30:37  Finished running 1 incremental model in 0 hours 0 minutes and 3.98 seconds (3.98s).
[2026-03-30T04:30:37.710+0000] {subprocess.py:106} INFO - [0m04:30:37
[2026-03-30T04:30:37.711+0000] {subprocess.py:106} INFO - [0m04:30:37  [32mCompleted successfully[0m
[2026-03-30T04:30:37.711+0000] {subprocess.py:106} INFO - [0m04:30:37
[2026-03-30T04:30:37.712+0000] {subprocess.py:106} INFO - [0m04:30:37  Done. PASS=1 WARN=0 ERROR=0 SKIP=0 NO-OP=0 TOTAL=1
[2026-03-30T04:30:40.001+0000] {subprocess.py:110} INFO - Command exited with return code 0
[2026-03-30T04:30:40.002+0000] {taskinstance.py:441} INFO - ::group::Post task execution logs
[2026-03-30T04:30:40.028+0000] {taskinstance.py:1206} INFO - Marking task as SUCCESS. dag_id=banking_01_bronze_layer, task_id=build_bronze_cust, run_id=scheduled__2026-03-30T04:00:00+00:00, execution_date=20260330T040000, start_date=20260330T043031, end_date=20260330T043040
[2026-03-30T04:30:40.050+0000] {local_task_job_runner.py:243} INFO - Task exited with return code 0
[2026-03-30T04:30:40.063+0000] {taskinstance.py:3503} INFO - 0 downstream tasks scheduled from follow-on schedule check
[2026-03-30T04:30:40.064+0000] {local_task_job_runner.py:222} INFO - ::endgroup::
