[2026-02-08T19:05:11.676+0000] {local_task_job_runner.py:120} INFO - ::group::Pre task execution logs
[2026-02-08T19:05:11.691+0000] {taskinstance.py:2076} INFO - Dependencies all met for dep_context=non-requeueable deps ti=<TaskInstance: transfer_from_minio_to_snowflake.copy scheduled__2026-02-08T19:04:00+00:00 [queued]>
[2026-02-08T19:05:11.695+0000] {taskinstance.py:2076} INFO - Dependencies all met for dep_context=requeueable deps ti=<TaskInstance: transfer_from_minio_to_snowflake.copy scheduled__2026-02-08T19:04:00+00:00 [queued]>
[2026-02-08T19:05:11.695+0000] {taskinstance.py:2306} INFO - Starting attempt 1 of 3
[2026-02-08T19:05:11.700+0000] {taskinstance.py:2330} INFO - Executing <Task(CopyFromExternalStageToSnowflakeOperator): copy> on 2026-02-08 19:04:00+00:00
[2026-02-08T19:05:11.705+0000] {logging_mixin.py:188} WARNING - /home/***/.local/lib/python3.12/site-packages/***/task/task_runner/standard_task_runner.py:62 DeprecationWarning: This process (pid=11419) is multi-threaded, use of fork() may lead to deadlocks in the child.
[2026-02-08T19:05:11.706+0000] {standard_task_runner.py:64} INFO - Started process 11431 to run task
[2026-02-08T19:05:11.705+0000] {standard_task_runner.py:90} INFO - Running: ['***', 'tasks', 'run', 'transfer_from_minio_to_snowflake', 'copy', 'scheduled__2026-02-08T19:04:00+00:00', '--job-id', '735', '--raw', '--subdir', 'DAGS_FOLDER/transfer.py', '--cfg-path', '/tmp/tmp2w9p5tlb']
[2026-02-08T19:05:11.707+0000] {standard_task_runner.py:91} INFO - Job 735: Subtask copy
[2026-02-08T19:05:11.752+0000] {task_command.py:426} INFO - Running <TaskInstance: transfer_from_minio_to_snowflake.copy scheduled__2026-02-08T19:04:00+00:00 [running]> on host 83f212180a9d
[2026-02-08T19:05:11.919+0000] {taskinstance.py:2648} INFO - Exporting env vars: AIRFLOW_CTX_DAG_OWNER='***' AIRFLOW_CTX_DAG_ID='transfer_from_minio_to_snowflake' AIRFLOW_CTX_TASK_ID='copy' AIRFLOW_CTX_EXECUTION_DATE='2026-02-08T19:04:00+00:00' AIRFLOW_CTX_TRY_NUMBER='1' AIRFLOW_CTX_DAG_RUN_ID='scheduled__2026-02-08T19:04:00+00:00'
[2026-02-08T19:05:11.919+0000] {taskinstance.py:430} INFO - ::endgroup::
[2026-02-08T19:05:11.919+0000] {copy_into_snowflake.py:142} INFO - Executing COPY command...
[2026-02-08T19:05:11.925+0000] {base.py:84} INFO - Using connection ID 'warehouse_id' for task execution.
[2026-02-08T19:05:11.963+0000] {connection.py:611} INFO - Snowflake Connector for Python Version: 4.2.0, Python Version: 3.12.4, Platform: Linux-6.12.67-linuxkit-aarch64-with-glibc2.36
[2026-02-08T19:05:11.963+0000] {connection.py:1695} INFO - Connecting to GLOBAL Snowflake domain
[2026-02-08T19:05:12.403+0000] {sql.py:495} INFO - Running statement: COPY INTO BRONZE
             FROM  @incoming/
        
        
        FILE_FORMAT=(TYPE= 'JSON')
        ON_ERROR= 'continue', parameters: None
[2026-02-08T19:05:13.359+0000] {sql.py:504} INFO - Rows affected: 1
[2026-02-08T19:05:13.361+0000] {snowflake.py:422} INFO - Rows affected: 1
[2026-02-08T19:05:13.361+0000] {snowflake.py:423} INFO - Snowflake query id: 01c247f9-0001-8da5-000c-39020001ff6e
[2026-02-08T19:05:13.453+0000] {copy_into_snowflake.py:149} INFO - COPY command completed
[2026-02-08T19:05:13.454+0000] {taskinstance.py:441} INFO - ::group::Post task execution logs
[2026-02-08T19:05:13.466+0000] {taskinstance.py:1206} INFO - Marking task as SUCCESS. dag_id=transfer_from_minio_to_snowflake, task_id=copy, run_id=scheduled__2026-02-08T19:04:00+00:00, execution_date=20260208T190400, start_date=20260208T190511, end_date=20260208T190513
[2026-02-08T19:05:13.523+0000] {local_task_job_runner.py:243} INFO - Task exited with return code 0
[2026-02-08T19:05:13.541+0000] {taskinstance.py:3503} INFO - 0 downstream tasks scheduled from follow-on schedule check
[2026-02-08T19:05:13.542+0000] {local_task_job_runner.py:222} INFO - ::endgroup::
