[2026-03-29T05:36:59.694+0000] {local_task_job_runner.py:120} INFO - ::group::Pre task execution logs
[2026-03-29T05:36:59.715+0000] {taskinstance.py:2076} INFO - Dependencies all met for dep_context=non-requeueable deps ti=<TaskInstance: banking_01_bronze_layer.debug scheduled__2026-03-29T04:30:00+00:00 [queued]>
[2026-03-29T05:36:59.720+0000] {taskinstance.py:2076} INFO - Dependencies all met for dep_context=requeueable deps ti=<TaskInstance: banking_01_bronze_layer.debug scheduled__2026-03-29T04:30:00+00:00 [queued]>
[2026-03-29T05:36:59.720+0000] {taskinstance.py:2306} INFO - Starting attempt 2 of 2
[2026-03-29T05:36:59.729+0000] {taskinstance.py:2330} INFO - Executing <Task(BashOperator): debug> on 2026-03-29 04:30:00+00:00
[2026-03-29T05:36:59.734+0000] {standard_task_runner.py:64} INFO - Started process 17154 to run task
[2026-03-29T05:36:59.738+0000] {standard_task_runner.py:90} INFO - Running: ['***', 'tasks', 'run', 'banking_01_bronze_layer', 'debug', 'scheduled__2026-03-29T04:30:00+00:00', '--job-id', '7120', '--raw', '--subdir', 'DAGS_FOLDER/dbt.py', '--cfg-path', '/tmp/tmp66jg742z']
[2026-03-29T05:36:59.743+0000] {standard_task_runner.py:91} INFO - Job 7120: Subtask debug
[2026-03-29T05:36:59.810+0000] {task_command.py:426} INFO - Running <TaskInstance: banking_01_bronze_layer.debug scheduled__2026-03-29T04:30:00+00:00 [running]> on host c990dffe13ae
[2026-03-29T05:36:59.984+0000] {taskinstance.py:2648} INFO - Exporting env vars: AIRFLOW_CTX_DAG_OWNER='risheek' AIRFLOW_CTX_DAG_ID='banking_01_bronze_layer' AIRFLOW_CTX_TASK_ID='debug' AIRFLOW_CTX_EXECUTION_DATE='2026-03-29T04:30:00+00:00' AIRFLOW_CTX_TRY_NUMBER='2' AIRFLOW_CTX_DAG_RUN_ID='scheduled__2026-03-29T04:30:00+00:00'
[2026-03-29T05:36:59.985+0000] {taskinstance.py:430} INFO - ::endgroup::
[2026-03-29T05:36:59.986+0000] {subprocess.py:78} INFO - Tmp dir root location: /tmp
[2026-03-29T05:36:59.986+0000] {subprocess.py:88} INFO - Running command: ['/usr/bin/bash', '-c', 'dbt debug --profiles-dir /opt/***/dbt/trans_snowf']
[2026-03-29T05:36:59.991+0000] {subprocess.py:99} INFO - Output:
[2026-03-29T05:37:01.418+0000] {subprocess.py:106} INFO - [0m05:37:01  Running with dbt=1.11.7
[2026-03-29T05:37:01.426+0000] {subprocess.py:106} INFO - [0m05:37:01  dbt version: 1.11.7
[2026-03-29T05:37:01.426+0000] {subprocess.py:106} INFO - [0m05:37:01  python version: 3.12.4
[2026-03-29T05:37:01.427+0000] {subprocess.py:106} INFO - [0m05:37:01  python path: /home/***/.local/bin/python
[2026-03-29T05:37:01.427+0000] {subprocess.py:106} INFO - [0m05:37:01  os info: Linux-6.12.76-linuxkit-aarch64-with-glibc2.36
[2026-03-29T05:37:01.898+0000] {subprocess.py:106} INFO - [0m05:37:01  Using profiles dir at /opt/***/dbt/trans_snowf
[2026-03-29T05:37:01.898+0000] {subprocess.py:106} INFO - [0m05:37:01  Using profiles.yml file at /opt/***/dbt/trans_snowf/profiles.yml
[2026-03-29T05:37:01.899+0000] {subprocess.py:106} INFO - [0m05:37:01  Using dbt_project.yml file at /opt/***/dbt/trans_snowf/dbt_project.yml
[2026-03-29T05:37:01.899+0000] {subprocess.py:106} INFO - [0m05:37:01  adapter type: snowflake
[2026-03-29T05:37:01.900+0000] {subprocess.py:106} INFO - [0m05:37:01  adapter version: 1.11.3
[2026-03-29T05:37:01.951+0000] {subprocess.py:106} INFO - [0m05:37:01  Configuration:
[2026-03-29T05:37:01.951+0000] {subprocess.py:106} INFO - [0m05:37:01    profiles.yml file [[32mOK found and valid[0m]
[2026-03-29T05:37:01.952+0000] {subprocess.py:106} INFO - [0m05:37:01    dbt_project.yml file [[32mOK found and valid[0m]
[2026-03-29T05:37:01.952+0000] {subprocess.py:106} INFO - [0m05:37:01  Required dependencies:
[2026-03-29T05:37:01.953+0000] {subprocess.py:106} INFO - [0m05:37:01   - git [[31mERROR[0m]
[2026-03-29T05:37:01.953+0000] {subprocess.py:106} INFO - 
[2026-03-29T05:37:01.953+0000] {subprocess.py:106} INFO - [0m05:37:01  Connection:
[2026-03-29T05:37:01.954+0000] {subprocess.py:106} INFO - [0m05:37:01    account: BBMCDSP-CT02489
[2026-03-29T05:37:01.954+0000] {subprocess.py:106} INFO - [0m05:37:01    user: user123
[2026-03-29T05:37:01.954+0000] {subprocess.py:106} INFO - [0m05:37:01    database: BANKING
[2026-03-29T05:37:01.955+0000] {subprocess.py:106} INFO - [0m05:37:01    warehouse: COMPUTE_WH
[2026-03-29T05:37:01.955+0000] {subprocess.py:106} INFO - [0m05:37:01    role: dbtadmin
[2026-03-29T05:37:01.956+0000] {subprocess.py:106} INFO - [0m05:37:01    schema: PUBLIC
[2026-03-29T05:37:01.956+0000] {subprocess.py:106} INFO - [0m05:37:01    authenticator: None
[2026-03-29T05:37:01.956+0000] {subprocess.py:106} INFO - [0m05:37:01    oauth_client_id: None
[2026-03-29T05:37:01.956+0000] {subprocess.py:106} INFO - [0m05:37:01    query_tag: None
[2026-03-29T05:37:01.957+0000] {subprocess.py:106} INFO - [0m05:37:01    client_session_keep_alive: False
[2026-03-29T05:37:01.957+0000] {subprocess.py:106} INFO - [0m05:37:01    host: None
[2026-03-29T05:37:01.957+0000] {subprocess.py:106} INFO - [0m05:37:01    port: None
[2026-03-29T05:37:01.958+0000] {subprocess.py:106} INFO - [0m05:37:01    proxy_host: None
[2026-03-29T05:37:01.958+0000] {subprocess.py:106} INFO - [0m05:37:01    proxy_port: None
[2026-03-29T05:37:01.958+0000] {subprocess.py:106} INFO - [0m05:37:01    protocol: None
[2026-03-29T05:37:01.959+0000] {subprocess.py:106} INFO - [0m05:37:01    connect_retries: 1
[2026-03-29T05:37:01.959+0000] {subprocess.py:106} INFO - [0m05:37:01    connect_timeout: None
[2026-03-29T05:37:01.959+0000] {subprocess.py:106} INFO - [0m05:37:01    retry_on_database_errors: False
[2026-03-29T05:37:01.960+0000] {subprocess.py:106} INFO - [0m05:37:01    retry_all: False
[2026-03-29T05:37:01.960+0000] {subprocess.py:106} INFO - [0m05:37:01    insecure_mode: False
[2026-03-29T05:37:01.960+0000] {subprocess.py:106} INFO - [0m05:37:01    reuse_connections: True
[2026-03-29T05:37:01.961+0000] {subprocess.py:106} INFO - [0m05:37:01    s3_stage_vpce_dns_name: None
[2026-03-29T05:37:01.961+0000] {subprocess.py:106} INFO - [0m05:37:01    platform_detection_timeout_seconds: 0.0
[2026-03-29T05:37:01.961+0000] {subprocess.py:106} INFO - [0m05:37:01  Registered adapter: snowflake=1.11.3
[2026-03-29T05:37:02.856+0000] {subprocess.py:106} INFO - [0m05:37:02    Connection test: [[32mOK connection ok[0m]
[2026-03-29T05:37:02.857+0000] {subprocess.py:106} INFO - 
[2026-03-29T05:37:02.857+0000] {subprocess.py:106} INFO - [0m05:37:02  [31m1 check failed:[0m
[2026-03-29T05:37:02.858+0000] {subprocess.py:106} INFO - [0m05:37:02  Error from git --help: Could not find command, ensure it is in the user's PATH: "git"
[2026-03-29T05:37:02.859+0000] {subprocess.py:106} INFO - 
[2026-03-29T05:37:05.126+0000] {subprocess.py:110} INFO - Command exited with return code 1
[2026-03-29T05:37:05.130+0000] {taskinstance.py:441} INFO - ::group::Post task execution logs
[2026-03-29T05:37:05.157+0000] {taskinstance.py:2905} ERROR - Task failed with exception
Traceback (most recent call last):
  File "/home/airflow/.local/lib/python3.12/site-packages/airflow/models/taskinstance.py", line 465, in _execute_task
    result = _execute_callable(context=context, **execute_callable_kwargs)
             ^^^^^^^^^^^^^^^^^^^^^^^^^^^^^^^^^^^^^^^^^^^^^^^^^^^^^^^^^^^^^
  File "/home/airflow/.local/lib/python3.12/site-packages/airflow/models/taskinstance.py", line 432, in _execute_callable
    return execute_callable(context=context, **execute_callable_kwargs)
           ^^^^^^^^^^^^^^^^^^^^^^^^^^^^^^^^^^^^^^^^^^^^^^^^^^^^^^^^^^^^
  File "/home/airflow/.local/lib/python3.12/site-packages/airflow/models/baseoperator.py", line 401, in wrapper
    return func(self, *args, **kwargs)
           ^^^^^^^^^^^^^^^^^^^^^^^^^^^
  File "/home/airflow/.local/lib/python3.12/site-packages/airflow/providers/standard/operators/bash.py", line 233, in execute
    raise AirflowException(
airflow.exceptions.AirflowException: Bash command failed. The command returned a non-zero exit code 1.
[2026-03-29T05:37:05.163+0000] {taskinstance.py:1206} INFO - Marking task as FAILED. dag_id=banking_01_bronze_layer, task_id=debug, run_id=scheduled__2026-03-29T04:30:00+00:00, execution_date=20260329T043000, start_date=20260329T053659, end_date=20260329T053705
[2026-03-29T05:37:05.184+0000] {standard_task_runner.py:110} ERROR - Failed to execute job 7120 for task debug (Bash command failed. The command returned a non-zero exit code 1.; 17154)
[2026-03-29T05:37:05.194+0000] {local_task_job_runner.py:243} INFO - Task exited with return code 1
[2026-03-29T05:37:05.210+0000] {taskinstance.py:3503} INFO - 0 downstream tasks scheduled from follow-on schedule check
[2026-03-29T05:37:05.210+0000] {local_task_job_runner.py:222} INFO - ::endgroup::
