[2026-03-30T18:25:03.460+0000] {local_task_job_runner.py:120} INFO - ::group::Pre task execution logs
[2026-03-30T18:25:03.484+0000] {taskinstance.py:2076} INFO - Dependencies all met for dep_context=non-requeueable deps ti=<TaskInstance: transfer_from_minio_to_snowflake_transactions.create_stage scheduled__2026-03-30T18:08:00+00:00 [queued]>
[2026-03-30T18:25:03.488+0000] {taskinstance.py:2076} INFO - Dependencies all met for dep_context=requeueable deps ti=<TaskInstance: transfer_from_minio_to_snowflake_transactions.create_stage scheduled__2026-03-30T18:08:00+00:00 [queued]>
[2026-03-30T18:25:03.488+0000] {taskinstance.py:2306} INFO - Starting attempt 1 of 3
[2026-03-30T18:25:03.494+0000] {taskinstance.py:2330} INFO - Executing <Task(SQLExecuteQueryOperator): create_stage> on 2026-03-30 18:08:00+00:00
[2026-03-30T18:25:03.516+0000] {logging_mixin.py:188} WARNING - /home/***/.local/lib/python3.12/site-packages/***/task/task_runner/standard_task_runner.py:62 DeprecationWarning: This process (pid=22677) is multi-threaded, use of fork() may lead to deadlocks in the child.
[2026-03-30T18:25:03.503+0000] {standard_task_runner.py:90} INFO - Running: ['***', 'tasks', 'run', 'transfer_from_minio_to_snowflake_transactions', 'create_stage', 'scheduled__2026-03-30T18:08:00+00:00', '--job-id', '8612', '--raw', '--subdir', 'DAGS_FOLDER/transfer.py', '--cfg-path', '/tmp/tmpkrcnothb']
[2026-03-30T18:25:03.518+0000] {standard_task_runner.py:91} INFO - Job 8612: Subtask create_stage
[2026-03-30T18:25:03.518+0000] {standard_task_runner.py:64} INFO - Started process 22689 to run task
[2026-03-30T18:25:03.576+0000] {task_command.py:426} INFO - Running <TaskInstance: transfer_from_minio_to_snowflake_transactions.create_stage scheduled__2026-03-30T18:08:00+00:00 [running]> on host c990dffe13ae
[2026-03-30T18:25:04.062+0000] {taskinstance.py:2648} INFO - Exporting env vars: AIRFLOW_CTX_DAG_OWNER='***' AIRFLOW_CTX_DAG_ID='transfer_from_minio_to_snowflake_transactions' AIRFLOW_CTX_TASK_ID='create_stage' AIRFLOW_CTX_EXECUTION_DATE='2026-03-30T18:08:00+00:00' AIRFLOW_CTX_TRY_NUMBER='1' AIRFLOW_CTX_DAG_RUN_ID='scheduled__2026-03-30T18:08:00+00:00'
[2026-03-30T18:25:04.064+0000] {taskinstance.py:430} INFO - ::endgroup::
[2026-03-30T18:25:04.064+0000] {sql.py:282} INFO - Executing:  CREATE STAGE IF NOT EXISTS incoming  
                 URL = 's3://de-project-banking-pipeline-dev-2/'
                 STORAGE_INTEGRATION = my_s3_integration
                 FILE_FORMAT = (TYPE = 'JSON'); 
[2026-03-30T18:25:04.073+0000] {base.py:84} INFO - Using connection ID 'warehouse_id' for task execution.
[2026-03-30T18:25:04.137+0000] {base.py:84} INFO - Using connection ID 'warehouse_id' for task execution.
[2026-03-30T18:25:04.187+0000] {connection.py:613} INFO - Snowflake Connector for Python Version: 4.3.0, Python Version: 3.12.4, Platform: Linux-6.12.76-linuxkit-aarch64-with-glibc2.36
[2026-03-30T18:25:04.188+0000] {connection.py:1709} INFO - Connecting to GLOBAL Snowflake domain
[2026-03-30T18:25:05.241+0000] {sql.py:495} INFO - Running statement: CREATE STAGE IF NOT EXISTS incoming  
                 URL = 's3://de-project-banking-pipeline-dev-2/'
                 STORAGE_INTEGRATION = my_s3_integration
                 FILE_FORMAT = (TYPE = 'JSON');, parameters: None
[2026-03-30T18:25:06.691+0000] {sql.py:504} INFO - Rows affected: 1
[2026-03-30T18:25:06.695+0000] {snowflake.py:422} INFO - Rows affected: 1
[2026-03-30T18:25:06.696+0000] {snowflake.py:423} INFO - Snowflake query id: 01c36111-3202-85e0-0014-90e60006ad3e
[2026-03-30T18:25:07.500+0000] {taskinstance.py:441} INFO - ::group::Post task execution logs
[2026-03-30T18:25:07.596+0000] {taskinstance.py:1206} INFO - Marking task as SUCCESS. dag_id=transfer_from_minio_to_snowflake_transactions, task_id=create_stage, run_id=scheduled__2026-03-30T18:08:00+00:00, execution_date=20260330T180800, start_date=20260330T182503, end_date=20260330T182507
[2026-03-30T18:25:07.654+0000] {local_task_job_runner.py:243} INFO - Task exited with return code 0
[2026-03-30T18:25:07.708+0000] {taskinstance.py:3503} INFO - 1 downstream tasks scheduled from follow-on schedule check
[2026-03-30T18:25:07.710+0000] {local_task_job_runner.py:222} INFO - ::endgroup::
