[2026-03-30T00:33:00.938+0000] {local_task_job_runner.py:120} INFO - ::group::Pre task execution logs
[2026-03-30T00:33:00.952+0000] {taskinstance.py:2076} INFO - Dependencies all met for dep_context=non-requeueable deps ti=<TaskInstance: banking_01_bronze_layer.debug scheduled__2026-03-30T00:00:00+00:00 [queued]>
[2026-03-30T00:33:00.955+0000] {taskinstance.py:2076} INFO - Dependencies all met for dep_context=requeueable deps ti=<TaskInstance: banking_01_bronze_layer.debug scheduled__2026-03-30T00:00:00+00:00 [queued]>
[2026-03-30T00:33:00.955+0000] {taskinstance.py:2306} INFO - Starting attempt 1 of 2
[2026-03-30T00:33:00.961+0000] {taskinstance.py:2330} INFO - Executing <Task(BashOperator): debug> on 2026-03-30 00:00:00+00:00
[2026-03-30T00:33:00.963+0000] {standard_task_runner.py:64} INFO - Started process 6347 to run task
[2026-03-30T00:33:00.964+0000] {standard_task_runner.py:90} INFO - Running: ['***', 'tasks', 'run', 'banking_01_bronze_layer', 'debug', 'scheduled__2026-03-30T00:00:00+00:00', '--job-id', '7379', '--raw', '--subdir', 'DAGS_FOLDER/dbt.py', '--cfg-path', '/tmp/tmpoykxfe5t']
[2026-03-30T00:33:00.965+0000] {standard_task_runner.py:91} INFO - Job 7379: Subtask debug
[2026-03-30T00:33:00.992+0000] {task_command.py:426} INFO - Running <TaskInstance: banking_01_bronze_layer.debug scheduled__2026-03-30T00:00:00+00:00 [running]> on host c990dffe13ae
[2026-03-30T00:33:01.046+0000] {taskinstance.py:2648} INFO - Exporting env vars: AIRFLOW_CTX_DAG_OWNER='risheek' AIRFLOW_CTX_DAG_ID='banking_01_bronze_layer' AIRFLOW_CTX_TASK_ID='debug' AIRFLOW_CTX_EXECUTION_DATE='2026-03-30T00:00:00+00:00' AIRFLOW_CTX_TRY_NUMBER='1' AIRFLOW_CTX_DAG_RUN_ID='scheduled__2026-03-30T00:00:00+00:00'
[2026-03-30T00:33:01.047+0000] {taskinstance.py:430} INFO - ::endgroup::
[2026-03-30T00:33:01.047+0000] {subprocess.py:78} INFO - Tmp dir root location: /tmp
[2026-03-30T00:33:01.047+0000] {subprocess.py:88} INFO - Running command: ['/usr/bin/bash', '-c', 'dbt debug --profiles-dir /opt/***/dbt/trans_snowf']
[2026-03-30T00:33:01.051+0000] {subprocess.py:99} INFO - Output:
[2026-03-30T00:33:02.347+0000] {subprocess.py:106} INFO - [0m00:33:02  Running with dbt=1.11.7
[2026-03-30T00:33:02.355+0000] {subprocess.py:106} INFO - [0m00:33:02  dbt version: 1.11.7
[2026-03-30T00:33:02.356+0000] {subprocess.py:106} INFO - [0m00:33:02  python version: 3.12.4
[2026-03-30T00:33:02.356+0000] {subprocess.py:106} INFO - [0m00:33:02  python path: /home/***/.local/bin/python
[2026-03-30T00:33:02.357+0000] {subprocess.py:106} INFO - [0m00:33:02  os info: Linux-6.12.76-linuxkit-aarch64-with-glibc2.36
[2026-03-30T00:33:02.791+0000] {subprocess.py:106} INFO - [0m00:33:02  Using profiles dir at /opt/***/dbt/trans_snowf
[2026-03-30T00:33:02.792+0000] {subprocess.py:106} INFO - [0m00:33:02  Using profiles.yml file at /opt/***/dbt/trans_snowf/profiles.yml
[2026-03-30T00:33:02.792+0000] {subprocess.py:106} INFO - [0m00:33:02  Using dbt_project.yml file at /opt/***/dbt/trans_snowf/dbt_project.yml
[2026-03-30T00:33:02.793+0000] {subprocess.py:106} INFO - [0m00:33:02  adapter type: snowflake
[2026-03-30T00:33:02.793+0000] {subprocess.py:106} INFO - [0m00:33:02  adapter version: 1.11.3
[2026-03-30T00:33:02.844+0000] {subprocess.py:106} INFO - [0m00:33:02  Configuration:
[2026-03-30T00:33:02.845+0000] {subprocess.py:106} INFO - [0m00:33:02    profiles.yml file [[32mOK found and valid[0m]
[2026-03-30T00:33:02.845+0000] {subprocess.py:106} INFO - [0m00:33:02    dbt_project.yml file [[32mOK found and valid[0m]
[2026-03-30T00:33:02.845+0000] {subprocess.py:106} INFO - [0m00:33:02  Required dependencies:
[2026-03-30T00:33:02.846+0000] {subprocess.py:106} INFO - [0m00:33:02   - git [[31mERROR[0m]
[2026-03-30T00:33:02.847+0000] {subprocess.py:106} INFO - 
[2026-03-30T00:33:02.847+0000] {subprocess.py:106} INFO - [0m00:33:02  Connection:
[2026-03-30T00:33:02.847+0000] {subprocess.py:106} INFO - [0m00:33:02    account: BBMCDSP-CT02489
[2026-03-30T00:33:02.847+0000] {subprocess.py:106} INFO - [0m00:33:02    user: user123
[2026-03-30T00:33:02.848+0000] {subprocess.py:106} INFO - [0m00:33:02    database: BANKING
[2026-03-30T00:33:02.848+0000] {subprocess.py:106} INFO - [0m00:33:02    warehouse: COMPUTE_WH
[2026-03-30T00:33:02.849+0000] {subprocess.py:106} INFO - [0m00:33:02    role: dbtadmin
[2026-03-30T00:33:02.849+0000] {subprocess.py:106} INFO - [0m00:33:02    schema: PUBLIC
[2026-03-30T00:33:02.849+0000] {subprocess.py:106} INFO - [0m00:33:02    authenticator: None
[2026-03-30T00:33:02.850+0000] {subprocess.py:106} INFO - [0m00:33:02    oauth_client_id: None
[2026-03-30T00:33:02.850+0000] {subprocess.py:106} INFO - [0m00:33:02    query_tag: None
[2026-03-30T00:33:02.850+0000] {subprocess.py:106} INFO - [0m00:33:02    client_session_keep_alive: False
[2026-03-30T00:33:02.851+0000] {subprocess.py:106} INFO - [0m00:33:02    host: None
[2026-03-30T00:33:02.851+0000] {subprocess.py:106} INFO - [0m00:33:02    port: None
[2026-03-30T00:33:02.851+0000] {subprocess.py:106} INFO - [0m00:33:02    proxy_host: None
[2026-03-30T00:33:02.852+0000] {subprocess.py:106} INFO - [0m00:33:02    proxy_port: None
[2026-03-30T00:33:02.852+0000] {subprocess.py:106} INFO - [0m00:33:02    protocol: None
[2026-03-30T00:33:02.852+0000] {subprocess.py:106} INFO - [0m00:33:02    connect_retries: 1
[2026-03-30T00:33:02.853+0000] {subprocess.py:106} INFO - [0m00:33:02    connect_timeout: None
[2026-03-30T00:33:02.853+0000] {subprocess.py:106} INFO - [0m00:33:02    retry_on_database_errors: False
[2026-03-30T00:33:02.853+0000] {subprocess.py:106} INFO - [0m00:33:02    retry_all: False
[2026-03-30T00:33:02.854+0000] {subprocess.py:106} INFO - [0m00:33:02    insecure_mode: False
[2026-03-30T00:33:02.854+0000] {subprocess.py:106} INFO - [0m00:33:02    reuse_connections: True
[2026-03-30T00:33:02.854+0000] {subprocess.py:106} INFO - [0m00:33:02    s3_stage_vpce_dns_name: None
[2026-03-30T00:33:02.856+0000] {subprocess.py:106} INFO - [0m00:33:02    platform_detection_timeout_seconds: 0.0
[2026-03-30T00:33:02.856+0000] {subprocess.py:106} INFO - [0m00:33:02  Registered adapter: snowflake=1.11.3
[2026-03-30T00:33:03.628+0000] {subprocess.py:106} INFO - [0m00:33:03    Connection test: [[32mOK connection ok[0m]
[2026-03-30T00:33:03.629+0000] {subprocess.py:106} INFO - 
[2026-03-30T00:33:03.630+0000] {subprocess.py:106} INFO - [0m00:33:03  [31m1 check failed:[0m
[2026-03-30T00:33:03.631+0000] {subprocess.py:106} INFO - [0m00:33:03  Error from git --help: Could not find command, ensure it is in the user's PATH: "git"
[2026-03-30T00:33:03.631+0000] {subprocess.py:106} INFO - 
[2026-03-30T00:33:06.292+0000] {subprocess.py:110} INFO - Command exited with return code 1
[2026-03-30T00:33:06.293+0000] {taskinstance.py:441} INFO - ::group::Post task execution logs
[2026-03-30T00:33:06.310+0000] {taskinstance.py:2905} ERROR - Task failed with exception
Traceback (most recent call last):
  File "/home/airflow/.local/lib/python3.12/site-packages/airflow/models/taskinstance.py", line 465, in _execute_task
    result = _execute_callable(context=context, **execute_callable_kwargs)
             ^^^^^^^^^^^^^^^^^^^^^^^^^^^^^^^^^^^^^^^^^^^^^^^^^^^^^^^^^^^^^
  File "/home/airflow/.local/lib/python3.12/site-packages/airflow/models/taskinstance.py", line 432, in _execute_callable
    return execute_callable(context=context, **execute_callable_kwargs)
           ^^^^^^^^^^^^^^^^^^^^^^^^^^^^^^^^^^^^^^^^^^^^^^^^^^^^^^^^^^^^
  File "/home/airflow/.local/lib/python3.12/site-packages/airflow/models/baseoperator.py", line 401, in wrapper
    return func(self, *args, **kwargs)
           ^^^^^^^^^^^^^^^^^^^^^^^^^^^
  File "/home/airflow/.local/lib/python3.12/site-packages/airflow/providers/standard/operators/bash.py", line 233, in execute
    raise AirflowException(
airflow.exceptions.AirflowException: Bash command failed. The command returned a non-zero exit code 1.
[2026-03-30T00:33:06.317+0000] {taskinstance.py:1206} INFO - Marking task as UP_FOR_RETRY. dag_id=banking_01_bronze_layer, task_id=debug, run_id=scheduled__2026-03-30T00:00:00+00:00, execution_date=20260330T000000, start_date=20260330T003300, end_date=20260330T003306
[2026-03-30T00:33:06.331+0000] {standard_task_runner.py:110} ERROR - Failed to execute job 7379 for task debug (Bash command failed. The command returned a non-zero exit code 1.; 6347)
[2026-03-30T00:33:06.370+0000] {local_task_job_runner.py:243} INFO - Task exited with return code 1
[2026-03-30T00:33:06.386+0000] {taskinstance.py:3503} INFO - 0 downstream tasks scheduled from follow-on schedule check
[2026-03-30T00:33:06.387+0000] {local_task_job_runner.py:222} INFO - ::endgroup::
