[2026-03-29T03:53:12.848+0000] {local_task_job_runner.py:120} INFO - ::group::Pre task execution logs
[2026-03-29T03:53:12.867+0000] {taskinstance.py:2076} INFO - Dependencies all met for dep_context=non-requeueable deps ti=<TaskInstance: banking_01_bronze_layer.build_bronze_trans scheduled__2026-03-29T03:00:00+00:00 [queued]>
[2026-03-29T03:53:12.871+0000] {taskinstance.py:2076} INFO - Dependencies all met for dep_context=requeueable deps ti=<TaskInstance: banking_01_bronze_layer.build_bronze_trans scheduled__2026-03-29T03:00:00+00:00 [queued]>
[2026-03-29T03:53:12.871+0000] {taskinstance.py:2306} INFO - Starting attempt 1 of 2
[2026-03-29T03:53:12.878+0000] {taskinstance.py:2330} INFO - Executing <Task(BashOperator): build_bronze_trans> on 2026-03-29 03:00:00+00:00
[2026-03-29T03:53:12.881+0000] {standard_task_runner.py:64} INFO - Started process 16264 to run task
[2026-03-29T03:53:12.884+0000] {standard_task_runner.py:90} INFO - Running: ['***', 'tasks', 'run', 'banking_01_bronze_layer', 'build_bronze_trans', 'scheduled__2026-03-29T03:00:00+00:00', '--job-id', '7087', '--raw', '--subdir', 'DAGS_FOLDER/dbt.py', '--cfg-path', '/tmp/tmpy4y7bk8r']
[2026-03-29T03:53:12.887+0000] {standard_task_runner.py:91} INFO - Job 7087: Subtask build_bronze_trans
[2026-03-29T03:53:12.923+0000] {task_command.py:426} INFO - Running <TaskInstance: banking_01_bronze_layer.build_bronze_trans scheduled__2026-03-29T03:00:00+00:00 [running]> on host c990dffe13ae
[2026-03-29T03:53:12.978+0000] {taskinstance.py:2648} INFO - Exporting env vars: AIRFLOW_CTX_DAG_OWNER='risheek' AIRFLOW_CTX_DAG_ID='banking_01_bronze_layer' AIRFLOW_CTX_TASK_ID='build_bronze_trans' AIRFLOW_CTX_EXECUTION_DATE='2026-03-29T03:00:00+00:00' AIRFLOW_CTX_TRY_NUMBER='1' AIRFLOW_CTX_DAG_RUN_ID='scheduled__2026-03-29T03:00:00+00:00'
[2026-03-29T03:53:12.978+0000] {taskinstance.py:430} INFO - ::endgroup::
[2026-03-29T03:53:12.979+0000] {subprocess.py:78} INFO - Tmp dir root location: /tmp
[2026-03-29T03:53:12.979+0000] {subprocess.py:88} INFO - Running command: ['/usr/bin/bash', '-c', 'dbt build --select bronze_trans']
[2026-03-29T03:53:12.983+0000] {subprocess.py:99} INFO - Output:
[2026-03-29T03:53:14.406+0000] {subprocess.py:106} INFO - [0m03:53:14  Running with dbt=1.11.7
[2026-03-29T03:53:14.943+0000] {subprocess.py:106} INFO - [0m03:53:14  Registered adapter: snowflake=1.11.3
[2026-03-29T03:53:15.102+0000] {subprocess.py:106} INFO - [0m03:53:15  [[33mWARNING[0m]: Configuration paths exist in your dbt_project.yml file which do not apply to any resources.
[2026-03-29T03:53:15.102+0000] {subprocess.py:106} INFO - There are 1 unused configuration paths:
[2026-03-29T03:53:15.102+0000] {subprocess.py:106} INFO - - models.trans_snowf.example
[2026-03-29T03:53:15.228+0000] {subprocess.py:106} INFO - [0m03:53:15  Found 14 models, 3 sources, 522 macros
[2026-03-29T03:53:15.230+0000] {subprocess.py:106} INFO - [0m03:53:15
[2026-03-29T03:53:15.230+0000] {subprocess.py:106} INFO - [0m03:53:15  Concurrency: 1 threads (target='dev')
[2026-03-29T03:53:15.231+0000] {subprocess.py:106} INFO - [0m03:53:15
[2026-03-29T03:53:15.875+0000] {subprocess.py:106} INFO - [0m03:53:15
[2026-03-29T03:53:15.877+0000] {subprocess.py:106} INFO - [0m03:53:15  Finished running  in 0 hours 0 minutes and 0.64 seconds (0.64s).
[2026-03-29T03:53:15.878+0000] {subprocess.py:106} INFO - [0m03:53:15  Encountered an error:
[2026-03-29T03:53:15.883+0000] {subprocess.py:106} INFO - Runtime Error
[2026-03-29T03:53:15.883+0000] {subprocess.py:106} INFO -   Database error while listing schemas in database "BANKING"
[2026-03-29T03:53:15.884+0000] {subprocess.py:106} INFO -   Database Error
[2026-03-29T03:53:15.884+0000] {subprocess.py:106} INFO -     250001 (08001): Failed to connect to DB: BBMCDSP-CT02489.snowflakecomputing.com:443. JWT token is invalid. [4510d602-8992-486d-ac95-a1c76ecc7487]
[2026-03-29T03:53:17.252+0000] {subprocess.py:110} INFO - Command exited with return code 2
[2026-03-29T03:53:17.253+0000] {taskinstance.py:441} INFO - ::group::Post task execution logs
[2026-03-29T03:53:17.264+0000] {taskinstance.py:2905} ERROR - Task failed with exception
Traceback (most recent call last):
  File "/home/airflow/.local/lib/python3.12/site-packages/airflow/models/taskinstance.py", line 465, in _execute_task
    result = _execute_callable(context=context, **execute_callable_kwargs)
             ^^^^^^^^^^^^^^^^^^^^^^^^^^^^^^^^^^^^^^^^^^^^^^^^^^^^^^^^^^^^^
  File "/home/airflow/.local/lib/python3.12/site-packages/airflow/models/taskinstance.py", line 432, in _execute_callable
    return execute_callable(context=context, **execute_callable_kwargs)
           ^^^^^^^^^^^^^^^^^^^^^^^^^^^^^^^^^^^^^^^^^^^^^^^^^^^^^^^^^^^^
  File "/home/airflow/.local/lib/python3.12/site-packages/airflow/models/baseoperator.py", line 401, in wrapper
    return func(self, *args, **kwargs)
           ^^^^^^^^^^^^^^^^^^^^^^^^^^^
  File "/home/airflow/.local/lib/python3.12/site-packages/airflow/providers/standard/operators/bash.py", line 233, in execute
    raise AirflowException(
airflow.exceptions.AirflowException: Bash command failed. The command returned a non-zero exit code 2.
[2026-03-29T03:53:17.267+0000] {taskinstance.py:1206} INFO - Marking task as UP_FOR_RETRY. dag_id=banking_01_bronze_layer, task_id=build_bronze_trans, run_id=scheduled__2026-03-29T03:00:00+00:00, execution_date=20260329T030000, start_date=20260329T035312, end_date=20260329T035317
[2026-03-29T03:53:17.275+0000] {standard_task_runner.py:110} ERROR - Failed to execute job 7087 for task build_bronze_trans (Bash command failed. The command returned a non-zero exit code 2.; 16264)
[2026-03-29T03:53:17.310+0000] {local_task_job_runner.py:243} INFO - Task exited with return code 1
[2026-03-29T03:53:17.323+0000] {taskinstance.py:3503} INFO - 0 downstream tasks scheduled from follow-on schedule check
[2026-03-29T03:53:17.324+0000] {local_task_job_runner.py:222} INFO - ::endgroup::
