[2026-03-29T04:05:23.052+0000] {local_task_job_runner.py:120} INFO - ::group::Pre task execution logs
[2026-03-29T04:05:23.066+0000] {taskinstance.py:2076} INFO - Dependencies all met for dep_context=non-requeueable deps ti=<TaskInstance: banking_01_bronze_layer.build_bronze_trans scheduled__2026-03-29T03:30:00+00:00 [queued]>
[2026-03-29T04:05:23.069+0000] {taskinstance.py:2076} INFO - Dependencies all met for dep_context=requeueable deps ti=<TaskInstance: banking_01_bronze_layer.build_bronze_trans scheduled__2026-03-29T03:30:00+00:00 [queued]>
[2026-03-29T04:05:23.070+0000] {taskinstance.py:2306} INFO - Starting attempt 1 of 2
[2026-03-29T04:05:23.075+0000] {taskinstance.py:2330} INFO - Executing <Task(BashOperator): build_bronze_trans> on 2026-03-29 03:30:00+00:00
[2026-03-29T04:05:23.077+0000] {standard_task_runner.py:64} INFO - Started process 16444 to run task
[2026-03-29T04:05:23.079+0000] {standard_task_runner.py:90} INFO - Running: ['***', 'tasks', 'run', 'banking_01_bronze_layer', 'build_bronze_trans', 'scheduled__2026-03-29T03:30:00+00:00', '--job-id', '7094', '--raw', '--subdir', 'DAGS_FOLDER/dbt.py', '--cfg-path', '/tmp/tmpj6zukmd4']
[2026-03-29T04:05:23.080+0000] {standard_task_runner.py:91} INFO - Job 7094: Subtask build_bronze_trans
[2026-03-29T04:05:23.110+0000] {task_command.py:426} INFO - Running <TaskInstance: banking_01_bronze_layer.build_bronze_trans scheduled__2026-03-29T03:30:00+00:00 [running]> on host c990dffe13ae
[2026-03-29T04:05:23.159+0000] {taskinstance.py:2648} INFO - Exporting env vars: AIRFLOW_CTX_DAG_OWNER='risheek' AIRFLOW_CTX_DAG_ID='banking_01_bronze_layer' AIRFLOW_CTX_TASK_ID='build_bronze_trans' AIRFLOW_CTX_EXECUTION_DATE='2026-03-29T03:30:00+00:00' AIRFLOW_CTX_TRY_NUMBER='1' AIRFLOW_CTX_DAG_RUN_ID='scheduled__2026-03-29T03:30:00+00:00'
[2026-03-29T04:05:23.159+0000] {taskinstance.py:430} INFO - ::endgroup::
[2026-03-29T04:05:23.160+0000] {subprocess.py:78} INFO - Tmp dir root location: /tmp
[2026-03-29T04:05:23.160+0000] {subprocess.py:88} INFO - Running command: ['/usr/bin/bash', '-c', 'dbt build --select bronze_trans']
[2026-03-29T04:05:23.164+0000] {subprocess.py:99} INFO - Output:
[2026-03-29T04:05:24.375+0000] {subprocess.py:106} INFO - [0m04:05:24  Running with dbt=1.11.7
[2026-03-29T04:05:24.888+0000] {subprocess.py:106} INFO - [0m04:05:24  Registered adapter: snowflake=1.11.3
[2026-03-29T04:05:25.018+0000] {subprocess.py:106} INFO - [0m04:05:25  [[33mWARNING[0m]: Configuration paths exist in your dbt_project.yml file which do not apply to any resources.
[2026-03-29T04:05:25.019+0000] {subprocess.py:106} INFO - There are 1 unused configuration paths:
[2026-03-29T04:05:25.022+0000] {subprocess.py:106} INFO - - models.trans_snowf.example
[2026-03-29T04:05:25.129+0000] {subprocess.py:106} INFO - [0m04:05:25  Found 14 models, 3 sources, 522 macros
[2026-03-29T04:05:25.131+0000] {subprocess.py:106} INFO - [0m04:05:25
[2026-03-29T04:05:25.131+0000] {subprocess.py:106} INFO - [0m04:05:25  Concurrency: 1 threads (target='dev')
[2026-03-29T04:05:25.131+0000] {subprocess.py:106} INFO - [0m04:05:25
[2026-03-29T04:05:26.361+0000] {subprocess.py:106} INFO - [0m04:05:26
[2026-03-29T04:05:26.362+0000] {subprocess.py:106} INFO - [0m04:05:26  Finished running  in 0 hours 0 minutes and 1.23 seconds (1.23s).
[2026-03-29T04:05:26.364+0000] {subprocess.py:106} INFO - [0m04:05:26  Encountered an error:
[2026-03-29T04:05:26.364+0000] {subprocess.py:106} INFO - Runtime Error
[2026-03-29T04:05:26.365+0000] {subprocess.py:106} INFO -   Database error while listing schemas in database "BANKING"
[2026-03-29T04:05:26.367+0000] {subprocess.py:106} INFO -   Database Error
[2026-03-29T04:05:26.367+0000] {subprocess.py:106} INFO -     250001 (08001): Failed to connect to DB: BBMCDSP-CT02489.snowflakecomputing.com:443. JWT token is invalid. [c408980b-e918-4b4a-9584-1f5d7e27c66d]
[2026-03-29T04:05:28.053+0000] {subprocess.py:110} INFO - Command exited with return code 2
[2026-03-29T04:05:28.055+0000] {taskinstance.py:441} INFO - ::group::Post task execution logs
[2026-03-29T04:05:28.078+0000] {taskinstance.py:2905} ERROR - Task failed with exception
Traceback (most recent call last):
  File "/home/airflow/.local/lib/python3.12/site-packages/airflow/models/taskinstance.py", line 465, in _execute_task
    result = _execute_callable(context=context, **execute_callable_kwargs)
             ^^^^^^^^^^^^^^^^^^^^^^^^^^^^^^^^^^^^^^^^^^^^^^^^^^^^^^^^^^^^^
  File "/home/airflow/.local/lib/python3.12/site-packages/airflow/models/taskinstance.py", line 432, in _execute_callable
    return execute_callable(context=context, **execute_callable_kwargs)
           ^^^^^^^^^^^^^^^^^^^^^^^^^^^^^^^^^^^^^^^^^^^^^^^^^^^^^^^^^^^^
  File "/home/airflow/.local/lib/python3.12/site-packages/airflow/models/baseoperator.py", line 401, in wrapper
    return func(self, *args, **kwargs)
           ^^^^^^^^^^^^^^^^^^^^^^^^^^^
  File "/home/airflow/.local/lib/python3.12/site-packages/airflow/providers/standard/operators/bash.py", line 233, in execute
    raise AirflowException(
airflow.exceptions.AirflowException: Bash command failed. The command returned a non-zero exit code 2.
[2026-03-29T04:05:28.083+0000] {taskinstance.py:1206} INFO - Marking task as UP_FOR_RETRY. dag_id=banking_01_bronze_layer, task_id=build_bronze_trans, run_id=scheduled__2026-03-29T03:30:00+00:00, execution_date=20260329T033000, start_date=20260329T040523, end_date=20260329T040528
[2026-03-29T04:05:28.098+0000] {standard_task_runner.py:110} ERROR - Failed to execute job 7094 for task build_bronze_trans (Bash command failed. The command returned a non-zero exit code 2.; 16444)
[2026-03-29T04:05:28.112+0000] {local_task_job_runner.py:243} INFO - Task exited with return code 1
[2026-03-29T04:05:28.133+0000] {taskinstance.py:3503} INFO - 0 downstream tasks scheduled from follow-on schedule check
[2026-03-29T04:05:28.135+0000] {local_task_job_runner.py:222} INFO - ::endgroup::
