[2026-03-28T11:24:46.500+0000] {local_task_job_runner.py:120} INFO - ::group::Pre task execution logs
[2026-03-28T11:24:46.515+0000] {taskinstance.py:2076} INFO - Dependencies all met for dep_context=non-requeueable deps ti=<TaskInstance: transfer_from_minio_to_snowflake_accounts.create_raw scheduled__2026-03-28T11:23:00+00:00 [queued]>
[2026-03-28T11:24:46.518+0000] {taskinstance.py:2076} INFO - Dependencies all met for dep_context=requeueable deps ti=<TaskInstance: transfer_from_minio_to_snowflake_accounts.create_raw scheduled__2026-03-28T11:23:00+00:00 [queued]>
[2026-03-28T11:24:46.518+0000] {taskinstance.py:2306} INFO - Starting attempt 1 of 3
[2026-03-28T11:24:46.523+0000] {taskinstance.py:2330} INFO - Executing <Task(SQLExecuteQueryOperator): create_raw> on 2026-03-28 11:23:00+00:00
[2026-03-28T11:24:46.530+0000] {logging_mixin.py:188} WARNING - /home/***/.local/lib/python3.12/site-packages/***/task/task_runner/standard_task_runner.py:62 DeprecationWarning: This process (pid=2277) is multi-threaded, use of fork() may lead to deadlocks in the child.
[2026-03-28T11:24:46.529+0000] {standard_task_runner.py:90} INFO - Running: ['***', 'tasks', 'run', 'transfer_from_minio_to_snowflake_accounts', 'create_raw', 'scheduled__2026-03-28T11:23:00+00:00', '--job-id', '6507', '--raw', '--subdir', 'DAGS_FOLDER/transfer.py', '--cfg-path', '/tmp/tmpl3_tvqgd']
[2026-03-28T11:24:46.530+0000] {standard_task_runner.py:91} INFO - Job 6507: Subtask create_raw
[2026-03-28T11:24:46.530+0000] {standard_task_runner.py:64} INFO - Started process 2289 to run task
[2026-03-28T11:24:46.558+0000] {task_command.py:426} INFO - Running <TaskInstance: transfer_from_minio_to_snowflake_accounts.create_raw scheduled__2026-03-28T11:23:00+00:00 [running]> on host c990dffe13ae
[2026-03-28T11:24:46.693+0000] {taskinstance.py:2648} INFO - Exporting env vars: AIRFLOW_CTX_DAG_OWNER='***' AIRFLOW_CTX_DAG_ID='transfer_from_minio_to_snowflake_accounts' AIRFLOW_CTX_TASK_ID='create_raw' AIRFLOW_CTX_EXECUTION_DATE='2026-03-28T11:23:00+00:00' AIRFLOW_CTX_TRY_NUMBER='1' AIRFLOW_CTX_DAG_RUN_ID='scheduled__2026-03-28T11:23:00+00:00'
[2026-03-28T11:24:46.694+0000] {taskinstance.py:430} INFO - ::endgroup::
[2026-03-28T11:24:46.694+0000] {sql.py:282} INFO - Executing:  CREATE TABLE IF NOT EXISTS RAW_ACCOUNTS (
                    raw_json VARIANT,
                    inserted_at TIMESTAMP_NTZ DEFAULT CURRENT_TIMESTAMP());
                  
[2026-03-28T11:24:46.699+0000] {base.py:84} INFO - Using connection ID 'warehouse_id' for task execution.
[2026-03-28T11:24:46.727+0000] {base.py:84} INFO - Using connection ID 'warehouse_id' for task execution.
[2026-03-28T11:24:46.766+0000] {connection.py:613} INFO - Snowflake Connector for Python Version: 4.3.0, Python Version: 3.12.4, Platform: Linux-6.12.76-linuxkit-aarch64-with-glibc2.36
[2026-03-28T11:24:46.766+0000] {connection.py:1709} INFO - Connecting to GLOBAL Snowflake domain
[2026-03-28T11:24:47.534+0000] {sql.py:495} INFO - Running statement: CREATE TABLE IF NOT EXISTS RAW_ACCOUNTS (
                    raw_json VARIANT,
                    inserted_at TIMESTAMP_NTZ DEFAULT CURRENT_TIMESTAMP());, parameters: None
[2026-03-28T11:24:47.684+0000] {sql.py:504} INFO - Rows affected: 1
[2026-03-28T11:24:47.686+0000] {snowflake.py:422} INFO - Rows affected: 1
[2026-03-28T11:24:47.687+0000] {snowflake.py:423} INFO - Snowflake query id: 01c3542c-3202-839d-0014-90e60005202a
[2026-03-28T11:24:48.049+0000] {taskinstance.py:441} INFO - ::group::Post task execution logs
[2026-03-28T11:24:48.089+0000] {taskinstance.py:1206} INFO - Marking task as SUCCESS. dag_id=transfer_from_minio_to_snowflake_accounts, task_id=create_raw, run_id=scheduled__2026-03-28T11:23:00+00:00, execution_date=20260328T112300, start_date=20260328T112446, end_date=20260328T112448
[2026-03-28T11:24:48.119+0000] {local_task_job_runner.py:243} INFO - Task exited with return code 0
[2026-03-28T11:24:48.138+0000] {taskinstance.py:3503} INFO - 1 downstream tasks scheduled from follow-on schedule check
[2026-03-28T11:24:48.139+0000] {local_task_job_runner.py:222} INFO - ::endgroup::
