[2026-03-25T14:52:08.982+0000] {local_task_job_runner.py:120} INFO - ::group::Pre task execution logs
[2026-03-25T14:52:09.000+0000] {taskinstance.py:2076} INFO - Dependencies all met for dep_context=non-requeueable deps ti=<TaskInstance: transfer_from_minio_to_snowflake_customers.create_raw scheduled__2026-03-25T14:51:00+00:00 [queued]>
[2026-03-25T14:52:09.004+0000] {taskinstance.py:2076} INFO - Dependencies all met for dep_context=requeueable deps ti=<TaskInstance: transfer_from_minio_to_snowflake_customers.create_raw scheduled__2026-03-25T14:51:00+00:00 [queued]>
[2026-03-25T14:52:09.004+0000] {taskinstance.py:2306} INFO - Starting attempt 1 of 3
[2026-03-25T14:52:09.011+0000] {taskinstance.py:2330} INFO - Executing <Task(SQLExecuteQueryOperator): create_raw> on 2026-03-25 14:51:00+00:00
[2026-03-25T14:52:09.016+0000] {standard_task_runner.py:90} INFO - Running: ['***', 'tasks', 'run', 'transfer_from_minio_to_snowflake_customers', 'create_raw', 'scheduled__2026-03-25T14:51:00+00:00', '--job-id', '1409', '--raw', '--subdir', 'DAGS_FOLDER/transfer.py', '--cfg-path', '/tmp/tmpdkglsub4']
[2026-03-25T14:52:09.019+0000] {standard_task_runner.py:91} INFO - Job 1409: Subtask create_raw
[2026-03-25T14:52:09.019+0000] {logging_mixin.py:188} WARNING - /home/***/.local/lib/python3.12/site-packages/***/task/task_runner/standard_task_runner.py:62 DeprecationWarning: This process (pid=1210) is multi-threaded, use of fork() may lead to deadlocks in the child.
[2026-03-25T14:52:09.021+0000] {standard_task_runner.py:64} INFO - Started process 1222 to run task
[2026-03-25T14:52:09.061+0000] {task_command.py:426} INFO - Running <TaskInstance: transfer_from_minio_to_snowflake_customers.create_raw scheduled__2026-03-25T14:51:00+00:00 [running]> on host c990dffe13ae
[2026-03-25T14:52:09.234+0000] {taskinstance.py:2648} INFO - Exporting env vars: AIRFLOW_CTX_DAG_OWNER='***' AIRFLOW_CTX_DAG_ID='transfer_from_minio_to_snowflake_customers' AIRFLOW_CTX_TASK_ID='create_raw' AIRFLOW_CTX_EXECUTION_DATE='2026-03-25T14:51:00+00:00' AIRFLOW_CTX_TRY_NUMBER='1' AIRFLOW_CTX_DAG_RUN_ID='scheduled__2026-03-25T14:51:00+00:00'
[2026-03-25T14:52:09.235+0000] {taskinstance.py:430} INFO - ::endgroup::
[2026-03-25T14:52:09.235+0000] {sql.py:282} INFO - Executing:  CREATE TABLE IF NOT EXISTS RAW_CUSTOMERS (
                    raw_json VARIANT,
                    inserted_at TIMESTAMP_NTZ DEFAULT CURRENT_TIMESTAMP());
                  
[2026-03-25T14:52:09.242+0000] {base.py:84} INFO - Using connection ID 'warehouse_id' for task execution.
[2026-03-25T14:52:09.278+0000] {base.py:84} INFO - Using connection ID 'warehouse_id' for task execution.
[2026-03-25T14:52:09.318+0000] {connection.py:613} INFO - Snowflake Connector for Python Version: 4.3.0, Python Version: 3.12.4, Platform: Linux-6.12.76-linuxkit-aarch64-with-glibc2.36
[2026-03-25T14:52:09.319+0000] {connection.py:1709} INFO - Connecting to GLOBAL Snowflake domain
[2026-03-25T14:52:10.147+0000] {sql.py:495} INFO - Running statement: CREATE TABLE IF NOT EXISTS RAW_CUSTOMERS (
                    raw_json VARIANT,
                    inserted_at TIMESTAMP_NTZ DEFAULT CURRENT_TIMESTAMP());, parameters: None
[2026-03-25T14:52:10.293+0000] {sql.py:504} INFO - Rows affected: 1
[2026-03-25T14:52:10.294+0000] {snowflake.py:422} INFO - Rows affected: 1
[2026-03-25T14:52:10.294+0000] {snowflake.py:423} INFO - Snowflake query id: 01c3441c-3202-7cb1-0014-90e60003b856
[2026-03-25T14:52:11.262+0000] {taskinstance.py:441} INFO - ::group::Post task execution logs
[2026-03-25T14:52:11.334+0000] {taskinstance.py:1206} INFO - Marking task as SUCCESS. dag_id=transfer_from_minio_to_snowflake_customers, task_id=create_raw, run_id=scheduled__2026-03-25T14:51:00+00:00, execution_date=20260325T145100, start_date=20260325T145209, end_date=20260325T145211
[2026-03-25T14:52:11.406+0000] {local_task_job_runner.py:243} INFO - Task exited with return code 0
[2026-03-25T14:52:11.456+0000] {taskinstance.py:3503} INFO - 1 downstream tasks scheduled from follow-on schedule check
[2026-03-25T14:52:11.457+0000] {local_task_job_runner.py:222} INFO - ::endgroup::
