[2026-03-27T10:00:18.477+0000] {local_task_job_runner.py:120} INFO - ::group::Pre task execution logs
[2026-03-27T10:00:18.492+0000] {taskinstance.py:2076} INFO - Dependencies all met for dep_context=non-requeueable deps ti=<TaskInstance: banking_01_bronze_layer.debug scheduled__2026-03-27T09:30:00+00:00 [queued]>
[2026-03-27T10:00:18.495+0000] {taskinstance.py:2076} INFO - Dependencies all met for dep_context=requeueable deps ti=<TaskInstance: banking_01_bronze_layer.debug scheduled__2026-03-27T09:30:00+00:00 [queued]>
[2026-03-27T10:00:18.495+0000] {taskinstance.py:2306} INFO - Starting attempt 1 of 2
[2026-03-27T10:00:18.501+0000] {taskinstance.py:2330} INFO - Executing <Task(BashOperator): debug> on 2026-03-27 09:30:00+00:00
[2026-03-27T10:00:18.503+0000] {standard_task_runner.py:64} INFO - Started process 19308 to run task
[2026-03-27T10:00:18.505+0000] {standard_task_runner.py:90} INFO - Running: ['***', 'tasks', 'run', 'banking_01_bronze_layer', 'debug', 'scheduled__2026-03-27T09:30:00+00:00', '--job-id', '4456', '--raw', '--subdir', 'DAGS_FOLDER/dbt.py', '--cfg-path', '/tmp/tmpacjqc4iy']
[2026-03-27T10:00:18.506+0000] {standard_task_runner.py:91} INFO - Job 4456: Subtask debug
[2026-03-27T10:00:18.530+0000] {task_command.py:426} INFO - Running <TaskInstance: banking_01_bronze_layer.debug scheduled__2026-03-27T09:30:00+00:00 [running]> on host c990dffe13ae
[2026-03-27T10:00:18.569+0000] {taskinstance.py:2648} INFO - Exporting env vars: AIRFLOW_CTX_DAG_OWNER='risheek' AIRFLOW_CTX_DAG_ID='banking_01_bronze_layer' AIRFLOW_CTX_TASK_ID='debug' AIRFLOW_CTX_EXECUTION_DATE='2026-03-27T09:30:00+00:00' AIRFLOW_CTX_TRY_NUMBER='1' AIRFLOW_CTX_DAG_RUN_ID='scheduled__2026-03-27T09:30:00+00:00'
[2026-03-27T10:00:18.569+0000] {taskinstance.py:430} INFO - ::endgroup::
[2026-03-27T10:00:18.570+0000] {subprocess.py:78} INFO - Tmp dir root location: /tmp
[2026-03-27T10:00:18.570+0000] {subprocess.py:88} INFO - Running command: ['/usr/bin/bash', '-c', 'dbt debug --profiles-dir /opt/***/dbt/trans_snowf']
[2026-03-27T10:00:18.573+0000] {subprocess.py:99} INFO - Output:
[2026-03-27T10:00:19.721+0000] {subprocess.py:106} INFO - [0m10:00:19  Running with dbt=1.11.7
[2026-03-27T10:00:19.726+0000] {subprocess.py:106} INFO - [0m10:00:19  dbt version: 1.11.7
[2026-03-27T10:00:19.726+0000] {subprocess.py:106} INFO - [0m10:00:19  python version: 3.12.4
[2026-03-27T10:00:19.726+0000] {subprocess.py:106} INFO - [0m10:00:19  python path: /home/***/.local/bin/python
[2026-03-27T10:00:19.727+0000] {subprocess.py:106} INFO - [0m10:00:19  os info: Linux-6.12.76-linuxkit-aarch64-with-glibc2.36
[2026-03-27T10:00:20.092+0000] {subprocess.py:106} INFO - [0m10:00:20  Using profiles dir at /opt/***/dbt/trans_snowf
[2026-03-27T10:00:20.092+0000] {subprocess.py:106} INFO - [0m10:00:20  Using profiles.yml file at /opt/***/dbt/trans_snowf/profiles.yml
[2026-03-27T10:00:20.092+0000] {subprocess.py:106} INFO - [0m10:00:20  Using dbt_project.yml file at /opt/***/dbt/trans_snowf/dbt_project.yml
[2026-03-27T10:00:20.093+0000] {subprocess.py:106} INFO - [0m10:00:20  adapter type: snowflake
[2026-03-27T10:00:20.093+0000] {subprocess.py:106} INFO - [0m10:00:20  adapter version: 1.11.3
[2026-03-27T10:00:20.148+0000] {subprocess.py:106} INFO - [0m10:00:20  Configuration:
[2026-03-27T10:00:20.148+0000] {subprocess.py:106} INFO - [0m10:00:20    profiles.yml file [[32mOK found and valid[0m]
[2026-03-27T10:00:20.149+0000] {subprocess.py:106} INFO - [0m10:00:20    dbt_project.yml file [[32mOK found and valid[0m]
[2026-03-27T10:00:20.149+0000] {subprocess.py:106} INFO - [0m10:00:20  Required dependencies:
[2026-03-27T10:00:20.150+0000] {subprocess.py:106} INFO - [0m10:00:20   - git [[31mERROR[0m]
[2026-03-27T10:00:20.150+0000] {subprocess.py:106} INFO - 
[2026-03-27T10:00:20.150+0000] {subprocess.py:106} INFO - [0m10:00:20  Connection:
[2026-03-27T10:00:20.151+0000] {subprocess.py:106} INFO - [0m10:00:20    account: BBMCDSP-CT02489
[2026-03-27T10:00:20.151+0000] {subprocess.py:106} INFO - [0m10:00:20    user: user123
[2026-03-27T10:00:20.151+0000] {subprocess.py:106} INFO - [0m10:00:20    database: BANKING
[2026-03-27T10:00:20.152+0000] {subprocess.py:106} INFO - [0m10:00:20    warehouse: COMPUTE_WH
[2026-03-27T10:00:20.152+0000] {subprocess.py:106} INFO - [0m10:00:20    role: dbtadmin
[2026-03-27T10:00:20.152+0000] {subprocess.py:106} INFO - [0m10:00:20    schema: PUBLIC
[2026-03-27T10:00:20.153+0000] {subprocess.py:106} INFO - [0m10:00:20    authenticator: None
[2026-03-27T10:00:20.153+0000] {subprocess.py:106} INFO - [0m10:00:20    oauth_client_id: None
[2026-03-27T10:00:20.153+0000] {subprocess.py:106} INFO - [0m10:00:20    query_tag: None
[2026-03-27T10:00:20.154+0000] {subprocess.py:106} INFO - [0m10:00:20    client_session_keep_alive: False
[2026-03-27T10:00:20.154+0000] {subprocess.py:106} INFO - [0m10:00:20    host: None
[2026-03-27T10:00:20.154+0000] {subprocess.py:106} INFO - [0m10:00:20    port: None
[2026-03-27T10:00:20.155+0000] {subprocess.py:106} INFO - [0m10:00:20    proxy_host: None
[2026-03-27T10:00:20.155+0000] {subprocess.py:106} INFO - [0m10:00:20    proxy_port: None
[2026-03-27T10:00:20.155+0000] {subprocess.py:106} INFO - [0m10:00:20    protocol: None
[2026-03-27T10:00:20.156+0000] {subprocess.py:106} INFO - [0m10:00:20    connect_retries: 1
[2026-03-27T10:00:20.156+0000] {subprocess.py:106} INFO - [0m10:00:20    connect_timeout: None
[2026-03-27T10:00:20.156+0000] {subprocess.py:106} INFO - [0m10:00:20    retry_on_database_errors: False
[2026-03-27T10:00:20.156+0000] {subprocess.py:106} INFO - [0m10:00:20    retry_all: False
[2026-03-27T10:00:20.157+0000] {subprocess.py:106} INFO - [0m10:00:20    insecure_mode: False
[2026-03-27T10:00:20.157+0000] {subprocess.py:106} INFO - [0m10:00:20    reuse_connections: True
[2026-03-27T10:00:20.157+0000] {subprocess.py:106} INFO - [0m10:00:20    s3_stage_vpce_dns_name: None
[2026-03-27T10:00:20.158+0000] {subprocess.py:106} INFO - [0m10:00:20    platform_detection_timeout_seconds: 0.0
[2026-03-27T10:00:20.158+0000] {subprocess.py:106} INFO - [0m10:00:20  Registered adapter: snowflake=1.11.3
[2026-03-27T10:00:21.194+0000] {subprocess.py:106} INFO - [0m10:00:21    Connection test: [[32mOK connection ok[0m]
[2026-03-27T10:00:21.195+0000] {subprocess.py:106} INFO - 
[2026-03-27T10:00:21.195+0000] {subprocess.py:106} INFO - [0m10:00:21  [31m1 check failed:[0m
[2026-03-27T10:00:21.196+0000] {subprocess.py:106} INFO - [0m10:00:21  Error from git --help: Could not find command, ensure it is in the user's PATH: "git"
[2026-03-27T10:00:21.196+0000] {subprocess.py:106} INFO - 
[2026-03-27T10:00:23.323+0000] {subprocess.py:110} INFO - Command exited with return code 1
[2026-03-27T10:00:23.323+0000] {taskinstance.py:441} INFO - ::group::Post task execution logs
[2026-03-27T10:00:23.330+0000] {taskinstance.py:2905} ERROR - Task failed with exception
Traceback (most recent call last):
  File "/home/airflow/.local/lib/python3.12/site-packages/airflow/models/taskinstance.py", line 465, in _execute_task
    result = _execute_callable(context=context, **execute_callable_kwargs)
             ^^^^^^^^^^^^^^^^^^^^^^^^^^^^^^^^^^^^^^^^^^^^^^^^^^^^^^^^^^^^^
  File "/home/airflow/.local/lib/python3.12/site-packages/airflow/models/taskinstance.py", line 432, in _execute_callable
    return execute_callable(context=context, **execute_callable_kwargs)
           ^^^^^^^^^^^^^^^^^^^^^^^^^^^^^^^^^^^^^^^^^^^^^^^^^^^^^^^^^^^^
  File "/home/airflow/.local/lib/python3.12/site-packages/airflow/models/baseoperator.py", line 401, in wrapper
    return func(self, *args, **kwargs)
           ^^^^^^^^^^^^^^^^^^^^^^^^^^^
  File "/home/airflow/.local/lib/python3.12/site-packages/airflow/providers/standard/operators/bash.py", line 233, in execute
    raise AirflowException(
airflow.exceptions.AirflowException: Bash command failed. The command returned a non-zero exit code 1.
[2026-03-27T10:00:23.332+0000] {taskinstance.py:1206} INFO - Marking task as UP_FOR_RETRY. dag_id=banking_01_bronze_layer, task_id=debug, run_id=scheduled__2026-03-27T09:30:00+00:00, execution_date=20260327T093000, start_date=20260327T100018, end_date=20260327T100023
[2026-03-27T10:00:23.339+0000] {standard_task_runner.py:110} ERROR - Failed to execute job 4456 for task debug (Bash command failed. The command returned a non-zero exit code 1.; 19308)
[2026-03-27T10:00:23.351+0000] {local_task_job_runner.py:243} INFO - Task exited with return code 1
[2026-03-27T10:00:23.362+0000] {taskinstance.py:3503} INFO - 0 downstream tasks scheduled from follow-on schedule check
[2026-03-27T10:00:23.363+0000] {local_task_job_runner.py:222} INFO - ::endgroup::
