[2026-03-27T10:05:32.715+0000] {local_task_job_runner.py:120} INFO - ::group::Pre task execution logs
[2026-03-27T10:05:32.729+0000] {taskinstance.py:2076} INFO - Dependencies all met for dep_context=non-requeueable deps ti=<TaskInstance: banking_01_bronze_layer.debug scheduled__2026-03-27T09:30:00+00:00 [queued]>
[2026-03-27T10:05:32.732+0000] {taskinstance.py:2076} INFO - Dependencies all met for dep_context=requeueable deps ti=<TaskInstance: banking_01_bronze_layer.debug scheduled__2026-03-27T09:30:00+00:00 [queued]>
[2026-03-27T10:05:32.732+0000] {taskinstance.py:2306} INFO - Starting attempt 2 of 2
[2026-03-27T10:05:32.738+0000] {taskinstance.py:2330} INFO - Executing <Task(BashOperator): debug> on 2026-03-27 09:30:00+00:00
[2026-03-27T10:05:32.740+0000] {standard_task_runner.py:64} INFO - Started process 20307 to run task
[2026-03-27T10:05:32.742+0000] {standard_task_runner.py:90} INFO - Running: ['***', 'tasks', 'run', 'banking_01_bronze_layer', 'debug', 'scheduled__2026-03-27T09:30:00+00:00', '--job-id', '4508', '--raw', '--subdir', 'DAGS_FOLDER/dbt.py', '--cfg-path', '/tmp/tmpxnisim7q']
[2026-03-27T10:05:32.743+0000] {standard_task_runner.py:91} INFO - Job 4508: Subtask debug
[2026-03-27T10:05:32.767+0000] {task_command.py:426} INFO - Running <TaskInstance: banking_01_bronze_layer.debug scheduled__2026-03-27T09:30:00+00:00 [running]> on host c990dffe13ae
[2026-03-27T10:05:32.813+0000] {taskinstance.py:2648} INFO - Exporting env vars: AIRFLOW_CTX_DAG_OWNER='risheek' AIRFLOW_CTX_DAG_ID='banking_01_bronze_layer' AIRFLOW_CTX_TASK_ID='debug' AIRFLOW_CTX_EXECUTION_DATE='2026-03-27T09:30:00+00:00' AIRFLOW_CTX_TRY_NUMBER='2' AIRFLOW_CTX_DAG_RUN_ID='scheduled__2026-03-27T09:30:00+00:00'
[2026-03-27T10:05:32.813+0000] {taskinstance.py:430} INFO - ::endgroup::
[2026-03-27T10:05:32.814+0000] {subprocess.py:78} INFO - Tmp dir root location: /tmp
[2026-03-27T10:05:32.814+0000] {subprocess.py:88} INFO - Running command: ['/usr/bin/bash', '-c', 'dbt debug --profiles-dir /opt/***/dbt/trans_snowf']
[2026-03-27T10:05:32.817+0000] {subprocess.py:99} INFO - Output:
[2026-03-27T10:05:34.023+0000] {subprocess.py:106} INFO - [0m10:05:34  Running with dbt=1.11.7
[2026-03-27T10:05:34.029+0000] {subprocess.py:106} INFO - [0m10:05:34  dbt version: 1.11.7
[2026-03-27T10:05:34.030+0000] {subprocess.py:106} INFO - [0m10:05:34  python version: 3.12.4
[2026-03-27T10:05:34.030+0000] {subprocess.py:106} INFO - [0m10:05:34  python path: /home/***/.local/bin/python
[2026-03-27T10:05:34.030+0000] {subprocess.py:106} INFO - [0m10:05:34  os info: Linux-6.12.76-linuxkit-aarch64-with-glibc2.36
[2026-03-27T10:05:34.430+0000] {subprocess.py:106} INFO - [0m10:05:34  Using profiles dir at /opt/***/dbt/trans_snowf
[2026-03-27T10:05:34.431+0000] {subprocess.py:106} INFO - [0m10:05:34  Using profiles.yml file at /opt/***/dbt/trans_snowf/profiles.yml
[2026-03-27T10:05:34.432+0000] {subprocess.py:106} INFO - [0m10:05:34  Using dbt_project.yml file at /opt/***/dbt/trans_snowf/dbt_project.yml
[2026-03-27T10:05:34.432+0000] {subprocess.py:106} INFO - [0m10:05:34  adapter type: snowflake
[2026-03-27T10:05:34.432+0000] {subprocess.py:106} INFO - [0m10:05:34  adapter version: 1.11.3
[2026-03-27T10:05:34.484+0000] {subprocess.py:106} INFO - [0m10:05:34  Configuration:
[2026-03-27T10:05:34.485+0000] {subprocess.py:106} INFO - [0m10:05:34    profiles.yml file [[32mOK found and valid[0m]
[2026-03-27T10:05:34.485+0000] {subprocess.py:106} INFO - [0m10:05:34    dbt_project.yml file [[32mOK found and valid[0m]
[2026-03-27T10:05:34.485+0000] {subprocess.py:106} INFO - [0m10:05:34  Required dependencies:
[2026-03-27T10:05:34.486+0000] {subprocess.py:106} INFO - [0m10:05:34   - git [[31mERROR[0m]
[2026-03-27T10:05:34.486+0000] {subprocess.py:106} INFO - 
[2026-03-27T10:05:34.487+0000] {subprocess.py:106} INFO - [0m10:05:34  Connection:
[2026-03-27T10:05:34.487+0000] {subprocess.py:106} INFO - [0m10:05:34    account: BBMCDSP-CT02489
[2026-03-27T10:05:34.487+0000] {subprocess.py:106} INFO - [0m10:05:34    user: user123
[2026-03-27T10:05:34.488+0000] {subprocess.py:106} INFO - [0m10:05:34    database: BANKING
[2026-03-27T10:05:34.488+0000] {subprocess.py:106} INFO - [0m10:05:34    warehouse: COMPUTE_WH
[2026-03-27T10:05:34.488+0000] {subprocess.py:106} INFO - [0m10:05:34    role: dbtadmin
[2026-03-27T10:05:34.489+0000] {subprocess.py:106} INFO - [0m10:05:34    schema: PUBLIC
[2026-03-27T10:05:34.489+0000] {subprocess.py:106} INFO - [0m10:05:34    authenticator: None
[2026-03-27T10:05:34.489+0000] {subprocess.py:106} INFO - [0m10:05:34    oauth_client_id: None
[2026-03-27T10:05:34.489+0000] {subprocess.py:106} INFO - [0m10:05:34    query_tag: None
[2026-03-27T10:05:34.490+0000] {subprocess.py:106} INFO - [0m10:05:34    client_session_keep_alive: False
[2026-03-27T10:05:34.490+0000] {subprocess.py:106} INFO - [0m10:05:34    host: None
[2026-03-27T10:05:34.490+0000] {subprocess.py:106} INFO - [0m10:05:34    port: None
[2026-03-27T10:05:34.491+0000] {subprocess.py:106} INFO - [0m10:05:34    proxy_host: None
[2026-03-27T10:05:34.491+0000] {subprocess.py:106} INFO - [0m10:05:34    proxy_port: None
[2026-03-27T10:05:34.491+0000] {subprocess.py:106} INFO - [0m10:05:34    protocol: None
[2026-03-27T10:05:34.492+0000] {subprocess.py:106} INFO - [0m10:05:34    connect_retries: 1
[2026-03-27T10:05:34.492+0000] {subprocess.py:106} INFO - [0m10:05:34    connect_timeout: None
[2026-03-27T10:05:34.492+0000] {subprocess.py:106} INFO - [0m10:05:34    retry_on_database_errors: False
[2026-03-27T10:05:34.492+0000] {subprocess.py:106} INFO - [0m10:05:34    retry_all: False
[2026-03-27T10:05:34.493+0000] {subprocess.py:106} INFO - [0m10:05:34    insecure_mode: False
[2026-03-27T10:05:34.493+0000] {subprocess.py:106} INFO - [0m10:05:34    reuse_connections: True
[2026-03-27T10:05:34.493+0000] {subprocess.py:106} INFO - [0m10:05:34    s3_stage_vpce_dns_name: None
[2026-03-27T10:05:34.494+0000] {subprocess.py:106} INFO - [0m10:05:34    platform_detection_timeout_seconds: 0.0
[2026-03-27T10:05:34.494+0000] {subprocess.py:106} INFO - [0m10:05:34  Registered adapter: snowflake=1.11.3
[2026-03-27T10:05:35.407+0000] {subprocess.py:106} INFO - [0m10:05:35    Connection test: [[32mOK connection ok[0m]
[2026-03-27T10:05:35.408+0000] {subprocess.py:106} INFO - 
[2026-03-27T10:05:35.409+0000] {subprocess.py:106} INFO - [0m10:05:35  [31m1 check failed:[0m
[2026-03-27T10:05:35.410+0000] {subprocess.py:106} INFO - [0m10:05:35  Error from git --help: Could not find command, ensure it is in the user's PATH: "git"
[2026-03-27T10:05:35.410+0000] {subprocess.py:106} INFO - 
[2026-03-27T10:05:36.973+0000] {subprocess.py:110} INFO - Command exited with return code 1
[2026-03-27T10:05:36.974+0000] {taskinstance.py:441} INFO - ::group::Post task execution logs
[2026-03-27T10:05:36.985+0000] {taskinstance.py:2905} ERROR - Task failed with exception
Traceback (most recent call last):
  File "/home/airflow/.local/lib/python3.12/site-packages/airflow/models/taskinstance.py", line 465, in _execute_task
    result = _execute_callable(context=context, **execute_callable_kwargs)
             ^^^^^^^^^^^^^^^^^^^^^^^^^^^^^^^^^^^^^^^^^^^^^^^^^^^^^^^^^^^^^
  File "/home/airflow/.local/lib/python3.12/site-packages/airflow/models/taskinstance.py", line 432, in _execute_callable
    return execute_callable(context=context, **execute_callable_kwargs)
           ^^^^^^^^^^^^^^^^^^^^^^^^^^^^^^^^^^^^^^^^^^^^^^^^^^^^^^^^^^^^
  File "/home/airflow/.local/lib/python3.12/site-packages/airflow/models/baseoperator.py", line 401, in wrapper
    return func(self, *args, **kwargs)
           ^^^^^^^^^^^^^^^^^^^^^^^^^^^
  File "/home/airflow/.local/lib/python3.12/site-packages/airflow/providers/standard/operators/bash.py", line 233, in execute
    raise AirflowException(
airflow.exceptions.AirflowException: Bash command failed. The command returned a non-zero exit code 1.
[2026-03-27T10:05:36.993+0000] {taskinstance.py:1206} INFO - Marking task as FAILED. dag_id=banking_01_bronze_layer, task_id=debug, run_id=scheduled__2026-03-27T09:30:00+00:00, execution_date=20260327T093000, start_date=20260327T100532, end_date=20260327T100536
[2026-03-27T10:05:37.002+0000] {standard_task_runner.py:110} ERROR - Failed to execute job 4508 for task debug (Bash command failed. The command returned a non-zero exit code 1.; 20307)
[2026-03-27T10:05:37.024+0000] {local_task_job_runner.py:243} INFO - Task exited with return code 1
[2026-03-27T10:05:37.040+0000] {taskinstance.py:3503} INFO - 0 downstream tasks scheduled from follow-on schedule check
[2026-03-27T10:05:37.041+0000] {local_task_job_runner.py:222} INFO - ::endgroup::
