[2026-03-30T16:34:19.782+0000] {local_task_job_runner.py:120} INFO - ::group::Pre task execution logs
[2026-03-30T16:34:19.798+0000] {taskinstance.py:2076} INFO - Dependencies all met for dep_context=non-requeueable deps ti=<TaskInstance: banking_01_bronze_layer.build_bronze_cust scheduled__2026-03-30T14:30:00+00:00 [queued]>
[2026-03-30T16:34:19.802+0000] {taskinstance.py:2076} INFO - Dependencies all met for dep_context=requeueable deps ti=<TaskInstance: banking_01_bronze_layer.build_bronze_cust scheduled__2026-03-30T14:30:00+00:00 [queued]>
[2026-03-30T16:34:19.802+0000] {taskinstance.py:2306} INFO - Starting attempt 1 of 2
[2026-03-30T16:34:19.808+0000] {taskinstance.py:2330} INFO - Executing <Task(BashOperator): build_bronze_cust> on 2026-03-30 14:30:00+00:00
[2026-03-30T16:34:19.811+0000] {standard_task_runner.py:64} INFO - Started process 12640 to run task
[2026-03-30T16:34:19.813+0000] {standard_task_runner.py:90} INFO - Running: ['***', 'tasks', 'run', 'banking_01_bronze_layer', 'build_bronze_cust', 'scheduled__2026-03-30T14:30:00+00:00', '--job-id', '8102', '--raw', '--subdir', 'DAGS_FOLDER/dbt.py', '--cfg-path', '/tmp/tmp1oxecgkm']
[2026-03-30T16:34:19.820+0000] {standard_task_runner.py:91} INFO - Job 8102: Subtask build_bronze_cust
[2026-03-30T16:34:19.860+0000] {task_command.py:426} INFO - Running <TaskInstance: banking_01_bronze_layer.build_bronze_cust scheduled__2026-03-30T14:30:00+00:00 [running]> on host c990dffe13ae
[2026-03-30T16:34:19.922+0000] {taskinstance.py:2648} INFO - Exporting env vars: AIRFLOW_CTX_DAG_OWNER='risheek' AIRFLOW_CTX_DAG_ID='banking_01_bronze_layer' AIRFLOW_CTX_TASK_ID='build_bronze_cust' AIRFLOW_CTX_EXECUTION_DATE='2026-03-30T14:30:00+00:00' AIRFLOW_CTX_TRY_NUMBER='1' AIRFLOW_CTX_DAG_RUN_ID='scheduled__2026-03-30T14:30:00+00:00'
[2026-03-30T16:34:19.923+0000] {taskinstance.py:430} INFO - ::endgroup::
[2026-03-30T16:34:19.923+0000] {subprocess.py:78} INFO - Tmp dir root location: /tmp
[2026-03-30T16:34:19.924+0000] {subprocess.py:88} INFO - Running command: ['/usr/bin/bash', '-c', 'dbt build --select bronze_cust']
[2026-03-30T16:34:19.933+0000] {subprocess.py:99} INFO - Output:
[2026-03-30T16:34:21.211+0000] {subprocess.py:106} INFO - [0m16:34:21  Running with dbt=1.11.7
[2026-03-30T16:34:21.739+0000] {subprocess.py:106} INFO - [0m16:34:21  Registered adapter: snowflake=1.11.3
[2026-03-30T16:34:21.877+0000] {subprocess.py:106} INFO - [0m16:34:21  [[33mWARNING[0m]: Configuration paths exist in your dbt_project.yml file which do not apply to any resources.
[2026-03-30T16:34:21.877+0000] {subprocess.py:106} INFO - There are 1 unused configuration paths:
[2026-03-30T16:34:21.877+0000] {subprocess.py:106} INFO - - models.trans_snowf.example
[2026-03-30T16:34:21.974+0000] {subprocess.py:106} INFO - [0m16:34:21  Found 14 models, 3 sources, 522 macros
[2026-03-30T16:34:21.975+0000] {subprocess.py:106} INFO - [0m16:34:21
[2026-03-30T16:34:21.975+0000] {subprocess.py:106} INFO - [0m16:34:21  Concurrency: 1 threads (target='dev')
[2026-03-30T16:34:21.975+0000] {subprocess.py:106} INFO - [0m16:34:21
[2026-03-30T16:34:24.439+0000] {subprocess.py:106} INFO - [0m16:34:24  1 of 1 START sql incremental model PUBLIC_BRONZE.bronze_cust ................... [RUN]
[2026-03-30T16:34:28.253+0000] {subprocess.py:106} INFO - [0m16:34:28  1 of 1 OK created sql incremental model PUBLIC_BRONZE.bronze_cust .............. [[32mSUCCESS 0[0m in 3.81s]
[2026-03-30T16:34:28.579+0000] {subprocess.py:106} INFO - [0m16:34:28
[2026-03-30T16:34:28.581+0000] {subprocess.py:106} INFO - [0m16:34:28  Finished running 1 incremental model in 0 hours 0 minutes and 6.60 seconds (6.60s).
[2026-03-30T16:34:28.643+0000] {subprocess.py:106} INFO - [0m16:34:28
[2026-03-30T16:34:28.643+0000] {subprocess.py:106} INFO - [0m16:34:28  [32mCompleted successfully[0m
[2026-03-30T16:34:28.644+0000] {subprocess.py:106} INFO - [0m16:34:28
[2026-03-30T16:34:28.644+0000] {subprocess.py:106} INFO - [0m16:34:28  Done. PASS=1 WARN=0 ERROR=0 SKIP=0 NO-OP=0 TOTAL=1
[2026-03-30T16:34:30.315+0000] {subprocess.py:110} INFO - Command exited with return code 0
[2026-03-30T16:34:30.316+0000] {taskinstance.py:441} INFO - ::group::Post task execution logs
[2026-03-30T16:34:30.339+0000] {taskinstance.py:1206} INFO - Marking task as SUCCESS. dag_id=banking_01_bronze_layer, task_id=build_bronze_cust, run_id=scheduled__2026-03-30T14:30:00+00:00, execution_date=20260330T143000, start_date=20260330T163419, end_date=20260330T163430
[2026-03-30T16:34:30.368+0000] {local_task_job_runner.py:243} INFO - Task exited with return code 0
[2026-03-30T16:34:30.381+0000] {taskinstance.py:3503} INFO - 0 downstream tasks scheduled from follow-on schedule check
[2026-03-30T16:34:30.382+0000] {local_task_job_runner.py:222} INFO - ::endgroup::
