[2026-03-29T23:28:53.537+0000] {local_task_job_runner.py:120} INFO - ::group::Pre task execution logs
[2026-03-29T23:28:53.552+0000] {taskinstance.py:2076} INFO - Dependencies all met for dep_context=non-requeueable deps ti=<TaskInstance: banking_01_bronze_layer.debug scheduled__2026-03-29T22:30:00+00:00 [queued]>
[2026-03-29T23:28:53.555+0000] {taskinstance.py:2076} INFO - Dependencies all met for dep_context=requeueable deps ti=<TaskInstance: banking_01_bronze_layer.debug scheduled__2026-03-29T22:30:00+00:00 [queued]>
[2026-03-29T23:28:53.556+0000] {taskinstance.py:2306} INFO - Starting attempt 2 of 2
[2026-03-29T23:28:53.561+0000] {taskinstance.py:2330} INFO - Executing <Task(BashOperator): debug> on 2026-03-29 22:30:00+00:00
[2026-03-29T23:28:53.563+0000] {standard_task_runner.py:64} INFO - Started process 5953 to run task
[2026-03-29T23:28:53.564+0000] {standard_task_runner.py:90} INFO - Running: ['***', 'tasks', 'run', 'banking_01_bronze_layer', 'debug', 'scheduled__2026-03-29T22:30:00+00:00', '--job-id', '7364', '--raw', '--subdir', 'DAGS_FOLDER/dbt.py', '--cfg-path', '/tmp/tmpvyk63ai9']
[2026-03-29T23:28:53.565+0000] {standard_task_runner.py:91} INFO - Job 7364: Subtask debug
[2026-03-29T23:28:53.590+0000] {task_command.py:426} INFO - Running <TaskInstance: banking_01_bronze_layer.debug scheduled__2026-03-29T22:30:00+00:00 [running]> on host c990dffe13ae
[2026-03-29T23:28:53.628+0000] {taskinstance.py:2648} INFO - Exporting env vars: AIRFLOW_CTX_DAG_OWNER='risheek' AIRFLOW_CTX_DAG_ID='banking_01_bronze_layer' AIRFLOW_CTX_TASK_ID='debug' AIRFLOW_CTX_EXECUTION_DATE='2026-03-29T22:30:00+00:00' AIRFLOW_CTX_TRY_NUMBER='2' AIRFLOW_CTX_DAG_RUN_ID='scheduled__2026-03-29T22:30:00+00:00'
[2026-03-29T23:28:53.629+0000] {taskinstance.py:430} INFO - ::endgroup::
[2026-03-29T23:28:53.629+0000] {subprocess.py:78} INFO - Tmp dir root location: /tmp
[2026-03-29T23:28:53.630+0000] {subprocess.py:88} INFO - Running command: ['/usr/bin/bash', '-c', 'dbt debug --profiles-dir /opt/***/dbt/trans_snowf']
[2026-03-29T23:28:53.633+0000] {subprocess.py:99} INFO - Output:
[2026-03-29T23:28:54.763+0000] {subprocess.py:106} INFO - [0m23:28:54  Running with dbt=1.11.7
[2026-03-29T23:28:54.768+0000] {subprocess.py:106} INFO - [0m23:28:54  dbt version: 1.11.7
[2026-03-29T23:28:54.768+0000] {subprocess.py:106} INFO - [0m23:28:54  python version: 3.12.4
[2026-03-29T23:28:54.769+0000] {subprocess.py:106} INFO - [0m23:28:54  python path: /home/***/.local/bin/python
[2026-03-29T23:28:54.769+0000] {subprocess.py:106} INFO - [0m23:28:54  os info: Linux-6.12.76-linuxkit-aarch64-with-glibc2.36
[2026-03-29T23:28:55.115+0000] {subprocess.py:106} INFO - [0m23:28:55  Using profiles dir at /opt/***/dbt/trans_snowf
[2026-03-29T23:28:55.116+0000] {subprocess.py:106} INFO - [0m23:28:55  Using profiles.yml file at /opt/***/dbt/trans_snowf/profiles.yml
[2026-03-29T23:28:55.116+0000] {subprocess.py:106} INFO - [0m23:28:55  Using dbt_project.yml file at /opt/***/dbt/trans_snowf/dbt_project.yml
[2026-03-29T23:28:55.117+0000] {subprocess.py:106} INFO - [0m23:28:55  adapter type: snowflake
[2026-03-29T23:28:55.117+0000] {subprocess.py:106} INFO - [0m23:28:55  adapter version: 1.11.3
[2026-03-29T23:28:55.167+0000] {subprocess.py:106} INFO - [0m23:28:55  Configuration:
[2026-03-29T23:28:55.167+0000] {subprocess.py:106} INFO - [0m23:28:55    profiles.yml file [[32mOK found and valid[0m]
[2026-03-29T23:28:55.168+0000] {subprocess.py:106} INFO - [0m23:28:55    dbt_project.yml file [[32mOK found and valid[0m]
[2026-03-29T23:28:55.168+0000] {subprocess.py:106} INFO - [0m23:28:55  Required dependencies:
[2026-03-29T23:28:55.169+0000] {subprocess.py:106} INFO - [0m23:28:55   - git [[31mERROR[0m]
[2026-03-29T23:28:55.169+0000] {subprocess.py:106} INFO - 
[2026-03-29T23:28:55.169+0000] {subprocess.py:106} INFO - [0m23:28:55  Connection:
[2026-03-29T23:28:55.170+0000] {subprocess.py:106} INFO - [0m23:28:55    account: BBMCDSP-CT02489
[2026-03-29T23:28:55.170+0000] {subprocess.py:106} INFO - [0m23:28:55    user: user123
[2026-03-29T23:28:55.170+0000] {subprocess.py:106} INFO - [0m23:28:55    database: BANKING
[2026-03-29T23:28:55.171+0000] {subprocess.py:106} INFO - [0m23:28:55    warehouse: COMPUTE_WH
[2026-03-29T23:28:55.171+0000] {subprocess.py:106} INFO - [0m23:28:55    role: dbtadmin
[2026-03-29T23:28:55.171+0000] {subprocess.py:106} INFO - [0m23:28:55    schema: PUBLIC
[2026-03-29T23:28:55.172+0000] {subprocess.py:106} INFO - [0m23:28:55    authenticator: None
[2026-03-29T23:28:55.172+0000] {subprocess.py:106} INFO - [0m23:28:55    oauth_client_id: None
[2026-03-29T23:28:55.172+0000] {subprocess.py:106} INFO - [0m23:28:55    query_tag: None
[2026-03-29T23:28:55.173+0000] {subprocess.py:106} INFO - [0m23:28:55    client_session_keep_alive: False
[2026-03-29T23:28:55.173+0000] {subprocess.py:106} INFO - [0m23:28:55    host: None
[2026-03-29T23:28:55.173+0000] {subprocess.py:106} INFO - [0m23:28:55    port: None
[2026-03-29T23:28:55.173+0000] {subprocess.py:106} INFO - [0m23:28:55    proxy_host: None
[2026-03-29T23:28:55.174+0000] {subprocess.py:106} INFO - [0m23:28:55    proxy_port: None
[2026-03-29T23:28:55.174+0000] {subprocess.py:106} INFO - [0m23:28:55    protocol: None
[2026-03-29T23:28:55.174+0000] {subprocess.py:106} INFO - [0m23:28:55    connect_retries: 1
[2026-03-29T23:28:55.175+0000] {subprocess.py:106} INFO - [0m23:28:55    connect_timeout: None
[2026-03-29T23:28:55.175+0000] {subprocess.py:106} INFO - [0m23:28:55    retry_on_database_errors: False
[2026-03-29T23:28:55.175+0000] {subprocess.py:106} INFO - [0m23:28:55    retry_all: False
[2026-03-29T23:28:55.176+0000] {subprocess.py:106} INFO - [0m23:28:55    insecure_mode: False
[2026-03-29T23:28:55.176+0000] {subprocess.py:106} INFO - [0m23:28:55    reuse_connections: True
[2026-03-29T23:28:55.176+0000] {subprocess.py:106} INFO - [0m23:28:55    s3_stage_vpce_dns_name: None
[2026-03-29T23:28:55.177+0000] {subprocess.py:106} INFO - [0m23:28:55    platform_detection_timeout_seconds: 0.0
[2026-03-29T23:28:55.177+0000] {subprocess.py:106} INFO - [0m23:28:55  Registered adapter: snowflake=1.11.3
[2026-03-29T23:28:55.923+0000] {subprocess.py:106} INFO - [0m23:28:55    Connection test: [[32mOK connection ok[0m]
[2026-03-29T23:28:55.923+0000] {subprocess.py:106} INFO - 
[2026-03-29T23:28:55.924+0000] {subprocess.py:106} INFO - [0m23:28:55  [31m1 check failed:[0m
[2026-03-29T23:28:55.925+0000] {subprocess.py:106} INFO - [0m23:28:55  Error from git --help: Could not find command, ensure it is in the user's PATH: "git"
[2026-03-29T23:28:55.926+0000] {subprocess.py:106} INFO - 
[2026-03-29T23:28:57.410+0000] {subprocess.py:110} INFO - Command exited with return code 1
[2026-03-29T23:28:57.410+0000] {taskinstance.py:441} INFO - ::group::Post task execution logs
[2026-03-29T23:28:57.417+0000] {taskinstance.py:2905} ERROR - Task failed with exception
Traceback (most recent call last):
  File "/home/airflow/.local/lib/python3.12/site-packages/airflow/models/taskinstance.py", line 465, in _execute_task
    result = _execute_callable(context=context, **execute_callable_kwargs)
             ^^^^^^^^^^^^^^^^^^^^^^^^^^^^^^^^^^^^^^^^^^^^^^^^^^^^^^^^^^^^^
  File "/home/airflow/.local/lib/python3.12/site-packages/airflow/models/taskinstance.py", line 432, in _execute_callable
    return execute_callable(context=context, **execute_callable_kwargs)
           ^^^^^^^^^^^^^^^^^^^^^^^^^^^^^^^^^^^^^^^^^^^^^^^^^^^^^^^^^^^^
  File "/home/airflow/.local/lib/python3.12/site-packages/airflow/models/baseoperator.py", line 401, in wrapper
    return func(self, *args, **kwargs)
           ^^^^^^^^^^^^^^^^^^^^^^^^^^^
  File "/home/airflow/.local/lib/python3.12/site-packages/airflow/providers/standard/operators/bash.py", line 233, in execute
    raise AirflowException(
airflow.exceptions.AirflowException: Bash command failed. The command returned a non-zero exit code 1.
[2026-03-29T23:28:57.419+0000] {taskinstance.py:1206} INFO - Marking task as FAILED. dag_id=banking_01_bronze_layer, task_id=debug, run_id=scheduled__2026-03-29T22:30:00+00:00, execution_date=20260329T223000, start_date=20260329T232853, end_date=20260329T232857
[2026-03-29T23:28:57.425+0000] {standard_task_runner.py:110} ERROR - Failed to execute job 7364 for task debug (Bash command failed. The command returned a non-zero exit code 1.; 5953)
[2026-03-29T23:28:57.456+0000] {local_task_job_runner.py:243} INFO - Task exited with return code 1
[2026-03-29T23:28:57.467+0000] {taskinstance.py:3503} INFO - 0 downstream tasks scheduled from follow-on schedule check
[2026-03-29T23:28:57.467+0000] {local_task_job_runner.py:222} INFO - ::endgroup::
