[2026-03-29T23:16:04.890+0000] {local_task_job_runner.py:120} INFO - ::group::Pre task execution logs
[2026-03-29T23:16:04.907+0000] {taskinstance.py:2076} INFO - Dependencies all met for dep_context=non-requeueable deps ti=<TaskInstance: banking_01_bronze_layer.debug scheduled__2026-03-29T22:30:00+00:00 [queued]>
[2026-03-29T23:16:04.911+0000] {taskinstance.py:2076} INFO - Dependencies all met for dep_context=requeueable deps ti=<TaskInstance: banking_01_bronze_layer.debug scheduled__2026-03-29T22:30:00+00:00 [queued]>
[2026-03-29T23:16:04.911+0000] {taskinstance.py:2306} INFO - Starting attempt 1 of 2
[2026-03-29T23:16:04.917+0000] {taskinstance.py:2330} INFO - Executing <Task(BashOperator): debug> on 2026-03-29 22:30:00+00:00
[2026-03-29T23:16:04.920+0000] {standard_task_runner.py:64} INFO - Started process 5787 to run task
[2026-03-29T23:16:04.921+0000] {standard_task_runner.py:90} INFO - Running: ['***', 'tasks', 'run', 'banking_01_bronze_layer', 'debug', 'scheduled__2026-03-29T22:30:00+00:00', '--job-id', '7358', '--raw', '--subdir', 'DAGS_FOLDER/dbt.py', '--cfg-path', '/tmp/tmpqf1_bhaq']
[2026-03-29T23:16:04.922+0000] {standard_task_runner.py:91} INFO - Job 7358: Subtask debug
[2026-03-29T23:16:04.948+0000] {task_command.py:426} INFO - Running <TaskInstance: banking_01_bronze_layer.debug scheduled__2026-03-29T22:30:00+00:00 [running]> on host c990dffe13ae
[2026-03-29T23:16:04.989+0000] {taskinstance.py:2648} INFO - Exporting env vars: AIRFLOW_CTX_DAG_OWNER='risheek' AIRFLOW_CTX_DAG_ID='banking_01_bronze_layer' AIRFLOW_CTX_TASK_ID='debug' AIRFLOW_CTX_EXECUTION_DATE='2026-03-29T22:30:00+00:00' AIRFLOW_CTX_TRY_NUMBER='1' AIRFLOW_CTX_DAG_RUN_ID='scheduled__2026-03-29T22:30:00+00:00'
[2026-03-29T23:16:04.990+0000] {taskinstance.py:430} INFO - ::endgroup::
[2026-03-29T23:16:04.990+0000] {subprocess.py:78} INFO - Tmp dir root location: /tmp
[2026-03-29T23:16:04.991+0000] {subprocess.py:88} INFO - Running command: ['/usr/bin/bash', '-c', 'dbt debug --profiles-dir /opt/***/dbt/trans_snowf']
[2026-03-29T23:16:04.994+0000] {subprocess.py:99} INFO - Output:
[2026-03-29T23:16:06.211+0000] {subprocess.py:106} INFO - [0m23:16:06  Running with dbt=1.11.7
[2026-03-29T23:16:06.217+0000] {subprocess.py:106} INFO - [0m23:16:06  dbt version: 1.11.7
[2026-03-29T23:16:06.217+0000] {subprocess.py:106} INFO - [0m23:16:06  python version: 3.12.4
[2026-03-29T23:16:06.218+0000] {subprocess.py:106} INFO - [0m23:16:06  python path: /home/***/.local/bin/python
[2026-03-29T23:16:06.218+0000] {subprocess.py:106} INFO - [0m23:16:06  os info: Linux-6.12.76-linuxkit-aarch64-with-glibc2.36
[2026-03-29T23:16:06.652+0000] {subprocess.py:106} INFO - [0m23:16:06  Using profiles dir at /opt/***/dbt/trans_snowf
[2026-03-29T23:16:06.653+0000] {subprocess.py:106} INFO - [0m23:16:06  Using profiles.yml file at /opt/***/dbt/trans_snowf/profiles.yml
[2026-03-29T23:16:06.653+0000] {subprocess.py:106} INFO - [0m23:16:06  Using dbt_project.yml file at /opt/***/dbt/trans_snowf/dbt_project.yml
[2026-03-29T23:16:06.654+0000] {subprocess.py:106} INFO - [0m23:16:06  adapter type: snowflake
[2026-03-29T23:16:06.654+0000] {subprocess.py:106} INFO - [0m23:16:06  adapter version: 1.11.3
[2026-03-29T23:16:06.715+0000] {subprocess.py:106} INFO - [0m23:16:06  Configuration:
[2026-03-29T23:16:06.715+0000] {subprocess.py:106} INFO - [0m23:16:06    profiles.yml file [[32mOK found and valid[0m]
[2026-03-29T23:16:06.715+0000] {subprocess.py:106} INFO - [0m23:16:06    dbt_project.yml file [[32mOK found and valid[0m]
[2026-03-29T23:16:06.716+0000] {subprocess.py:106} INFO - [0m23:16:06  Required dependencies:
[2026-03-29T23:16:06.717+0000] {subprocess.py:106} INFO - [0m23:16:06   - git [[31mERROR[0m]
[2026-03-29T23:16:06.717+0000] {subprocess.py:106} INFO - 
[2026-03-29T23:16:06.717+0000] {subprocess.py:106} INFO - [0m23:16:06  Connection:
[2026-03-29T23:16:06.718+0000] {subprocess.py:106} INFO - [0m23:16:06    account: BBMCDSP-CT02489
[2026-03-29T23:16:06.718+0000] {subprocess.py:106} INFO - [0m23:16:06    user: user123
[2026-03-29T23:16:06.718+0000] {subprocess.py:106} INFO - [0m23:16:06    database: BANKING
[2026-03-29T23:16:06.719+0000] {subprocess.py:106} INFO - [0m23:16:06    warehouse: COMPUTE_WH
[2026-03-29T23:16:06.719+0000] {subprocess.py:106} INFO - [0m23:16:06    role: dbtadmin
[2026-03-29T23:16:06.719+0000] {subprocess.py:106} INFO - [0m23:16:06    schema: PUBLIC
[2026-03-29T23:16:06.720+0000] {subprocess.py:106} INFO - [0m23:16:06    authenticator: None
[2026-03-29T23:16:06.720+0000] {subprocess.py:106} INFO - [0m23:16:06    oauth_client_id: None
[2026-03-29T23:16:06.721+0000] {subprocess.py:106} INFO - [0m23:16:06    query_tag: None
[2026-03-29T23:16:06.721+0000] {subprocess.py:106} INFO - [0m23:16:06    client_session_keep_alive: False
[2026-03-29T23:16:06.721+0000] {subprocess.py:106} INFO - [0m23:16:06    host: None
[2026-03-29T23:16:06.722+0000] {subprocess.py:106} INFO - [0m23:16:06    port: None
[2026-03-29T23:16:06.722+0000] {subprocess.py:106} INFO - [0m23:16:06    proxy_host: None
[2026-03-29T23:16:06.722+0000] {subprocess.py:106} INFO - [0m23:16:06    proxy_port: None
[2026-03-29T23:16:06.722+0000] {subprocess.py:106} INFO - [0m23:16:06    protocol: None
[2026-03-29T23:16:06.723+0000] {subprocess.py:106} INFO - [0m23:16:06    connect_retries: 1
[2026-03-29T23:16:06.723+0000] {subprocess.py:106} INFO - [0m23:16:06    connect_timeout: None
[2026-03-29T23:16:06.723+0000] {subprocess.py:106} INFO - [0m23:16:06    retry_on_database_errors: False
[2026-03-29T23:16:06.724+0000] {subprocess.py:106} INFO - [0m23:16:06    retry_all: False
[2026-03-29T23:16:06.724+0000] {subprocess.py:106} INFO - [0m23:16:06    insecure_mode: False
[2026-03-29T23:16:06.724+0000] {subprocess.py:106} INFO - [0m23:16:06    reuse_connections: True
[2026-03-29T23:16:06.725+0000] {subprocess.py:106} INFO - [0m23:16:06    s3_stage_vpce_dns_name: None
[2026-03-29T23:16:06.725+0000] {subprocess.py:106} INFO - [0m23:16:06    platform_detection_timeout_seconds: 0.0
[2026-03-29T23:16:06.726+0000] {subprocess.py:106} INFO - [0m23:16:06  Registered adapter: snowflake=1.11.3
[2026-03-29T23:16:07.498+0000] {subprocess.py:106} INFO - [0m23:16:07    Connection test: [[32mOK connection ok[0m]
[2026-03-29T23:16:07.498+0000] {subprocess.py:106} INFO - 
[2026-03-29T23:16:07.499+0000] {subprocess.py:106} INFO - [0m23:16:07  [31m1 check failed:[0m
[2026-03-29T23:16:07.500+0000] {subprocess.py:106} INFO - [0m23:16:07  Error from git --help: Could not find command, ensure it is in the user's PATH: "git"
[2026-03-29T23:16:07.501+0000] {subprocess.py:106} INFO - 
[2026-03-29T23:16:09.936+0000] {subprocess.py:110} INFO - Command exited with return code 1
[2026-03-29T23:16:09.937+0000] {taskinstance.py:441} INFO - ::group::Post task execution logs
[2026-03-29T23:16:09.947+0000] {taskinstance.py:2905} ERROR - Task failed with exception
Traceback (most recent call last):
  File "/home/airflow/.local/lib/python3.12/site-packages/airflow/models/taskinstance.py", line 465, in _execute_task
    result = _execute_callable(context=context, **execute_callable_kwargs)
             ^^^^^^^^^^^^^^^^^^^^^^^^^^^^^^^^^^^^^^^^^^^^^^^^^^^^^^^^^^^^^
  File "/home/airflow/.local/lib/python3.12/site-packages/airflow/models/taskinstance.py", line 432, in _execute_callable
    return execute_callable(context=context, **execute_callable_kwargs)
           ^^^^^^^^^^^^^^^^^^^^^^^^^^^^^^^^^^^^^^^^^^^^^^^^^^^^^^^^^^^^
  File "/home/airflow/.local/lib/python3.12/site-packages/airflow/models/baseoperator.py", line 401, in wrapper
    return func(self, *args, **kwargs)
           ^^^^^^^^^^^^^^^^^^^^^^^^^^^
  File "/home/airflow/.local/lib/python3.12/site-packages/airflow/providers/standard/operators/bash.py", line 233, in execute
    raise AirflowException(
airflow.exceptions.AirflowException: Bash command failed. The command returned a non-zero exit code 1.
[2026-03-29T23:16:09.950+0000] {taskinstance.py:1206} INFO - Marking task as UP_FOR_RETRY. dag_id=banking_01_bronze_layer, task_id=debug, run_id=scheduled__2026-03-29T22:30:00+00:00, execution_date=20260329T223000, start_date=20260329T231604, end_date=20260329T231609
[2026-03-29T23:16:09.960+0000] {standard_task_runner.py:110} ERROR - Failed to execute job 7358 for task debug (Bash command failed. The command returned a non-zero exit code 1.; 5787)
[2026-03-29T23:16:09.980+0000] {local_task_job_runner.py:243} INFO - Task exited with return code 1
[2026-03-29T23:16:09.988+0000] {taskinstance.py:3503} INFO - 0 downstream tasks scheduled from follow-on schedule check
[2026-03-29T23:16:09.989+0000] {local_task_job_runner.py:222} INFO - ::endgroup::
