[2026-03-28T13:30:24.534+0000] {local_task_job_runner.py:120} INFO - ::group::Pre task execution logs
[2026-03-28T13:30:24.560+0000] {taskinstance.py:2076} INFO - Dependencies all met for dep_context=non-requeueable deps ti=<TaskInstance: banking_01_bronze_layer.build_bronze_acc scheduled__2026-03-28T13:00:00+00:00 [queued]>
[2026-03-28T13:30:24.566+0000] {taskinstance.py:2076} INFO - Dependencies all met for dep_context=requeueable deps ti=<TaskInstance: banking_01_bronze_layer.build_bronze_acc scheduled__2026-03-28T13:00:00+00:00 [queued]>
[2026-03-28T13:30:24.566+0000] {taskinstance.py:2306} INFO - Starting attempt 1 of 2
[2026-03-28T13:30:24.576+0000] {taskinstance.py:2330} INFO - Executing <Task(BashOperator): build_bronze_acc> on 2026-03-28 13:00:00+00:00
[2026-03-28T13:30:24.579+0000] {standard_task_runner.py:64} INFO - Started process 9467 to run task
[2026-03-28T13:30:24.581+0000] {standard_task_runner.py:90} INFO - Running: ['***', 'tasks', 'run', 'banking_01_bronze_layer', 'build_bronze_acc', 'scheduled__2026-03-28T13:00:00+00:00', '--job-id', '6859', '--raw', '--subdir', 'DAGS_FOLDER/dbt.py', '--cfg-path', '/tmp/tmpirg0kpbv']
[2026-03-28T13:30:24.583+0000] {standard_task_runner.py:91} INFO - Job 6859: Subtask build_bronze_acc
[2026-03-28T13:30:24.634+0000] {task_command.py:426} INFO - Running <TaskInstance: banking_01_bronze_layer.build_bronze_acc scheduled__2026-03-28T13:00:00+00:00 [running]> on host c990dffe13ae
[2026-03-28T13:30:24.709+0000] {taskinstance.py:2648} INFO - Exporting env vars: AIRFLOW_CTX_DAG_OWNER='risheek' AIRFLOW_CTX_DAG_ID='banking_01_bronze_layer' AIRFLOW_CTX_TASK_ID='build_bronze_acc' AIRFLOW_CTX_EXECUTION_DATE='2026-03-28T13:00:00+00:00' AIRFLOW_CTX_TRY_NUMBER='1' AIRFLOW_CTX_DAG_RUN_ID='scheduled__2026-03-28T13:00:00+00:00'
[2026-03-28T13:30:24.710+0000] {taskinstance.py:430} INFO - ::endgroup::
[2026-03-28T13:30:24.711+0000] {subprocess.py:78} INFO - Tmp dir root location: /tmp
[2026-03-28T13:30:24.711+0000] {subprocess.py:88} INFO - Running command: ['/usr/bin/bash', '-c', 'dbt build --select bronze_acc']
[2026-03-28T13:30:24.716+0000] {subprocess.py:99} INFO - Output:
[2026-03-28T13:30:26.352+0000] {subprocess.py:106} INFO - [0m13:30:26  Running with dbt=1.11.7
[2026-03-28T13:30:26.866+0000] {subprocess.py:106} INFO - [0m13:30:26  Registered adapter: snowflake=1.11.3
[2026-03-28T13:30:27.006+0000] {subprocess.py:106} INFO - [0m13:30:27  [[33mWARNING[0m]: Configuration paths exist in your dbt_project.yml file which do not apply to any resources.
[2026-03-28T13:30:27.006+0000] {subprocess.py:106} INFO - There are 1 unused configuration paths:
[2026-03-28T13:30:27.006+0000] {subprocess.py:106} INFO - - models.trans_snowf.example
[2026-03-28T13:30:27.107+0000] {subprocess.py:106} INFO - [0m13:30:27  Found 14 models, 3 sources, 522 macros
[2026-03-28T13:30:27.108+0000] {subprocess.py:106} INFO - [0m13:30:27
[2026-03-28T13:30:27.109+0000] {subprocess.py:106} INFO - [0m13:30:27  Concurrency: 1 threads (target='dev')
[2026-03-28T13:30:27.109+0000] {subprocess.py:106} INFO - [0m13:30:27
[2026-03-28T13:30:28.666+0000] {subprocess.py:106} INFO - [0m13:30:28
[2026-03-28T13:30:28.669+0000] {subprocess.py:106} INFO - [0m13:30:28  Finished running  in 0 hours 0 minutes and 1.56 seconds (1.56s).
[2026-03-28T13:30:28.671+0000] {subprocess.py:106} INFO - [0m13:30:28  Encountered an error:
[2026-03-28T13:30:28.671+0000] {subprocess.py:106} INFO - Runtime Error
[2026-03-28T13:30:28.672+0000] {subprocess.py:106} INFO -   Database error while listing schemas in database "BANKING"
[2026-03-28T13:30:28.672+0000] {subprocess.py:106} INFO -   Database Error
[2026-03-28T13:30:28.673+0000] {subprocess.py:106} INFO -     250001 (08001): Failed to connect to DB: BBMCDSP-CT02489.snowflakecomputing.com:443. JWT token is invalid. [6cb36da3-d5a9-40ee-ae91-1e5aa7b224b0]
[2026-03-28T13:30:30.957+0000] {subprocess.py:110} INFO - Command exited with return code 2
[2026-03-28T13:30:30.963+0000] {taskinstance.py:441} INFO - ::group::Post task execution logs
[2026-03-28T13:30:30.986+0000] {taskinstance.py:2905} ERROR - Task failed with exception
Traceback (most recent call last):
  File "/home/airflow/.local/lib/python3.12/site-packages/airflow/models/taskinstance.py", line 465, in _execute_task
    result = _execute_callable(context=context, **execute_callable_kwargs)
             ^^^^^^^^^^^^^^^^^^^^^^^^^^^^^^^^^^^^^^^^^^^^^^^^^^^^^^^^^^^^^
  File "/home/airflow/.local/lib/python3.12/site-packages/airflow/models/taskinstance.py", line 432, in _execute_callable
    return execute_callable(context=context, **execute_callable_kwargs)
           ^^^^^^^^^^^^^^^^^^^^^^^^^^^^^^^^^^^^^^^^^^^^^^^^^^^^^^^^^^^^
  File "/home/airflow/.local/lib/python3.12/site-packages/airflow/models/baseoperator.py", line 401, in wrapper
    return func(self, *args, **kwargs)
           ^^^^^^^^^^^^^^^^^^^^^^^^^^^
  File "/home/airflow/.local/lib/python3.12/site-packages/airflow/providers/standard/operators/bash.py", line 233, in execute
    raise AirflowException(
airflow.exceptions.AirflowException: Bash command failed. The command returned a non-zero exit code 2.
[2026-03-28T13:30:31.000+0000] {taskinstance.py:1206} INFO - Marking task as UP_FOR_RETRY. dag_id=banking_01_bronze_layer, task_id=build_bronze_acc, run_id=scheduled__2026-03-28T13:00:00+00:00, execution_date=20260328T130000, start_date=20260328T133024, end_date=20260328T133030
[2026-03-28T13:30:31.026+0000] {standard_task_runner.py:110} ERROR - Failed to execute job 6859 for task build_bronze_acc (Bash command failed. The command returned a non-zero exit code 2.; 9467)
[2026-03-28T13:30:31.056+0000] {local_task_job_runner.py:243} INFO - Task exited with return code 1
[2026-03-28T13:30:31.074+0000] {taskinstance.py:3503} INFO - 0 downstream tasks scheduled from follow-on schedule check
[2026-03-28T13:30:31.075+0000] {local_task_job_runner.py:222} INFO - ::endgroup::
