[2026-03-25T15:53:27.703+0000] {local_task_job_runner.py:120} INFO - ::group::Pre task execution logs
[2026-03-25T15:53:27.732+0000] {taskinstance.py:2076} INFO - Dependencies all met for dep_context=non-requeueable deps ti=<TaskInstance: transfer_from_minio_to_snowflake_transactions.create_stage scheduled__2026-03-25T15:52:00+00:00 [queued]>
[2026-03-25T15:53:27.736+0000] {taskinstance.py:2076} INFO - Dependencies all met for dep_context=requeueable deps ti=<TaskInstance: transfer_from_minio_to_snowflake_transactions.create_stage scheduled__2026-03-25T15:52:00+00:00 [queued]>
[2026-03-25T15:53:27.736+0000] {taskinstance.py:2306} INFO - Starting attempt 1 of 3
[2026-03-25T15:53:27.742+0000] {taskinstance.py:2330} INFO - Executing <Task(SQLExecuteQueryOperator): create_stage> on 2026-03-25 15:52:00+00:00
[2026-03-25T15:53:27.750+0000] {logging_mixin.py:188} WARNING - /home/***/.local/lib/python3.12/site-packages/***/task/task_runner/standard_task_runner.py:62 DeprecationWarning: This process (pid=12791) is multi-threaded, use of fork() may lead to deadlocks in the child.
[2026-03-25T15:53:27.755+0000] {standard_task_runner.py:64} INFO - Started process 12803 to run task
[2026-03-25T15:53:27.748+0000] {standard_task_runner.py:90} INFO - Running: ['***', 'tasks', 'run', 'transfer_from_minio_to_snowflake_transactions', 'create_stage', 'scheduled__2026-03-25T15:52:00+00:00', '--job-id', '2007', '--raw', '--subdir', 'DAGS_FOLDER/transfer.py', '--cfg-path', '/tmp/tmpnj649dlv']
[2026-03-25T15:53:27.759+0000] {standard_task_runner.py:91} INFO - Job 2007: Subtask create_stage
[2026-03-25T15:53:27.802+0000] {task_command.py:426} INFO - Running <TaskInstance: transfer_from_minio_to_snowflake_transactions.create_stage scheduled__2026-03-25T15:52:00+00:00 [running]> on host c990dffe13ae
[2026-03-25T15:53:28.032+0000] {taskinstance.py:2648} INFO - Exporting env vars: AIRFLOW_CTX_DAG_OWNER='***' AIRFLOW_CTX_DAG_ID='transfer_from_minio_to_snowflake_transactions' AIRFLOW_CTX_TASK_ID='create_stage' AIRFLOW_CTX_EXECUTION_DATE='2026-03-25T15:52:00+00:00' AIRFLOW_CTX_TRY_NUMBER='1' AIRFLOW_CTX_DAG_RUN_ID='scheduled__2026-03-25T15:52:00+00:00'
[2026-03-25T15:53:28.032+0000] {taskinstance.py:430} INFO - ::endgroup::
[2026-03-25T15:53:28.032+0000] {sql.py:282} INFO - Executing:  CREATE STAGE IF NOT EXISTS incoming  
                 URL = 's3://de-project-banking-pipeline-dev-2/transactions'
                 STORAGE_INTEGRATION = my_s3_integration
                 FILE_FORMAT = (TYPE = 'JSON'); 
[2026-03-25T15:53:28.038+0000] {base.py:84} INFO - Using connection ID 'warehouse_id' for task execution.
[2026-03-25T15:53:28.075+0000] {base.py:84} INFO - Using connection ID 'warehouse_id' for task execution.
[2026-03-25T15:53:28.115+0000] {connection.py:613} INFO - Snowflake Connector for Python Version: 4.3.0, Python Version: 3.12.4, Platform: Linux-6.12.76-linuxkit-aarch64-with-glibc2.36
[2026-03-25T15:53:28.116+0000] {connection.py:1709} INFO - Connecting to GLOBAL Snowflake domain
[2026-03-25T15:53:32.767+0000] {sql.py:495} INFO - Running statement: CREATE STAGE IF NOT EXISTS incoming  
                 URL = 's3://de-project-banking-pipeline-dev-2/transactions'
                 STORAGE_INTEGRATION = my_s3_integration
                 FILE_FORMAT = (TYPE = 'JSON');, parameters: None
[2026-03-25T15:53:32.953+0000] {sql.py:504} INFO - Rows affected: 1
[2026-03-25T15:53:32.955+0000] {snowflake.py:422} INFO - Rows affected: 1
[2026-03-25T15:53:32.955+0000] {snowflake.py:423} INFO - Snowflake query id: 01c34459-3202-7cb1-0014-90e60003d8ca
[2026-03-25T15:53:33.332+0000] {taskinstance.py:441} INFO - ::group::Post task execution logs
[2026-03-25T15:53:33.454+0000] {taskinstance.py:1206} INFO - Marking task as SUCCESS. dag_id=transfer_from_minio_to_snowflake_transactions, task_id=create_stage, run_id=scheduled__2026-03-25T15:52:00+00:00, execution_date=20260325T155200, start_date=20260325T155327, end_date=20260325T155333
[2026-03-25T15:53:33.514+0000] {local_task_job_runner.py:243} INFO - Task exited with return code 0
[2026-03-25T15:53:33.556+0000] {taskinstance.py:3503} INFO - 1 downstream tasks scheduled from follow-on schedule check
[2026-03-25T15:53:33.557+0000] {local_task_job_runner.py:222} INFO - ::endgroup::
