[2026-04-04T05:26:25.271+0000] {local_task_job_runner.py:120} INFO - ::group::Pre task execution logs
[2026-04-04T05:26:25.286+0000] {taskinstance.py:2076} INFO - Dependencies all met for dep_context=non-requeueable deps ti=<TaskInstance: banking_01_silver_layer.build_silver_trans manual__2026-04-04T05:25:07.797971+00:00 [queued]>
[2026-04-04T05:26:25.289+0000] {taskinstance.py:2076} INFO - Dependencies all met for dep_context=requeueable deps ti=<TaskInstance: banking_01_silver_layer.build_silver_trans manual__2026-04-04T05:25:07.797971+00:00 [queued]>
[2026-04-04T05:26:25.289+0000] {taskinstance.py:2306} INFO - Starting attempt 1 of 2
[2026-04-04T05:26:25.294+0000] {taskinstance.py:2330} INFO - Executing <Task(BashOperator): build_silver_trans> on 2026-04-04 05:25:07.797971+00:00
[2026-04-04T05:26:25.297+0000] {standard_task_runner.py:64} INFO - Started process 270 to run task
[2026-04-04T05:26:25.298+0000] {standard_task_runner.py:90} INFO - Running: ['***', 'tasks', 'run', 'banking_01_silver_layer', 'build_silver_trans', 'manual__2026-04-04T05:25:07.797971+00:00', '--job-id', '9668', '--raw', '--subdir', 'DAGS_FOLDER/dbt.py', '--cfg-path', '/tmp/tmpb12yyjvc']
[2026-04-04T05:26:25.299+0000] {standard_task_runner.py:91} INFO - Job 9668: Subtask build_silver_trans
[2026-04-04T05:26:25.326+0000] {task_command.py:426} INFO - Running <TaskInstance: banking_01_silver_layer.build_silver_trans manual__2026-04-04T05:25:07.797971+00:00 [running]> on host c990dffe13ae
[2026-04-04T05:26:25.369+0000] {taskinstance.py:2648} INFO - Exporting env vars: AIRFLOW_CTX_DAG_OWNER='risheek' AIRFLOW_CTX_DAG_ID='banking_01_silver_layer' AIRFLOW_CTX_TASK_ID='build_silver_trans' AIRFLOW_CTX_EXECUTION_DATE='2026-04-04T05:25:07.797971+00:00' AIRFLOW_CTX_TRY_NUMBER='1' AIRFLOW_CTX_DAG_RUN_ID='manual__2026-04-04T05:25:07.797971+00:00'
[2026-04-04T05:26:25.369+0000] {taskinstance.py:430} INFO - ::endgroup::
[2026-04-04T05:26:25.370+0000] {subprocess.py:78} INFO - Tmp dir root location: /tmp
[2026-04-04T05:26:25.370+0000] {subprocess.py:88} INFO - Running command: ['/usr/bin/bash', '-c', 'dbt build --select silver_trans']
[2026-04-04T05:26:25.373+0000] {subprocess.py:99} INFO - Output:
[2026-04-04T05:26:26.599+0000] {subprocess.py:106} INFO - [0m05:26:26  Running with dbt=1.11.7
[2026-04-04T05:26:27.085+0000] {subprocess.py:106} INFO - [0m05:26:27  Registered adapter: snowflake=1.11.3
[2026-04-04T05:26:27.221+0000] {subprocess.py:106} INFO - [0m05:26:27  [[33mWARNING[0m]: Configuration paths exist in your dbt_project.yml file which do not apply to any resources.
[2026-04-04T05:26:27.221+0000] {subprocess.py:106} INFO - There are 1 unused configuration paths:
[2026-04-04T05:26:27.221+0000] {subprocess.py:106} INFO - - models.trans_snowf.example
[2026-04-04T05:26:27.317+0000] {subprocess.py:106} INFO - [0m05:26:27  Found 14 models, 9 sources, 524 macros
[2026-04-04T05:26:27.319+0000] {subprocess.py:106} INFO - [0m05:26:27
[2026-04-04T05:26:27.319+0000] {subprocess.py:106} INFO - [0m05:26:27  Concurrency: 1 threads (target='dev')
[2026-04-04T05:26:27.319+0000] {subprocess.py:106} INFO - [0m05:26:27
[2026-04-04T05:26:29.156+0000] {subprocess.py:106} INFO - [0m05:26:29  1 of 1 START sql incremental model PUBLIC_SILVER.silver_trans .................. [RUN]
[2026-04-04T05:26:30.146+0000] {subprocess.py:106} INFO - [0m05:26:30  1 of 1 OK created sql incremental model PUBLIC_SILVER.silver_trans ............. [[32mSUCCESS 127[0m in 0.99s]
[2026-04-04T05:26:30.471+0000] {subprocess.py:106} INFO - [0m05:26:30
[2026-04-04T05:26:30.472+0000] {subprocess.py:106} INFO - [0m05:26:30  Finished running 1 incremental model in 0 hours 0 minutes and 3.15 seconds (3.15s).
[2026-04-04T05:26:30.520+0000] {subprocess.py:106} INFO - [0m05:26:30
[2026-04-04T05:26:30.521+0000] {subprocess.py:106} INFO - [0m05:26:30  [32mCompleted successfully[0m
[2026-04-04T05:26:30.521+0000] {subprocess.py:106} INFO - [0m05:26:30
[2026-04-04T05:26:30.521+0000] {subprocess.py:106} INFO - [0m05:26:30  Done. PASS=1 WARN=0 ERROR=0 SKIP=0 NO-OP=0 TOTAL=1
[2026-04-04T05:26:33.222+0000] {subprocess.py:110} INFO - Command exited with return code 0
[2026-04-04T05:26:33.225+0000] {taskinstance.py:441} INFO - ::group::Post task execution logs
[2026-04-04T05:26:33.256+0000] {taskinstance.py:1206} INFO - Marking task as SUCCESS. dag_id=banking_01_silver_layer, task_id=build_silver_trans, run_id=manual__2026-04-04T05:25:07.797971+00:00, execution_date=20260404T052507, start_date=20260404T052625, end_date=20260404T052633
[2026-04-04T05:26:33.274+0000] {local_task_job_runner.py:243} INFO - Task exited with return code 0
[2026-04-04T05:26:33.292+0000] {taskinstance.py:3503} INFO - 0 downstream tasks scheduled from follow-on schedule check
[2026-04-04T05:26:33.292+0000] {local_task_job_runner.py:222} INFO - ::endgroup::
