[2026-03-30T14:12:37.985+0000] {local_task_job_runner.py:120} INFO - ::group::Pre task execution logs
[2026-03-30T14:12:38.008+0000] {taskinstance.py:2076} INFO - Dependencies all met for dep_context=non-requeueable deps ti=<TaskInstance: banking_01_bronze_layer.build_bronze_acc scheduled__2026-03-30T12:30:00+00:00 [queued]>
[2026-03-30T14:12:38.016+0000] {taskinstance.py:2076} INFO - Dependencies all met for dep_context=requeueable deps ti=<TaskInstance: banking_01_bronze_layer.build_bronze_acc scheduled__2026-03-30T12:30:00+00:00 [queued]>
[2026-03-30T14:12:38.017+0000] {taskinstance.py:2306} INFO - Starting attempt 2 of 2
[2026-03-30T14:12:38.026+0000] {taskinstance.py:2330} INFO - Executing <Task(BashOperator): build_bronze_acc> on 2026-03-30 12:30:00+00:00
[2026-03-30T14:12:38.030+0000] {standard_task_runner.py:64} INFO - Started process 11142 to run task
[2026-03-30T14:12:38.032+0000] {standard_task_runner.py:90} INFO - Running: ['***', 'tasks', 'run', 'banking_01_bronze_layer', 'build_bronze_acc', 'scheduled__2026-03-30T12:30:00+00:00', '--job-id', '8032', '--raw', '--subdir', 'DAGS_FOLDER/dbt.py', '--cfg-path', '/tmp/tmp6nz69ah4']
[2026-03-30T14:12:38.034+0000] {standard_task_runner.py:91} INFO - Job 8032: Subtask build_bronze_acc
[2026-03-30T14:12:38.087+0000] {task_command.py:426} INFO - Running <TaskInstance: banking_01_bronze_layer.build_bronze_acc scheduled__2026-03-30T12:30:00+00:00 [running]> on host c990dffe13ae
[2026-03-30T14:12:38.158+0000] {taskinstance.py:2648} INFO - Exporting env vars: AIRFLOW_CTX_DAG_OWNER='risheek' AIRFLOW_CTX_DAG_ID='banking_01_bronze_layer' AIRFLOW_CTX_TASK_ID='build_bronze_acc' AIRFLOW_CTX_EXECUTION_DATE='2026-03-30T12:30:00+00:00' AIRFLOW_CTX_TRY_NUMBER='2' AIRFLOW_CTX_DAG_RUN_ID='scheduled__2026-03-30T12:30:00+00:00'
[2026-03-30T14:12:38.159+0000] {taskinstance.py:430} INFO - ::endgroup::
[2026-03-30T14:12:38.160+0000] {subprocess.py:78} INFO - Tmp dir root location: /tmp
[2026-03-30T14:12:38.161+0000] {subprocess.py:88} INFO - Running command: ['/usr/bin/bash', '-c', 'dbt build --select bronze_acc']
[2026-03-30T14:12:38.166+0000] {subprocess.py:99} INFO - Output:
[2026-03-30T14:12:40.059+0000] {subprocess.py:106} INFO - [0m14:12:40  Running with dbt=1.11.7
[2026-03-30T14:12:40.823+0000] {subprocess.py:106} INFO - [0m14:12:40  Registered adapter: snowflake=1.11.3
[2026-03-30T14:12:41.062+0000] {subprocess.py:106} INFO - [0m14:12:41  [[33mWARNING[0m]: Configuration paths exist in your dbt_project.yml file which do not apply to any resources.
[2026-03-30T14:12:41.062+0000] {subprocess.py:106} INFO - There are 1 unused configuration paths:
[2026-03-30T14:12:41.063+0000] {subprocess.py:106} INFO - - models.trans_snowf.example
[2026-03-30T14:12:41.232+0000] {subprocess.py:106} INFO - [0m14:12:41  Found 14 models, 3 sources, 522 macros
[2026-03-30T14:12:41.234+0000] {subprocess.py:106} INFO - [0m14:12:41
[2026-03-30T14:12:41.235+0000] {subprocess.py:106} INFO - [0m14:12:41  Concurrency: 1 threads (target='dev')
[2026-03-30T14:12:41.236+0000] {subprocess.py:106} INFO - [0m14:12:41
[2026-03-30T14:12:41.944+0000] {subprocess.py:106} INFO - [0m14:12:41
[2026-03-30T14:12:41.946+0000] {subprocess.py:106} INFO - [0m14:12:41  Finished running  in 0 hours 0 minutes and 0.71 seconds (0.71s).
[2026-03-30T14:12:41.949+0000] {subprocess.py:106} INFO - [0m14:12:41  Encountered an error:
[2026-03-30T14:12:41.949+0000] {subprocess.py:106} INFO - Runtime Error
[2026-03-30T14:12:41.950+0000] {subprocess.py:106} INFO -   Database error while listing schemas in database "BANKING"
[2026-03-30T14:12:41.950+0000] {subprocess.py:106} INFO -   Database Error
[2026-03-30T14:12:41.951+0000] {subprocess.py:106} INFO -     250001 (08001): Failed to connect to DB: BBMCDSP-CT02489.snowflakecomputing.com:443. JWT token is invalid. [7c310f6b-9268-494f-aa1c-cef9cde38b24]
[2026-03-30T14:12:43.680+0000] {subprocess.py:110} INFO - Command exited with return code 2
[2026-03-30T14:12:43.682+0000] {taskinstance.py:441} INFO - ::group::Post task execution logs
[2026-03-30T14:12:43.704+0000] {taskinstance.py:2905} ERROR - Task failed with exception
Traceback (most recent call last):
  File "/home/airflow/.local/lib/python3.12/site-packages/airflow/models/taskinstance.py", line 465, in _execute_task
    result = _execute_callable(context=context, **execute_callable_kwargs)
             ^^^^^^^^^^^^^^^^^^^^^^^^^^^^^^^^^^^^^^^^^^^^^^^^^^^^^^^^^^^^^
  File "/home/airflow/.local/lib/python3.12/site-packages/airflow/models/taskinstance.py", line 432, in _execute_callable
    return execute_callable(context=context, **execute_callable_kwargs)
           ^^^^^^^^^^^^^^^^^^^^^^^^^^^^^^^^^^^^^^^^^^^^^^^^^^^^^^^^^^^^
  File "/home/airflow/.local/lib/python3.12/site-packages/airflow/models/baseoperator.py", line 401, in wrapper
    return func(self, *args, **kwargs)
           ^^^^^^^^^^^^^^^^^^^^^^^^^^^
  File "/home/airflow/.local/lib/python3.12/site-packages/airflow/providers/standard/operators/bash.py", line 233, in execute
    raise AirflowException(
airflow.exceptions.AirflowException: Bash command failed. The command returned a non-zero exit code 2.
[2026-03-30T14:12:43.714+0000] {taskinstance.py:1206} INFO - Marking task as FAILED. dag_id=banking_01_bronze_layer, task_id=build_bronze_acc, run_id=scheduled__2026-03-30T12:30:00+00:00, execution_date=20260330T123000, start_date=20260330T141238, end_date=20260330T141243
[2026-03-30T14:12:43.728+0000] {standard_task_runner.py:110} ERROR - Failed to execute job 8032 for task build_bronze_acc (Bash command failed. The command returned a non-zero exit code 2.; 11142)
[2026-03-30T14:12:43.769+0000] {local_task_job_runner.py:243} INFO - Task exited with return code 1
[2026-03-30T14:12:43.785+0000] {taskinstance.py:3503} INFO - 0 downstream tasks scheduled from follow-on schedule check
[2026-03-30T14:12:43.786+0000] {local_task_job_runner.py:222} INFO - ::endgroup::
