[2026-03-27T11:49:19.807+0000] {local_task_job_runner.py:120} INFO - ::group::Pre task execution logs
[2026-03-27T11:49:19.824+0000] {taskinstance.py:2076} INFO - Dependencies all met for dep_context=non-requeueable deps ti=<TaskInstance: transfer_from_minio_to_snowflake_accounts.create_stage scheduled__2026-03-27T11:48:00+00:00 [queued]>
[2026-03-27T11:49:19.827+0000] {taskinstance.py:2076} INFO - Dependencies all met for dep_context=requeueable deps ti=<TaskInstance: transfer_from_minio_to_snowflake_accounts.create_stage scheduled__2026-03-27T11:48:00+00:00 [queued]>
[2026-03-27T11:49:19.828+0000] {taskinstance.py:2306} INFO - Starting attempt 1 of 3
[2026-03-27T11:49:19.836+0000] {taskinstance.py:2330} INFO - Executing <Task(SQLExecuteQueryOperator): create_stage> on 2026-03-27 11:48:00+00:00
[2026-03-27T11:49:19.844+0000] {logging_mixin.py:188} WARNING - /home/***/.local/lib/python3.12/site-packages/***/task/task_runner/standard_task_runner.py:62 DeprecationWarning: This process (pid=36182) is multi-threaded, use of fork() may lead to deadlocks in the child.
[2026-03-27T11:49:19.842+0000] {standard_task_runner.py:90} INFO - Running: ['***', 'tasks', 'run', 'transfer_from_minio_to_snowflake_accounts', 'create_stage', 'scheduled__2026-03-27T11:48:00+00:00', '--job-id', '5341', '--raw', '--subdir', 'DAGS_FOLDER/transfer.py', '--cfg-path', '/tmp/tmpxilino3j']
[2026-03-27T11:49:19.846+0000] {standard_task_runner.py:91} INFO - Job 5341: Subtask create_stage
[2026-03-27T11:49:19.846+0000] {standard_task_runner.py:64} INFO - Started process 36194 to run task
[2026-03-27T11:49:19.897+0000] {task_command.py:426} INFO - Running <TaskInstance: transfer_from_minio_to_snowflake_accounts.create_stage scheduled__2026-03-27T11:48:00+00:00 [running]> on host c990dffe13ae
[2026-03-27T11:49:20.086+0000] {taskinstance.py:2648} INFO - Exporting env vars: AIRFLOW_CTX_DAG_OWNER='***' AIRFLOW_CTX_DAG_ID='transfer_from_minio_to_snowflake_accounts' AIRFLOW_CTX_TASK_ID='create_stage' AIRFLOW_CTX_EXECUTION_DATE='2026-03-27T11:48:00+00:00' AIRFLOW_CTX_TRY_NUMBER='1' AIRFLOW_CTX_DAG_RUN_ID='scheduled__2026-03-27T11:48:00+00:00'
[2026-03-27T11:49:20.086+0000] {taskinstance.py:430} INFO - ::endgroup::
[2026-03-27T11:49:20.087+0000] {sql.py:282} INFO - Executing:  CREATE STAGE IF NOT EXISTS incoming  
                 URL = 's3://de-project-banking-pipeline-dev-2/accounts'
                 STORAGE_INTEGRATION = my_s3_integration
                 FILE_FORMAT = (TYPE = 'JSON'); 
[2026-03-27T11:49:20.093+0000] {base.py:84} INFO - Using connection ID 'warehouse_id' for task execution.
[2026-03-27T11:49:20.124+0000] {base.py:84} INFO - Using connection ID 'warehouse_id' for task execution.
[2026-03-27T11:49:20.162+0000] {connection.py:613} INFO - Snowflake Connector for Python Version: 4.3.0, Python Version: 3.12.4, Platform: Linux-6.12.76-linuxkit-aarch64-with-glibc2.36
[2026-03-27T11:49:20.163+0000] {connection.py:1709} INFO - Connecting to GLOBAL Snowflake domain
[2026-03-27T11:49:21.099+0000] {sql.py:495} INFO - Running statement: CREATE STAGE IF NOT EXISTS incoming  
                 URL = 's3://de-project-banking-pipeline-dev-2/accounts'
                 STORAGE_INTEGRATION = my_s3_integration
                 FILE_FORMAT = (TYPE = 'JSON');, parameters: None
[2026-03-27T11:49:21.275+0000] {sql.py:504} INFO - Rows affected: 1
[2026-03-27T11:49:21.277+0000] {snowflake.py:422} INFO - Rows affected: 1
[2026-03-27T11:49:21.278+0000] {snowflake.py:423} INFO - Snowflake query id: 01c34ea5-3202-7c30-0014-90e60004983e
[2026-03-27T11:49:21.943+0000] {taskinstance.py:441} INFO - ::group::Post task execution logs
[2026-03-27T11:49:21.986+0000] {taskinstance.py:1206} INFO - Marking task as SUCCESS. dag_id=transfer_from_minio_to_snowflake_accounts, task_id=create_stage, run_id=scheduled__2026-03-27T11:48:00+00:00, execution_date=20260327T114800, start_date=20260327T114919, end_date=20260327T114921
[2026-03-27T11:49:22.040+0000] {local_task_job_runner.py:243} INFO - Task exited with return code 0
[2026-03-27T11:49:22.073+0000] {taskinstance.py:3503} INFO - 1 downstream tasks scheduled from follow-on schedule check
[2026-03-27T11:49:22.075+0000] {local_task_job_runner.py:222} INFO - ::endgroup::
