[2026-03-29T00:45:11.769+0000] {local_task_job_runner.py:120} INFO - ::group::Pre task execution logs
[2026-03-29T00:45:11.812+0000] {taskinstance.py:2076} INFO - Dependencies all met for dep_context=non-requeueable deps ti=<TaskInstance: banking_01_bronze_layer.debug scheduled__2026-03-29T00:00:00+00:00 [queued]>
[2026-03-29T00:45:11.820+0000] {taskinstance.py:2076} INFO - Dependencies all met for dep_context=requeueable deps ti=<TaskInstance: banking_01_bronze_layer.debug scheduled__2026-03-29T00:00:00+00:00 [queued]>
[2026-03-29T00:45:11.821+0000] {taskinstance.py:2306} INFO - Starting attempt 1 of 2
[2026-03-29T00:45:11.837+0000] {taskinstance.py:2330} INFO - Executing <Task(BashOperator): debug> on 2026-03-29 00:00:00+00:00
[2026-03-29T00:45:11.847+0000] {standard_task_runner.py:64} INFO - Started process 14820 to run task
[2026-03-29T00:45:11.853+0000] {standard_task_runner.py:90} INFO - Running: ['***', 'tasks', 'run', 'banking_01_bronze_layer', 'debug', 'scheduled__2026-03-29T00:00:00+00:00', '--job-id', '7032', '--raw', '--subdir', 'DAGS_FOLDER/dbt.py', '--cfg-path', '/tmp/tmp3vwgsz39']
[2026-03-29T00:45:11.858+0000] {standard_task_runner.py:91} INFO - Job 7032: Subtask debug
[2026-03-29T00:45:11.954+0000] {task_command.py:426} INFO - Running <TaskInstance: banking_01_bronze_layer.debug scheduled__2026-03-29T00:00:00+00:00 [running]> on host c990dffe13ae
[2026-03-29T00:45:12.111+0000] {taskinstance.py:2648} INFO - Exporting env vars: AIRFLOW_CTX_DAG_OWNER='risheek' AIRFLOW_CTX_DAG_ID='banking_01_bronze_layer' AIRFLOW_CTX_TASK_ID='debug' AIRFLOW_CTX_EXECUTION_DATE='2026-03-29T00:00:00+00:00' AIRFLOW_CTX_TRY_NUMBER='1' AIRFLOW_CTX_DAG_RUN_ID='scheduled__2026-03-29T00:00:00+00:00'
[2026-03-29T00:45:12.113+0000] {taskinstance.py:430} INFO - ::endgroup::
[2026-03-29T00:45:12.115+0000] {subprocess.py:78} INFO - Tmp dir root location: /tmp
[2026-03-29T00:45:12.117+0000] {subprocess.py:88} INFO - Running command: ['/usr/bin/bash', '-c', 'dbt debug --profiles-dir /opt/***/dbt/trans_snowf']
[2026-03-29T00:45:12.131+0000] {subprocess.py:99} INFO - Output:
[2026-03-29T00:45:14.688+0000] {subprocess.py:106} INFO - [0m00:45:14  Running with dbt=1.11.7
[2026-03-29T00:45:14.700+0000] {subprocess.py:106} INFO - [0m00:45:14  dbt version: 1.11.7
[2026-03-29T00:45:14.701+0000] {subprocess.py:106} INFO - [0m00:45:14  python version: 3.12.4
[2026-03-29T00:45:14.701+0000] {subprocess.py:106} INFO - [0m00:45:14  python path: /home/***/.local/bin/python
[2026-03-29T00:45:14.702+0000] {subprocess.py:106} INFO - [0m00:45:14  os info: Linux-6.12.76-linuxkit-aarch64-with-glibc2.36
[2026-03-29T00:45:15.644+0000] {subprocess.py:106} INFO - [0m00:45:15  Using profiles dir at /opt/***/dbt/trans_snowf
[2026-03-29T00:45:15.647+0000] {subprocess.py:106} INFO - [0m00:45:15  Using profiles.yml file at /opt/***/dbt/trans_snowf/profiles.yml
[2026-03-29T00:45:15.648+0000] {subprocess.py:106} INFO - [0m00:45:15  Using dbt_project.yml file at /opt/***/dbt/trans_snowf/dbt_project.yml
[2026-03-29T00:45:15.650+0000] {subprocess.py:106} INFO - [0m00:45:15  adapter type: snowflake
[2026-03-29T00:45:15.651+0000] {subprocess.py:106} INFO - [0m00:45:15  adapter version: 1.11.3
[2026-03-29T00:45:15.876+0000] {subprocess.py:106} INFO - [0m00:45:15  Configuration:
[2026-03-29T00:45:15.877+0000] {subprocess.py:106} INFO - [0m00:45:15    profiles.yml file [[32mOK found and valid[0m]
[2026-03-29T00:45:15.879+0000] {subprocess.py:106} INFO - [0m00:45:15    dbt_project.yml file [[32mOK found and valid[0m]
[2026-03-29T00:45:15.880+0000] {subprocess.py:106} INFO - [0m00:45:15  Required dependencies:
[2026-03-29T00:45:15.884+0000] {subprocess.py:106} INFO - [0m00:45:15   - git [[31mERROR[0m]
[2026-03-29T00:45:15.885+0000] {subprocess.py:106} INFO - 
[2026-03-29T00:45:15.885+0000] {subprocess.py:106} INFO - [0m00:45:15  Connection:
[2026-03-29T00:45:15.886+0000] {subprocess.py:106} INFO - [0m00:45:15    account: BBMCDSP-CT02489
[2026-03-29T00:45:15.887+0000] {subprocess.py:106} INFO - [0m00:45:15    user: user123
[2026-03-29T00:45:15.888+0000] {subprocess.py:106} INFO - [0m00:45:15    database: BANKING
[2026-03-29T00:45:15.889+0000] {subprocess.py:106} INFO - [0m00:45:15    warehouse: COMPUTE_WH
[2026-03-29T00:45:15.889+0000] {subprocess.py:106} INFO - [0m00:45:15    role: dbtadmin
[2026-03-29T00:45:15.890+0000] {subprocess.py:106} INFO - [0m00:45:15    schema: PUBLIC
[2026-03-29T00:45:15.891+0000] {subprocess.py:106} INFO - [0m00:45:15    authenticator: None
[2026-03-29T00:45:15.892+0000] {subprocess.py:106} INFO - [0m00:45:15    oauth_client_id: None
[2026-03-29T00:45:15.893+0000] {subprocess.py:106} INFO - [0m00:45:15    query_tag: None
[2026-03-29T00:45:15.893+0000] {subprocess.py:106} INFO - [0m00:45:15    client_session_keep_alive: False
[2026-03-29T00:45:15.895+0000] {subprocess.py:106} INFO - [0m00:45:15    host: None
[2026-03-29T00:45:15.895+0000] {subprocess.py:106} INFO - [0m00:45:15    port: None
[2026-03-29T00:45:15.896+0000] {subprocess.py:106} INFO - [0m00:45:15    proxy_host: None
[2026-03-29T00:45:15.897+0000] {subprocess.py:106} INFO - [0m00:45:15    proxy_port: None
[2026-03-29T00:45:15.897+0000] {subprocess.py:106} INFO - [0m00:45:15    protocol: None
[2026-03-29T00:45:15.898+0000] {subprocess.py:106} INFO - [0m00:45:15    connect_retries: 1
[2026-03-29T00:45:15.899+0000] {subprocess.py:106} INFO - [0m00:45:15    connect_timeout: None
[2026-03-29T00:45:15.900+0000] {subprocess.py:106} INFO - [0m00:45:15    retry_on_database_errors: False
[2026-03-29T00:45:15.901+0000] {subprocess.py:106} INFO - [0m00:45:15    retry_all: False
[2026-03-29T00:45:15.901+0000] {subprocess.py:106} INFO - [0m00:45:15    insecure_mode: False
[2026-03-29T00:45:15.902+0000] {subprocess.py:106} INFO - [0m00:45:15    reuse_connections: True
[2026-03-29T00:45:15.903+0000] {subprocess.py:106} INFO - [0m00:45:15    s3_stage_vpce_dns_name: None
[2026-03-29T00:45:15.906+0000] {subprocess.py:106} INFO - [0m00:45:15    platform_detection_timeout_seconds: 0.0
[2026-03-29T00:45:15.907+0000] {subprocess.py:106} INFO - [0m00:45:15  Registered adapter: snowflake=1.11.3
[2026-03-29T00:45:17.692+0000] {subprocess.py:106} INFO - [0m00:45:17    Connection test: [[32mOK connection ok[0m]
[2026-03-29T00:45:17.694+0000] {subprocess.py:106} INFO - 
[2026-03-29T00:45:17.694+0000] {subprocess.py:106} INFO - [0m00:45:17  [31m1 check failed:[0m
[2026-03-29T00:45:17.695+0000] {subprocess.py:106} INFO - [0m00:45:17  Error from git --help: Could not find command, ensure it is in the user's PATH: "git"
[2026-03-29T00:45:17.695+0000] {subprocess.py:106} INFO - 
[2026-03-29T00:45:19.413+0000] {subprocess.py:110} INFO - Command exited with return code 1
[2026-03-29T00:45:19.415+0000] {taskinstance.py:441} INFO - ::group::Post task execution logs
[2026-03-29T00:45:19.437+0000] {taskinstance.py:2905} ERROR - Task failed with exception
Traceback (most recent call last):
  File "/home/airflow/.local/lib/python3.12/site-packages/airflow/models/taskinstance.py", line 465, in _execute_task
    result = _execute_callable(context=context, **execute_callable_kwargs)
             ^^^^^^^^^^^^^^^^^^^^^^^^^^^^^^^^^^^^^^^^^^^^^^^^^^^^^^^^^^^^^
  File "/home/airflow/.local/lib/python3.12/site-packages/airflow/models/taskinstance.py", line 432, in _execute_callable
    return execute_callable(context=context, **execute_callable_kwargs)
           ^^^^^^^^^^^^^^^^^^^^^^^^^^^^^^^^^^^^^^^^^^^^^^^^^^^^^^^^^^^^
  File "/home/airflow/.local/lib/python3.12/site-packages/airflow/models/baseoperator.py", line 401, in wrapper
    return func(self, *args, **kwargs)
           ^^^^^^^^^^^^^^^^^^^^^^^^^^^
  File "/home/airflow/.local/lib/python3.12/site-packages/airflow/providers/standard/operators/bash.py", line 233, in execute
    raise AirflowException(
airflow.exceptions.AirflowException: Bash command failed. The command returned a non-zero exit code 1.
[2026-03-29T00:45:19.441+0000] {taskinstance.py:1206} INFO - Marking task as UP_FOR_RETRY. dag_id=banking_01_bronze_layer, task_id=debug, run_id=scheduled__2026-03-29T00:00:00+00:00, execution_date=20260329T000000, start_date=20260329T004511, end_date=20260329T004519
[2026-03-29T00:45:19.469+0000] {standard_task_runner.py:110} ERROR - Failed to execute job 7032 for task debug (Bash command failed. The command returned a non-zero exit code 1.; 14820)
[2026-03-29T00:45:19.502+0000] {local_task_job_runner.py:243} INFO - Task exited with return code 1
[2026-03-29T00:45:19.517+0000] {taskinstance.py:3503} INFO - 0 downstream tasks scheduled from follow-on schedule check
[2026-03-29T00:45:19.518+0000] {local_task_job_runner.py:222} INFO - ::endgroup::
