[2026-03-27T09:19:39.749+0000] {local_task_job_runner.py:120} INFO - ::group::Pre task execution logs
[2026-03-27T09:19:39.763+0000] {taskinstance.py:2076} INFO - Dependencies all met for dep_context=non-requeueable deps ti=<TaskInstance: transfer_from_minio_to_snowflake_customers.copy_json_to_variant scheduled__2026-03-27T09:18:00+00:00 [queued]>
[2026-03-27T09:19:39.767+0000] {taskinstance.py:2076} INFO - Dependencies all met for dep_context=requeueable deps ti=<TaskInstance: transfer_from_minio_to_snowflake_customers.copy_json_to_variant scheduled__2026-03-27T09:18:00+00:00 [queued]>
[2026-03-27T09:19:39.767+0000] {taskinstance.py:2306} INFO - Starting attempt 1 of 3
[2026-03-27T09:19:39.771+0000] {taskinstance.py:2330} INFO - Executing <Task(SQLExecuteQueryOperator): copy_json_to_variant> on 2026-03-27 09:18:00+00:00
[2026-03-27T09:19:39.775+0000] {standard_task_runner.py:90} INFO - Running: ['***', 'tasks', 'run', 'transfer_from_minio_to_snowflake_customers', 'copy_json_to_variant', 'scheduled__2026-03-27T09:18:00+00:00', '--job-id', '4084', '--raw', '--subdir', 'DAGS_FOLDER/transfer.py', '--cfg-path', '/tmp/tmpyt4bi9cs']
[2026-03-27T09:19:39.777+0000] {standard_task_runner.py:91} INFO - Job 4084: Subtask copy_json_to_variant
[2026-03-27T09:19:39.776+0000] {logging_mixin.py:188} WARNING - /home/***/.local/lib/python3.12/site-packages/***/task/task_runner/standard_task_runner.py:62 DeprecationWarning: This process (pid=12228) is multi-threaded, use of fork() may lead to deadlocks in the child.
[2026-03-27T09:19:39.777+0000] {standard_task_runner.py:64} INFO - Started process 12240 to run task
[2026-03-27T09:19:39.802+0000] {task_command.py:426} INFO - Running <TaskInstance: transfer_from_minio_to_snowflake_customers.copy_json_to_variant scheduled__2026-03-27T09:18:00+00:00 [running]> on host c990dffe13ae
[2026-03-27T09:19:39.936+0000] {taskinstance.py:2648} INFO - Exporting env vars: AIRFLOW_CTX_DAG_OWNER='***' AIRFLOW_CTX_DAG_ID='transfer_from_minio_to_snowflake_customers' AIRFLOW_CTX_TASK_ID='copy_json_to_variant' AIRFLOW_CTX_EXECUTION_DATE='2026-03-27T09:18:00+00:00' AIRFLOW_CTX_TRY_NUMBER='1' AIRFLOW_CTX_DAG_RUN_ID='scheduled__2026-03-27T09:18:00+00:00'
[2026-03-27T09:19:39.937+0000] {taskinstance.py:430} INFO - ::endgroup::
[2026-03-27T09:19:39.937+0000] {sql.py:282} INFO - Executing: 
            COPY INTO RAW_CUSTOMERS (raw_json)
            FROM @incoming
            FILE_FORMAT = (TYPE = 'JSON')
            ON_ERROR = 'CONTINUE';
        
[2026-03-27T09:19:39.942+0000] {base.py:84} INFO - Using connection ID 'warehouse_id' for task execution.
[2026-03-27T09:19:39.977+0000] {base.py:84} INFO - Using connection ID 'warehouse_id' for task execution.
[2026-03-27T09:19:40.015+0000] {connection.py:613} INFO - Snowflake Connector for Python Version: 4.3.0, Python Version: 3.12.4, Platform: Linux-6.12.76-linuxkit-aarch64-with-glibc2.36
[2026-03-27T09:19:40.015+0000] {connection.py:1709} INFO - Connecting to GLOBAL Snowflake domain
[2026-03-27T09:19:41.682+0000] {sql.py:495} INFO - Running statement: COPY INTO RAW_CUSTOMERS (raw_json)
            FROM @incoming
            FILE_FORMAT = (TYPE = 'JSON')
            ON_ERROR = 'CONTINUE';, parameters: None
[2026-03-27T09:19:42.575+0000] {sql.py:504} INFO - Rows affected: 1
[2026-03-27T09:19:42.577+0000] {snowflake.py:422} INFO - Rows affected: 1
[2026-03-27T09:19:42.578+0000] {snowflake.py:423} INFO - Snowflake query id: 01c34e0f-3202-7c30-0014-90e60004495a
[2026-03-27T09:19:43.032+0000] {taskinstance.py:441} INFO - ::group::Post task execution logs
[2026-03-27T09:19:43.069+0000] {taskinstance.py:1206} INFO - Marking task as SUCCESS. dag_id=transfer_from_minio_to_snowflake_customers, task_id=copy_json_to_variant, run_id=scheduled__2026-03-27T09:18:00+00:00, execution_date=20260327T091800, start_date=20260327T091939, end_date=20260327T091943
[2026-03-27T09:19:43.115+0000] {local_task_job_runner.py:243} INFO - Task exited with return code 0
[2026-03-27T09:19:43.132+0000] {taskinstance.py:3503} INFO - 0 downstream tasks scheduled from follow-on schedule check
[2026-03-27T09:19:43.133+0000] {local_task_job_runner.py:222} INFO - ::endgroup::
