[2026-04-04T05:50:12.421+0000] {local_task_job_runner.py:120} INFO - ::group::Pre task execution logs
[2026-04-04T05:50:12.440+0000] {taskinstance.py:2076} INFO - Dependencies all met for dep_context=non-requeueable deps ti=<TaskInstance: banking_02_aggregation_layer.build_aggregations manual__2026-04-04T05:50:09.767171+00:00 [queued]>
[2026-04-04T05:50:12.445+0000] {taskinstance.py:2076} INFO - Dependencies all met for dep_context=requeueable deps ti=<TaskInstance: banking_02_aggregation_layer.build_aggregations manual__2026-04-04T05:50:09.767171+00:00 [queued]>
[2026-04-04T05:50:12.445+0000] {taskinstance.py:2306} INFO - Starting attempt 1 of 2
[2026-04-04T05:50:12.451+0000] {taskinstance.py:2330} INFO - Executing <Task(BashOperator): build_aggregations> on 2026-04-04 05:50:09.767171+00:00
[2026-04-04T05:50:12.456+0000] {standard_task_runner.py:64} INFO - Started process 729 to run task
[2026-04-04T05:50:12.457+0000] {standard_task_runner.py:90} INFO - Running: ['***', 'tasks', 'run', 'banking_02_aggregation_layer', 'build_aggregations', 'manual__2026-04-04T05:50:09.767171+00:00', '--job-id', '9681', '--raw', '--subdir', 'DAGS_FOLDER/dbt.py', '--cfg-path', '/tmp/tmptmw6fqrx']
[2026-04-04T05:50:12.459+0000] {standard_task_runner.py:91} INFO - Job 9681: Subtask build_aggregations
[2026-04-04T05:50:12.491+0000] {task_command.py:426} INFO - Running <TaskInstance: banking_02_aggregation_layer.build_aggregations manual__2026-04-04T05:50:09.767171+00:00 [running]> on host c990dffe13ae
[2026-04-04T05:50:12.536+0000] {taskinstance.py:2648} INFO - Exporting env vars: AIRFLOW_CTX_DAG_OWNER='risheek' AIRFLOW_CTX_DAG_ID='banking_02_aggregation_layer' AIRFLOW_CTX_TASK_ID='build_aggregations' AIRFLOW_CTX_EXECUTION_DATE='2026-04-04T05:50:09.767171+00:00' AIRFLOW_CTX_TRY_NUMBER='1' AIRFLOW_CTX_DAG_RUN_ID='manual__2026-04-04T05:50:09.767171+00:00'
[2026-04-04T05:50:12.537+0000] {taskinstance.py:430} INFO - ::endgroup::
[2026-04-04T05:50:12.537+0000] {subprocess.py:78} INFO - Tmp dir root location: /tmp
[2026-04-04T05:50:12.538+0000] {subprocess.py:88} INFO - Running command: ['/usr/bin/bash', '-c', 'dbt build --select path:models/aggregations']
[2026-04-04T05:50:12.545+0000] {subprocess.py:99} INFO - Output:
[2026-04-04T05:50:13.794+0000] {subprocess.py:106} INFO - [0m05:50:13  Running with dbt=1.11.7
[2026-04-04T05:50:14.332+0000] {subprocess.py:106} INFO - [0m05:50:14  Registered adapter: snowflake=1.11.3
[2026-04-04T05:50:14.606+0000] {subprocess.py:106} INFO - [0m05:50:14  [[33mWARNING[0m]: Configuration paths exist in your dbt_project.yml file which do not apply to any resources.
[2026-04-04T05:50:14.607+0000] {subprocess.py:106} INFO - There are 1 unused configuration paths:
[2026-04-04T05:50:14.607+0000] {subprocess.py:106} INFO - - models.trans_snowf.example
[2026-04-04T05:50:14.741+0000] {subprocess.py:106} INFO - [0m05:50:14  Found 14 models, 9 sources, 524 macros
[2026-04-04T05:50:14.745+0000] {subprocess.py:106} INFO - [0m05:50:14
[2026-04-04T05:50:14.745+0000] {subprocess.py:106} INFO - [0m05:50:14  Concurrency: 1 threads (target='dev')
[2026-04-04T05:50:14.745+0000] {subprocess.py:106} INFO - [0m05:50:14
[2026-04-04T05:50:16.299+0000] {subprocess.py:106} INFO - [0m05:50:16  1 of 5 START sql view model PUBLIC.accounts .................................... [RUN]
[2026-04-04T05:50:16.486+0000] {subprocess.py:106} INFO - [0m05:50:16  1 of 5 ERROR creating sql view model PUBLIC.accounts ........................... [[31mERROR[0m in 0.18s]
[2026-04-04T05:50:16.489+0000] {subprocess.py:106} INFO - [0m05:50:16  2 of 5 START sql view model PUBLIC.customers ................................... [RUN]
[2026-04-04T05:50:16.932+0000] {subprocess.py:106} INFO - [0m05:50:16  2 of 5 ERROR creating sql view model PUBLIC.customers .......................... [[31mERROR[0m in 0.44s]
[2026-04-04T05:50:16.938+0000] {subprocess.py:106} INFO - [0m05:50:16  3 of 5 START sql view model PUBLIC.trans_amount ................................ [RUN]
[2026-04-04T05:50:17.108+0000] {subprocess.py:106} INFO - [0m05:50:17  3 of 5 ERROR creating sql view model PUBLIC.trans_amount ....................... [[31mERROR[0m in 0.17s]
[2026-04-04T05:50:17.112+0000] {subprocess.py:106} INFO - [0m05:50:17  4 of 5 START sql view model PUBLIC.trans_count ................................. [RUN]
[2026-04-04T05:50:17.381+0000] {subprocess.py:106} INFO - [0m05:50:17  4 of 5 OK created sql view model PUBLIC.trans_count ............................ [[32mSUCCESS 1[0m in 0.27s]
[2026-04-04T05:50:17.383+0000] {subprocess.py:106} INFO - [0m05:50:17  5 of 5 START sql view model PUBLIC.trans_type .................................. [RUN]
[2026-04-04T05:50:17.605+0000] {subprocess.py:106} INFO - [0m05:50:17  5 of 5 OK created sql view model PUBLIC.trans_type ............................. [[32mSUCCESS 1[0m in 0.22s]
[2026-04-04T05:50:18.939+0000] {subprocess.py:106} INFO - [0m05:50:18
[2026-04-04T05:50:18.942+0000] {subprocess.py:106} INFO - [0m05:50:18  Finished running 5 view models in 0 hours 0 minutes and 4.19 seconds (4.19s).
[2026-04-04T05:50:18.999+0000] {subprocess.py:106} INFO - [0m05:50:18
[2026-04-04T05:50:18.999+0000] {subprocess.py:106} INFO - [0m05:50:18  [31mCompleted with 3 errors, 0 partial successes, and 0 warnings:[0m
[2026-04-04T05:50:19.000+0000] {subprocess.py:106} INFO - [0m05:50:19
[2026-04-04T05:50:19.001+0000] {subprocess.py:106} INFO - [0m05:50:19  [31mFailure in model accounts (models/aggregations/accounts.sql)[0m
[2026-04-04T05:50:19.001+0000] {subprocess.py:106} INFO - [0m05:50:19    Database Error in model accounts (models/aggregations/accounts.sql)
[2026-04-04T05:50:19.001+0000] {subprocess.py:106} INFO -   001003 (42000): SQL compilation error:
[2026-04-04T05:50:19.002+0000] {subprocess.py:106} INFO -   syntax error line 23 at position 0 unexpected 'temp2'.
[2026-04-04T05:50:19.002+0000] {subprocess.py:106} INFO -   syntax error line 24 at position 29 unexpected 'as'.
[2026-04-04T05:50:19.002+0000] {subprocess.py:106} INFO -   compiled code at target/run/trans_snowf/models/aggregations/accounts.sql
[2026-04-04T05:50:19.003+0000] {subprocess.py:106} INFO - [0m05:50:19
[2026-04-04T05:50:19.003+0000] {subprocess.py:106} INFO - [0m05:50:19    compiled code at target/compiled/trans_snowf/models/aggregations/accounts.sql
[2026-04-04T05:50:19.004+0000] {subprocess.py:106} INFO - [0m05:50:19
[2026-04-04T05:50:19.004+0000] {subprocess.py:106} INFO - [0m05:50:19  [31mFailure in model customers (models/aggregations/customers.sql)[0m
[2026-04-04T05:50:19.004+0000] {subprocess.py:106} INFO - [0m05:50:19    Database Error in model customers (models/aggregations/customers.sql)
[2026-04-04T05:50:19.004+0000] {subprocess.py:106} INFO -   001003 (42000): SQL compilation error:
[2026-04-04T05:50:19.005+0000] {subprocess.py:106} INFO -   syntax error line 20 at position 2 unexpected ')'.
[2026-04-04T05:50:19.005+0000] {subprocess.py:106} INFO -   compiled code at target/run/trans_snowf/models/aggregations/customers.sql
[2026-04-04T05:50:19.005+0000] {subprocess.py:106} INFO - [0m05:50:19
[2026-04-04T05:50:19.005+0000] {subprocess.py:106} INFO - [0m05:50:19    compiled code at target/compiled/trans_snowf/models/aggregations/customers.sql
[2026-04-04T05:50:19.006+0000] {subprocess.py:106} INFO - [0m05:50:19
[2026-04-04T05:50:19.006+0000] {subprocess.py:106} INFO - [0m05:50:19  [31mFailure in model trans_amount (models/aggregations/trans_amount.sql)[0m
[2026-04-04T05:50:19.006+0000] {subprocess.py:106} INFO - [0m05:50:19    Database Error in model trans_amount (models/aggregations/trans_amount.sql)
[2026-04-04T05:50:19.006+0000] {subprocess.py:106} INFO -   001003 (42000): SQL compilation error:
[2026-04-04T05:50:19.007+0000] {subprocess.py:106} INFO -   syntax error line 15 at position 9 unexpected 'when'.
[2026-04-04T05:50:19.007+0000] {subprocess.py:106} INFO -   syntax error line 20 at position 1 unexpected ','.
[2026-04-04T05:50:19.007+0000] {subprocess.py:106} INFO -   compiled code at target/run/trans_snowf/models/aggregations/trans_amount.sql
[2026-04-04T05:50:19.007+0000] {subprocess.py:106} INFO - [0m05:50:19
[2026-04-04T05:50:19.008+0000] {subprocess.py:106} INFO - [0m05:50:19    compiled code at target/compiled/trans_snowf/models/aggregations/trans_amount.sql
[2026-04-04T05:50:19.008+0000] {subprocess.py:106} INFO - [0m05:50:19
[2026-04-04T05:50:19.008+0000] {subprocess.py:106} INFO - [0m05:50:19  Done. PASS=2 WARN=0 ERROR=3 SKIP=0 NO-OP=0 TOTAL=5
[2026-04-04T05:50:21.997+0000] {subprocess.py:110} INFO - Command exited with return code 1
[2026-04-04T05:50:22.007+0000] {taskinstance.py:441} INFO - ::group::Post task execution logs
[2026-04-04T05:50:22.054+0000] {taskinstance.py:2905} ERROR - Task failed with exception
Traceback (most recent call last):
  File "/home/airflow/.local/lib/python3.12/site-packages/airflow/models/taskinstance.py", line 465, in _execute_task
    result = _execute_callable(context=context, **execute_callable_kwargs)
             ^^^^^^^^^^^^^^^^^^^^^^^^^^^^^^^^^^^^^^^^^^^^^^^^^^^^^^^^^^^^^
  File "/home/airflow/.local/lib/python3.12/site-packages/airflow/models/taskinstance.py", line 432, in _execute_callable
    return execute_callable(context=context, **execute_callable_kwargs)
           ^^^^^^^^^^^^^^^^^^^^^^^^^^^^^^^^^^^^^^^^^^^^^^^^^^^^^^^^^^^^
  File "/home/airflow/.local/lib/python3.12/site-packages/airflow/models/baseoperator.py", line 401, in wrapper
    return func(self, *args, **kwargs)
           ^^^^^^^^^^^^^^^^^^^^^^^^^^^
  File "/home/airflow/.local/lib/python3.12/site-packages/airflow/providers/standard/operators/bash.py", line 233, in execute
    raise AirflowException(
airflow.exceptions.AirflowException: Bash command failed. The command returned a non-zero exit code 1.
[2026-04-04T05:50:22.059+0000] {taskinstance.py:1206} INFO - Marking task as UP_FOR_RETRY. dag_id=banking_02_aggregation_layer, task_id=build_aggregations, run_id=manual__2026-04-04T05:50:09.767171+00:00, execution_date=20260404T055009, start_date=20260404T055012, end_date=20260404T055022
[2026-04-04T05:50:22.079+0000] {standard_task_runner.py:110} ERROR - Failed to execute job 9681 for task build_aggregations (Bash command failed. The command returned a non-zero exit code 1.; 729)
[2026-04-04T05:50:22.095+0000] {local_task_job_runner.py:243} INFO - Task exited with return code 1
[2026-04-04T05:50:22.124+0000] {taskinstance.py:3503} INFO - 0 downstream tasks scheduled from follow-on schedule check
[2026-04-04T05:50:22.126+0000] {local_task_job_runner.py:222} INFO - ::endgroup::
