[2026-03-25T17:06:19.012+0000] {local_task_job_runner.py:120} INFO - ::group::Pre task execution logs
[2026-03-25T17:06:19.030+0000] {taskinstance.py:2076} INFO - Dependencies all met for dep_context=non-requeueable deps ti=<TaskInstance: transfer_from_minio_to_snowflake_customers.create_raw scheduled__2026-03-25T17:05:00+00:00 [queued]>
[2026-03-25T17:06:19.034+0000] {taskinstance.py:2076} INFO - Dependencies all met for dep_context=requeueable deps ti=<TaskInstance: transfer_from_minio_to_snowflake_customers.create_raw scheduled__2026-03-25T17:05:00+00:00 [queued]>
[2026-03-25T17:06:19.034+0000] {taskinstance.py:2306} INFO - Starting attempt 1 of 3
[2026-03-25T17:06:19.040+0000] {taskinstance.py:2330} INFO - Executing <Task(SQLExecuteQueryOperator): create_raw> on 2026-03-25 17:05:00+00:00
[2026-03-25T17:06:19.048+0000] {standard_task_runner.py:90} INFO - Running: ['***', 'tasks', 'run', 'transfer_from_minio_to_snowflake_customers', 'create_raw', 'scheduled__2026-03-25T17:05:00+00:00', '--job-id', '2681', '--raw', '--subdir', 'DAGS_FOLDER/transfer.py', '--cfg-path', '/tmp/tmpcft0qt0g']
[2026-03-25T17:06:19.053+0000] {standard_task_runner.py:91} INFO - Job 2681: Subtask create_raw
[2026-03-25T17:06:19.052+0000] {logging_mixin.py:188} WARNING - /home/***/.local/lib/python3.12/site-packages/***/task/task_runner/standard_task_runner.py:62 DeprecationWarning: This process (pid=25786) is multi-threaded, use of fork() may lead to deadlocks in the child.
[2026-03-25T17:06:19.053+0000] {standard_task_runner.py:64} INFO - Started process 25798 to run task
[2026-03-25T17:06:19.088+0000] {task_command.py:426} INFO - Running <TaskInstance: transfer_from_minio_to_snowflake_customers.create_raw scheduled__2026-03-25T17:05:00+00:00 [running]> on host c990dffe13ae
[2026-03-25T17:06:19.360+0000] {taskinstance.py:2648} INFO - Exporting env vars: AIRFLOW_CTX_DAG_OWNER='***' AIRFLOW_CTX_DAG_ID='transfer_from_minio_to_snowflake_customers' AIRFLOW_CTX_TASK_ID='create_raw' AIRFLOW_CTX_EXECUTION_DATE='2026-03-25T17:05:00+00:00' AIRFLOW_CTX_TRY_NUMBER='1' AIRFLOW_CTX_DAG_RUN_ID='scheduled__2026-03-25T17:05:00+00:00'
[2026-03-25T17:06:19.361+0000] {taskinstance.py:430} INFO - ::endgroup::
[2026-03-25T17:06:19.361+0000] {sql.py:282} INFO - Executing:  CREATE TABLE IF NOT EXISTS RAW_CUSTOMERS (
                    raw_json VARIANT,
                    inserted_at TIMESTAMP_NTZ DEFAULT CURRENT_TIMESTAMP());
                  
[2026-03-25T17:06:19.369+0000] {base.py:84} INFO - Using connection ID 'warehouse_id' for task execution.
[2026-03-25T17:06:19.421+0000] {base.py:84} INFO - Using connection ID 'warehouse_id' for task execution.
[2026-03-25T17:06:19.461+0000] {connection.py:613} INFO - Snowflake Connector for Python Version: 4.3.0, Python Version: 3.12.4, Platform: Linux-6.12.76-linuxkit-aarch64-with-glibc2.36
[2026-03-25T17:06:19.462+0000] {connection.py:1709} INFO - Connecting to GLOBAL Snowflake domain
[2026-03-25T17:06:22.436+0000] {sql.py:495} INFO - Running statement: CREATE TABLE IF NOT EXISTS RAW_CUSTOMERS (
                    raw_json VARIANT,
                    inserted_at TIMESTAMP_NTZ DEFAULT CURRENT_TIMESTAMP());, parameters: None
[2026-03-25T17:06:22.598+0000] {sql.py:504} INFO - Rows affected: 1
[2026-03-25T17:06:22.600+0000] {snowflake.py:422} INFO - Rows affected: 1
[2026-03-25T17:06:22.601+0000] {snowflake.py:423} INFO - Snowflake query id: 01c344a2-3202-7cb1-0014-90e60003f896
[2026-03-25T17:06:22.961+0000] {taskinstance.py:441} INFO - ::group::Post task execution logs
[2026-03-25T17:06:23.014+0000] {taskinstance.py:1206} INFO - Marking task as SUCCESS. dag_id=transfer_from_minio_to_snowflake_customers, task_id=create_raw, run_id=scheduled__2026-03-25T17:05:00+00:00, execution_date=20260325T170500, start_date=20260325T170619, end_date=20260325T170623
[2026-03-25T17:06:23.038+0000] {local_task_job_runner.py:243} INFO - Task exited with return code 0
[2026-03-25T17:06:23.081+0000] {taskinstance.py:3503} INFO - 1 downstream tasks scheduled from follow-on schedule check
[2026-03-25T17:06:23.082+0000] {local_task_job_runner.py:222} INFO - ::endgroup::
