[2026-04-03T06:00:33.855+0000] {local_task_job_runner.py:120} INFO - ::group::Pre task execution logs
[2026-04-03T06:00:33.876+0000] {taskinstance.py:2076} INFO - Dependencies all met for dep_context=non-requeueable deps ti=<TaskInstance: banking_01_bronze_layer.build_bronze_acc manual__2026-04-03T05:59:43.919076+00:00 [queued]>
[2026-04-03T06:00:33.879+0000] {taskinstance.py:2076} INFO - Dependencies all met for dep_context=requeueable deps ti=<TaskInstance: banking_01_bronze_layer.build_bronze_acc manual__2026-04-03T05:59:43.919076+00:00 [queued]>
[2026-04-03T06:00:33.879+0000] {taskinstance.py:2306} INFO - Starting attempt 1 of 2
[2026-04-03T06:00:33.885+0000] {taskinstance.py:2330} INFO - Executing <Task(BashOperator): build_bronze_acc> on 2026-04-03 05:59:43.919076+00:00
[2026-04-03T06:00:33.887+0000] {standard_task_runner.py:64} INFO - Started process 135 to run task
[2026-04-03T06:00:33.888+0000] {standard_task_runner.py:90} INFO - Running: ['***', 'tasks', 'run', 'banking_01_bronze_layer', 'build_bronze_acc', 'manual__2026-04-03T05:59:43.919076+00:00', '--job-id', '9568', '--raw', '--subdir', 'DAGS_FOLDER/dbt.py', '--cfg-path', '/tmp/tmpph_m8eyo']
[2026-04-03T06:00:33.890+0000] {standard_task_runner.py:91} INFO - Job 9568: Subtask build_bronze_acc
[2026-04-03T06:00:33.921+0000] {task_command.py:426} INFO - Running <TaskInstance: banking_01_bronze_layer.build_bronze_acc manual__2026-04-03T05:59:43.919076+00:00 [running]> on host c990dffe13ae
[2026-04-03T06:00:33.964+0000] {taskinstance.py:2648} INFO - Exporting env vars: AIRFLOW_CTX_DAG_OWNER='risheek' AIRFLOW_CTX_DAG_ID='banking_01_bronze_layer' AIRFLOW_CTX_TASK_ID='build_bronze_acc' AIRFLOW_CTX_EXECUTION_DATE='2026-04-03T05:59:43.919076+00:00' AIRFLOW_CTX_TRY_NUMBER='1' AIRFLOW_CTX_DAG_RUN_ID='manual__2026-04-03T05:59:43.919076+00:00'
[2026-04-03T06:00:33.965+0000] {taskinstance.py:430} INFO - ::endgroup::
[2026-04-03T06:00:33.965+0000] {subprocess.py:78} INFO - Tmp dir root location: /tmp
[2026-04-03T06:00:33.966+0000] {subprocess.py:88} INFO - Running command: ['/usr/bin/bash', '-c', 'dbt build --select bronze_acc']
[2026-04-03T06:00:33.969+0000] {subprocess.py:99} INFO - Output:
[2026-04-03T06:00:35.132+0000] {subprocess.py:106} INFO - [0m06:00:35  Running with dbt=1.11.7
[2026-04-03T06:00:35.617+0000] {subprocess.py:106} INFO - [0m06:00:35  Registered adapter: snowflake=1.11.3
[2026-04-03T06:00:35.747+0000] {subprocess.py:106} INFO - [0m06:00:35  [[33mWARNING[0m]: Configuration paths exist in your dbt_project.yml file which do not apply to any resources.
[2026-04-03T06:00:35.747+0000] {subprocess.py:106} INFO - There are 1 unused configuration paths:
[2026-04-03T06:00:35.747+0000] {subprocess.py:106} INFO - - models.trans_snowf.example
[2026-04-03T06:00:35.848+0000] {subprocess.py:106} INFO - [0m06:00:35  Found 14 models, 3 sources, 522 macros
[2026-04-03T06:00:35.849+0000] {subprocess.py:106} INFO - [0m06:00:35
[2026-04-03T06:00:35.849+0000] {subprocess.py:106} INFO - [0m06:00:35  Concurrency: 1 threads (target='dev')
[2026-04-03T06:00:35.850+0000] {subprocess.py:106} INFO - [0m06:00:35
[2026-04-03T06:00:38.188+0000] {subprocess.py:106} INFO - [0m06:00:38  1 of 1 START sql incremental model PUBLIC_BRONZE.bronze_acc .................... [RUN]
[2026-04-03T06:00:38.460+0000] {subprocess.py:106} INFO - [0m06:00:38  1 of 1 ERROR creating sql incremental model PUBLIC_BRONZE.bronze_acc ........... [[31mERROR[0m in 0.27s]
[2026-04-03T06:00:38.804+0000] {subprocess.py:106} INFO - [0m06:00:38
[2026-04-03T06:00:38.805+0000] {subprocess.py:106} INFO - [0m06:00:38  Finished running 1 incremental model in 0 hours 0 minutes and 2.95 seconds (2.95s).
[2026-04-03T06:00:38.865+0000] {subprocess.py:106} INFO - [0m06:00:38
[2026-04-03T06:00:38.865+0000] {subprocess.py:106} INFO - [0m06:00:38  [31mCompleted with 1 error, 0 partial successes, and 0 warnings:[0m
[2026-04-03T06:00:38.866+0000] {subprocess.py:106} INFO - [0m06:00:38
[2026-04-03T06:00:38.866+0000] {subprocess.py:106} INFO - [0m06:00:38  [31mFailure in model bronze_acc (models/staging/bronze_acc.sql)[0m
[2026-04-03T06:00:38.867+0000] {subprocess.py:106} INFO - [0m06:00:38    Database Error in model bronze_acc (models/staging/bronze_acc.sql)
[2026-04-03T06:00:38.867+0000] {subprocess.py:106} INFO -   002141 (42601): SQL compilation error:
[2026-04-03T06:00:38.867+0000] {subprocess.py:106} INFO -   Unknown user-defined function BANKING.PUBLIC.DECODED.
[2026-04-03T06:00:38.867+0000] {subprocess.py:106} INFO - [0m06:00:38
[2026-04-03T06:00:38.867+0000] {subprocess.py:106} INFO - [0m06:00:38    compiled code at target/compiled/trans_snowf/models/staging/bronze_acc.sql
[2026-04-03T06:00:38.868+0000] {subprocess.py:106} INFO - [0m06:00:38
[2026-04-03T06:00:38.868+0000] {subprocess.py:106} INFO - [0m06:00:38  Done. PASS=0 WARN=0 ERROR=1 SKIP=0 NO-OP=0 TOTAL=1
[2026-04-03T06:00:44.926+0000] {subprocess.py:110} INFO - Command exited with return code 1
[2026-04-03T06:00:44.933+0000] {taskinstance.py:441} INFO - ::group::Post task execution logs
[2026-04-03T06:00:45.034+0000] {taskinstance.py:2905} ERROR - Task failed with exception
Traceback (most recent call last):
  File "/home/airflow/.local/lib/python3.12/site-packages/airflow/models/taskinstance.py", line 465, in _execute_task
    result = _execute_callable(context=context, **execute_callable_kwargs)
             ^^^^^^^^^^^^^^^^^^^^^^^^^^^^^^^^^^^^^^^^^^^^^^^^^^^^^^^^^^^^^
  File "/home/airflow/.local/lib/python3.12/site-packages/airflow/models/taskinstance.py", line 432, in _execute_callable
    return execute_callable(context=context, **execute_callable_kwargs)
           ^^^^^^^^^^^^^^^^^^^^^^^^^^^^^^^^^^^^^^^^^^^^^^^^^^^^^^^^^^^^
  File "/home/airflow/.local/lib/python3.12/site-packages/airflow/models/baseoperator.py", line 401, in wrapper
    return func(self, *args, **kwargs)
           ^^^^^^^^^^^^^^^^^^^^^^^^^^^
  File "/home/airflow/.local/lib/python3.12/site-packages/airflow/providers/standard/operators/bash.py", line 233, in execute
    raise AirflowException(
airflow.exceptions.AirflowException: Bash command failed. The command returned a non-zero exit code 1.
[2026-04-03T06:00:45.046+0000] {taskinstance.py:1206} INFO - Marking task as UP_FOR_RETRY. dag_id=banking_01_bronze_layer, task_id=build_bronze_acc, run_id=manual__2026-04-03T05:59:43.919076+00:00, execution_date=20260403T055943, start_date=20260403T060033, end_date=20260403T060045
[2026-04-03T06:00:45.069+0000] {standard_task_runner.py:110} ERROR - Failed to execute job 9568 for task build_bronze_acc (Bash command failed. The command returned a non-zero exit code 1.; 135)
[2026-04-03T06:00:45.083+0000] {local_task_job_runner.py:243} INFO - Task exited with return code 1
[2026-04-03T06:00:45.132+0000] {taskinstance.py:3503} INFO - 0 downstream tasks scheduled from follow-on schedule check
[2026-04-03T06:00:45.134+0000] {local_task_job_runner.py:222} INFO - ::endgroup::
