[2026-02-08T12:20:14.509+0000] {local_task_job_runner.py:120} INFO - ::group::Pre task execution logs
[2026-02-08T12:20:14.523+0000] {taskinstance.py:2076} INFO - Dependencies all met for dep_context=non-requeueable deps ti=<TaskInstance: transfer_from_minio_to_snowflake.copy scheduled__2026-02-08T12:19:00+00:00 [queued]>
[2026-02-08T12:20:14.526+0000] {taskinstance.py:2076} INFO - Dependencies all met for dep_context=requeueable deps ti=<TaskInstance: transfer_from_minio_to_snowflake.copy scheduled__2026-02-08T12:19:00+00:00 [queued]>
[2026-02-08T12:20:14.527+0000] {taskinstance.py:2306} INFO - Starting attempt 1 of 3
[2026-02-08T12:20:14.531+0000] {taskinstance.py:2330} INFO - Executing <Task(CopyFromExternalStageToSnowflakeOperator): copy> on 2026-02-08 12:19:00+00:00
[2026-02-08T12:20:14.535+0000] {logging_mixin.py:188} WARNING - /home/***/.local/lib/python3.12/site-packages/***/task/task_runner/standard_task_runner.py:62 DeprecationWarning: This process (pid=900) is multi-threaded, use of fork() may lead to deadlocks in the child.
[2026-02-08T12:20:14.535+0000] {standard_task_runner.py:64} INFO - Started process 912 to run task
[2026-02-08T12:20:14.535+0000] {standard_task_runner.py:90} INFO - Running: ['***', 'tasks', 'run', 'transfer_from_minio_to_snowflake', 'copy', 'scheduled__2026-02-08T12:19:00+00:00', '--job-id', '186', '--raw', '--subdir', 'DAGS_FOLDER/transfer.py', '--cfg-path', '/tmp/tmp45tgfu6g']
[2026-02-08T12:20:14.537+0000] {standard_task_runner.py:91} INFO - Job 186: Subtask copy
[2026-02-08T12:20:14.561+0000] {task_command.py:426} INFO - Running <TaskInstance: transfer_from_minio_to_snowflake.copy scheduled__2026-02-08T12:19:00+00:00 [running]> on host 83f212180a9d
[2026-02-08T12:20:14.688+0000] {taskinstance.py:2648} INFO - Exporting env vars: AIRFLOW_CTX_DAG_OWNER='***' AIRFLOW_CTX_DAG_ID='transfer_from_minio_to_snowflake' AIRFLOW_CTX_TASK_ID='copy' AIRFLOW_CTX_EXECUTION_DATE='2026-02-08T12:19:00+00:00' AIRFLOW_CTX_TRY_NUMBER='1' AIRFLOW_CTX_DAG_RUN_ID='scheduled__2026-02-08T12:19:00+00:00'
[2026-02-08T12:20:14.688+0000] {taskinstance.py:430} INFO - ::endgroup::
[2026-02-08T12:20:14.689+0000] {copy_into_snowflake.py:142} INFO - Executing COPY command...
[2026-02-08T12:20:14.694+0000] {base.py:84} INFO - Using connection ID 'warehouse_id' for task execution.
[2026-02-08T12:20:14.731+0000] {connection.py:611} INFO - Snowflake Connector for Python Version: 4.2.0, Python Version: 3.12.4, Platform: Linux-6.12.67-linuxkit-aarch64-with-glibc2.36
[2026-02-08T12:20:14.731+0000] {connection.py:1695} INFO - Connecting to GLOBAL Snowflake domain
[2026-02-08T12:20:15.695+0000] {sql.py:495} INFO - Running statement: COPY INTO BRONZE
             FROM  @incoming/
        
        
        FILE_FORMAT=(TYPE= 'JSON')
        ON_ERROR= 'continue', parameters: None
[2026-02-08T12:20:16.854+0000] {sql.py:504} INFO - Rows affected: 1
[2026-02-08T12:20:16.856+0000] {snowflake.py:422} INFO - Rows affected: 1
[2026-02-08T12:20:16.856+0000] {snowflake.py:423} INFO - Snowflake query id: 01c24664-0001-8de1-000c-39020002413a
[2026-02-08T12:20:17.098+0000] {copy_into_snowflake.py:149} INFO - COPY command completed
[2026-02-08T12:20:17.099+0000] {taskinstance.py:441} INFO - ::group::Post task execution logs
[2026-02-08T12:20:17.116+0000] {taskinstance.py:1206} INFO - Marking task as SUCCESS. dag_id=transfer_from_minio_to_snowflake, task_id=copy, run_id=scheduled__2026-02-08T12:19:00+00:00, execution_date=20260208T121900, start_date=20260208T122014, end_date=20260208T122017
[2026-02-08T12:20:17.172+0000] {local_task_job_runner.py:243} INFO - Task exited with return code 0
[2026-02-08T12:20:17.191+0000] {taskinstance.py:3503} INFO - 0 downstream tasks scheduled from follow-on schedule check
[2026-02-08T12:20:17.192+0000] {local_task_job_runner.py:222} INFO - ::endgroup::
