[2026-03-30T21:48:24.100+0000] {local_task_job_runner.py:120} INFO - ::group::Pre task execution logs
[2026-03-30T21:48:24.121+0000] {taskinstance.py:2076} INFO - Dependencies all met for dep_context=non-requeueable deps ti=<TaskInstance: banking_01_bronze_layer.debug scheduled__2026-03-30T20:00:00+00:00 [queued]>
[2026-03-30T21:48:24.125+0000] {taskinstance.py:2076} INFO - Dependencies all met for dep_context=requeueable deps ti=<TaskInstance: banking_01_bronze_layer.debug scheduled__2026-03-30T20:00:00+00:00 [queued]>
[2026-03-30T21:48:24.125+0000] {taskinstance.py:2306} INFO - Starting attempt 2 of 2
[2026-03-30T21:48:24.131+0000] {taskinstance.py:2330} INFO - Executing <Task(BashOperator): debug> on 2026-03-30 20:00:00+00:00
[2026-03-30T21:48:24.135+0000] {standard_task_runner.py:64} INFO - Started process 26350 to run task
[2026-03-30T21:48:24.137+0000] {standard_task_runner.py:90} INFO - Running: ['***', 'tasks', 'run', 'banking_01_bronze_layer', 'debug', 'scheduled__2026-03-30T20:00:00+00:00', '--job-id', '8786', '--raw', '--subdir', 'DAGS_FOLDER/dbt.py', '--cfg-path', '/tmp/tmp753txd3v']
[2026-03-30T21:48:24.142+0000] {standard_task_runner.py:91} INFO - Job 8786: Subtask debug
[2026-03-30T21:48:24.196+0000] {task_command.py:426} INFO - Running <TaskInstance: banking_01_bronze_layer.debug scheduled__2026-03-30T20:00:00+00:00 [running]> on host c990dffe13ae
[2026-03-30T21:48:24.269+0000] {taskinstance.py:2648} INFO - Exporting env vars: AIRFLOW_CTX_DAG_OWNER='risheek' AIRFLOW_CTX_DAG_ID='banking_01_bronze_layer' AIRFLOW_CTX_TASK_ID='debug' AIRFLOW_CTX_EXECUTION_DATE='2026-03-30T20:00:00+00:00' AIRFLOW_CTX_TRY_NUMBER='2' AIRFLOW_CTX_DAG_RUN_ID='scheduled__2026-03-30T20:00:00+00:00'
[2026-03-30T21:48:24.270+0000] {taskinstance.py:430} INFO - ::endgroup::
[2026-03-30T21:48:24.271+0000] {subprocess.py:78} INFO - Tmp dir root location: /tmp
[2026-03-30T21:48:24.271+0000] {subprocess.py:88} INFO - Running command: ['/usr/bin/bash', '-c', 'dbt debug --profiles-dir /opt/***/dbt/trans_snowf']
[2026-03-30T21:48:24.275+0000] {subprocess.py:99} INFO - Output:
[2026-03-30T21:48:26.129+0000] {subprocess.py:106} INFO - [0m21:48:26  Running with dbt=1.11.7
[2026-03-30T21:48:26.140+0000] {subprocess.py:106} INFO - [0m21:48:26  dbt version: 1.11.7
[2026-03-30T21:48:26.141+0000] {subprocess.py:106} INFO - [0m21:48:26  python version: 3.12.4
[2026-03-30T21:48:26.141+0000] {subprocess.py:106} INFO - [0m21:48:26  python path: /home/***/.local/bin/python
[2026-03-30T21:48:26.142+0000] {subprocess.py:106} INFO - [0m21:48:26  os info: Linux-6.12.76-linuxkit-aarch64-with-glibc2.36
[2026-03-30T21:48:26.626+0000] {subprocess.py:106} INFO - [0m21:48:26  Using profiles dir at /opt/***/dbt/trans_snowf
[2026-03-30T21:48:26.627+0000] {subprocess.py:106} INFO - [0m21:48:26  Using profiles.yml file at /opt/***/dbt/trans_snowf/profiles.yml
[2026-03-30T21:48:26.628+0000] {subprocess.py:106} INFO - [0m21:48:26  Using dbt_project.yml file at /opt/***/dbt/trans_snowf/dbt_project.yml
[2026-03-30T21:48:26.628+0000] {subprocess.py:106} INFO - [0m21:48:26  adapter type: snowflake
[2026-03-30T21:48:26.629+0000] {subprocess.py:106} INFO - [0m21:48:26  adapter version: 1.11.3
[2026-03-30T21:48:26.682+0000] {subprocess.py:106} INFO - [0m21:48:26  Configuration:
[2026-03-30T21:48:26.682+0000] {subprocess.py:106} INFO - [0m21:48:26    profiles.yml file [[32mOK found and valid[0m]
[2026-03-30T21:48:26.683+0000] {subprocess.py:106} INFO - [0m21:48:26    dbt_project.yml file [[32mOK found and valid[0m]
[2026-03-30T21:48:26.683+0000] {subprocess.py:106} INFO - [0m21:48:26  Required dependencies:
[2026-03-30T21:48:26.684+0000] {subprocess.py:106} INFO - [0m21:48:26   - git [[31mERROR[0m]
[2026-03-30T21:48:26.684+0000] {subprocess.py:106} INFO - 
[2026-03-30T21:48:26.684+0000] {subprocess.py:106} INFO - [0m21:48:26  Connection:
[2026-03-30T21:48:26.685+0000] {subprocess.py:106} INFO - [0m21:48:26    account: BBMCDSP-CT02489
[2026-03-30T21:48:26.685+0000] {subprocess.py:106} INFO - [0m21:48:26    user: user123
[2026-03-30T21:48:26.686+0000] {subprocess.py:106} INFO - [0m21:48:26    database: BANKING
[2026-03-30T21:48:26.686+0000] {subprocess.py:106} INFO - [0m21:48:26    warehouse: COMPUTE_WH
[2026-03-30T21:48:26.686+0000] {subprocess.py:106} INFO - [0m21:48:26    role: dbtadmin
[2026-03-30T21:48:26.687+0000] {subprocess.py:106} INFO - [0m21:48:26    schema: PUBLIC
[2026-03-30T21:48:26.687+0000] {subprocess.py:106} INFO - [0m21:48:26    authenticator: None
[2026-03-30T21:48:26.687+0000] {subprocess.py:106} INFO - [0m21:48:26    oauth_client_id: None
[2026-03-30T21:48:26.688+0000] {subprocess.py:106} INFO - [0m21:48:26    query_tag: None
[2026-03-30T21:48:26.688+0000] {subprocess.py:106} INFO - [0m21:48:26    client_session_keep_alive: False
[2026-03-30T21:48:26.688+0000] {subprocess.py:106} INFO - [0m21:48:26    host: None
[2026-03-30T21:48:26.689+0000] {subprocess.py:106} INFO - [0m21:48:26    port: None
[2026-03-30T21:48:26.689+0000] {subprocess.py:106} INFO - [0m21:48:26    proxy_host: None
[2026-03-30T21:48:26.689+0000] {subprocess.py:106} INFO - [0m21:48:26    proxy_port: None
[2026-03-30T21:48:26.690+0000] {subprocess.py:106} INFO - [0m21:48:26    protocol: None
[2026-03-30T21:48:26.690+0000] {subprocess.py:106} INFO - [0m21:48:26    connect_retries: 1
[2026-03-30T21:48:26.690+0000] {subprocess.py:106} INFO - [0m21:48:26    connect_timeout: None
[2026-03-30T21:48:26.691+0000] {subprocess.py:106} INFO - [0m21:48:26    retry_on_database_errors: False
[2026-03-30T21:48:26.691+0000] {subprocess.py:106} INFO - [0m21:48:26    retry_all: False
[2026-03-30T21:48:26.691+0000] {subprocess.py:106} INFO - [0m21:48:26    insecure_mode: False
[2026-03-30T21:48:26.692+0000] {subprocess.py:106} INFO - [0m21:48:26    reuse_connections: True
[2026-03-30T21:48:26.692+0000] {subprocess.py:106} INFO - [0m21:48:26    s3_stage_vpce_dns_name: None
[2026-03-30T21:48:26.692+0000] {subprocess.py:106} INFO - [0m21:48:26    platform_detection_timeout_seconds: 0.0
[2026-03-30T21:48:26.693+0000] {subprocess.py:106} INFO - [0m21:48:26  Registered adapter: snowflake=1.11.3
[2026-03-30T21:48:29.477+0000] {subprocess.py:106} INFO - [0m21:48:29    Connection test: [[32mOK connection ok[0m]
[2026-03-30T21:48:29.481+0000] {subprocess.py:106} INFO - 
[2026-03-30T21:48:29.482+0000] {subprocess.py:106} INFO - [0m21:48:29  [31m1 check failed:[0m
[2026-03-30T21:48:29.482+0000] {subprocess.py:106} INFO - [0m21:48:29  Error from git --help: Could not find command, ensure it is in the user's PATH: "git"
[2026-03-30T21:48:29.483+0000] {subprocess.py:106} INFO - 
[2026-03-30T21:48:32.465+0000] {subprocess.py:110} INFO - Command exited with return code 1
[2026-03-30T21:48:32.469+0000] {taskinstance.py:441} INFO - ::group::Post task execution logs
[2026-03-30T21:48:32.511+0000] {taskinstance.py:2905} ERROR - Task failed with exception
Traceback (most recent call last):
  File "/home/airflow/.local/lib/python3.12/site-packages/airflow/models/taskinstance.py", line 465, in _execute_task
    result = _execute_callable(context=context, **execute_callable_kwargs)
             ^^^^^^^^^^^^^^^^^^^^^^^^^^^^^^^^^^^^^^^^^^^^^^^^^^^^^^^^^^^^^
  File "/home/airflow/.local/lib/python3.12/site-packages/airflow/models/taskinstance.py", line 432, in _execute_callable
    return execute_callable(context=context, **execute_callable_kwargs)
           ^^^^^^^^^^^^^^^^^^^^^^^^^^^^^^^^^^^^^^^^^^^^^^^^^^^^^^^^^^^^
  File "/home/airflow/.local/lib/python3.12/site-packages/airflow/models/baseoperator.py", line 401, in wrapper
    return func(self, *args, **kwargs)
           ^^^^^^^^^^^^^^^^^^^^^^^^^^^
  File "/home/airflow/.local/lib/python3.12/site-packages/airflow/providers/standard/operators/bash.py", line 233, in execute
    raise AirflowException(
airflow.exceptions.AirflowException: Bash command failed. The command returned a non-zero exit code 1.
[2026-03-30T21:48:32.517+0000] {taskinstance.py:1206} INFO - Marking task as FAILED. dag_id=banking_01_bronze_layer, task_id=debug, run_id=scheduled__2026-03-30T20:00:00+00:00, execution_date=20260330T200000, start_date=20260330T214824, end_date=20260330T214832
[2026-03-30T21:48:32.568+0000] {standard_task_runner.py:110} ERROR - Failed to execute job 8786 for task debug (Bash command failed. The command returned a non-zero exit code 1.; 26350)
[2026-03-30T21:48:32.612+0000] {local_task_job_runner.py:243} INFO - Task exited with return code 1
[2026-03-30T21:48:32.648+0000] {taskinstance.py:3503} INFO - 0 downstream tasks scheduled from follow-on schedule check
[2026-03-30T21:48:32.649+0000] {local_task_job_runner.py:222} INFO - ::endgroup::
