[2026-03-28T10:53:19.852+0000] {local_task_job_runner.py:120} INFO - ::group::Pre task execution logs
[2026-03-28T10:53:19.874+0000] {taskinstance.py:2076} INFO - Dependencies all met for dep_context=non-requeueable deps ti=<TaskInstance: banking_01_bronze_layer.debug scheduled__2026-03-28T06:00:00+00:00 [queued]>
[2026-03-28T10:53:19.879+0000] {taskinstance.py:2076} INFO - Dependencies all met for dep_context=requeueable deps ti=<TaskInstance: banking_01_bronze_layer.debug scheduled__2026-03-28T06:00:00+00:00 [queued]>
[2026-03-28T10:53:19.879+0000] {taskinstance.py:2306} INFO - Starting attempt 2 of 2
[2026-03-28T10:53:19.887+0000] {taskinstance.py:2330} INFO - Executing <Task(BashOperator): debug> on 2026-03-28 06:00:00+00:00
[2026-03-28T10:53:19.889+0000] {standard_task_runner.py:64} INFO - Started process 56765 to run task
[2026-03-28T10:53:19.891+0000] {standard_task_runner.py:90} INFO - Running: ['***', 'tasks', 'run', 'banking_01_bronze_layer', 'debug', 'scheduled__2026-03-28T06:00:00+00:00', '--job-id', '6358', '--raw', '--subdir', 'DAGS_FOLDER/dbt.py', '--cfg-path', '/tmp/tmpd4is_5dk']
[2026-03-28T10:53:19.892+0000] {standard_task_runner.py:91} INFO - Job 6358: Subtask debug
[2026-03-28T10:53:19.928+0000] {task_command.py:426} INFO - Running <TaskInstance: banking_01_bronze_layer.debug scheduled__2026-03-28T06:00:00+00:00 [running]> on host c990dffe13ae
[2026-03-28T10:53:19.990+0000] {taskinstance.py:2648} INFO - Exporting env vars: AIRFLOW_CTX_DAG_OWNER='risheek' AIRFLOW_CTX_DAG_ID='banking_01_bronze_layer' AIRFLOW_CTX_TASK_ID='debug' AIRFLOW_CTX_EXECUTION_DATE='2026-03-28T06:00:00+00:00' AIRFLOW_CTX_TRY_NUMBER='2' AIRFLOW_CTX_DAG_RUN_ID='scheduled__2026-03-28T06:00:00+00:00'
[2026-03-28T10:53:19.991+0000] {taskinstance.py:430} INFO - ::endgroup::
[2026-03-28T10:53:19.992+0000] {subprocess.py:78} INFO - Tmp dir root location: /tmp
[2026-03-28T10:53:19.992+0000] {subprocess.py:88} INFO - Running command: ['/usr/bin/bash', '-c', 'dbt debug --profiles-dir /opt/***/dbt/trans_snowf']
[2026-03-28T10:53:19.998+0000] {subprocess.py:99} INFO - Output:
[2026-03-28T10:53:21.861+0000] {subprocess.py:106} INFO - [0m10:53:21  Running with dbt=1.11.7
[2026-03-28T10:53:21.870+0000] {subprocess.py:106} INFO - [0m10:53:21  dbt version: 1.11.7
[2026-03-28T10:53:21.870+0000] {subprocess.py:106} INFO - [0m10:53:21  python version: 3.12.4
[2026-03-28T10:53:21.871+0000] {subprocess.py:106} INFO - [0m10:53:21  python path: /home/***/.local/bin/python
[2026-03-28T10:53:21.871+0000] {subprocess.py:106} INFO - [0m10:53:21  os info: Linux-6.12.76-linuxkit-aarch64-with-glibc2.36
[2026-03-28T10:53:22.413+0000] {subprocess.py:106} INFO - [0m10:53:22  Using profiles dir at /opt/***/dbt/trans_snowf
[2026-03-28T10:53:22.414+0000] {subprocess.py:106} INFO - [0m10:53:22  Using profiles.yml file at /opt/***/dbt/trans_snowf/profiles.yml
[2026-03-28T10:53:22.415+0000] {subprocess.py:106} INFO - [0m10:53:22  Using dbt_project.yml file at /opt/***/dbt/trans_snowf/dbt_project.yml
[2026-03-28T10:53:22.415+0000] {subprocess.py:106} INFO - [0m10:53:22  adapter type: snowflake
[2026-03-28T10:53:22.416+0000] {subprocess.py:106} INFO - [0m10:53:22  adapter version: 1.11.3
[2026-03-28T10:53:22.490+0000] {subprocess.py:106} INFO - [0m10:53:22  Configuration:
[2026-03-28T10:53:22.491+0000] {subprocess.py:106} INFO - [0m10:53:22    profiles.yml file [[32mOK found and valid[0m]
[2026-03-28T10:53:22.491+0000] {subprocess.py:106} INFO - [0m10:53:22    dbt_project.yml file [[32mOK found and valid[0m]
[2026-03-28T10:53:22.492+0000] {subprocess.py:106} INFO - [0m10:53:22  Required dependencies:
[2026-03-28T10:53:22.493+0000] {subprocess.py:106} INFO - [0m10:53:22   - git [[31mERROR[0m]
[2026-03-28T10:53:22.493+0000] {subprocess.py:106} INFO - 
[2026-03-28T10:53:22.494+0000] {subprocess.py:106} INFO - [0m10:53:22  Connection:
[2026-03-28T10:53:22.494+0000] {subprocess.py:106} INFO - [0m10:53:22    account: BBMCDSP-CT02489
[2026-03-28T10:53:22.495+0000] {subprocess.py:106} INFO - [0m10:53:22    user: user123
[2026-03-28T10:53:22.495+0000] {subprocess.py:106} INFO - [0m10:53:22    database: BANKING
[2026-03-28T10:53:22.496+0000] {subprocess.py:106} INFO - [0m10:53:22    warehouse: COMPUTE_WH
[2026-03-28T10:53:22.496+0000] {subprocess.py:106} INFO - [0m10:53:22    role: dbtadmin
[2026-03-28T10:53:22.497+0000] {subprocess.py:106} INFO - [0m10:53:22    schema: PUBLIC
[2026-03-28T10:53:22.497+0000] {subprocess.py:106} INFO - [0m10:53:22    authenticator: None
[2026-03-28T10:53:22.497+0000] {subprocess.py:106} INFO - [0m10:53:22    oauth_client_id: None
[2026-03-28T10:53:22.498+0000] {subprocess.py:106} INFO - [0m10:53:22    query_tag: None
[2026-03-28T10:53:22.498+0000] {subprocess.py:106} INFO - [0m10:53:22    client_session_keep_alive: False
[2026-03-28T10:53:22.499+0000] {subprocess.py:106} INFO - [0m10:53:22    host: None
[2026-03-28T10:53:22.499+0000] {subprocess.py:106} INFO - [0m10:53:22    port: None
[2026-03-28T10:53:22.500+0000] {subprocess.py:106} INFO - [0m10:53:22    proxy_host: None
[2026-03-28T10:53:22.500+0000] {subprocess.py:106} INFO - [0m10:53:22    proxy_port: None
[2026-03-28T10:53:22.500+0000] {subprocess.py:106} INFO - [0m10:53:22    protocol: None
[2026-03-28T10:53:22.501+0000] {subprocess.py:106} INFO - [0m10:53:22    connect_retries: 1
[2026-03-28T10:53:22.502+0000] {subprocess.py:106} INFO - [0m10:53:22    connect_timeout: None
[2026-03-28T10:53:22.502+0000] {subprocess.py:106} INFO - [0m10:53:22    retry_on_database_errors: False
[2026-03-28T10:53:22.503+0000] {subprocess.py:106} INFO - [0m10:53:22    retry_all: False
[2026-03-28T10:53:22.503+0000] {subprocess.py:106} INFO - [0m10:53:22    insecure_mode: False
[2026-03-28T10:53:22.504+0000] {subprocess.py:106} INFO - [0m10:53:22    reuse_connections: True
[2026-03-28T10:53:22.504+0000] {subprocess.py:106} INFO - [0m10:53:22    s3_stage_vpce_dns_name: None
[2026-03-28T10:53:22.504+0000] {subprocess.py:106} INFO - [0m10:53:22    platform_detection_timeout_seconds: 0.0
[2026-03-28T10:53:22.505+0000] {subprocess.py:106} INFO - [0m10:53:22  Registered adapter: snowflake=1.11.3
[2026-03-28T10:53:23.595+0000] {subprocess.py:106} INFO - [0m10:53:23    Connection test: [[32mOK connection ok[0m]
[2026-03-28T10:53:23.596+0000] {subprocess.py:106} INFO - 
[2026-03-28T10:53:23.596+0000] {subprocess.py:106} INFO - [0m10:53:23  [31m1 check failed:[0m
[2026-03-28T10:53:23.597+0000] {subprocess.py:106} INFO - [0m10:53:23  Error from git --help: Could not find command, ensure it is in the user's PATH: "git"
[2026-03-28T10:53:23.598+0000] {subprocess.py:106} INFO - 
[2026-03-28T10:53:25.872+0000] {subprocess.py:110} INFO - Command exited with return code 1
[2026-03-28T10:53:25.873+0000] {taskinstance.py:441} INFO - ::group::Post task execution logs
[2026-03-28T10:53:25.887+0000] {taskinstance.py:2905} ERROR - Task failed with exception
Traceback (most recent call last):
  File "/home/airflow/.local/lib/python3.12/site-packages/airflow/models/taskinstance.py", line 465, in _execute_task
    result = _execute_callable(context=context, **execute_callable_kwargs)
             ^^^^^^^^^^^^^^^^^^^^^^^^^^^^^^^^^^^^^^^^^^^^^^^^^^^^^^^^^^^^^
  File "/home/airflow/.local/lib/python3.12/site-packages/airflow/models/taskinstance.py", line 432, in _execute_callable
    return execute_callable(context=context, **execute_callable_kwargs)
           ^^^^^^^^^^^^^^^^^^^^^^^^^^^^^^^^^^^^^^^^^^^^^^^^^^^^^^^^^^^^
  File "/home/airflow/.local/lib/python3.12/site-packages/airflow/models/baseoperator.py", line 401, in wrapper
    return func(self, *args, **kwargs)
           ^^^^^^^^^^^^^^^^^^^^^^^^^^^
  File "/home/airflow/.local/lib/python3.12/site-packages/airflow/providers/standard/operators/bash.py", line 233, in execute
    raise AirflowException(
airflow.exceptions.AirflowException: Bash command failed. The command returned a non-zero exit code 1.
[2026-03-28T10:53:25.894+0000] {taskinstance.py:1206} INFO - Marking task as FAILED. dag_id=banking_01_bronze_layer, task_id=debug, run_id=scheduled__2026-03-28T06:00:00+00:00, execution_date=20260328T060000, start_date=20260328T105319, end_date=20260328T105325
[2026-03-28T10:53:25.911+0000] {standard_task_runner.py:110} ERROR - Failed to execute job 6358 for task debug (Bash command failed. The command returned a non-zero exit code 1.; 56765)
[2026-03-28T10:53:25.955+0000] {local_task_job_runner.py:243} INFO - Task exited with return code 1
[2026-03-28T10:53:25.970+0000] {taskinstance.py:3503} INFO - 0 downstream tasks scheduled from follow-on schedule check
[2026-03-28T10:53:25.972+0000] {local_task_job_runner.py:222} INFO - ::endgroup::
