[2026-03-30T07:25:12.984+0000] {local_task_job_runner.py:120} INFO - ::group::Pre task execution logs
[2026-03-30T07:25:13.000+0000] {taskinstance.py:2076} INFO - Dependencies all met for dep_context=non-requeueable deps ti=<TaskInstance: transfer_from_minio_to_snowflake_customers.create_raw scheduled__2026-03-30T07:24:00+00:00 [queued]>
[2026-03-30T07:25:13.003+0000] {taskinstance.py:2076} INFO - Dependencies all met for dep_context=requeueable deps ti=<TaskInstance: transfer_from_minio_to_snowflake_customers.create_raw scheduled__2026-03-30T07:24:00+00:00 [queued]>
[2026-03-30T07:25:13.004+0000] {taskinstance.py:2306} INFO - Starting attempt 1 of 3
[2026-03-30T07:25:13.009+0000] {taskinstance.py:2330} INFO - Executing <Task(SQLExecuteQueryOperator): create_raw> on 2026-03-30 07:24:00+00:00
[2026-03-30T07:25:13.014+0000] {standard_task_runner.py:90} INFO - Running: ['***', 'tasks', 'run', 'transfer_from_minio_to_snowflake_customers', 'create_raw', 'scheduled__2026-03-30T07:24:00+00:00', '--job-id', '7776', '--raw', '--subdir', 'DAGS_FOLDER/transfer.py', '--cfg-path', '/tmp/tmpt7wp7izj']
[2026-03-30T07:25:13.019+0000] {standard_task_runner.py:91} INFO - Job 7776: Subtask create_raw
[2026-03-30T07:25:13.018+0000] {logging_mixin.py:188} WARNING - /home/***/.local/lib/python3.12/site-packages/***/task/task_runner/standard_task_runner.py:62 DeprecationWarning: This process (pid=5968) is multi-threaded, use of fork() may lead to deadlocks in the child.
[2026-03-30T07:25:13.019+0000] {standard_task_runner.py:64} INFO - Started process 5980 to run task
[2026-03-30T07:25:13.066+0000] {task_command.py:426} INFO - Running <TaskInstance: transfer_from_minio_to_snowflake_customers.create_raw scheduled__2026-03-30T07:24:00+00:00 [running]> on host c990dffe13ae
[2026-03-30T07:25:13.283+0000] {taskinstance.py:2648} INFO - Exporting env vars: AIRFLOW_CTX_DAG_OWNER='***' AIRFLOW_CTX_DAG_ID='transfer_from_minio_to_snowflake_customers' AIRFLOW_CTX_TASK_ID='create_raw' AIRFLOW_CTX_EXECUTION_DATE='2026-03-30T07:24:00+00:00' AIRFLOW_CTX_TRY_NUMBER='1' AIRFLOW_CTX_DAG_RUN_ID='scheduled__2026-03-30T07:24:00+00:00'
[2026-03-30T07:25:13.283+0000] {taskinstance.py:430} INFO - ::endgroup::
[2026-03-30T07:25:13.283+0000] {sql.py:282} INFO - Executing:  CREATE TABLE IF NOT EXISTS RAW_CUSTOMERS (
                    raw_json VARIANT,
                    inserted_at TIMESTAMP_NTZ DEFAULT CURRENT_TIMESTAMP());
                  
[2026-03-30T07:25:13.289+0000] {base.py:84} INFO - Using connection ID 'warehouse_id' for task execution.
[2026-03-30T07:25:13.326+0000] {base.py:84} INFO - Using connection ID 'warehouse_id' for task execution.
[2026-03-30T07:25:13.365+0000] {connection.py:613} INFO - Snowflake Connector for Python Version: 4.3.0, Python Version: 3.12.4, Platform: Linux-6.12.76-linuxkit-aarch64-with-glibc2.36
[2026-03-30T07:25:13.365+0000] {connection.py:1709} INFO - Connecting to GLOBAL Snowflake domain
[2026-03-30T07:25:14.335+0000] {sql.py:495} INFO - Running statement: CREATE TABLE IF NOT EXISTS RAW_CUSTOMERS (
                    raw_json VARIANT,
                    inserted_at TIMESTAMP_NTZ DEFAULT CURRENT_TIMESTAMP());, parameters: None
[2026-03-30T07:25:14.793+0000] {sql.py:504} INFO - Rows affected: 1
[2026-03-30T07:25:14.795+0000] {snowflake.py:422} INFO - Rows affected: 1
[2026-03-30T07:25:14.796+0000] {snowflake.py:423} INFO - Snowflake query id: 01c35e7d-3202-8596-0014-90e60006649e
[2026-03-30T07:25:15.161+0000] {taskinstance.py:441} INFO - ::group::Post task execution logs
[2026-03-30T07:25:15.201+0000] {taskinstance.py:1206} INFO - Marking task as SUCCESS. dag_id=transfer_from_minio_to_snowflake_customers, task_id=create_raw, run_id=scheduled__2026-03-30T07:24:00+00:00, execution_date=20260330T072400, start_date=20260330T072513, end_date=20260330T072515
[2026-03-30T07:25:15.228+0000] {local_task_job_runner.py:243} INFO - Task exited with return code 0
[2026-03-30T07:25:15.258+0000] {taskinstance.py:3503} INFO - 1 downstream tasks scheduled from follow-on schedule check
[2026-03-30T07:25:15.259+0000] {local_task_job_runner.py:222} INFO - ::endgroup::
