[2026-04-03T06:51:53.752+0000] {local_task_job_runner.py:120} INFO - ::group::Pre task execution logs
[2026-04-03T06:51:53.767+0000] {taskinstance.py:2076} INFO - Dependencies all met for dep_context=non-requeueable deps ti=<TaskInstance: banking_01_bronze_layer.compile manual__2026-04-03T06:51:52.006567+00:00 [queued]>
[2026-04-03T06:51:53.771+0000] {taskinstance.py:2076} INFO - Dependencies all met for dep_context=requeueable deps ti=<TaskInstance: banking_01_bronze_layer.compile manual__2026-04-03T06:51:52.006567+00:00 [queued]>
[2026-04-03T06:51:53.771+0000] {taskinstance.py:2306} INFO - Starting attempt 1 of 2
[2026-04-03T06:51:53.777+0000] {taskinstance.py:2330} INFO - Executing <Task(BashOperator): compile> on 2026-04-03 06:51:52.006567+00:00
[2026-04-03T06:51:53.780+0000] {standard_task_runner.py:64} INFO - Started process 1429 to run task
[2026-04-03T06:51:53.782+0000] {standard_task_runner.py:90} INFO - Running: ['***', 'tasks', 'run', 'banking_01_bronze_layer', 'compile', 'manual__2026-04-03T06:51:52.006567+00:00', '--job-id', '9610', '--raw', '--subdir', 'DAGS_FOLDER/dbt.py', '--cfg-path', '/tmp/tmp6kctsrnt']
[2026-04-03T06:51:53.783+0000] {standard_task_runner.py:91} INFO - Job 9610: Subtask compile
[2026-04-03T06:51:53.820+0000] {task_command.py:426} INFO - Running <TaskInstance: banking_01_bronze_layer.compile manual__2026-04-03T06:51:52.006567+00:00 [running]> on host c990dffe13ae
[2026-04-03T06:51:53.866+0000] {taskinstance.py:2648} INFO - Exporting env vars: AIRFLOW_CTX_DAG_OWNER='risheek' AIRFLOW_CTX_DAG_ID='banking_01_bronze_layer' AIRFLOW_CTX_TASK_ID='compile' AIRFLOW_CTX_EXECUTION_DATE='2026-04-03T06:51:52.006567+00:00' AIRFLOW_CTX_TRY_NUMBER='1' AIRFLOW_CTX_DAG_RUN_ID='manual__2026-04-03T06:51:52.006567+00:00'
[2026-04-03T06:51:53.867+0000] {taskinstance.py:430} INFO - ::endgroup::
[2026-04-03T06:51:53.868+0000] {subprocess.py:78} INFO - Tmp dir root location: /tmp
[2026-04-03T06:51:53.868+0000] {subprocess.py:88} INFO - Running command: ['/usr/bin/bash', '-c', 'dbt compile --profiles-dir /opt/***/dbt/trans_snowf']
[2026-04-03T06:51:53.872+0000] {subprocess.py:99} INFO - Output:
[2026-04-03T06:51:55.584+0000] {subprocess.py:106} INFO - [0m06:51:55  Running with dbt=1.11.7
[2026-04-03T06:51:56.254+0000] {subprocess.py:106} INFO - [0m06:51:56  Registered adapter: snowflake=1.11.3
[2026-04-03T06:51:56.538+0000] {subprocess.py:106} INFO - [0m06:51:56  [[33mWARNING[0m]: Configuration paths exist in your dbt_project.yml file which do not apply to any resources.
[2026-04-03T06:51:56.541+0000] {subprocess.py:106} INFO - There are 1 unused configuration paths:
[2026-04-03T06:51:56.542+0000] {subprocess.py:106} INFO - - models.trans_snowf.example
[2026-04-03T06:51:56.667+0000] {subprocess.py:106} INFO - [0m06:51:56  Found 14 models, 3 sources, 524 macros
[2026-04-03T06:51:56.668+0000] {subprocess.py:106} INFO - [0m06:51:56
[2026-04-03T06:51:56.669+0000] {subprocess.py:106} INFO - [0m06:51:56  Concurrency: 1 threads (target='dev')
[2026-04-03T06:51:56.669+0000] {subprocess.py:106} INFO - [0m06:51:56
[2026-04-03T06:52:04.624+0000] {subprocess.py:110} INFO - Command exited with return code 0
[2026-04-03T06:52:04.627+0000] {taskinstance.py:441} INFO - ::group::Post task execution logs
[2026-04-03T06:52:04.670+0000] {taskinstance.py:1206} INFO - Marking task as SUCCESS. dag_id=banking_01_bronze_layer, task_id=compile, run_id=manual__2026-04-03T06:51:52.006567+00:00, execution_date=20260403T065152, start_date=20260403T065153, end_date=20260403T065204
[2026-04-03T06:52:04.715+0000] {local_task_job_runner.py:243} INFO - Task exited with return code 0
[2026-04-03T06:52:04.737+0000] {taskinstance.py:3503} INFO - 1 downstream tasks scheduled from follow-on schedule check
[2026-04-03T06:52:04.738+0000] {local_task_job_runner.py:222} INFO - ::endgroup::
