[2026-03-25T15:41:24.393+0000] {local_task_job_runner.py:120} INFO - ::group::Pre task execution logs
[2026-03-25T15:41:24.410+0000] {taskinstance.py:2076} INFO - Dependencies all met for dep_context=non-requeueable deps ti=<TaskInstance: banking_01_bronze_layer.build_bronze_trans manual__2026-03-25T15:40:39.960623+00:00 [queued]>
[2026-03-25T15:41:24.413+0000] {taskinstance.py:2076} INFO - Dependencies all met for dep_context=requeueable deps ti=<TaskInstance: banking_01_bronze_layer.build_bronze_trans manual__2026-03-25T15:40:39.960623+00:00 [queued]>
[2026-03-25T15:41:24.413+0000] {taskinstance.py:2306} INFO - Starting attempt 1 of 2
[2026-03-25T15:41:24.419+0000] {taskinstance.py:2330} INFO - Executing <Task(BashOperator): build_bronze_trans> on 2026-03-25 15:40:39.960623+00:00
[2026-03-25T15:41:24.421+0000] {standard_task_runner.py:64} INFO - Started process 10488 to run task
[2026-03-25T15:41:24.423+0000] {standard_task_runner.py:90} INFO - Running: ['***', 'tasks', 'run', 'banking_01_bronze_layer', 'build_bronze_trans', 'manual__2026-03-25T15:40:39.960623+00:00', '--job-id', '1886', '--raw', '--subdir', 'DAGS_FOLDER/dbt.py', '--cfg-path', '/tmp/tmpl3fis_go']
[2026-03-25T15:41:24.424+0000] {standard_task_runner.py:91} INFO - Job 1886: Subtask build_bronze_trans
[2026-03-25T15:41:24.461+0000] {task_command.py:426} INFO - Running <TaskInstance: banking_01_bronze_layer.build_bronze_trans manual__2026-03-25T15:40:39.960623+00:00 [running]> on host c990dffe13ae
[2026-03-25T15:41:24.515+0000] {taskinstance.py:2648} INFO - Exporting env vars: AIRFLOW_CTX_DAG_OWNER='risheek' AIRFLOW_CTX_DAG_ID='banking_01_bronze_layer' AIRFLOW_CTX_TASK_ID='build_bronze_trans' AIRFLOW_CTX_EXECUTION_DATE='2026-03-25T15:40:39.960623+00:00' AIRFLOW_CTX_TRY_NUMBER='1' AIRFLOW_CTX_DAG_RUN_ID='manual__2026-03-25T15:40:39.960623+00:00'
[2026-03-25T15:41:24.515+0000] {taskinstance.py:430} INFO - ::endgroup::
[2026-03-25T15:41:24.516+0000] {subprocess.py:78} INFO - Tmp dir root location: /tmp
[2026-03-25T15:41:24.517+0000] {subprocess.py:88} INFO - Running command: ['/usr/bin/bash', '-c', 'dbt build --select bronze_trans']
[2026-03-25T15:41:24.521+0000] {subprocess.py:99} INFO - Output:
[2026-03-25T15:41:25.869+0000] {subprocess.py:106} INFO - [0m15:41:25  Running with dbt=1.11.7
[2026-03-25T15:41:26.396+0000] {subprocess.py:106} INFO - [0m15:41:26  Registered adapter: snowflake=1.11.3
[2026-03-25T15:41:26.540+0000] {subprocess.py:106} INFO - [0m15:41:26  [[33mWARNING[0m]: Configuration paths exist in your dbt_project.yml file which do not apply to any resources.
[2026-03-25T15:41:26.540+0000] {subprocess.py:106} INFO - There are 1 unused configuration paths:
[2026-03-25T15:41:26.540+0000] {subprocess.py:106} INFO - - models.trans_snowf.example
[2026-03-25T15:41:26.636+0000] {subprocess.py:106} INFO - [0m15:41:26  Found 14 models, 3 sources, 522 macros
[2026-03-25T15:41:26.639+0000] {subprocess.py:106} INFO - [0m15:41:26
[2026-03-25T15:41:26.640+0000] {subprocess.py:106} INFO - [0m15:41:26  Concurrency: 1 threads (target='dev')
[2026-03-25T15:41:26.640+0000] {subprocess.py:106} INFO - [0m15:41:26
[2026-03-25T15:41:27.818+0000] {subprocess.py:106} INFO - [0m15:41:27
[2026-03-25T15:41:27.819+0000] {subprocess.py:106} INFO - [0m15:41:27  Finished running  in 0 hours 0 minutes and 1.18 seconds (1.18s).
[2026-03-25T15:41:27.822+0000] {subprocess.py:106} INFO - [0m15:41:27  Encountered an error:
[2026-03-25T15:41:27.822+0000] {subprocess.py:106} INFO - Database Error
[2026-03-25T15:41:27.823+0000] {subprocess.py:106} INFO -   003001 (42501): SQL access control error:
[2026-03-25T15:41:27.823+0000] {subprocess.py:106} INFO -   Insufficient privileges to operate on database 'BANKING'.
[2026-03-25T15:41:29.378+0000] {subprocess.py:110} INFO - Command exited with return code 2
[2026-03-25T15:41:29.379+0000] {taskinstance.py:441} INFO - ::group::Post task execution logs
[2026-03-25T15:41:29.407+0000] {taskinstance.py:2905} ERROR - Task failed with exception
Traceback (most recent call last):
  File "/home/airflow/.local/lib/python3.12/site-packages/airflow/models/taskinstance.py", line 465, in _execute_task
    result = _execute_callable(context=context, **execute_callable_kwargs)
             ^^^^^^^^^^^^^^^^^^^^^^^^^^^^^^^^^^^^^^^^^^^^^^^^^^^^^^^^^^^^^
  File "/home/airflow/.local/lib/python3.12/site-packages/airflow/models/taskinstance.py", line 432, in _execute_callable
    return execute_callable(context=context, **execute_callable_kwargs)
           ^^^^^^^^^^^^^^^^^^^^^^^^^^^^^^^^^^^^^^^^^^^^^^^^^^^^^^^^^^^^
  File "/home/airflow/.local/lib/python3.12/site-packages/airflow/models/baseoperator.py", line 401, in wrapper
    return func(self, *args, **kwargs)
           ^^^^^^^^^^^^^^^^^^^^^^^^^^^
  File "/home/airflow/.local/lib/python3.12/site-packages/airflow/providers/standard/operators/bash.py", line 233, in execute
    raise AirflowException(
airflow.exceptions.AirflowException: Bash command failed. The command returned a non-zero exit code 2.
[2026-03-25T15:41:29.412+0000] {taskinstance.py:1206} INFO - Marking task as UP_FOR_RETRY. dag_id=banking_01_bronze_layer, task_id=build_bronze_trans, run_id=manual__2026-03-25T15:40:39.960623+00:00, execution_date=20260325T154039, start_date=20260325T154124, end_date=20260325T154129
[2026-03-25T15:41:29.429+0000] {standard_task_runner.py:110} ERROR - Failed to execute job 1886 for task build_bronze_trans (Bash command failed. The command returned a non-zero exit code 2.; 10488)
[2026-03-25T15:41:29.467+0000] {local_task_job_runner.py:243} INFO - Task exited with return code 1
[2026-03-25T15:41:29.480+0000] {taskinstance.py:3503} INFO - 0 downstream tasks scheduled from follow-on schedule check
[2026-03-25T15:41:29.481+0000] {local_task_job_runner.py:222} INFO - ::endgroup::
