[2026-03-29T02:03:12.942+0000] {local_task_job_runner.py:120} INFO - ::group::Pre task execution logs
[2026-03-29T02:03:12.957+0000] {taskinstance.py:2076} INFO - Dependencies all met for dep_context=non-requeueable deps ti=<TaskInstance: banking_01_bronze_layer.compile scheduled__2026-03-29T01:00:00+00:00 [queued]>
[2026-03-29T02:03:12.960+0000] {taskinstance.py:2076} INFO - Dependencies all met for dep_context=requeueable deps ti=<TaskInstance: banking_01_bronze_layer.compile scheduled__2026-03-29T01:00:00+00:00 [queued]>
[2026-03-29T02:03:12.960+0000] {taskinstance.py:2306} INFO - Starting attempt 2 of 2
[2026-03-29T02:03:12.966+0000] {taskinstance.py:2330} INFO - Executing <Task(BashOperator): compile> on 2026-03-29 01:00:00+00:00
[2026-03-29T02:03:12.969+0000] {standard_task_runner.py:64} INFO - Started process 15435 to run task
[2026-03-29T02:03:12.972+0000] {standard_task_runner.py:90} INFO - Running: ['***', 'tasks', 'run', 'banking_01_bronze_layer', 'compile', 'scheduled__2026-03-29T01:00:00+00:00', '--job-id', '7055', '--raw', '--subdir', 'DAGS_FOLDER/dbt.py', '--cfg-path', '/tmp/tmpwoux07s6']
[2026-03-29T02:03:12.976+0000] {standard_task_runner.py:91} INFO - Job 7055: Subtask compile
[2026-03-29T02:03:13.004+0000] {task_command.py:426} INFO - Running <TaskInstance: banking_01_bronze_layer.compile scheduled__2026-03-29T01:00:00+00:00 [running]> on host c990dffe13ae
[2026-03-29T02:03:13.048+0000] {taskinstance.py:2648} INFO - Exporting env vars: AIRFLOW_CTX_DAG_OWNER='risheek' AIRFLOW_CTX_DAG_ID='banking_01_bronze_layer' AIRFLOW_CTX_TASK_ID='compile' AIRFLOW_CTX_EXECUTION_DATE='2026-03-29T01:00:00+00:00' AIRFLOW_CTX_TRY_NUMBER='2' AIRFLOW_CTX_DAG_RUN_ID='scheduled__2026-03-29T01:00:00+00:00'
[2026-03-29T02:03:13.049+0000] {taskinstance.py:430} INFO - ::endgroup::
[2026-03-29T02:03:13.050+0000] {subprocess.py:78} INFO - Tmp dir root location: /tmp
[2026-03-29T02:03:13.052+0000] {subprocess.py:88} INFO - Running command: ['/usr/bin/bash', '-c', 'dbt compile --profiles-dir /opt/***/dbt/trans_snowf']
[2026-03-29T02:03:13.056+0000] {subprocess.py:99} INFO - Output:
[2026-03-29T02:03:14.276+0000] {subprocess.py:106} INFO - [0m02:03:14  Running with dbt=1.11.7
[2026-03-29T02:03:14.826+0000] {subprocess.py:106} INFO - [0m02:03:14  Registered adapter: snowflake=1.11.3
[2026-03-29T02:03:14.993+0000] {subprocess.py:106} INFO - [0m02:03:14  [[33mWARNING[0m]: Configuration paths exist in your dbt_project.yml file which do not apply to any resources.
[2026-03-29T02:03:14.996+0000] {subprocess.py:106} INFO - There are 1 unused configuration paths:
[2026-03-29T02:03:14.997+0000] {subprocess.py:106} INFO - - models.trans_snowf.example
[2026-03-29T02:03:15.107+0000] {subprocess.py:106} INFO - [0m02:03:15  Found 14 models, 3 sources, 522 macros
[2026-03-29T02:03:15.109+0000] {subprocess.py:106} INFO - [0m02:03:15
[2026-03-29T02:03:15.109+0000] {subprocess.py:106} INFO - [0m02:03:15  Concurrency: 1 threads (target='dev')
[2026-03-29T02:03:15.109+0000] {subprocess.py:106} INFO - [0m02:03:15
[2026-03-29T02:03:17.597+0000] {subprocess.py:106} INFO - [0m02:03:17  Encountered an error:
[2026-03-29T02:03:17.602+0000] {subprocess.py:106} INFO - Database Error
[2026-03-29T02:03:17.602+0000] {subprocess.py:106} INFO -   250001 (08001): Failed to connect to DB: BBMCDSP-CT02489.snowflakecomputing.com:443. JWT token is invalid. [6e62a2d7-8c07-4b50-9323-8753b0729ede]
[2026-03-29T02:03:20.253+0000] {subprocess.py:110} INFO - Command exited with return code 2
[2026-03-29T02:03:20.258+0000] {taskinstance.py:441} INFO - ::group::Post task execution logs
[2026-03-29T02:03:20.284+0000] {taskinstance.py:2905} ERROR - Task failed with exception
Traceback (most recent call last):
  File "/home/airflow/.local/lib/python3.12/site-packages/airflow/models/taskinstance.py", line 465, in _execute_task
    result = _execute_callable(context=context, **execute_callable_kwargs)
             ^^^^^^^^^^^^^^^^^^^^^^^^^^^^^^^^^^^^^^^^^^^^^^^^^^^^^^^^^^^^^
  File "/home/airflow/.local/lib/python3.12/site-packages/airflow/models/taskinstance.py", line 432, in _execute_callable
    return execute_callable(context=context, **execute_callable_kwargs)
           ^^^^^^^^^^^^^^^^^^^^^^^^^^^^^^^^^^^^^^^^^^^^^^^^^^^^^^^^^^^^
  File "/home/airflow/.local/lib/python3.12/site-packages/airflow/models/baseoperator.py", line 401, in wrapper
    return func(self, *args, **kwargs)
           ^^^^^^^^^^^^^^^^^^^^^^^^^^^
  File "/home/airflow/.local/lib/python3.12/site-packages/airflow/providers/standard/operators/bash.py", line 233, in execute
    raise AirflowException(
airflow.exceptions.AirflowException: Bash command failed. The command returned a non-zero exit code 2.
[2026-03-29T02:03:20.290+0000] {taskinstance.py:1206} INFO - Marking task as FAILED. dag_id=banking_01_bronze_layer, task_id=compile, run_id=scheduled__2026-03-29T01:00:00+00:00, execution_date=20260329T010000, start_date=20260329T020312, end_date=20260329T020320
[2026-03-29T02:03:20.308+0000] {standard_task_runner.py:110} ERROR - Failed to execute job 7055 for task compile (Bash command failed. The command returned a non-zero exit code 2.; 15435)
[2026-03-29T02:03:20.353+0000] {local_task_job_runner.py:243} INFO - Task exited with return code 1
[2026-03-29T02:03:20.371+0000] {taskinstance.py:3503} INFO - 0 downstream tasks scheduled from follow-on schedule check
[2026-03-29T02:03:20.372+0000] {local_task_job_runner.py:222} INFO - ::endgroup::
