[2026-03-28T15:05:46.876+0000] {local_task_job_runner.py:120} INFO - ::group::Pre task execution logs
[2026-03-28T15:05:46.893+0000] {taskinstance.py:2076} INFO - Dependencies all met for dep_context=non-requeueable deps ti=<TaskInstance: banking_01_bronze_layer.build_bronze_cust scheduled__2026-03-28T14:00:00+00:00 [queued]>
[2026-03-28T15:05:46.897+0000] {taskinstance.py:2076} INFO - Dependencies all met for dep_context=requeueable deps ti=<TaskInstance: banking_01_bronze_layer.build_bronze_cust scheduled__2026-03-28T14:00:00+00:00 [queued]>
[2026-03-28T15:05:46.897+0000] {taskinstance.py:2306} INFO - Starting attempt 2 of 2
[2026-03-28T15:05:46.903+0000] {taskinstance.py:2330} INFO - Executing <Task(BashOperator): build_bronze_cust> on 2026-03-28 14:00:00+00:00
[2026-03-28T15:05:46.906+0000] {standard_task_runner.py:64} INFO - Started process 10059 to run task
[2026-03-28T15:05:46.908+0000] {standard_task_runner.py:90} INFO - Running: ['***', 'tasks', 'run', 'banking_01_bronze_layer', 'build_bronze_cust', 'scheduled__2026-03-28T14:00:00+00:00', '--job-id', '6881', '--raw', '--subdir', 'DAGS_FOLDER/dbt.py', '--cfg-path', '/tmp/tmpjamt3zf5']
[2026-03-28T15:05:46.909+0000] {standard_task_runner.py:91} INFO - Job 6881: Subtask build_bronze_cust
[2026-03-28T15:05:46.935+0000] {task_command.py:426} INFO - Running <TaskInstance: banking_01_bronze_layer.build_bronze_cust scheduled__2026-03-28T14:00:00+00:00 [running]> on host c990dffe13ae
[2026-03-28T15:05:46.976+0000] {taskinstance.py:2648} INFO - Exporting env vars: AIRFLOW_CTX_DAG_OWNER='risheek' AIRFLOW_CTX_DAG_ID='banking_01_bronze_layer' AIRFLOW_CTX_TASK_ID='build_bronze_cust' AIRFLOW_CTX_EXECUTION_DATE='2026-03-28T14:00:00+00:00' AIRFLOW_CTX_TRY_NUMBER='2' AIRFLOW_CTX_DAG_RUN_ID='scheduled__2026-03-28T14:00:00+00:00'
[2026-03-28T15:05:46.976+0000] {taskinstance.py:430} INFO - ::endgroup::
[2026-03-28T15:05:46.977+0000] {subprocess.py:78} INFO - Tmp dir root location: /tmp
[2026-03-28T15:05:46.977+0000] {subprocess.py:88} INFO - Running command: ['/usr/bin/bash', '-c', 'dbt build --select bronze_cust']
[2026-03-28T15:05:46.980+0000] {subprocess.py:99} INFO - Output:
[2026-03-28T15:05:48.268+0000] {subprocess.py:106} INFO - [0m15:05:48  Running with dbt=1.11.7
[2026-03-28T15:05:48.803+0000] {subprocess.py:106} INFO - [0m15:05:48  Registered adapter: snowflake=1.11.3
[2026-03-28T15:05:48.957+0000] {subprocess.py:106} INFO - [0m15:05:48  [[33mWARNING[0m]: Configuration paths exist in your dbt_project.yml file which do not apply to any resources.
[2026-03-28T15:05:48.957+0000] {subprocess.py:106} INFO - There are 1 unused configuration paths:
[2026-03-28T15:05:48.957+0000] {subprocess.py:106} INFO - - models.trans_snowf.example
[2026-03-28T15:05:49.085+0000] {subprocess.py:106} INFO - [0m15:05:49  Found 14 models, 3 sources, 522 macros
[2026-03-28T15:05:49.087+0000] {subprocess.py:106} INFO - [0m15:05:49
[2026-03-28T15:05:49.087+0000] {subprocess.py:106} INFO - [0m15:05:49  Concurrency: 1 threads (target='dev')
[2026-03-28T15:05:49.087+0000] {subprocess.py:106} INFO - [0m15:05:49
[2026-03-28T15:05:50.376+0000] {subprocess.py:106} INFO - [0m15:05:50  1 of 1 START sql incremental model PUBLIC_BRONZE.bronze_cust ................... [RUN]
[2026-03-28T15:05:50.585+0000] {subprocess.py:106} INFO - [0m15:05:50  1 of 1 ERROR creating sql incremental model PUBLIC_BRONZE.bronze_cust .......... [[31mERROR[0m in 0.20s]
[2026-03-28T15:05:50.781+0000] {subprocess.py:106} INFO - [0m15:05:50
[2026-03-28T15:05:50.783+0000] {subprocess.py:106} INFO - [0m15:05:50  Finished running 1 incremental model in 0 hours 0 minutes and 1.69 seconds (1.69s).
[2026-03-28T15:05:50.844+0000] {subprocess.py:106} INFO - [0m15:05:50
[2026-03-28T15:05:50.845+0000] {subprocess.py:106} INFO - [0m15:05:50  [31mCompleted with 1 error, 0 partial successes, and 0 warnings:[0m
[2026-03-28T15:05:50.845+0000] {subprocess.py:106} INFO - [0m15:05:50
[2026-03-28T15:05:50.846+0000] {subprocess.py:106} INFO - [0m15:05:50  [31mFailure in model bronze_cust (models/staging/bronze_cust.sql)[0m
[2026-03-28T15:05:50.846+0000] {subprocess.py:106} INFO - [0m15:05:50    Database Error in model bronze_cust (models/staging/bronze_cust.sql)
[2026-03-28T15:05:50.846+0000] {subprocess.py:106} INFO -   000904 (42000): SQL compilation error: error line 14 at position 8
[2026-03-28T15:05:50.846+0000] {subprocess.py:106} INFO -   invalid identifier 'PAYLOAD'
[2026-03-28T15:05:50.847+0000] {subprocess.py:106} INFO -   compiled code at target/run/trans_snowf/models/staging/bronze_cust.sql
[2026-03-28T15:05:50.847+0000] {subprocess.py:106} INFO - [0m15:05:50
[2026-03-28T15:05:50.847+0000] {subprocess.py:106} INFO - [0m15:05:50    compiled code at target/compiled/trans_snowf/models/staging/bronze_cust.sql
[2026-03-28T15:05:50.847+0000] {subprocess.py:106} INFO - [0m15:05:50
[2026-03-28T15:05:50.847+0000] {subprocess.py:106} INFO - [0m15:05:50  Done. PASS=0 WARN=0 ERROR=1 SKIP=0 NO-OP=0 TOTAL=1
[2026-03-28T15:05:53.070+0000] {subprocess.py:110} INFO - Command exited with return code 1
[2026-03-28T15:05:53.072+0000] {taskinstance.py:441} INFO - ::group::Post task execution logs
[2026-03-28T15:05:53.087+0000] {taskinstance.py:2905} ERROR - Task failed with exception
Traceback (most recent call last):
  File "/home/airflow/.local/lib/python3.12/site-packages/airflow/models/taskinstance.py", line 465, in _execute_task
    result = _execute_callable(context=context, **execute_callable_kwargs)
             ^^^^^^^^^^^^^^^^^^^^^^^^^^^^^^^^^^^^^^^^^^^^^^^^^^^^^^^^^^^^^
  File "/home/airflow/.local/lib/python3.12/site-packages/airflow/models/taskinstance.py", line 432, in _execute_callable
    return execute_callable(context=context, **execute_callable_kwargs)
           ^^^^^^^^^^^^^^^^^^^^^^^^^^^^^^^^^^^^^^^^^^^^^^^^^^^^^^^^^^^^
  File "/home/airflow/.local/lib/python3.12/site-packages/airflow/models/baseoperator.py", line 401, in wrapper
    return func(self, *args, **kwargs)
           ^^^^^^^^^^^^^^^^^^^^^^^^^^^
  File "/home/airflow/.local/lib/python3.12/site-packages/airflow/providers/standard/operators/bash.py", line 233, in execute
    raise AirflowException(
airflow.exceptions.AirflowException: Bash command failed. The command returned a non-zero exit code 1.
[2026-03-28T15:05:53.096+0000] {taskinstance.py:1206} INFO - Marking task as FAILED. dag_id=banking_01_bronze_layer, task_id=build_bronze_cust, run_id=scheduled__2026-03-28T14:00:00+00:00, execution_date=20260328T140000, start_date=20260328T150546, end_date=20260328T150553
[2026-03-28T15:05:53.110+0000] {standard_task_runner.py:110} ERROR - Failed to execute job 6881 for task build_bronze_cust (Bash command failed. The command returned a non-zero exit code 1.; 10059)
[2026-03-28T15:05:53.117+0000] {local_task_job_runner.py:243} INFO - Task exited with return code 1
[2026-03-28T15:05:53.130+0000] {taskinstance.py:3503} INFO - 0 downstream tasks scheduled from follow-on schedule check
[2026-03-28T15:05:53.130+0000] {local_task_job_runner.py:222} INFO - ::endgroup::
