[2026-03-29T22:01:55.262+0000] {local_task_job_runner.py:120} INFO - ::group::Pre task execution logs
[2026-03-29T22:01:55.277+0000] {taskinstance.py:2076} INFO - Dependencies all met for dep_context=non-requeueable deps ti=<TaskInstance: banking_01_bronze_layer.build_bronze_trans scheduled__2026-03-29T21:30:00+00:00 [queued]>
[2026-03-29T22:01:55.281+0000] {taskinstance.py:2076} INFO - Dependencies all met for dep_context=requeueable deps ti=<TaskInstance: banking_01_bronze_layer.build_bronze_trans scheduled__2026-03-29T21:30:00+00:00 [queued]>
[2026-03-29T22:01:55.281+0000] {taskinstance.py:2306} INFO - Starting attempt 1 of 2
[2026-03-29T22:01:55.286+0000] {taskinstance.py:2330} INFO - Executing <Task(BashOperator): build_bronze_trans> on 2026-03-29 21:30:00+00:00
[2026-03-29T22:01:55.289+0000] {standard_task_runner.py:64} INFO - Started process 5517 to run task
[2026-03-29T22:01:55.290+0000] {standard_task_runner.py:90} INFO - Running: ['***', 'tasks', 'run', 'banking_01_bronze_layer', 'build_bronze_trans', 'scheduled__2026-03-29T21:30:00+00:00', '--job-id', '7348', '--raw', '--subdir', 'DAGS_FOLDER/dbt.py', '--cfg-path', '/tmp/tmpss4l6w1g']
[2026-03-29T22:01:55.291+0000] {standard_task_runner.py:91} INFO - Job 7348: Subtask build_bronze_trans
[2026-03-29T22:01:55.317+0000] {task_command.py:426} INFO - Running <TaskInstance: banking_01_bronze_layer.build_bronze_trans scheduled__2026-03-29T21:30:00+00:00 [running]> on host c990dffe13ae
[2026-03-29T22:01:55.362+0000] {taskinstance.py:2648} INFO - Exporting env vars: AIRFLOW_CTX_DAG_OWNER='risheek' AIRFLOW_CTX_DAG_ID='banking_01_bronze_layer' AIRFLOW_CTX_TASK_ID='build_bronze_trans' AIRFLOW_CTX_EXECUTION_DATE='2026-03-29T21:30:00+00:00' AIRFLOW_CTX_TRY_NUMBER='1' AIRFLOW_CTX_DAG_RUN_ID='scheduled__2026-03-29T21:30:00+00:00'
[2026-03-29T22:01:55.362+0000] {taskinstance.py:430} INFO - ::endgroup::
[2026-03-29T22:01:55.362+0000] {subprocess.py:78} INFO - Tmp dir root location: /tmp
[2026-03-29T22:01:55.363+0000] {subprocess.py:88} INFO - Running command: ['/usr/bin/bash', '-c', 'dbt build --select bronze_trans']
[2026-03-29T22:01:55.366+0000] {subprocess.py:99} INFO - Output:
[2026-03-29T22:01:56.659+0000] {subprocess.py:106} INFO - [0m22:01:56  Running with dbt=1.11.7
[2026-03-29T22:01:57.206+0000] {subprocess.py:106} INFO - [0m22:01:57  Registered adapter: snowflake=1.11.3
[2026-03-29T22:01:57.371+0000] {subprocess.py:106} INFO - [0m22:01:57  [[33mWARNING[0m]: Configuration paths exist in your dbt_project.yml file which do not apply to any resources.
[2026-03-29T22:01:57.373+0000] {subprocess.py:106} INFO - There are 1 unused configuration paths:
[2026-03-29T22:01:57.375+0000] {subprocess.py:106} INFO - - models.trans_snowf.example
[2026-03-29T22:01:57.490+0000] {subprocess.py:106} INFO - [0m22:01:57  Found 14 models, 3 sources, 522 macros
[2026-03-29T22:01:57.492+0000] {subprocess.py:106} INFO - [0m22:01:57
[2026-03-29T22:01:57.492+0000] {subprocess.py:106} INFO - [0m22:01:57  Concurrency: 1 threads (target='dev')
[2026-03-29T22:01:57.492+0000] {subprocess.py:106} INFO - [0m22:01:57
[2026-03-29T22:01:58.149+0000] {subprocess.py:106} INFO - [0m22:01:58
[2026-03-29T22:01:58.150+0000] {subprocess.py:106} INFO - [0m22:01:58  Finished running  in 0 hours 0 minutes and 0.66 seconds (0.66s).
[2026-03-29T22:01:58.151+0000] {subprocess.py:106} INFO - [0m22:01:58  Encountered an error:
[2026-03-29T22:01:58.152+0000] {subprocess.py:106} INFO - Runtime Error
[2026-03-29T22:01:58.153+0000] {subprocess.py:106} INFO -   Database error while listing schemas in database "BANKING"
[2026-03-29T22:01:58.154+0000] {subprocess.py:106} INFO -   Database Error
[2026-03-29T22:01:58.154+0000] {subprocess.py:106} INFO -     250001 (08001): Failed to connect to DB: BBMCDSP-CT02489.snowflakecomputing.com:443. JWT token is invalid. [16f20d66-1845-4fd8-ba72-af33edc26b53]
[2026-03-29T22:01:59.472+0000] {subprocess.py:110} INFO - Command exited with return code 2
[2026-03-29T22:01:59.473+0000] {taskinstance.py:441} INFO - ::group::Post task execution logs
[2026-03-29T22:01:59.486+0000] {taskinstance.py:2905} ERROR - Task failed with exception
Traceback (most recent call last):
  File "/home/airflow/.local/lib/python3.12/site-packages/airflow/models/taskinstance.py", line 465, in _execute_task
    result = _execute_callable(context=context, **execute_callable_kwargs)
             ^^^^^^^^^^^^^^^^^^^^^^^^^^^^^^^^^^^^^^^^^^^^^^^^^^^^^^^^^^^^^
  File "/home/airflow/.local/lib/python3.12/site-packages/airflow/models/taskinstance.py", line 432, in _execute_callable
    return execute_callable(context=context, **execute_callable_kwargs)
           ^^^^^^^^^^^^^^^^^^^^^^^^^^^^^^^^^^^^^^^^^^^^^^^^^^^^^^^^^^^^
  File "/home/airflow/.local/lib/python3.12/site-packages/airflow/models/baseoperator.py", line 401, in wrapper
    return func(self, *args, **kwargs)
           ^^^^^^^^^^^^^^^^^^^^^^^^^^^
  File "/home/airflow/.local/lib/python3.12/site-packages/airflow/providers/standard/operators/bash.py", line 233, in execute
    raise AirflowException(
airflow.exceptions.AirflowException: Bash command failed. The command returned a non-zero exit code 2.
[2026-03-29T22:01:59.489+0000] {taskinstance.py:1206} INFO - Marking task as UP_FOR_RETRY. dag_id=banking_01_bronze_layer, task_id=build_bronze_trans, run_id=scheduled__2026-03-29T21:30:00+00:00, execution_date=20260329T213000, start_date=20260329T220155, end_date=20260329T220159
[2026-03-29T22:01:59.496+0000] {standard_task_runner.py:110} ERROR - Failed to execute job 7348 for task build_bronze_trans (Bash command failed. The command returned a non-zero exit code 2.; 5517)
[2026-03-29T22:01:59.543+0000] {local_task_job_runner.py:243} INFO - Task exited with return code 1
[2026-03-29T22:01:59.559+0000] {taskinstance.py:3503} INFO - 0 downstream tasks scheduled from follow-on schedule check
[2026-03-29T22:01:59.560+0000] {local_task_job_runner.py:222} INFO - ::endgroup::
