[2026-03-29T07:00:09.258+0000] {local_task_job_runner.py:120} INFO - ::group::Pre task execution logs
[2026-03-29T07:00:09.273+0000] {taskinstance.py:2076} INFO - Dependencies all met for dep_context=non-requeueable deps ti=<TaskInstance: banking_01_bronze_layer.compile scheduled__2026-03-29T06:30:00+00:00 [queued]>
[2026-03-29T07:00:09.276+0000] {taskinstance.py:2076} INFO - Dependencies all met for dep_context=requeueable deps ti=<TaskInstance: banking_01_bronze_layer.compile scheduled__2026-03-29T06:30:00+00:00 [queued]>
[2026-03-29T07:00:09.276+0000] {taskinstance.py:2306} INFO - Starting attempt 1 of 2
[2026-03-29T07:00:09.282+0000] {taskinstance.py:2330} INFO - Executing <Task(BashOperator): compile> on 2026-03-29 06:30:00+00:00
[2026-03-29T07:00:09.284+0000] {standard_task_runner.py:64} INFO - Started process 18087 to run task
[2026-03-29T07:00:09.286+0000] {standard_task_runner.py:90} INFO - Running: ['***', 'tasks', 'run', 'banking_01_bronze_layer', 'compile', 'scheduled__2026-03-29T06:30:00+00:00', '--job-id', '7143', '--raw', '--subdir', 'DAGS_FOLDER/dbt.py', '--cfg-path', '/tmp/tmpl4fq_rbr']
[2026-03-29T07:00:09.287+0000] {standard_task_runner.py:91} INFO - Job 7143: Subtask compile
[2026-03-29T07:00:09.312+0000] {task_command.py:426} INFO - Running <TaskInstance: banking_01_bronze_layer.compile scheduled__2026-03-29T06:30:00+00:00 [running]> on host c990dffe13ae
[2026-03-29T07:00:09.357+0000] {taskinstance.py:2648} INFO - Exporting env vars: AIRFLOW_CTX_DAG_OWNER='risheek' AIRFLOW_CTX_DAG_ID='banking_01_bronze_layer' AIRFLOW_CTX_TASK_ID='compile' AIRFLOW_CTX_EXECUTION_DATE='2026-03-29T06:30:00+00:00' AIRFLOW_CTX_TRY_NUMBER='1' AIRFLOW_CTX_DAG_RUN_ID='scheduled__2026-03-29T06:30:00+00:00'
[2026-03-29T07:00:09.357+0000] {taskinstance.py:430} INFO - ::endgroup::
[2026-03-29T07:00:09.357+0000] {subprocess.py:78} INFO - Tmp dir root location: /tmp
[2026-03-29T07:00:09.358+0000] {subprocess.py:88} INFO - Running command: ['/usr/bin/bash', '-c', 'dbt compile --profiles-dir /opt/***/dbt/trans_snowf']
[2026-03-29T07:00:09.364+0000] {subprocess.py:99} INFO - Output:
[2026-03-29T07:00:10.595+0000] {subprocess.py:106} INFO - [0m07:00:10  Running with dbt=1.11.7
[2026-03-29T07:00:11.181+0000] {subprocess.py:106} INFO - [0m07:00:11  Registered adapter: snowflake=1.11.3
[2026-03-29T07:00:11.337+0000] {subprocess.py:106} INFO - [0m07:00:11  [[33mWARNING[0m]: Configuration paths exist in your dbt_project.yml file which do not apply to any resources.
[2026-03-29T07:00:11.338+0000] {subprocess.py:106} INFO - There are 1 unused configuration paths:
[2026-03-29T07:00:11.338+0000] {subprocess.py:106} INFO - - models.trans_snowf.example
[2026-03-29T07:00:11.444+0000] {subprocess.py:106} INFO - [0m07:00:11  Found 14 models, 3 sources, 522 macros
[2026-03-29T07:00:11.446+0000] {subprocess.py:106} INFO - [0m07:00:11
[2026-03-29T07:00:11.446+0000] {subprocess.py:106} INFO - [0m07:00:11  Concurrency: 1 threads (target='dev')
[2026-03-29T07:00:11.446+0000] {subprocess.py:106} INFO - [0m07:00:11
[2026-03-29T07:00:15.222+0000] {subprocess.py:110} INFO - Command exited with return code 0
[2026-03-29T07:00:15.226+0000] {taskinstance.py:441} INFO - ::group::Post task execution logs
[2026-03-29T07:00:15.274+0000] {taskinstance.py:1206} INFO - Marking task as SUCCESS. dag_id=banking_01_bronze_layer, task_id=compile, run_id=scheduled__2026-03-29T06:30:00+00:00, execution_date=20260329T063000, start_date=20260329T070009, end_date=20260329T070015
[2026-03-29T07:00:15.305+0000] {local_task_job_runner.py:243} INFO - Task exited with return code 0
[2026-03-29T07:00:15.318+0000] {taskinstance.py:3503} INFO - 0 downstream tasks scheduled from follow-on schedule check
[2026-03-29T07:00:15.319+0000] {local_task_job_runner.py:222} INFO - ::endgroup::
