[2026-03-30T23:16:47.028+0000] {local_task_job_runner.py:120} INFO - ::group::Pre task execution logs
[2026-03-30T23:16:47.048+0000] {taskinstance.py:2076} INFO - Dependencies all met for dep_context=non-requeueable deps ti=<TaskInstance: banking_01_bronze_layer.compile manual__2026-03-30T23:16:19.144913+00:00 [queued]>
[2026-03-30T23:16:47.053+0000] {taskinstance.py:2076} INFO - Dependencies all met for dep_context=requeueable deps ti=<TaskInstance: banking_01_bronze_layer.compile manual__2026-03-30T23:16:19.144913+00:00 [queued]>
[2026-03-30T23:16:47.053+0000] {taskinstance.py:2306} INFO - Starting attempt 1 of 2
[2026-03-30T23:16:47.061+0000] {taskinstance.py:2330} INFO - Executing <Task(BashOperator): compile> on 2026-03-30 23:16:19.144913+00:00
[2026-03-30T23:16:47.066+0000] {standard_task_runner.py:64} INFO - Started process 40452 to run task
[2026-03-30T23:16:47.070+0000] {standard_task_runner.py:90} INFO - Running: ['***', 'tasks', 'run', 'banking_01_bronze_layer', 'compile', 'manual__2026-03-30T23:16:19.144913+00:00', '--job-id', '9506', '--raw', '--subdir', 'DAGS_FOLDER/dbt.py', '--cfg-path', '/tmp/tmpkt02zm3s']
[2026-03-30T23:16:47.074+0000] {standard_task_runner.py:91} INFO - Job 9506: Subtask compile
[2026-03-30T23:16:47.112+0000] {task_command.py:426} INFO - Running <TaskInstance: banking_01_bronze_layer.compile manual__2026-03-30T23:16:19.144913+00:00 [running]> on host c990dffe13ae
[2026-03-30T23:16:47.159+0000] {taskinstance.py:2648} INFO - Exporting env vars: AIRFLOW_CTX_DAG_OWNER='risheek' AIRFLOW_CTX_DAG_ID='banking_01_bronze_layer' AIRFLOW_CTX_TASK_ID='compile' AIRFLOW_CTX_EXECUTION_DATE='2026-03-30T23:16:19.144913+00:00' AIRFLOW_CTX_TRY_NUMBER='1' AIRFLOW_CTX_DAG_RUN_ID='manual__2026-03-30T23:16:19.144913+00:00'
[2026-03-30T23:16:47.160+0000] {taskinstance.py:430} INFO - ::endgroup::
[2026-03-30T23:16:47.160+0000] {subprocess.py:78} INFO - Tmp dir root location: /tmp
[2026-03-30T23:16:47.161+0000] {subprocess.py:88} INFO - Running command: ['/usr/bin/bash', '-c', 'dbt compile --profiles-dir /opt/***/dbt/trans_snowf']
[2026-03-30T23:16:47.165+0000] {subprocess.py:99} INFO - Output:
[2026-03-30T23:16:48.598+0000] {subprocess.py:106} INFO - [0m23:16:48  Running with dbt=1.11.7
[2026-03-30T23:16:49.203+0000] {subprocess.py:106} INFO - [0m23:16:49  Registered adapter: snowflake=1.11.3
[2026-03-30T23:16:49.357+0000] {subprocess.py:106} INFO - [0m23:16:49  [[33mWARNING[0m]: Configuration paths exist in your dbt_project.yml file which do not apply to any resources.
[2026-03-30T23:16:49.357+0000] {subprocess.py:106} INFO - There are 1 unused configuration paths:
[2026-03-30T23:16:49.358+0000] {subprocess.py:106} INFO - - models.trans_snowf.example
[2026-03-30T23:16:49.452+0000] {subprocess.py:106} INFO - [0m23:16:49  Found 14 models, 3 sources, 522 macros
[2026-03-30T23:16:49.453+0000] {subprocess.py:106} INFO - [0m23:16:49
[2026-03-30T23:16:49.454+0000] {subprocess.py:106} INFO - [0m23:16:49  Concurrency: 1 threads (target='dev')
[2026-03-30T23:16:49.454+0000] {subprocess.py:106} INFO - [0m23:16:49
[2026-03-30T23:16:55.542+0000] {subprocess.py:110} INFO - Command exited with return code 0
[2026-03-30T23:16:55.547+0000] {taskinstance.py:441} INFO - ::group::Post task execution logs
[2026-03-30T23:16:55.591+0000] {taskinstance.py:1206} INFO - Marking task as SUCCESS. dag_id=banking_01_bronze_layer, task_id=compile, run_id=manual__2026-03-30T23:16:19.144913+00:00, execution_date=20260330T231619, start_date=20260330T231647, end_date=20260330T231655
[2026-03-30T23:16:55.611+0000] {local_task_job_runner.py:243} INFO - Task exited with return code 0
[2026-03-30T23:16:55.630+0000] {taskinstance.py:3503} INFO - 0 downstream tasks scheduled from follow-on schedule check
[2026-03-30T23:16:55.631+0000] {local_task_job_runner.py:222} INFO - ::endgroup::
