[2026-03-30T23:21:30.493+0000] {local_task_job_runner.py:120} INFO - ::group::Pre task execution logs
[2026-03-30T23:21:30.512+0000] {taskinstance.py:2076} INFO - Dependencies all met for dep_context=non-requeueable deps ti=<TaskInstance: banking_01_bronze_layer.debug manual__2026-03-30T23:16:19.144913+00:00 [queued]>
[2026-03-30T23:21:30.516+0000] {taskinstance.py:2076} INFO - Dependencies all met for dep_context=requeueable deps ti=<TaskInstance: banking_01_bronze_layer.debug manual__2026-03-30T23:16:19.144913+00:00 [queued]>
[2026-03-30T23:21:30.517+0000] {taskinstance.py:2306} INFO - Starting attempt 2 of 2
[2026-03-30T23:21:30.523+0000] {taskinstance.py:2330} INFO - Executing <Task(BashOperator): debug> on 2026-03-30 23:16:19.144913+00:00
[2026-03-30T23:21:30.526+0000] {standard_task_runner.py:64} INFO - Started process 40553 to run task
[2026-03-30T23:21:30.528+0000] {standard_task_runner.py:90} INFO - Running: ['***', 'tasks', 'run', 'banking_01_bronze_layer', 'debug', 'manual__2026-03-30T23:16:19.144913+00:00', '--job-id', '9509', '--raw', '--subdir', 'DAGS_FOLDER/dbt.py', '--cfg-path', '/tmp/tmp8ptgex7_']
[2026-03-30T23:21:30.530+0000] {standard_task_runner.py:91} INFO - Job 9509: Subtask debug
[2026-03-30T23:21:30.568+0000] {task_command.py:426} INFO - Running <TaskInstance: banking_01_bronze_layer.debug manual__2026-03-30T23:16:19.144913+00:00 [running]> on host c990dffe13ae
[2026-03-30T23:21:30.623+0000] {taskinstance.py:2648} INFO - Exporting env vars: AIRFLOW_CTX_DAG_OWNER='risheek' AIRFLOW_CTX_DAG_ID='banking_01_bronze_layer' AIRFLOW_CTX_TASK_ID='debug' AIRFLOW_CTX_EXECUTION_DATE='2026-03-30T23:16:19.144913+00:00' AIRFLOW_CTX_TRY_NUMBER='2' AIRFLOW_CTX_DAG_RUN_ID='manual__2026-03-30T23:16:19.144913+00:00'
[2026-03-30T23:21:30.624+0000] {taskinstance.py:430} INFO - ::endgroup::
[2026-03-30T23:21:30.625+0000] {subprocess.py:78} INFO - Tmp dir root location: /tmp
[2026-03-30T23:21:30.625+0000] {subprocess.py:88} INFO - Running command: ['/usr/bin/bash', '-c', 'dbt debug --profiles-dir /opt/***/dbt/trans_snowf']
[2026-03-30T23:21:30.629+0000] {subprocess.py:99} INFO - Output:
[2026-03-30T23:21:31.978+0000] {subprocess.py:106} INFO - [0m23:21:31  Running with dbt=1.11.7
[2026-03-30T23:21:31.985+0000] {subprocess.py:106} INFO - [0m23:21:31  dbt version: 1.11.7
[2026-03-30T23:21:31.985+0000] {subprocess.py:106} INFO - [0m23:21:31  python version: 3.12.4
[2026-03-30T23:21:31.985+0000] {subprocess.py:106} INFO - [0m23:21:31  python path: /home/***/.local/bin/python
[2026-03-30T23:21:31.986+0000] {subprocess.py:106} INFO - [0m23:21:31  os info: Linux-6.12.76-linuxkit-aarch64-with-glibc2.36
[2026-03-30T23:21:32.524+0000] {subprocess.py:106} INFO - [0m23:21:32  Using profiles dir at /opt/***/dbt/trans_snowf
[2026-03-30T23:21:32.525+0000] {subprocess.py:106} INFO - [0m23:21:32  Using profiles.yml file at /opt/***/dbt/trans_snowf/profiles.yml
[2026-03-30T23:21:32.526+0000] {subprocess.py:106} INFO - [0m23:21:32  Using dbt_project.yml file at /opt/***/dbt/trans_snowf/dbt_project.yml
[2026-03-30T23:21:32.526+0000] {subprocess.py:106} INFO - [0m23:21:32  adapter type: snowflake
[2026-03-30T23:21:32.527+0000] {subprocess.py:106} INFO - [0m23:21:32  adapter version: 1.11.3
[2026-03-30T23:21:32.593+0000] {subprocess.py:106} INFO - [0m23:21:32  Configuration:
[2026-03-30T23:21:32.593+0000] {subprocess.py:106} INFO - [0m23:21:32    profiles.yml file [[32mOK found and valid[0m]
[2026-03-30T23:21:32.594+0000] {subprocess.py:106} INFO - [0m23:21:32    dbt_project.yml file [[32mOK found and valid[0m]
[2026-03-30T23:21:32.594+0000] {subprocess.py:106} INFO - [0m23:21:32  Required dependencies:
[2026-03-30T23:21:32.596+0000] {subprocess.py:106} INFO - [0m23:21:32   - git [[31mERROR[0m]
[2026-03-30T23:21:32.596+0000] {subprocess.py:106} INFO - 
[2026-03-30T23:21:32.596+0000] {subprocess.py:106} INFO - [0m23:21:32  Connection:
[2026-03-30T23:21:32.597+0000] {subprocess.py:106} INFO - [0m23:21:32    account: BBMCDSP-CT02489
[2026-03-30T23:21:32.597+0000] {subprocess.py:106} INFO - [0m23:21:32    user: user123
[2026-03-30T23:21:32.597+0000] {subprocess.py:106} INFO - [0m23:21:32    database: BANKING
[2026-03-30T23:21:32.598+0000] {subprocess.py:106} INFO - [0m23:21:32    warehouse: COMPUTE_WH
[2026-03-30T23:21:32.598+0000] {subprocess.py:106} INFO - [0m23:21:32    role: dbtadmin
[2026-03-30T23:21:32.599+0000] {subprocess.py:106} INFO - [0m23:21:32    schema: PUBLIC
[2026-03-30T23:21:32.599+0000] {subprocess.py:106} INFO - [0m23:21:32    authenticator: None
[2026-03-30T23:21:32.599+0000] {subprocess.py:106} INFO - [0m23:21:32    oauth_client_id: None
[2026-03-30T23:21:32.600+0000] {subprocess.py:106} INFO - [0m23:21:32    query_tag: None
[2026-03-30T23:21:32.600+0000] {subprocess.py:106} INFO - [0m23:21:32    client_session_keep_alive: False
[2026-03-30T23:21:32.600+0000] {subprocess.py:106} INFO - [0m23:21:32    host: None
[2026-03-30T23:21:32.601+0000] {subprocess.py:106} INFO - [0m23:21:32    port: None
[2026-03-30T23:21:32.601+0000] {subprocess.py:106} INFO - [0m23:21:32    proxy_host: None
[2026-03-30T23:21:32.601+0000] {subprocess.py:106} INFO - [0m23:21:32    proxy_port: None
[2026-03-30T23:21:32.602+0000] {subprocess.py:106} INFO - [0m23:21:32    protocol: None
[2026-03-30T23:21:32.602+0000] {subprocess.py:106} INFO - [0m23:21:32    connect_retries: 1
[2026-03-30T23:21:32.602+0000] {subprocess.py:106} INFO - [0m23:21:32    connect_timeout: None
[2026-03-30T23:21:32.603+0000] {subprocess.py:106} INFO - [0m23:21:32    retry_on_database_errors: False
[2026-03-30T23:21:32.603+0000] {subprocess.py:106} INFO - [0m23:21:32    retry_all: False
[2026-03-30T23:21:32.603+0000] {subprocess.py:106} INFO - [0m23:21:32    insecure_mode: False
[2026-03-30T23:21:32.604+0000] {subprocess.py:106} INFO - [0m23:21:32    reuse_connections: True
[2026-03-30T23:21:32.604+0000] {subprocess.py:106} INFO - [0m23:21:32    s3_stage_vpce_dns_name: None
[2026-03-30T23:21:32.604+0000] {subprocess.py:106} INFO - [0m23:21:32    platform_detection_timeout_seconds: 0.0
[2026-03-30T23:21:32.605+0000] {subprocess.py:106} INFO - [0m23:21:32  Registered adapter: snowflake=1.11.3
[2026-03-30T23:21:35.149+0000] {subprocess.py:106} INFO - [0m23:21:35    Connection test: [[32mOK connection ok[0m]
[2026-03-30T23:21:35.151+0000] {subprocess.py:106} INFO - 
[2026-03-30T23:21:35.152+0000] {subprocess.py:106} INFO - [0m23:21:35  [31m1 check failed:[0m
[2026-03-30T23:21:35.153+0000] {subprocess.py:106} INFO - [0m23:21:35  Error from git --help: Could not find command, ensure it is in the user's PATH: "git"
[2026-03-30T23:21:35.154+0000] {subprocess.py:106} INFO - 
[2026-03-30T23:21:37.503+0000] {subprocess.py:110} INFO - Command exited with return code 1
[2026-03-30T23:21:37.504+0000] {taskinstance.py:441} INFO - ::group::Post task execution logs
[2026-03-30T23:21:37.516+0000] {taskinstance.py:2905} ERROR - Task failed with exception
Traceback (most recent call last):
  File "/home/airflow/.local/lib/python3.12/site-packages/airflow/models/taskinstance.py", line 465, in _execute_task
    result = _execute_callable(context=context, **execute_callable_kwargs)
             ^^^^^^^^^^^^^^^^^^^^^^^^^^^^^^^^^^^^^^^^^^^^^^^^^^^^^^^^^^^^^
  File "/home/airflow/.local/lib/python3.12/site-packages/airflow/models/taskinstance.py", line 432, in _execute_callable
    return execute_callable(context=context, **execute_callable_kwargs)
           ^^^^^^^^^^^^^^^^^^^^^^^^^^^^^^^^^^^^^^^^^^^^^^^^^^^^^^^^^^^^
  File "/home/airflow/.local/lib/python3.12/site-packages/airflow/models/baseoperator.py", line 401, in wrapper
    return func(self, *args, **kwargs)
           ^^^^^^^^^^^^^^^^^^^^^^^^^^^
  File "/home/airflow/.local/lib/python3.12/site-packages/airflow/providers/standard/operators/bash.py", line 233, in execute
    raise AirflowException(
airflow.exceptions.AirflowException: Bash command failed. The command returned a non-zero exit code 1.
[2026-03-30T23:21:37.524+0000] {taskinstance.py:1206} INFO - Marking task as FAILED. dag_id=banking_01_bronze_layer, task_id=debug, run_id=manual__2026-03-30T23:16:19.144913+00:00, execution_date=20260330T231619, start_date=20260330T232130, end_date=20260330T232137
[2026-03-30T23:21:37.536+0000] {standard_task_runner.py:110} ERROR - Failed to execute job 9509 for task debug (Bash command failed. The command returned a non-zero exit code 1.; 40553)
[2026-03-30T23:21:37.568+0000] {local_task_job_runner.py:243} INFO - Task exited with return code 1
[2026-03-30T23:21:37.582+0000] {taskinstance.py:3503} INFO - 0 downstream tasks scheduled from follow-on schedule check
[2026-03-30T23:21:37.583+0000] {local_task_job_runner.py:222} INFO - ::endgroup::
