[2026-03-30T23:16:21.441+0000] {local_task_job_runner.py:120} INFO - ::group::Pre task execution logs
[2026-03-30T23:16:21.465+0000] {taskinstance.py:2076} INFO - Dependencies all met for dep_context=non-requeueable deps ti=<TaskInstance: banking_01_bronze_layer.debug manual__2026-03-30T23:16:19.144913+00:00 [queued]>
[2026-03-30T23:16:21.473+0000] {taskinstance.py:2076} INFO - Dependencies all met for dep_context=requeueable deps ti=<TaskInstance: banking_01_bronze_layer.debug manual__2026-03-30T23:16:19.144913+00:00 [queued]>
[2026-03-30T23:16:21.473+0000] {taskinstance.py:2306} INFO - Starting attempt 1 of 2
[2026-03-30T23:16:21.483+0000] {taskinstance.py:2330} INFO - Executing <Task(BashOperator): debug> on 2026-03-30 23:16:19.144913+00:00
[2026-03-30T23:16:21.487+0000] {standard_task_runner.py:64} INFO - Started process 40399 to run task
[2026-03-30T23:16:21.496+0000] {standard_task_runner.py:90} INFO - Running: ['***', 'tasks', 'run', 'banking_01_bronze_layer', 'debug', 'manual__2026-03-30T23:16:19.144913+00:00', '--job-id', '9504', '--raw', '--subdir', 'DAGS_FOLDER/dbt.py', '--cfg-path', '/tmp/tmpiah6b7lf']
[2026-03-30T23:16:21.499+0000] {standard_task_runner.py:91} INFO - Job 9504: Subtask debug
[2026-03-30T23:16:21.557+0000] {task_command.py:426} INFO - Running <TaskInstance: banking_01_bronze_layer.debug manual__2026-03-30T23:16:19.144913+00:00 [running]> on host c990dffe13ae
[2026-03-30T23:16:21.617+0000] {taskinstance.py:2648} INFO - Exporting env vars: AIRFLOW_CTX_DAG_OWNER='risheek' AIRFLOW_CTX_DAG_ID='banking_01_bronze_layer' AIRFLOW_CTX_TASK_ID='debug' AIRFLOW_CTX_EXECUTION_DATE='2026-03-30T23:16:19.144913+00:00' AIRFLOW_CTX_TRY_NUMBER='1' AIRFLOW_CTX_DAG_RUN_ID='manual__2026-03-30T23:16:19.144913+00:00'
[2026-03-30T23:16:21.618+0000] {taskinstance.py:430} INFO - ::endgroup::
[2026-03-30T23:16:21.618+0000] {subprocess.py:78} INFO - Tmp dir root location: /tmp
[2026-03-30T23:16:21.619+0000] {subprocess.py:88} INFO - Running command: ['/usr/bin/bash', '-c', 'dbt debug --profiles-dir /opt/***/dbt/trans_snowf']
[2026-03-30T23:16:21.624+0000] {subprocess.py:99} INFO - Output:
[2026-03-30T23:16:23.965+0000] {subprocess.py:106} INFO - [0m23:16:23  Running with dbt=1.11.7
[2026-03-30T23:16:23.984+0000] {subprocess.py:106} INFO - [0m23:16:23  dbt version: 1.11.7
[2026-03-30T23:16:23.984+0000] {subprocess.py:106} INFO - [0m23:16:23  python version: 3.12.4
[2026-03-30T23:16:23.985+0000] {subprocess.py:106} INFO - [0m23:16:23  python path: /home/***/.local/bin/python
[2026-03-30T23:16:23.985+0000] {subprocess.py:106} INFO - [0m23:16:23  os info: Linux-6.12.76-linuxkit-aarch64-with-glibc2.36
[2026-03-30T23:16:24.514+0000] {subprocess.py:106} INFO - [0m23:16:24  Using profiles dir at /opt/***/dbt/trans_snowf
[2026-03-30T23:16:24.517+0000] {subprocess.py:106} INFO - [0m23:16:24  Using profiles.yml file at /opt/***/dbt/trans_snowf/profiles.yml
[2026-03-30T23:16:24.517+0000] {subprocess.py:106} INFO - [0m23:16:24  Using dbt_project.yml file at /opt/***/dbt/trans_snowf/dbt_project.yml
[2026-03-30T23:16:24.519+0000] {subprocess.py:106} INFO - [0m23:16:24  adapter type: snowflake
[2026-03-30T23:16:24.519+0000] {subprocess.py:106} INFO - [0m23:16:24  adapter version: 1.11.3
[2026-03-30T23:16:24.572+0000] {subprocess.py:106} INFO - [0m23:16:24  Configuration:
[2026-03-30T23:16:24.573+0000] {subprocess.py:106} INFO - [0m23:16:24    profiles.yml file [[32mOK found and valid[0m]
[2026-03-30T23:16:24.574+0000] {subprocess.py:106} INFO - [0m23:16:24    dbt_project.yml file [[32mOK found and valid[0m]
[2026-03-30T23:16:24.575+0000] {subprocess.py:106} INFO - [0m23:16:24  Required dependencies:
[2026-03-30T23:16:24.577+0000] {subprocess.py:106} INFO - [0m23:16:24   - git [[31mERROR[0m]
[2026-03-30T23:16:24.577+0000] {subprocess.py:106} INFO - 
[2026-03-30T23:16:24.578+0000] {subprocess.py:106} INFO - [0m23:16:24  Connection:
[2026-03-30T23:16:24.578+0000] {subprocess.py:106} INFO - [0m23:16:24    account: BBMCDSP-CT02489
[2026-03-30T23:16:24.579+0000] {subprocess.py:106} INFO - [0m23:16:24    user: user123
[2026-03-30T23:16:24.579+0000] {subprocess.py:106} INFO - [0m23:16:24    database: BANKING
[2026-03-30T23:16:24.580+0000] {subprocess.py:106} INFO - [0m23:16:24    warehouse: COMPUTE_WH
[2026-03-30T23:16:24.580+0000] {subprocess.py:106} INFO - [0m23:16:24    role: dbtadmin
[2026-03-30T23:16:24.580+0000] {subprocess.py:106} INFO - [0m23:16:24    schema: PUBLIC
[2026-03-30T23:16:24.581+0000] {subprocess.py:106} INFO - [0m23:16:24    authenticator: None
[2026-03-30T23:16:24.581+0000] {subprocess.py:106} INFO - [0m23:16:24    oauth_client_id: None
[2026-03-30T23:16:24.582+0000] {subprocess.py:106} INFO - [0m23:16:24    query_tag: None
[2026-03-30T23:16:24.582+0000] {subprocess.py:106} INFO - [0m23:16:24    client_session_keep_alive: False
[2026-03-30T23:16:24.582+0000] {subprocess.py:106} INFO - [0m23:16:24    host: None
[2026-03-30T23:16:24.583+0000] {subprocess.py:106} INFO - [0m23:16:24    port: None
[2026-03-30T23:16:24.583+0000] {subprocess.py:106} INFO - [0m23:16:24    proxy_host: None
[2026-03-30T23:16:24.583+0000] {subprocess.py:106} INFO - [0m23:16:24    proxy_port: None
[2026-03-30T23:16:24.584+0000] {subprocess.py:106} INFO - [0m23:16:24    protocol: None
[2026-03-30T23:16:24.584+0000] {subprocess.py:106} INFO - [0m23:16:24    connect_retries: 1
[2026-03-30T23:16:24.584+0000] {subprocess.py:106} INFO - [0m23:16:24    connect_timeout: None
[2026-03-30T23:16:24.585+0000] {subprocess.py:106} INFO - [0m23:16:24    retry_on_database_errors: False
[2026-03-30T23:16:24.585+0000] {subprocess.py:106} INFO - [0m23:16:24    retry_all: False
[2026-03-30T23:16:24.585+0000] {subprocess.py:106} INFO - [0m23:16:24    insecure_mode: False
[2026-03-30T23:16:24.586+0000] {subprocess.py:106} INFO - [0m23:16:24    reuse_connections: True
[2026-03-30T23:16:24.586+0000] {subprocess.py:106} INFO - [0m23:16:24    s3_stage_vpce_dns_name: None
[2026-03-30T23:16:24.588+0000] {subprocess.py:106} INFO - [0m23:16:24    platform_detection_timeout_seconds: 0.0
[2026-03-30T23:16:24.589+0000] {subprocess.py:106} INFO - [0m23:16:24  Registered adapter: snowflake=1.11.3
[2026-03-30T23:16:26.014+0000] {subprocess.py:106} INFO - [0m23:16:26    Connection test: [[32mOK connection ok[0m]
[2026-03-30T23:16:26.015+0000] {subprocess.py:106} INFO - 
[2026-03-30T23:16:26.016+0000] {subprocess.py:106} INFO - [0m23:16:26  [31m1 check failed:[0m
[2026-03-30T23:16:26.017+0000] {subprocess.py:106} INFO - [0m23:16:26  Error from git --help: Could not find command, ensure it is in the user's PATH: "git"
[2026-03-30T23:16:26.017+0000] {subprocess.py:106} INFO - 
[2026-03-30T23:16:28.188+0000] {subprocess.py:110} INFO - Command exited with return code 1
[2026-03-30T23:16:28.194+0000] {taskinstance.py:441} INFO - ::group::Post task execution logs
[2026-03-30T23:16:28.210+0000] {taskinstance.py:2905} ERROR - Task failed with exception
Traceback (most recent call last):
  File "/home/airflow/.local/lib/python3.12/site-packages/airflow/models/taskinstance.py", line 465, in _execute_task
    result = _execute_callable(context=context, **execute_callable_kwargs)
             ^^^^^^^^^^^^^^^^^^^^^^^^^^^^^^^^^^^^^^^^^^^^^^^^^^^^^^^^^^^^^
  File "/home/airflow/.local/lib/python3.12/site-packages/airflow/models/taskinstance.py", line 432, in _execute_callable
    return execute_callable(context=context, **execute_callable_kwargs)
           ^^^^^^^^^^^^^^^^^^^^^^^^^^^^^^^^^^^^^^^^^^^^^^^^^^^^^^^^^^^^
  File "/home/airflow/.local/lib/python3.12/site-packages/airflow/models/baseoperator.py", line 401, in wrapper
    return func(self, *args, **kwargs)
           ^^^^^^^^^^^^^^^^^^^^^^^^^^^
  File "/home/airflow/.local/lib/python3.12/site-packages/airflow/providers/standard/operators/bash.py", line 233, in execute
    raise AirflowException(
airflow.exceptions.AirflowException: Bash command failed. The command returned a non-zero exit code 1.
[2026-03-30T23:16:28.215+0000] {taskinstance.py:1206} INFO - Marking task as UP_FOR_RETRY. dag_id=banking_01_bronze_layer, task_id=debug, run_id=manual__2026-03-30T23:16:19.144913+00:00, execution_date=20260330T231619, start_date=20260330T231621, end_date=20260330T231628
[2026-03-30T23:16:28.237+0000] {standard_task_runner.py:110} ERROR - Failed to execute job 9504 for task debug (Bash command failed. The command returned a non-zero exit code 1.; 40399)
[2026-03-30T23:16:28.260+0000] {local_task_job_runner.py:243} INFO - Task exited with return code 1
[2026-03-30T23:16:28.277+0000] {taskinstance.py:3503} INFO - 0 downstream tasks scheduled from follow-on schedule check
[2026-03-30T23:16:28.279+0000] {local_task_job_runner.py:222} INFO - ::endgroup::
