[2026-03-30T23:07:55.338+0000] {local_task_job_runner.py:120} INFO - ::group::Pre task execution logs
[2026-03-30T23:07:55.356+0000] {taskinstance.py:2076} INFO - Dependencies all met for dep_context=non-requeueable deps ti=<TaskInstance: banking_01_bronze_layer.debug scheduled__2026-03-30T22:30:00+00:00 [queued]>
[2026-03-30T23:07:55.360+0000] {taskinstance.py:2076} INFO - Dependencies all met for dep_context=requeueable deps ti=<TaskInstance: banking_01_bronze_layer.debug scheduled__2026-03-30T22:30:00+00:00 [queued]>
[2026-03-30T23:07:55.360+0000] {taskinstance.py:2306} INFO - Starting attempt 2 of 2
[2026-03-30T23:07:55.366+0000] {taskinstance.py:2330} INFO - Executing <Task(BashOperator): debug> on 2026-03-30 22:30:00+00:00
[2026-03-30T23:07:55.369+0000] {standard_task_runner.py:64} INFO - Started process 39084 to run task
[2026-03-30T23:07:55.370+0000] {standard_task_runner.py:90} INFO - Running: ['***', 'tasks', 'run', 'banking_01_bronze_layer', 'debug', 'scheduled__2026-03-30T22:30:00+00:00', '--job-id', '9436', '--raw', '--subdir', 'DAGS_FOLDER/dbt.py', '--cfg-path', '/tmp/tmpfefgvrbw']
[2026-03-30T23:07:55.372+0000] {standard_task_runner.py:91} INFO - Job 9436: Subtask debug
[2026-03-30T23:07:55.405+0000] {task_command.py:426} INFO - Running <TaskInstance: banking_01_bronze_layer.debug scheduled__2026-03-30T22:30:00+00:00 [running]> on host c990dffe13ae
[2026-03-30T23:07:55.457+0000] {taskinstance.py:2648} INFO - Exporting env vars: AIRFLOW_CTX_DAG_OWNER='risheek' AIRFLOW_CTX_DAG_ID='banking_01_bronze_layer' AIRFLOW_CTX_TASK_ID='debug' AIRFLOW_CTX_EXECUTION_DATE='2026-03-30T22:30:00+00:00' AIRFLOW_CTX_TRY_NUMBER='2' AIRFLOW_CTX_DAG_RUN_ID='scheduled__2026-03-30T22:30:00+00:00'
[2026-03-30T23:07:55.458+0000] {taskinstance.py:430} INFO - ::endgroup::
[2026-03-30T23:07:55.458+0000] {subprocess.py:78} INFO - Tmp dir root location: /tmp
[2026-03-30T23:07:55.459+0000] {subprocess.py:88} INFO - Running command: ['/usr/bin/bash', '-c', 'dbt debug --profiles-dir /opt/***/dbt/trans_snowf']
[2026-03-30T23:07:55.462+0000] {subprocess.py:99} INFO - Output:
[2026-03-30T23:07:56.830+0000] {subprocess.py:106} INFO - [0m23:07:56  Running with dbt=1.11.7
[2026-03-30T23:07:56.836+0000] {subprocess.py:106} INFO - [0m23:07:56  dbt version: 1.11.7
[2026-03-30T23:07:56.837+0000] {subprocess.py:106} INFO - [0m23:07:56  python version: 3.12.4
[2026-03-30T23:07:56.837+0000] {subprocess.py:106} INFO - [0m23:07:56  python path: /home/***/.local/bin/python
[2026-03-30T23:07:56.837+0000] {subprocess.py:106} INFO - [0m23:07:56  os info: Linux-6.12.76-linuxkit-aarch64-with-glibc2.36
[2026-03-30T23:07:57.282+0000] {subprocess.py:106} INFO - [0m23:07:57  Using profiles dir at /opt/***/dbt/trans_snowf
[2026-03-30T23:07:57.283+0000] {subprocess.py:106} INFO - [0m23:07:57  Using profiles.yml file at /opt/***/dbt/trans_snowf/profiles.yml
[2026-03-30T23:07:57.283+0000] {subprocess.py:106} INFO - [0m23:07:57  Using dbt_project.yml file at /opt/***/dbt/trans_snowf/dbt_project.yml
[2026-03-30T23:07:57.283+0000] {subprocess.py:106} INFO - [0m23:07:57  adapter type: snowflake
[2026-03-30T23:07:57.284+0000] {subprocess.py:106} INFO - [0m23:07:57  adapter version: 1.11.3
[2026-03-30T23:07:57.338+0000] {subprocess.py:106} INFO - [0m23:07:57  Configuration:
[2026-03-30T23:07:57.338+0000] {subprocess.py:106} INFO - [0m23:07:57    profiles.yml file [[32mOK found and valid[0m]
[2026-03-30T23:07:57.338+0000] {subprocess.py:106} INFO - [0m23:07:57    dbt_project.yml file [[32mOK found and valid[0m]
[2026-03-30T23:07:57.339+0000] {subprocess.py:106} INFO - [0m23:07:57  Required dependencies:
[2026-03-30T23:07:57.340+0000] {subprocess.py:106} INFO - [0m23:07:57   - git [[31mERROR[0m]
[2026-03-30T23:07:57.340+0000] {subprocess.py:106} INFO - 
[2026-03-30T23:07:57.340+0000] {subprocess.py:106} INFO - [0m23:07:57  Connection:
[2026-03-30T23:07:57.340+0000] {subprocess.py:106} INFO - [0m23:07:57    account: BBMCDSP-CT02489
[2026-03-30T23:07:57.341+0000] {subprocess.py:106} INFO - [0m23:07:57    user: user123
[2026-03-30T23:07:57.341+0000] {subprocess.py:106} INFO - [0m23:07:57    database: BANKING
[2026-03-30T23:07:57.342+0000] {subprocess.py:106} INFO - [0m23:07:57    warehouse: COMPUTE_WH
[2026-03-30T23:07:57.343+0000] {subprocess.py:106} INFO - [0m23:07:57    role: dbtadmin
[2026-03-30T23:07:57.343+0000] {subprocess.py:106} INFO - [0m23:07:57    schema: PUBLIC
[2026-03-30T23:07:57.343+0000] {subprocess.py:106} INFO - [0m23:07:57    authenticator: None
[2026-03-30T23:07:57.344+0000] {subprocess.py:106} INFO - [0m23:07:57    oauth_client_id: None
[2026-03-30T23:07:57.344+0000] {subprocess.py:106} INFO - [0m23:07:57    query_tag: None
[2026-03-30T23:07:57.344+0000] {subprocess.py:106} INFO - [0m23:07:57    client_session_keep_alive: False
[2026-03-30T23:07:57.345+0000] {subprocess.py:106} INFO - [0m23:07:57    host: None
[2026-03-30T23:07:57.345+0000] {subprocess.py:106} INFO - [0m23:07:57    port: None
[2026-03-30T23:07:57.345+0000] {subprocess.py:106} INFO - [0m23:07:57    proxy_host: None
[2026-03-30T23:07:57.346+0000] {subprocess.py:106} INFO - [0m23:07:57    proxy_port: None
[2026-03-30T23:07:57.346+0000] {subprocess.py:106} INFO - [0m23:07:57    protocol: None
[2026-03-30T23:07:57.346+0000] {subprocess.py:106} INFO - [0m23:07:57    connect_retries: 1
[2026-03-30T23:07:57.347+0000] {subprocess.py:106} INFO - [0m23:07:57    connect_timeout: None
[2026-03-30T23:07:57.347+0000] {subprocess.py:106} INFO - [0m23:07:57    retry_on_database_errors: False
[2026-03-30T23:07:57.347+0000] {subprocess.py:106} INFO - [0m23:07:57    retry_all: False
[2026-03-30T23:07:57.347+0000] {subprocess.py:106} INFO - [0m23:07:57    insecure_mode: False
[2026-03-30T23:07:57.348+0000] {subprocess.py:106} INFO - [0m23:07:57    reuse_connections: True
[2026-03-30T23:07:57.348+0000] {subprocess.py:106} INFO - [0m23:07:57    s3_stage_vpce_dns_name: None
[2026-03-30T23:07:57.348+0000] {subprocess.py:106} INFO - [0m23:07:57    platform_detection_timeout_seconds: 0.0
[2026-03-30T23:07:57.349+0000] {subprocess.py:106} INFO - [0m23:07:57  Registered adapter: snowflake=1.11.3
[2026-03-30T23:07:59.080+0000] {subprocess.py:106} INFO - [0m23:07:59    Connection test: [[32mOK connection ok[0m]
[2026-03-30T23:07:59.081+0000] {subprocess.py:106} INFO - 
[2026-03-30T23:07:59.082+0000] {subprocess.py:106} INFO - [0m23:07:59  [31m1 check failed:[0m
[2026-03-30T23:07:59.083+0000] {subprocess.py:106} INFO - [0m23:07:59  Error from git --help: Could not find command, ensure it is in the user's PATH: "git"
[2026-03-30T23:07:59.083+0000] {subprocess.py:106} INFO - 
[2026-03-30T23:08:01.243+0000] {subprocess.py:110} INFO - Command exited with return code 1
[2026-03-30T23:08:01.245+0000] {taskinstance.py:441} INFO - ::group::Post task execution logs
[2026-03-30T23:08:01.256+0000] {taskinstance.py:2905} ERROR - Task failed with exception
Traceback (most recent call last):
  File "/home/airflow/.local/lib/python3.12/site-packages/airflow/models/taskinstance.py", line 465, in _execute_task
    result = _execute_callable(context=context, **execute_callable_kwargs)
             ^^^^^^^^^^^^^^^^^^^^^^^^^^^^^^^^^^^^^^^^^^^^^^^^^^^^^^^^^^^^^
  File "/home/airflow/.local/lib/python3.12/site-packages/airflow/models/taskinstance.py", line 432, in _execute_callable
    return execute_callable(context=context, **execute_callable_kwargs)
           ^^^^^^^^^^^^^^^^^^^^^^^^^^^^^^^^^^^^^^^^^^^^^^^^^^^^^^^^^^^^
  File "/home/airflow/.local/lib/python3.12/site-packages/airflow/models/baseoperator.py", line 401, in wrapper
    return func(self, *args, **kwargs)
           ^^^^^^^^^^^^^^^^^^^^^^^^^^^
  File "/home/airflow/.local/lib/python3.12/site-packages/airflow/providers/standard/operators/bash.py", line 233, in execute
    raise AirflowException(
airflow.exceptions.AirflowException: Bash command failed. The command returned a non-zero exit code 1.
[2026-03-30T23:08:01.261+0000] {taskinstance.py:1206} INFO - Marking task as FAILED. dag_id=banking_01_bronze_layer, task_id=debug, run_id=scheduled__2026-03-30T22:30:00+00:00, execution_date=20260330T223000, start_date=20260330T230755, end_date=20260330T230801
[2026-03-30T23:08:01.272+0000] {standard_task_runner.py:110} ERROR - Failed to execute job 9436 for task debug (Bash command failed. The command returned a non-zero exit code 1.; 39084)
[2026-03-30T23:08:01.294+0000] {local_task_job_runner.py:243} INFO - Task exited with return code 1
[2026-03-30T23:08:01.312+0000] {taskinstance.py:3503} INFO - 0 downstream tasks scheduled from follow-on schedule check
[2026-03-30T23:08:01.313+0000] {local_task_job_runner.py:222} INFO - ::endgroup::
