[2026-04-03T06:41:01.939+0000] {local_task_job_runner.py:120} INFO - ::group::Pre task execution logs
[2026-04-03T06:41:01.954+0000] {taskinstance.py:2076} INFO - Dependencies all met for dep_context=non-requeueable deps ti=<TaskInstance: banking_01_bronze_layer.compile manual__2026-04-03T06:40:59.635194+00:00 [queued]>
[2026-04-03T06:41:01.959+0000] {taskinstance.py:2076} INFO - Dependencies all met for dep_context=requeueable deps ti=<TaskInstance: banking_01_bronze_layer.compile manual__2026-04-03T06:40:59.635194+00:00 [queued]>
[2026-04-03T06:41:01.959+0000] {taskinstance.py:2306} INFO - Starting attempt 1 of 2
[2026-04-03T06:41:01.965+0000] {taskinstance.py:2330} INFO - Executing <Task(BashOperator): compile> on 2026-04-03 06:40:59.635194+00:00
[2026-04-03T06:41:01.968+0000] {standard_task_runner.py:64} INFO - Started process 1142 to run task
[2026-04-03T06:41:01.969+0000] {standard_task_runner.py:90} INFO - Running: ['***', 'tasks', 'run', 'banking_01_bronze_layer', 'compile', 'manual__2026-04-03T06:40:59.635194+00:00', '--job-id', '9600', '--raw', '--subdir', 'DAGS_FOLDER/dbt.py', '--cfg-path', '/tmp/tmpocttnoj0']
[2026-04-03T06:41:01.971+0000] {standard_task_runner.py:91} INFO - Job 9600: Subtask compile
[2026-04-03T06:41:02.007+0000] {task_command.py:426} INFO - Running <TaskInstance: banking_01_bronze_layer.compile manual__2026-04-03T06:40:59.635194+00:00 [running]> on host c990dffe13ae
[2026-04-03T06:41:02.053+0000] {taskinstance.py:2648} INFO - Exporting env vars: AIRFLOW_CTX_DAG_OWNER='risheek' AIRFLOW_CTX_DAG_ID='banking_01_bronze_layer' AIRFLOW_CTX_TASK_ID='compile' AIRFLOW_CTX_EXECUTION_DATE='2026-04-03T06:40:59.635194+00:00' AIRFLOW_CTX_TRY_NUMBER='1' AIRFLOW_CTX_DAG_RUN_ID='manual__2026-04-03T06:40:59.635194+00:00'
[2026-04-03T06:41:02.054+0000] {taskinstance.py:430} INFO - ::endgroup::
[2026-04-03T06:41:02.054+0000] {subprocess.py:78} INFO - Tmp dir root location: /tmp
[2026-04-03T06:41:02.055+0000] {subprocess.py:88} INFO - Running command: ['/usr/bin/bash', '-c', 'dbt compile --profiles-dir /opt/***/dbt/trans_snowf']
[2026-04-03T06:41:02.059+0000] {subprocess.py:99} INFO - Output:
[2026-04-03T06:41:03.346+0000] {subprocess.py:106} INFO - [0m06:41:03  Running with dbt=1.11.7
[2026-04-03T06:41:03.909+0000] {subprocess.py:106} INFO - [0m06:41:03  Registered adapter: snowflake=1.11.3
[2026-04-03T06:41:04.175+0000] {subprocess.py:106} INFO - [0m06:41:04  [[33mWARNING[0m]: Configuration paths exist in your dbt_project.yml file which do not apply to any resources.
[2026-04-03T06:41:04.178+0000] {subprocess.py:106} INFO - There are 1 unused configuration paths:
[2026-04-03T06:41:04.179+0000] {subprocess.py:106} INFO - - models.trans_snowf.example
[2026-04-03T06:41:04.302+0000] {subprocess.py:106} INFO - [0m06:41:04  Found 14 models, 3 sources, 524 macros
[2026-04-03T06:41:04.303+0000] {subprocess.py:106} INFO - [0m06:41:04
[2026-04-03T06:41:04.304+0000] {subprocess.py:106} INFO - [0m06:41:04  Concurrency: 1 threads (target='dev')
[2026-04-03T06:41:04.304+0000] {subprocess.py:106} INFO - [0m06:41:04
[2026-04-03T06:41:12.358+0000] {subprocess.py:110} INFO - Command exited with return code 0
[2026-04-03T06:41:12.362+0000] {taskinstance.py:441} INFO - ::group::Post task execution logs
[2026-04-03T06:41:12.393+0000] {taskinstance.py:1206} INFO - Marking task as SUCCESS. dag_id=banking_01_bronze_layer, task_id=compile, run_id=manual__2026-04-03T06:40:59.635194+00:00, execution_date=20260403T064059, start_date=20260403T064101, end_date=20260403T064112
[2026-04-03T06:41:12.418+0000] {local_task_job_runner.py:243} INFO - Task exited with return code 0
[2026-04-03T06:41:12.433+0000] {taskinstance.py:3503} INFO - 1 downstream tasks scheduled from follow-on schedule check
[2026-04-03T06:41:12.434+0000] {local_task_job_runner.py:222} INFO - ::endgroup::
