[2026-03-30T07:30:33.436+0000] {local_task_job_runner.py:120} INFO - ::group::Pre task execution logs
[2026-03-30T07:30:33.457+0000] {taskinstance.py:2076} INFO - Dependencies all met for dep_context=non-requeueable deps ti=<TaskInstance: banking_01_bronze_layer.debug scheduled__2026-03-30T07:00:00+00:00 [queued]>
[2026-03-30T07:30:33.461+0000] {taskinstance.py:2076} INFO - Dependencies all met for dep_context=requeueable deps ti=<TaskInstance: banking_01_bronze_layer.debug scheduled__2026-03-30T07:00:00+00:00 [queued]>
[2026-03-30T07:30:33.461+0000] {taskinstance.py:2306} INFO - Starting attempt 1 of 2
[2026-03-30T07:30:33.467+0000] {taskinstance.py:2330} INFO - Executing <Task(BashOperator): debug> on 2026-03-30 07:00:00+00:00
[2026-03-30T07:30:33.471+0000] {standard_task_runner.py:64} INFO - Started process 6888 to run task
[2026-03-30T07:30:33.473+0000] {standard_task_runner.py:90} INFO - Running: ['***', 'tasks', 'run', 'banking_01_bronze_layer', 'debug', 'scheduled__2026-03-30T07:00:00+00:00', '--job-id', '7823', '--raw', '--subdir', 'DAGS_FOLDER/dbt.py', '--cfg-path', '/tmp/tmpzmka9cpi']
[2026-03-30T07:30:33.476+0000] {standard_task_runner.py:91} INFO - Job 7823: Subtask debug
[2026-03-30T07:30:33.534+0000] {task_command.py:426} INFO - Running <TaskInstance: banking_01_bronze_layer.debug scheduled__2026-03-30T07:00:00+00:00 [running]> on host c990dffe13ae
[2026-03-30T07:30:33.599+0000] {taskinstance.py:2648} INFO - Exporting env vars: AIRFLOW_CTX_DAG_OWNER='risheek' AIRFLOW_CTX_DAG_ID='banking_01_bronze_layer' AIRFLOW_CTX_TASK_ID='debug' AIRFLOW_CTX_EXECUTION_DATE='2026-03-30T07:00:00+00:00' AIRFLOW_CTX_TRY_NUMBER='1' AIRFLOW_CTX_DAG_RUN_ID='scheduled__2026-03-30T07:00:00+00:00'
[2026-03-30T07:30:33.599+0000] {taskinstance.py:430} INFO - ::endgroup::
[2026-03-30T07:30:33.600+0000] {subprocess.py:78} INFO - Tmp dir root location: /tmp
[2026-03-30T07:30:33.601+0000] {subprocess.py:88} INFO - Running command: ['/usr/bin/bash', '-c', 'dbt debug --profiles-dir /opt/***/dbt/trans_snowf']
[2026-03-30T07:30:33.607+0000] {subprocess.py:99} INFO - Output:
[2026-03-30T07:30:35.038+0000] {subprocess.py:106} INFO - [0m07:30:35  Running with dbt=1.11.7
[2026-03-30T07:30:35.045+0000] {subprocess.py:106} INFO - [0m07:30:35  dbt version: 1.11.7
[2026-03-30T07:30:35.045+0000] {subprocess.py:106} INFO - [0m07:30:35  python version: 3.12.4
[2026-03-30T07:30:35.046+0000] {subprocess.py:106} INFO - [0m07:30:35  python path: /home/***/.local/bin/python
[2026-03-30T07:30:35.046+0000] {subprocess.py:106} INFO - [0m07:30:35  os info: Linux-6.12.76-linuxkit-aarch64-with-glibc2.36
[2026-03-30T07:30:35.503+0000] {subprocess.py:106} INFO - [0m07:30:35  Using profiles dir at /opt/***/dbt/trans_snowf
[2026-03-30T07:30:35.503+0000] {subprocess.py:106} INFO - [0m07:30:35  Using profiles.yml file at /opt/***/dbt/trans_snowf/profiles.yml
[2026-03-30T07:30:35.504+0000] {subprocess.py:106} INFO - [0m07:30:35  Using dbt_project.yml file at /opt/***/dbt/trans_snowf/dbt_project.yml
[2026-03-30T07:30:35.504+0000] {subprocess.py:106} INFO - [0m07:30:35  adapter type: snowflake
[2026-03-30T07:30:35.505+0000] {subprocess.py:106} INFO - [0m07:30:35  adapter version: 1.11.3
[2026-03-30T07:30:35.563+0000] {subprocess.py:106} INFO - [0m07:30:35  Configuration:
[2026-03-30T07:30:35.564+0000] {subprocess.py:106} INFO - [0m07:30:35    profiles.yml file [[32mOK found and valid[0m]
[2026-03-30T07:30:35.564+0000] {subprocess.py:106} INFO - [0m07:30:35    dbt_project.yml file [[32mOK found and valid[0m]
[2026-03-30T07:30:35.565+0000] {subprocess.py:106} INFO - [0m07:30:35  Required dependencies:
[2026-03-30T07:30:35.566+0000] {subprocess.py:106} INFO - [0m07:30:35   - git [[31mERROR[0m]
[2026-03-30T07:30:35.566+0000] {subprocess.py:106} INFO - 
[2026-03-30T07:30:35.566+0000] {subprocess.py:106} INFO - [0m07:30:35  Connection:
[2026-03-30T07:30:35.567+0000] {subprocess.py:106} INFO - [0m07:30:35    account: BBMCDSP-CT02489
[2026-03-30T07:30:35.567+0000] {subprocess.py:106} INFO - [0m07:30:35    user: user123
[2026-03-30T07:30:35.567+0000] {subprocess.py:106} INFO - [0m07:30:35    database: BANKING
[2026-03-30T07:30:35.568+0000] {subprocess.py:106} INFO - [0m07:30:35    warehouse: COMPUTE_WH
[2026-03-30T07:30:35.568+0000] {subprocess.py:106} INFO - [0m07:30:35    role: dbtadmin
[2026-03-30T07:30:35.568+0000] {subprocess.py:106} INFO - [0m07:30:35    schema: PUBLIC
[2026-03-30T07:30:35.569+0000] {subprocess.py:106} INFO - [0m07:30:35    authenticator: None
[2026-03-30T07:30:35.569+0000] {subprocess.py:106} INFO - [0m07:30:35    oauth_client_id: None
[2026-03-30T07:30:35.569+0000] {subprocess.py:106} INFO - [0m07:30:35    query_tag: None
[2026-03-30T07:30:35.570+0000] {subprocess.py:106} INFO - [0m07:30:35    client_session_keep_alive: False
[2026-03-30T07:30:35.570+0000] {subprocess.py:106} INFO - [0m07:30:35    host: None
[2026-03-30T07:30:35.571+0000] {subprocess.py:106} INFO - [0m07:30:35    port: None
[2026-03-30T07:30:35.571+0000] {subprocess.py:106} INFO - [0m07:30:35    proxy_host: None
[2026-03-30T07:30:35.572+0000] {subprocess.py:106} INFO - [0m07:30:35    proxy_port: None
[2026-03-30T07:30:35.572+0000] {subprocess.py:106} INFO - [0m07:30:35    protocol: None
[2026-03-30T07:30:35.572+0000] {subprocess.py:106} INFO - [0m07:30:35    connect_retries: 1
[2026-03-30T07:30:35.573+0000] {subprocess.py:106} INFO - [0m07:30:35    connect_timeout: None
[2026-03-30T07:30:35.573+0000] {subprocess.py:106} INFO - [0m07:30:35    retry_on_database_errors: False
[2026-03-30T07:30:35.573+0000] {subprocess.py:106} INFO - [0m07:30:35    retry_all: False
[2026-03-30T07:30:35.574+0000] {subprocess.py:106} INFO - [0m07:30:35    insecure_mode: False
[2026-03-30T07:30:35.574+0000] {subprocess.py:106} INFO - [0m07:30:35    reuse_connections: True
[2026-03-30T07:30:35.575+0000] {subprocess.py:106} INFO - [0m07:30:35    s3_stage_vpce_dns_name: None
[2026-03-30T07:30:35.576+0000] {subprocess.py:106} INFO - [0m07:30:35    platform_detection_timeout_seconds: 0.0
[2026-03-30T07:30:35.577+0000] {subprocess.py:106} INFO - [0m07:30:35  Registered adapter: snowflake=1.11.3
[2026-03-30T07:30:36.360+0000] {subprocess.py:106} INFO - [0m07:30:36    Connection test: [[32mOK connection ok[0m]
[2026-03-30T07:30:36.362+0000] {subprocess.py:106} INFO - 
[2026-03-30T07:30:36.363+0000] {subprocess.py:106} INFO - [0m07:30:36  [31m1 check failed:[0m
[2026-03-30T07:30:36.364+0000] {subprocess.py:106} INFO - [0m07:30:36  Error from git --help: Could not find command, ensure it is in the user's PATH: "git"
[2026-03-30T07:30:36.366+0000] {subprocess.py:106} INFO - 
[2026-03-30T07:30:38.868+0000] {subprocess.py:110} INFO - Command exited with return code 1
[2026-03-30T07:30:38.871+0000] {taskinstance.py:441} INFO - ::group::Post task execution logs
[2026-03-30T07:30:38.897+0000] {taskinstance.py:2905} ERROR - Task failed with exception
Traceback (most recent call last):
  File "/home/airflow/.local/lib/python3.12/site-packages/airflow/models/taskinstance.py", line 465, in _execute_task
    result = _execute_callable(context=context, **execute_callable_kwargs)
             ^^^^^^^^^^^^^^^^^^^^^^^^^^^^^^^^^^^^^^^^^^^^^^^^^^^^^^^^^^^^^
  File "/home/airflow/.local/lib/python3.12/site-packages/airflow/models/taskinstance.py", line 432, in _execute_callable
    return execute_callable(context=context, **execute_callable_kwargs)
           ^^^^^^^^^^^^^^^^^^^^^^^^^^^^^^^^^^^^^^^^^^^^^^^^^^^^^^^^^^^^
  File "/home/airflow/.local/lib/python3.12/site-packages/airflow/models/baseoperator.py", line 401, in wrapper
    return func(self, *args, **kwargs)
           ^^^^^^^^^^^^^^^^^^^^^^^^^^^
  File "/home/airflow/.local/lib/python3.12/site-packages/airflow/providers/standard/operators/bash.py", line 233, in execute
    raise AirflowException(
airflow.exceptions.AirflowException: Bash command failed. The command returned a non-zero exit code 1.
[2026-03-30T07:30:38.905+0000] {taskinstance.py:1206} INFO - Marking task as UP_FOR_RETRY. dag_id=banking_01_bronze_layer, task_id=debug, run_id=scheduled__2026-03-30T07:00:00+00:00, execution_date=20260330T070000, start_date=20260330T073033, end_date=20260330T073038
[2026-03-30T07:30:38.936+0000] {standard_task_runner.py:110} ERROR - Failed to execute job 7823 for task debug (Bash command failed. The command returned a non-zero exit code 1.; 6888)
[2026-03-30T07:30:38.960+0000] {local_task_job_runner.py:243} INFO - Task exited with return code 1
[2026-03-30T07:30:38.990+0000] {taskinstance.py:3503} INFO - 0 downstream tasks scheduled from follow-on schedule check
[2026-03-30T07:30:38.991+0000] {local_task_job_runner.py:222} INFO - ::endgroup::
