[2026-03-29T13:21:14.780+0000] {local_task_job_runner.py:120} INFO - ::group::Pre task execution logs
[2026-03-29T13:21:14.795+0000] {taskinstance.py:2076} INFO - Dependencies all met for dep_context=non-requeueable deps ti=<TaskInstance: banking_01_bronze_layer.build_bronze_cust scheduled__2026-03-29T12:30:00+00:00 [queued]>
[2026-03-29T13:21:14.799+0000] {taskinstance.py:2076} INFO - Dependencies all met for dep_context=requeueable deps ti=<TaskInstance: banking_01_bronze_layer.build_bronze_cust scheduled__2026-03-29T12:30:00+00:00 [queued]>
[2026-03-29T13:21:14.799+0000] {taskinstance.py:2306} INFO - Starting attempt 2 of 2
[2026-03-29T13:21:14.805+0000] {taskinstance.py:2330} INFO - Executing <Task(BashOperator): build_bronze_cust> on 2026-03-29 12:30:00+00:00
[2026-03-29T13:21:14.807+0000] {standard_task_runner.py:64} INFO - Started process 2161 to run task
[2026-03-29T13:21:14.808+0000] {standard_task_runner.py:90} INFO - Running: ['***', 'tasks', 'run', 'banking_01_bronze_layer', 'build_bronze_cust', 'scheduled__2026-03-29T12:30:00+00:00', '--job-id', '7246', '--raw', '--subdir', 'DAGS_FOLDER/dbt.py', '--cfg-path', '/tmp/tmp_b0f6oqi']
[2026-03-29T13:21:14.810+0000] {standard_task_runner.py:91} INFO - Job 7246: Subtask build_bronze_cust
[2026-03-29T13:21:14.839+0000] {task_command.py:426} INFO - Running <TaskInstance: banking_01_bronze_layer.build_bronze_cust scheduled__2026-03-29T12:30:00+00:00 [running]> on host c990dffe13ae
[2026-03-29T13:21:14.881+0000] {taskinstance.py:2648} INFO - Exporting env vars: AIRFLOW_CTX_DAG_OWNER='risheek' AIRFLOW_CTX_DAG_ID='banking_01_bronze_layer' AIRFLOW_CTX_TASK_ID='build_bronze_cust' AIRFLOW_CTX_EXECUTION_DATE='2026-03-29T12:30:00+00:00' AIRFLOW_CTX_TRY_NUMBER='2' AIRFLOW_CTX_DAG_RUN_ID='scheduled__2026-03-29T12:30:00+00:00'
[2026-03-29T13:21:14.882+0000] {taskinstance.py:430} INFO - ::endgroup::
[2026-03-29T13:21:14.882+0000] {subprocess.py:78} INFO - Tmp dir root location: /tmp
[2026-03-29T13:21:14.883+0000] {subprocess.py:88} INFO - Running command: ['/usr/bin/bash', '-c', 'dbt build --select bronze_cust']
[2026-03-29T13:21:14.887+0000] {subprocess.py:99} INFO - Output:
[2026-03-29T13:21:16.109+0000] {subprocess.py:106} INFO - [0m13:21:16  Running with dbt=1.11.7
[2026-03-29T13:21:16.596+0000] {subprocess.py:106} INFO - [0m13:21:16  Registered adapter: snowflake=1.11.3
[2026-03-29T13:21:16.731+0000] {subprocess.py:106} INFO - [0m13:21:16  [[33mWARNING[0m]: Configuration paths exist in your dbt_project.yml file which do not apply to any resources.
[2026-03-29T13:21:16.731+0000] {subprocess.py:106} INFO - There are 1 unused configuration paths:
[2026-03-29T13:21:16.731+0000] {subprocess.py:106} INFO - - models.trans_snowf.example
[2026-03-29T13:21:16.833+0000] {subprocess.py:106} INFO - [0m13:21:16  Found 14 models, 3 sources, 522 macros
[2026-03-29T13:21:16.834+0000] {subprocess.py:106} INFO - [0m13:21:16
[2026-03-29T13:21:16.835+0000] {subprocess.py:106} INFO - [0m13:21:16  Concurrency: 1 threads (target='dev')
[2026-03-29T13:21:16.835+0000] {subprocess.py:106} INFO - [0m13:21:16
[2026-03-29T13:21:18.536+0000] {subprocess.py:106} INFO - [0m13:21:18  1 of 1 START sql incremental model PUBLIC_BRONZE.bronze_cust ................... [RUN]
[2026-03-29T13:21:21.453+0000] {subprocess.py:106} INFO - [0m13:21:21  1 of 1 OK created sql incremental model PUBLIC_BRONZE.bronze_cust .............. [[32mSUCCESS 0[0m in 2.91s]
[2026-03-29T13:21:21.663+0000] {subprocess.py:106} INFO - [0m13:21:21
[2026-03-29T13:21:21.664+0000] {subprocess.py:106} INFO - [0m13:21:21  Finished running 1 incremental model in 0 hours 0 minutes and 4.83 seconds (4.83s).
[2026-03-29T13:21:21.729+0000] {subprocess.py:106} INFO - [0m13:21:21
[2026-03-29T13:21:21.729+0000] {subprocess.py:106} INFO - [0m13:21:21  [32mCompleted successfully[0m
[2026-03-29T13:21:21.730+0000] {subprocess.py:106} INFO - [0m13:21:21
[2026-03-29T13:21:21.730+0000] {subprocess.py:106} INFO - [0m13:21:21  Done. PASS=1 WARN=0 ERROR=0 SKIP=0 NO-OP=0 TOTAL=1
[2026-03-29T13:21:24.073+0000] {subprocess.py:110} INFO - Command exited with return code 0
[2026-03-29T13:21:24.075+0000] {taskinstance.py:441} INFO - ::group::Post task execution logs
[2026-03-29T13:21:24.099+0000] {taskinstance.py:1206} INFO - Marking task as SUCCESS. dag_id=banking_01_bronze_layer, task_id=build_bronze_cust, run_id=scheduled__2026-03-29T12:30:00+00:00, execution_date=20260329T123000, start_date=20260329T132114, end_date=20260329T132124
[2026-03-29T13:21:24.123+0000] {local_task_job_runner.py:243} INFO - Task exited with return code 0
[2026-03-29T13:21:24.135+0000] {taskinstance.py:3503} INFO - 0 downstream tasks scheduled from follow-on schedule check
[2026-03-29T13:21:24.136+0000] {local_task_job_runner.py:222} INFO - ::endgroup::
