[2026-03-25T14:51:29.131+0000] {local_task_job_runner.py:120} INFO - ::group::Pre task execution logs
[2026-03-25T14:51:29.152+0000] {taskinstance.py:2076} INFO - Dependencies all met for dep_context=non-requeueable deps ti=<TaskInstance: transfer_from_minio_to_snowflake_accounts.create_raw scheduled__2026-03-25T14:50:00+00:00 [queued]>
[2026-03-25T14:51:29.157+0000] {taskinstance.py:2076} INFO - Dependencies all met for dep_context=requeueable deps ti=<TaskInstance: transfer_from_minio_to_snowflake_accounts.create_raw scheduled__2026-03-25T14:50:00+00:00 [queued]>
[2026-03-25T14:51:29.157+0000] {taskinstance.py:2306} INFO - Starting attempt 1 of 3
[2026-03-25T14:51:29.164+0000] {taskinstance.py:2330} INFO - Executing <Task(SQLExecuteQueryOperator): create_raw> on 2026-03-25 14:50:00+00:00
[2026-03-25T14:51:29.173+0000] {logging_mixin.py:188} WARNING - /home/***/.local/lib/python3.12/site-packages/***/task/task_runner/standard_task_runner.py:62 DeprecationWarning: This process (pid=1075) is multi-threaded, use of fork() may lead to deadlocks in the child.
[2026-03-25T14:51:29.171+0000] {standard_task_runner.py:90} INFO - Running: ['***', 'tasks', 'run', 'transfer_from_minio_to_snowflake_accounts', 'create_raw', 'scheduled__2026-03-25T14:50:00+00:00', '--job-id', '1402', '--raw', '--subdir', 'DAGS_FOLDER/transfer.py', '--cfg-path', '/tmp/tmp6axsa9q6']
[2026-03-25T14:51:29.173+0000] {standard_task_runner.py:91} INFO - Job 1402: Subtask create_raw
[2026-03-25T14:51:29.173+0000] {standard_task_runner.py:64} INFO - Started process 1087 to run task
[2026-03-25T14:51:29.209+0000] {task_command.py:426} INFO - Running <TaskInstance: transfer_from_minio_to_snowflake_accounts.create_raw scheduled__2026-03-25T14:50:00+00:00 [running]> on host c990dffe13ae
[2026-03-25T14:51:29.384+0000] {taskinstance.py:2648} INFO - Exporting env vars: AIRFLOW_CTX_DAG_OWNER='***' AIRFLOW_CTX_DAG_ID='transfer_from_minio_to_snowflake_accounts' AIRFLOW_CTX_TASK_ID='create_raw' AIRFLOW_CTX_EXECUTION_DATE='2026-03-25T14:50:00+00:00' AIRFLOW_CTX_TRY_NUMBER='1' AIRFLOW_CTX_DAG_RUN_ID='scheduled__2026-03-25T14:50:00+00:00'
[2026-03-25T14:51:29.384+0000] {taskinstance.py:430} INFO - ::endgroup::
[2026-03-25T14:51:29.385+0000] {sql.py:282} INFO - Executing:  CREATE TABLE IF NOT EXISTS RAW_ACCOUNTS (
                    raw_json VARIANT,
                    inserted_at TIMESTAMP_NTZ DEFAULT CURRENT_TIMESTAMP());
                  
[2026-03-25T14:51:29.390+0000] {base.py:84} INFO - Using connection ID 'warehouse_id' for task execution.
[2026-03-25T14:51:29.423+0000] {base.py:84} INFO - Using connection ID 'warehouse_id' for task execution.
[2026-03-25T14:51:29.462+0000] {connection.py:613} INFO - Snowflake Connector for Python Version: 4.3.0, Python Version: 3.12.4, Platform: Linux-6.12.76-linuxkit-aarch64-with-glibc2.36
[2026-03-25T14:51:29.462+0000] {connection.py:1709} INFO - Connecting to GLOBAL Snowflake domain
[2026-03-25T14:51:32.497+0000] {sql.py:495} INFO - Running statement: CREATE TABLE IF NOT EXISTS RAW_ACCOUNTS (
                    raw_json VARIANT,
                    inserted_at TIMESTAMP_NTZ DEFAULT CURRENT_TIMESTAMP());, parameters: None
[2026-03-25T14:51:32.660+0000] {sql.py:504} INFO - Rows affected: 1
[2026-03-25T14:51:32.662+0000] {snowflake.py:422} INFO - Rows affected: 1
[2026-03-25T14:51:32.663+0000] {snowflake.py:423} INFO - Snowflake query id: 01c3441b-3202-7cb1-0014-90e60003b832
[2026-03-25T14:51:33.334+0000] {taskinstance.py:441} INFO - ::group::Post task execution logs
[2026-03-25T14:51:33.393+0000] {taskinstance.py:1206} INFO - Marking task as SUCCESS. dag_id=transfer_from_minio_to_snowflake_accounts, task_id=create_raw, run_id=scheduled__2026-03-25T14:50:00+00:00, execution_date=20260325T145000, start_date=20260325T145129, end_date=20260325T145133
[2026-03-25T14:51:33.445+0000] {local_task_job_runner.py:243} INFO - Task exited with return code 0
[2026-03-25T14:51:33.494+0000] {taskinstance.py:3503} INFO - 1 downstream tasks scheduled from follow-on schedule check
[2026-03-25T14:51:33.495+0000] {local_task_job_runner.py:222} INFO - ::endgroup::
