[2026-03-28T11:46:12.302+0000] {local_task_job_runner.py:120} INFO - ::group::Pre task execution logs
[2026-03-28T11:46:12.318+0000] {taskinstance.py:2076} INFO - Dependencies all met for dep_context=non-requeueable deps ti=<TaskInstance: transfer_from_minio_to_snowflake_accounts.create_raw scheduled__2026-03-28T11:45:00+00:00 [queued]>
[2026-03-28T11:46:12.321+0000] {taskinstance.py:2076} INFO - Dependencies all met for dep_context=requeueable deps ti=<TaskInstance: transfer_from_minio_to_snowflake_accounts.create_raw scheduled__2026-03-28T11:45:00+00:00 [queued]>
[2026-03-28T11:46:12.321+0000] {taskinstance.py:2306} INFO - Starting attempt 1 of 3
[2026-03-28T11:46:12.326+0000] {taskinstance.py:2330} INFO - Executing <Task(SQLExecuteQueryOperator): create_raw> on 2026-03-28 11:45:00+00:00
[2026-03-28T11:46:12.332+0000] {logging_mixin.py:188} WARNING - /home/***/.local/lib/python3.12/site-packages/***/task/task_runner/standard_task_runner.py:62 DeprecationWarning: This process (pid=6394) is multi-threaded, use of fork() may lead to deadlocks in the child.
[2026-03-28T11:46:12.331+0000] {standard_task_runner.py:90} INFO - Running: ['***', 'tasks', 'run', 'transfer_from_minio_to_snowflake_accounts', 'create_raw', 'scheduled__2026-03-28T11:45:00+00:00', '--job-id', '6722', '--raw', '--subdir', 'DAGS_FOLDER/transfer.py', '--cfg-path', '/tmp/tmpa8y16_5i']
[2026-03-28T11:46:12.333+0000] {standard_task_runner.py:91} INFO - Job 6722: Subtask create_raw
[2026-03-28T11:46:12.333+0000] {standard_task_runner.py:64} INFO - Started process 6406 to run task
[2026-03-28T11:46:12.362+0000] {task_command.py:426} INFO - Running <TaskInstance: transfer_from_minio_to_snowflake_accounts.create_raw scheduled__2026-03-28T11:45:00+00:00 [running]> on host c990dffe13ae
[2026-03-28T11:46:12.514+0000] {taskinstance.py:2648} INFO - Exporting env vars: AIRFLOW_CTX_DAG_OWNER='***' AIRFLOW_CTX_DAG_ID='transfer_from_minio_to_snowflake_accounts' AIRFLOW_CTX_TASK_ID='create_raw' AIRFLOW_CTX_EXECUTION_DATE='2026-03-28T11:45:00+00:00' AIRFLOW_CTX_TRY_NUMBER='1' AIRFLOW_CTX_DAG_RUN_ID='scheduled__2026-03-28T11:45:00+00:00'
[2026-03-28T11:46:12.515+0000] {taskinstance.py:430} INFO - ::endgroup::
[2026-03-28T11:46:12.515+0000] {sql.py:282} INFO - Executing:  CREATE TABLE IF NOT EXISTS RAW_ACCOUNTS (
                    raw_json VARIANT,
                    inserted_at TIMESTAMP_NTZ DEFAULT CURRENT_TIMESTAMP());
                  
[2026-03-28T11:46:12.520+0000] {base.py:84} INFO - Using connection ID 'warehouse_id' for task execution.
[2026-03-28T11:46:12.550+0000] {base.py:84} INFO - Using connection ID 'warehouse_id' for task execution.
[2026-03-28T11:46:12.587+0000] {connection.py:613} INFO - Snowflake Connector for Python Version: 4.3.0, Python Version: 3.12.4, Platform: Linux-6.12.76-linuxkit-aarch64-with-glibc2.36
[2026-03-28T11:46:12.588+0000] {connection.py:1709} INFO - Connecting to GLOBAL Snowflake domain
[2026-03-28T11:46:13.379+0000] {sql.py:495} INFO - Running statement: CREATE TABLE IF NOT EXISTS RAW_ACCOUNTS (
                    raw_json VARIANT,
                    inserted_at TIMESTAMP_NTZ DEFAULT CURRENT_TIMESTAMP());, parameters: None
[2026-03-28T11:46:13.532+0000] {sql.py:504} INFO - Rows affected: 1
[2026-03-28T11:46:13.533+0000] {snowflake.py:422} INFO - Rows affected: 1
[2026-03-28T11:46:13.534+0000] {snowflake.py:423} INFO - Snowflake query id: 01c35442-3202-839d-0014-90e600052d4e
[2026-03-28T11:46:13.896+0000] {taskinstance.py:441} INFO - ::group::Post task execution logs
[2026-03-28T11:46:13.935+0000] {taskinstance.py:1206} INFO - Marking task as SUCCESS. dag_id=transfer_from_minio_to_snowflake_accounts, task_id=create_raw, run_id=scheduled__2026-03-28T11:45:00+00:00, execution_date=20260328T114500, start_date=20260328T114612, end_date=20260328T114613
[2026-03-28T11:46:13.958+0000] {local_task_job_runner.py:243} INFO - Task exited with return code 0
[2026-03-28T11:46:13.985+0000] {taskinstance.py:3503} INFO - 1 downstream tasks scheduled from follow-on schedule check
[2026-03-28T11:46:13.986+0000] {local_task_job_runner.py:222} INFO - ::endgroup::
