[2026-03-30T18:50:25.242+0000] {local_task_job_runner.py:120} INFO - ::group::Pre task execution logs
[2026-03-30T18:50:25.259+0000] {taskinstance.py:2076} INFO - Dependencies all met for dep_context=non-requeueable deps ti=<TaskInstance: banking_01_bronze_layer.debug scheduled__2026-03-30T18:00:00+00:00 [queued]>
[2026-03-30T18:50:25.262+0000] {taskinstance.py:2076} INFO - Dependencies all met for dep_context=requeueable deps ti=<TaskInstance: banking_01_bronze_layer.debug scheduled__2026-03-30T18:00:00+00:00 [queued]>
[2026-03-30T18:50:25.262+0000] {taskinstance.py:2306} INFO - Starting attempt 1 of 2
[2026-03-30T18:50:25.269+0000] {taskinstance.py:2330} INFO - Executing <Task(BashOperator): debug> on 2026-03-30 18:00:00+00:00
[2026-03-30T18:50:25.272+0000] {standard_task_runner.py:64} INFO - Started process 23321 to run task
[2026-03-30T18:50:25.273+0000] {standard_task_runner.py:90} INFO - Running: ['***', 'tasks', 'run', 'banking_01_bronze_layer', 'debug', 'scheduled__2026-03-30T18:00:00+00:00', '--job-id', '8644', '--raw', '--subdir', 'DAGS_FOLDER/dbt.py', '--cfg-path', '/tmp/tmp84zgx2r8']
[2026-03-30T18:50:25.275+0000] {standard_task_runner.py:91} INFO - Job 8644: Subtask debug
[2026-03-30T18:50:25.312+0000] {task_command.py:426} INFO - Running <TaskInstance: banking_01_bronze_layer.debug scheduled__2026-03-30T18:00:00+00:00 [running]> on host c990dffe13ae
[2026-03-30T18:50:25.372+0000] {taskinstance.py:2648} INFO - Exporting env vars: AIRFLOW_CTX_DAG_OWNER='risheek' AIRFLOW_CTX_DAG_ID='banking_01_bronze_layer' AIRFLOW_CTX_TASK_ID='debug' AIRFLOW_CTX_EXECUTION_DATE='2026-03-30T18:00:00+00:00' AIRFLOW_CTX_TRY_NUMBER='1' AIRFLOW_CTX_DAG_RUN_ID='scheduled__2026-03-30T18:00:00+00:00'
[2026-03-30T18:50:25.372+0000] {taskinstance.py:430} INFO - ::endgroup::
[2026-03-30T18:50:25.373+0000] {subprocess.py:78} INFO - Tmp dir root location: /tmp
[2026-03-30T18:50:25.374+0000] {subprocess.py:88} INFO - Running command: ['/usr/bin/bash', '-c', 'dbt debug --profiles-dir /opt/***/dbt/trans_snowf']
[2026-03-30T18:50:25.378+0000] {subprocess.py:99} INFO - Output:
[2026-03-30T18:50:26.785+0000] {subprocess.py:106} INFO - [0m18:50:26  Running with dbt=1.11.7
[2026-03-30T18:50:26.792+0000] {subprocess.py:106} INFO - [0m18:50:26  dbt version: 1.11.7
[2026-03-30T18:50:26.792+0000] {subprocess.py:106} INFO - [0m18:50:26  python version: 3.12.4
[2026-03-30T18:50:26.793+0000] {subprocess.py:106} INFO - [0m18:50:26  python path: /home/***/.local/bin/python
[2026-03-30T18:50:26.793+0000] {subprocess.py:106} INFO - [0m18:50:26  os info: Linux-6.12.76-linuxkit-aarch64-with-glibc2.36
[2026-03-30T18:50:27.245+0000] {subprocess.py:106} INFO - [0m18:50:27  Using profiles dir at /opt/***/dbt/trans_snowf
[2026-03-30T18:50:27.245+0000] {subprocess.py:106} INFO - [0m18:50:27  Using profiles.yml file at /opt/***/dbt/trans_snowf/profiles.yml
[2026-03-30T18:50:27.246+0000] {subprocess.py:106} INFO - [0m18:50:27  Using dbt_project.yml file at /opt/***/dbt/trans_snowf/dbt_project.yml
[2026-03-30T18:50:27.246+0000] {subprocess.py:106} INFO - [0m18:50:27  adapter type: snowflake
[2026-03-30T18:50:27.246+0000] {subprocess.py:106} INFO - [0m18:50:27  adapter version: 1.11.3
[2026-03-30T18:50:27.298+0000] {subprocess.py:106} INFO - [0m18:50:27  Configuration:
[2026-03-30T18:50:27.299+0000] {subprocess.py:106} INFO - [0m18:50:27    profiles.yml file [[32mOK found and valid[0m]
[2026-03-30T18:50:27.299+0000] {subprocess.py:106} INFO - [0m18:50:27    dbt_project.yml file [[32mOK found and valid[0m]
[2026-03-30T18:50:27.299+0000] {subprocess.py:106} INFO - [0m18:50:27  Required dependencies:
[2026-03-30T18:50:27.300+0000] {subprocess.py:106} INFO - [0m18:50:27   - git [[31mERROR[0m]
[2026-03-30T18:50:27.301+0000] {subprocess.py:106} INFO - 
[2026-03-30T18:50:27.301+0000] {subprocess.py:106} INFO - [0m18:50:27  Connection:
[2026-03-30T18:50:27.301+0000] {subprocess.py:106} INFO - [0m18:50:27    account: BBMCDSP-CT02489
[2026-03-30T18:50:27.301+0000] {subprocess.py:106} INFO - [0m18:50:27    user: user123
[2026-03-30T18:50:27.302+0000] {subprocess.py:106} INFO - [0m18:50:27    database: BANKING
[2026-03-30T18:50:27.302+0000] {subprocess.py:106} INFO - [0m18:50:27    warehouse: COMPUTE_WH
[2026-03-30T18:50:27.303+0000] {subprocess.py:106} INFO - [0m18:50:27    role: dbtadmin
[2026-03-30T18:50:27.303+0000] {subprocess.py:106} INFO - [0m18:50:27    schema: PUBLIC
[2026-03-30T18:50:27.303+0000] {subprocess.py:106} INFO - [0m18:50:27    authenticator: None
[2026-03-30T18:50:27.304+0000] {subprocess.py:106} INFO - [0m18:50:27    oauth_client_id: None
[2026-03-30T18:50:27.304+0000] {subprocess.py:106} INFO - [0m18:50:27    query_tag: None
[2026-03-30T18:50:27.304+0000] {subprocess.py:106} INFO - [0m18:50:27    client_session_keep_alive: False
[2026-03-30T18:50:27.304+0000] {subprocess.py:106} INFO - [0m18:50:27    host: None
[2026-03-30T18:50:27.305+0000] {subprocess.py:106} INFO - [0m18:50:27    port: None
[2026-03-30T18:50:27.305+0000] {subprocess.py:106} INFO - [0m18:50:27    proxy_host: None
[2026-03-30T18:50:27.305+0000] {subprocess.py:106} INFO - [0m18:50:27    proxy_port: None
[2026-03-30T18:50:27.306+0000] {subprocess.py:106} INFO - [0m18:50:27    protocol: None
[2026-03-30T18:50:27.306+0000] {subprocess.py:106} INFO - [0m18:50:27    connect_retries: 1
[2026-03-30T18:50:27.306+0000] {subprocess.py:106} INFO - [0m18:50:27    connect_timeout: None
[2026-03-30T18:50:27.307+0000] {subprocess.py:106} INFO - [0m18:50:27    retry_on_database_errors: False
[2026-03-30T18:50:27.307+0000] {subprocess.py:106} INFO - [0m18:50:27    retry_all: False
[2026-03-30T18:50:27.307+0000] {subprocess.py:106} INFO - [0m18:50:27    insecure_mode: False
[2026-03-30T18:50:27.308+0000] {subprocess.py:106} INFO - [0m18:50:27    reuse_connections: True
[2026-03-30T18:50:27.308+0000] {subprocess.py:106} INFO - [0m18:50:27    s3_stage_vpce_dns_name: None
[2026-03-30T18:50:27.309+0000] {subprocess.py:106} INFO - [0m18:50:27    platform_detection_timeout_seconds: 0.0
[2026-03-30T18:50:27.309+0000] {subprocess.py:106} INFO - [0m18:50:27  Registered adapter: snowflake=1.11.3
[2026-03-30T18:50:29.635+0000] {subprocess.py:106} INFO - [0m18:50:29    Connection test: [[32mOK connection ok[0m]
[2026-03-30T18:50:29.636+0000] {subprocess.py:106} INFO - 
[2026-03-30T18:50:29.636+0000] {subprocess.py:106} INFO - [0m18:50:29  [31m1 check failed:[0m
[2026-03-30T18:50:29.637+0000] {subprocess.py:106} INFO - [0m18:50:29  Error from git --help: Could not find command, ensure it is in the user's PATH: "git"
[2026-03-30T18:50:29.638+0000] {subprocess.py:106} INFO - 
[2026-03-30T18:50:31.432+0000] {subprocess.py:110} INFO - Command exited with return code 1
[2026-03-30T18:50:31.434+0000] {taskinstance.py:441} INFO - ::group::Post task execution logs
[2026-03-30T18:50:31.448+0000] {taskinstance.py:2905} ERROR - Task failed with exception
Traceback (most recent call last):
  File "/home/airflow/.local/lib/python3.12/site-packages/airflow/models/taskinstance.py", line 465, in _execute_task
    result = _execute_callable(context=context, **execute_callable_kwargs)
             ^^^^^^^^^^^^^^^^^^^^^^^^^^^^^^^^^^^^^^^^^^^^^^^^^^^^^^^^^^^^^
  File "/home/airflow/.local/lib/python3.12/site-packages/airflow/models/taskinstance.py", line 432, in _execute_callable
    return execute_callable(context=context, **execute_callable_kwargs)
           ^^^^^^^^^^^^^^^^^^^^^^^^^^^^^^^^^^^^^^^^^^^^^^^^^^^^^^^^^^^^
  File "/home/airflow/.local/lib/python3.12/site-packages/airflow/models/baseoperator.py", line 401, in wrapper
    return func(self, *args, **kwargs)
           ^^^^^^^^^^^^^^^^^^^^^^^^^^^
  File "/home/airflow/.local/lib/python3.12/site-packages/airflow/providers/standard/operators/bash.py", line 233, in execute
    raise AirflowException(
airflow.exceptions.AirflowException: Bash command failed. The command returned a non-zero exit code 1.
[2026-03-30T18:50:31.452+0000] {taskinstance.py:1206} INFO - Marking task as UP_FOR_RETRY. dag_id=banking_01_bronze_layer, task_id=debug, run_id=scheduled__2026-03-30T18:00:00+00:00, execution_date=20260330T180000, start_date=20260330T185025, end_date=20260330T185031
[2026-03-30T18:50:31.464+0000] {standard_task_runner.py:110} ERROR - Failed to execute job 8644 for task debug (Bash command failed. The command returned a non-zero exit code 1.; 23321)
[2026-03-30T18:50:31.512+0000] {local_task_job_runner.py:243} INFO - Task exited with return code 1
[2026-03-30T18:50:31.533+0000] {taskinstance.py:3503} INFO - 0 downstream tasks scheduled from follow-on schedule check
[2026-03-30T18:50:31.534+0000] {local_task_job_runner.py:222} INFO - ::endgroup::
