[2026-03-30T01:21:37.148+0000] {local_task_job_runner.py:120} INFO - ::group::Pre task execution logs
[2026-03-30T01:21:37.162+0000] {taskinstance.py:2076} INFO - Dependencies all met for dep_context=non-requeueable deps ti=<TaskInstance: banking_01_bronze_layer.build_bronze_cust scheduled__2026-03-30T00:30:00+00:00 [queued]>
[2026-03-30T01:21:37.165+0000] {taskinstance.py:2076} INFO - Dependencies all met for dep_context=requeueable deps ti=<TaskInstance: banking_01_bronze_layer.build_bronze_cust scheduled__2026-03-30T00:30:00+00:00 [queued]>
[2026-03-30T01:21:37.165+0000] {taskinstance.py:2306} INFO - Starting attempt 1 of 2
[2026-03-30T01:21:37.171+0000] {taskinstance.py:2330} INFO - Executing <Task(BashOperator): build_bronze_cust> on 2026-03-30 00:30:00+00:00
[2026-03-30T01:21:37.173+0000] {standard_task_runner.py:64} INFO - Started process 6558 to run task
[2026-03-30T01:21:37.175+0000] {standard_task_runner.py:90} INFO - Running: ['***', 'tasks', 'run', 'banking_01_bronze_layer', 'build_bronze_cust', 'scheduled__2026-03-30T00:30:00+00:00', '--job-id', '7387', '--raw', '--subdir', 'DAGS_FOLDER/dbt.py', '--cfg-path', '/tmp/tmpk5dxwhsc']
[2026-03-30T01:21:37.176+0000] {standard_task_runner.py:91} INFO - Job 7387: Subtask build_bronze_cust
[2026-03-30T01:21:37.201+0000] {task_command.py:426} INFO - Running <TaskInstance: banking_01_bronze_layer.build_bronze_cust scheduled__2026-03-30T00:30:00+00:00 [running]> on host c990dffe13ae
[2026-03-30T01:21:37.245+0000] {taskinstance.py:2648} INFO - Exporting env vars: AIRFLOW_CTX_DAG_OWNER='risheek' AIRFLOW_CTX_DAG_ID='banking_01_bronze_layer' AIRFLOW_CTX_TASK_ID='build_bronze_cust' AIRFLOW_CTX_EXECUTION_DATE='2026-03-30T00:30:00+00:00' AIRFLOW_CTX_TRY_NUMBER='1' AIRFLOW_CTX_DAG_RUN_ID='scheduled__2026-03-30T00:30:00+00:00'
[2026-03-30T01:21:37.245+0000] {taskinstance.py:430} INFO - ::endgroup::
[2026-03-30T01:21:37.246+0000] {subprocess.py:78} INFO - Tmp dir root location: /tmp
[2026-03-30T01:21:37.246+0000] {subprocess.py:88} INFO - Running command: ['/usr/bin/bash', '-c', 'dbt build --select bronze_cust']
[2026-03-30T01:21:37.249+0000] {subprocess.py:99} INFO - Output:
[2026-03-30T01:21:38.387+0000] {subprocess.py:106} INFO - [0m01:21:38  Running with dbt=1.11.7
[2026-03-30T01:21:38.846+0000] {subprocess.py:106} INFO - [0m01:21:38  Registered adapter: snowflake=1.11.3
[2026-03-30T01:21:38.978+0000] {subprocess.py:106} INFO - [0m01:21:38  [[33mWARNING[0m]: Configuration paths exist in your dbt_project.yml file which do not apply to any resources.
[2026-03-30T01:21:38.978+0000] {subprocess.py:106} INFO - There are 1 unused configuration paths:
[2026-03-30T01:21:38.979+0000] {subprocess.py:106} INFO - - models.trans_snowf.example
[2026-03-30T01:21:39.080+0000] {subprocess.py:106} INFO - [0m01:21:39  Found 14 models, 3 sources, 522 macros
[2026-03-30T01:21:39.081+0000] {subprocess.py:106} INFO - [0m01:21:39
[2026-03-30T01:21:39.081+0000] {subprocess.py:106} INFO - [0m01:21:39  Concurrency: 1 threads (target='dev')
[2026-03-30T01:21:39.082+0000] {subprocess.py:106} INFO - [0m01:21:39
[2026-03-30T01:21:41.243+0000] {subprocess.py:106} INFO - [0m01:21:41  1 of 1 START sql incremental model PUBLIC_BRONZE.bronze_cust ................... [RUN]
[2026-03-30T01:21:43.614+0000] {subprocess.py:106} INFO - [0m01:21:43  1 of 1 OK created sql incremental model PUBLIC_BRONZE.bronze_cust .............. [[32mSUCCESS 0[0m in 2.37s]
[2026-03-30T01:21:43.846+0000] {subprocess.py:106} INFO - [0m01:21:43
[2026-03-30T01:21:43.848+0000] {subprocess.py:106} INFO - [0m01:21:43  Finished running 1 incremental model in 0 hours 0 minutes and 4.76 seconds (4.76s).
[2026-03-30T01:21:43.912+0000] {subprocess.py:106} INFO - [0m01:21:43
[2026-03-30T01:21:43.912+0000] {subprocess.py:106} INFO - [0m01:21:43  [32mCompleted successfully[0m
[2026-03-30T01:21:43.913+0000] {subprocess.py:106} INFO - [0m01:21:43
[2026-03-30T01:21:43.913+0000] {subprocess.py:106} INFO - [0m01:21:43  Done. PASS=1 WARN=0 ERROR=0 SKIP=0 NO-OP=0 TOTAL=1
[2026-03-30T01:21:45.475+0000] {subprocess.py:110} INFO - Command exited with return code 0
[2026-03-30T01:21:45.476+0000] {taskinstance.py:441} INFO - ::group::Post task execution logs
[2026-03-30T01:21:45.497+0000] {taskinstance.py:1206} INFO - Marking task as SUCCESS. dag_id=banking_01_bronze_layer, task_id=build_bronze_cust, run_id=scheduled__2026-03-30T00:30:00+00:00, execution_date=20260330T003000, start_date=20260330T012137, end_date=20260330T012145
[2026-03-30T01:21:45.537+0000] {local_task_job_runner.py:243} INFO - Task exited with return code 0
[2026-03-30T01:21:45.549+0000] {taskinstance.py:3503} INFO - 0 downstream tasks scheduled from follow-on schedule check
[2026-03-30T01:21:45.550+0000] {local_task_job_runner.py:222} INFO - ::endgroup::
