[2026-03-29T14:19:46.523+0000] {local_task_job_runner.py:120} INFO - ::group::Pre task execution logs
[2026-03-29T14:19:46.539+0000] {taskinstance.py:2076} INFO - Dependencies all met for dep_context=non-requeueable deps ti=<TaskInstance: banking_01_bronze_layer.debug scheduled__2026-03-29T13:30:00+00:00 [queued]>
[2026-03-29T14:19:46.543+0000] {taskinstance.py:2076} INFO - Dependencies all met for dep_context=requeueable deps ti=<TaskInstance: banking_01_bronze_layer.debug scheduled__2026-03-29T13:30:00+00:00 [queued]>
[2026-03-29T14:19:46.543+0000] {taskinstance.py:2306} INFO - Starting attempt 2 of 2
[2026-03-29T14:19:46.549+0000] {taskinstance.py:2330} INFO - Executing <Task(BashOperator): debug> on 2026-03-29 13:30:00+00:00
[2026-03-29T14:19:46.551+0000] {standard_task_runner.py:64} INFO - Started process 2508 to run task
[2026-03-29T14:19:46.553+0000] {standard_task_runner.py:90} INFO - Running: ['***', 'tasks', 'run', 'banking_01_bronze_layer', 'debug', 'scheduled__2026-03-29T13:30:00+00:00', '--job-id', '7258', '--raw', '--subdir', 'DAGS_FOLDER/dbt.py', '--cfg-path', '/tmp/tmp8ikxcyce']
[2026-03-29T14:19:46.554+0000] {standard_task_runner.py:91} INFO - Job 7258: Subtask debug
[2026-03-29T14:19:46.578+0000] {task_command.py:426} INFO - Running <TaskInstance: banking_01_bronze_layer.debug scheduled__2026-03-29T13:30:00+00:00 [running]> on host c990dffe13ae
[2026-03-29T14:19:46.618+0000] {taskinstance.py:2648} INFO - Exporting env vars: AIRFLOW_CTX_DAG_OWNER='risheek' AIRFLOW_CTX_DAG_ID='banking_01_bronze_layer' AIRFLOW_CTX_TASK_ID='debug' AIRFLOW_CTX_EXECUTION_DATE='2026-03-29T13:30:00+00:00' AIRFLOW_CTX_TRY_NUMBER='2' AIRFLOW_CTX_DAG_RUN_ID='scheduled__2026-03-29T13:30:00+00:00'
[2026-03-29T14:19:46.618+0000] {taskinstance.py:430} INFO - ::endgroup::
[2026-03-29T14:19:46.619+0000] {subprocess.py:78} INFO - Tmp dir root location: /tmp
[2026-03-29T14:19:46.619+0000] {subprocess.py:88} INFO - Running command: ['/usr/bin/bash', '-c', 'dbt debug --profiles-dir /opt/***/dbt/trans_snowf']
[2026-03-29T14:19:46.622+0000] {subprocess.py:99} INFO - Output:
[2026-03-29T14:19:47.834+0000] {subprocess.py:106} INFO - [0m14:19:47  Running with dbt=1.11.7
[2026-03-29T14:19:47.840+0000] {subprocess.py:106} INFO - [0m14:19:47  dbt version: 1.11.7
[2026-03-29T14:19:47.840+0000] {subprocess.py:106} INFO - [0m14:19:47  python version: 3.12.4
[2026-03-29T14:19:47.841+0000] {subprocess.py:106} INFO - [0m14:19:47  python path: /home/***/.local/bin/python
[2026-03-29T14:19:47.841+0000] {subprocess.py:106} INFO - [0m14:19:47  os info: Linux-6.12.76-linuxkit-aarch64-with-glibc2.36
[2026-03-29T14:19:48.221+0000] {subprocess.py:106} INFO - [0m14:19:48  Using profiles dir at /opt/***/dbt/trans_snowf
[2026-03-29T14:19:48.221+0000] {subprocess.py:106} INFO - [0m14:19:48  Using profiles.yml file at /opt/***/dbt/trans_snowf/profiles.yml
[2026-03-29T14:19:48.222+0000] {subprocess.py:106} INFO - [0m14:19:48  Using dbt_project.yml file at /opt/***/dbt/trans_snowf/dbt_project.yml
[2026-03-29T14:19:48.222+0000] {subprocess.py:106} INFO - [0m14:19:48  adapter type: snowflake
[2026-03-29T14:19:48.223+0000] {subprocess.py:106} INFO - [0m14:19:48  adapter version: 1.11.3
[2026-03-29T14:19:48.273+0000] {subprocess.py:106} INFO - [0m14:19:48  Configuration:
[2026-03-29T14:19:48.274+0000] {subprocess.py:106} INFO - [0m14:19:48    profiles.yml file [[32mOK found and valid[0m]
[2026-03-29T14:19:48.274+0000] {subprocess.py:106} INFO - [0m14:19:48    dbt_project.yml file [[32mOK found and valid[0m]
[2026-03-29T14:19:48.274+0000] {subprocess.py:106} INFO - [0m14:19:48  Required dependencies:
[2026-03-29T14:19:48.275+0000] {subprocess.py:106} INFO - [0m14:19:48   - git [[31mERROR[0m]
[2026-03-29T14:19:48.275+0000] {subprocess.py:106} INFO - 
[2026-03-29T14:19:48.276+0000] {subprocess.py:106} INFO - [0m14:19:48  Connection:
[2026-03-29T14:19:48.276+0000] {subprocess.py:106} INFO - [0m14:19:48    account: BBMCDSP-CT02489
[2026-03-29T14:19:48.276+0000] {subprocess.py:106} INFO - [0m14:19:48    user: user123
[2026-03-29T14:19:48.277+0000] {subprocess.py:106} INFO - [0m14:19:48    database: BANKING
[2026-03-29T14:19:48.277+0000] {subprocess.py:106} INFO - [0m14:19:48    warehouse: COMPUTE_WH
[2026-03-29T14:19:48.277+0000] {subprocess.py:106} INFO - [0m14:19:48    role: dbtadmin
[2026-03-29T14:19:48.278+0000] {subprocess.py:106} INFO - [0m14:19:48    schema: PUBLIC
[2026-03-29T14:19:48.278+0000] {subprocess.py:106} INFO - [0m14:19:48    authenticator: None
[2026-03-29T14:19:48.278+0000] {subprocess.py:106} INFO - [0m14:19:48    oauth_client_id: None
[2026-03-29T14:19:48.278+0000] {subprocess.py:106} INFO - [0m14:19:48    query_tag: None
[2026-03-29T14:19:48.279+0000] {subprocess.py:106} INFO - [0m14:19:48    client_session_keep_alive: False
[2026-03-29T14:19:48.279+0000] {subprocess.py:106} INFO - [0m14:19:48    host: None
[2026-03-29T14:19:48.279+0000] {subprocess.py:106} INFO - [0m14:19:48    port: None
[2026-03-29T14:19:48.280+0000] {subprocess.py:106} INFO - [0m14:19:48    proxy_host: None
[2026-03-29T14:19:48.280+0000] {subprocess.py:106} INFO - [0m14:19:48    proxy_port: None
[2026-03-29T14:19:48.280+0000] {subprocess.py:106} INFO - [0m14:19:48    protocol: None
[2026-03-29T14:19:48.281+0000] {subprocess.py:106} INFO - [0m14:19:48    connect_retries: 1
[2026-03-29T14:19:48.281+0000] {subprocess.py:106} INFO - [0m14:19:48    connect_timeout: None
[2026-03-29T14:19:48.281+0000] {subprocess.py:106} INFO - [0m14:19:48    retry_on_database_errors: False
[2026-03-29T14:19:48.281+0000] {subprocess.py:106} INFO - [0m14:19:48    retry_all: False
[2026-03-29T14:19:48.282+0000] {subprocess.py:106} INFO - [0m14:19:48    insecure_mode: False
[2026-03-29T14:19:48.282+0000] {subprocess.py:106} INFO - [0m14:19:48    reuse_connections: True
[2026-03-29T14:19:48.282+0000] {subprocess.py:106} INFO - [0m14:19:48    s3_stage_vpce_dns_name: None
[2026-03-29T14:19:48.283+0000] {subprocess.py:106} INFO - [0m14:19:48    platform_detection_timeout_seconds: 0.0
[2026-03-29T14:19:48.283+0000] {subprocess.py:106} INFO - [0m14:19:48  Registered adapter: snowflake=1.11.3
[2026-03-29T14:19:49.976+0000] {subprocess.py:106} INFO - [0m14:19:49    Connection test: [[32mOK connection ok[0m]
[2026-03-29T14:19:49.977+0000] {subprocess.py:106} INFO - 
[2026-03-29T14:19:49.978+0000] {subprocess.py:106} INFO - [0m14:19:49  [31m1 check failed:[0m
[2026-03-29T14:19:49.979+0000] {subprocess.py:106} INFO - [0m14:19:49  Error from git --help: Could not find command, ensure it is in the user's PATH: "git"
[2026-03-29T14:19:49.979+0000] {subprocess.py:106} INFO - 
[2026-03-29T14:23:48.259+0000] {subprocess.py:110} INFO - Command exited with return code 1
[2026-03-29T14:23:48.269+0000] {taskinstance.py:441} INFO - ::group::Post task execution logs
[2026-03-29T14:23:48.294+0000] {taskinstance.py:2905} ERROR - Task failed with exception
Traceback (most recent call last):
  File "/home/airflow/.local/lib/python3.12/site-packages/airflow/models/taskinstance.py", line 465, in _execute_task
    result = _execute_callable(context=context, **execute_callable_kwargs)
             ^^^^^^^^^^^^^^^^^^^^^^^^^^^^^^^^^^^^^^^^^^^^^^^^^^^^^^^^^^^^^
  File "/home/airflow/.local/lib/python3.12/site-packages/airflow/models/taskinstance.py", line 432, in _execute_callable
    return execute_callable(context=context, **execute_callable_kwargs)
           ^^^^^^^^^^^^^^^^^^^^^^^^^^^^^^^^^^^^^^^^^^^^^^^^^^^^^^^^^^^^
  File "/home/airflow/.local/lib/python3.12/site-packages/airflow/models/baseoperator.py", line 401, in wrapper
    return func(self, *args, **kwargs)
           ^^^^^^^^^^^^^^^^^^^^^^^^^^^
  File "/home/airflow/.local/lib/python3.12/site-packages/airflow/providers/standard/operators/bash.py", line 233, in execute
    raise AirflowException(
airflow.exceptions.AirflowException: Bash command failed. The command returned a non-zero exit code 1.
[2026-03-29T14:23:48.303+0000] {taskinstance.py:1206} INFO - Marking task as FAILED. dag_id=banking_01_bronze_layer, task_id=debug, run_id=scheduled__2026-03-29T13:30:00+00:00, execution_date=20260329T133000, start_date=20260329T141946, end_date=20260329T142348
[2026-03-29T14:23:48.318+0000] {standard_task_runner.py:110} ERROR - Failed to execute job 7258 for task debug (Bash command failed. The command returned a non-zero exit code 1.; 2508)
[2026-03-29T14:23:48.354+0000] {local_task_job_runner.py:243} INFO - Task exited with return code 1
[2026-03-29T14:23:48.380+0000] {taskinstance.py:3503} INFO - 0 downstream tasks scheduled from follow-on schedule check
[2026-03-29T14:23:48.382+0000] {local_task_job_runner.py:222} INFO - ::endgroup::
