[2026-03-30T07:03:32.550+0000] {local_task_job_runner.py:120} INFO - ::group::Pre task execution logs
[2026-03-30T07:03:32.568+0000] {taskinstance.py:2076} INFO - Dependencies all met for dep_context=non-requeueable deps ti=<TaskInstance: transfer_from_minio_to_snowflake_customers.create_raw scheduled__2026-03-30T07:02:00+00:00 [queued]>
[2026-03-30T07:03:32.571+0000] {taskinstance.py:2076} INFO - Dependencies all met for dep_context=requeueable deps ti=<TaskInstance: transfer_from_minio_to_snowflake_customers.create_raw scheduled__2026-03-30T07:02:00+00:00 [queued]>
[2026-03-30T07:03:32.571+0000] {taskinstance.py:2306} INFO - Starting attempt 1 of 3
[2026-03-30T07:03:32.577+0000] {taskinstance.py:2330} INFO - Executing <Task(SQLExecuteQueryOperator): create_raw> on 2026-03-30 07:02:00+00:00
[2026-03-30T07:03:32.582+0000] {standard_task_runner.py:90} INFO - Running: ['***', 'tasks', 'run', 'transfer_from_minio_to_snowflake_customers', 'create_raw', 'scheduled__2026-03-30T07:02:00+00:00', '--job-id', '7567', '--raw', '--subdir', 'DAGS_FOLDER/transfer.py', '--cfg-path', '/tmp/tmpsokdrhqw']
[2026-03-30T07:03:32.586+0000] {standard_task_runner.py:91} INFO - Job 7567: Subtask create_raw
[2026-03-30T07:03:32.584+0000] {logging_mixin.py:188} WARNING - /home/***/.local/lib/python3.12/site-packages/***/task/task_runner/standard_task_runner.py:62 DeprecationWarning: This process (pid=1982) is multi-threaded, use of fork() may lead to deadlocks in the child.
[2026-03-30T07:03:32.587+0000] {standard_task_runner.py:64} INFO - Started process 1994 to run task
[2026-03-30T07:03:32.641+0000] {task_command.py:426} INFO - Running <TaskInstance: transfer_from_minio_to_snowflake_customers.create_raw scheduled__2026-03-30T07:02:00+00:00 [running]> on host c990dffe13ae
[2026-03-30T07:03:32.903+0000] {taskinstance.py:2648} INFO - Exporting env vars: AIRFLOW_CTX_DAG_OWNER='***' AIRFLOW_CTX_DAG_ID='transfer_from_minio_to_snowflake_customers' AIRFLOW_CTX_TASK_ID='create_raw' AIRFLOW_CTX_EXECUTION_DATE='2026-03-30T07:02:00+00:00' AIRFLOW_CTX_TRY_NUMBER='1' AIRFLOW_CTX_DAG_RUN_ID='scheduled__2026-03-30T07:02:00+00:00'
[2026-03-30T07:03:32.904+0000] {taskinstance.py:430} INFO - ::endgroup::
[2026-03-30T07:03:32.904+0000] {sql.py:282} INFO - Executing:  CREATE TABLE IF NOT EXISTS RAW_CUSTOMERS (
                    raw_json VARIANT,
                    inserted_at TIMESTAMP_NTZ DEFAULT CURRENT_TIMESTAMP());
                  
[2026-03-30T07:03:32.923+0000] {base.py:84} INFO - Using connection ID 'warehouse_id' for task execution.
[2026-03-30T07:03:32.977+0000] {base.py:84} INFO - Using connection ID 'warehouse_id' for task execution.
[2026-03-30T07:03:33.021+0000] {connection.py:613} INFO - Snowflake Connector for Python Version: 4.3.0, Python Version: 3.12.4, Platform: Linux-6.12.76-linuxkit-aarch64-with-glibc2.36
[2026-03-30T07:03:33.032+0000] {connection.py:1709} INFO - Connecting to GLOBAL Snowflake domain
[2026-03-30T07:03:33.961+0000] {sql.py:495} INFO - Running statement: CREATE TABLE IF NOT EXISTS RAW_CUSTOMERS (
                    raw_json VARIANT,
                    inserted_at TIMESTAMP_NTZ DEFAULT CURRENT_TIMESTAMP());, parameters: None
[2026-03-30T07:03:34.110+0000] {sql.py:504} INFO - Rows affected: 1
[2026-03-30T07:03:34.111+0000] {snowflake.py:422} INFO - Rows affected: 1
[2026-03-30T07:03:34.112+0000] {snowflake.py:423} INFO - Snowflake query id: 01c35e67-3202-8554-0014-90e60006537a
[2026-03-30T07:03:34.728+0000] {taskinstance.py:441} INFO - ::group::Post task execution logs
[2026-03-30T07:03:34.763+0000] {taskinstance.py:1206} INFO - Marking task as SUCCESS. dag_id=transfer_from_minio_to_snowflake_customers, task_id=create_raw, run_id=scheduled__2026-03-30T07:02:00+00:00, execution_date=20260330T070200, start_date=20260330T070332, end_date=20260330T070334
[2026-03-30T07:03:34.797+0000] {local_task_job_runner.py:243} INFO - Task exited with return code 0
[2026-03-30T07:03:34.824+0000] {taskinstance.py:3503} INFO - 1 downstream tasks scheduled from follow-on schedule check
[2026-03-30T07:03:34.825+0000] {local_task_job_runner.py:222} INFO - ::endgroup::
