[2026-03-30T07:09:17.075+0000] {local_task_job_runner.py:120} INFO - ::group::Pre task execution logs
[2026-03-30T07:09:17.093+0000] {taskinstance.py:2076} INFO - Dependencies all met for dep_context=non-requeueable deps ti=<TaskInstance: transfer_from_minio_to_snowflake_transactions.copy_json_to_variant scheduled__2026-03-30T07:07:00+00:00 [queued]>
[2026-03-30T07:09:17.096+0000] {taskinstance.py:2076} INFO - Dependencies all met for dep_context=requeueable deps ti=<TaskInstance: transfer_from_minio_to_snowflake_transactions.copy_json_to_variant scheduled__2026-03-30T07:07:00+00:00 [queued]>
[2026-03-30T07:09:17.097+0000] {taskinstance.py:2306} INFO - Starting attempt 1 of 3
[2026-03-30T07:09:17.102+0000] {taskinstance.py:2330} INFO - Executing <Task(SQLExecuteQueryOperator): copy_json_to_variant> on 2026-03-30 07:07:00+00:00
[2026-03-30T07:09:17.106+0000] {standard_task_runner.py:90} INFO - Running: ['***', 'tasks', 'run', 'transfer_from_minio_to_snowflake_transactions', 'copy_json_to_variant', 'scheduled__2026-03-30T07:07:00+00:00', '--job-id', '7629', '--raw', '--subdir', 'DAGS_FOLDER/transfer.py', '--cfg-path', '/tmp/tmp9znlnmib']
[2026-03-30T07:09:17.108+0000] {standard_task_runner.py:91} INFO - Job 7629: Subtask copy_json_to_variant
[2026-03-30T07:09:17.108+0000] {logging_mixin.py:188} WARNING - /home/***/.local/lib/python3.12/site-packages/***/task/task_runner/standard_task_runner.py:62 DeprecationWarning: This process (pid=3166) is multi-threaded, use of fork() may lead to deadlocks in the child.
[2026-03-30T07:09:17.110+0000] {standard_task_runner.py:64} INFO - Started process 3178 to run task
[2026-03-30T07:09:17.186+0000] {task_command.py:426} INFO - Running <TaskInstance: transfer_from_minio_to_snowflake_transactions.copy_json_to_variant scheduled__2026-03-30T07:07:00+00:00 [running]> on host c990dffe13ae
[2026-03-30T07:09:17.665+0000] {taskinstance.py:2648} INFO - Exporting env vars: AIRFLOW_CTX_DAG_OWNER='***' AIRFLOW_CTX_DAG_ID='transfer_from_minio_to_snowflake_transactions' AIRFLOW_CTX_TASK_ID='copy_json_to_variant' AIRFLOW_CTX_EXECUTION_DATE='2026-03-30T07:07:00+00:00' AIRFLOW_CTX_TRY_NUMBER='1' AIRFLOW_CTX_DAG_RUN_ID='scheduled__2026-03-30T07:07:00+00:00'
[2026-03-30T07:09:17.665+0000] {taskinstance.py:430} INFO - ::endgroup::
[2026-03-30T07:09:17.665+0000] {sql.py:282} INFO - Executing: 
            COPY INTO RAW_TRANSACTIONS (raw_json)
            FROM @incoming/transactions/
            FILE_FORMAT = (TYPE = 'JSON')
            ON_ERROR = 'CONTINUE';
        
[2026-03-30T07:09:17.671+0000] {base.py:84} INFO - Using connection ID 'warehouse_id' for task execution.
[2026-03-30T07:09:17.706+0000] {base.py:84} INFO - Using connection ID 'warehouse_id' for task execution.
[2026-03-30T07:09:17.748+0000] {connection.py:613} INFO - Snowflake Connector for Python Version: 4.3.0, Python Version: 3.12.4, Platform: Linux-6.12.76-linuxkit-aarch64-with-glibc2.36
[2026-03-30T07:09:17.749+0000] {connection.py:1709} INFO - Connecting to GLOBAL Snowflake domain
[2026-03-30T07:09:19.056+0000] {sql.py:495} INFO - Running statement: COPY INTO RAW_TRANSACTIONS (raw_json)
            FROM @incoming/transactions/
            FILE_FORMAT = (TYPE = 'JSON')
            ON_ERROR = 'CONTINUE';, parameters: None
[2026-03-30T07:09:19.614+0000] {sql.py:504} INFO - Rows affected: 1
[2026-03-30T07:09:19.615+0000] {snowflake.py:422} INFO - Rows affected: 1
[2026-03-30T07:09:19.616+0000] {snowflake.py:423} INFO - Snowflake query id: 01c35e6d-3202-8582-0014-90e600064332
[2026-03-30T07:09:20.112+0000] {taskinstance.py:441} INFO - ::group::Post task execution logs
[2026-03-30T07:09:20.196+0000] {taskinstance.py:1206} INFO - Marking task as SUCCESS. dag_id=transfer_from_minio_to_snowflake_transactions, task_id=copy_json_to_variant, run_id=scheduled__2026-03-30T07:07:00+00:00, execution_date=20260330T070700, start_date=20260330T070917, end_date=20260330T070920
[2026-03-30T07:09:20.270+0000] {local_task_job_runner.py:243} INFO - Task exited with return code 0
[2026-03-30T07:09:20.308+0000] {taskinstance.py:3503} INFO - 0 downstream tasks scheduled from follow-on schedule check
[2026-03-30T07:09:20.309+0000] {local_task_job_runner.py:222} INFO - ::endgroup::
