[2026-03-10T10:05:16.143+0000] {local_task_job_runner.py:120} INFO - ::group::Pre task execution logs
[2026-03-10T10:05:16.171+0000] {taskinstance.py:2076} INFO - Dependencies all met for dep_context=non-requeueable deps ti=<TaskInstance: transfer_from_minio_to_snowflake.create_stage scheduled__2026-03-10T09:48:00+00:00 [queued]>
[2026-03-10T10:05:16.177+0000] {taskinstance.py:2076} INFO - Dependencies all met for dep_context=requeueable deps ti=<TaskInstance: transfer_from_minio_to_snowflake.create_stage scheduled__2026-03-10T09:48:00+00:00 [queued]>
[2026-03-10T10:05:16.178+0000] {taskinstance.py:2306} INFO - Starting attempt 2 of 3
[2026-03-10T10:05:16.187+0000] {taskinstance.py:2330} INFO - Executing <Task(SQLExecuteQueryOperator): create_stage> on 2026-03-10 09:48:00+00:00
[2026-03-10T10:05:16.200+0000] {logging_mixin.py:188} WARNING - /home/***/.local/lib/python3.12/site-packages/***/task/task_runner/standard_task_runner.py:62 DeprecationWarning: This process (pid=1720) is multi-threaded, use of fork() may lead to deadlocks in the child.
[2026-03-10T10:05:16.198+0000] {standard_task_runner.py:90} INFO - Running: ['***', 'tasks', 'run', 'transfer_from_minio_to_snowflake', 'create_stage', 'scheduled__2026-03-10T09:48:00+00:00', '--job-id', '327', '--raw', '--subdir', 'DAGS_FOLDER/transfer.py', '--cfg-path', '/tmp/tmpcwindgqg']
[2026-03-10T10:05:16.201+0000] {standard_task_runner.py:91} INFO - Job 327: Subtask create_stage
[2026-03-10T10:05:16.201+0000] {standard_task_runner.py:64} INFO - Started process 1732 to run task
[2026-03-10T10:05:16.266+0000] {task_command.py:426} INFO - Running <TaskInstance: transfer_from_minio_to_snowflake.create_stage scheduled__2026-03-10T09:48:00+00:00 [running]> on host a070a8ebc37d
[2026-03-10T10:05:16.548+0000] {taskinstance.py:2648} INFO - Exporting env vars: AIRFLOW_CTX_DAG_OWNER='***' AIRFLOW_CTX_DAG_ID='transfer_from_minio_to_snowflake' AIRFLOW_CTX_TASK_ID='create_stage' AIRFLOW_CTX_EXECUTION_DATE='2026-03-10T09:48:00+00:00' AIRFLOW_CTX_TRY_NUMBER='2' AIRFLOW_CTX_DAG_RUN_ID='scheduled__2026-03-10T09:48:00+00:00'
[2026-03-10T10:05:16.549+0000] {taskinstance.py:430} INFO - ::endgroup::
[2026-03-10T10:05:16.549+0000] {sql.py:282} INFO - Executing:  CREATE STAGE IF NOT EXISTS incoming  
                 URL = 's3://de-project-banking-pipeline-dev-2/transactions'
                 STORAGE_INTEGRATION = my_s3_integration
                 FILE_FORMAT = (TYPE = 'JSON'); 
[2026-03-10T10:05:16.561+0000] {base.py:84} INFO - Using connection ID 'warehouse_id' for task execution.
[2026-03-10T10:05:16.625+0000] {base.py:84} INFO - Using connection ID 'warehouse_id' for task execution.
[2026-03-10T10:05:16.686+0000] {connection.py:613} INFO - Snowflake Connector for Python Version: 4.3.0, Python Version: 3.12.4, Platform: Linux-6.12.72-linuxkit-aarch64-with-glibc2.36
[2026-03-10T10:05:16.687+0000] {connection.py:1709} INFO - Connecting to GLOBAL Snowflake domain
[2026-03-10T10:05:20.477+0000] {sql.py:495} INFO - Running statement: CREATE STAGE IF NOT EXISTS incoming  
                 URL = 's3://de-project-banking-pipeline-dev-2/transactions'
                 STORAGE_INTEGRATION = my_s3_integration
                 FILE_FORMAT = (TYPE = 'JSON');, parameters: None
[2026-03-10T10:05:20.959+0000] {sql.py:504} INFO - Rows affected: 1
[2026-03-10T10:05:20.963+0000] {snowflake.py:422} INFO - Rows affected: 1
[2026-03-10T10:05:20.964+0000] {snowflake.py:423} INFO - Snowflake query id: 01c2ee9d-3202-6cb7-0000-001490e6f371
[2026-03-10T10:05:21.625+0000] {taskinstance.py:441} INFO - ::group::Post task execution logs
[2026-03-10T10:05:21.691+0000] {taskinstance.py:1206} INFO - Marking task as SUCCESS. dag_id=transfer_from_minio_to_snowflake, task_id=create_stage, run_id=scheduled__2026-03-10T09:48:00+00:00, execution_date=20260310T094800, start_date=20260310T100516, end_date=20260310T100521
[2026-03-10T10:05:21.755+0000] {local_task_job_runner.py:243} INFO - Task exited with return code 0
[2026-03-10T10:05:21.788+0000] {taskinstance.py:3503} INFO - 1 downstream tasks scheduled from follow-on schedule check
[2026-03-10T10:05:21.789+0000] {local_task_job_runner.py:222} INFO - ::endgroup::
