[2026-03-27T13:51:37.149+0000] {local_task_job_runner.py:120} INFO - ::group::Pre task execution logs
[2026-03-27T13:51:37.167+0000] {taskinstance.py:2076} INFO - Dependencies all met for dep_context=non-requeueable deps ti=<TaskInstance: banking_01_bronze_layer.build_bronze_cust scheduled__2026-03-27T12:30:00+00:00 [queued]>
[2026-03-27T13:51:37.171+0000] {taskinstance.py:2076} INFO - Dependencies all met for dep_context=requeueable deps ti=<TaskInstance: banking_01_bronze_layer.build_bronze_cust scheduled__2026-03-27T12:30:00+00:00 [queued]>
[2026-03-27T13:51:37.172+0000] {taskinstance.py:2306} INFO - Starting attempt 1 of 2
[2026-03-27T13:51:37.179+0000] {taskinstance.py:2330} INFO - Executing <Task(BashOperator): build_bronze_cust> on 2026-03-27 12:30:00+00:00
[2026-03-27T13:51:37.181+0000] {standard_task_runner.py:64} INFO - Started process 38391 to run task
[2026-03-27T13:51:37.183+0000] {standard_task_runner.py:90} INFO - Running: ['***', 'tasks', 'run', 'banking_01_bronze_layer', 'build_bronze_cust', 'scheduled__2026-03-27T12:30:00+00:00', '--job-id', '5452', '--raw', '--subdir', 'DAGS_FOLDER/dbt.py', '--cfg-path', '/tmp/tmpj9624nr4']
[2026-03-27T13:51:37.184+0000] {standard_task_runner.py:91} INFO - Job 5452: Subtask build_bronze_cust
[2026-03-27T13:51:37.212+0000] {task_command.py:426} INFO - Running <TaskInstance: banking_01_bronze_layer.build_bronze_cust scheduled__2026-03-27T12:30:00+00:00 [running]> on host c990dffe13ae
[2026-03-27T13:51:37.259+0000] {taskinstance.py:2648} INFO - Exporting env vars: AIRFLOW_CTX_DAG_OWNER='risheek' AIRFLOW_CTX_DAG_ID='banking_01_bronze_layer' AIRFLOW_CTX_TASK_ID='build_bronze_cust' AIRFLOW_CTX_EXECUTION_DATE='2026-03-27T12:30:00+00:00' AIRFLOW_CTX_TRY_NUMBER='1' AIRFLOW_CTX_DAG_RUN_ID='scheduled__2026-03-27T12:30:00+00:00'
[2026-03-27T13:51:37.260+0000] {taskinstance.py:430} INFO - ::endgroup::
[2026-03-27T13:51:37.260+0000] {subprocess.py:78} INFO - Tmp dir root location: /tmp
[2026-03-27T13:51:37.261+0000] {subprocess.py:88} INFO - Running command: ['/usr/bin/bash', '-c', 'dbt build --select bronze_cust']
[2026-03-27T13:51:37.268+0000] {subprocess.py:99} INFO - Output:
[2026-03-27T13:51:38.794+0000] {subprocess.py:106} INFO - [0m13:51:38  Running with dbt=1.11.7
[2026-03-27T13:51:39.409+0000] {subprocess.py:106} INFO - [0m13:51:39  Registered adapter: snowflake=1.11.3
[2026-03-27T13:51:39.596+0000] {subprocess.py:106} INFO - [0m13:51:39  [[33mWARNING[0m]: Configuration paths exist in your dbt_project.yml file which do not apply to any resources.
[2026-03-27T13:51:39.596+0000] {subprocess.py:106} INFO - There are 1 unused configuration paths:
[2026-03-27T13:51:39.597+0000] {subprocess.py:106} INFO - - models.trans_snowf.example
[2026-03-27T13:51:39.744+0000] {subprocess.py:106} INFO - [0m13:51:39  Found 14 models, 3 sources, 522 macros
[2026-03-27T13:51:39.746+0000] {subprocess.py:106} INFO - [0m13:51:39
[2026-03-27T13:51:39.746+0000] {subprocess.py:106} INFO - [0m13:51:39  Concurrency: 1 threads (target='dev')
[2026-03-27T13:51:39.747+0000] {subprocess.py:106} INFO - [0m13:51:39
[2026-03-27T13:52:08.758+0000] {subprocess.py:106} INFO - [0m13:52:08
[2026-03-27T13:52:08.764+0000] {subprocess.py:106} INFO - [0m13:52:08  Finished running  in 0 hours 0 minutes and 29.01 seconds (29.01s).
[2026-03-27T13:52:08.765+0000] {subprocess.py:106} INFO - [0m13:52:08  Encountered an error:
[2026-03-27T13:52:08.766+0000] {subprocess.py:106} INFO - Database Error
[2026-03-27T13:52:08.766+0000] {subprocess.py:106} INFO -   003001 (42501): SQL access control error:
[2026-03-27T13:52:08.766+0000] {subprocess.py:106} INFO -   Insufficient privileges to operate on database 'BANKING'.
[2026-03-27T13:52:10.204+0000] {subprocess.py:110} INFO - Command exited with return code 2
[2026-03-27T13:52:10.209+0000] {taskinstance.py:441} INFO - ::group::Post task execution logs
[2026-03-27T13:52:10.235+0000] {taskinstance.py:2905} ERROR - Task failed with exception
Traceback (most recent call last):
  File "/home/airflow/.local/lib/python3.12/site-packages/airflow/models/taskinstance.py", line 465, in _execute_task
    result = _execute_callable(context=context, **execute_callable_kwargs)
             ^^^^^^^^^^^^^^^^^^^^^^^^^^^^^^^^^^^^^^^^^^^^^^^^^^^^^^^^^^^^^
  File "/home/airflow/.local/lib/python3.12/site-packages/airflow/models/taskinstance.py", line 432, in _execute_callable
    return execute_callable(context=context, **execute_callable_kwargs)
           ^^^^^^^^^^^^^^^^^^^^^^^^^^^^^^^^^^^^^^^^^^^^^^^^^^^^^^^^^^^^
  File "/home/airflow/.local/lib/python3.12/site-packages/airflow/models/baseoperator.py", line 401, in wrapper
    return func(self, *args, **kwargs)
           ^^^^^^^^^^^^^^^^^^^^^^^^^^^
  File "/home/airflow/.local/lib/python3.12/site-packages/airflow/providers/standard/operators/bash.py", line 233, in execute
    raise AirflowException(
airflow.exceptions.AirflowException: Bash command failed. The command returned a non-zero exit code 2.
[2026-03-27T13:52:10.239+0000] {taskinstance.py:1206} INFO - Marking task as UP_FOR_RETRY. dag_id=banking_01_bronze_layer, task_id=build_bronze_cust, run_id=scheduled__2026-03-27T12:30:00+00:00, execution_date=20260327T123000, start_date=20260327T135137, end_date=20260327T135210
[2026-03-27T13:52:10.257+0000] {standard_task_runner.py:110} ERROR - Failed to execute job 5452 for task build_bronze_cust (Bash command failed. The command returned a non-zero exit code 2.; 38391)
[2026-03-27T13:52:10.295+0000] {local_task_job_runner.py:243} INFO - Task exited with return code 1
[2026-03-27T13:52:10.314+0000] {taskinstance.py:3503} INFO - 0 downstream tasks scheduled from follow-on schedule check
[2026-03-27T13:52:10.315+0000] {local_task_job_runner.py:222} INFO - ::endgroup::
