[2026-03-27T13:29:01.696+0000] {local_task_job_runner.py:120} INFO - ::group::Pre task execution logs
[2026-03-27T13:29:01.710+0000] {taskinstance.py:2076} INFO - Dependencies all met for dep_context=non-requeueable deps ti=<TaskInstance: banking_01_bronze_layer.debug scheduled__2026-03-27T12:00:00+00:00 [queued]>
[2026-03-27T13:29:01.713+0000] {taskinstance.py:2076} INFO - Dependencies all met for dep_context=requeueable deps ti=<TaskInstance: banking_01_bronze_layer.debug scheduled__2026-03-27T12:00:00+00:00 [queued]>
[2026-03-27T13:29:01.713+0000] {taskinstance.py:2306} INFO - Starting attempt 2 of 2
[2026-03-27T13:29:01.719+0000] {taskinstance.py:2330} INFO - Executing <Task(BashOperator): debug> on 2026-03-27 12:00:00+00:00
[2026-03-27T13:29:01.721+0000] {standard_task_runner.py:64} INFO - Started process 38111 to run task
[2026-03-27T13:29:01.722+0000] {standard_task_runner.py:90} INFO - Running: ['***', 'tasks', 'run', 'banking_01_bronze_layer', 'debug', 'scheduled__2026-03-27T12:00:00+00:00', '--job-id', '5438', '--raw', '--subdir', 'DAGS_FOLDER/dbt.py', '--cfg-path', '/tmp/tmpvud0v2pl']
[2026-03-27T13:29:01.723+0000] {standard_task_runner.py:91} INFO - Job 5438: Subtask debug
[2026-03-27T13:29:01.747+0000] {task_command.py:426} INFO - Running <TaskInstance: banking_01_bronze_layer.debug scheduled__2026-03-27T12:00:00+00:00 [running]> on host c990dffe13ae
[2026-03-27T13:29:01.787+0000] {taskinstance.py:2648} INFO - Exporting env vars: AIRFLOW_CTX_DAG_OWNER='risheek' AIRFLOW_CTX_DAG_ID='banking_01_bronze_layer' AIRFLOW_CTX_TASK_ID='debug' AIRFLOW_CTX_EXECUTION_DATE='2026-03-27T12:00:00+00:00' AIRFLOW_CTX_TRY_NUMBER='2' AIRFLOW_CTX_DAG_RUN_ID='scheduled__2026-03-27T12:00:00+00:00'
[2026-03-27T13:29:01.787+0000] {taskinstance.py:430} INFO - ::endgroup::
[2026-03-27T13:29:01.788+0000] {subprocess.py:78} INFO - Tmp dir root location: /tmp
[2026-03-27T13:29:01.788+0000] {subprocess.py:88} INFO - Running command: ['/usr/bin/bash', '-c', 'dbt debug --profiles-dir /opt/***/dbt/trans_snowf']
[2026-03-27T13:29:01.792+0000] {subprocess.py:99} INFO - Output:
[2026-03-27T13:29:03.266+0000] {subprocess.py:106} INFO - [0m13:29:03  Running with dbt=1.11.7
[2026-03-27T13:29:03.276+0000] {subprocess.py:106} INFO - [0m13:29:03  dbt version: 1.11.7
[2026-03-27T13:29:03.276+0000] {subprocess.py:106} INFO - [0m13:29:03  python version: 3.12.4
[2026-03-27T13:29:03.277+0000] {subprocess.py:106} INFO - [0m13:29:03  python path: /home/***/.local/bin/python
[2026-03-27T13:29:03.277+0000] {subprocess.py:106} INFO - [0m13:29:03  os info: Linux-6.12.76-linuxkit-aarch64-with-glibc2.36
[2026-03-27T13:29:03.780+0000] {subprocess.py:106} INFO - [0m13:29:03  Using profiles dir at /opt/***/dbt/trans_snowf
[2026-03-27T13:29:03.782+0000] {subprocess.py:106} INFO - [0m13:29:03  Using profiles.yml file at /opt/***/dbt/trans_snowf/profiles.yml
[2026-03-27T13:29:03.782+0000] {subprocess.py:106} INFO - [0m13:29:03  Using dbt_project.yml file at /opt/***/dbt/trans_snowf/dbt_project.yml
[2026-03-27T13:29:03.783+0000] {subprocess.py:106} INFO - [0m13:29:03  adapter type: snowflake
[2026-03-27T13:29:03.783+0000] {subprocess.py:106} INFO - [0m13:29:03  adapter version: 1.11.3
[2026-03-27T13:29:03.836+0000] {subprocess.py:106} INFO - [0m13:29:03  Configuration:
[2026-03-27T13:29:03.836+0000] {subprocess.py:106} INFO - [0m13:29:03    profiles.yml file [[32mOK found and valid[0m]
[2026-03-27T13:29:03.837+0000] {subprocess.py:106} INFO - [0m13:29:03    dbt_project.yml file [[32mOK found and valid[0m]
[2026-03-27T13:29:03.837+0000] {subprocess.py:106} INFO - [0m13:29:03  Required dependencies:
[2026-03-27T13:29:03.838+0000] {subprocess.py:106} INFO - [0m13:29:03   - git [[31mERROR[0m]
[2026-03-27T13:29:03.838+0000] {subprocess.py:106} INFO - 
[2026-03-27T13:29:03.838+0000] {subprocess.py:106} INFO - [0m13:29:03  Connection:
[2026-03-27T13:29:03.839+0000] {subprocess.py:106} INFO - [0m13:29:03    account: BBMCDSP-CT02489
[2026-03-27T13:29:03.839+0000] {subprocess.py:106} INFO - [0m13:29:03    user: user123
[2026-03-27T13:29:03.840+0000] {subprocess.py:106} INFO - [0m13:29:03    database: BANKING
[2026-03-27T13:29:03.840+0000] {subprocess.py:106} INFO - [0m13:29:03    warehouse: COMPUTE_WH
[2026-03-27T13:29:03.841+0000] {subprocess.py:106} INFO - [0m13:29:03    role: dbtadmin
[2026-03-27T13:29:03.841+0000] {subprocess.py:106} INFO - [0m13:29:03    schema: PUBLIC
[2026-03-27T13:29:03.841+0000] {subprocess.py:106} INFO - [0m13:29:03    authenticator: None
[2026-03-27T13:29:03.842+0000] {subprocess.py:106} INFO - [0m13:29:03    oauth_client_id: None
[2026-03-27T13:29:03.842+0000] {subprocess.py:106} INFO - [0m13:29:03    query_tag: None
[2026-03-27T13:29:03.842+0000] {subprocess.py:106} INFO - [0m13:29:03    client_session_keep_alive: False
[2026-03-27T13:29:03.843+0000] {subprocess.py:106} INFO - [0m13:29:03    host: None
[2026-03-27T13:29:03.843+0000] {subprocess.py:106} INFO - [0m13:29:03    port: None
[2026-03-27T13:29:03.843+0000] {subprocess.py:106} INFO - [0m13:29:03    proxy_host: None
[2026-03-27T13:29:03.844+0000] {subprocess.py:106} INFO - [0m13:29:03    proxy_port: None
[2026-03-27T13:29:03.844+0000] {subprocess.py:106} INFO - [0m13:29:03    protocol: None
[2026-03-27T13:29:03.844+0000] {subprocess.py:106} INFO - [0m13:29:03    connect_retries: 1
[2026-03-27T13:29:03.845+0000] {subprocess.py:106} INFO - [0m13:29:03    connect_timeout: None
[2026-03-27T13:29:03.845+0000] {subprocess.py:106} INFO - [0m13:29:03    retry_on_database_errors: False
[2026-03-27T13:29:03.845+0000] {subprocess.py:106} INFO - [0m13:29:03    retry_all: False
[2026-03-27T13:29:03.846+0000] {subprocess.py:106} INFO - [0m13:29:03    insecure_mode: False
[2026-03-27T13:29:03.846+0000] {subprocess.py:106} INFO - [0m13:29:03    reuse_connections: True
[2026-03-27T13:29:03.846+0000] {subprocess.py:106} INFO - [0m13:29:03    s3_stage_vpce_dns_name: None
[2026-03-27T13:29:03.847+0000] {subprocess.py:106} INFO - [0m13:29:03    platform_detection_timeout_seconds: 0.0
[2026-03-27T13:29:03.847+0000] {subprocess.py:106} INFO - [0m13:29:03  Registered adapter: snowflake=1.11.3
[2026-03-27T13:29:04.533+0000] {subprocess.py:106} INFO - [0m13:29:04    Connection test: [[31mERROR[0m]
[2026-03-27T13:29:04.534+0000] {subprocess.py:106} INFO - 
[2026-03-27T13:29:04.535+0000] {subprocess.py:106} INFO - [0m13:29:04  [31m2 checks failed:[0m
[2026-03-27T13:29:04.536+0000] {subprocess.py:106} INFO - [0m13:29:04  Error from git --help: Could not find command, ensure it is in the user's PATH: "git"
[2026-03-27T13:29:04.537+0000] {subprocess.py:106} INFO - 
[2026-03-27T13:29:04.538+0000] {subprocess.py:106} INFO - [0m13:29:04  dbt was unable to connect to the specified database.
[2026-03-27T13:29:04.538+0000] {subprocess.py:106} INFO - The database returned the following error:
[2026-03-27T13:29:04.539+0000] {subprocess.py:106} INFO - 
[2026-03-27T13:29:04.540+0000] {subprocess.py:106} INFO -   >Database Error
[2026-03-27T13:29:04.540+0000] {subprocess.py:106} INFO -   250001 (08001): Failed to connect to DB: BBMCDSP-CT02489.snowflakecomputing.com:443. JWT token is invalid. [9296e004-eaa6-45b2-8b13-f4fc36c263f0]
[2026-03-27T13:29:04.540+0000] {subprocess.py:106} INFO - 
[2026-03-27T13:29:04.541+0000] {subprocess.py:106} INFO - Check your database credentials and try again. For more information, visit:
[2026-03-27T13:29:04.541+0000] {subprocess.py:106} INFO - https://docs.getdbt.com/docs/configure-your-profile
[2026-03-27T13:29:04.542+0000] {subprocess.py:106} INFO - 
[2026-03-27T13:29:04.542+0000] {subprocess.py:106} INFO - 
[2026-03-27T13:29:05.824+0000] {subprocess.py:110} INFO - Command exited with return code 1
[2026-03-27T13:29:05.826+0000] {taskinstance.py:441} INFO - ::group::Post task execution logs
[2026-03-27T13:29:05.853+0000] {taskinstance.py:2905} ERROR - Task failed with exception
Traceback (most recent call last):
  File "/home/airflow/.local/lib/python3.12/site-packages/airflow/models/taskinstance.py", line 465, in _execute_task
    result = _execute_callable(context=context, **execute_callable_kwargs)
             ^^^^^^^^^^^^^^^^^^^^^^^^^^^^^^^^^^^^^^^^^^^^^^^^^^^^^^^^^^^^^
  File "/home/airflow/.local/lib/python3.12/site-packages/airflow/models/taskinstance.py", line 432, in _execute_callable
    return execute_callable(context=context, **execute_callable_kwargs)
           ^^^^^^^^^^^^^^^^^^^^^^^^^^^^^^^^^^^^^^^^^^^^^^^^^^^^^^^^^^^^
  File "/home/airflow/.local/lib/python3.12/site-packages/airflow/models/baseoperator.py", line 401, in wrapper
    return func(self, *args, **kwargs)
           ^^^^^^^^^^^^^^^^^^^^^^^^^^^
  File "/home/airflow/.local/lib/python3.12/site-packages/airflow/providers/standard/operators/bash.py", line 233, in execute
    raise AirflowException(
airflow.exceptions.AirflowException: Bash command failed. The command returned a non-zero exit code 1.
[2026-03-27T13:29:05.858+0000] {taskinstance.py:1206} INFO - Marking task as FAILED. dag_id=banking_01_bronze_layer, task_id=debug, run_id=scheduled__2026-03-27T12:00:00+00:00, execution_date=20260327T120000, start_date=20260327T132901, end_date=20260327T132905
[2026-03-27T13:29:05.882+0000] {standard_task_runner.py:110} ERROR - Failed to execute job 5438 for task debug (Bash command failed. The command returned a non-zero exit code 1.; 38111)
[2026-03-27T13:29:05.913+0000] {local_task_job_runner.py:243} INFO - Task exited with return code 1
[2026-03-27T13:29:05.941+0000] {taskinstance.py:3503} INFO - 0 downstream tasks scheduled from follow-on schedule check
[2026-03-27T13:29:05.942+0000] {local_task_job_runner.py:222} INFO - ::endgroup::
