[2026-03-10T08:18:33.383+0000] {local_task_job_runner.py:120} INFO - ::group::Pre task execution logs
[2026-03-10T08:18:33.405+0000] {taskinstance.py:2076} INFO - Dependencies all met for dep_context=non-requeueable deps ti=<TaskInstance: transfer_from_minio_to_snowflake.create_raw manual__2026-03-10T08:18:30.468570+00:00 [queued]>
[2026-03-10T08:18:33.408+0000] {taskinstance.py:2076} INFO - Dependencies all met for dep_context=requeueable deps ti=<TaskInstance: transfer_from_minio_to_snowflake.create_raw manual__2026-03-10T08:18:30.468570+00:00 [queued]>
[2026-03-10T08:18:33.409+0000] {taskinstance.py:2306} INFO - Starting attempt 1 of 3
[2026-03-10T08:18:33.414+0000] {taskinstance.py:2330} INFO - Executing <Task(SQLExecuteQueryOperator): create_raw> on 2026-03-10 08:18:30.468570+00:00
[2026-03-10T08:18:33.422+0000] {logging_mixin.py:188} WARNING - /home/***/.local/lib/python3.12/site-packages/***/task/task_runner/standard_task_runner.py:62 DeprecationWarning: This process (pid=720) is multi-threaded, use of fork() may lead to deadlocks in the child.
[2026-03-10T08:18:33.426+0000] {standard_task_runner.py:64} INFO - Started process 732 to run task
[2026-03-10T08:18:33.421+0000] {standard_task_runner.py:90} INFO - Running: ['***', 'tasks', 'run', 'transfer_from_minio_to_snowflake', 'create_raw', 'manual__2026-03-10T08:18:30.468570+00:00', '--job-id', '128', '--raw', '--subdir', 'DAGS_FOLDER/transfer.py', '--cfg-path', '/tmp/tmp4dr9ynvi']
[2026-03-10T08:18:33.427+0000] {standard_task_runner.py:91} INFO - Job 128: Subtask create_raw
[2026-03-10T08:18:33.468+0000] {task_command.py:426} INFO - Running <TaskInstance: transfer_from_minio_to_snowflake.create_raw manual__2026-03-10T08:18:30.468570+00:00 [running]> on host dd9947467187
[2026-03-10T08:18:33.646+0000] {taskinstance.py:2648} INFO - Exporting env vars: AIRFLOW_CTX_DAG_OWNER='***' AIRFLOW_CTX_DAG_ID='transfer_from_minio_to_snowflake' AIRFLOW_CTX_TASK_ID='create_raw' AIRFLOW_CTX_EXECUTION_DATE='2026-03-10T08:18:30.468570+00:00' AIRFLOW_CTX_TRY_NUMBER='1' AIRFLOW_CTX_DAG_RUN_ID='manual__2026-03-10T08:18:30.468570+00:00'
[2026-03-10T08:18:33.646+0000] {taskinstance.py:430} INFO - ::endgroup::
[2026-03-10T08:18:33.646+0000] {sql.py:282} INFO - Executing:  CREATE TABLE IF NOT EXISTS RAW (
                    raw_json VARIANT,
                    inserted_at TIMESTAMP_NTZ DEFAULT CURRENT_TIMESTAMP());
                  
[2026-03-10T08:18:33.652+0000] {base.py:84} INFO - Using connection ID 'warehouse_id' for task execution.
[2026-03-10T08:18:33.683+0000] {base.py:84} INFO - Using connection ID 'warehouse_id' for task execution.
[2026-03-10T08:18:33.722+0000] {connection.py:613} INFO - Snowflake Connector for Python Version: 4.3.0, Python Version: 3.12.4, Platform: Linux-6.12.72-linuxkit-aarch64-with-glibc2.36
[2026-03-10T08:18:33.723+0000] {connection.py:1709} INFO - Connecting to GLOBAL Snowflake domain
[2026-03-10T08:18:36.563+0000] {sql.py:495} INFO - Running statement: CREATE TABLE IF NOT EXISTS RAW (
                    raw_json VARIANT,
                    inserted_at TIMESTAMP_NTZ DEFAULT CURRENT_TIMESTAMP());, parameters: None
[2026-03-10T08:18:36.718+0000] {sql.py:504} INFO - Rows affected: 1
[2026-03-10T08:18:36.719+0000] {snowflake.py:422} INFO - Rows affected: 1
[2026-03-10T08:18:36.720+0000] {snowflake.py:423} INFO - Snowflake query id: 01c2ee32-3202-6bcd-0000-001490e6bfad
[2026-03-10T08:18:37.606+0000] {taskinstance.py:441} INFO - ::group::Post task execution logs
[2026-03-10T08:18:37.661+0000] {taskinstance.py:1206} INFO - Marking task as SUCCESS. dag_id=transfer_from_minio_to_snowflake, task_id=create_raw, run_id=manual__2026-03-10T08:18:30.468570+00:00, execution_date=20260310T081830, start_date=20260310T081833, end_date=20260310T081837
[2026-03-10T08:18:37.692+0000] {local_task_job_runner.py:243} INFO - Task exited with return code 0
[2026-03-10T08:18:37.720+0000] {taskinstance.py:3503} INFO - 1 downstream tasks scheduled from follow-on schedule check
[2026-03-10T08:18:37.721+0000] {local_task_job_runner.py:222} INFO - ::endgroup::
