[2026-03-31T00:41:30.668+0000] {local_task_job_runner.py:120} INFO - ::group::Pre task execution logs
[2026-03-31T00:41:30.685+0000] {taskinstance.py:2076} INFO - Dependencies all met for dep_context=non-requeueable deps ti=<TaskInstance: banking_01_bronze_layer.build_bronze_acc manual__2026-03-31T00:41:05.696779+00:00 [queued]>
[2026-03-31T00:41:30.689+0000] {taskinstance.py:2076} INFO - Dependencies all met for dep_context=requeueable deps ti=<TaskInstance: banking_01_bronze_layer.build_bronze_acc manual__2026-03-31T00:41:05.696779+00:00 [queued]>
[2026-03-31T00:41:30.689+0000] {taskinstance.py:2306} INFO - Starting attempt 1 of 2
[2026-03-31T00:41:30.696+0000] {taskinstance.py:2330} INFO - Executing <Task(BashOperator): build_bronze_acc> on 2026-03-31 00:41:05.696779+00:00
[2026-03-31T00:41:30.699+0000] {standard_task_runner.py:64} INFO - Started process 41720 to run task
[2026-03-31T00:41:30.701+0000] {standard_task_runner.py:90} INFO - Running: ['***', 'tasks', 'run', 'banking_01_bronze_layer', 'build_bronze_acc', 'manual__2026-03-31T00:41:05.696779+00:00', '--job-id', '9544', '--raw', '--subdir', 'DAGS_FOLDER/dbt.py', '--cfg-path', '/tmp/tmpzt9o8rp_']
[2026-03-31T00:41:30.704+0000] {standard_task_runner.py:91} INFO - Job 9544: Subtask build_bronze_acc
[2026-03-31T00:41:30.739+0000] {task_command.py:426} INFO - Running <TaskInstance: banking_01_bronze_layer.build_bronze_acc manual__2026-03-31T00:41:05.696779+00:00 [running]> on host c990dffe13ae
[2026-03-31T00:41:30.787+0000] {taskinstance.py:2648} INFO - Exporting env vars: AIRFLOW_CTX_DAG_OWNER='risheek' AIRFLOW_CTX_DAG_ID='banking_01_bronze_layer' AIRFLOW_CTX_TASK_ID='build_bronze_acc' AIRFLOW_CTX_EXECUTION_DATE='2026-03-31T00:41:05.696779+00:00' AIRFLOW_CTX_TRY_NUMBER='1' AIRFLOW_CTX_DAG_RUN_ID='manual__2026-03-31T00:41:05.696779+00:00'
[2026-03-31T00:41:30.787+0000] {taskinstance.py:430} INFO - ::endgroup::
[2026-03-31T00:41:30.788+0000] {subprocess.py:78} INFO - Tmp dir root location: /tmp
[2026-03-31T00:41:30.789+0000] {subprocess.py:88} INFO - Running command: ['/usr/bin/bash', '-c', 'dbt build --select bronze_acc']
[2026-03-31T00:41:30.793+0000] {subprocess.py:99} INFO - Output:
[2026-03-31T00:41:32.121+0000] {subprocess.py:106} INFO - [0m00:41:32  Running with dbt=1.11.7
[2026-03-31T00:41:32.663+0000] {subprocess.py:106} INFO - [0m00:41:32  Registered adapter: snowflake=1.11.3
[2026-03-31T00:41:32.837+0000] {subprocess.py:106} INFO - [0m00:41:32  [[33mWARNING[0m]: Configuration paths exist in your dbt_project.yml file which do not apply to any resources.
[2026-03-31T00:41:32.837+0000] {subprocess.py:106} INFO - There are 1 unused configuration paths:
[2026-03-31T00:41:32.837+0000] {subprocess.py:106} INFO - - models.trans_snowf.example
[2026-03-31T00:41:32.945+0000] {subprocess.py:106} INFO - [0m00:41:32  Found 14 models, 3 sources, 522 macros
[2026-03-31T00:41:32.946+0000] {subprocess.py:106} INFO - [0m00:41:32
[2026-03-31T00:41:32.947+0000] {subprocess.py:106} INFO - [0m00:41:32  Concurrency: 1 threads (target='dev')
[2026-03-31T00:41:32.947+0000] {subprocess.py:106} INFO - [0m00:41:32
[2026-03-31T00:41:35.199+0000] {subprocess.py:106} INFO - [0m00:41:35  1 of 1 START sql incremental model PUBLIC_BRONZE.bronze_acc .................... [RUN]
[2026-03-31T00:41:35.438+0000] {subprocess.py:106} INFO - [0m00:41:35  1 of 1 ERROR creating sql incremental model PUBLIC_BRONZE.bronze_acc ........... [[31mERROR[0m in 0.23s]
[2026-03-31T00:41:35.772+0000] {subprocess.py:106} INFO - [0m00:41:35
[2026-03-31T00:41:35.775+0000] {subprocess.py:106} INFO - [0m00:41:35  Finished running 1 incremental model in 0 hours 0 minutes and 2.82 seconds (2.82s).
[2026-03-31T00:41:35.839+0000] {subprocess.py:106} INFO - [0m00:41:35
[2026-03-31T00:41:35.840+0000] {subprocess.py:106} INFO - [0m00:41:35  [31mCompleted with 1 error, 0 partial successes, and 0 warnings:[0m
[2026-03-31T00:41:35.841+0000] {subprocess.py:106} INFO - [0m00:41:35
[2026-03-31T00:41:35.841+0000] {subprocess.py:106} INFO - [0m00:41:35  [31mFailure in model bronze_acc (models/staging/bronze_acc.sql)[0m
[2026-03-31T00:41:35.842+0000] {subprocess.py:106} INFO - [0m00:41:35    Database Error in model bronze_acc (models/staging/bronze_acc.sql)
[2026-03-31T00:41:35.842+0000] {subprocess.py:106} INFO -   002141 (42601): SQL compilation error:
[2026-03-31T00:41:35.842+0000] {subprocess.py:106} INFO -   Unknown user-defined function BANKING.PUBLIC.DECODED.
[2026-03-31T00:41:35.842+0000] {subprocess.py:106} INFO - [0m00:41:35
[2026-03-31T00:41:35.842+0000] {subprocess.py:106} INFO - [0m00:41:35    compiled code at target/compiled/trans_snowf/models/staging/bronze_acc.sql
[2026-03-31T00:41:35.842+0000] {subprocess.py:106} INFO - [0m00:41:35
[2026-03-31T00:41:35.843+0000] {subprocess.py:106} INFO - [0m00:41:35  Done. PASS=0 WARN=0 ERROR=1 SKIP=0 NO-OP=0 TOTAL=1
[2026-03-31T00:41:37.712+0000] {subprocess.py:110} INFO - Command exited with return code 1
[2026-03-31T00:41:37.717+0000] {taskinstance.py:441} INFO - ::group::Post task execution logs
[2026-03-31T00:41:37.748+0000] {taskinstance.py:2905} ERROR - Task failed with exception
Traceback (most recent call last):
  File "/home/airflow/.local/lib/python3.12/site-packages/airflow/models/taskinstance.py", line 465, in _execute_task
    result = _execute_callable(context=context, **execute_callable_kwargs)
             ^^^^^^^^^^^^^^^^^^^^^^^^^^^^^^^^^^^^^^^^^^^^^^^^^^^^^^^^^^^^^
  File "/home/airflow/.local/lib/python3.12/site-packages/airflow/models/taskinstance.py", line 432, in _execute_callable
    return execute_callable(context=context, **execute_callable_kwargs)
           ^^^^^^^^^^^^^^^^^^^^^^^^^^^^^^^^^^^^^^^^^^^^^^^^^^^^^^^^^^^^
  File "/home/airflow/.local/lib/python3.12/site-packages/airflow/models/baseoperator.py", line 401, in wrapper
    return func(self, *args, **kwargs)
           ^^^^^^^^^^^^^^^^^^^^^^^^^^^
  File "/home/airflow/.local/lib/python3.12/site-packages/airflow/providers/standard/operators/bash.py", line 233, in execute
    raise AirflowException(
airflow.exceptions.AirflowException: Bash command failed. The command returned a non-zero exit code 1.
[2026-03-31T00:41:37.757+0000] {taskinstance.py:1206} INFO - Marking task as UP_FOR_RETRY. dag_id=banking_01_bronze_layer, task_id=build_bronze_acc, run_id=manual__2026-03-31T00:41:05.696779+00:00, execution_date=20260331T004105, start_date=20260331T004130, end_date=20260331T004137
[2026-03-31T00:41:37.780+0000] {standard_task_runner.py:110} ERROR - Failed to execute job 9544 for task build_bronze_acc (Bash command failed. The command returned a non-zero exit code 1.; 41720)
[2026-03-31T00:41:37.820+0000] {local_task_job_runner.py:243} INFO - Task exited with return code 1
[2026-03-31T00:41:37.843+0000] {taskinstance.py:3503} INFO - 0 downstream tasks scheduled from follow-on schedule check
[2026-03-31T00:41:37.844+0000] {local_task_job_runner.py:222} INFO - ::endgroup::
