[2026-03-28T17:25:37.031+0000] {local_task_job_runner.py:120} INFO - ::group::Pre task execution logs
[2026-03-28T17:25:37.046+0000] {taskinstance.py:2076} INFO - Dependencies all met for dep_context=non-requeueable deps ti=<TaskInstance: banking_01_bronze_layer.debug scheduled__2026-03-28T16:30:00+00:00 [queued]>
[2026-03-28T17:25:37.050+0000] {taskinstance.py:2076} INFO - Dependencies all met for dep_context=requeueable deps ti=<TaskInstance: banking_01_bronze_layer.debug scheduled__2026-03-28T16:30:00+00:00 [queued]>
[2026-03-28T17:25:37.050+0000] {taskinstance.py:2306} INFO - Starting attempt 2 of 2
[2026-03-28T17:25:37.055+0000] {taskinstance.py:2330} INFO - Executing <Task(BashOperator): debug> on 2026-03-28 16:30:00+00:00
[2026-03-28T17:25:37.058+0000] {standard_task_runner.py:64} INFO - Started process 10981 to run task
[2026-03-28T17:25:37.061+0000] {standard_task_runner.py:90} INFO - Running: ['***', 'tasks', 'run', 'banking_01_bronze_layer', 'debug', 'scheduled__2026-03-28T16:30:00+00:00', '--job-id', '6915', '--raw', '--subdir', 'DAGS_FOLDER/dbt.py', '--cfg-path', '/tmp/tmpycl1x69l']
[2026-03-28T17:25:37.062+0000] {standard_task_runner.py:91} INFO - Job 6915: Subtask debug
[2026-03-28T17:25:37.093+0000] {task_command.py:426} INFO - Running <TaskInstance: banking_01_bronze_layer.debug scheduled__2026-03-28T16:30:00+00:00 [running]> on host c990dffe13ae
[2026-03-28T17:25:37.146+0000] {taskinstance.py:2648} INFO - Exporting env vars: AIRFLOW_CTX_DAG_OWNER='risheek' AIRFLOW_CTX_DAG_ID='banking_01_bronze_layer' AIRFLOW_CTX_TASK_ID='debug' AIRFLOW_CTX_EXECUTION_DATE='2026-03-28T16:30:00+00:00' AIRFLOW_CTX_TRY_NUMBER='2' AIRFLOW_CTX_DAG_RUN_ID='scheduled__2026-03-28T16:30:00+00:00'
[2026-03-28T17:25:37.147+0000] {taskinstance.py:430} INFO - ::endgroup::
[2026-03-28T17:25:37.147+0000] {subprocess.py:78} INFO - Tmp dir root location: /tmp
[2026-03-28T17:25:37.148+0000] {subprocess.py:88} INFO - Running command: ['/usr/bin/bash', '-c', 'dbt debug --profiles-dir /opt/***/dbt/trans_snowf']
[2026-03-28T17:25:37.153+0000] {subprocess.py:99} INFO - Output:
[2026-03-28T17:25:38.395+0000] {subprocess.py:106} INFO - [0m17:25:38  Running with dbt=1.11.7
[2026-03-28T17:25:38.401+0000] {subprocess.py:106} INFO - [0m17:25:38  dbt version: 1.11.7
[2026-03-28T17:25:38.401+0000] {subprocess.py:106} INFO - [0m17:25:38  python version: 3.12.4
[2026-03-28T17:25:38.402+0000] {subprocess.py:106} INFO - [0m17:25:38  python path: /home/***/.local/bin/python
[2026-03-28T17:25:38.402+0000] {subprocess.py:106} INFO - [0m17:25:38  os info: Linux-6.12.76-linuxkit-aarch64-with-glibc2.36
[2026-03-28T17:25:38.821+0000] {subprocess.py:106} INFO - [0m17:25:38  Using profiles dir at /opt/***/dbt/trans_snowf
[2026-03-28T17:25:38.821+0000] {subprocess.py:106} INFO - [0m17:25:38  Using profiles.yml file at /opt/***/dbt/trans_snowf/profiles.yml
[2026-03-28T17:25:38.822+0000] {subprocess.py:106} INFO - [0m17:25:38  Using dbt_project.yml file at /opt/***/dbt/trans_snowf/dbt_project.yml
[2026-03-28T17:25:38.822+0000] {subprocess.py:106} INFO - [0m17:25:38  adapter type: snowflake
[2026-03-28T17:25:38.823+0000] {subprocess.py:106} INFO - [0m17:25:38  adapter version: 1.11.3
[2026-03-28T17:25:38.877+0000] {subprocess.py:106} INFO - [0m17:25:38  Configuration:
[2026-03-28T17:25:38.877+0000] {subprocess.py:106} INFO - [0m17:25:38    profiles.yml file [[32mOK found and valid[0m]
[2026-03-28T17:25:38.878+0000] {subprocess.py:106} INFO - [0m17:25:38    dbt_project.yml file [[32mOK found and valid[0m]
[2026-03-28T17:25:38.878+0000] {subprocess.py:106} INFO - [0m17:25:38  Required dependencies:
[2026-03-28T17:25:38.879+0000] {subprocess.py:106} INFO - [0m17:25:38   - git [[31mERROR[0m]
[2026-03-28T17:25:38.879+0000] {subprocess.py:106} INFO - 
[2026-03-28T17:25:38.879+0000] {subprocess.py:106} INFO - [0m17:25:38  Connection:
[2026-03-28T17:25:38.880+0000] {subprocess.py:106} INFO - [0m17:25:38    account: BBMCDSP-CT02489
[2026-03-28T17:25:38.880+0000] {subprocess.py:106} INFO - [0m17:25:38    user: user123
[2026-03-28T17:25:38.880+0000] {subprocess.py:106} INFO - [0m17:25:38    database: BANKING
[2026-03-28T17:25:38.881+0000] {subprocess.py:106} INFO - [0m17:25:38    warehouse: COMPUTE_WH
[2026-03-28T17:25:38.881+0000] {subprocess.py:106} INFO - [0m17:25:38    role: dbtadmin
[2026-03-28T17:25:38.881+0000] {subprocess.py:106} INFO - [0m17:25:38    schema: PUBLIC
[2026-03-28T17:25:38.882+0000] {subprocess.py:106} INFO - [0m17:25:38    authenticator: None
[2026-03-28T17:25:38.882+0000] {subprocess.py:106} INFO - [0m17:25:38    oauth_client_id: None
[2026-03-28T17:25:38.882+0000] {subprocess.py:106} INFO - [0m17:25:38    query_tag: None
[2026-03-28T17:25:38.882+0000] {subprocess.py:106} INFO - [0m17:25:38    client_session_keep_alive: False
[2026-03-28T17:25:38.883+0000] {subprocess.py:106} INFO - [0m17:25:38    host: None
[2026-03-28T17:25:38.883+0000] {subprocess.py:106} INFO - [0m17:25:38    port: None
[2026-03-28T17:25:38.883+0000] {subprocess.py:106} INFO - [0m17:25:38    proxy_host: None
[2026-03-28T17:25:38.884+0000] {subprocess.py:106} INFO - [0m17:25:38    proxy_port: None
[2026-03-28T17:25:38.884+0000] {subprocess.py:106} INFO - [0m17:25:38    protocol: None
[2026-03-28T17:25:38.884+0000] {subprocess.py:106} INFO - [0m17:25:38    connect_retries: 1
[2026-03-28T17:25:38.884+0000] {subprocess.py:106} INFO - [0m17:25:38    connect_timeout: None
[2026-03-28T17:25:38.885+0000] {subprocess.py:106} INFO - [0m17:25:38    retry_on_database_errors: False
[2026-03-28T17:25:38.885+0000] {subprocess.py:106} INFO - [0m17:25:38    retry_all: False
[2026-03-28T17:25:38.885+0000] {subprocess.py:106} INFO - [0m17:25:38    insecure_mode: False
[2026-03-28T17:25:38.885+0000] {subprocess.py:106} INFO - [0m17:25:38    reuse_connections: True
[2026-03-28T17:25:38.885+0000] {subprocess.py:106} INFO - [0m17:25:38    s3_stage_vpce_dns_name: None
[2026-03-28T17:25:38.886+0000] {subprocess.py:106} INFO - [0m17:25:38    platform_detection_timeout_seconds: 0.0
[2026-03-28T17:25:38.886+0000] {subprocess.py:106} INFO - [0m17:25:38  Registered adapter: snowflake=1.11.3
[2026-03-28T17:25:39.601+0000] {subprocess.py:106} INFO - [0m17:25:39    Connection test: [[32mOK connection ok[0m]
[2026-03-28T17:25:39.602+0000] {subprocess.py:106} INFO - 
[2026-03-28T17:25:39.604+0000] {subprocess.py:106} INFO - [0m17:25:39  [31m1 check failed:[0m
[2026-03-28T17:25:39.604+0000] {subprocess.py:106} INFO - [0m17:25:39  Error from git --help: Could not find command, ensure it is in the user's PATH: "git"
[2026-03-28T17:25:39.605+0000] {subprocess.py:106} INFO - 
[2026-03-28T17:25:42.339+0000] {subprocess.py:110} INFO - Command exited with return code 1
[2026-03-28T17:25:42.339+0000] {taskinstance.py:441} INFO - ::group::Post task execution logs
[2026-03-28T17:25:42.348+0000] {taskinstance.py:2905} ERROR - Task failed with exception
Traceback (most recent call last):
  File "/home/airflow/.local/lib/python3.12/site-packages/airflow/models/taskinstance.py", line 465, in _execute_task
    result = _execute_callable(context=context, **execute_callable_kwargs)
             ^^^^^^^^^^^^^^^^^^^^^^^^^^^^^^^^^^^^^^^^^^^^^^^^^^^^^^^^^^^^^
  File "/home/airflow/.local/lib/python3.12/site-packages/airflow/models/taskinstance.py", line 432, in _execute_callable
    return execute_callable(context=context, **execute_callable_kwargs)
           ^^^^^^^^^^^^^^^^^^^^^^^^^^^^^^^^^^^^^^^^^^^^^^^^^^^^^^^^^^^^
  File "/home/airflow/.local/lib/python3.12/site-packages/airflow/models/baseoperator.py", line 401, in wrapper
    return func(self, *args, **kwargs)
           ^^^^^^^^^^^^^^^^^^^^^^^^^^^
  File "/home/airflow/.local/lib/python3.12/site-packages/airflow/providers/standard/operators/bash.py", line 233, in execute
    raise AirflowException(
airflow.exceptions.AirflowException: Bash command failed. The command returned a non-zero exit code 1.
[2026-03-28T17:25:42.351+0000] {taskinstance.py:1206} INFO - Marking task as FAILED. dag_id=banking_01_bronze_layer, task_id=debug, run_id=scheduled__2026-03-28T16:30:00+00:00, execution_date=20260328T163000, start_date=20260328T172537, end_date=20260328T172542
[2026-03-28T17:25:42.360+0000] {standard_task_runner.py:110} ERROR - Failed to execute job 6915 for task debug (Bash command failed. The command returned a non-zero exit code 1.; 10981)
[2026-03-28T17:25:42.367+0000] {local_task_job_runner.py:243} INFO - Task exited with return code 1
[2026-03-28T17:25:42.379+0000] {taskinstance.py:3503} INFO - 0 downstream tasks scheduled from follow-on schedule check
[2026-03-28T17:25:42.380+0000] {local_task_job_runner.py:222} INFO - ::endgroup::
