[2026-03-25T15:34:42.871+0000] {local_task_job_runner.py:120} INFO - ::group::Pre task execution logs
[2026-03-25T15:34:42.887+0000] {taskinstance.py:2076} INFO - Dependencies all met for dep_context=non-requeueable deps ti=<TaskInstance: banking_01_bronze_layer.debug manual__2026-03-25T15:28:31.873531+00:00 [queued]>
[2026-03-25T15:34:42.891+0000] {taskinstance.py:2076} INFO - Dependencies all met for dep_context=requeueable deps ti=<TaskInstance: banking_01_bronze_layer.debug manual__2026-03-25T15:28:31.873531+00:00 [queued]>
[2026-03-25T15:34:42.891+0000] {taskinstance.py:2306} INFO - Starting attempt 2 of 2
[2026-03-25T15:34:42.897+0000] {taskinstance.py:2330} INFO - Executing <Task(BashOperator): debug> on 2026-03-25 15:28:31.873531+00:00
[2026-03-25T15:34:42.900+0000] {standard_task_runner.py:64} INFO - Started process 9168 to run task
[2026-03-25T15:34:42.901+0000] {standard_task_runner.py:90} INFO - Running: ['***', 'tasks', 'run', 'banking_01_bronze_layer', 'debug', 'manual__2026-03-25T15:28:31.873531+00:00', '--job-id', '1819', '--raw', '--subdir', 'DAGS_FOLDER/dbt.py', '--cfg-path', '/tmp/tmpv0hby7ii']
[2026-03-25T15:34:42.905+0000] {standard_task_runner.py:91} INFO - Job 1819: Subtask debug
[2026-03-25T15:34:42.940+0000] {task_command.py:426} INFO - Running <TaskInstance: banking_01_bronze_layer.debug manual__2026-03-25T15:28:31.873531+00:00 [running]> on host c990dffe13ae
[2026-03-25T15:34:42.996+0000] {taskinstance.py:2648} INFO - Exporting env vars: AIRFLOW_CTX_DAG_OWNER='risheek' AIRFLOW_CTX_DAG_ID='banking_01_bronze_layer' AIRFLOW_CTX_TASK_ID='debug' AIRFLOW_CTX_EXECUTION_DATE='2026-03-25T15:28:31.873531+00:00' AIRFLOW_CTX_TRY_NUMBER='2' AIRFLOW_CTX_DAG_RUN_ID='manual__2026-03-25T15:28:31.873531+00:00'
[2026-03-25T15:34:42.997+0000] {taskinstance.py:430} INFO - ::endgroup::
[2026-03-25T15:34:42.997+0000] {subprocess.py:78} INFO - Tmp dir root location: /tmp
[2026-03-25T15:34:42.998+0000] {subprocess.py:88} INFO - Running command: ['/usr/bin/bash', '-c', 'dbt debug --profiles-dir /opt/***/dbt/trans_snowf']
[2026-03-25T15:34:43.002+0000] {subprocess.py:99} INFO - Output:
[2026-03-25T15:34:44.359+0000] {subprocess.py:106} INFO - [0m15:34:44  Running with dbt=1.11.7
[2026-03-25T15:34:44.365+0000] {subprocess.py:106} INFO - [0m15:34:44  dbt version: 1.11.7
[2026-03-25T15:34:44.365+0000] {subprocess.py:106} INFO - [0m15:34:44  python version: 3.12.4
[2026-03-25T15:34:44.366+0000] {subprocess.py:106} INFO - [0m15:34:44  python path: /home/***/.local/bin/python
[2026-03-25T15:34:44.366+0000] {subprocess.py:106} INFO - [0m15:34:44  os info: Linux-6.12.76-linuxkit-aarch64-with-glibc2.36
[2026-03-25T15:34:44.848+0000] {subprocess.py:106} INFO - [0m15:34:44  Using profiles dir at /opt/***/dbt/trans_snowf
[2026-03-25T15:34:44.849+0000] {subprocess.py:106} INFO - [0m15:34:44  Using profiles.yml file at /opt/***/dbt/trans_snowf/profiles.yml
[2026-03-25T15:34:44.850+0000] {subprocess.py:106} INFO - [0m15:34:44  Using dbt_project.yml file at /opt/***/dbt/trans_snowf/dbt_project.yml
[2026-03-25T15:34:44.851+0000] {subprocess.py:106} INFO - [0m15:34:44  adapter type: snowflake
[2026-03-25T15:34:44.851+0000] {subprocess.py:106} INFO - [0m15:34:44  adapter version: 1.11.3
[2026-03-25T15:34:44.903+0000] {subprocess.py:106} INFO - [0m15:34:44  Configuration:
[2026-03-25T15:34:44.903+0000] {subprocess.py:106} INFO - [0m15:34:44    profiles.yml file [[32mOK found and valid[0m]
[2026-03-25T15:34:44.903+0000] {subprocess.py:106} INFO - [0m15:34:44    dbt_project.yml file [[32mOK found and valid[0m]
[2026-03-25T15:34:44.904+0000] {subprocess.py:106} INFO - [0m15:34:44  Required dependencies:
[2026-03-25T15:34:44.906+0000] {subprocess.py:106} INFO - [0m15:34:44   - git [[31mERROR[0m]
[2026-03-25T15:34:44.906+0000] {subprocess.py:106} INFO - 
[2026-03-25T15:34:44.906+0000] {subprocess.py:106} INFO - [0m15:34:44  Connection:
[2026-03-25T15:34:44.907+0000] {subprocess.py:106} INFO - [0m15:34:44    account: BBMCDSP-CT02489
[2026-03-25T15:34:44.907+0000] {subprocess.py:106} INFO - [0m15:34:44    user: user123
[2026-03-25T15:34:44.907+0000] {subprocess.py:106} INFO - [0m15:34:44    database: BANKING
[2026-03-25T15:34:44.908+0000] {subprocess.py:106} INFO - [0m15:34:44    warehouse: COMPUTE_WH
[2026-03-25T15:34:44.908+0000] {subprocess.py:106} INFO - [0m15:34:44    role: dbtadmin
[2026-03-25T15:34:44.908+0000] {subprocess.py:106} INFO - [0m15:34:44    schema: PUBLIC
[2026-03-25T15:34:44.908+0000] {subprocess.py:106} INFO - [0m15:34:44    authenticator: None
[2026-03-25T15:34:44.909+0000] {subprocess.py:106} INFO - [0m15:34:44    oauth_client_id: None
[2026-03-25T15:34:44.909+0000] {subprocess.py:106} INFO - [0m15:34:44    query_tag: None
[2026-03-25T15:34:44.909+0000] {subprocess.py:106} INFO - [0m15:34:44    client_session_keep_alive: False
[2026-03-25T15:34:44.910+0000] {subprocess.py:106} INFO - [0m15:34:44    host: None
[2026-03-25T15:34:44.910+0000] {subprocess.py:106} INFO - [0m15:34:44    port: None
[2026-03-25T15:34:44.910+0000] {subprocess.py:106} INFO - [0m15:34:44    proxy_host: None
[2026-03-25T15:34:44.910+0000] {subprocess.py:106} INFO - [0m15:34:44    proxy_port: None
[2026-03-25T15:34:44.911+0000] {subprocess.py:106} INFO - [0m15:34:44    protocol: None
[2026-03-25T15:34:44.911+0000] {subprocess.py:106} INFO - [0m15:34:44    connect_retries: 1
[2026-03-25T15:34:44.911+0000] {subprocess.py:106} INFO - [0m15:34:44    connect_timeout: None
[2026-03-25T15:34:44.911+0000] {subprocess.py:106} INFO - [0m15:34:44    retry_on_database_errors: False
[2026-03-25T15:34:44.912+0000] {subprocess.py:106} INFO - [0m15:34:44    retry_all: False
[2026-03-25T15:34:44.912+0000] {subprocess.py:106} INFO - [0m15:34:44    insecure_mode: False
[2026-03-25T15:34:44.912+0000] {subprocess.py:106} INFO - [0m15:34:44    reuse_connections: True
[2026-03-25T15:34:44.913+0000] {subprocess.py:106} INFO - [0m15:34:44    s3_stage_vpce_dns_name: None
[2026-03-25T15:34:44.913+0000] {subprocess.py:106} INFO - [0m15:34:44    platform_detection_timeout_seconds: 0.0
[2026-03-25T15:34:44.913+0000] {subprocess.py:106} INFO - [0m15:34:44  Registered adapter: snowflake=1.11.3
[2026-03-25T15:34:45.697+0000] {subprocess.py:106} INFO - [0m15:34:45    Connection test: [[32mOK connection ok[0m]
[2026-03-25T15:34:45.698+0000] {subprocess.py:106} INFO - 
[2026-03-25T15:34:45.699+0000] {subprocess.py:106} INFO - [0m15:34:45  [31m1 check failed:[0m
[2026-03-25T15:34:45.701+0000] {subprocess.py:106} INFO - [0m15:34:45  Error from git --help: Could not find command, ensure it is in the user's PATH: "git"
[2026-03-25T15:34:45.702+0000] {subprocess.py:106} INFO - 
[2026-03-25T15:34:47.374+0000] {subprocess.py:110} INFO - Command exited with return code 1
[2026-03-25T15:34:47.376+0000] {taskinstance.py:441} INFO - ::group::Post task execution logs
[2026-03-25T15:34:47.395+0000] {taskinstance.py:2905} ERROR - Task failed with exception
Traceback (most recent call last):
  File "/home/airflow/.local/lib/python3.12/site-packages/airflow/models/taskinstance.py", line 465, in _execute_task
    result = _execute_callable(context=context, **execute_callable_kwargs)
             ^^^^^^^^^^^^^^^^^^^^^^^^^^^^^^^^^^^^^^^^^^^^^^^^^^^^^^^^^^^^^
  File "/home/airflow/.local/lib/python3.12/site-packages/airflow/models/taskinstance.py", line 432, in _execute_callable
    return execute_callable(context=context, **execute_callable_kwargs)
           ^^^^^^^^^^^^^^^^^^^^^^^^^^^^^^^^^^^^^^^^^^^^^^^^^^^^^^^^^^^^
  File "/home/airflow/.local/lib/python3.12/site-packages/airflow/models/baseoperator.py", line 401, in wrapper
    return func(self, *args, **kwargs)
           ^^^^^^^^^^^^^^^^^^^^^^^^^^^
  File "/home/airflow/.local/lib/python3.12/site-packages/airflow/providers/standard/operators/bash.py", line 233, in execute
    raise AirflowException(
airflow.exceptions.AirflowException: Bash command failed. The command returned a non-zero exit code 1.
[2026-03-25T15:34:47.399+0000] {taskinstance.py:1206} INFO - Marking task as FAILED. dag_id=banking_01_bronze_layer, task_id=debug, run_id=manual__2026-03-25T15:28:31.873531+00:00, execution_date=20260325T152831, start_date=20260325T153442, end_date=20260325T153447
[2026-03-25T15:34:47.412+0000] {standard_task_runner.py:110} ERROR - Failed to execute job 1819 for task debug (Bash command failed. The command returned a non-zero exit code 1.; 9168)
[2026-03-25T15:34:47.447+0000] {local_task_job_runner.py:243} INFO - Task exited with return code 1
[2026-03-25T15:34:47.473+0000] {taskinstance.py:3503} INFO - 0 downstream tasks scheduled from follow-on schedule check
[2026-03-25T15:34:47.475+0000] {local_task_job_runner.py:222} INFO - ::endgroup::
