[2026-03-27T10:57:13.198+0000] {local_task_job_runner.py:120} INFO - ::group::Pre task execution logs
[2026-03-27T10:57:13.213+0000] {taskinstance.py:2076} INFO - Dependencies all met for dep_context=non-requeueable deps ti=<TaskInstance: transfer_from_minio_to_snowflake_transactions.create_raw scheduled__2026-03-27T10:56:00+00:00 [queued]>
[2026-03-27T10:57:13.216+0000] {taskinstance.py:2076} INFO - Dependencies all met for dep_context=requeueable deps ti=<TaskInstance: transfer_from_minio_to_snowflake_transactions.create_raw scheduled__2026-03-27T10:56:00+00:00 [queued]>
[2026-03-27T10:57:13.217+0000] {taskinstance.py:2306} INFO - Starting attempt 1 of 3
[2026-03-27T10:57:13.222+0000] {taskinstance.py:2330} INFO - Executing <Task(SQLExecuteQueryOperator): create_raw> on 2026-03-27 10:56:00+00:00
[2026-03-27T10:57:13.226+0000] {standard_task_runner.py:90} INFO - Running: ['***', 'tasks', 'run', 'transfer_from_minio_to_snowflake_transactions', 'create_raw', 'scheduled__2026-03-27T10:56:00+00:00', '--job-id', '4889', '--raw', '--subdir', 'DAGS_FOLDER/transfer.py', '--cfg-path', '/tmp/tmp5p3re7yj']
[2026-03-27T10:57:13.227+0000] {standard_task_runner.py:91} INFO - Job 4889: Subtask create_raw
[2026-03-27T10:57:13.227+0000] {logging_mixin.py:188} WARNING - /home/***/.local/lib/python3.12/site-packages/***/task/task_runner/standard_task_runner.py:62 DeprecationWarning: This process (pid=27551) is multi-threaded, use of fork() may lead to deadlocks in the child.
[2026-03-27T10:57:13.228+0000] {standard_task_runner.py:64} INFO - Started process 27565 to run task
[2026-03-27T10:57:13.253+0000] {task_command.py:426} INFO - Running <TaskInstance: transfer_from_minio_to_snowflake_transactions.create_raw scheduled__2026-03-27T10:56:00+00:00 [running]> on host c990dffe13ae
[2026-03-27T10:57:13.379+0000] {taskinstance.py:2648} INFO - Exporting env vars: AIRFLOW_CTX_DAG_OWNER='***' AIRFLOW_CTX_DAG_ID='transfer_from_minio_to_snowflake_transactions' AIRFLOW_CTX_TASK_ID='create_raw' AIRFLOW_CTX_EXECUTION_DATE='2026-03-27T10:56:00+00:00' AIRFLOW_CTX_TRY_NUMBER='1' AIRFLOW_CTX_DAG_RUN_ID='scheduled__2026-03-27T10:56:00+00:00'
[2026-03-27T10:57:13.379+0000] {taskinstance.py:430} INFO - ::endgroup::
[2026-03-27T10:57:13.380+0000] {sql.py:282} INFO - Executing:  CREATE TABLE IF NOT EXISTS RAW_TRANSACTIONS (
                    raw_json VARIANT,
                    inserted_at TIMESTAMP_NTZ DEFAULT CURRENT_TIMESTAMP());
                  
[2026-03-27T10:57:13.385+0000] {base.py:84} INFO - Using connection ID 'warehouse_id' for task execution.
[2026-03-27T10:57:13.415+0000] {base.py:84} INFO - Using connection ID 'warehouse_id' for task execution.
[2026-03-27T10:57:13.454+0000] {connection.py:613} INFO - Snowflake Connector for Python Version: 4.3.0, Python Version: 3.12.4, Platform: Linux-6.12.76-linuxkit-aarch64-with-glibc2.36
[2026-03-27T10:57:13.455+0000] {connection.py:1709} INFO - Connecting to GLOBAL Snowflake domain
[2026-03-27T10:57:14.288+0000] {sql.py:495} INFO - Running statement: CREATE TABLE IF NOT EXISTS RAW_TRANSACTIONS (
                    raw_json VARIANT,
                    inserted_at TIMESTAMP_NTZ DEFAULT CURRENT_TIMESTAMP());, parameters: None
[2026-03-27T10:57:14.454+0000] {sql.py:504} INFO - Rows affected: 1
[2026-03-27T10:57:14.456+0000] {snowflake.py:422} INFO - Rows affected: 1
[2026-03-27T10:57:14.456+0000] {snowflake.py:423} INFO - Snowflake query id: 01c34e71-3202-7c30-0014-90e6000478c2
[2026-03-27T10:57:14.859+0000] {taskinstance.py:441} INFO - ::group::Post task execution logs
[2026-03-27T10:57:14.895+0000] {taskinstance.py:1206} INFO - Marking task as SUCCESS. dag_id=transfer_from_minio_to_snowflake_transactions, task_id=create_raw, run_id=scheduled__2026-03-27T10:56:00+00:00, execution_date=20260327T105600, start_date=20260327T105713, end_date=20260327T105714
[2026-03-27T10:57:14.916+0000] {local_task_job_runner.py:243} INFO - Task exited with return code 0
[2026-03-27T10:57:14.936+0000] {taskinstance.py:3503} INFO - 1 downstream tasks scheduled from follow-on schedule check
[2026-03-27T10:57:14.937+0000] {local_task_job_runner.py:222} INFO - ::endgroup::
