[2026-03-31T00:47:45.913+0000] {local_task_job_runner.py:120} INFO - ::group::Pre task execution logs
[2026-03-31T00:47:45.933+0000] {taskinstance.py:2076} INFO - Dependencies all met for dep_context=non-requeueable deps ti=<TaskInstance: banking_01_bronze_layer.compile manual__2026-03-31T00:47:34.252602+00:00 [queued]>
[2026-03-31T00:47:45.937+0000] {taskinstance.py:2076} INFO - Dependencies all met for dep_context=requeueable deps ti=<TaskInstance: banking_01_bronze_layer.compile manual__2026-03-31T00:47:34.252602+00:00 [queued]>
[2026-03-31T00:47:45.937+0000] {taskinstance.py:2306} INFO - Starting attempt 1 of 2
[2026-03-31T00:47:45.944+0000] {taskinstance.py:2330} INFO - Executing <Task(BashOperator): compile> on 2026-03-31 00:47:34.252602+00:00
[2026-03-31T00:47:45.947+0000] {standard_task_runner.py:64} INFO - Started process 41904 to run task
[2026-03-31T00:47:45.949+0000] {standard_task_runner.py:90} INFO - Running: ['***', 'tasks', 'run', 'banking_01_bronze_layer', 'compile', 'manual__2026-03-31T00:47:34.252602+00:00', '--job-id', '9550', '--raw', '--subdir', 'DAGS_FOLDER/dbt.py', '--cfg-path', '/tmp/tmprfeu_ke3']
[2026-03-31T00:47:45.951+0000] {standard_task_runner.py:91} INFO - Job 9550: Subtask compile
[2026-03-31T00:47:46.012+0000] {task_command.py:426} INFO - Running <TaskInstance: banking_01_bronze_layer.compile manual__2026-03-31T00:47:34.252602+00:00 [running]> on host c990dffe13ae
[2026-03-31T00:47:46.094+0000] {taskinstance.py:2648} INFO - Exporting env vars: AIRFLOW_CTX_DAG_OWNER='risheek' AIRFLOW_CTX_DAG_ID='banking_01_bronze_layer' AIRFLOW_CTX_TASK_ID='compile' AIRFLOW_CTX_EXECUTION_DATE='2026-03-31T00:47:34.252602+00:00' AIRFLOW_CTX_TRY_NUMBER='1' AIRFLOW_CTX_DAG_RUN_ID='manual__2026-03-31T00:47:34.252602+00:00'
[2026-03-31T00:47:46.096+0000] {taskinstance.py:430} INFO - ::endgroup::
[2026-03-31T00:47:46.097+0000] {subprocess.py:78} INFO - Tmp dir root location: /tmp
[2026-03-31T00:47:46.101+0000] {subprocess.py:88} INFO - Running command: ['/usr/bin/bash', '-c', 'dbt compile --profiles-dir /opt/***/dbt/trans_snowf']
[2026-03-31T00:47:46.106+0000] {subprocess.py:99} INFO - Output:
[2026-03-31T00:47:47.778+0000] {subprocess.py:106} INFO - [0m00:47:47  Running with dbt=1.11.7
[2026-03-31T00:47:48.514+0000] {subprocess.py:106} INFO - [0m00:47:48  Registered adapter: snowflake=1.11.3
[2026-03-31T00:47:48.908+0000] {subprocess.py:106} INFO - [0m00:47:48  [[33mWARNING[0m]: Configuration paths exist in your dbt_project.yml file which do not apply to any resources.
[2026-03-31T00:47:48.909+0000] {subprocess.py:106} INFO - There are 1 unused configuration paths:
[2026-03-31T00:47:48.909+0000] {subprocess.py:106} INFO - - models.trans_snowf.example
[2026-03-31T00:47:49.064+0000] {subprocess.py:106} INFO - [0m00:47:49  Found 14 models, 3 sources, 522 macros
[2026-03-31T00:47:49.066+0000] {subprocess.py:106} INFO - [0m00:47:49
[2026-03-31T00:47:49.066+0000] {subprocess.py:106} INFO - [0m00:47:49  Concurrency: 1 threads (target='dev')
[2026-03-31T00:47:49.067+0000] {subprocess.py:106} INFO - [0m00:47:49
[2026-03-31T00:47:52.957+0000] {subprocess.py:110} INFO - Command exited with return code 0
[2026-03-31T00:47:52.961+0000] {taskinstance.py:441} INFO - ::group::Post task execution logs
[2026-03-31T00:47:52.996+0000] {taskinstance.py:1206} INFO - Marking task as SUCCESS. dag_id=banking_01_bronze_layer, task_id=compile, run_id=manual__2026-03-31T00:47:34.252602+00:00, execution_date=20260331T004734, start_date=20260331T004745, end_date=20260331T004752
[2026-03-31T00:47:53.023+0000] {local_task_job_runner.py:243} INFO - Task exited with return code 0
[2026-03-31T00:47:53.037+0000] {taskinstance.py:3503} INFO - 0 downstream tasks scheduled from follow-on schedule check
[2026-03-31T00:47:53.037+0000] {local_task_job_runner.py:222} INFO - ::endgroup::
