[2026-03-28T11:36:40.471+0000] {local_task_job_runner.py:120} INFO - ::group::Pre task execution logs
[2026-03-28T11:36:40.490+0000] {taskinstance.py:2076} INFO - Dependencies all met for dep_context=non-requeueable deps ti=<TaskInstance: transfer_from_minio_to_snowflake_customers.create_stage scheduled__2026-03-28T11:35:00+00:00 [queued]>
[2026-03-28T11:36:40.493+0000] {taskinstance.py:2076} INFO - Dependencies all met for dep_context=requeueable deps ti=<TaskInstance: transfer_from_minio_to_snowflake_customers.create_stage scheduled__2026-03-28T11:35:00+00:00 [queued]>
[2026-03-28T11:36:40.493+0000] {taskinstance.py:2306} INFO - Starting attempt 1 of 3
[2026-03-28T11:36:40.499+0000] {taskinstance.py:2330} INFO - Executing <Task(SQLExecuteQueryOperator): create_stage> on 2026-03-28 11:35:00+00:00
[2026-03-28T11:36:40.509+0000] {logging_mixin.py:188} WARNING - /home/***/.local/lib/python3.12/site-packages/***/task/task_runner/standard_task_runner.py:62 DeprecationWarning: This process (pid=4722) is multi-threaded, use of fork() may lead to deadlocks in the child.
[2026-03-28T11:36:40.508+0000] {standard_task_runner.py:90} INFO - Running: ['***', 'tasks', 'run', 'transfer_from_minio_to_snowflake_customers', 'create_stage', 'scheduled__2026-03-28T11:35:00+00:00', '--job-id', '6634', '--raw', '--subdir', 'DAGS_FOLDER/transfer.py', '--cfg-path', '/tmp/tmp9zcv9r5p']
[2026-03-28T11:36:40.510+0000] {standard_task_runner.py:91} INFO - Job 6634: Subtask create_stage
[2026-03-28T11:36:40.510+0000] {standard_task_runner.py:64} INFO - Started process 4734 to run task
[2026-03-28T11:36:40.552+0000] {task_command.py:426} INFO - Running <TaskInstance: transfer_from_minio_to_snowflake_customers.create_stage scheduled__2026-03-28T11:35:00+00:00 [running]> on host c990dffe13ae
[2026-03-28T11:36:40.738+0000] {taskinstance.py:2648} INFO - Exporting env vars: AIRFLOW_CTX_DAG_OWNER='***' AIRFLOW_CTX_DAG_ID='transfer_from_minio_to_snowflake_customers' AIRFLOW_CTX_TASK_ID='create_stage' AIRFLOW_CTX_EXECUTION_DATE='2026-03-28T11:35:00+00:00' AIRFLOW_CTX_TRY_NUMBER='1' AIRFLOW_CTX_DAG_RUN_ID='scheduled__2026-03-28T11:35:00+00:00'
[2026-03-28T11:36:40.739+0000] {taskinstance.py:430} INFO - ::endgroup::
[2026-03-28T11:36:40.739+0000] {sql.py:282} INFO - Executing:  CREATE STAGE IF NOT EXISTS incoming  
                 URL = 's3://de-project-banking-pipeline-dev-2/customers'
                 STORAGE_INTEGRATION = my_s3_integration
                 FILE_FORMAT = (TYPE = 'JSON'); 
[2026-03-28T11:36:40.746+0000] {base.py:84} INFO - Using connection ID 'warehouse_id' for task execution.
[2026-03-28T11:36:40.778+0000] {base.py:84} INFO - Using connection ID 'warehouse_id' for task execution.
[2026-03-28T11:36:40.818+0000] {connection.py:613} INFO - Snowflake Connector for Python Version: 4.3.0, Python Version: 3.12.4, Platform: Linux-6.12.76-linuxkit-aarch64-with-glibc2.36
[2026-03-28T11:36:40.818+0000] {connection.py:1709} INFO - Connecting to GLOBAL Snowflake domain
[2026-03-28T11:36:41.576+0000] {sql.py:495} INFO - Running statement: CREATE STAGE IF NOT EXISTS incoming  
                 URL = 's3://de-project-banking-pipeline-dev-2/customers'
                 STORAGE_INTEGRATION = my_s3_integration
                 FILE_FORMAT = (TYPE = 'JSON');, parameters: None
[2026-03-28T11:36:41.732+0000] {sql.py:504} INFO - Rows affected: 1
[2026-03-28T11:36:41.733+0000] {snowflake.py:422} INFO - Rows affected: 1
[2026-03-28T11:36:41.733+0000] {snowflake.py:423} INFO - Snowflake query id: 01c35438-3202-839d-0014-90e6000526aa
[2026-03-28T11:36:42.052+0000] {taskinstance.py:441} INFO - ::group::Post task execution logs
[2026-03-28T11:36:42.104+0000] {taskinstance.py:1206} INFO - Marking task as SUCCESS. dag_id=transfer_from_minio_to_snowflake_customers, task_id=create_stage, run_id=scheduled__2026-03-28T11:35:00+00:00, execution_date=20260328T113500, start_date=20260328T113640, end_date=20260328T113642
[2026-03-28T11:36:42.167+0000] {local_task_job_runner.py:243} INFO - Task exited with return code 0
[2026-03-28T11:36:42.200+0000] {taskinstance.py:3503} INFO - 1 downstream tasks scheduled from follow-on schedule check
[2026-03-28T11:36:42.201+0000] {local_task_job_runner.py:222} INFO - ::endgroup::
