[2026-03-29T18:30:24.387+0000] {local_task_job_runner.py:120} INFO - ::group::Pre task execution logs
[2026-03-29T18:30:24.404+0000] {taskinstance.py:2076} INFO - Dependencies all met for dep_context=non-requeueable deps ti=<TaskInstance: banking_01_bronze_layer.build_bronze_acc scheduled__2026-03-29T18:00:00+00:00 [queued]>
[2026-03-29T18:30:24.407+0000] {taskinstance.py:2076} INFO - Dependencies all met for dep_context=requeueable deps ti=<TaskInstance: banking_01_bronze_layer.build_bronze_acc scheduled__2026-03-29T18:00:00+00:00 [queued]>
[2026-03-29T18:30:24.407+0000] {taskinstance.py:2306} INFO - Starting attempt 1 of 2
[2026-03-29T18:30:24.413+0000] {taskinstance.py:2330} INFO - Executing <Task(BashOperator): build_bronze_acc> on 2026-03-29 18:00:00+00:00
[2026-03-29T18:30:24.415+0000] {standard_task_runner.py:64} INFO - Started process 3848 to run task
[2026-03-29T18:30:24.417+0000] {standard_task_runner.py:90} INFO - Running: ['***', 'tasks', 'run', 'banking_01_bronze_layer', 'build_bronze_acc', 'scheduled__2026-03-29T18:00:00+00:00', '--job-id', '7303', '--raw', '--subdir', 'DAGS_FOLDER/dbt.py', '--cfg-path', '/tmp/tmp3pr0rw83']
[2026-03-29T18:30:24.418+0000] {standard_task_runner.py:91} INFO - Job 7303: Subtask build_bronze_acc
[2026-03-29T18:30:24.450+0000] {task_command.py:426} INFO - Running <TaskInstance: banking_01_bronze_layer.build_bronze_acc scheduled__2026-03-29T18:00:00+00:00 [running]> on host c990dffe13ae
[2026-03-29T18:30:24.497+0000] {taskinstance.py:2648} INFO - Exporting env vars: AIRFLOW_CTX_DAG_OWNER='risheek' AIRFLOW_CTX_DAG_ID='banking_01_bronze_layer' AIRFLOW_CTX_TASK_ID='build_bronze_acc' AIRFLOW_CTX_EXECUTION_DATE='2026-03-29T18:00:00+00:00' AIRFLOW_CTX_TRY_NUMBER='1' AIRFLOW_CTX_DAG_RUN_ID='scheduled__2026-03-29T18:00:00+00:00'
[2026-03-29T18:30:24.497+0000] {taskinstance.py:430} INFO - ::endgroup::
[2026-03-29T18:30:24.498+0000] {subprocess.py:78} INFO - Tmp dir root location: /tmp
[2026-03-29T18:30:24.498+0000] {subprocess.py:88} INFO - Running command: ['/usr/bin/bash', '-c', 'dbt build --select bronze_acc']
[2026-03-29T18:30:24.502+0000] {subprocess.py:99} INFO - Output:
[2026-03-29T18:30:25.721+0000] {subprocess.py:106} INFO - [0m18:30:25  Running with dbt=1.11.7
[2026-03-29T18:30:26.238+0000] {subprocess.py:106} INFO - [0m18:30:26  Registered adapter: snowflake=1.11.3
[2026-03-29T18:30:26.376+0000] {subprocess.py:106} INFO - [0m18:30:26  [[33mWARNING[0m]: Configuration paths exist in your dbt_project.yml file which do not apply to any resources.
[2026-03-29T18:30:26.376+0000] {subprocess.py:106} INFO - There are 1 unused configuration paths:
[2026-03-29T18:30:26.377+0000] {subprocess.py:106} INFO - - models.trans_snowf.example
[2026-03-29T18:30:26.473+0000] {subprocess.py:106} INFO - [0m18:30:26  Found 14 models, 3 sources, 522 macros
[2026-03-29T18:30:26.474+0000] {subprocess.py:106} INFO - [0m18:30:26
[2026-03-29T18:30:26.474+0000] {subprocess.py:106} INFO - [0m18:30:26  Concurrency: 1 threads (target='dev')
[2026-03-29T18:30:26.475+0000] {subprocess.py:106} INFO - [0m18:30:26
[2026-03-29T18:30:28.237+0000] {subprocess.py:106} INFO - [0m18:30:28  1 of 1 START sql incremental model PUBLIC_BRONZE.bronze_acc .................... [RUN]
[2026-03-29T18:30:31.072+0000] {subprocess.py:106} INFO - [0m18:30:31  1 of 1 OK created sql incremental model PUBLIC_BRONZE.bronze_acc ............... [[32mSUCCESS 0[0m in 2.83s]
[2026-03-29T18:30:31.304+0000] {subprocess.py:106} INFO - [0m18:30:31
[2026-03-29T18:30:31.306+0000] {subprocess.py:106} INFO - [0m18:30:31  Finished running 1 incremental model in 0 hours 0 minutes and 4.83 seconds (4.83s).
[2026-03-29T18:30:31.364+0000] {subprocess.py:106} INFO - [0m18:30:31
[2026-03-29T18:30:31.364+0000] {subprocess.py:106} INFO - [0m18:30:31  [32mCompleted successfully[0m
[2026-03-29T18:30:31.365+0000] {subprocess.py:106} INFO - [0m18:30:31
[2026-03-29T18:30:31.365+0000] {subprocess.py:106} INFO - [0m18:30:31  Done. PASS=1 WARN=0 ERROR=0 SKIP=0 NO-OP=0 TOTAL=1
[2026-03-29T18:30:33.022+0000] {subprocess.py:110} INFO - Command exited with return code 0
[2026-03-29T18:30:33.026+0000] {taskinstance.py:441} INFO - ::group::Post task execution logs
[2026-03-29T18:30:33.087+0000] {taskinstance.py:1206} INFO - Marking task as SUCCESS. dag_id=banking_01_bronze_layer, task_id=build_bronze_acc, run_id=scheduled__2026-03-29T18:00:00+00:00, execution_date=20260329T180000, start_date=20260329T183024, end_date=20260329T183033
[2026-03-29T18:30:33.132+0000] {local_task_job_runner.py:243} INFO - Task exited with return code 0
[2026-03-29T18:30:33.154+0000] {taskinstance.py:3503} INFO - 0 downstream tasks scheduled from follow-on schedule check
[2026-03-29T18:30:33.155+0000] {local_task_job_runner.py:222} INFO - ::endgroup::
