[2026-03-25T15:43:18.259+0000] {local_task_job_runner.py:120} INFO - ::group::Pre task execution logs
[2026-03-25T15:43:18.274+0000] {taskinstance.py:2076} INFO - Dependencies all met for dep_context=non-requeueable deps ti=<TaskInstance: transfer_from_minio_to_snowflake_customers.create_raw scheduled__2026-03-25T15:42:00+00:00 [queued]>
[2026-03-25T15:43:18.277+0000] {taskinstance.py:2076} INFO - Dependencies all met for dep_context=requeueable deps ti=<TaskInstance: transfer_from_minio_to_snowflake_customers.create_raw scheduled__2026-03-25T15:42:00+00:00 [queued]>
[2026-03-25T15:43:18.277+0000] {taskinstance.py:2306} INFO - Starting attempt 1 of 3
[2026-03-25T15:43:18.282+0000] {taskinstance.py:2330} INFO - Executing <Task(SQLExecuteQueryOperator): create_raw> on 2026-03-25 15:42:00+00:00
[2026-03-25T15:43:18.287+0000] {logging_mixin.py:188} WARNING - /home/***/.local/lib/python3.12/site-packages/***/task/task_runner/standard_task_runner.py:62 DeprecationWarning: This process (pid=10913) is multi-threaded, use of fork() may lead to deadlocks in the child.
[2026-03-25T15:43:18.286+0000] {standard_task_runner.py:90} INFO - Running: ['***', 'tasks', 'run', 'transfer_from_minio_to_snowflake_customers', 'create_raw', 'scheduled__2026-03-25T15:42:00+00:00', '--job-id', '1909', '--raw', '--subdir', 'DAGS_FOLDER/transfer.py', '--cfg-path', '/tmp/tmp8_6m9pkj']
[2026-03-25T15:43:18.288+0000] {standard_task_runner.py:91} INFO - Job 1909: Subtask create_raw
[2026-03-25T15:43:18.288+0000] {standard_task_runner.py:64} INFO - Started process 10925 to run task
[2026-03-25T15:43:18.315+0000] {task_command.py:426} INFO - Running <TaskInstance: transfer_from_minio_to_snowflake_customers.create_raw scheduled__2026-03-25T15:42:00+00:00 [running]> on host c990dffe13ae
[2026-03-25T15:43:18.445+0000] {taskinstance.py:2648} INFO - Exporting env vars: AIRFLOW_CTX_DAG_OWNER='***' AIRFLOW_CTX_DAG_ID='transfer_from_minio_to_snowflake_customers' AIRFLOW_CTX_TASK_ID='create_raw' AIRFLOW_CTX_EXECUTION_DATE='2026-03-25T15:42:00+00:00' AIRFLOW_CTX_TRY_NUMBER='1' AIRFLOW_CTX_DAG_RUN_ID='scheduled__2026-03-25T15:42:00+00:00'
[2026-03-25T15:43:18.445+0000] {taskinstance.py:430} INFO - ::endgroup::
[2026-03-25T15:43:18.446+0000] {sql.py:282} INFO - Executing:  CREATE TABLE IF NOT EXISTS RAW_CUSTOMERS (
                    raw_json VARIANT,
                    inserted_at TIMESTAMP_NTZ DEFAULT CURRENT_TIMESTAMP());
                  
[2026-03-25T15:43:18.451+0000] {base.py:84} INFO - Using connection ID 'warehouse_id' for task execution.
[2026-03-25T15:43:18.478+0000] {base.py:84} INFO - Using connection ID 'warehouse_id' for task execution.
[2026-03-25T15:43:18.515+0000] {connection.py:613} INFO - Snowflake Connector for Python Version: 4.3.0, Python Version: 3.12.4, Platform: Linux-6.12.76-linuxkit-aarch64-with-glibc2.36
[2026-03-25T15:43:18.516+0000] {connection.py:1709} INFO - Connecting to GLOBAL Snowflake domain
[2026-03-25T15:43:21.415+0000] {sql.py:495} INFO - Running statement: CREATE TABLE IF NOT EXISTS RAW_CUSTOMERS (
                    raw_json VARIANT,
                    inserted_at TIMESTAMP_NTZ DEFAULT CURRENT_TIMESTAMP());, parameters: None
[2026-03-25T15:43:21.567+0000] {sql.py:504} INFO - Rows affected: 1
[2026-03-25T15:43:21.570+0000] {snowflake.py:422} INFO - Rows affected: 1
[2026-03-25T15:43:21.571+0000] {snowflake.py:423} INFO - Snowflake query id: 01c3444f-3202-7c30-0014-90e60003ceaa
[2026-03-25T15:43:22.659+0000] {taskinstance.py:441} INFO - ::group::Post task execution logs
[2026-03-25T15:43:22.697+0000] {taskinstance.py:1206} INFO - Marking task as SUCCESS. dag_id=transfer_from_minio_to_snowflake_customers, task_id=create_raw, run_id=scheduled__2026-03-25T15:42:00+00:00, execution_date=20260325T154200, start_date=20260325T154318, end_date=20260325T154322
[2026-03-25T15:43:22.750+0000] {local_task_job_runner.py:243} INFO - Task exited with return code 0
[2026-03-25T15:43:22.771+0000] {taskinstance.py:3503} INFO - 1 downstream tasks scheduled from follow-on schedule check
[2026-03-25T15:43:22.772+0000] {local_task_job_runner.py:222} INFO - ::endgroup::
