[2026-03-30T07:15:26.210+0000] {local_task_job_runner.py:120} INFO - ::group::Pre task execution logs
[2026-03-30T07:15:26.242+0000] {taskinstance.py:2076} INFO - Dependencies all met for dep_context=non-requeueable deps ti=<TaskInstance: transfer_from_minio_to_snowflake_customers.create_stage scheduled__2026-03-30T07:14:00+00:00 [queued]>
[2026-03-30T07:15:26.250+0000] {taskinstance.py:2076} INFO - Dependencies all met for dep_context=requeueable deps ti=<TaskInstance: transfer_from_minio_to_snowflake_customers.create_stage scheduled__2026-03-30T07:14:00+00:00 [queued]>
[2026-03-30T07:15:26.251+0000] {taskinstance.py:2306} INFO - Starting attempt 1 of 3
[2026-03-30T07:15:26.260+0000] {taskinstance.py:2330} INFO - Executing <Task(SQLExecuteQueryOperator): create_stage> on 2026-03-30 07:14:00+00:00
[2026-03-30T07:15:26.297+0000] {standard_task_runner.py:90} INFO - Running: ['***', 'tasks', 'run', 'transfer_from_minio_to_snowflake_customers', 'create_stage', 'scheduled__2026-03-30T07:14:00+00:00', '--job-id', '7688', '--raw', '--subdir', 'DAGS_FOLDER/transfer.py', '--cfg-path', '/tmp/tmpw7iuo96e']
[2026-03-30T07:15:26.307+0000] {logging_mixin.py:188} WARNING - /home/***/.local/lib/python3.12/site-packages/***/task/task_runner/standard_task_runner.py:62 DeprecationWarning: This process (pid=4285) is multi-threaded, use of fork() may lead to deadlocks in the child.
[2026-03-30T07:15:26.310+0000] {standard_task_runner.py:64} INFO - Started process 4297 to run task
[2026-03-30T07:15:26.309+0000] {standard_task_runner.py:91} INFO - Job 7688: Subtask create_stage
[2026-03-30T07:15:26.412+0000] {task_command.py:426} INFO - Running <TaskInstance: transfer_from_minio_to_snowflake_customers.create_stage scheduled__2026-03-30T07:14:00+00:00 [running]> on host c990dffe13ae
[2026-03-30T07:15:26.898+0000] {taskinstance.py:2648} INFO - Exporting env vars: AIRFLOW_CTX_DAG_OWNER='***' AIRFLOW_CTX_DAG_ID='transfer_from_minio_to_snowflake_customers' AIRFLOW_CTX_TASK_ID='create_stage' AIRFLOW_CTX_EXECUTION_DATE='2026-03-30T07:14:00+00:00' AIRFLOW_CTX_TRY_NUMBER='1' AIRFLOW_CTX_DAG_RUN_ID='scheduled__2026-03-30T07:14:00+00:00'
[2026-03-30T07:15:26.900+0000] {taskinstance.py:430} INFO - ::endgroup::
[2026-03-30T07:15:26.900+0000] {sql.py:282} INFO - Executing:  CREATE STAGE IF NOT EXISTS incoming  
                 URL = 's3://de-project-banking-pipeline-dev-2/'
                 STORAGE_INTEGRATION = my_s3_integration
                 FILE_FORMAT = (TYPE = 'JSON'); 
[2026-03-30T07:15:26.920+0000] {base.py:84} INFO - Using connection ID 'warehouse_id' for task execution.
[2026-03-30T07:15:26.972+0000] {base.py:84} INFO - Using connection ID 'warehouse_id' for task execution.
[2026-03-30T07:15:27.017+0000] {connection.py:613} INFO - Snowflake Connector for Python Version: 4.3.0, Python Version: 3.12.4, Platform: Linux-6.12.76-linuxkit-aarch64-with-glibc2.36
[2026-03-30T07:15:27.018+0000] {connection.py:1709} INFO - Connecting to GLOBAL Snowflake domain
[2026-03-30T07:15:28.074+0000] {sql.py:495} INFO - Running statement: CREATE STAGE IF NOT EXISTS incoming  
                 URL = 's3://de-project-banking-pipeline-dev-2/'
                 STORAGE_INTEGRATION = my_s3_integration
                 FILE_FORMAT = (TYPE = 'JSON');, parameters: None
[2026-03-30T07:15:28.280+0000] {sql.py:504} INFO - Rows affected: 1
[2026-03-30T07:15:28.281+0000] {snowflake.py:422} INFO - Rows affected: 1
[2026-03-30T07:15:28.281+0000] {snowflake.py:423} INFO - Snowflake query id: 01c35e73-3202-8582-0014-90e60006449e
[2026-03-30T07:15:29.243+0000] {taskinstance.py:441} INFO - ::group::Post task execution logs
[2026-03-30T07:15:29.308+0000] {taskinstance.py:1206} INFO - Marking task as SUCCESS. dag_id=transfer_from_minio_to_snowflake_customers, task_id=create_stage, run_id=scheduled__2026-03-30T07:14:00+00:00, execution_date=20260330T071400, start_date=20260330T071526, end_date=20260330T071529
[2026-03-30T07:15:29.338+0000] {local_task_job_runner.py:243} INFO - Task exited with return code 0
[2026-03-30T07:15:29.377+0000] {taskinstance.py:3503} INFO - 1 downstream tasks scheduled from follow-on schedule check
[2026-03-30T07:15:29.379+0000] {local_task_job_runner.py:222} INFO - ::endgroup::
