[2026-03-25T17:15:26.010+0000] {local_task_job_runner.py:120} INFO - ::group::Pre task execution logs
[2026-03-25T17:15:26.031+0000] {taskinstance.py:2076} INFO - Dependencies all met for dep_context=non-requeueable deps ti=<TaskInstance: transfer_from_minio_to_snowflake_customers.create_stage scheduled__2026-03-25T17:14:00+00:00 [queued]>
[2026-03-25T17:15:26.035+0000] {taskinstance.py:2076} INFO - Dependencies all met for dep_context=requeueable deps ti=<TaskInstance: transfer_from_minio_to_snowflake_customers.create_stage scheduled__2026-03-25T17:14:00+00:00 [queued]>
[2026-03-25T17:15:26.035+0000] {taskinstance.py:2306} INFO - Starting attempt 1 of 3
[2026-03-25T17:15:26.040+0000] {taskinstance.py:2330} INFO - Executing <Task(SQLExecuteQueryOperator): create_stage> on 2026-03-25 17:14:00+00:00
[2026-03-25T17:15:26.048+0000] {logging_mixin.py:188} WARNING - /home/***/.local/lib/python3.12/site-packages/***/task/task_runner/standard_task_runner.py:62 DeprecationWarning: This process (pid=27455) is multi-threaded, use of fork() may lead to deadlocks in the child.
[2026-03-25T17:15:26.046+0000] {standard_task_runner.py:90} INFO - Running: ['***', 'tasks', 'run', 'transfer_from_minio_to_snowflake_customers', 'create_stage', 'scheduled__2026-03-25T17:14:00+00:00', '--job-id', '2768', '--raw', '--subdir', 'DAGS_FOLDER/transfer.py', '--cfg-path', '/tmp/tmp1z3us602']
[2026-03-25T17:15:26.049+0000] {standard_task_runner.py:91} INFO - Job 2768: Subtask create_stage
[2026-03-25T17:15:26.048+0000] {standard_task_runner.py:64} INFO - Started process 27467 to run task
[2026-03-25T17:15:26.087+0000] {task_command.py:426} INFO - Running <TaskInstance: transfer_from_minio_to_snowflake_customers.create_stage scheduled__2026-03-25T17:14:00+00:00 [running]> on host c990dffe13ae
[2026-03-25T17:15:26.301+0000] {taskinstance.py:2648} INFO - Exporting env vars: AIRFLOW_CTX_DAG_OWNER='***' AIRFLOW_CTX_DAG_ID='transfer_from_minio_to_snowflake_customers' AIRFLOW_CTX_TASK_ID='create_stage' AIRFLOW_CTX_EXECUTION_DATE='2026-03-25T17:14:00+00:00' AIRFLOW_CTX_TRY_NUMBER='1' AIRFLOW_CTX_DAG_RUN_ID='scheduled__2026-03-25T17:14:00+00:00'
[2026-03-25T17:15:26.301+0000] {taskinstance.py:430} INFO - ::endgroup::
[2026-03-25T17:15:26.302+0000] {sql.py:282} INFO - Executing:  CREATE STAGE IF NOT EXISTS incoming  
                 URL = 's3://de-project-banking-pipeline-dev-2/customers'
                 STORAGE_INTEGRATION = my_s3_integration
                 FILE_FORMAT = (TYPE = 'JSON'); 
[2026-03-25T17:15:26.310+0000] {base.py:84} INFO - Using connection ID 'warehouse_id' for task execution.
[2026-03-25T17:15:26.347+0000] {base.py:84} INFO - Using connection ID 'warehouse_id' for task execution.
[2026-03-25T17:15:26.386+0000] {connection.py:613} INFO - Snowflake Connector for Python Version: 4.3.0, Python Version: 3.12.4, Platform: Linux-6.12.76-linuxkit-aarch64-with-glibc2.36
[2026-03-25T17:15:26.386+0000] {connection.py:1709} INFO - Connecting to GLOBAL Snowflake domain
[2026-03-25T17:15:27.262+0000] {sql.py:495} INFO - Running statement: CREATE STAGE IF NOT EXISTS incoming  
                 URL = 's3://de-project-banking-pipeline-dev-2/customers'
                 STORAGE_INTEGRATION = my_s3_integration
                 FILE_FORMAT = (TYPE = 'JSON');, parameters: None
[2026-03-25T17:15:27.439+0000] {sql.py:504} INFO - Rows affected: 1
[2026-03-25T17:15:27.440+0000] {snowflake.py:422} INFO - Rows affected: 1
[2026-03-25T17:15:27.441+0000] {snowflake.py:423} INFO - Snowflake query id: 01c344ab-3202-7c30-0014-90e60004024e
[2026-03-25T17:15:27.891+0000] {taskinstance.py:441} INFO - ::group::Post task execution logs
[2026-03-25T17:15:27.937+0000] {taskinstance.py:1206} INFO - Marking task as SUCCESS. dag_id=transfer_from_minio_to_snowflake_customers, task_id=create_stage, run_id=scheduled__2026-03-25T17:14:00+00:00, execution_date=20260325T171400, start_date=20260325T171526, end_date=20260325T171527
[2026-03-25T17:15:27.962+0000] {local_task_job_runner.py:243} INFO - Task exited with return code 0
[2026-03-25T17:15:27.984+0000] {taskinstance.py:3503} INFO - 1 downstream tasks scheduled from follow-on schedule check
[2026-03-25T17:15:27.985+0000] {local_task_job_runner.py:222} INFO - ::endgroup::
