[2026-03-27T21:15:53.884+0000] {local_task_job_runner.py:120} INFO - ::group::Pre task execution logs
[2026-03-27T21:15:53.899+0000] {taskinstance.py:2076} INFO - Dependencies all met for dep_context=non-requeueable deps ti=<TaskInstance: banking_01_bronze_layer.build_bronze_acc scheduled__2026-03-27T18:30:00+00:00 [queued]>
[2026-03-27T21:15:53.902+0000] {taskinstance.py:2076} INFO - Dependencies all met for dep_context=requeueable deps ti=<TaskInstance: banking_01_bronze_layer.build_bronze_acc scheduled__2026-03-27T18:30:00+00:00 [queued]>
[2026-03-27T21:15:53.903+0000] {taskinstance.py:2306} INFO - Starting attempt 2 of 2
[2026-03-27T21:15:53.908+0000] {taskinstance.py:2330} INFO - Executing <Task(BashOperator): build_bronze_acc> on 2026-03-27 18:30:00+00:00
[2026-03-27T21:15:53.910+0000] {standard_task_runner.py:64} INFO - Started process 41582 to run task
[2026-03-27T21:15:53.911+0000] {standard_task_runner.py:90} INFO - Running: ['***', 'tasks', 'run', 'banking_01_bronze_layer', 'build_bronze_acc', 'scheduled__2026-03-27T18:30:00+00:00', '--job-id', '5598', '--raw', '--subdir', 'DAGS_FOLDER/dbt.py', '--cfg-path', '/tmp/tmpzpzptecx']
[2026-03-27T21:15:53.912+0000] {standard_task_runner.py:91} INFO - Job 5598: Subtask build_bronze_acc
[2026-03-27T21:15:53.939+0000] {task_command.py:426} INFO - Running <TaskInstance: banking_01_bronze_layer.build_bronze_acc scheduled__2026-03-27T18:30:00+00:00 [running]> on host c990dffe13ae
[2026-03-27T21:15:53.979+0000] {taskinstance.py:2648} INFO - Exporting env vars: AIRFLOW_CTX_DAG_OWNER='risheek' AIRFLOW_CTX_DAG_ID='banking_01_bronze_layer' AIRFLOW_CTX_TASK_ID='build_bronze_acc' AIRFLOW_CTX_EXECUTION_DATE='2026-03-27T18:30:00+00:00' AIRFLOW_CTX_TRY_NUMBER='2' AIRFLOW_CTX_DAG_RUN_ID='scheduled__2026-03-27T18:30:00+00:00'
[2026-03-27T21:15:53.980+0000] {taskinstance.py:430} INFO - ::endgroup::
[2026-03-27T21:15:53.980+0000] {subprocess.py:78} INFO - Tmp dir root location: /tmp
[2026-03-27T21:15:53.981+0000] {subprocess.py:88} INFO - Running command: ['/usr/bin/bash', '-c', 'dbt build --select bronze_acc']
[2026-03-27T21:15:53.988+0000] {subprocess.py:99} INFO - Output:
[2026-03-27T21:15:55.206+0000] {subprocess.py:106} INFO - [0m21:15:55  Running with dbt=1.11.7
[2026-03-27T21:15:55.696+0000] {subprocess.py:106} INFO - [0m21:15:55  Registered adapter: snowflake=1.11.3
[2026-03-27T21:15:55.832+0000] {subprocess.py:106} INFO - [0m21:15:55  [[33mWARNING[0m]: Configuration paths exist in your dbt_project.yml file which do not apply to any resources.
[2026-03-27T21:15:55.833+0000] {subprocess.py:106} INFO - There are 1 unused configuration paths:
[2026-03-27T21:15:55.833+0000] {subprocess.py:106} INFO - - models.trans_snowf.example
[2026-03-27T21:15:55.932+0000] {subprocess.py:106} INFO - [0m21:15:55  Found 14 models, 3 sources, 522 macros
[2026-03-27T21:15:55.933+0000] {subprocess.py:106} INFO - [0m21:15:55
[2026-03-27T21:15:55.933+0000] {subprocess.py:106} INFO - [0m21:15:55  Concurrency: 1 threads (target='dev')
[2026-03-27T21:15:55.933+0000] {subprocess.py:106} INFO - [0m21:15:55
[2026-03-27T21:15:58.771+0000] {subprocess.py:106} INFO - [0m21:15:58
[2026-03-27T21:15:58.773+0000] {subprocess.py:106} INFO - [0m21:15:58  Finished running  in 0 hours 0 minutes and 2.84 seconds (2.84s).
[2026-03-27T21:15:58.775+0000] {subprocess.py:106} INFO - [0m21:15:58  Encountered an error:
[2026-03-27T21:15:58.775+0000] {subprocess.py:106} INFO - Database Error
[2026-03-27T21:15:58.776+0000] {subprocess.py:106} INFO -   003001 (42501): SQL access control error:
[2026-03-27T21:15:58.776+0000] {subprocess.py:106} INFO -   Insufficient privileges to operate on database 'BANKING'.
[2026-03-27T21:16:01.739+0000] {subprocess.py:110} INFO - Command exited with return code 2
[2026-03-27T21:16:01.745+0000] {taskinstance.py:441} INFO - ::group::Post task execution logs
[2026-03-27T21:16:01.767+0000] {taskinstance.py:2905} ERROR - Task failed with exception
Traceback (most recent call last):
  File "/home/airflow/.local/lib/python3.12/site-packages/airflow/models/taskinstance.py", line 465, in _execute_task
    result = _execute_callable(context=context, **execute_callable_kwargs)
             ^^^^^^^^^^^^^^^^^^^^^^^^^^^^^^^^^^^^^^^^^^^^^^^^^^^^^^^^^^^^^
  File "/home/airflow/.local/lib/python3.12/site-packages/airflow/models/taskinstance.py", line 432, in _execute_callable
    return execute_callable(context=context, **execute_callable_kwargs)
           ^^^^^^^^^^^^^^^^^^^^^^^^^^^^^^^^^^^^^^^^^^^^^^^^^^^^^^^^^^^^
  File "/home/airflow/.local/lib/python3.12/site-packages/airflow/models/baseoperator.py", line 401, in wrapper
    return func(self, *args, **kwargs)
           ^^^^^^^^^^^^^^^^^^^^^^^^^^^
  File "/home/airflow/.local/lib/python3.12/site-packages/airflow/providers/standard/operators/bash.py", line 233, in execute
    raise AirflowException(
airflow.exceptions.AirflowException: Bash command failed. The command returned a non-zero exit code 2.
[2026-03-27T21:16:01.771+0000] {taskinstance.py:1206} INFO - Marking task as FAILED. dag_id=banking_01_bronze_layer, task_id=build_bronze_acc, run_id=scheduled__2026-03-27T18:30:00+00:00, execution_date=20260327T183000, start_date=20260327T211553, end_date=20260327T211601
[2026-03-27T21:16:02.013+0000] {standard_task_runner.py:110} ERROR - Failed to execute job 5598 for task build_bronze_acc (Bash command failed. The command returned a non-zero exit code 2.; 41582)
[2026-03-27T21:16:02.031+0000] {local_task_job_runner.py:243} INFO - Task exited with return code 1
[2026-03-27T21:16:02.067+0000] {taskinstance.py:3503} INFO - 0 downstream tasks scheduled from follow-on schedule check
[2026-03-27T21:16:02.069+0000] {local_task_job_runner.py:222} INFO - ::endgroup::
