[2026-03-28T23:30:04.829+0000] {local_task_job_runner.py:120} INFO - ::group::Pre task execution logs
[2026-03-28T23:30:04.847+0000] {taskinstance.py:2076} INFO - Dependencies all met for dep_context=non-requeueable deps ti=<TaskInstance: banking_01_bronze_layer.compile scheduled__2026-03-28T22:30:00+00:00 [queued]>
[2026-03-28T23:30:04.850+0000] {taskinstance.py:2076} INFO - Dependencies all met for dep_context=requeueable deps ti=<TaskInstance: banking_01_bronze_layer.compile scheduled__2026-03-28T22:30:00+00:00 [queued]>
[2026-03-28T23:30:04.850+0000] {taskinstance.py:2306} INFO - Starting attempt 1 of 2
[2026-03-28T23:30:04.856+0000] {taskinstance.py:2330} INFO - Executing <Task(BashOperator): compile> on 2026-03-28 22:30:00+00:00
[2026-03-28T23:30:04.859+0000] {standard_task_runner.py:64} INFO - Started process 14136 to run task
[2026-03-28T23:30:04.861+0000] {standard_task_runner.py:90} INFO - Running: ['***', 'tasks', 'run', 'banking_01_bronze_layer', 'compile', 'scheduled__2026-03-28T22:30:00+00:00', '--job-id', '7007', '--raw', '--subdir', 'DAGS_FOLDER/dbt.py', '--cfg-path', '/tmp/tmppmhiwx27']
[2026-03-28T23:30:04.862+0000] {standard_task_runner.py:91} INFO - Job 7007: Subtask compile
[2026-03-28T23:30:04.893+0000] {task_command.py:426} INFO - Running <TaskInstance: banking_01_bronze_layer.compile scheduled__2026-03-28T22:30:00+00:00 [running]> on host c990dffe13ae
[2026-03-28T23:30:04.942+0000] {taskinstance.py:2648} INFO - Exporting env vars: AIRFLOW_CTX_DAG_OWNER='risheek' AIRFLOW_CTX_DAG_ID='banking_01_bronze_layer' AIRFLOW_CTX_TASK_ID='compile' AIRFLOW_CTX_EXECUTION_DATE='2026-03-28T22:30:00+00:00' AIRFLOW_CTX_TRY_NUMBER='1' AIRFLOW_CTX_DAG_RUN_ID='scheduled__2026-03-28T22:30:00+00:00'
[2026-03-28T23:30:04.943+0000] {taskinstance.py:430} INFO - ::endgroup::
[2026-03-28T23:30:04.943+0000] {subprocess.py:78} INFO - Tmp dir root location: /tmp
[2026-03-28T23:30:04.944+0000] {subprocess.py:88} INFO - Running command: ['/usr/bin/bash', '-c', 'dbt compile --profiles-dir /opt/***/dbt/trans_snowf']
[2026-03-28T23:30:04.948+0000] {subprocess.py:99} INFO - Output:
[2026-03-28T23:30:06.403+0000] {subprocess.py:106} INFO - [0m23:30:06  Running with dbt=1.11.7
[2026-03-28T23:30:06.984+0000] {subprocess.py:106} INFO - [0m23:30:06  Registered adapter: snowflake=1.11.3
[2026-03-28T23:30:07.156+0000] {subprocess.py:106} INFO - [0m23:30:07  [[33mWARNING[0m]: Configuration paths exist in your dbt_project.yml file which do not apply to any resources.
[2026-03-28T23:30:07.157+0000] {subprocess.py:106} INFO - There are 1 unused configuration paths:
[2026-03-28T23:30:07.157+0000] {subprocess.py:106} INFO - - models.trans_snowf.example
[2026-03-28T23:30:07.314+0000] {subprocess.py:106} INFO - [0m23:30:07  Found 14 models, 3 sources, 522 macros
[2026-03-28T23:30:07.316+0000] {subprocess.py:106} INFO - [0m23:30:07
[2026-03-28T23:30:07.317+0000] {subprocess.py:106} INFO - [0m23:30:07  Concurrency: 1 threads (target='dev')
[2026-03-28T23:30:07.317+0000] {subprocess.py:106} INFO - [0m23:30:07
[2026-03-28T23:30:10.365+0000] {subprocess.py:110} INFO - Command exited with return code 0
[2026-03-28T23:30:10.366+0000] {taskinstance.py:441} INFO - ::group::Post task execution logs
[2026-03-28T23:30:10.385+0000] {taskinstance.py:1206} INFO - Marking task as SUCCESS. dag_id=banking_01_bronze_layer, task_id=compile, run_id=scheduled__2026-03-28T22:30:00+00:00, execution_date=20260328T223000, start_date=20260328T233004, end_date=20260328T233010
[2026-03-28T23:30:10.409+0000] {local_task_job_runner.py:243} INFO - Task exited with return code 0
[2026-03-28T23:30:10.420+0000] {taskinstance.py:3503} INFO - 0 downstream tasks scheduled from follow-on schedule check
[2026-03-28T23:30:10.421+0000] {local_task_job_runner.py:222} INFO - ::endgroup::
