[2026-03-30T12:47:29.976+0000] {local_task_job_runner.py:120} INFO - ::group::Pre task execution logs
[2026-03-30T12:47:29.992+0000] {taskinstance.py:2076} INFO - Dependencies all met for dep_context=non-requeueable deps ti=<TaskInstance: banking_01_bronze_layer.build_bronze_cust scheduled__2026-03-30T11:30:00+00:00 [queued]>
[2026-03-30T12:47:29.996+0000] {taskinstance.py:2076} INFO - Dependencies all met for dep_context=requeueable deps ti=<TaskInstance: banking_01_bronze_layer.build_bronze_cust scheduled__2026-03-30T11:30:00+00:00 [queued]>
[2026-03-30T12:47:29.996+0000] {taskinstance.py:2306} INFO - Starting attempt 1 of 2
[2026-03-30T12:47:30.002+0000] {taskinstance.py:2330} INFO - Executing <Task(BashOperator): build_bronze_cust> on 2026-03-30 11:30:00+00:00
[2026-03-30T12:47:30.008+0000] {standard_task_runner.py:64} INFO - Started process 10259 to run task
[2026-03-30T12:47:30.009+0000] {standard_task_runner.py:90} INFO - Running: ['***', 'tasks', 'run', 'banking_01_bronze_layer', 'build_bronze_cust', 'scheduled__2026-03-30T11:30:00+00:00', '--job-id', '7990', '--raw', '--subdir', 'DAGS_FOLDER/dbt.py', '--cfg-path', '/tmp/tmpu8rpbp6g']
[2026-03-30T12:47:30.010+0000] {standard_task_runner.py:91} INFO - Job 7990: Subtask build_bronze_cust
[2026-03-30T12:47:30.038+0000] {task_command.py:426} INFO - Running <TaskInstance: banking_01_bronze_layer.build_bronze_cust scheduled__2026-03-30T11:30:00+00:00 [running]> on host c990dffe13ae
[2026-03-30T12:47:30.087+0000] {taskinstance.py:2648} INFO - Exporting env vars: AIRFLOW_CTX_DAG_OWNER='risheek' AIRFLOW_CTX_DAG_ID='banking_01_bronze_layer' AIRFLOW_CTX_TASK_ID='build_bronze_cust' AIRFLOW_CTX_EXECUTION_DATE='2026-03-30T11:30:00+00:00' AIRFLOW_CTX_TRY_NUMBER='1' AIRFLOW_CTX_DAG_RUN_ID='scheduled__2026-03-30T11:30:00+00:00'
[2026-03-30T12:47:30.088+0000] {taskinstance.py:430} INFO - ::endgroup::
[2026-03-30T12:47:30.088+0000] {subprocess.py:78} INFO - Tmp dir root location: /tmp
[2026-03-30T12:47:30.088+0000] {subprocess.py:88} INFO - Running command: ['/usr/bin/bash', '-c', 'dbt build --select bronze_cust']
[2026-03-30T12:47:30.094+0000] {subprocess.py:99} INFO - Output:
[2026-03-30T12:47:31.372+0000] {subprocess.py:106} INFO - [0m12:47:31  Running with dbt=1.11.7
[2026-03-30T12:47:31.911+0000] {subprocess.py:106} INFO - [0m12:47:31  Registered adapter: snowflake=1.11.3
[2026-03-30T12:47:32.048+0000] {subprocess.py:106} INFO - [0m12:47:32  [[33mWARNING[0m]: Configuration paths exist in your dbt_project.yml file which do not apply to any resources.
[2026-03-30T12:47:32.048+0000] {subprocess.py:106} INFO - There are 1 unused configuration paths:
[2026-03-30T12:47:32.048+0000] {subprocess.py:106} INFO - - models.trans_snowf.example
[2026-03-30T12:47:32.144+0000] {subprocess.py:106} INFO - [0m12:47:32  Found 14 models, 3 sources, 522 macros
[2026-03-30T12:47:32.145+0000] {subprocess.py:106} INFO - [0m12:47:32
[2026-03-30T12:47:32.146+0000] {subprocess.py:106} INFO - [0m12:47:32  Concurrency: 1 threads (target='dev')
[2026-03-30T12:47:32.146+0000] {subprocess.py:106} INFO - [0m12:47:32
[2026-03-30T12:47:33.944+0000] {subprocess.py:106} INFO - [0m12:47:33  1 of 1 START sql incremental model PUBLIC_BRONZE.bronze_cust ................... [RUN]
[2026-03-30T13:04:15.747+0000] {subprocess.py:106} INFO - [0m13:04:15  1 of 1 OK created sql incremental model PUBLIC_BRONZE.bronze_cust .............. [[32mSUCCESS 0[0m in 1001.78s]
[2026-03-30T13:04:16.383+0000] {subprocess.py:106} INFO - [0m13:04:16
[2026-03-30T13:04:16.385+0000] {subprocess.py:106} INFO - [0m13:04:16  Finished running 1 incremental model in 0 hours 16 minutes and 44.24 seconds (1004.24s).
[2026-03-30T13:04:16.452+0000] {subprocess.py:106} INFO - [0m13:04:16
[2026-03-30T13:04:16.452+0000] {subprocess.py:106} INFO - [0m13:04:16  [32mCompleted successfully[0m
[2026-03-30T13:04:16.453+0000] {subprocess.py:106} INFO - [0m13:04:16
[2026-03-30T13:04:16.454+0000] {subprocess.py:106} INFO - [0m13:04:16  Done. PASS=1 WARN=0 ERROR=0 SKIP=0 NO-OP=0 TOTAL=1
[2026-03-30T13:04:19.042+0000] {subprocess.py:110} INFO - Command exited with return code 0
[2026-03-30T13:04:19.044+0000] {taskinstance.py:441} INFO - ::group::Post task execution logs
[2026-03-30T13:04:19.095+0000] {taskinstance.py:1206} INFO - Marking task as SUCCESS. dag_id=banking_01_bronze_layer, task_id=build_bronze_cust, run_id=scheduled__2026-03-30T11:30:00+00:00, execution_date=20260330T113000, start_date=20260330T124729, end_date=20260330T130419
[2026-03-30T13:04:19.156+0000] {local_task_job_runner.py:243} INFO - Task exited with return code 0
[2026-03-30T13:04:19.185+0000] {taskinstance.py:3503} INFO - 0 downstream tasks scheduled from follow-on schedule check
[2026-03-30T13:04:19.186+0000] {local_task_job_runner.py:222} INFO - ::endgroup::
