[2026-03-29T19:00:47.199+0000] {local_task_job_runner.py:120} INFO - ::group::Pre task execution logs
[2026-03-29T19:00:47.225+0000] {taskinstance.py:2076} INFO - Dependencies all met for dep_context=non-requeueable deps ti=<TaskInstance: banking_01_bronze_layer.build_bronze_cust scheduled__2026-03-29T18:30:00+00:00 [queued]>
[2026-03-29T19:00:47.232+0000] {taskinstance.py:2076} INFO - Dependencies all met for dep_context=requeueable deps ti=<TaskInstance: banking_01_bronze_layer.build_bronze_cust scheduled__2026-03-29T18:30:00+00:00 [queued]>
[2026-03-29T19:00:47.232+0000] {taskinstance.py:2306} INFO - Starting attempt 1 of 2
[2026-03-29T19:00:47.245+0000] {taskinstance.py:2330} INFO - Executing <Task(BashOperator): build_bronze_cust> on 2026-03-29 18:30:00+00:00
[2026-03-29T19:00:47.256+0000] {standard_task_runner.py:64} INFO - Started process 4151 to run task
[2026-03-29T19:00:47.258+0000] {standard_task_runner.py:90} INFO - Running: ['***', 'tasks', 'run', 'banking_01_bronze_layer', 'build_bronze_cust', 'scheduled__2026-03-29T18:30:00+00:00', '--job-id', '7310', '--raw', '--subdir', 'DAGS_FOLDER/dbt.py', '--cfg-path', '/tmp/tmpixivbbvc']
[2026-03-29T19:00:47.265+0000] {standard_task_runner.py:91} INFO - Job 7310: Subtask build_bronze_cust
[2026-03-29T19:00:47.310+0000] {task_command.py:426} INFO - Running <TaskInstance: banking_01_bronze_layer.build_bronze_cust scheduled__2026-03-29T18:30:00+00:00 [running]> on host c990dffe13ae
[2026-03-29T19:00:47.367+0000] {taskinstance.py:2648} INFO - Exporting env vars: AIRFLOW_CTX_DAG_OWNER='risheek' AIRFLOW_CTX_DAG_ID='banking_01_bronze_layer' AIRFLOW_CTX_TASK_ID='build_bronze_cust' AIRFLOW_CTX_EXECUTION_DATE='2026-03-29T18:30:00+00:00' AIRFLOW_CTX_TRY_NUMBER='1' AIRFLOW_CTX_DAG_RUN_ID='scheduled__2026-03-29T18:30:00+00:00'
[2026-03-29T19:00:47.368+0000] {taskinstance.py:430} INFO - ::endgroup::
[2026-03-29T19:00:47.368+0000] {subprocess.py:78} INFO - Tmp dir root location: /tmp
[2026-03-29T19:00:47.369+0000] {subprocess.py:88} INFO - Running command: ['/usr/bin/bash', '-c', 'dbt build --select bronze_cust']
[2026-03-29T19:00:47.374+0000] {subprocess.py:99} INFO - Output:
[2026-03-29T19:00:48.857+0000] {subprocess.py:106} INFO - [0m19:00:48  Running with dbt=1.11.7
[2026-03-29T19:00:49.454+0000] {subprocess.py:106} INFO - [0m19:00:49  Registered adapter: snowflake=1.11.3
[2026-03-29T19:00:49.605+0000] {subprocess.py:106} INFO - [0m19:00:49  [[33mWARNING[0m]: Configuration paths exist in your dbt_project.yml file which do not apply to any resources.
[2026-03-29T19:00:49.605+0000] {subprocess.py:106} INFO - There are 1 unused configuration paths:
[2026-03-29T19:00:49.606+0000] {subprocess.py:106} INFO - - models.trans_snowf.example
[2026-03-29T19:00:49.716+0000] {subprocess.py:106} INFO - [0m19:00:49  Found 14 models, 3 sources, 522 macros
[2026-03-29T19:00:49.718+0000] {subprocess.py:106} INFO - [0m19:00:49
[2026-03-29T19:00:49.718+0000] {subprocess.py:106} INFO - [0m19:00:49  Concurrency: 1 threads (target='dev')
[2026-03-29T19:00:49.719+0000] {subprocess.py:106} INFO - [0m19:00:49
[2026-03-29T19:00:51.451+0000] {subprocess.py:106} INFO - [0m19:00:51  1 of 1 START sql incremental model PUBLIC_BRONZE.bronze_cust ................... [RUN]
[2026-03-29T19:00:53.997+0000] {subprocess.py:106} INFO - [0m19:00:53  1 of 1 OK created sql incremental model PUBLIC_BRONZE.bronze_cust .............. [[32mSUCCESS 0[0m in 2.54s]
[2026-03-29T19:00:54.233+0000] {subprocess.py:106} INFO - [0m19:00:54
[2026-03-29T19:00:54.234+0000] {subprocess.py:106} INFO - [0m19:00:54  Finished running 1 incremental model in 0 hours 0 minutes and 4.51 seconds (4.51s).
[2026-03-29T19:00:54.296+0000] {subprocess.py:106} INFO - [0m19:00:54
[2026-03-29T19:00:54.297+0000] {subprocess.py:106} INFO - [0m19:00:54  [32mCompleted successfully[0m
[2026-03-29T19:00:54.298+0000] {subprocess.py:106} INFO - [0m19:00:54
[2026-03-29T19:00:54.298+0000] {subprocess.py:106} INFO - [0m19:00:54  Done. PASS=1 WARN=0 ERROR=0 SKIP=0 NO-OP=0 TOTAL=1
[2026-03-29T19:00:57.309+0000] {subprocess.py:110} INFO - Command exited with return code 0
[2026-03-29T19:00:57.314+0000] {taskinstance.py:441} INFO - ::group::Post task execution logs
[2026-03-29T19:00:57.382+0000] {taskinstance.py:1206} INFO - Marking task as SUCCESS. dag_id=banking_01_bronze_layer, task_id=build_bronze_cust, run_id=scheduled__2026-03-29T18:30:00+00:00, execution_date=20260329T183000, start_date=20260329T190047, end_date=20260329T190057
[2026-03-29T19:00:57.405+0000] {local_task_job_runner.py:243} INFO - Task exited with return code 0
[2026-03-29T19:00:57.427+0000] {taskinstance.py:3503} INFO - 0 downstream tasks scheduled from follow-on schedule check
[2026-03-29T19:00:57.428+0000] {local_task_job_runner.py:222} INFO - ::endgroup::
