[2026-03-30T19:04:48.678+0000] {local_task_job_runner.py:120} INFO - ::group::Pre task execution logs
[2026-03-30T19:04:48.693+0000] {taskinstance.py:2076} INFO - Dependencies all met for dep_context=non-requeueable deps ti=<TaskInstance: transfer_from_minio_to_snowflake_accounts.create_stage scheduled__2026-03-30T18:29:00+00:00 [queued]>
[2026-03-30T19:04:48.696+0000] {taskinstance.py:2076} INFO - Dependencies all met for dep_context=requeueable deps ti=<TaskInstance: transfer_from_minio_to_snowflake_accounts.create_stage scheduled__2026-03-30T18:29:00+00:00 [queued]>
[2026-03-30T19:04:48.696+0000] {taskinstance.py:2306} INFO - Starting attempt 1 of 3
[2026-03-30T19:04:48.701+0000] {taskinstance.py:2330} INFO - Executing <Task(SQLExecuteQueryOperator): create_stage> on 2026-03-30 18:29:00+00:00
[2026-03-30T19:04:48.707+0000] {logging_mixin.py:188} WARNING - /home/***/.local/lib/python3.12/site-packages/***/task/task_runner/standard_task_runner.py:62 DeprecationWarning: This process (pid=23574) is multi-threaded, use of fork() may lead to deadlocks in the child.
[2026-03-30T19:04:48.706+0000] {standard_task_runner.py:90} INFO - Running: ['***', 'tasks', 'run', 'transfer_from_minio_to_snowflake_accounts', 'create_stage', 'scheduled__2026-03-30T18:29:00+00:00', '--job-id', '8657', '--raw', '--subdir', 'DAGS_FOLDER/transfer.py', '--cfg-path', '/tmp/tmp13aqs_4f']
[2026-03-30T19:04:48.707+0000] {standard_task_runner.py:91} INFO - Job 8657: Subtask create_stage
[2026-03-30T19:04:48.707+0000] {standard_task_runner.py:64} INFO - Started process 23586 to run task
[2026-03-30T19:04:48.737+0000] {task_command.py:426} INFO - Running <TaskInstance: transfer_from_minio_to_snowflake_accounts.create_stage scheduled__2026-03-30T18:29:00+00:00 [running]> on host c990dffe13ae
[2026-03-30T19:04:48.872+0000] {taskinstance.py:2648} INFO - Exporting env vars: AIRFLOW_CTX_DAG_OWNER='***' AIRFLOW_CTX_DAG_ID='transfer_from_minio_to_snowflake_accounts' AIRFLOW_CTX_TASK_ID='create_stage' AIRFLOW_CTX_EXECUTION_DATE='2026-03-30T18:29:00+00:00' AIRFLOW_CTX_TRY_NUMBER='1' AIRFLOW_CTX_DAG_RUN_ID='scheduled__2026-03-30T18:29:00+00:00'
[2026-03-30T19:04:48.872+0000] {taskinstance.py:430} INFO - ::endgroup::
[2026-03-30T19:04:48.873+0000] {sql.py:282} INFO - Executing:  CREATE STAGE IF NOT EXISTS incoming  
                 URL = 's3://de-project-banking-pipeline-dev-2/'
                 STORAGE_INTEGRATION = my_s3_integration
                 FILE_FORMAT = (TYPE = 'JSON'); 
[2026-03-30T19:04:48.878+0000] {base.py:84} INFO - Using connection ID 'warehouse_id' for task execution.
[2026-03-30T19:04:48.905+0000] {base.py:84} INFO - Using connection ID 'warehouse_id' for task execution.
[2026-03-30T19:04:48.942+0000] {connection.py:613} INFO - Snowflake Connector for Python Version: 4.3.0, Python Version: 3.12.4, Platform: Linux-6.12.76-linuxkit-aarch64-with-glibc2.36
[2026-03-30T19:04:48.942+0000] {connection.py:1709} INFO - Connecting to GLOBAL Snowflake domain
[2026-03-30T19:04:52.008+0000] {sql.py:495} INFO - Running statement: CREATE STAGE IF NOT EXISTS incoming  
                 URL = 's3://de-project-banking-pipeline-dev-2/'
                 STORAGE_INTEGRATION = my_s3_integration
                 FILE_FORMAT = (TYPE = 'JSON');, parameters: None
[2026-03-30T19:04:52.176+0000] {sql.py:504} INFO - Rows affected: 1
[2026-03-30T19:04:52.178+0000] {snowflake.py:422} INFO - Rows affected: 1
[2026-03-30T19:04:52.178+0000] {snowflake.py:423} INFO - Snowflake query id: 01c36138-3202-85e0-0014-90e60006aebe
[2026-03-30T19:18:15.479+0000] {network.py:1029} ERROR - HTTPSConnectionPool(host='bbmcdsp-ct02489.snowflakecomputing.com', port=443): Read timed out. (read timeout=60)
Traceback (most recent call last):
  File "/home/airflow/.local/lib/python3.12/site-packages/snowflake/connector/vendored/urllib3/contrib/pyopenssl.py", line 326, in recv_into
    return self.connection.recv_into(*args, **kwargs)  # type: ignore[no-any-return]
           ^^^^^^^^^^^^^^^^^^^^^^^^^^^^^^^^^^^^^^^^^^
  File "/home/airflow/.local/lib/python3.12/site-packages/OpenSSL/SSL.py", line 2339, in recv_into
    self._raise_ssl_error(self._ssl, result)
  File "/home/airflow/.local/lib/python3.12/site-packages/OpenSSL/SSL.py", line 2017, in _raise_ssl_error
    raise WantReadError()
OpenSSL.SSL.WantReadError

The above exception was the direct cause of the following exception:

Traceback (most recent call last):
  File "/home/airflow/.local/lib/python3.12/site-packages/snowflake/connector/vendored/urllib3/connectionpool.py", line 534, in _make_request
    response = conn.getresponse()
               ^^^^^^^^^^^^^^^^^^
  File "/home/airflow/.local/lib/python3.12/site-packages/snowflake/connector/vendored/urllib3/connection.py", line 580, in getresponse
    httplib_response = super().getresponse()
                       ^^^^^^^^^^^^^^^^^^^^^
  File "/usr/local/lib/python3.12/http/client.py", line 1428, in getresponse
    response.begin()
  File "/usr/local/lib/python3.12/http/client.py", line 331, in begin
    version, status, reason = self._read_status()
                              ^^^^^^^^^^^^^^^^^^^
  File "/usr/local/lib/python3.12/http/client.py", line 292, in _read_status
    line = str(self.fp.readline(_MAXLINE + 1), "iso-8859-1")
               ^^^^^^^^^^^^^^^^^^^^^^^^^^^^^^
  File "/usr/local/lib/python3.12/socket.py", line 708, in readinto
    return self._sock.recv_into(b)
           ^^^^^^^^^^^^^^^^^^^^^^^
  File "/home/airflow/.local/lib/python3.12/site-packages/snowflake/connector/vendored/urllib3/contrib/pyopenssl.py", line 339, in recv_into
    raise timeout("The read operation timed out") from e
TimeoutError: The read operation timed out

The above exception was the direct cause of the following exception:

Traceback (most recent call last):
  File "/home/airflow/.local/lib/python3.12/site-packages/snowflake/connector/vendored/requests/adapters.py", line 644, in send
    resp = conn.urlopen(
           ^^^^^^^^^^^^^
  File "/home/airflow/.local/lib/python3.12/site-packages/snowflake/connector/vendored/urllib3/connectionpool.py", line 841, in urlopen
    retries = retries.increment(
              ^^^^^^^^^^^^^^^^^^
  File "/home/airflow/.local/lib/python3.12/site-packages/snowflake/connector/vendored/urllib3/util/retry.py", line 490, in increment
    raise reraise(type(error), error, _stacktrace)
          ^^^^^^^^^^^^^^^^^^^^^^^^^^^^^^^^^^^^^^^^
  File "/home/airflow/.local/lib/python3.12/site-packages/snowflake/connector/vendored/urllib3/util/util.py", line 39, in reraise
    raise value
  File "/home/airflow/.local/lib/python3.12/site-packages/snowflake/connector/vendored/urllib3/connectionpool.py", line 787, in urlopen
    response = self._make_request(
               ^^^^^^^^^^^^^^^^^^^
  File "/home/airflow/.local/lib/python3.12/site-packages/snowflake/connector/vendored/urllib3/connectionpool.py", line 536, in _make_request
    self._raise_timeout(err=e, url=url, timeout_value=read_timeout)
  File "/home/airflow/.local/lib/python3.12/site-packages/snowflake/connector/vendored/urllib3/connectionpool.py", line 367, in _raise_timeout
    raise ReadTimeoutError(
snowflake.connector.vendored.urllib3.exceptions.ReadTimeoutError: HTTPSConnectionPool(host='bbmcdsp-ct02489.snowflakecomputing.com', port=443): Read timed out. (read timeout=60)

During handling of the above exception, another exception occurred:

Traceback (most recent call last):
  File "/home/airflow/.local/lib/python3.12/site-packages/snowflake/connector/network.py", line 1109, in _request_exec
    raw_ret = session.request(
              ^^^^^^^^^^^^^^^^
  File "/home/airflow/.local/lib/python3.12/site-packages/snowflake/connector/vendored/requests/sessions.py", line 589, in request
    resp = self.send(prep, **send_kwargs)
           ^^^^^^^^^^^^^^^^^^^^^^^^^^^^^^
  File "/home/airflow/.local/lib/python3.12/site-packages/snowflake/connector/vendored/requests/sessions.py", line 703, in send
    r = adapter.send(request, **kwargs)
        ^^^^^^^^^^^^^^^^^^^^^^^^^^^^^^^
  File "/home/airflow/.local/lib/python3.12/site-packages/snowflake/connector/vendored/requests/adapters.py", line 690, in send
    raise ReadTimeout(e, request=request)
snowflake.connector.vendored.requests.exceptions.ReadTimeout: HTTPSConnectionPool(host='bbmcdsp-ct02489.snowflakecomputing.com', port=443): Read timed out. (read timeout=60)

During handling of the above exception, another exception occurred:

Traceback (most recent call last):
  File "/home/airflow/.local/lib/python3.12/site-packages/snowflake/connector/network.py", line 924, in _request_exec_wrapper
    return_object = self._request_exec(
                    ^^^^^^^^^^^^^^^^^^^
  File "/home/airflow/.local/lib/python3.12/site-packages/snowflake/connector/network.py", line 1219, in _request_exec
    raise RetryRequest(err)
snowflake.connector.network.RetryRequest: HTTPSConnectionPool(host='bbmcdsp-ct02489.snowflakecomputing.com', port=443): Read timed out. (read timeout=60)
[2026-03-30T19:18:15.896+0000] {taskinstance.py:441} INFO - ::group::Post task execution logs
[2026-03-30T19:18:15.967+0000] {taskinstance.py:1206} INFO - Marking task as SUCCESS. dag_id=transfer_from_minio_to_snowflake_accounts, task_id=create_stage, run_id=scheduled__2026-03-30T18:29:00+00:00, execution_date=20260330T182900, start_date=20260330T190448, end_date=20260330T191815
[2026-03-30T19:18:16.003+0000] {local_task_job_runner.py:243} INFO - Task exited with return code 0
[2026-03-30T19:18:16.039+0000] {taskinstance.py:3503} INFO - 1 downstream tasks scheduled from follow-on schedule check
[2026-03-30T19:18:16.040+0000] {local_task_job_runner.py:222} INFO - ::endgroup::
