[2026-03-29T05:05:27.044+0000] {local_task_job_runner.py:120} INFO - ::group::Pre task execution logs
[2026-03-29T05:05:27.074+0000] {taskinstance.py:2076} INFO - Dependencies all met for dep_context=non-requeueable deps ti=<TaskInstance: banking_01_bronze_layer.debug scheduled__2026-03-29T04:00:00+00:00 [queued]>
[2026-03-29T05:05:27.080+0000] {taskinstance.py:2076} INFO - Dependencies all met for dep_context=requeueable deps ti=<TaskInstance: banking_01_bronze_layer.debug scheduled__2026-03-29T04:00:00+00:00 [queued]>
[2026-03-29T05:05:27.081+0000] {taskinstance.py:2306} INFO - Starting attempt 1 of 2
[2026-03-29T05:05:27.094+0000] {taskinstance.py:2330} INFO - Executing <Task(BashOperator): debug> on 2026-03-29 04:00:00+00:00
[2026-03-29T05:05:27.100+0000] {standard_task_runner.py:64} INFO - Started process 16667 to run task
[2026-03-29T05:05:27.104+0000] {standard_task_runner.py:90} INFO - Running: ['***', 'tasks', 'run', 'banking_01_bronze_layer', 'debug', 'scheduled__2026-03-29T04:00:00+00:00', '--job-id', '7102', '--raw', '--subdir', 'DAGS_FOLDER/dbt.py', '--cfg-path', '/tmp/tmp9hg_ua86']
[2026-03-29T05:05:27.107+0000] {standard_task_runner.py:91} INFO - Job 7102: Subtask debug
[2026-03-29T05:05:27.154+0000] {task_command.py:426} INFO - Running <TaskInstance: banking_01_bronze_layer.debug scheduled__2026-03-29T04:00:00+00:00 [running]> on host c990dffe13ae
[2026-03-29T05:05:27.225+0000] {taskinstance.py:2648} INFO - Exporting env vars: AIRFLOW_CTX_DAG_OWNER='risheek' AIRFLOW_CTX_DAG_ID='banking_01_bronze_layer' AIRFLOW_CTX_TASK_ID='debug' AIRFLOW_CTX_EXECUTION_DATE='2026-03-29T04:00:00+00:00' AIRFLOW_CTX_TRY_NUMBER='1' AIRFLOW_CTX_DAG_RUN_ID='scheduled__2026-03-29T04:00:00+00:00'
[2026-03-29T05:05:27.226+0000] {taskinstance.py:430} INFO - ::endgroup::
[2026-03-29T05:05:27.227+0000] {subprocess.py:78} INFO - Tmp dir root location: /tmp
[2026-03-29T05:05:27.228+0000] {subprocess.py:88} INFO - Running command: ['/usr/bin/bash', '-c', 'dbt debug --profiles-dir /opt/***/dbt/trans_snowf']
[2026-03-29T05:05:27.233+0000] {subprocess.py:99} INFO - Output:
[2026-03-29T05:05:28.755+0000] {subprocess.py:106} INFO - [0m05:05:28  Running with dbt=1.11.7
[2026-03-29T05:05:28.762+0000] {subprocess.py:106} INFO - [0m05:05:28  dbt version: 1.11.7
[2026-03-29T05:05:28.762+0000] {subprocess.py:106} INFO - [0m05:05:28  python version: 3.12.4
[2026-03-29T05:05:28.762+0000] {subprocess.py:106} INFO - [0m05:05:28  python path: /home/***/.local/bin/python
[2026-03-29T05:05:28.763+0000] {subprocess.py:106} INFO - [0m05:05:28  os info: Linux-6.12.76-linuxkit-aarch64-with-glibc2.36
[2026-03-29T05:05:29.272+0000] {subprocess.py:106} INFO - [0m05:05:29  Using profiles dir at /opt/***/dbt/trans_snowf
[2026-03-29T05:05:29.273+0000] {subprocess.py:106} INFO - [0m05:05:29  Using profiles.yml file at /opt/***/dbt/trans_snowf/profiles.yml
[2026-03-29T05:05:29.273+0000] {subprocess.py:106} INFO - [0m05:05:29  Using dbt_project.yml file at /opt/***/dbt/trans_snowf/dbt_project.yml
[2026-03-29T05:05:29.274+0000] {subprocess.py:106} INFO - [0m05:05:29  adapter type: snowflake
[2026-03-29T05:05:29.275+0000] {subprocess.py:106} INFO - [0m05:05:29  adapter version: 1.11.3
[2026-03-29T05:05:29.348+0000] {subprocess.py:106} INFO - [0m05:05:29  Configuration:
[2026-03-29T05:05:29.348+0000] {subprocess.py:106} INFO - [0m05:05:29    profiles.yml file [[32mOK found and valid[0m]
[2026-03-29T05:05:29.349+0000] {subprocess.py:106} INFO - [0m05:05:29    dbt_project.yml file [[32mOK found and valid[0m]
[2026-03-29T05:05:29.349+0000] {subprocess.py:106} INFO - [0m05:05:29  Required dependencies:
[2026-03-29T05:05:29.350+0000] {subprocess.py:106} INFO - [0m05:05:29   - git [[31mERROR[0m]
[2026-03-29T05:05:29.351+0000] {subprocess.py:106} INFO - 
[2026-03-29T05:05:29.351+0000] {subprocess.py:106} INFO - [0m05:05:29  Connection:
[2026-03-29T05:05:29.351+0000] {subprocess.py:106} INFO - [0m05:05:29    account: BBMCDSP-CT02489
[2026-03-29T05:05:29.352+0000] {subprocess.py:106} INFO - [0m05:05:29    user: user123
[2026-03-29T05:05:29.352+0000] {subprocess.py:106} INFO - [0m05:05:29    database: BANKING
[2026-03-29T05:05:29.352+0000] {subprocess.py:106} INFO - [0m05:05:29    warehouse: COMPUTE_WH
[2026-03-29T05:05:29.353+0000] {subprocess.py:106} INFO - [0m05:05:29    role: dbtadmin
[2026-03-29T05:05:29.353+0000] {subprocess.py:106} INFO - [0m05:05:29    schema: PUBLIC
[2026-03-29T05:05:29.354+0000] {subprocess.py:106} INFO - [0m05:05:29    authenticator: None
[2026-03-29T05:05:29.354+0000] {subprocess.py:106} INFO - [0m05:05:29    oauth_client_id: None
[2026-03-29T05:05:29.355+0000] {subprocess.py:106} INFO - [0m05:05:29    query_tag: None
[2026-03-29T05:05:29.355+0000] {subprocess.py:106} INFO - [0m05:05:29    client_session_keep_alive: False
[2026-03-29T05:05:29.356+0000] {subprocess.py:106} INFO - [0m05:05:29    host: None
[2026-03-29T05:05:29.356+0000] {subprocess.py:106} INFO - [0m05:05:29    port: None
[2026-03-29T05:05:29.357+0000] {subprocess.py:106} INFO - [0m05:05:29    proxy_host: None
[2026-03-29T05:05:29.357+0000] {subprocess.py:106} INFO - [0m05:05:29    proxy_port: None
[2026-03-29T05:05:29.358+0000] {subprocess.py:106} INFO - [0m05:05:29    protocol: None
[2026-03-29T05:05:29.358+0000] {subprocess.py:106} INFO - [0m05:05:29    connect_retries: 1
[2026-03-29T05:05:29.358+0000] {subprocess.py:106} INFO - [0m05:05:29    connect_timeout: None
[2026-03-29T05:05:29.359+0000] {subprocess.py:106} INFO - [0m05:05:29    retry_on_database_errors: False
[2026-03-29T05:05:29.360+0000] {subprocess.py:106} INFO - [0m05:05:29    retry_all: False
[2026-03-29T05:05:29.360+0000] {subprocess.py:106} INFO - [0m05:05:29    insecure_mode: False
[2026-03-29T05:05:29.361+0000] {subprocess.py:106} INFO - [0m05:05:29    reuse_connections: True
[2026-03-29T05:05:29.362+0000] {subprocess.py:106} INFO - [0m05:05:29    s3_stage_vpce_dns_name: None
[2026-03-29T05:05:29.363+0000] {subprocess.py:106} INFO - [0m05:05:29    platform_detection_timeout_seconds: 0.0
[2026-03-29T05:05:29.364+0000] {subprocess.py:106} INFO - [0m05:05:29  Registered adapter: snowflake=1.11.3
[2026-03-29T05:05:30.647+0000] {subprocess.py:106} INFO - [0m05:05:30    Connection test: [[32mOK connection ok[0m]
[2026-03-29T05:05:30.649+0000] {subprocess.py:106} INFO - 
[2026-03-29T05:05:30.649+0000] {subprocess.py:106} INFO - [0m05:05:30  [31m1 check failed:[0m
[2026-03-29T05:05:30.650+0000] {subprocess.py:106} INFO - [0m05:05:30  Error from git --help: Could not find command, ensure it is in the user's PATH: "git"
[2026-03-29T05:05:30.651+0000] {subprocess.py:106} INFO - 
[2026-03-29T05:05:33.240+0000] {subprocess.py:110} INFO - Command exited with return code 1
[2026-03-29T05:05:33.243+0000] {taskinstance.py:441} INFO - ::group::Post task execution logs
[2026-03-29T05:05:33.264+0000] {taskinstance.py:2905} ERROR - Task failed with exception
Traceback (most recent call last):
  File "/home/airflow/.local/lib/python3.12/site-packages/airflow/models/taskinstance.py", line 465, in _execute_task
    result = _execute_callable(context=context, **execute_callable_kwargs)
             ^^^^^^^^^^^^^^^^^^^^^^^^^^^^^^^^^^^^^^^^^^^^^^^^^^^^^^^^^^^^^
  File "/home/airflow/.local/lib/python3.12/site-packages/airflow/models/taskinstance.py", line 432, in _execute_callable
    return execute_callable(context=context, **execute_callable_kwargs)
           ^^^^^^^^^^^^^^^^^^^^^^^^^^^^^^^^^^^^^^^^^^^^^^^^^^^^^^^^^^^^
  File "/home/airflow/.local/lib/python3.12/site-packages/airflow/models/baseoperator.py", line 401, in wrapper
    return func(self, *args, **kwargs)
           ^^^^^^^^^^^^^^^^^^^^^^^^^^^
  File "/home/airflow/.local/lib/python3.12/site-packages/airflow/providers/standard/operators/bash.py", line 233, in execute
    raise AirflowException(
airflow.exceptions.AirflowException: Bash command failed. The command returned a non-zero exit code 1.
[2026-03-29T05:05:33.276+0000] {taskinstance.py:1206} INFO - Marking task as UP_FOR_RETRY. dag_id=banking_01_bronze_layer, task_id=debug, run_id=scheduled__2026-03-29T04:00:00+00:00, execution_date=20260329T040000, start_date=20260329T050527, end_date=20260329T050533
[2026-03-29T05:05:33.298+0000] {standard_task_runner.py:110} ERROR - Failed to execute job 7102 for task debug (Bash command failed. The command returned a non-zero exit code 1.; 16667)
[2026-03-29T05:05:33.335+0000] {local_task_job_runner.py:243} INFO - Task exited with return code 1
[2026-03-29T05:05:33.350+0000] {taskinstance.py:3503} INFO - 0 downstream tasks scheduled from follow-on schedule check
[2026-03-29T05:05:33.351+0000] {local_task_job_runner.py:222} INFO - ::endgroup::
