[2026-03-10T08:02:39.906+0000] {local_task_job_runner.py:120} INFO - ::group::Pre task execution logs
[2026-03-10T08:02:39.922+0000] {taskinstance.py:2076} INFO - Dependencies all met for dep_context=non-requeueable deps ti=<TaskInstance: transfer_from_minio_to_snowflake.create_raw manual__2026-03-10T07:52:22.030341+00:00 [queued]>
[2026-03-10T08:02:39.927+0000] {taskinstance.py:2076} INFO - Dependencies all met for dep_context=requeueable deps ti=<TaskInstance: transfer_from_minio_to_snowflake.create_raw manual__2026-03-10T07:52:22.030341+00:00 [queued]>
[2026-03-10T08:02:39.927+0000] {taskinstance.py:2306} INFO - Starting attempt 3 of 3
[2026-03-10T08:02:39.932+0000] {taskinstance.py:2330} INFO - Executing <Task(SQLExecuteQueryOperator): create_raw> on 2026-03-10 07:52:22.030341+00:00
[2026-03-10T08:02:39.937+0000] {logging_mixin.py:188} WARNING - /home/***/.local/lib/python3.12/site-packages/***/task/task_runner/standard_task_runner.py:62 DeprecationWarning: This process (pid=1377) is multi-threaded, use of fork() may lead to deadlocks in the child.
[2026-03-10T08:02:39.938+0000] {standard_task_runner.py:64} INFO - Started process 1389 to run task
[2026-03-10T08:02:39.938+0000] {standard_task_runner.py:90} INFO - Running: ['***', 'tasks', 'run', 'transfer_from_minio_to_snowflake', 'create_raw', 'manual__2026-03-10T07:52:22.030341+00:00', '--job-id', '66', '--raw', '--subdir', 'DAGS_FOLDER/transfer.py', '--cfg-path', '/tmp/tmphaksnrcr']
[2026-03-10T08:02:39.943+0000] {standard_task_runner.py:91} INFO - Job 66: Subtask create_raw
[2026-03-10T08:02:39.976+0000] {task_command.py:426} INFO - Running <TaskInstance: transfer_from_minio_to_snowflake.create_raw manual__2026-03-10T07:52:22.030341+00:00 [running]> on host 2f61e461b291
[2026-03-10T08:02:40.144+0000] {taskinstance.py:2648} INFO - Exporting env vars: AIRFLOW_CTX_DAG_OWNER='***' AIRFLOW_CTX_DAG_ID='transfer_from_minio_to_snowflake' AIRFLOW_CTX_TASK_ID='create_raw' AIRFLOW_CTX_EXECUTION_DATE='2026-03-10T07:52:22.030341+00:00' AIRFLOW_CTX_TRY_NUMBER='3' AIRFLOW_CTX_DAG_RUN_ID='manual__2026-03-10T07:52:22.030341+00:00'
[2026-03-10T08:02:40.145+0000] {taskinstance.py:430} INFO - ::endgroup::
[2026-03-10T08:02:40.145+0000] {sql.py:282} INFO - Executing:  CREATE TABLE IF NOT EXISTS RAW (
                    raw_json VARIANT,
                    inserted_at TIMESTAMP_NTZ DEFAULT CURRENT_TIMESTAMP());
                  
[2026-03-10T08:02:40.152+0000] {base.py:84} INFO - Using connection ID 'warehouse_id' for task execution.
[2026-03-10T08:02:40.186+0000] {base.py:84} INFO - Using connection ID 'warehouse_id' for task execution.
[2026-03-10T08:02:40.225+0000] {connection.py:613} INFO - Snowflake Connector for Python Version: 4.3.0, Python Version: 3.12.4, Platform: Linux-6.12.72-linuxkit-aarch64-with-glibc2.36
[2026-03-10T08:02:40.225+0000] {connection.py:1709} INFO - Connecting to GLOBAL Snowflake domain
[2026-03-10T08:02:41.391+0000] {sql.py:495} INFO - Running statement: CREATE TABLE IF NOT EXISTS RAW (
                    raw_json VARIANT,
                    inserted_at TIMESTAMP_NTZ DEFAULT CURRENT_TIMESTAMP());, parameters: None
[2026-03-10T08:02:41.538+0000] {sql.py:504} INFO - Rows affected: 1
[2026-03-10T08:02:41.540+0000] {snowflake.py:422} INFO - Rows affected: 1
[2026-03-10T08:02:41.540+0000] {snowflake.py:423} INFO - Snowflake query id: 01c2ee22-3202-6cb7-0000-001490e693d9
[2026-03-10T08:02:41.910+0000] {taskinstance.py:441} INFO - ::group::Post task execution logs
[2026-03-10T08:02:41.953+0000] {taskinstance.py:1206} INFO - Marking task as SUCCESS. dag_id=transfer_from_minio_to_snowflake, task_id=create_raw, run_id=manual__2026-03-10T07:52:22.030341+00:00, execution_date=20260310T075222, start_date=20260310T080239, end_date=20260310T080241
[2026-03-10T08:02:41.993+0000] {local_task_job_runner.py:243} INFO - Task exited with return code 0
[2026-03-10T08:02:42.021+0000] {taskinstance.py:3503} INFO - 1 downstream tasks scheduled from follow-on schedule check
[2026-03-10T08:02:42.022+0000] {local_task_job_runner.py:222} INFO - ::endgroup::
