[2026-03-27T13:51:24.520+0000] {local_task_job_runner.py:120} INFO - ::group::Pre task execution logs
[2026-03-27T13:51:24.541+0000] {taskinstance.py:2076} INFO - Dependencies all met for dep_context=non-requeueable deps ti=<TaskInstance: transfer_from_minio_to_snowflake_accounts.create_stage scheduled__2026-03-27T13:26:00+00:00 [queued]>
[2026-03-27T13:51:24.548+0000] {taskinstance.py:2076} INFO - Dependencies all met for dep_context=requeueable deps ti=<TaskInstance: transfer_from_minio_to_snowflake_accounts.create_stage scheduled__2026-03-27T13:26:00+00:00 [queued]>
[2026-03-27T13:51:24.548+0000] {taskinstance.py:2306} INFO - Starting attempt 1 of 3
[2026-03-27T13:51:24.555+0000] {taskinstance.py:2330} INFO - Executing <Task(SQLExecuteQueryOperator): create_stage> on 2026-03-27 13:26:00+00:00
[2026-03-27T13:51:24.561+0000] {standard_task_runner.py:90} INFO - Running: ['***', 'tasks', 'run', 'transfer_from_minio_to_snowflake_accounts', 'create_stage', 'scheduled__2026-03-27T13:26:00+00:00', '--job-id', '5449', '--raw', '--subdir', 'DAGS_FOLDER/transfer.py', '--cfg-path', '/tmp/tmp16x8k021']
[2026-03-27T13:51:24.564+0000] {logging_mixin.py:188} WARNING - /home/***/.local/lib/python3.12/site-packages/***/task/task_runner/standard_task_runner.py:62 DeprecationWarning: This process (pid=38328) is multi-threaded, use of fork() may lead to deadlocks in the child.
[2026-03-27T13:51:24.564+0000] {standard_task_runner.py:64} INFO - Started process 38340 to run task
[2026-03-27T13:51:24.564+0000] {standard_task_runner.py:91} INFO - Job 5449: Subtask create_stage
[2026-03-27T13:51:24.603+0000] {task_command.py:426} INFO - Running <TaskInstance: transfer_from_minio_to_snowflake_accounts.create_stage scheduled__2026-03-27T13:26:00+00:00 [running]> on host c990dffe13ae
[2026-03-27T13:51:24.827+0000] {taskinstance.py:2648} INFO - Exporting env vars: AIRFLOW_CTX_DAG_OWNER='***' AIRFLOW_CTX_DAG_ID='transfer_from_minio_to_snowflake_accounts' AIRFLOW_CTX_TASK_ID='create_stage' AIRFLOW_CTX_EXECUTION_DATE='2026-03-27T13:26:00+00:00' AIRFLOW_CTX_TRY_NUMBER='1' AIRFLOW_CTX_DAG_RUN_ID='scheduled__2026-03-27T13:26:00+00:00'
[2026-03-27T13:51:24.827+0000] {taskinstance.py:430} INFO - ::endgroup::
[2026-03-27T13:51:24.828+0000] {sql.py:282} INFO - Executing:  CREATE STAGE IF NOT EXISTS incoming  
                 URL = 's3://de-project-banking-pipeline-dev-2/accounts'
                 STORAGE_INTEGRATION = my_s3_integration
                 FILE_FORMAT = (TYPE = 'JSON'); 
[2026-03-27T13:51:24.834+0000] {base.py:84} INFO - Using connection ID 'warehouse_id' for task execution.
[2026-03-27T13:51:24.878+0000] {base.py:84} INFO - Using connection ID 'warehouse_id' for task execution.
[2026-03-27T13:51:24.923+0000] {connection.py:613} INFO - Snowflake Connector for Python Version: 4.3.0, Python Version: 3.12.4, Platform: Linux-6.12.76-linuxkit-aarch64-with-glibc2.36
[2026-03-27T13:51:24.924+0000] {connection.py:1709} INFO - Connecting to GLOBAL Snowflake domain
[2026-03-27T13:51:25.765+0000] {sql.py:495} INFO - Running statement: CREATE STAGE IF NOT EXISTS incoming  
                 URL = 's3://de-project-banking-pipeline-dev-2/accounts'
                 STORAGE_INTEGRATION = my_s3_integration
                 FILE_FORMAT = (TYPE = 'JSON');, parameters: None
[2026-03-27T13:51:25.959+0000] {sql.py:504} INFO - Rows affected: 1
[2026-03-27T13:51:25.961+0000] {snowflake.py:422} INFO - Rows affected: 1
[2026-03-27T13:51:25.962+0000] {snowflake.py:423} INFO - Snowflake query id: 01c34f1f-3202-7c30-0014-90e600049baa
[2026-03-27T13:51:26.317+0000] {taskinstance.py:441} INFO - ::group::Post task execution logs
[2026-03-27T13:51:26.358+0000] {taskinstance.py:1206} INFO - Marking task as SUCCESS. dag_id=transfer_from_minio_to_snowflake_accounts, task_id=create_stage, run_id=scheduled__2026-03-27T13:26:00+00:00, execution_date=20260327T132600, start_date=20260327T135124, end_date=20260327T135126
[2026-03-27T13:51:26.381+0000] {local_task_job_runner.py:243} INFO - Task exited with return code 0
[2026-03-27T13:51:26.404+0000] {taskinstance.py:3503} INFO - 1 downstream tasks scheduled from follow-on schedule check
[2026-03-27T13:51:26.405+0000] {local_task_job_runner.py:222} INFO - ::endgroup::
