[2026-03-30T18:25:21.664+0000] {local_task_job_runner.py:120} INFO - ::group::Pre task execution logs
[2026-03-30T18:25:21.678+0000] {taskinstance.py:2076} INFO - Dependencies all met for dep_context=non-requeueable deps ti=<TaskInstance: banking_01_bronze_layer.build_bronze_acc scheduled__2026-03-30T17:30:00+00:00 [queued]>
[2026-03-30T18:25:21.682+0000] {taskinstance.py:2076} INFO - Dependencies all met for dep_context=requeueable deps ti=<TaskInstance: banking_01_bronze_layer.build_bronze_acc scheduled__2026-03-30T17:30:00+00:00 [queued]>
[2026-03-30T18:25:21.682+0000] {taskinstance.py:2306} INFO - Starting attempt 2 of 2
[2026-03-30T18:25:21.688+0000] {taskinstance.py:2330} INFO - Executing <Task(BashOperator): build_bronze_acc> on 2026-03-30 17:30:00+00:00
[2026-03-30T18:25:21.690+0000] {standard_task_runner.py:64} INFO - Started process 22746 to run task
[2026-03-30T18:25:21.691+0000] {standard_task_runner.py:90} INFO - Running: ['***', 'tasks', 'run', 'banking_01_bronze_layer', 'build_bronze_acc', 'scheduled__2026-03-30T17:30:00+00:00', '--job-id', '8615', '--raw', '--subdir', 'DAGS_FOLDER/dbt.py', '--cfg-path', '/tmp/tmpfo6js7x7']
[2026-03-30T18:25:21.692+0000] {standard_task_runner.py:91} INFO - Job 8615: Subtask build_bronze_acc
[2026-03-30T18:25:21.718+0000] {task_command.py:426} INFO - Running <TaskInstance: banking_01_bronze_layer.build_bronze_acc scheduled__2026-03-30T17:30:00+00:00 [running]> on host c990dffe13ae
[2026-03-30T18:25:21.760+0000] {taskinstance.py:2648} INFO - Exporting env vars: AIRFLOW_CTX_DAG_OWNER='risheek' AIRFLOW_CTX_DAG_ID='banking_01_bronze_layer' AIRFLOW_CTX_TASK_ID='build_bronze_acc' AIRFLOW_CTX_EXECUTION_DATE='2026-03-30T17:30:00+00:00' AIRFLOW_CTX_TRY_NUMBER='2' AIRFLOW_CTX_DAG_RUN_ID='scheduled__2026-03-30T17:30:00+00:00'
[2026-03-30T18:25:21.761+0000] {taskinstance.py:430} INFO - ::endgroup::
[2026-03-30T18:25:21.761+0000] {subprocess.py:78} INFO - Tmp dir root location: /tmp
[2026-03-30T18:25:21.761+0000] {subprocess.py:88} INFO - Running command: ['/usr/bin/bash', '-c', 'dbt build --select bronze_acc']
[2026-03-30T18:25:21.765+0000] {subprocess.py:99} INFO - Output:
[2026-03-30T18:25:23.088+0000] {subprocess.py:106} INFO - [0m18:25:23  Running with dbt=1.11.7
[2026-03-30T18:25:23.770+0000] {subprocess.py:106} INFO - [0m18:25:23  Registered adapter: snowflake=1.11.3
[2026-03-30T18:25:23.934+0000] {subprocess.py:106} INFO - [0m18:25:23  [[33mWARNING[0m]: Configuration paths exist in your dbt_project.yml file which do not apply to any resources.
[2026-03-30T18:25:23.935+0000] {subprocess.py:106} INFO - There are 1 unused configuration paths:
[2026-03-30T18:25:23.935+0000] {subprocess.py:106} INFO - - models.trans_snowf.example
[2026-03-30T18:25:24.058+0000] {subprocess.py:106} INFO - [0m18:25:24  Found 14 models, 3 sources, 522 macros
[2026-03-30T18:25:24.059+0000] {subprocess.py:106} INFO - [0m18:25:24
[2026-03-30T18:25:24.060+0000] {subprocess.py:106} INFO - [0m18:25:24  Concurrency: 1 threads (target='dev')
[2026-03-30T18:25:24.060+0000] {subprocess.py:106} INFO - [0m18:25:24
[2026-03-30T18:25:26.427+0000] {subprocess.py:106} INFO - [0m18:25:26  1 of 1 START sql incremental model PUBLIC_BRONZE.bronze_acc .................... [RUN]
[2026-03-30T18:25:28.240+0000] {subprocess.py:106} INFO - [0m18:25:28  1 of 1 ERROR creating sql incremental model PUBLIC_BRONZE.bronze_acc ........... [[31mERROR[0m in 1.80s]
[2026-03-30T18:25:28.707+0000] {subprocess.py:106} INFO - [0m18:25:28
[2026-03-30T18:25:28.710+0000] {subprocess.py:106} INFO - [0m18:25:28  Finished running 1 incremental model in 0 hours 0 minutes and 4.65 seconds (4.65s).
[2026-03-30T18:25:28.785+0000] {subprocess.py:106} INFO - [0m18:25:28
[2026-03-30T18:25:28.785+0000] {subprocess.py:106} INFO - [0m18:25:28  [31mCompleted with 1 error, 0 partial successes, and 0 warnings:[0m
[2026-03-30T18:25:28.786+0000] {subprocess.py:106} INFO - [0m18:25:28
[2026-03-30T18:25:28.786+0000] {subprocess.py:106} INFO - [0m18:25:28  [31mFailure in model bronze_acc (models/staging/bronze_acc.sql)[0m
[2026-03-30T18:25:28.787+0000] {subprocess.py:106} INFO - [0m18:25:28    Database Error in model bronze_acc (models/staging/bronze_acc.sql)
[2026-03-30T18:25:28.787+0000] {subprocess.py:106} INFO -   100038 (22018): Numeric value 'DYmd' is not recognized
[2026-03-30T18:25:28.787+0000] {subprocess.py:106} INFO -   compiled code at target/run/trans_snowf/models/staging/bronze_acc.sql
[2026-03-30T18:25:28.787+0000] {subprocess.py:106} INFO - [0m18:25:28
[2026-03-30T18:25:28.788+0000] {subprocess.py:106} INFO - [0m18:25:28    compiled code at target/compiled/trans_snowf/models/staging/bronze_acc.sql
[2026-03-30T18:25:28.788+0000] {subprocess.py:106} INFO - [0m18:25:28
[2026-03-30T18:25:28.788+0000] {subprocess.py:106} INFO - [0m18:25:28  Done. PASS=0 WARN=0 ERROR=1 SKIP=0 NO-OP=0 TOTAL=1
[2026-03-30T18:25:30.700+0000] {subprocess.py:110} INFO - Command exited with return code 1
[2026-03-30T18:25:30.706+0000] {taskinstance.py:441} INFO - ::group::Post task execution logs
[2026-03-30T18:25:30.741+0000] {taskinstance.py:2905} ERROR - Task failed with exception
Traceback (most recent call last):
  File "/home/airflow/.local/lib/python3.12/site-packages/airflow/models/taskinstance.py", line 465, in _execute_task
    result = _execute_callable(context=context, **execute_callable_kwargs)
             ^^^^^^^^^^^^^^^^^^^^^^^^^^^^^^^^^^^^^^^^^^^^^^^^^^^^^^^^^^^^^
  File "/home/airflow/.local/lib/python3.12/site-packages/airflow/models/taskinstance.py", line 432, in _execute_callable
    return execute_callable(context=context, **execute_callable_kwargs)
           ^^^^^^^^^^^^^^^^^^^^^^^^^^^^^^^^^^^^^^^^^^^^^^^^^^^^^^^^^^^^
  File "/home/airflow/.local/lib/python3.12/site-packages/airflow/models/baseoperator.py", line 401, in wrapper
    return func(self, *args, **kwargs)
           ^^^^^^^^^^^^^^^^^^^^^^^^^^^
  File "/home/airflow/.local/lib/python3.12/site-packages/airflow/providers/standard/operators/bash.py", line 233, in execute
    raise AirflowException(
airflow.exceptions.AirflowException: Bash command failed. The command returned a non-zero exit code 1.
[2026-03-30T18:25:30.748+0000] {taskinstance.py:1206} INFO - Marking task as FAILED. dag_id=banking_01_bronze_layer, task_id=build_bronze_acc, run_id=scheduled__2026-03-30T17:30:00+00:00, execution_date=20260330T173000, start_date=20260330T182521, end_date=20260330T182530
[2026-03-30T18:25:30.773+0000] {standard_task_runner.py:110} ERROR - Failed to execute job 8615 for task build_bronze_acc (Bash command failed. The command returned a non-zero exit code 1.; 22746)
[2026-03-30T18:25:30.788+0000] {local_task_job_runner.py:243} INFO - Task exited with return code 1
[2026-03-30T18:25:30.823+0000] {taskinstance.py:3503} INFO - 0 downstream tasks scheduled from follow-on schedule check
[2026-03-30T18:25:30.824+0000] {local_task_job_runner.py:222} INFO - ::endgroup::
