[2026-03-29T08:30:19.133+0000] {local_task_job_runner.py:120} INFO - ::group::Pre task execution logs
[2026-03-29T08:30:19.147+0000] {taskinstance.py:2076} INFO - Dependencies all met for dep_context=non-requeueable deps ti=<TaskInstance: banking_01_bronze_layer.compile scheduled__2026-03-29T08:00:00+00:00 [queued]>
[2026-03-29T08:30:19.150+0000] {taskinstance.py:2076} INFO - Dependencies all met for dep_context=requeueable deps ti=<TaskInstance: banking_01_bronze_layer.compile scheduled__2026-03-29T08:00:00+00:00 [queued]>
[2026-03-29T08:30:19.150+0000] {taskinstance.py:2306} INFO - Starting attempt 1 of 2
[2026-03-29T08:30:19.156+0000] {taskinstance.py:2330} INFO - Executing <Task(BashOperator): compile> on 2026-03-29 08:00:00+00:00
[2026-03-29T08:30:19.158+0000] {standard_task_runner.py:64} INFO - Started process 237 to run task
[2026-03-29T08:30:19.160+0000] {standard_task_runner.py:90} INFO - Running: ['***', 'tasks', 'run', 'banking_01_bronze_layer', 'compile', 'scheduled__2026-03-29T08:00:00+00:00', '--job-id', '7176', '--raw', '--subdir', 'DAGS_FOLDER/dbt.py', '--cfg-path', '/tmp/tmpj0d3x6jo']
[2026-03-29T08:30:19.161+0000] {standard_task_runner.py:91} INFO - Job 7176: Subtask compile
[2026-03-29T08:30:19.186+0000] {task_command.py:426} INFO - Running <TaskInstance: banking_01_bronze_layer.compile scheduled__2026-03-29T08:00:00+00:00 [running]> on host c990dffe13ae
[2026-03-29T08:30:19.227+0000] {taskinstance.py:2648} INFO - Exporting env vars: AIRFLOW_CTX_DAG_OWNER='risheek' AIRFLOW_CTX_DAG_ID='banking_01_bronze_layer' AIRFLOW_CTX_TASK_ID='compile' AIRFLOW_CTX_EXECUTION_DATE='2026-03-29T08:00:00+00:00' AIRFLOW_CTX_TRY_NUMBER='1' AIRFLOW_CTX_DAG_RUN_ID='scheduled__2026-03-29T08:00:00+00:00'
[2026-03-29T08:30:19.228+0000] {taskinstance.py:430} INFO - ::endgroup::
[2026-03-29T08:30:19.228+0000] {subprocess.py:78} INFO - Tmp dir root location: /tmp
[2026-03-29T08:30:19.229+0000] {subprocess.py:88} INFO - Running command: ['/usr/bin/bash', '-c', 'dbt compile --profiles-dir /opt/***/dbt/trans_snowf']
[2026-03-29T08:30:19.232+0000] {subprocess.py:99} INFO - Output:
[2026-03-29T08:30:20.429+0000] {subprocess.py:106} INFO - [0m08:30:20  Running with dbt=1.11.7
[2026-03-29T08:30:20.944+0000] {subprocess.py:106} INFO - [0m08:30:20  Registered adapter: snowflake=1.11.3
[2026-03-29T08:30:21.122+0000] {subprocess.py:106} INFO - [0m08:30:21  [[33mWARNING[0m]: Configuration paths exist in your dbt_project.yml file which do not apply to any resources.
[2026-03-29T08:30:21.122+0000] {subprocess.py:106} INFO - There are 1 unused configuration paths:
[2026-03-29T08:30:21.122+0000] {subprocess.py:106} INFO - - models.trans_snowf.example
[2026-03-29T08:30:21.225+0000] {subprocess.py:106} INFO - [0m08:30:21  Found 14 models, 3 sources, 522 macros
[2026-03-29T08:30:21.227+0000] {subprocess.py:106} INFO - [0m08:30:21
[2026-03-29T08:30:21.228+0000] {subprocess.py:106} INFO - [0m08:30:21  Concurrency: 1 threads (target='dev')
[2026-03-29T08:30:21.228+0000] {subprocess.py:106} INFO - [0m08:30:21
[2026-03-29T08:30:24.669+0000] {subprocess.py:110} INFO - Command exited with return code 0
[2026-03-29T08:30:24.670+0000] {taskinstance.py:441} INFO - ::group::Post task execution logs
[2026-03-29T08:30:24.698+0000] {taskinstance.py:1206} INFO - Marking task as SUCCESS. dag_id=banking_01_bronze_layer, task_id=compile, run_id=scheduled__2026-03-29T08:00:00+00:00, execution_date=20260329T080000, start_date=20260329T083019, end_date=20260329T083024
[2026-03-29T08:30:24.747+0000] {local_task_job_runner.py:243} INFO - Task exited with return code 0
[2026-03-29T08:30:24.764+0000] {taskinstance.py:3503} INFO - 0 downstream tasks scheduled from follow-on schedule check
[2026-03-29T08:30:24.765+0000] {local_task_job_runner.py:222} INFO - ::endgroup::
