[2026-03-10T08:14:02.107+0000] {local_task_job_runner.py:120} INFO - ::group::Pre task execution logs
[2026-03-10T08:14:02.123+0000] {taskinstance.py:2076} INFO - Dependencies all met for dep_context=non-requeueable deps ti=<TaskInstance: transfer_from_minio_to_snowflake.create_raw scheduled__2026-03-10T08:13:00+00:00 [queued]>
[2026-03-10T08:14:02.126+0000] {taskinstance.py:2076} INFO - Dependencies all met for dep_context=requeueable deps ti=<TaskInstance: transfer_from_minio_to_snowflake.create_raw scheduled__2026-03-10T08:13:00+00:00 [queued]>
[2026-03-10T08:14:02.127+0000] {taskinstance.py:2306} INFO - Starting attempt 1 of 3
[2026-03-10T08:14:02.132+0000] {taskinstance.py:2330} INFO - Executing <Task(SQLExecuteQueryOperator): create_raw> on 2026-03-10 08:13:00+00:00
[2026-03-10T08:14:02.138+0000] {logging_mixin.py:188} WARNING - /home/***/.local/lib/python3.12/site-packages/***/task/task_runner/standard_task_runner.py:62 DeprecationWarning: This process (pid=336) is multi-threaded, use of fork() may lead to deadlocks in the child.
[2026-03-10T08:14:02.143+0000] {standard_task_runner.py:64} INFO - Started process 348 to run task
[2026-03-10T08:14:02.139+0000] {standard_task_runner.py:90} INFO - Running: ['***', 'tasks', 'run', 'transfer_from_minio_to_snowflake', 'create_raw', 'scheduled__2026-03-10T08:13:00+00:00', '--job-id', '108', '--raw', '--subdir', 'DAGS_FOLDER/transfer.py', '--cfg-path', '/tmp/tmpd1znsaiw']
[2026-03-10T08:14:02.144+0000] {standard_task_runner.py:91} INFO - Job 108: Subtask create_raw
[2026-03-10T08:14:02.189+0000] {task_command.py:426} INFO - Running <TaskInstance: transfer_from_minio_to_snowflake.create_raw scheduled__2026-03-10T08:13:00+00:00 [running]> on host dd9947467187
[2026-03-10T08:14:02.372+0000] {taskinstance.py:2648} INFO - Exporting env vars: AIRFLOW_CTX_DAG_OWNER='***' AIRFLOW_CTX_DAG_ID='transfer_from_minio_to_snowflake' AIRFLOW_CTX_TASK_ID='create_raw' AIRFLOW_CTX_EXECUTION_DATE='2026-03-10T08:13:00+00:00' AIRFLOW_CTX_TRY_NUMBER='1' AIRFLOW_CTX_DAG_RUN_ID='scheduled__2026-03-10T08:13:00+00:00'
[2026-03-10T08:14:02.373+0000] {taskinstance.py:430} INFO - ::endgroup::
[2026-03-10T08:14:02.373+0000] {sql.py:282} INFO - Executing:  CREATE TABLE IF NOT EXISTS RAW (
                    raw_json VARIANT,
                    inserted_at TIMESTAMP_NTZ DEFAULT CURRENT_TIMESTAMP());
                  
[2026-03-10T08:14:02.379+0000] {base.py:84} INFO - Using connection ID 'warehouse_id' for task execution.
[2026-03-10T08:14:02.409+0000] {base.py:84} INFO - Using connection ID 'warehouse_id' for task execution.
[2026-03-10T08:14:02.448+0000] {connection.py:613} INFO - Snowflake Connector for Python Version: 4.3.0, Python Version: 3.12.4, Platform: Linux-6.12.72-linuxkit-aarch64-with-glibc2.36
[2026-03-10T08:14:02.448+0000] {connection.py:1709} INFO - Connecting to GLOBAL Snowflake domain
[2026-03-10T08:14:05.321+0000] {sql.py:495} INFO - Running statement: CREATE TABLE IF NOT EXISTS RAW (
                    raw_json VARIANT,
                    inserted_at TIMESTAMP_NTZ DEFAULT CURRENT_TIMESTAMP());, parameters: None
[2026-03-10T08:14:05.472+0000] {sql.py:504} INFO - Rows affected: 1
[2026-03-10T08:14:05.473+0000] {snowflake.py:422} INFO - Rows affected: 1
[2026-03-10T08:14:05.474+0000] {snowflake.py:423} INFO - Snowflake query id: 01c2ee2e-3202-6cb7-0000-001490e69515
[2026-03-10T08:14:05.867+0000] {taskinstance.py:441} INFO - ::group::Post task execution logs
[2026-03-10T08:14:05.926+0000] {taskinstance.py:1206} INFO - Marking task as SUCCESS. dag_id=transfer_from_minio_to_snowflake, task_id=create_raw, run_id=scheduled__2026-03-10T08:13:00+00:00, execution_date=20260310T081300, start_date=20260310T081402, end_date=20260310T081405
[2026-03-10T08:14:05.982+0000] {local_task_job_runner.py:243} INFO - Task exited with return code 0
[2026-03-10T08:14:06.007+0000] {taskinstance.py:3503} INFO - 1 downstream tasks scheduled from follow-on schedule check
[2026-03-10T08:14:06.008+0000] {local_task_job_runner.py:222} INFO - ::endgroup::
