[2026-03-30T16:38:52.883+0000] {local_task_job_runner.py:120} INFO - ::group::Pre task execution logs
[2026-03-30T16:38:52.898+0000] {taskinstance.py:2076} INFO - Dependencies all met for dep_context=non-requeueable deps ti=<TaskInstance: banking_01_bronze_layer.debug scheduled__2026-03-30T15:30:00+00:00 [queued]>
[2026-03-30T16:38:52.902+0000] {taskinstance.py:2076} INFO - Dependencies all met for dep_context=requeueable deps ti=<TaskInstance: banking_01_bronze_layer.debug scheduled__2026-03-30T15:30:00+00:00 [queued]>
[2026-03-30T16:38:52.902+0000] {taskinstance.py:2306} INFO - Starting attempt 1 of 2
[2026-03-30T16:38:52.908+0000] {taskinstance.py:2330} INFO - Executing <Task(BashOperator): debug> on 2026-03-30 15:30:00+00:00
[2026-03-30T16:38:52.911+0000] {standard_task_runner.py:64} INFO - Started process 13234 to run task
[2026-03-30T16:38:52.913+0000] {standard_task_runner.py:90} INFO - Running: ['***', 'tasks', 'run', 'banking_01_bronze_layer', 'debug', 'scheduled__2026-03-30T15:30:00+00:00', '--job-id', '8131', '--raw', '--subdir', 'DAGS_FOLDER/dbt.py', '--cfg-path', '/tmp/tmp_f7zmoos']
[2026-03-30T16:38:52.914+0000] {standard_task_runner.py:91} INFO - Job 8131: Subtask debug
[2026-03-30T16:38:52.942+0000] {task_command.py:426} INFO - Running <TaskInstance: banking_01_bronze_layer.debug scheduled__2026-03-30T15:30:00+00:00 [running]> on host c990dffe13ae
[2026-03-30T16:38:52.985+0000] {taskinstance.py:2648} INFO - Exporting env vars: AIRFLOW_CTX_DAG_OWNER='risheek' AIRFLOW_CTX_DAG_ID='banking_01_bronze_layer' AIRFLOW_CTX_TASK_ID='debug' AIRFLOW_CTX_EXECUTION_DATE='2026-03-30T15:30:00+00:00' AIRFLOW_CTX_TRY_NUMBER='1' AIRFLOW_CTX_DAG_RUN_ID='scheduled__2026-03-30T15:30:00+00:00'
[2026-03-30T16:38:52.986+0000] {taskinstance.py:430} INFO - ::endgroup::
[2026-03-30T16:38:52.986+0000] {subprocess.py:78} INFO - Tmp dir root location: /tmp
[2026-03-30T16:38:52.988+0000] {subprocess.py:88} INFO - Running command: ['/usr/bin/bash', '-c', 'dbt debug --profiles-dir /opt/***/dbt/trans_snowf']
[2026-03-30T16:38:52.991+0000] {subprocess.py:99} INFO - Output:
[2026-03-30T16:38:54.275+0000] {subprocess.py:106} INFO - [0m16:38:54  Running with dbt=1.11.7
[2026-03-30T16:38:54.280+0000] {subprocess.py:106} INFO - [0m16:38:54  dbt version: 1.11.7
[2026-03-30T16:38:54.280+0000] {subprocess.py:106} INFO - [0m16:38:54  python version: 3.12.4
[2026-03-30T16:38:54.281+0000] {subprocess.py:106} INFO - [0m16:38:54  python path: /home/***/.local/bin/python
[2026-03-30T16:38:54.281+0000] {subprocess.py:106} INFO - [0m16:38:54  os info: Linux-6.12.76-linuxkit-aarch64-with-glibc2.36
[2026-03-30T16:38:54.651+0000] {subprocess.py:106} INFO - [0m16:38:54  Using profiles dir at /opt/***/dbt/trans_snowf
[2026-03-30T16:38:54.652+0000] {subprocess.py:106} INFO - [0m16:38:54  Using profiles.yml file at /opt/***/dbt/trans_snowf/profiles.yml
[2026-03-30T16:38:54.652+0000] {subprocess.py:106} INFO - [0m16:38:54  Using dbt_project.yml file at /opt/***/dbt/trans_snowf/dbt_project.yml
[2026-03-30T16:38:54.653+0000] {subprocess.py:106} INFO - [0m16:38:54  adapter type: snowflake
[2026-03-30T16:38:54.653+0000] {subprocess.py:106} INFO - [0m16:38:54  adapter version: 1.11.3
[2026-03-30T16:38:54.705+0000] {subprocess.py:106} INFO - [0m16:38:54  Configuration:
[2026-03-30T16:38:54.706+0000] {subprocess.py:106} INFO - [0m16:38:54    profiles.yml file [[32mOK found and valid[0m]
[2026-03-30T16:38:54.706+0000] {subprocess.py:106} INFO - [0m16:38:54    dbt_project.yml file [[32mOK found and valid[0m]
[2026-03-30T16:38:54.706+0000] {subprocess.py:106} INFO - [0m16:38:54  Required dependencies:
[2026-03-30T16:38:54.707+0000] {subprocess.py:106} INFO - [0m16:38:54   - git [[31mERROR[0m]
[2026-03-30T16:38:54.708+0000] {subprocess.py:106} INFO - 
[2026-03-30T16:38:54.708+0000] {subprocess.py:106} INFO - [0m16:38:54  Connection:
[2026-03-30T16:38:54.708+0000] {subprocess.py:106} INFO - [0m16:38:54    account: BBMCDSP-CT02489
[2026-03-30T16:38:54.708+0000] {subprocess.py:106} INFO - [0m16:38:54    user: user123
[2026-03-30T16:38:54.709+0000] {subprocess.py:106} INFO - [0m16:38:54    database: BANKING
[2026-03-30T16:38:54.709+0000] {subprocess.py:106} INFO - [0m16:38:54    warehouse: COMPUTE_WH
[2026-03-30T16:38:54.709+0000] {subprocess.py:106} INFO - [0m16:38:54    role: dbtadmin
[2026-03-30T16:38:54.709+0000] {subprocess.py:106} INFO - [0m16:38:54    schema: PUBLIC
[2026-03-30T16:38:54.710+0000] {subprocess.py:106} INFO - [0m16:38:54    authenticator: None
[2026-03-30T16:38:54.710+0000] {subprocess.py:106} INFO - [0m16:38:54    oauth_client_id: None
[2026-03-30T16:38:54.710+0000] {subprocess.py:106} INFO - [0m16:38:54    query_tag: None
[2026-03-30T16:38:54.711+0000] {subprocess.py:106} INFO - [0m16:38:54    client_session_keep_alive: False
[2026-03-30T16:38:54.711+0000] {subprocess.py:106} INFO - [0m16:38:54    host: None
[2026-03-30T16:38:54.711+0000] {subprocess.py:106} INFO - [0m16:38:54    port: None
[2026-03-30T16:38:54.712+0000] {subprocess.py:106} INFO - [0m16:38:54    proxy_host: None
[2026-03-30T16:38:54.712+0000] {subprocess.py:106} INFO - [0m16:38:54    proxy_port: None
[2026-03-30T16:38:54.712+0000] {subprocess.py:106} INFO - [0m16:38:54    protocol: None
[2026-03-30T16:38:54.712+0000] {subprocess.py:106} INFO - [0m16:38:54    connect_retries: 1
[2026-03-30T16:38:54.713+0000] {subprocess.py:106} INFO - [0m16:38:54    connect_timeout: None
[2026-03-30T16:38:54.713+0000] {subprocess.py:106} INFO - [0m16:38:54    retry_on_database_errors: False
[2026-03-30T16:38:54.713+0000] {subprocess.py:106} INFO - [0m16:38:54    retry_all: False
[2026-03-30T16:38:54.713+0000] {subprocess.py:106} INFO - [0m16:38:54    insecure_mode: False
[2026-03-30T16:38:54.714+0000] {subprocess.py:106} INFO - [0m16:38:54    reuse_connections: True
[2026-03-30T16:38:54.714+0000] {subprocess.py:106} INFO - [0m16:38:54    s3_stage_vpce_dns_name: None
[2026-03-30T16:38:54.715+0000] {subprocess.py:106} INFO - [0m16:38:54    platform_detection_timeout_seconds: 0.0
[2026-03-30T16:38:54.715+0000] {subprocess.py:106} INFO - [0m16:38:54  Registered adapter: snowflake=1.11.3
[2026-03-30T16:38:56.762+0000] {subprocess.py:106} INFO - [0m16:38:56    Connection test: [[32mOK connection ok[0m]
[2026-03-30T16:38:56.763+0000] {subprocess.py:106} INFO - 
[2026-03-30T16:38:56.764+0000] {subprocess.py:106} INFO - [0m16:38:56  [31m1 check failed:[0m
[2026-03-30T16:38:56.764+0000] {subprocess.py:106} INFO - [0m16:38:56  Error from git --help: Could not find command, ensure it is in the user's PATH: "git"
[2026-03-30T16:38:56.764+0000] {subprocess.py:106} INFO - 
[2026-03-30T16:38:58.968+0000] {subprocess.py:110} INFO - Command exited with return code 1
[2026-03-30T16:38:58.972+0000] {taskinstance.py:441} INFO - ::group::Post task execution logs
[2026-03-30T16:38:58.989+0000] {taskinstance.py:2905} ERROR - Task failed with exception
Traceback (most recent call last):
  File "/home/airflow/.local/lib/python3.12/site-packages/airflow/models/taskinstance.py", line 465, in _execute_task
    result = _execute_callable(context=context, **execute_callable_kwargs)
             ^^^^^^^^^^^^^^^^^^^^^^^^^^^^^^^^^^^^^^^^^^^^^^^^^^^^^^^^^^^^^
  File "/home/airflow/.local/lib/python3.12/site-packages/airflow/models/taskinstance.py", line 432, in _execute_callable
    return execute_callable(context=context, **execute_callable_kwargs)
           ^^^^^^^^^^^^^^^^^^^^^^^^^^^^^^^^^^^^^^^^^^^^^^^^^^^^^^^^^^^^
  File "/home/airflow/.local/lib/python3.12/site-packages/airflow/models/baseoperator.py", line 401, in wrapper
    return func(self, *args, **kwargs)
           ^^^^^^^^^^^^^^^^^^^^^^^^^^^
  File "/home/airflow/.local/lib/python3.12/site-packages/airflow/providers/standard/operators/bash.py", line 233, in execute
    raise AirflowException(
airflow.exceptions.AirflowException: Bash command failed. The command returned a non-zero exit code 1.
[2026-03-30T16:38:58.996+0000] {taskinstance.py:1206} INFO - Marking task as UP_FOR_RETRY. dag_id=banking_01_bronze_layer, task_id=debug, run_id=scheduled__2026-03-30T15:30:00+00:00, execution_date=20260330T153000, start_date=20260330T163852, end_date=20260330T163858
[2026-03-30T16:38:59.011+0000] {standard_task_runner.py:110} ERROR - Failed to execute job 8131 for task debug (Bash command failed. The command returned a non-zero exit code 1.; 13234)
[2026-03-30T16:38:59.036+0000] {local_task_job_runner.py:243} INFO - Task exited with return code 1
[2026-03-30T16:38:59.055+0000] {taskinstance.py:3503} INFO - 0 downstream tasks scheduled from follow-on schedule check
[2026-03-30T16:38:59.057+0000] {local_task_job_runner.py:222} INFO - ::endgroup::
